Command line invocation:
    /Applications/Xcode.app/Contents/Developer/usr/bin/xcodebuild build -scheme Wishie

Resolve Package Graph


Resolved source packages:
  GoogleUtilities: https://github.com/google/GoogleUtilities.git @ 8.1.0
  swift-http-types: https://github.com/apple/swift-http-types.git @ 1.5.1
  swift-clocks: https://github.com/pointfreeco/swift-clocks @ 1.0.6
  swift-crypto: https://github.com/apple/swift-crypto.git @ 4.2.0
  GoogleAdsOnDeviceConversion: https://github.com/googleads/google-ads-on-device-conversion-ios-sdk @ 3.5.0
  xctest-dynamic-overlay: https://github.com/pointfreeco/xctest-dynamic-overlay @ 1.8.0
  SDWebImageSwiftUI: https://github.com/SDWebImage/SDWebImageSwiftUI.git @ 3.1.4
  SDWebImage: https://github.com/SDWebImage/SDWebImage.git @ 5.21.7
  AppCheck: https://github.com/google/app-check.git @ 11.2.0
  Supabase: https://github.com/supabase-community/supabase-swift @ 2.38.1
  abseil: https://github.com/google/abseil-cpp-binary.git @ 1.2024072200.0
  gRPC: https://github.com/google/grpc-binary.git @ 1.69.1
  GoogleAppMeasurement: https://github.com/google/GoogleAppMeasurement.git @ 12.13.0
  Firebase: https://github.com/firebase/firebase-ios-sdk @ 12.13.0
  Promises: https://github.com/google/promises.git @ 2.4.0
  nanopb: https://github.com/firebase/nanopb.git @ 2.30910.0
  leveldb: https://github.com/firebase/leveldb.git @ 1.22.5
  GoogleDataTransport: https://github.com/google/GoogleDataTransport.git @ 10.1.0
  GTMSessionFetcher: https://github.com/google/gtm-session-fetcher.git @ 5.0.0
  swift-asn1: https://github.com/apple/swift-asn1.git @ 1.5.1
  DotLottie: https://github.com/LottieFiles/dotlottie-ios.git @ main (13db175)
  swift-concurrency-extras: https://github.com/pointfreeco/swift-concurrency-extras @ 1.3.2
  InteropForGoogle: https://github.com/google/interop-ios-for-google-sdks.git @ 101.0.0

--- xcodebuild: WARNING: Using the first of multiple matching destinations:
{ platform:iOS, id:dvtdevice-DVTiPhonePlaceholder-iphoneos:placeholder, name:Any iOS Device }
{ platform:iOS Simulator, id:dvtdevice-DVTiOSDeviceSimulatorPlaceholder-iphonesimulator:placeholder, name:Any iOS Simulator Device }
{ platform:iOS Simulator, arch:arm64, id:89A268A3-BFCC-4424-912A-BF0FE43ECD34, OS:18.6, name:iPad (A16) }
{ platform:iOS Simulator, arch:x86_64, id:89A268A3-BFCC-4424-912A-BF0FE43ECD34, OS:18.6, name:iPad (A16) }
{ platform:iOS Simulator, arch:arm64, id:DF682A4B-0125-498A-9D9C-5251D0F2D219, OS:26.0, name:iPad (A16) }
{ platform:iOS Simulator, arch:x86_64, id:DF682A4B-0125-498A-9D9C-5251D0F2D219, OS:26.0, name:iPad (A16) }
{ platform:iOS Simulator, arch:arm64, id:7F1C120D-DCA8-4DBF-BEA7-BF63017162C3, OS:26.2, name:iPad (A16) }
{ platform:iOS Simulator, arch:x86_64, id:7F1C120D-DCA8-4DBF-BEA7-BF63017162C3, OS:26.2, name:iPad (A16) }
{ platform:iOS Simulator, arch:arm64, id:986E052A-539A-4173-97F6-291E0CA982CC, OS:18.6, name:iPad Air 11-inch (M3) }
{ platform:iOS Simulator, arch:x86_64, id:986E052A-539A-4173-97F6-291E0CA982CC, OS:18.6, name:iPad Air 11-inch (M3) }
{ platform:iOS Simulator, arch:arm64, id:3DB6FA93-5345-44ED-9834-88CCE0199AA5, OS:26.0, name:iPad Air 11-inch (M3) }
{ platform:iOS Simulator, arch:x86_64, id:3DB6FA93-5345-44ED-9834-88CCE0199AA5, OS:26.0, name:iPad Air 11-inch (M3) }
{ platform:iOS Simulator, arch:arm64, id:28A642E9-553B-44A7-8065-6CF8DF2ED6F8, OS:26.2, name:iPad Air 11-inch (M3) }
{ platform:iOS Simulator, arch:x86_64, id:28A642E9-553B-44A7-8065-6CF8DF2ED6F8, OS:26.2, name:iPad Air 11-inch (M3) }
{ platform:iOS Simulator, arch:arm64, id:AF166353-F15C-4179-9AB3-E77344FFA9DC, OS:18.6, name:iPad Air 13-inch (M3) }
{ platform:iOS Simulator, arch:x86_64, id:AF166353-F15C-4179-9AB3-E77344FFA9DC, OS:18.6, name:iPad Air 13-inch (M3) }
{ platform:iOS Simulator, arch:arm64, id:B6C3788E-91B4-4383-BB8F-D3796ECD7B0C, OS:26.0, name:iPad Air 13-inch (M3) }
{ platform:iOS Simulator, arch:x86_64, id:B6C3788E-91B4-4383-BB8F-D3796ECD7B0C, OS:26.0, name:iPad Air 13-inch (M3) }
{ platform:iOS Simulator, arch:arm64, id:10526876-3D1E-45D7-AF9A-6F1C62689591, OS:26.2, name:iPad Air 13-inch (M3) }
{ platform:iOS Simulator, arch:x86_64, id:10526876-3D1E-45D7-AF9A-6F1C62689591, OS:26.2, name:iPad Air 13-inch (M3) }
{ platform:iOS Simulator, arch:arm64, id:4E0404DB-A2D2-479E-97FF-FF07835F14D1, OS:18.6, name:iPad Pro 11-inch (M4) }
{ platform:iOS Simulator, arch:x86_64, id:4E0404DB-A2D2-479E-97FF-FF07835F14D1, OS:18.6, name:iPad Pro 11-inch (M4) }
{ platform:iOS Simulator, arch:arm64, id:6CF7EAF1-EFF7-4359-A1F5-B61A604DE0D2, OS:26.0, name:iPad Pro 11-inch (M4) }
{ platform:iOS Simulator, arch:x86_64, id:6CF7EAF1-EFF7-4359-A1F5-B61A604DE0D2, OS:26.0, name:iPad Pro 11-inch (M4) }
{ platform:iOS Simulator, arch:arm64, id:70208C0C-BE66-4508-BD8E-B80D17404030, OS:26.0, name:iPad Pro 11-inch (M5) }
{ platform:iOS Simulator, arch:x86_64, id:70208C0C-BE66-4508-BD8E-B80D17404030, OS:26.0, name:iPad Pro 11-inch (M5) }
{ platform:iOS Simulator, arch:arm64, id:1A9B77CA-02C2-4CDD-8693-F90EE578CA48, OS:26.2, name:iPad Pro 11-inch (M5) }
{ platform:iOS Simulator, arch:x86_64, id:1A9B77CA-02C2-4CDD-8693-F90EE578CA48, OS:26.2, name:iPad Pro 11-inch (M5) }
{ platform:iOS Simulator, arch:arm64, id:079C30D9-D82B-4DF5-BC8D-E69EAF89EEA4, OS:18.6, name:iPad Pro 13-inch (M4) }
{ platform:iOS Simulator, arch:x86_64, id:079C30D9-D82B-4DF5-BC8D-E69EAF89EEA4, OS:18.6, name:iPad Pro 13-inch (M4) }
{ platform:iOS Simulator, arch:arm64, id:9DAC4536-FB64-4EFB-B3BD-378174EDD240, OS:26.0, name:iPad Pro 13-inch (M4) }
{ platform:iOS Simulator, arch:x86_64, id:9DAC4536-FB64-4EFB-B3BD-378174EDD240, OS:26.0, name:iPad Pro 13-inch (M4) }
{ platform:iOS Simulator, arch:arm64, id:53055B56-894D-499F-9704-A9D3427A3A6B, OS:26.0, name:iPad Pro 13-inch (M5) }
{ platform:iOS Simulator, arch:x86_64, id:53055B56-894D-499F-9704-A9D3427A3A6B, OS:26.0, name:iPad Pro 13-inch (M5) }
{ platform:iOS Simulator, arch:arm64, id:979C6915-AE0B-4E5E-9B7E-B904CD84BC0C, OS:26.2, name:iPad Pro 13-inch (M5) }
{ platform:iOS Simulator, arch:x86_64, id:979C6915-AE0B-4E5E-9B7E-B904CD84BC0C, OS:26.2, name:iPad Pro 13-inch (M5) }
{ platform:iOS Simulator, arch:arm64, id:9193089A-2CFC-4C69-8437-B07DD91DE936, OS:18.6, name:iPad mini (A17 Pro) }
{ platform:iOS Simulator, arch:x86_64, id:9193089A-2CFC-4C69-8437-B07DD91DE936, OS:18.6, name:iPad mini (A17 Pro) }
{ platform:iOS Simulator, arch:arm64, id:B137DD0A-853E-4AA1-9E8F-9DBAE0D22CF5, OS:26.0, name:iPad mini (A17 Pro) }
{ platform:iOS Simulator, arch:x86_64, id:B137DD0A-853E-4AA1-9E8F-9DBAE0D22CF5, OS:26.0, name:iPad mini (A17 Pro) }
{ platform:iOS Simulator, arch:arm64, id:61D332F7-85E8-4EFD-B7DA-FE93E82A5360, OS:26.2, name:iPad mini (A17 Pro) }
{ platform:iOS Simulator, arch:x86_64, id:61D332F7-85E8-4EFD-B7DA-FE93E82A5360, OS:26.2, name:iPad mini (A17 Pro) }
{ platform:iOS Simulator, arch:arm64, id:193481C8-4057-44DC-A6A3-3587D38EA3BE, OS:18.6, name:iPhone 16 }
{ platform:iOS Simulator, arch:x86_64, id:193481C8-4057-44DC-A6A3-3587D38EA3BE, OS:18.6, name:iPhone 16 }
{ platform:iOS Simulator, arch:arm64, id:05BB49E9-DA58-4DFC-9BB7-036122F9F91A, OS:26.0, name:iPhone 16 }
{ platform:iOS Simulator, arch:x86_64, id:05BB49E9-DA58-4DFC-9BB7-036122F9F91A, OS:26.0, name:iPhone 16 }
{ platform:iOS Simulator, arch:arm64, id:D4E4FC43-AE51-4EF3-A6C1-1F144B9053A0, OS:18.6, name:iPhone 16 Plus }
{ platform:iOS Simulator, arch:x86_64, id:D4E4FC43-AE51-4EF3-A6C1-1F144B9053A0, OS:18.6, name:iPhone 16 Plus }
{ platform:iOS Simulator, arch:arm64, id:20CF8C4E-274F-45ED-90AE-85DEF9F9A2D1, OS:26.0, name:iPhone 16 Plus }
{ platform:iOS Simulator, arch:x86_64, id:20CF8C4E-274F-45ED-90AE-85DEF9F9A2D1, OS:26.0, name:iPhone 16 Plus }
{ platform:iOS Simulator, arch:arm64, id:673F10F1-4DB5-4D6D-8F1E-63A16228D5E7, OS:18.6, name:iPhone 16 Pro }
{ platform:iOS Simulator, arch:x86_64, id:673F10F1-4DB5-4D6D-8F1E-63A16228D5E7, OS:18.6, name:iPhone 16 Pro }
{ platform:iOS Simulator, arch:arm64, id:6FFF004D-FBD4-459B-915C-27AAD9EDF91D, OS:26.0, name:iPhone 16 Pro }
{ platform:iOS Simulator, arch:x86_64, id:6FFF004D-FBD4-459B-915C-27AAD9EDF91D, OS:26.0, name:iPhone 16 Pro }
{ platform:iOS Simulator, arch:arm64, id:A72C79D4-EC8E-4C0E-B9E1-232F3AF75641, OS:18.6, name:iPhone 16 Pro Max }
{ platform:iOS Simulator, arch:x86_64, id:A72C79D4-EC8E-4C0E-B9E1-232F3AF75641, OS:18.6, name:iPhone 16 Pro Max }
{ platform:iOS Simulator, arch:arm64, id:A6E8C1B0-91B2-4A53-B53D-30D6ECE5103A, OS:26.0, name:iPhone 16 Pro Max }
{ platform:iOS Simulator, arch:x86_64, id:A6E8C1B0-91B2-4A53-B53D-30D6ECE5103A, OS:26.0, name:iPhone 16 Pro Max }
{ platform:iOS Simulator, arch:arm64, id:47F777E0-C835-4623-B210-DB601C442E52, OS:18.6, name:iPhone 16e }
{ platform:iOS Simulator, arch:x86_64, id:47F777E0-C835-4623-B210-DB601C442E52, OS:18.6, name:iPhone 16e }
{ platform:iOS Simulator, arch:arm64, id:705A150D-4EC9-492F-94CD-A01E5E63D31E, OS:26.0, name:iPhone 16e }
{ platform:iOS Simulator, arch:x86_64, id:705A150D-4EC9-492F-94CD-A01E5E63D31E, OS:26.0, name:iPhone 16e }
{ platform:iOS Simulator, arch:arm64, id:A38FA5E7-6E87-4710-B12E-A2BFA8A7B9CD, OS:26.2, name:iPhone 16e }
{ platform:iOS Simulator, arch:x86_64, id:A38FA5E7-6E87-4710-B12E-A2BFA8A7B9CD, OS:26.2, name:iPhone 16e }
{ platform:iOS Simulator, arch:arm64, id:BBDB9BEC-7A77-4723-B680-5F84F3E0DDE5, OS:26.0, name:iPhone 17 }
{ platform:iOS Simulator, arch:x86_64, id:BBDB9BEC-7A77-4723-B680-5F84F3E0DDE5, OS:26.0, name:iPhone 17 }
{ platform:iOS Simulator, arch:arm64, id:A4CEAD8C-52B4-4644-AEF0-FA080890F178, OS:26.2, name:iPhone 17 }
{ platform:iOS Simulator, arch:x86_64, id:A4CEAD8C-52B4-4644-AEF0-FA080890F178, OS:26.2, name:iPhone 17 }
{ platform:iOS Simulator, arch:arm64, id:142EAE1B-27CA-4F8F-8480-3A7063F3E0B3, OS:26.0, name:iPhone 17 Pro }
{ platform:iOS Simulator, arch:x86_64, id:142EAE1B-27CA-4F8F-8480-3A7063F3E0B3, OS:26.0, name:iPhone 17 Pro }
{ platform:iOS Simulator, arch:arm64, id:ECDBC034-C39C-47BB-AD2A-E38E7EBBB291, OS:26.2, name:iPhone 17 Pro }
{ platform:iOS Simulator, arch:x86_64, id:ECDBC034-C39C-47BB-AD2A-E38E7EBBB291, OS:26.2, name:iPhone 17 Pro }
{ platform:iOS Simulator, arch:arm64, id:ADBBF86C-58C7-4E03-AE24-66BB99F5298A, OS:26.0, name:iPhone 17 Pro Max }
{ platform:iOS Simulator, arch:x86_64, id:ADBBF86C-58C7-4E03-AE24-66BB99F5298A, OS:26.0, name:iPhone 17 Pro Max }
{ platform:iOS Simulator, arch:arm64, id:17551A27-F0C0-43E1-A922-DE3B6E33B79B, OS:26.2, name:iPhone 17 Pro Max }
{ platform:iOS Simulator, arch:x86_64, id:17551A27-F0C0-43E1-A922-DE3B6E33B79B, OS:26.2, name:iPhone 17 Pro Max }
{ platform:iOS Simulator, arch:arm64, id:26F78877-AC53-44AE-ABC4-1BBEF8465D73, OS:26.0, name:iPhone Air }
{ platform:iOS Simulator, arch:x86_64, id:26F78877-AC53-44AE-ABC4-1BBEF8465D73, OS:26.0, name:iPhone Air }
{ platform:iOS Simulator, arch:arm64, id:A12FB6A4-2497-42EC-A180-6366499CF503, OS:26.2, name:iPhone Air }
{ platform:iOS Simulator, arch:x86_64, id:A12FB6A4-2497-42EC-A180-6366499CF503, OS:26.2, name:iPhone Air }
{ platform:iOS, arch:arm64, id:00008101-000344242200801E, name:Khang nè! }
ComputePackagePrebuildTargetDependencyGraph

Prepare packages

CreateBuildRequest

SendProjectDescription

CreateBuildOperation

ComputeTargetDependencyGraph
note: Building targets in dependency order
note: Target dependency graph (91 targets)
    Target 'Wishie' in project 'Wishie'
        ➜ Explicit dependency on target 'Supabase' in project 'Supabase'
        ➜ Explicit dependency on target 'FirebaseAuth' in project 'Firebase'
        ➜ Explicit dependency on target 'Auth' in project 'Supabase'
        ➜ Explicit dependency on target 'SDWebImageSwiftUI' in project 'SDWebImageSwiftUI'
        ➜ Explicit dependency on target 'FirebaseCore' in project 'Firebase'
        ➜ Explicit dependency on target 'FirebaseFirestore' in project 'Firebase'
        ➜ Explicit dependency on target 'DotLottie' in project 'DotLottie'
        ➜ Explicit dependency on target 'Storage' in project 'Supabase'
    Target 'Storage' in project 'Supabase'
        ➜ Explicit dependency on target 'Storage' in project 'Supabase'
        ➜ Explicit dependency on target 'Helpers' in project 'Supabase'
        ➜ Explicit dependency on target 'ConcurrencyExtras' in project 'swift-concurrency-extras'
        ➜ Explicit dependency on target 'HTTPTypes' in project 'swift-http-types'
        ➜ Explicit dependency on target 'Clocks' in project 'swift-clocks'
        ➜ Explicit dependency on target 'XCTestDynamicOverlay' in project 'xctest-dynamic-overlay'
    Target 'DotLottie' in project 'DotLottie'
        ➜ Explicit dependency on target 'DotLottie' in project 'DotLottie'
    Target 'DotLottie' in project 'DotLottie' (no dependencies)
    Target 'FirebaseFirestore' in project 'Firebase'
        ➜ Explicit dependency on target 'FirebaseFirestoreTarget' in project 'Firebase'
        ➜ Explicit dependency on target 'FirebaseFirestoreInternalWrapper' in project 'Firebase'
        ➜ Explicit dependency on target 'FirebaseAppCheckInterop' in project 'Firebase'
        ➜ Explicit dependency on target 'Firebase' in project 'Firebase'
        ➜ Explicit dependency on target 'FirebaseCoreInternal' in project 'Firebase'
        ➜ Explicit dependency on target 'FirebaseCore' in project 'Firebase'
        ➜ Explicit dependency on target 'FirebaseCoreExtension' in project 'Firebase'
        ➜ Explicit dependency on target 'FirebaseSharedSwift' in project 'Firebase'
        ➜ Explicit dependency on target 'FirebaseFirestore' in project 'Firebase'
        ➜ Explicit dependency on target 'GULNSData' in project 'GoogleUtilities'
        ➜ Explicit dependency on target 'GULEnvironment' in project 'GoogleUtilities'
        ➜ Explicit dependency on target 'GULLogger' in project 'GoogleUtilities'
        ➜ Explicit dependency on target 'abseil' in project 'abseil'
        ➜ Explicit dependency on target 'gRPC-C++' in project 'gRPC'
        ➜ Explicit dependency on target 'nanopb' in project 'nanopb'
        ➜ Explicit dependency on target 'leveldb' in project 'leveldb'
    Target 'FirebaseFirestoreTarget' in project 'Firebase'
        ➜ Explicit dependency on target 'FirebaseFirestoreInternalWrapper' in project 'Firebase'
        ➜ Explicit dependency on target 'FirebaseAppCheckInterop' in project 'Firebase'
        ➜ Explicit dependency on target 'Firebase' in project 'Firebase'
        ➜ Explicit dependency on target 'FirebaseCoreInternal' in project 'Firebase'
        ➜ Explicit dependency on target 'FirebaseCore' in project 'Firebase'
        ➜ Explicit dependency on target 'FirebaseCoreExtension' in project 'Firebase'
        ➜ Explicit dependency on target 'FirebaseSharedSwift' in project 'Firebase'
        ➜ Explicit dependency on target 'FirebaseFirestore' in project 'Firebase'
        ➜ Explicit dependency on target 'GULNSData' in project 'GoogleUtilities'
        ➜ Explicit dependency on target 'GULEnvironment' in project 'GoogleUtilities'
        ➜ Explicit dependency on target 'GULLogger' in project 'GoogleUtilities'
        ➜ Explicit dependency on target 'abseil' in project 'abseil'
        ➜ Explicit dependency on target 'gRPC-C++' in project 'gRPC'
        ➜ Explicit dependency on target 'nanopb' in project 'nanopb'
        ➜ Explicit dependency on target 'leveldb' in project 'leveldb'
    Target 'FirebaseFirestore' in project 'Firebase'
        ➜ Explicit dependency on target 'Firebase_FirebaseFirestore' in project 'Firebase'
        ➜ Explicit dependency on target 'FirebaseFirestoreInternalWrapper' in project 'Firebase'
        ➜ Explicit dependency on target 'FirebaseAppCheckInterop' in project 'Firebase'
        ➜ Explicit dependency on target 'Firebase' in project 'Firebase'
        ➜ Explicit dependency on target 'FirebaseCoreInternal' in project 'Firebase'
        ➜ Explicit dependency on target 'FirebaseCore' in project 'Firebase'
        ➜ Explicit dependency on target 'FirebaseCoreExtension' in project 'Firebase'
        ➜ Explicit dependency on target 'FirebaseSharedSwift' in project 'Firebase'
        ➜ Explicit dependency on target 'GULNSData' in project 'GoogleUtilities'
        ➜ Explicit dependency on target 'GULEnvironment' in project 'GoogleUtilities'
        ➜ Explicit dependency on target 'GULLogger' in project 'GoogleUtilities'
        ➜ Explicit dependency on target 'abseil' in project 'abseil'
        ➜ Explicit dependency on target 'gRPC-C++' in project 'gRPC'
        ➜ Explicit dependency on target 'nanopb' in project 'nanopb'
        ➜ Explicit dependency on target 'leveldb' in project 'leveldb'
    Target 'leveldb' in project 'leveldb'
        ➜ Explicit dependency on target 'leveldb' in project 'leveldb'
        ➜ Explicit dependency on target 'leveldb_leveldb' in project 'leveldb'
    Target 'leveldb' in project 'leveldb'
        ➜ Explicit dependency on target 'leveldb_leveldb' in project 'leveldb'
    Target 'leveldb_leveldb' in project 'leveldb' (no dependencies)
    Target 'nanopb' in project 'nanopb'
        ➜ Explicit dependency on target 'nanopb' in project 'nanopb'
        ➜ Explicit dependency on target 'nanopb_nanopb' in project 'nanopb'
    Target 'nanopb' in project 'nanopb'
        ➜ Explicit dependency on target 'nanopb_nanopb' in project 'nanopb'
    Target 'nanopb_nanopb' in project 'nanopb' (no dependencies)
    Target 'gRPC-C++' in project 'gRPC'
        ➜ Explicit dependency on target 'grpcppWrapper' in project 'gRPC'
        ➜ Explicit dependency on target 'gRPC_grpcppWrapper' in project 'gRPC'
        ➜ Explicit dependency on target 'grpcWrapper' in project 'gRPC'
        ➜ Explicit dependency on target 'opensslWrapper' in project 'gRPC'
        ➜ Explicit dependency on target 'abseil' in project 'abseil'
    Target 'grpcppWrapper' in project 'gRPC'
        ➜ Explicit dependency on target 'gRPC_grpcppWrapper' in project 'gRPC'
        ➜ Explicit dependency on target 'grpcWrapper' in project 'gRPC'
        ➜ Explicit dependency on target 'opensslWrapper' in project 'gRPC'
        ➜ Explicit dependency on target 'abseil' in project 'abseil'
    Target 'opensslWrapper' in project 'gRPC'
        ➜ Explicit dependency on target 'gRPC_opensslWrapper' in project 'gRPC'
    Target 'gRPC_opensslWrapper' in project 'gRPC' (no dependencies)
    Target 'grpcWrapper' in project 'gRPC'
        ➜ Explicit dependency on target 'gRPC_grpcWrapper' in project 'gRPC'
    Target 'gRPC_grpcWrapper' in project 'gRPC' (no dependencies)
    Target 'gRPC_grpcppWrapper' in project 'gRPC' (no dependencies)
    Target 'abseil' in project 'abseil'
        ➜ Explicit dependency on target 'abslWrapper' in project 'abseil'
        ➜ Explicit dependency on target 'abseil_abslWrapper' in project 'abseil'
    Target 'abslWrapper' in project 'abseil'
        ➜ Explicit dependency on target 'abseil_abslWrapper' in project 'abseil'
    Target 'abseil_abslWrapper' in project 'abseil' (no dependencies)
    Target 'Firebase_FirebaseFirestore' in project 'Firebase' (no dependencies)
    Target 'FirebaseSharedSwift' in project 'Firebase' (no dependencies)
    Target 'FirebaseFirestoreInternalWrapper' in project 'Firebase' (no dependencies)
    Target 'FirebaseCore' in project 'Firebase'
        ➜ Explicit dependency on target 'FirebaseCore' in project 'Firebase'
        ➜ Explicit dependency on target 'Firebase_FirebaseCore' in project 'Firebase'
        ➜ Explicit dependency on target 'Firebase' in project 'Firebase'
        ➜ Explicit dependency on target 'FirebaseCoreInternal' in project 'Firebase'
        ➜ Explicit dependency on target 'GULNSData' in project 'GoogleUtilities'
        ➜ Explicit dependency on target 'GULEnvironment' in project 'GoogleUtilities'
        ➜ Explicit dependency on target 'GULLogger' in project 'GoogleUtilities'
    Target 'SDWebImageSwiftUI' in project 'SDWebImageSwiftUI'
        ➜ Explicit dependency on target 'SDWebImageSwiftUI' in project 'SDWebImageSwiftUI'
        ➜ Explicit dependency on target 'SDWebImageSwiftUI_SDWebImageSwiftUI' in project 'SDWebImageSwiftUI'
        ➜ Explicit dependency on target 'SDWebImage' in project 'SDWebImage'
    Target 'SDWebImageSwiftUI' in project 'SDWebImageSwiftUI'
        ➜ Explicit dependency on target 'SDWebImageSwiftUI_SDWebImageSwiftUI' in project 'SDWebImageSwiftUI'
        ➜ Explicit dependency on target 'SDWebImage' in project 'SDWebImage'
    Target 'SDWebImage' in project 'SDWebImage'
        ➜ Explicit dependency on target 'SDWebImage' in project 'SDWebImage'
        ➜ Explicit dependency on target 'SDWebImage_SDWebImage' in project 'SDWebImage'
    Target 'SDWebImage' in project 'SDWebImage'
        ➜ Explicit dependency on target 'SDWebImage_SDWebImage' in project 'SDWebImage'
    Target 'SDWebImage_SDWebImage' in project 'SDWebImage' (no dependencies)
    Target 'SDWebImageSwiftUI_SDWebImageSwiftUI' in project 'SDWebImageSwiftUI' (no dependencies)
    Target 'Auth' in project 'Supabase'
        ➜ Explicit dependency on target 'Auth' in project 'Supabase'
        ➜ Explicit dependency on target 'Helpers' in project 'Supabase'
        ➜ Explicit dependency on target 'ConcurrencyExtras' in project 'swift-concurrency-extras'
        ➜ Explicit dependency on target 'HTTPTypes' in project 'swift-http-types'
        ➜ Explicit dependency on target 'Clocks' in project 'swift-clocks'
        ➜ Explicit dependency on target 'XCTestDynamicOverlay' in project 'xctest-dynamic-overlay'
        ➜ Explicit dependency on target 'Crypto' in project 'swift-crypto'
    Target 'FirebaseAuth' in project 'Firebase'
        ➜ Explicit dependency on target 'FirebaseAuth' in project 'Firebase'
        ➜ Explicit dependency on target 'Firebase_FirebaseAuth' in project 'Firebase'
        ➜ Explicit dependency on target 'FirebaseAppCheckInterop' in project 'Firebase'
        ➜ Explicit dependency on target 'FirebaseAuthInterop' in project 'Firebase'
        ➜ Explicit dependency on target 'FirebaseAuthInternal' in project 'Firebase'
        ➜ Explicit dependency on target 'Firebase' in project 'Firebase'
        ➜ Explicit dependency on target 'FirebaseCoreInternal' in project 'Firebase'
        ➜ Explicit dependency on target 'FirebaseCore' in project 'Firebase'
        ➜ Explicit dependency on target 'FirebaseCoreExtension' in project 'Firebase'
        ➜ Explicit dependency on target 'RecaptchaInterop' in project 'InteropForGoogle'
        ➜ Explicit dependency on target 'GULNSData' in project 'GoogleUtilities'
        ➜ Explicit dependency on target 'GULEnvironment' in project 'GoogleUtilities'
        ➜ Explicit dependency on target 'GULLogger' in project 'GoogleUtilities'
        ➜ Explicit dependency on target 'GULAppDelegateSwizzler' in project 'GoogleUtilities'
        ➜ Explicit dependency on target 'GTMSessionFetcherCore' in project 'GTMSessionFetcher'
    Target 'FirebaseAuth' in project 'Firebase'
        ➜ Explicit dependency on target 'Firebase_FirebaseAuth' in project 'Firebase'
        ➜ Explicit dependency on target 'FirebaseAppCheckInterop' in project 'Firebase'
        ➜ Explicit dependency on target 'FirebaseAuthInterop' in project 'Firebase'
        ➜ Explicit dependency on target 'FirebaseAuthInternal' in project 'Firebase'
        ➜ Explicit dependency on target 'Firebase' in project 'Firebase'
        ➜ Explicit dependency on target 'FirebaseCoreInternal' in project 'Firebase'
        ➜ Explicit dependency on target 'FirebaseCore' in project 'Firebase'
        ➜ Explicit dependency on target 'FirebaseCoreExtension' in project 'Firebase'
        ➜ Explicit dependency on target 'RecaptchaInterop' in project 'InteropForGoogle'
        ➜ Explicit dependency on target 'GULNSData' in project 'GoogleUtilities'
        ➜ Explicit dependency on target 'GULEnvironment' in project 'GoogleUtilities'
        ➜ Explicit dependency on target 'GULLogger' in project 'GoogleUtilities'
        ➜ Explicit dependency on target 'GULAppDelegateSwizzler' in project 'GoogleUtilities'
        ➜ Explicit dependency on target 'GTMSessionFetcherCore' in project 'GTMSessionFetcher'
    Target 'GTMSessionFetcherCore' in project 'GTMSessionFetcher'
        ➜ Explicit dependency on target 'GTMSessionFetcherCore' in project 'GTMSessionFetcher'
        ➜ Explicit dependency on target 'GTMSessionFetcher_GTMSessionFetcherCore' in project 'GTMSessionFetcher'
    Target 'GTMSessionFetcherCore' in project 'GTMSessionFetcher'
        ➜ Explicit dependency on target 'GTMSessionFetcher_GTMSessionFetcherCore' in project 'GTMSessionFetcher'
    Target 'GTMSessionFetcher_GTMSessionFetcherCore' in project 'GTMSessionFetcher' (no dependencies)
    Target 'GULAppDelegateSwizzler' in project 'GoogleUtilities'
        ➜ Explicit dependency on target 'GoogleUtilities-AppDelegateSwizzler' in project 'GoogleUtilities'
        ➜ Explicit dependency on target 'GoogleUtilities_GoogleUtilities-AppDelegateSwizzler' in project 'GoogleUtilities'
        ➜ Explicit dependency on target 'third-party-IsAppEncrypted' in project 'GoogleUtilities'
        ➜ Explicit dependency on target 'GoogleUtilities-Environment' in project 'GoogleUtilities'
        ➜ Explicit dependency on target 'GoogleUtilities-Logger' in project 'GoogleUtilities'
        ➜ Explicit dependency on target 'GoogleUtilities-NSData' in project 'GoogleUtilities'
        ➜ Explicit dependency on target 'GoogleUtilities-Reachability' in project 'GoogleUtilities'
        ➜ Explicit dependency on target 'GoogleUtilities-Network' in project 'GoogleUtilities'
    Target 'GoogleUtilities-AppDelegateSwizzler' in project 'GoogleUtilities'
        ➜ Explicit dependency on target 'GoogleUtilities_GoogleUtilities-AppDelegateSwizzler' in project 'GoogleUtilities'
        ➜ Explicit dependency on target 'third-party-IsAppEncrypted' in project 'GoogleUtilities'
        ➜ Explicit dependency on target 'GoogleUtilities-Environment' in project 'GoogleUtilities'
        ➜ Explicit dependency on target 'GoogleUtilities-Logger' in project 'GoogleUtilities'
        ➜ Explicit dependency on target 'GoogleUtilities-NSData' in project 'GoogleUtilities'
        ➜ Explicit dependency on target 'GoogleUtilities-Reachability' in project 'GoogleUtilities'
        ➜ Explicit dependency on target 'GoogleUtilities-Network' in project 'GoogleUtilities'
    Target 'GoogleUtilities-Network' in project 'GoogleUtilities'
        ➜ Explicit dependency on target 'GoogleUtilities_GoogleUtilities-Network' in project 'GoogleUtilities'
        ➜ Explicit dependency on target 'third-party-IsAppEncrypted' in project 'GoogleUtilities'
        ➜ Explicit dependency on target 'GoogleUtilities-Environment' in project 'GoogleUtilities'
        ➜ Explicit dependency on target 'GoogleUtilities-Logger' in project 'GoogleUtilities'
        ➜ Explicit dependency on target 'GoogleUtilities-NSData' in project 'GoogleUtilities'
        ➜ Explicit dependency on target 'GoogleUtilities-Reachability' in project 'GoogleUtilities'
    Target 'GoogleUtilities_GoogleUtilities-Network' in project 'GoogleUtilities' (no dependencies)
    Target 'GoogleUtilities-Reachability' in project 'GoogleUtilities'
        ➜ Explicit dependency on target 'GoogleUtilities_GoogleUtilities-Reachability' in project 'GoogleUtilities'
        ➜ Explicit dependency on target 'third-party-IsAppEncrypted' in project 'GoogleUtilities'
        ➜ Explicit dependency on target 'GoogleUtilities-Environment' in project 'GoogleUtilities'
        ➜ Explicit dependency on target 'GoogleUtilities-Logger' in project 'GoogleUtilities'
    Target 'GoogleUtilities_GoogleUtilities-Reachability' in project 'GoogleUtilities' (no dependencies)
    Target 'GoogleUtilities_GoogleUtilities-AppDelegateSwizzler' in project 'GoogleUtilities' (no dependencies)
    Target 'FirebaseCoreExtension' in project 'Firebase'
        ➜ Explicit dependency on target 'Firebase_FirebaseCoreExtension' in project 'Firebase'
    Target 'Firebase_FirebaseCoreExtension' in project 'Firebase' (no dependencies)
    Target 'FirebaseCore' in project 'Firebase'
        ➜ Explicit dependency on target 'Firebase_FirebaseCore' in project 'Firebase'
        ➜ Explicit dependency on target 'Firebase' in project 'Firebase'
        ➜ Explicit dependency on target 'FirebaseCoreInternal' in project 'Firebase'
        ➜ Explicit dependency on target 'GULNSData' in project 'GoogleUtilities'
        ➜ Explicit dependency on target 'GULEnvironment' in project 'GoogleUtilities'
        ➜ Explicit dependency on target 'GULLogger' in project 'GoogleUtilities'
    Target 'GULLogger' in project 'GoogleUtilities'
        ➜ Explicit dependency on target 'GoogleUtilities-Logger' in project 'GoogleUtilities'
        ➜ Explicit dependency on target 'GoogleUtilities_GoogleUtilities-Logger' in project 'GoogleUtilities'
        ➜ Explicit dependency on target 'third-party-IsAppEncrypted' in project 'GoogleUtilities'
        ➜ Explicit dependency on target 'GoogleUtilities-Environment' in project 'GoogleUtilities'
    Target 'GoogleUtilities-Logger' in project 'GoogleUtilities'
        ➜ Explicit dependency on target 'GoogleUtilities_GoogleUtilities-Logger' in project 'GoogleUtilities'
        ➜ Explicit dependency on target 'third-party-IsAppEncrypted' in project 'GoogleUtilities'
        ➜ Explicit dependency on target 'GoogleUtilities-Environment' in project 'GoogleUtilities'
    Target 'GoogleUtilities_GoogleUtilities-Logger' in project 'GoogleUtilities' (no dependencies)
    Target 'GULEnvironment' in project 'GoogleUtilities'
        ➜ Explicit dependency on target 'GoogleUtilities-Environment' in project 'GoogleUtilities'
        ➜ Explicit dependency on target 'GoogleUtilities_GoogleUtilities-Environment' in project 'GoogleUtilities'
        ➜ Explicit dependency on target 'third-party-IsAppEncrypted' in project 'GoogleUtilities'
    Target 'GoogleUtilities-Environment' in project 'GoogleUtilities'
        ➜ Explicit dependency on target 'GoogleUtilities_GoogleUtilities-Environment' in project 'GoogleUtilities'
        ➜ Explicit dependency on target 'third-party-IsAppEncrypted' in project 'GoogleUtilities'
    Target 'third-party-IsAppEncrypted' in project 'GoogleUtilities' (no dependencies)
    Target 'GoogleUtilities_GoogleUtilities-Environment' in project 'GoogleUtilities' (no dependencies)
    Target 'Firebase_FirebaseCore' in project 'Firebase' (no dependencies)
    Target 'FirebaseCoreInternal' in project 'Firebase'
        ➜ Explicit dependency on target 'Firebase_FirebaseCoreInternal' in project 'Firebase'
        ➜ Explicit dependency on target 'GULNSData' in project 'GoogleUtilities'
    Target 'GULNSData' in project 'GoogleUtilities'
        ➜ Explicit dependency on target 'GoogleUtilities-NSData' in project 'GoogleUtilities'
        ➜ Explicit dependency on target 'GoogleUtilities_GoogleUtilities-NSData' in project 'GoogleUtilities'
    Target 'GoogleUtilities-NSData' in project 'GoogleUtilities'
        ➜ Explicit dependency on target 'GoogleUtilities_GoogleUtilities-NSData' in project 'GoogleUtilities'
    Target 'GoogleUtilities_GoogleUtilities-NSData' in project 'GoogleUtilities' (no dependencies)
    Target 'Firebase_FirebaseCoreInternal' in project 'Firebase' (no dependencies)
    Target 'Firebase' in project 'Firebase' (no dependencies)
    Target 'FirebaseAuthInternal' in project 'Firebase'
        ➜ Explicit dependency on target 'RecaptchaInterop' in project 'InteropForGoogle'
    Target 'RecaptchaInterop' in project 'InteropForGoogle'
        ➜ Explicit dependency on target 'RecaptchaInterop' in project 'InteropForGoogle'
    Target 'RecaptchaInterop' in project 'InteropForGoogle' (no dependencies)
    Target 'FirebaseAuthInterop' in project 'Firebase' (no dependencies)
    Target 'FirebaseAppCheckInterop' in project 'Firebase' (no dependencies)
    Target 'Firebase_FirebaseAuth' in project 'Firebase' (no dependencies)
    Target 'Supabase' in project 'Supabase'
        ➜ Explicit dependency on target 'Supabase' in project 'Supabase'
        ➜ Explicit dependency on target 'Functions' in project 'Supabase'
        ➜ Explicit dependency on target 'PostgREST' in project 'Supabase'
        ➜ Explicit dependency on target 'Auth' in project 'Supabase'
        ➜ Explicit dependency on target 'Realtime' in project 'Supabase'
        ➜ Explicit dependency on target 'Storage' in project 'Supabase'
        ➜ Explicit dependency on target 'Helpers' in project 'Supabase'
        ➜ Explicit dependency on target 'ConcurrencyExtras' in project 'swift-concurrency-extras'
        ➜ Explicit dependency on target 'HTTPTypes' in project 'swift-http-types'
        ➜ Explicit dependency on target 'Clocks' in project 'swift-clocks'
        ➜ Explicit dependency on target 'XCTestDynamicOverlay' in project 'xctest-dynamic-overlay'
        ➜ Explicit dependency on target 'Crypto' in project 'swift-crypto'
        ➜ Explicit dependency on target 'IssueReporting' in project 'xctest-dynamic-overlay'
    Target 'Supabase' in project 'Supabase'
        ➜ Explicit dependency on target 'Helpers' in project 'Supabase'
        ➜ Explicit dependency on target 'Auth' in project 'Supabase'
        ➜ Explicit dependency on target 'Functions' in project 'Supabase'
        ➜ Explicit dependency on target 'PostgREST' in project 'Supabase'
        ➜ Explicit dependency on target 'Realtime' in project 'Supabase'
        ➜ Explicit dependency on target 'Storage' in project 'Supabase'
        ➜ Explicit dependency on target 'ConcurrencyExtras' in project 'swift-concurrency-extras'
        ➜ Explicit dependency on target 'HTTPTypes' in project 'swift-http-types'
        ➜ Explicit dependency on target 'Clocks' in project 'swift-clocks'
        ➜ Explicit dependency on target 'XCTestDynamicOverlay' in project 'xctest-dynamic-overlay'
        ➜ Explicit dependency on target 'Crypto' in project 'swift-crypto'
        ➜ Explicit dependency on target 'IssueReporting' in project 'xctest-dynamic-overlay'
    Target 'Storage' in project 'Supabase'
        ➜ Explicit dependency on target 'Helpers' in project 'Supabase'
        ➜ Explicit dependency on target 'ConcurrencyExtras' in project 'swift-concurrency-extras'
        ➜ Explicit dependency on target 'HTTPTypes' in project 'swift-http-types'
        ➜ Explicit dependency on target 'Clocks' in project 'swift-clocks'
        ➜ Explicit dependency on target 'XCTestDynamicOverlay' in project 'xctest-dynamic-overlay'
    Target 'Realtime' in project 'Supabase'
        ➜ Explicit dependency on target 'Helpers' in project 'Supabase'
        ➜ Explicit dependency on target 'ConcurrencyExtras' in project 'swift-concurrency-extras'
        ➜ Explicit dependency on target 'HTTPTypes' in project 'swift-http-types'
        ➜ Explicit dependency on target 'Clocks' in project 'swift-clocks'
        ➜ Explicit dependency on target 'XCTestDynamicOverlay' in project 'xctest-dynamic-overlay'
        ➜ Explicit dependency on target 'IssueReporting' in project 'xctest-dynamic-overlay'
    Target 'PostgREST' in project 'Supabase'
        ➜ Explicit dependency on target 'Helpers' in project 'Supabase'
        ➜ Explicit dependency on target 'ConcurrencyExtras' in project 'swift-concurrency-extras'
        ➜ Explicit dependency on target 'HTTPTypes' in project 'swift-http-types'
        ➜ Explicit dependency on target 'Clocks' in project 'swift-clocks'
        ➜ Explicit dependency on target 'XCTestDynamicOverlay' in project 'xctest-dynamic-overlay'
    Target 'Functions' in project 'Supabase'
        ➜ Explicit dependency on target 'Helpers' in project 'Supabase'
        ➜ Explicit dependency on target 'ConcurrencyExtras' in project 'swift-concurrency-extras'
        ➜ Explicit dependency on target 'HTTPTypes' in project 'swift-http-types'
        ➜ Explicit dependency on target 'Clocks' in project 'swift-clocks'
        ➜ Explicit dependency on target 'XCTestDynamicOverlay' in project 'xctest-dynamic-overlay'
    Target 'Auth' in project 'Supabase'
        ➜ Explicit dependency on target 'Helpers' in project 'Supabase'
        ➜ Explicit dependency on target 'ConcurrencyExtras' in project 'swift-concurrency-extras'
        ➜ Explicit dependency on target 'HTTPTypes' in project 'swift-http-types'
        ➜ Explicit dependency on target 'Clocks' in project 'swift-clocks'
        ➜ Explicit dependency on target 'XCTestDynamicOverlay' in project 'xctest-dynamic-overlay'
        ➜ Explicit dependency on target 'Crypto' in project 'swift-crypto'
    Target 'Crypto' in project 'swift-crypto'
        ➜ Explicit dependency on target 'Crypto' in project 'swift-crypto'
        ➜ Explicit dependency on target 'swift-crypto_Crypto' in project 'swift-crypto'
    Target 'Crypto' in project 'swift-crypto'
        ➜ Explicit dependency on target 'swift-crypto_Crypto' in project 'swift-crypto'
    Target 'swift-crypto_Crypto' in project 'swift-crypto' (no dependencies)
    Target 'Helpers' in project 'Supabase'
        ➜ Explicit dependency on target 'ConcurrencyExtras' in project 'swift-concurrency-extras'
        ➜ Explicit dependency on target 'HTTPTypes' in project 'swift-http-types'
        ➜ Explicit dependency on target 'Clocks' in project 'swift-clocks'
        ➜ Explicit dependency on target 'XCTestDynamicOverlay' in project 'xctest-dynamic-overlay'
    Target 'XCTestDynamicOverlay' in project 'xctest-dynamic-overlay'
        ➜ Explicit dependency on target 'XCTestDynamicOverlay' in project 'xctest-dynamic-overlay'
        ➜ Explicit dependency on target 'IssueReportingPackageSupport' in project 'xctest-dynamic-overlay'
        ➜ Explicit dependency on target 'IssueReporting' in project 'xctest-dynamic-overlay'
    Target 'XCTestDynamicOverlay' in project 'xctest-dynamic-overlay'
        ➜ Explicit dependency on target 'IssueReportingPackageSupport' in project 'xctest-dynamic-overlay'
        ➜ Explicit dependency on target 'IssueReporting' in project 'xctest-dynamic-overlay'
    Target 'Clocks' in project 'swift-clocks'
        ➜ Explicit dependency on target 'Clocks' in project 'swift-clocks'
        ➜ Explicit dependency on target 'ConcurrencyExtras' in project 'swift-concurrency-extras'
        ➜ Explicit dependency on target 'IssueReporting' in project 'xctest-dynamic-overlay'
    Target 'Clocks' in project 'swift-clocks'
        ➜ Explicit dependency on target 'ConcurrencyExtras' in project 'swift-concurrency-extras'
        ➜ Explicit dependency on target 'IssueReporting' in project 'xctest-dynamic-overlay'
    Target 'IssueReporting' in project 'xctest-dynamic-overlay'
        ➜ Explicit dependency on target 'IssueReporting' in project 'xctest-dynamic-overlay'
        ➜ Explicit dependency on target 'IssueReportingPackageSupport' in project 'xctest-dynamic-overlay'
    Target 'IssueReporting' in project 'xctest-dynamic-overlay'
        ➜ Explicit dependency on target 'IssueReportingPackageSupport' in project 'xctest-dynamic-overlay'
    Target 'IssueReportingPackageSupport' in project 'xctest-dynamic-overlay' (no dependencies)
    Target 'HTTPTypes' in project 'swift-http-types'
        ➜ Explicit dependency on target 'HTTPTypes' in project 'swift-http-types'
    Target 'HTTPTypes' in project 'swift-http-types' (no dependencies)
    Target 'ConcurrencyExtras' in project 'swift-concurrency-extras'
        ➜ Explicit dependency on target 'ConcurrencyExtras' in project 'swift-concurrency-extras'
    Target 'ConcurrencyExtras' in project 'swift-concurrency-extras' (no dependencies)

GatherProvisioningInputs

CreateBuildDescription

ExecuteExternalTool /Applications/Xcode.app/Contents/Developer/Toolchains/XcodeDefault.xctoolchain/usr/bin/swiftc --version

ExecuteExternalTool /Applications/Xcode.app/Contents/Developer/Toolchains/XcodeDefault.xctoolchain/usr/bin/clang -v -E -dM -arch arm64 -isysroot /Applications/Xcode.app/Contents/Developer/Platforms/iPhoneOS.platform/Developer/SDKs/iPhoneOS26.2.sdk -x objective-c -c /dev/null

ExecuteExternalTool /Applications/Xcode.app/Contents/Developer/Toolchains/XcodeDefault.xctoolchain/usr/bin/clang -v -E -dM -isysroot /Applications/Xcode.app/Contents/Developer/Platforms/iPhoneOS.platform/Developer/SDKs/iPhoneOS26.2.sdk -x c -c /dev/null

ExecuteExternalTool /Applications/Xcode.app/Contents/Developer/usr/bin/actool --print-asset-tag-combinations --output-format xml1 /Users/khanghnguyen/Downloads/Wishie/Wishie/Resources/Assets.xcassets

ExecuteExternalTool /Applications/Xcode.app/Contents/Developer/Toolchains/XcodeDefault.xctoolchain/usr/bin/clang -v -E -dM -arch arm64 -isysroot /Applications/Xcode.app/Contents/Developer/Platforms/iPhoneOS.platform/Developer/SDKs/iPhoneOS26.2.sdk -x c -c /dev/null

ExecuteExternalTool /Applications/Xcode.app/Contents/Developer/Toolchains/XcodeDefault.xctoolchain/usr/bin/ld -version_details

ExecuteExternalTool /Applications/Xcode.app/Contents/Developer/Toolchains/XcodeDefault.xctoolchain/usr/bin/clang -v -E -dM -arch arm64 -isysroot /Applications/Xcode.app/Contents/Developer/Platforms/iPhoneOS.platform/Developer/SDKs/iPhoneOS26.2.sdk -x c++ -c /dev/null

ReadFileContents /Applications/Xcode.app/Contents/Developer/Toolchains/XcodeDefault.xctoolchain/usr/share/docc/features.json

ExecuteExternalTool /Applications/Xcode.app/Contents/Developer/usr/bin/actool --version --output-format xml1

Build description signature: 8d50757f359f761008299d1b308b0c26
Build description path: /Users/khanghnguyen/Library/Developer/Xcode/DerivedData/Wishie-gavmeupfwiyxzhaiqkwzocyeeixy/Build/Intermediates.noindex/XCBuildData/8d50757f359f761008299d1b308b0c26.xcbuilddata
ClangStatCache /Applications/Xcode.app/Contents/Developer/Toolchains/XcodeDefault.xctoolchain/usr/bin/clang-stat-cache /Applications/Xcode.app/Contents/Developer/Platforms/iPhoneOS.platform/Developer/SDKs/iPhoneOS26.2.sdk /Users/khanghnguyen/Library/Developer/Xcode/DerivedData/SDKStatCaches.noindex/iphoneos26.2-23C57-3794476bd08197c3e2abd9bb477ef7f7.sdkstatcache
    cd /Users/khanghnguyen/Downloads/Wishie/Wishie.xcodeproj
    /Applications/Xcode.app/Contents/Developer/Toolchains/XcodeDefault.xctoolchain/usr/bin/clang-stat-cache /Applications/Xcode.app/Contents/Developer/Platforms/iPhoneOS.platform/Developer/SDKs/iPhoneOS26.2.sdk -o /Users/khanghnguyen/Library/Developer/Xcode/DerivedData/SDKStatCaches.noindex/iphoneos26.2-23C57-3794476bd08197c3e2abd9bb477ef7f7.sdkstatcache

CreateBuildDirectory /Users/khanghnguyen/Library/Developer/Xcode/DerivedData/Wishie-gavmeupfwiyxzhaiqkwzocyeeixy/Build/Products
    cd /Users/khanghnguyen/Downloads/Wishie/Wishie.xcodeproj
    builtin-create-build-directory /Users/khanghnguyen/Library/Developer/Xcode/DerivedData/Wishie-gavmeupfwiyxzhaiqkwzocyeeixy/Build/Products

CreateBuildDirectory /Users/khanghnguyen/Library/Developer/Xcode/DerivedData/Wishie-gavmeupfwiyxzhaiqkwzocyeeixy/Build/Intermediates.noindex
    cd /Users/khanghnguyen/Downloads/Wishie/Wishie.xcodeproj
    builtin-create-build-directory /Users/khanghnguyen/Library/Developer/Xcode/DerivedData/Wishie-gavmeupfwiyxzhaiqkwzocyeeixy/Build/Intermediates.noindex

CreateBuildDirectory /Users/khanghnguyen/Library/Developer/Xcode/DerivedData/Wishie-gavmeupfwiyxzhaiqkwzocyeeixy/Build/Intermediates.noindex/SwiftExplicitPrecompiledModules
    cd /Users/khanghnguyen/Downloads/Wishie/Wishie.xcodeproj
    builtin-create-build-directory /Users/khanghnguyen/Library/Developer/Xcode/DerivedData/Wishie-gavmeupfwiyxzhaiqkwzocyeeixy/Build/Intermediates.noindex/SwiftExplicitPrecompiledModules

CreateBuildDirectory /Users/khanghnguyen/Library/Developer/Xcode/DerivedData/Wishie-gavmeupfwiyxzhaiqkwzocyeeixy/Build/Products/Debug-iphoneos
    cd /Users/khanghnguyen/Downloads/Wishie/Wishie.xcodeproj
    builtin-create-build-directory /Users/khanghnguyen/Library/Developer/Xcode/DerivedData/Wishie-gavmeupfwiyxzhaiqkwzocyeeixy/Build/Products/Debug-iphoneos

CreateBuildDirectory /Users/khanghnguyen/Library/Developer/Xcode/DerivedData/Wishie-gavmeupfwiyxzhaiqkwzocyeeixy/Build/Intermediates.noindex/ExplicitPrecompiledModules
    cd /Users/khanghnguyen/Downloads/Wishie/Wishie.xcodeproj
    builtin-create-build-directory /Users/khanghnguyen/Library/Developer/Xcode/DerivedData/Wishie-gavmeupfwiyxzhaiqkwzocyeeixy/Build/Intermediates.noindex/ExplicitPrecompiledModules

CreateBuildDirectory /Users/khanghnguyen/Library/Developer/Xcode/DerivedData/Wishie-gavmeupfwiyxzhaiqkwzocyeeixy/Build/Intermediates.noindex/EagerLinkingTBDs/Debug-iphoneos
    cd /Users/khanghnguyen/Downloads/Wishie/Wishie.xcodeproj
    builtin-create-build-directory /Users/khanghnguyen/Library/Developer/Xcode/DerivedData/Wishie-gavmeupfwiyxzhaiqkwzocyeeixy/Build/Intermediates.noindex/EagerLinkingTBDs/Debug-iphoneos

WriteAuxiliaryFile /Users/khanghnguyen/Library/Developer/Xcode/DerivedData/Wishie-gavmeupfwiyxzhaiqkwzocyeeixy/Build/Intermediates.noindex/Wishie.build/Debug-iphoneos/Wishie-1884723903d2fb4d89cb62bedc0c9385-VFS-iphoneos/all-product-headers.yaml
    cd /Users/khanghnguyen/Downloads/Wishie/Wishie.xcodeproj
    write-file /Users/khanghnguyen/Library/Developer/Xcode/DerivedData/Wishie-gavmeupfwiyxzhaiqkwzocyeeixy/Build/Intermediates.noindex/Wishie.build/Debug-iphoneos/Wishie-1884723903d2fb4d89cb62bedc0c9385-VFS-iphoneos/all-product-headers.yaml

CreateBuildDirectory /Users/khanghnguyen/Library/Developer/Xcode/DerivedData/Wishie-gavmeupfwiyxzhaiqkwzocyeeixy/Build/Products/Debug-iphoneos/PackageFrameworks
    cd /Users/khanghnguyen/Downloads/Wishie/Wishie.xcodeproj
    builtin-create-build-directory /Users/khanghnguyen/Library/Developer/Xcode/DerivedData/Wishie-gavmeupfwiyxzhaiqkwzocyeeixy/Build/Products/Debug-iphoneos/PackageFrameworks

WriteAuxiliaryFile /Users/khanghnguyen/Library/Developer/Xcode/DerivedData/Wishie-gavmeupfwiyxzhaiqkwzocyeeixy/Build/Intermediates.noindex/Supabase.build/Debug-iphoneos/Auth.build/Auth.modulemap (in target 'Auth' from project 'Supabase')
    cd /Users/khanghnguyen/Library/Developer/Xcode/DerivedData/Wishie-gavmeupfwiyxzhaiqkwzocyeeixy/SourcePackages/checkouts/supabase-swift
    write-file /Users/khanghnguyen/Library/Developer/Xcode/DerivedData/Wishie-gavmeupfwiyxzhaiqkwzocyeeixy/Build/Intermediates.noindex/Supabase.build/Debug-iphoneos/Auth.build/Auth.modulemap

WriteAuxiliaryFile /Users/khanghnguyen/Library/Developer/Xcode/DerivedData/Wishie-gavmeupfwiyxzhaiqkwzocyeeixy/Build/Intermediates.noindex/GoogleUtilities.build/Debug-iphoneos/GoogleUtilities-AppDelegateSwizzler.build/GoogleUtilities-AppDelegateSwizzler.modulemap (in target 'GoogleUtilities-AppDelegateSwizzler' from project 'GoogleUtilities')
    cd /Users/khanghnguyen/Library/Developer/Xcode/DerivedData/Wishie-gavmeupfwiyxzhaiqkwzocyeeixy/SourcePackages/checkouts/GoogleUtilities
    write-file /Users/khanghnguyen/Library/Developer/Xcode/DerivedData/Wishie-gavmeupfwiyxzhaiqkwzocyeeixy/Build/Intermediates.noindex/GoogleUtilities.build/Debug-iphoneos/GoogleUtilities-AppDelegateSwizzler.build/GoogleUtilities-AppDelegateSwizzler.modulemap

WriteAuxiliaryFile /Users/khanghnguyen/Library/Developer/Xcode/DerivedData/Wishie-gavmeupfwiyxzhaiqkwzocyeeixy/Build/Intermediates.noindex/Supabase.build/Debug-iphoneos/Auth.build/Objects-normal/arm64/Auth-OutputFileMap.json (in target 'Auth' from project 'Supabase')
    cd /Users/khanghnguyen/Library/Developer/Xcode/DerivedData/Wishie-gavmeupfwiyxzhaiqkwzocyeeixy/SourcePackages/checkouts/supabase-swift
    write-file /Users/khanghnguyen/Library/Developer/Xcode/DerivedData/Wishie-gavmeupfwiyxzhaiqkwzocyeeixy/Build/Intermediates.noindex/Supabase.build/Debug-iphoneos/Auth.build/Objects-normal/arm64/Auth-OutputFileMap.json

WriteAuxiliaryFile /Users/khanghnguyen/Library/Developer/Xcode/DerivedData/Wishie-gavmeupfwiyxzhaiqkwzocyeeixy/Build/Intermediates.noindex/Supabase.build/Debug-iphoneos/Auth.build/Objects-normal/arm64/Auth_const_extract_protocols.json (in target 'Auth' from project 'Supabase')
    cd /Users/khanghnguyen/Library/Developer/Xcode/DerivedData/Wishie-gavmeupfwiyxzhaiqkwzocyeeixy/SourcePackages/checkouts/supabase-swift
    write-file /Users/khanghnguyen/Library/Developer/Xcode/DerivedData/Wishie-gavmeupfwiyxzhaiqkwzocyeeixy/Build/Intermediates.noindex/Supabase.build/Debug-iphoneos/Auth.build/Objects-normal/arm64/Auth_const_extract_protocols.json

WriteAuxiliaryFile /Users/khanghnguyen/Library/Developer/Xcode/DerivedData/Wishie-gavmeupfwiyxzhaiqkwzocyeeixy/Build/Intermediates.noindex/Supabase.build/Debug-iphoneos/Auth.build/Objects-normal/arm64/Auth.SwiftConstValuesFileList (in target 'Auth' from project 'Supabase')
    cd /Users/khanghnguyen/Library/Developer/Xcode/DerivedData/Wishie-gavmeupfwiyxzhaiqkwzocyeeixy/SourcePackages/checkouts/supabase-swift
    write-file /Users/khanghnguyen/Library/Developer/Xcode/DerivedData/Wishie-gavmeupfwiyxzhaiqkwzocyeeixy/Build/Intermediates.noindex/Supabase.build/Debug-iphoneos/Auth.build/Objects-normal/arm64/Auth.SwiftConstValuesFileList

WriteAuxiliaryFile /Users/khanghnguyen/Library/Developer/Xcode/DerivedData/Wishie-gavmeupfwiyxzhaiqkwzocyeeixy/Build/Intermediates.noindex/Supabase.build/Debug-iphoneos/Auth.build/Objects-normal/arm64/Auth.SwiftFileList (in target 'Auth' from project 'Supabase')
    cd /Users/khanghnguyen/Library/Developer/Xcode/DerivedData/Wishie-gavmeupfwiyxzhaiqkwzocyeeixy/SourcePackages/checkouts/supabase-swift
    write-file /Users/khanghnguyen/Library/Developer/Xcode/DerivedData/Wishie-gavmeupfwiyxzhaiqkwzocyeeixy/Build/Intermediates.noindex/Supabase.build/Debug-iphoneos/Auth.build/Objects-normal/arm64/Auth.SwiftFileList

WriteAuxiliaryFile /Users/khanghnguyen/Library/Developer/Xcode/DerivedData/Wishie-gavmeupfwiyxzhaiqkwzocyeeixy/Build/Intermediates.noindex/Supabase.build/Debug-iphoneos/Auth.build/Objects-normal/arm64/Auth.LinkFileList (in target 'Auth' from project 'Supabase')
    cd /Users/khanghnguyen/Library/Developer/Xcode/DerivedData/Wishie-gavmeupfwiyxzhaiqkwzocyeeixy/SourcePackages/checkouts/supabase-swift
    write-file /Users/khanghnguyen/Library/Developer/Xcode/DerivedData/Wishie-gavmeupfwiyxzhaiqkwzocyeeixy/Build/Intermediates.noindex/Supabase.build/Debug-iphoneos/Auth.build/Objects-normal/arm64/Auth.LinkFileList

WriteAuxiliaryFile /Users/khanghnguyen/Library/Developer/Xcode/DerivedData/Wishie-gavmeupfwiyxzhaiqkwzocyeeixy/Build/Intermediates.noindex/GoogleUtilities.build/Debug-iphoneos/third-party-IsAppEncrypted.build/third-party-IsAppEncrypted.modulemap (in target 'third-party-IsAppEncrypted' from project 'GoogleUtilities')
    cd /Users/khanghnguyen/Library/Developer/Xcode/DerivedData/Wishie-gavmeupfwiyxzhaiqkwzocyeeixy/SourcePackages/checkouts/GoogleUtilities
    write-file /Users/khanghnguyen/Library/Developer/Xcode/DerivedData/Wishie-gavmeupfwiyxzhaiqkwzocyeeixy/Build/Intermediates.noindex/GoogleUtilities.build/Debug-iphoneos/third-party-IsAppEncrypted.build/third-party-IsAppEncrypted.modulemap

WriteAuxiliaryFile /Users/khanghnguyen/Library/Developer/Xcode/DerivedData/Wishie-gavmeupfwiyxzhaiqkwzocyeeixy/Build/Intermediates.noindex/GoogleUtilities.build/Debug-iphoneos/third-party-IsAppEncrypted.build/third-party-IsAppEncrypted.DependencyStaticMetadataFileList (in target 'third-party-IsAppEncrypted' from project 'GoogleUtilities')
    cd /Users/khanghnguyen/Library/Developer/Xcode/DerivedData/Wishie-gavmeupfwiyxzhaiqkwzocyeeixy/SourcePackages/checkouts/GoogleUtilities
    write-file /Users/khanghnguyen/Library/Developer/Xcode/DerivedData/Wishie-gavmeupfwiyxzhaiqkwzocyeeixy/Build/Intermediates.noindex/GoogleUtilities.build/Debug-iphoneos/third-party-IsAppEncrypted.build/third-party-IsAppEncrypted.DependencyStaticMetadataFileList

WriteAuxiliaryFile /Users/khanghnguyen/Library/Developer/Xcode/DerivedData/Wishie-gavmeupfwiyxzhaiqkwzocyeeixy/Build/Intermediates.noindex/GoogleUtilities.build/Debug-iphoneos/third-party-IsAppEncrypted.build/third-party-IsAppEncrypted.DependencyMetadataFileList (in target 'third-party-IsAppEncrypted' from project 'GoogleUtilities')
    cd /Users/khanghnguyen/Library/Developer/Xcode/DerivedData/Wishie-gavmeupfwiyxzhaiqkwzocyeeixy/SourcePackages/checkouts/GoogleUtilities
    write-file /Users/khanghnguyen/Library/Developer/Xcode/DerivedData/Wishie-gavmeupfwiyxzhaiqkwzocyeeixy/Build/Intermediates.noindex/GoogleUtilities.build/Debug-iphoneos/third-party-IsAppEncrypted.build/third-party-IsAppEncrypted.DependencyMetadataFileList

WriteAuxiliaryFile /Users/khanghnguyen/Library/Developer/Xcode/DerivedData/Wishie-gavmeupfwiyxzhaiqkwzocyeeixy/Build/Intermediates.noindex/GoogleUtilities.build/Debug-iphoneos/third-party-IsAppEncrypted.build/Objects-normal/arm64/third-party-IsAppEncrypted.LinkFileList (in target 'third-party-IsAppEncrypted' from project 'GoogleUtilities')
    cd /Users/khanghnguyen/Library/Developer/Xcode/DerivedData/Wishie-gavmeupfwiyxzhaiqkwzocyeeixy/SourcePackages/checkouts/GoogleUtilities
    write-file /Users/khanghnguyen/Library/Developer/Xcode/DerivedData/Wishie-gavmeupfwiyxzhaiqkwzocyeeixy/Build/Intermediates.noindex/GoogleUtilities.build/Debug-iphoneos/third-party-IsAppEncrypted.build/Objects-normal/arm64/third-party-IsAppEncrypted.LinkFileList

WriteAuxiliaryFile /Users/khanghnguyen/Library/Developer/Xcode/DerivedData/Wishie-gavmeupfwiyxzhaiqkwzocyeeixy/Build/Intermediates.noindex/GoogleUtilities.build/Debug-iphoneos/third-party-IsAppEncrypted.build/Objects-normal/arm64/e6072d4f65d7061329687fe24e3d63a7-common-args.resp (in target 'third-party-IsAppEncrypted' from project 'GoogleUtilities')
    cd /Users/khanghnguyen/Library/Developer/Xcode/DerivedData/Wishie-gavmeupfwiyxzhaiqkwzocyeeixy/SourcePackages/checkouts/GoogleUtilities
    write-file /Users/khanghnguyen/Library/Developer/Xcode/DerivedData/Wishie-gavmeupfwiyxzhaiqkwzocyeeixy/Build/Intermediates.noindex/GoogleUtilities.build/Debug-iphoneos/third-party-IsAppEncrypted.build/Objects-normal/arm64/e6072d4f65d7061329687fe24e3d63a7-common-args.resp
-target arm64-apple-ios12.0 '-std=c99' -fobjc-arc -fmodules -gmodules '-fmodules-cache-path=/Users/khanghnguyen/Library/Developer/Xcode/DerivedData/ModuleCache.noindex' '-fmodule-name=third_party_IsAppEncrypted' -fpascal-strings -O0 -DSWIFT_PACKAGE '-DDEBUG=1' '-DOBJC_OLD_DISPATCH_PROTOTYPES=1' -isysroot /Applications/Xcode.app/Contents/Developer/Platforms/iPhoneOS.platform/Developer/SDKs/iPhoneOS26.2.sdk -g -fprofile-instr-generate -fcoverage-mapping -I/Users/khanghnguyen/Library/Developer/Xcode/DerivedData/Wishie-gavmeupfwiyxzhaiqkwzocyeeixy/Build/Products/Debug-iphoneos/include -I/Users/khanghnguyen/Library/Developer/Xcode/DerivedData/Wishie-gavmeupfwiyxzhaiqkwzocyeeixy/SourcePackages/checkouts/GoogleUtilities/third_party/IsAppEncrypted/Public -I/Users/khanghnguyen/Library/Developer/Xcode/DerivedData/Wishie-gavmeupfwiyxzhaiqkwzocyeeixy/SourcePackages/checkouts/GoogleUtilities -I/Users/khanghnguyen/Library/Developer/Xcode/DerivedData/Wishie-gavmeupfwiyxzhaiqkwzocyeeixy/Build/Intermediates.noindex/GoogleUtilities.build/Debug-iphoneos/third-party-IsAppEncrypted.build/DerivedSources-normal/arm64 -I/Users/khanghnguyen/Library/Developer/Xcode/DerivedData/Wishie-gavmeupfwiyxzhaiqkwzocyeeixy/Build/Intermediates.noindex/GoogleUtilities.build/Debug-iphoneos/third-party-IsAppEncrypted.build/DerivedSources/arm64 -I/Users/khanghnguyen/Library/Developer/Xcode/DerivedData/Wishie-gavmeupfwiyxzhaiqkwzocyeeixy/Build/Intermediates.noindex/GoogleUtilities.build/Debug-iphoneos/third-party-IsAppEncrypted.build/DerivedSources -F/Users/khanghnguyen/Library/Developer/Xcode/DerivedData/Wishie-gavmeupfwiyxzhaiqkwzocyeeixy/Build/Products/Debug-iphoneos -iframework /Applications/Xcode.app/Contents/Developer/Platforms/iPhoneOS.platform/Developer/Library/Frameworks -iframework /Applications/Xcode.app/Contents/Developer/Platforms/iPhoneOS.platform/Developer/SDKs/iPhoneOS26.2.sdk/Developer/Library/Frameworks -DXcode

WriteAuxiliaryFile /Users/khanghnguyen/Library/Developer/Xcode/DerivedData/Wishie-gavmeupfwiyxzhaiqkwzocyeeixy/Build/Intermediates.noindex/swift-crypto.build/Debug-iphoneos/swift-crypto_Crypto.build/swift-crypto_Crypto.DependencyMetadataFileList (in target 'swift-crypto_Crypto' from project 'swift-crypto')
    cd /Users/khanghnguyen/Library/Developer/Xcode/DerivedData/Wishie-gavmeupfwiyxzhaiqkwzocyeeixy/SourcePackages/checkouts/swift-crypto
    write-file /Users/khanghnguyen/Library/Developer/Xcode/DerivedData/Wishie-gavmeupfwiyxzhaiqkwzocyeeixy/Build/Intermediates.noindex/swift-crypto.build/Debug-iphoneos/swift-crypto_Crypto.build/swift-crypto_Crypto.DependencyMetadataFileList

WriteAuxiliaryFile /Users/khanghnguyen/Library/Developer/Xcode/DerivedData/Wishie-gavmeupfwiyxzhaiqkwzocyeeixy/Build/Intermediates.noindex/swift-crypto.build/Debug-iphoneos/swift-crypto_Crypto.build/swift-crypto_Crypto.DependencyStaticMetadataFileList (in target 'swift-crypto_Crypto' from project 'swift-crypto')
    cd /Users/khanghnguyen/Library/Developer/Xcode/DerivedData/Wishie-gavmeupfwiyxzhaiqkwzocyeeixy/SourcePackages/checkouts/swift-crypto
    write-file /Users/khanghnguyen/Library/Developer/Xcode/DerivedData/Wishie-gavmeupfwiyxzhaiqkwzocyeeixy/Build/Intermediates.noindex/swift-crypto.build/Debug-iphoneos/swift-crypto_Crypto.build/swift-crypto_Crypto.DependencyStaticMetadataFileList

WriteAuxiliaryFile /Users/khanghnguyen/Library/Developer/Xcode/DerivedData/Wishie-gavmeupfwiyxzhaiqkwzocyeeixy/Build/Intermediates.noindex/swift-crypto.build/Debug-iphoneos/swift-crypto_Crypto.build/empty-swift-crypto_Crypto.plist (in target 'swift-crypto_Crypto' from project 'swift-crypto')
    cd /Users/khanghnguyen/Library/Developer/Xcode/DerivedData/Wishie-gavmeupfwiyxzhaiqkwzocyeeixy/SourcePackages/checkouts/swift-crypto
    write-file /Users/khanghnguyen/Library/Developer/Xcode/DerivedData/Wishie-gavmeupfwiyxzhaiqkwzocyeeixy/Build/Intermediates.noindex/swift-crypto.build/Debug-iphoneos/swift-crypto_Crypto.build/empty-swift-crypto_Crypto.plist

WriteAuxiliaryFile /Users/khanghnguyen/Library/Developer/Xcode/DerivedData/Wishie-gavmeupfwiyxzhaiqkwzocyeeixy/Build/Intermediates.noindex/nanopb.build/Debug-iphoneos/nanopb_nanopb.build/nanopb_nanopb.DependencyStaticMetadataFileList (in target 'nanopb_nanopb' from project 'nanopb')
    cd /Users/khanghnguyen/Library/Developer/Xcode/DerivedData/Wishie-gavmeupfwiyxzhaiqkwzocyeeixy/SourcePackages/checkouts/nanopb
    write-file /Users/khanghnguyen/Library/Developer/Xcode/DerivedData/Wishie-gavmeupfwiyxzhaiqkwzocyeeixy/Build/Intermediates.noindex/nanopb.build/Debug-iphoneos/nanopb_nanopb.build/nanopb_nanopb.DependencyStaticMetadataFileList

WriteAuxiliaryFile /Users/khanghnguyen/Library/Developer/Xcode/DerivedData/Wishie-gavmeupfwiyxzhaiqkwzocyeeixy/Build/Intermediates.noindex/nanopb.build/Debug-iphoneos/nanopb_nanopb.build/nanopb_nanopb.DependencyMetadataFileList (in target 'nanopb_nanopb' from project 'nanopb')
    cd /Users/khanghnguyen/Library/Developer/Xcode/DerivedData/Wishie-gavmeupfwiyxzhaiqkwzocyeeixy/SourcePackages/checkouts/nanopb
    write-file /Users/khanghnguyen/Library/Developer/Xcode/DerivedData/Wishie-gavmeupfwiyxzhaiqkwzocyeeixy/Build/Intermediates.noindex/nanopb.build/Debug-iphoneos/nanopb_nanopb.build/nanopb_nanopb.DependencyMetadataFileList

WriteAuxiliaryFile /Users/khanghnguyen/Library/Developer/Xcode/DerivedData/Wishie-gavmeupfwiyxzhaiqkwzocyeeixy/Build/Intermediates.noindex/nanopb.build/Debug-iphoneos/nanopb_nanopb.build/empty-nanopb_nanopb.plist (in target 'nanopb_nanopb' from project 'nanopb')
    cd /Users/khanghnguyen/Library/Developer/Xcode/DerivedData/Wishie-gavmeupfwiyxzhaiqkwzocyeeixy/SourcePackages/checkouts/nanopb
    write-file /Users/khanghnguyen/Library/Developer/Xcode/DerivedData/Wishie-gavmeupfwiyxzhaiqkwzocyeeixy/Build/Intermediates.noindex/nanopb.build/Debug-iphoneos/nanopb_nanopb.build/empty-nanopb_nanopb.plist

WriteAuxiliaryFile /Users/khanghnguyen/Library/Developer/Xcode/DerivedData/Wishie-gavmeupfwiyxzhaiqkwzocyeeixy/Build/Intermediates.noindex/nanopb.build/Debug-iphoneos/nanopb.build/nanopb.modulemap (in target 'nanopb' from project 'nanopb')
    cd /Users/khanghnguyen/Library/Developer/Xcode/DerivedData/Wishie-gavmeupfwiyxzhaiqkwzocyeeixy/SourcePackages/checkouts/nanopb
    write-file /Users/khanghnguyen/Library/Developer/Xcode/DerivedData/Wishie-gavmeupfwiyxzhaiqkwzocyeeixy/Build/Intermediates.noindex/nanopb.build/Debug-iphoneos/nanopb.build/nanopb.modulemap

WriteAuxiliaryFile /Users/khanghnguyen/Library/Developer/Xcode/DerivedData/Wishie-gavmeupfwiyxzhaiqkwzocyeeixy/Build/Intermediates.noindex/nanopb.build/Debug-iphoneos/nanopb.build/nanopb.DependencyStaticMetadataFileList (in target 'nanopb' from project 'nanopb')
    cd /Users/khanghnguyen/Library/Developer/Xcode/DerivedData/Wishie-gavmeupfwiyxzhaiqkwzocyeeixy/SourcePackages/checkouts/nanopb
    write-file /Users/khanghnguyen/Library/Developer/Xcode/DerivedData/Wishie-gavmeupfwiyxzhaiqkwzocyeeixy/Build/Intermediates.noindex/nanopb.build/Debug-iphoneos/nanopb.build/nanopb.DependencyStaticMetadataFileList

WriteAuxiliaryFile /Users/khanghnguyen/Library/Developer/Xcode/DerivedData/Wishie-gavmeupfwiyxzhaiqkwzocyeeixy/Build/Intermediates.noindex/nanopb.build/Debug-iphoneos/nanopb.build/nanopb.DependencyMetadataFileList (in target 'nanopb' from project 'nanopb')
    cd /Users/khanghnguyen/Library/Developer/Xcode/DerivedData/Wishie-gavmeupfwiyxzhaiqkwzocyeeixy/SourcePackages/checkouts/nanopb
    write-file /Users/khanghnguyen/Library/Developer/Xcode/DerivedData/Wishie-gavmeupfwiyxzhaiqkwzocyeeixy/Build/Intermediates.noindex/nanopb.build/Debug-iphoneos/nanopb.build/nanopb.DependencyMetadataFileList

WriteAuxiliaryFile /Users/khanghnguyen/Library/Developer/Xcode/DerivedData/Wishie-gavmeupfwiyxzhaiqkwzocyeeixy/Build/Intermediates.noindex/nanopb.build/Debug-iphoneos/nanopb.build/Objects-normal/arm64/nanopb.LinkFileList (in target 'nanopb' from project 'nanopb')
    cd /Users/khanghnguyen/Library/Developer/Xcode/DerivedData/Wishie-gavmeupfwiyxzhaiqkwzocyeeixy/SourcePackages/checkouts/nanopb
    write-file /Users/khanghnguyen/Library/Developer/Xcode/DerivedData/Wishie-gavmeupfwiyxzhaiqkwzocyeeixy/Build/Intermediates.noindex/nanopb.build/Debug-iphoneos/nanopb.build/Objects-normal/arm64/nanopb.LinkFileList

WriteAuxiliaryFile /Users/khanghnguyen/Library/Developer/Xcode/DerivedData/Wishie-gavmeupfwiyxzhaiqkwzocyeeixy/Build/Intermediates.noindex/nanopb.build/Debug-iphoneos/nanopb.build/Objects-normal/arm64/e6072d4f65d7061329687fe24e3d63a7-common-args.resp (in target 'nanopb' from project 'nanopb')
    cd /Users/khanghnguyen/Library/Developer/Xcode/DerivedData/Wishie-gavmeupfwiyxzhaiqkwzocyeeixy/SourcePackages/checkouts/nanopb
    write-file /Users/khanghnguyen/Library/Developer/Xcode/DerivedData/Wishie-gavmeupfwiyxzhaiqkwzocyeeixy/Build/Intermediates.noindex/nanopb.build/Debug-iphoneos/nanopb.build/Objects-normal/arm64/e6072d4f65d7061329687fe24e3d63a7-common-args.resp
-target arm64-apple-ios12.0 -fobjc-arc -fmodules -gmodules '-fmodules-cache-path=/Users/khanghnguyen/Library/Developer/Xcode/DerivedData/ModuleCache.noindex' '-fmodule-name=nanopb' -fpascal-strings -O0 -DSWIFT_PACKAGE '-DDEBUG=1' '-DPB_FIELD_32BIT=1' '-DPB_NO_PACKED_STRUCTS=1' '-DPB_ENABLE_MALLOC=1' '-DOBJC_OLD_DISPATCH_PROTOTYPES=1' -isysroot /Applications/Xcode.app/Contents/Developer/Platforms/iPhoneOS.platform/Developer/SDKs/iPhoneOS26.2.sdk -g -fprofile-instr-generate -fcoverage-mapping -I/Users/khanghnguyen/Library/Developer/Xcode/DerivedData/Wishie-gavmeupfwiyxzhaiqkwzocyeeixy/Build/Products/Debug-iphoneos/include -I/Users/khanghnguyen/Library/Developer/Xcode/DerivedData/Wishie-gavmeupfwiyxzhaiqkwzocyeeixy/SourcePackages/checkouts/nanopb/spm_headers -I/Users/khanghnguyen/Library/Developer/Xcode/DerivedData/Wishie-gavmeupfwiyxzhaiqkwzocyeeixy/Build/Intermediates.noindex/nanopb.build/Debug-iphoneos/nanopb.build/DerivedSources-normal/arm64 -I/Users/khanghnguyen/Library/Developer/Xcode/DerivedData/Wishie-gavmeupfwiyxzhaiqkwzocyeeixy/Build/Intermediates.noindex/nanopb.build/Debug-iphoneos/nanopb.build/DerivedSources/arm64 -I/Users/khanghnguyen/Library/Developer/Xcode/DerivedData/Wishie-gavmeupfwiyxzhaiqkwzocyeeixy/Build/Intermediates.noindex/nanopb.build/Debug-iphoneos/nanopb.build/DerivedSources -F/Users/khanghnguyen/Library/Developer/Xcode/DerivedData/Wishie-gavmeupfwiyxzhaiqkwzocyeeixy/Build/Products/Debug-iphoneos -iframework /Applications/Xcode.app/Contents/Developer/Platforms/iPhoneOS.platform/Developer/Library/Frameworks -iframework /Applications/Xcode.app/Contents/Developer/Platforms/iPhoneOS.platform/Developer/SDKs/iPhoneOS26.2.sdk/Developer/Library/Frameworks -DXcode

WriteAuxiliaryFile /Users/khanghnguyen/Library/Developer/Xcode/DerivedData/Wishie-gavmeupfwiyxzhaiqkwzocyeeixy/Build/Intermediates.noindex/nanopb.build/Debug-iphoneos/nanopb.build/Objects-normal/arm64/7187679823f38a2a940e0043cdf9d637-common-args.resp (in target 'nanopb' from project 'nanopb')
    cd /Users/khanghnguyen/Library/Developer/Xcode/DerivedData/Wishie-gavmeupfwiyxzhaiqkwzocyeeixy/SourcePackages/checkouts/nanopb
    write-file /Users/khanghnguyen/Library/Developer/Xcode/DerivedData/Wishie-gavmeupfwiyxzhaiqkwzocyeeixy/Build/Intermediates.noindex/nanopb.build/Debug-iphoneos/nanopb.build/Objects-normal/arm64/7187679823f38a2a940e0043cdf9d637-common-args.resp
-target arm64-apple-ios12.0 -fmodules -gmodules '-fmodules-cache-path=/Users/khanghnguyen/Library/Developer/Xcode/DerivedData/ModuleCache.noindex' '-fmodule-name=nanopb' -fpascal-strings -O0 -DSWIFT_PACKAGE '-DDEBUG=1' '-DPB_FIELD_32BIT=1' '-DPB_NO_PACKED_STRUCTS=1' '-DPB_ENABLE_MALLOC=1' -isysroot /Applications/Xcode.app/Contents/Developer/Platforms/iPhoneOS.platform/Developer/SDKs/iPhoneOS26.2.sdk -g -fprofile-instr-generate -fcoverage-mapping -I/Users/khanghnguyen/Library/Developer/Xcode/DerivedData/Wishie-gavmeupfwiyxzhaiqkwzocyeeixy/Build/Products/Debug-iphoneos/include -I/Users/khanghnguyen/Library/Developer/Xcode/DerivedData/Wishie-gavmeupfwiyxzhaiqkwzocyeeixy/SourcePackages/checkouts/nanopb/spm_headers -I/Users/khanghnguyen/Library/Developer/Xcode/DerivedData/Wishie-gavmeupfwiyxzhaiqkwzocyeeixy/Build/Intermediates.noindex/nanopb.build/Debug-iphoneos/nanopb.build/DerivedSources-normal/arm64 -I/Users/khanghnguyen/Library/Developer/Xcode/DerivedData/Wishie-gavmeupfwiyxzhaiqkwzocyeeixy/Build/Intermediates.noindex/nanopb.build/Debug-iphoneos/nanopb.build/DerivedSources/arm64 -I/Users/khanghnguyen/Library/Developer/Xcode/DerivedData/Wishie-gavmeupfwiyxzhaiqkwzocyeeixy/Build/Intermediates.noindex/nanopb.build/Debug-iphoneos/nanopb.build/DerivedSources -F/Users/khanghnguyen/Library/Developer/Xcode/DerivedData/Wishie-gavmeupfwiyxzhaiqkwzocyeeixy/Build/Products/Debug-iphoneos -iframework /Applications/Xcode.app/Contents/Developer/Platforms/iPhoneOS.platform/Developer/Library/Frameworks -iframework /Applications/Xcode.app/Contents/Developer/Platforms/iPhoneOS.platform/Developer/SDKs/iPhoneOS26.2.sdk/Developer/Library/Frameworks -DXcode

WriteAuxiliaryFile /Users/khanghnguyen/Library/Developer/Xcode/DerivedData/Wishie-gavmeupfwiyxzhaiqkwzocyeeixy/Build/Intermediates.noindex/nanopb.build/Debug-iphoneos/nanopb.build/DerivedSources/resource_bundle_accessor.m (in target 'nanopb' from project 'nanopb')
    cd /Users/khanghnguyen/Library/Developer/Xcode/DerivedData/Wishie-gavmeupfwiyxzhaiqkwzocyeeixy/SourcePackages/checkouts/nanopb
    write-file /Users/khanghnguyen/Library/Developer/Xcode/DerivedData/Wishie-gavmeupfwiyxzhaiqkwzocyeeixy/Build/Intermediates.noindex/nanopb.build/Debug-iphoneos/nanopb.build/DerivedSources/resource_bundle_accessor.m

WriteAuxiliaryFile /Users/khanghnguyen/Library/Developer/Xcode/DerivedData/Wishie-gavmeupfwiyxzhaiqkwzocyeeixy/Build/Intermediates.noindex/nanopb.build/Debug-iphoneos/nanopb.build/DerivedSources/resource_bundle_accessor.h (in target 'nanopb' from project 'nanopb')
    cd /Users/khanghnguyen/Library/Developer/Xcode/DerivedData/Wishie-gavmeupfwiyxzhaiqkwzocyeeixy/SourcePackages/checkouts/nanopb
    write-file /Users/khanghnguyen/Library/Developer/Xcode/DerivedData/Wishie-gavmeupfwiyxzhaiqkwzocyeeixy/Build/Intermediates.noindex/nanopb.build/Debug-iphoneos/nanopb.build/DerivedSources/resource_bundle_accessor.h

WriteAuxiliaryFile /Users/khanghnguyen/Library/Developer/Xcode/DerivedData/Wishie-gavmeupfwiyxzhaiqkwzocyeeixy/Build/Intermediates.noindex/leveldb.build/Debug-iphoneos/leveldb_leveldb.build/leveldb_leveldb.DependencyStaticMetadataFileList (in target 'leveldb_leveldb' from project 'leveldb')
    cd /Users/khanghnguyen/Library/Developer/Xcode/DerivedData/Wishie-gavmeupfwiyxzhaiqkwzocyeeixy/SourcePackages/checkouts/leveldb
    write-file /Users/khanghnguyen/Library/Developer/Xcode/DerivedData/Wishie-gavmeupfwiyxzhaiqkwzocyeeixy/Build/Intermediates.noindex/leveldb.build/Debug-iphoneos/leveldb_leveldb.build/leveldb_leveldb.DependencyStaticMetadataFileList

WriteAuxiliaryFile /Users/khanghnguyen/Library/Developer/Xcode/DerivedData/Wishie-gavmeupfwiyxzhaiqkwzocyeeixy/Build/Intermediates.noindex/leveldb.build/Debug-iphoneos/leveldb_leveldb.build/leveldb_leveldb.DependencyMetadataFileList (in target 'leveldb_leveldb' from project 'leveldb')
    cd /Users/khanghnguyen/Library/Developer/Xcode/DerivedData/Wishie-gavmeupfwiyxzhaiqkwzocyeeixy/SourcePackages/checkouts/leveldb
    write-file /Users/khanghnguyen/Library/Developer/Xcode/DerivedData/Wishie-gavmeupfwiyxzhaiqkwzocyeeixy/Build/Intermediates.noindex/leveldb.build/Debug-iphoneos/leveldb_leveldb.build/leveldb_leveldb.DependencyMetadataFileList

WriteAuxiliaryFile /Users/khanghnguyen/Library/Developer/Xcode/DerivedData/Wishie-gavmeupfwiyxzhaiqkwzocyeeixy/Build/Intermediates.noindex/leveldb.build/Debug-iphoneos/leveldb_leveldb.build/empty-leveldb_leveldb.plist (in target 'leveldb_leveldb' from project 'leveldb')
    cd /Users/khanghnguyen/Library/Developer/Xcode/DerivedData/Wishie-gavmeupfwiyxzhaiqkwzocyeeixy/SourcePackages/checkouts/leveldb
    write-file /Users/khanghnguyen/Library/Developer/Xcode/DerivedData/Wishie-gavmeupfwiyxzhaiqkwzocyeeixy/Build/Intermediates.noindex/leveldb.build/Debug-iphoneos/leveldb_leveldb.build/empty-leveldb_leveldb.plist

WriteAuxiliaryFile /Users/khanghnguyen/Library/Developer/Xcode/DerivedData/Wishie-gavmeupfwiyxzhaiqkwzocyeeixy/Build/Intermediates.noindex/leveldb.build/Debug-iphoneos/leveldb.build/leveldb.modulemap (in target 'leveldb' from project 'leveldb')
    cd /Users/khanghnguyen/Library/Developer/Xcode/DerivedData/Wishie-gavmeupfwiyxzhaiqkwzocyeeixy/SourcePackages/checkouts/leveldb
    write-file /Users/khanghnguyen/Library/Developer/Xcode/DerivedData/Wishie-gavmeupfwiyxzhaiqkwzocyeeixy/Build/Intermediates.noindex/leveldb.build/Debug-iphoneos/leveldb.build/leveldb.modulemap

WriteAuxiliaryFile /Users/khanghnguyen/Library/Developer/Xcode/DerivedData/Wishie-gavmeupfwiyxzhaiqkwzocyeeixy/Build/Intermediates.noindex/leveldb.build/Debug-iphoneos/leveldb.build/leveldb.DependencyStaticMetadataFileList (in target 'leveldb' from project 'leveldb')
    cd /Users/khanghnguyen/Library/Developer/Xcode/DerivedData/Wishie-gavmeupfwiyxzhaiqkwzocyeeixy/SourcePackages/checkouts/leveldb
    write-file /Users/khanghnguyen/Library/Developer/Xcode/DerivedData/Wishie-gavmeupfwiyxzhaiqkwzocyeeixy/Build/Intermediates.noindex/leveldb.build/Debug-iphoneos/leveldb.build/leveldb.DependencyStaticMetadataFileList

WriteAuxiliaryFile /Users/khanghnguyen/Library/Developer/Xcode/DerivedData/Wishie-gavmeupfwiyxzhaiqkwzocyeeixy/Build/Intermediates.noindex/leveldb.build/Debug-iphoneos/leveldb.build/leveldb.DependencyMetadataFileList (in target 'leveldb' from project 'leveldb')
    cd /Users/khanghnguyen/Library/Developer/Xcode/DerivedData/Wishie-gavmeupfwiyxzhaiqkwzocyeeixy/SourcePackages/checkouts/leveldb
    write-file /Users/khanghnguyen/Library/Developer/Xcode/DerivedData/Wishie-gavmeupfwiyxzhaiqkwzocyeeixy/Build/Intermediates.noindex/leveldb.build/Debug-iphoneos/leveldb.build/leveldb.DependencyMetadataFileList

WriteAuxiliaryFile /Users/khanghnguyen/Library/Developer/Xcode/DerivedData/Wishie-gavmeupfwiyxzhaiqkwzocyeeixy/Build/Intermediates.noindex/leveldb.build/Debug-iphoneos/leveldb.build/Objects-normal/arm64/82b82416624d2658e5098eb0a28c15c5-common-args.resp (in target 'leveldb' from project 'leveldb')
    cd /Users/khanghnguyen/Library/Developer/Xcode/DerivedData/Wishie-gavmeupfwiyxzhaiqkwzocyeeixy/SourcePackages/checkouts/leveldb
    write-file /Users/khanghnguyen/Library/Developer/Xcode/DerivedData/Wishie-gavmeupfwiyxzhaiqkwzocyeeixy/Build/Intermediates.noindex/leveldb.build/Debug-iphoneos/leveldb.build/Objects-normal/arm64/82b82416624d2658e5098eb0a28c15c5-common-args.resp
-target arm64-apple-ios12.0 '-std=gnu++14' -fmodules -fno-cxx-modules -gmodules '-fmodules-cache-path=/Users/khanghnguyen/Library/Developer/Xcode/DerivedData/ModuleCache.noindex' '-fmodule-name=leveldb' '-D_LIBCPP_HARDENING_MODE=_LIBCPP_HARDENING_MODE_DEBUG' -fpascal-strings -O0 -DSWIFT_PACKAGE '-DDEBUG=1' '-DLEVELDB_IS_BIG_ENDIAN=0' '-DLEVELDB_PLATFORM_POSIX=1' '-DHAVE_FULLFSYNC=1' -isysroot /Applications/Xcode.app/Contents/Developer/Platforms/iPhoneOS.platform/Developer/SDKs/iPhoneOS26.2.sdk -g -fvisibility-inlines-hidden -fprofile-instr-generate -fcoverage-mapping -I/Users/khanghnguyen/Library/Developer/Xcode/DerivedData/Wishie-gavmeupfwiyxzhaiqkwzocyeeixy/Build/Products/Debug-iphoneos/include -I/Users/khanghnguyen/Library/Developer/Xcode/DerivedData/Wishie-gavmeupfwiyxzhaiqkwzocyeeixy/SourcePackages/checkouts/leveldb/include -I/Users/khanghnguyen/Library/Developer/Xcode/DerivedData/Wishie-gavmeupfwiyxzhaiqkwzocyeeixy/SourcePackages/checkouts/leveldb -I/Users/khanghnguyen/Library/Developer/Xcode/DerivedData/Wishie-gavmeupfwiyxzhaiqkwzocyeeixy/SourcePackages/checkouts/leveldb/include -I/Users/khanghnguyen/Library/Developer/Xcode/DerivedData/Wishie-gavmeupfwiyxzhaiqkwzocyeeixy/Build/Intermediates.noindex/leveldb.build/Debug-iphoneos/leveldb.build/DerivedSources-normal/arm64 -I/Users/khanghnguyen/Library/Developer/Xcode/DerivedData/Wishie-gavmeupfwiyxzhaiqkwzocyeeixy/Build/Intermediates.noindex/leveldb.build/Debug-iphoneos/leveldb.build/DerivedSources/arm64 -I/Users/khanghnguyen/Library/Developer/Xcode/DerivedData/Wishie-gavmeupfwiyxzhaiqkwzocyeeixy/Build/Intermediates.noindex/leveldb.build/Debug-iphoneos/leveldb.build/DerivedSources -F/Users/khanghnguyen/Library/Developer/Xcode/DerivedData/Wishie-gavmeupfwiyxzhaiqkwzocyeeixy/Build/Products/Debug-iphoneos -iframework /Applications/Xcode.app/Contents/Developer/Platforms/iPhoneOS.platform/Developer/Library/Frameworks -iframework /Applications/Xcode.app/Contents/Developer/Platforms/iPhoneOS.platform/Developer/SDKs/iPhoneOS26.2.sdk/Developer/Library/Frameworks -DXcode

WriteAuxiliaryFile /Users/khanghnguyen/Library/Developer/Xcode/DerivedData/Wishie-gavmeupfwiyxzhaiqkwzocyeeixy/Build/Intermediates.noindex/leveldb.build/Debug-iphoneos/leveldb.build/Objects-normal/arm64/leveldb.LinkFileList (in target 'leveldb' from project 'leveldb')
    cd /Users/khanghnguyen/Library/Developer/Xcode/DerivedData/Wishie-gavmeupfwiyxzhaiqkwzocyeeixy/SourcePackages/checkouts/leveldb
    write-file /Users/khanghnguyen/Library/Developer/Xcode/DerivedData/Wishie-gavmeupfwiyxzhaiqkwzocyeeixy/Build/Intermediates.noindex/leveldb.build/Debug-iphoneos/leveldb.build/Objects-normal/arm64/leveldb.LinkFileList

WriteAuxiliaryFile /Users/khanghnguyen/Library/Developer/Xcode/DerivedData/Wishie-gavmeupfwiyxzhaiqkwzocyeeixy/Build/Intermediates.noindex/leveldb.build/Debug-iphoneos/leveldb.build/Objects-normal/arm64/e6072d4f65d7061329687fe24e3d63a7-common-args.resp (in target 'leveldb' from project 'leveldb')
    cd /Users/khanghnguyen/Library/Developer/Xcode/DerivedData/Wishie-gavmeupfwiyxzhaiqkwzocyeeixy/SourcePackages/checkouts/leveldb
    write-file /Users/khanghnguyen/Library/Developer/Xcode/DerivedData/Wishie-gavmeupfwiyxzhaiqkwzocyeeixy/Build/Intermediates.noindex/leveldb.build/Debug-iphoneos/leveldb.build/Objects-normal/arm64/e6072d4f65d7061329687fe24e3d63a7-common-args.resp
-target arm64-apple-ios12.0 -fobjc-arc -fmodules -gmodules '-fmodules-cache-path=/Users/khanghnguyen/Library/Developer/Xcode/DerivedData/ModuleCache.noindex' '-fmodule-name=leveldb' -fpascal-strings -O0 -DSWIFT_PACKAGE '-DDEBUG=1' '-DLEVELDB_IS_BIG_ENDIAN=0' '-DLEVELDB_PLATFORM_POSIX=1' '-DHAVE_FULLFSYNC=1' '-DOBJC_OLD_DISPATCH_PROTOTYPES=1' -isysroot /Applications/Xcode.app/Contents/Developer/Platforms/iPhoneOS.platform/Developer/SDKs/iPhoneOS26.2.sdk -g -fprofile-instr-generate -fcoverage-mapping -I/Users/khanghnguyen/Library/Developer/Xcode/DerivedData/Wishie-gavmeupfwiyxzhaiqkwzocyeeixy/Build/Products/Debug-iphoneos/include -I/Users/khanghnguyen/Library/Developer/Xcode/DerivedData/Wishie-gavmeupfwiyxzhaiqkwzocyeeixy/SourcePackages/checkouts/leveldb/include -I/Users/khanghnguyen/Library/Developer/Xcode/DerivedData/Wishie-gavmeupfwiyxzhaiqkwzocyeeixy/SourcePackages/checkouts/leveldb -I/Users/khanghnguyen/Library/Developer/Xcode/DerivedData/Wishie-gavmeupfwiyxzhaiqkwzocyeeixy/SourcePackages/checkouts/leveldb/include -I/Users/khanghnguyen/Library/Developer/Xcode/DerivedData/Wishie-gavmeupfwiyxzhaiqkwzocyeeixy/Build/Intermediates.noindex/leveldb.build/Debug-iphoneos/leveldb.build/DerivedSources-normal/arm64 -I/Users/khanghnguyen/Library/Developer/Xcode/DerivedData/Wishie-gavmeupfwiyxzhaiqkwzocyeeixy/Build/Intermediates.noindex/leveldb.build/Debug-iphoneos/leveldb.build/DerivedSources/arm64 -I/Users/khanghnguyen/Library/Developer/Xcode/DerivedData/Wishie-gavmeupfwiyxzhaiqkwzocyeeixy/Build/Intermediates.noindex/leveldb.build/Debug-iphoneos/leveldb.build/DerivedSources -F/Users/khanghnguyen/Library/Developer/Xcode/DerivedData/Wishie-gavmeupfwiyxzhaiqkwzocyeeixy/Build/Products/Debug-iphoneos -iframework /Applications/Xcode.app/Contents/Developer/Platforms/iPhoneOS.platform/Developer/Library/Frameworks -iframework /Applications/Xcode.app/Contents/Developer/Platforms/iPhoneOS.platform/Developer/SDKs/iPhoneOS26.2.sdk/Developer/Library/Frameworks -DXcode

WriteAuxiliaryFile /Users/khanghnguyen/Library/Developer/Xcode/DerivedData/Wishie-gavmeupfwiyxzhaiqkwzocyeeixy/Build/Intermediates.noindex/leveldb.build/Debug-iphoneos/leveldb.build/DerivedSources/resource_bundle_accessor.h (in target 'leveldb' from project 'leveldb')
    cd /Users/khanghnguyen/Library/Developer/Xcode/DerivedData/Wishie-gavmeupfwiyxzhaiqkwzocyeeixy/SourcePackages/checkouts/leveldb
    write-file /Users/khanghnguyen/Library/Developer/Xcode/DerivedData/Wishie-gavmeupfwiyxzhaiqkwzocyeeixy/Build/Intermediates.noindex/leveldb.build/Debug-iphoneos/leveldb.build/DerivedSources/resource_bundle_accessor.h

WriteAuxiliaryFile /Users/khanghnguyen/Library/Developer/Xcode/DerivedData/Wishie-gavmeupfwiyxzhaiqkwzocyeeixy/Build/Intermediates.noindex/leveldb.build/Debug-iphoneos/leveldb.build/DerivedSources/resource_bundle_accessor.m (in target 'leveldb' from project 'leveldb')
    cd /Users/khanghnguyen/Library/Developer/Xcode/DerivedData/Wishie-gavmeupfwiyxzhaiqkwzocyeeixy/SourcePackages/checkouts/leveldb
    write-file /Users/khanghnguyen/Library/Developer/Xcode/DerivedData/Wishie-gavmeupfwiyxzhaiqkwzocyeeixy/Build/Intermediates.noindex/leveldb.build/Debug-iphoneos/leveldb.build/DerivedSources/resource_bundle_accessor.m

WriteAuxiliaryFile /Users/khanghnguyen/Library/Developer/Xcode/DerivedData/Wishie-gavmeupfwiyxzhaiqkwzocyeeixy/Build/Intermediates.noindex/gRPC.build/Debug-iphoneos/gRPC_opensslWrapper.build/gRPC_opensslWrapper.DependencyMetadataFileList (in target 'gRPC_opensslWrapper' from project 'gRPC')
    cd /Users/khanghnguyen/Library/Developer/Xcode/DerivedData/Wishie-gavmeupfwiyxzhaiqkwzocyeeixy/SourcePackages/checkouts/grpc-binary
    write-file /Users/khanghnguyen/Library/Developer/Xcode/DerivedData/Wishie-gavmeupfwiyxzhaiqkwzocyeeixy/Build/Intermediates.noindex/gRPC.build/Debug-iphoneos/gRPC_opensslWrapper.build/gRPC_opensslWrapper.DependencyMetadataFileList

WriteAuxiliaryFile /Users/khanghnguyen/Library/Developer/Xcode/DerivedData/Wishie-gavmeupfwiyxzhaiqkwzocyeeixy/Build/Intermediates.noindex/gRPC.build/Debug-iphoneos/gRPC_opensslWrapper.build/gRPC_opensslWrapper.DependencyStaticMetadataFileList (in target 'gRPC_opensslWrapper' from project 'gRPC')
    cd /Users/khanghnguyen/Library/Developer/Xcode/DerivedData/Wishie-gavmeupfwiyxzhaiqkwzocyeeixy/SourcePackages/checkouts/grpc-binary
    write-file /Users/khanghnguyen/Library/Developer/Xcode/DerivedData/Wishie-gavmeupfwiyxzhaiqkwzocyeeixy/Build/Intermediates.noindex/gRPC.build/Debug-iphoneos/gRPC_opensslWrapper.build/gRPC_opensslWrapper.DependencyStaticMetadataFileList

WriteAuxiliaryFile /Users/khanghnguyen/Library/Developer/Xcode/DerivedData/Wishie-gavmeupfwiyxzhaiqkwzocyeeixy/Build/Intermediates.noindex/gRPC.build/Debug-iphoneos/gRPC_opensslWrapper.build/empty-gRPC_opensslWrapper.plist (in target 'gRPC_opensslWrapper' from project 'gRPC')
    cd /Users/khanghnguyen/Library/Developer/Xcode/DerivedData/Wishie-gavmeupfwiyxzhaiqkwzocyeeixy/SourcePackages/checkouts/grpc-binary
    write-file /Users/khanghnguyen/Library/Developer/Xcode/DerivedData/Wishie-gavmeupfwiyxzhaiqkwzocyeeixy/Build/Intermediates.noindex/gRPC.build/Debug-iphoneos/gRPC_opensslWrapper.build/empty-gRPC_opensslWrapper.plist

WriteAuxiliaryFile /Users/khanghnguyen/Library/Developer/Xcode/DerivedData/Wishie-gavmeupfwiyxzhaiqkwzocyeeixy/Build/Intermediates.noindex/gRPC.build/Debug-iphoneos/gRPC_grpcppWrapper.build/empty-gRPC_grpcppWrapper.plist (in target 'gRPC_grpcppWrapper' from project 'gRPC')
    cd /Users/khanghnguyen/Library/Developer/Xcode/DerivedData/Wishie-gavmeupfwiyxzhaiqkwzocyeeixy/SourcePackages/checkouts/grpc-binary
    write-file /Users/khanghnguyen/Library/Developer/Xcode/DerivedData/Wishie-gavmeupfwiyxzhaiqkwzocyeeixy/Build/Intermediates.noindex/gRPC.build/Debug-iphoneos/gRPC_grpcppWrapper.build/empty-gRPC_grpcppWrapper.plist

WriteAuxiliaryFile /Users/khanghnguyen/Library/Developer/Xcode/DerivedData/Wishie-gavmeupfwiyxzhaiqkwzocyeeixy/Build/Intermediates.noindex/gRPC.build/Debug-iphoneos/gRPC_grpcppWrapper.build/gRPC_grpcppWrapper.DependencyStaticMetadataFileList (in target 'gRPC_grpcppWrapper' from project 'gRPC')
    cd /Users/khanghnguyen/Library/Developer/Xcode/DerivedData/Wishie-gavmeupfwiyxzhaiqkwzocyeeixy/SourcePackages/checkouts/grpc-binary
    write-file /Users/khanghnguyen/Library/Developer/Xcode/DerivedData/Wishie-gavmeupfwiyxzhaiqkwzocyeeixy/Build/Intermediates.noindex/gRPC.build/Debug-iphoneos/gRPC_grpcppWrapper.build/gRPC_grpcppWrapper.DependencyStaticMetadataFileList

WriteAuxiliaryFile /Users/khanghnguyen/Library/Developer/Xcode/DerivedData/Wishie-gavmeupfwiyxzhaiqkwzocyeeixy/Build/Intermediates.noindex/gRPC.build/Debug-iphoneos/gRPC_grpcppWrapper.build/gRPC_grpcppWrapper.DependencyMetadataFileList (in target 'gRPC_grpcppWrapper' from project 'gRPC')
    cd /Users/khanghnguyen/Library/Developer/Xcode/DerivedData/Wishie-gavmeupfwiyxzhaiqkwzocyeeixy/SourcePackages/checkouts/grpc-binary
    write-file /Users/khanghnguyen/Library/Developer/Xcode/DerivedData/Wishie-gavmeupfwiyxzhaiqkwzocyeeixy/Build/Intermediates.noindex/gRPC.build/Debug-iphoneos/gRPC_grpcppWrapper.build/gRPC_grpcppWrapper.DependencyMetadataFileList

WriteAuxiliaryFile /Users/khanghnguyen/Library/Developer/Xcode/DerivedData/Wishie-gavmeupfwiyxzhaiqkwzocyeeixy/Build/Intermediates.noindex/gRPC.build/Debug-iphoneos/gRPC_grpcWrapper.build/gRPC_grpcWrapper.DependencyStaticMetadataFileList (in target 'gRPC_grpcWrapper' from project 'gRPC')
    cd /Users/khanghnguyen/Library/Developer/Xcode/DerivedData/Wishie-gavmeupfwiyxzhaiqkwzocyeeixy/SourcePackages/checkouts/grpc-binary
    write-file /Users/khanghnguyen/Library/Developer/Xcode/DerivedData/Wishie-gavmeupfwiyxzhaiqkwzocyeeixy/Build/Intermediates.noindex/gRPC.build/Debug-iphoneos/gRPC_grpcWrapper.build/gRPC_grpcWrapper.DependencyStaticMetadataFileList

WriteAuxiliaryFile /Users/khanghnguyen/Library/Developer/Xcode/DerivedData/Wishie-gavmeupfwiyxzhaiqkwzocyeeixy/Build/Intermediates.noindex/gRPC.build/Debug-iphoneos/gRPC_grpcWrapper.build/gRPC_grpcWrapper.DependencyMetadataFileList (in target 'gRPC_grpcWrapper' from project 'gRPC')
    cd /Users/khanghnguyen/Library/Developer/Xcode/DerivedData/Wishie-gavmeupfwiyxzhaiqkwzocyeeixy/SourcePackages/checkouts/grpc-binary
    write-file /Users/khanghnguyen/Library/Developer/Xcode/DerivedData/Wishie-gavmeupfwiyxzhaiqkwzocyeeixy/Build/Intermediates.noindex/gRPC.build/Debug-iphoneos/gRPC_grpcWrapper.build/gRPC_grpcWrapper.DependencyMetadataFileList

WriteAuxiliaryFile /Users/khanghnguyen/Library/Developer/Xcode/DerivedData/Wishie-gavmeupfwiyxzhaiqkwzocyeeixy/Build/Intermediates.noindex/gRPC.build/Debug-iphoneos/gRPC_grpcWrapper.build/empty-gRPC_grpcWrapper.plist (in target 'gRPC_grpcWrapper' from project 'gRPC')
    cd /Users/khanghnguyen/Library/Developer/Xcode/DerivedData/Wishie-gavmeupfwiyxzhaiqkwzocyeeixy/SourcePackages/checkouts/grpc-binary
    write-file /Users/khanghnguyen/Library/Developer/Xcode/DerivedData/Wishie-gavmeupfwiyxzhaiqkwzocyeeixy/Build/Intermediates.noindex/gRPC.build/Debug-iphoneos/gRPC_grpcWrapper.build/empty-gRPC_grpcWrapper.plist

WriteAuxiliaryFile /Users/khanghnguyen/Library/Developer/Xcode/DerivedData/Wishie-gavmeupfwiyxzhaiqkwzocyeeixy/Build/Intermediates.noindex/abseil.build/Debug-iphoneos/abseil_abslWrapper.build/abseil_abslWrapper.DependencyMetadataFileList (in target 'abseil_abslWrapper' from project 'abseil')
    cd /Users/khanghnguyen/Library/Developer/Xcode/DerivedData/Wishie-gavmeupfwiyxzhaiqkwzocyeeixy/SourcePackages/checkouts/abseil-cpp-binary
    write-file /Users/khanghnguyen/Library/Developer/Xcode/DerivedData/Wishie-gavmeupfwiyxzhaiqkwzocyeeixy/Build/Intermediates.noindex/abseil.build/Debug-iphoneos/abseil_abslWrapper.build/abseil_abslWrapper.DependencyMetadataFileList

WriteAuxiliaryFile /Users/khanghnguyen/Library/Developer/Xcode/DerivedData/Wishie-gavmeupfwiyxzhaiqkwzocyeeixy/Build/Intermediates.noindex/abseil.build/Debug-iphoneos/abseil_abslWrapper.build/empty-abseil_abslWrapper.plist (in target 'abseil_abslWrapper' from project 'abseil')
    cd /Users/khanghnguyen/Library/Developer/Xcode/DerivedData/Wishie-gavmeupfwiyxzhaiqkwzocyeeixy/SourcePackages/checkouts/abseil-cpp-binary
    write-file /Users/khanghnguyen/Library/Developer/Xcode/DerivedData/Wishie-gavmeupfwiyxzhaiqkwzocyeeixy/Build/Intermediates.noindex/abseil.build/Debug-iphoneos/abseil_abslWrapper.build/empty-abseil_abslWrapper.plist

WriteAuxiliaryFile /Users/khanghnguyen/Library/Developer/Xcode/DerivedData/Wishie-gavmeupfwiyxzhaiqkwzocyeeixy/Build/Intermediates.noindex/abseil.build/Debug-iphoneos/abseil_abslWrapper.build/abseil_abslWrapper.DependencyStaticMetadataFileList (in target 'abseil_abslWrapper' from project 'abseil')
    cd /Users/khanghnguyen/Library/Developer/Xcode/DerivedData/Wishie-gavmeupfwiyxzhaiqkwzocyeeixy/SourcePackages/checkouts/abseil-cpp-binary
    write-file /Users/khanghnguyen/Library/Developer/Xcode/DerivedData/Wishie-gavmeupfwiyxzhaiqkwzocyeeixy/Build/Intermediates.noindex/abseil.build/Debug-iphoneos/abseil_abslWrapper.build/abseil_abslWrapper.DependencyStaticMetadataFileList

WriteAuxiliaryFile /Users/khanghnguyen/Library/Developer/Xcode/DerivedData/Wishie-gavmeupfwiyxzhaiqkwzocyeeixy/Build/Intermediates.noindex/xctest-dynamic-overlay.build/Debug-iphoneos/XCTestDynamicOverlay.build/XCTestDynamicOverlay.DependencyStaticMetadataFileList (in target 'XCTestDynamicOverlay' from project 'xctest-dynamic-overlay')
    cd /Users/khanghnguyen/Library/Developer/Xcode/DerivedData/Wishie-gavmeupfwiyxzhaiqkwzocyeeixy/SourcePackages/checkouts/xctest-dynamic-overlay
    write-file /Users/khanghnguyen/Library/Developer/Xcode/DerivedData/Wishie-gavmeupfwiyxzhaiqkwzocyeeixy/Build/Intermediates.noindex/xctest-dynamic-overlay.build/Debug-iphoneos/XCTestDynamicOverlay.build/XCTestDynamicOverlay.DependencyStaticMetadataFileList

WriteAuxiliaryFile /Users/khanghnguyen/Library/Developer/Xcode/DerivedData/Wishie-gavmeupfwiyxzhaiqkwzocyeeixy/Build/Intermediates.noindex/xctest-dynamic-overlay.build/Debug-iphoneos/XCTestDynamicOverlay.build/XCTestDynamicOverlay.modulemap (in target 'XCTestDynamicOverlay' from project 'xctest-dynamic-overlay')
    cd /Users/khanghnguyen/Library/Developer/Xcode/DerivedData/Wishie-gavmeupfwiyxzhaiqkwzocyeeixy/SourcePackages/checkouts/xctest-dynamic-overlay
    write-file /Users/khanghnguyen/Library/Developer/Xcode/DerivedData/Wishie-gavmeupfwiyxzhaiqkwzocyeeixy/Build/Intermediates.noindex/xctest-dynamic-overlay.build/Debug-iphoneos/XCTestDynamicOverlay.build/XCTestDynamicOverlay.modulemap

WriteAuxiliaryFile /Users/khanghnguyen/Library/Developer/Xcode/DerivedData/Wishie-gavmeupfwiyxzhaiqkwzocyeeixy/Build/Intermediates.noindex/xctest-dynamic-overlay.build/Debug-iphoneos/XCTestDynamicOverlay.build/XCTestDynamicOverlay.DependencyMetadataFileList (in target 'XCTestDynamicOverlay' from project 'xctest-dynamic-overlay')
    cd /Users/khanghnguyen/Library/Developer/Xcode/DerivedData/Wishie-gavmeupfwiyxzhaiqkwzocyeeixy/SourcePackages/checkouts/xctest-dynamic-overlay
    write-file /Users/khanghnguyen/Library/Developer/Xcode/DerivedData/Wishie-gavmeupfwiyxzhaiqkwzocyeeixy/Build/Intermediates.noindex/xctest-dynamic-overlay.build/Debug-iphoneos/XCTestDynamicOverlay.build/XCTestDynamicOverlay.DependencyMetadataFileList

WriteAuxiliaryFile /Users/khanghnguyen/Library/Developer/Xcode/DerivedData/Wishie-gavmeupfwiyxzhaiqkwzocyeeixy/Build/Intermediates.noindex/xctest-dynamic-overlay.build/Debug-iphoneos/XCTestDynamicOverlay.build/Objects-normal/arm64/XCTestDynamicOverlay.SwiftConstValuesFileList (in target 'XCTestDynamicOverlay' from project 'xctest-dynamic-overlay')
    cd /Users/khanghnguyen/Library/Developer/Xcode/DerivedData/Wishie-gavmeupfwiyxzhaiqkwzocyeeixy/SourcePackages/checkouts/xctest-dynamic-overlay
    write-file /Users/khanghnguyen/Library/Developer/Xcode/DerivedData/Wishie-gavmeupfwiyxzhaiqkwzocyeeixy/Build/Intermediates.noindex/xctest-dynamic-overlay.build/Debug-iphoneos/XCTestDynamicOverlay.build/Objects-normal/arm64/XCTestDynamicOverlay.SwiftConstValuesFileList

WriteAuxiliaryFile /Users/khanghnguyen/Library/Developer/Xcode/DerivedData/Wishie-gavmeupfwiyxzhaiqkwzocyeeixy/Build/Intermediates.noindex/xctest-dynamic-overlay.build/Debug-iphoneos/XCTestDynamicOverlay.build/Objects-normal/arm64/XCTestDynamicOverlay_const_extract_protocols.json (in target 'XCTestDynamicOverlay' from project 'xctest-dynamic-overlay')
    cd /Users/khanghnguyen/Library/Developer/Xcode/DerivedData/Wishie-gavmeupfwiyxzhaiqkwzocyeeixy/SourcePackages/checkouts/xctest-dynamic-overlay
    write-file /Users/khanghnguyen/Library/Developer/Xcode/DerivedData/Wishie-gavmeupfwiyxzhaiqkwzocyeeixy/Build/Intermediates.noindex/xctest-dynamic-overlay.build/Debug-iphoneos/XCTestDynamicOverlay.build/Objects-normal/arm64/XCTestDynamicOverlay_const_extract_protocols.json

WriteAuxiliaryFile /Users/khanghnguyen/Library/Developer/Xcode/DerivedData/Wishie-gavmeupfwiyxzhaiqkwzocyeeixy/Build/Intermediates.noindex/xctest-dynamic-overlay.build/Debug-iphoneos/XCTestDynamicOverlay.build/Objects-normal/arm64/XCTestDynamicOverlay.SwiftFileList (in target 'XCTestDynamicOverlay' from project 'xctest-dynamic-overlay')
    cd /Users/khanghnguyen/Library/Developer/Xcode/DerivedData/Wishie-gavmeupfwiyxzhaiqkwzocyeeixy/SourcePackages/checkouts/xctest-dynamic-overlay
    write-file /Users/khanghnguyen/Library/Developer/Xcode/DerivedData/Wishie-gavmeupfwiyxzhaiqkwzocyeeixy/Build/Intermediates.noindex/xctest-dynamic-overlay.build/Debug-iphoneos/XCTestDynamicOverlay.build/Objects-normal/arm64/XCTestDynamicOverlay.SwiftFileList

WriteAuxiliaryFile /Users/khanghnguyen/Library/Developer/Xcode/DerivedData/Wishie-gavmeupfwiyxzhaiqkwzocyeeixy/Build/Intermediates.noindex/xctest-dynamic-overlay.build/Debug-iphoneos/XCTestDynamicOverlay.build/Objects-normal/arm64/XCTestDynamicOverlay.LinkFileList (in target 'XCTestDynamicOverlay' from project 'xctest-dynamic-overlay')
    cd /Users/khanghnguyen/Library/Developer/Xcode/DerivedData/Wishie-gavmeupfwiyxzhaiqkwzocyeeixy/SourcePackages/checkouts/xctest-dynamic-overlay
    write-file /Users/khanghnguyen/Library/Developer/Xcode/DerivedData/Wishie-gavmeupfwiyxzhaiqkwzocyeeixy/Build/Intermediates.noindex/xctest-dynamic-overlay.build/Debug-iphoneos/XCTestDynamicOverlay.build/Objects-normal/arm64/XCTestDynamicOverlay.LinkFileList

WriteAuxiliaryFile /Users/khanghnguyen/Library/Developer/Xcode/DerivedData/Wishie-gavmeupfwiyxzhaiqkwzocyeeixy/Build/Intermediates.noindex/xctest-dynamic-overlay.build/Debug-iphoneos/XCTestDynamicOverlay.build/Objects-normal/arm64/XCTestDynamicOverlay-OutputFileMap.json (in target 'XCTestDynamicOverlay' from project 'xctest-dynamic-overlay')
    cd /Users/khanghnguyen/Library/Developer/Xcode/DerivedData/Wishie-gavmeupfwiyxzhaiqkwzocyeeixy/SourcePackages/checkouts/xctest-dynamic-overlay
    write-file /Users/khanghnguyen/Library/Developer/Xcode/DerivedData/Wishie-gavmeupfwiyxzhaiqkwzocyeeixy/Build/Intermediates.noindex/xctest-dynamic-overlay.build/Debug-iphoneos/XCTestDynamicOverlay.build/Objects-normal/arm64/XCTestDynamicOverlay-OutputFileMap.json

WriteAuxiliaryFile /Users/khanghnguyen/Library/Developer/Xcode/DerivedData/Wishie-gavmeupfwiyxzhaiqkwzocyeeixy/Build/Intermediates.noindex/Supabase.build/Debug-iphoneos/Supabase.build/Supabase.DependencyStaticMetadataFileList (in target 'Supabase' from project 'Supabase')
    cd /Users/khanghnguyen/Library/Developer/Xcode/DerivedData/Wishie-gavmeupfwiyxzhaiqkwzocyeeixy/SourcePackages/checkouts/supabase-swift
    write-file /Users/khanghnguyen/Library/Developer/Xcode/DerivedData/Wishie-gavmeupfwiyxzhaiqkwzocyeeixy/Build/Intermediates.noindex/Supabase.build/Debug-iphoneos/Supabase.build/Supabase.DependencyStaticMetadataFileList

WriteAuxiliaryFile /Users/khanghnguyen/Library/Developer/Xcode/DerivedData/Wishie-gavmeupfwiyxzhaiqkwzocyeeixy/Build/Intermediates.noindex/Supabase.build/Debug-iphoneos/Supabase.build/Supabase.modulemap (in target 'Supabase' from project 'Supabase')
    cd /Users/khanghnguyen/Library/Developer/Xcode/DerivedData/Wishie-gavmeupfwiyxzhaiqkwzocyeeixy/SourcePackages/checkouts/supabase-swift
    write-file /Users/khanghnguyen/Library/Developer/Xcode/DerivedData/Wishie-gavmeupfwiyxzhaiqkwzocyeeixy/Build/Intermediates.noindex/Supabase.build/Debug-iphoneos/Supabase.build/Supabase.modulemap

WriteAuxiliaryFile /Users/khanghnguyen/Library/Developer/Xcode/DerivedData/Wishie-gavmeupfwiyxzhaiqkwzocyeeixy/Build/Intermediates.noindex/Supabase.build/Debug-iphoneos/Supabase.build/Supabase.DependencyMetadataFileList (in target 'Supabase' from project 'Supabase')
    cd /Users/khanghnguyen/Library/Developer/Xcode/DerivedData/Wishie-gavmeupfwiyxzhaiqkwzocyeeixy/SourcePackages/checkouts/supabase-swift
    write-file /Users/khanghnguyen/Library/Developer/Xcode/DerivedData/Wishie-gavmeupfwiyxzhaiqkwzocyeeixy/Build/Intermediates.noindex/Supabase.build/Debug-iphoneos/Supabase.build/Supabase.DependencyMetadataFileList

WriteAuxiliaryFile /Users/khanghnguyen/Library/Developer/Xcode/DerivedData/Wishie-gavmeupfwiyxzhaiqkwzocyeeixy/Build/Intermediates.noindex/Supabase.build/Debug-iphoneos/Supabase.build/Objects-normal/arm64/Supabase.SwiftFileList (in target 'Supabase' from project 'Supabase')
    cd /Users/khanghnguyen/Library/Developer/Xcode/DerivedData/Wishie-gavmeupfwiyxzhaiqkwzocyeeixy/SourcePackages/checkouts/supabase-swift
    write-file /Users/khanghnguyen/Library/Developer/Xcode/DerivedData/Wishie-gavmeupfwiyxzhaiqkwzocyeeixy/Build/Intermediates.noindex/Supabase.build/Debug-iphoneos/Supabase.build/Objects-normal/arm64/Supabase.SwiftFileList

WriteAuxiliaryFile /Users/khanghnguyen/Library/Developer/Xcode/DerivedData/Wishie-gavmeupfwiyxzhaiqkwzocyeeixy/Build/Intermediates.noindex/Supabase.build/Debug-iphoneos/Supabase.build/Objects-normal/arm64/Supabase-OutputFileMap.json (in target 'Supabase' from project 'Supabase')
    cd /Users/khanghnguyen/Library/Developer/Xcode/DerivedData/Wishie-gavmeupfwiyxzhaiqkwzocyeeixy/SourcePackages/checkouts/supabase-swift
    write-file /Users/khanghnguyen/Library/Developer/Xcode/DerivedData/Wishie-gavmeupfwiyxzhaiqkwzocyeeixy/Build/Intermediates.noindex/Supabase.build/Debug-iphoneos/Supabase.build/Objects-normal/arm64/Supabase-OutputFileMap.json

WriteAuxiliaryFile /Users/khanghnguyen/Library/Developer/Xcode/DerivedData/Wishie-gavmeupfwiyxzhaiqkwzocyeeixy/Build/Intermediates.noindex/Supabase.build/Debug-iphoneos/Supabase.build/Objects-normal/arm64/Supabase_const_extract_protocols.json (in target 'Supabase' from project 'Supabase')
    cd /Users/khanghnguyen/Library/Developer/Xcode/DerivedData/Wishie-gavmeupfwiyxzhaiqkwzocyeeixy/SourcePackages/checkouts/supabase-swift
    write-file /Users/khanghnguyen/Library/Developer/Xcode/DerivedData/Wishie-gavmeupfwiyxzhaiqkwzocyeeixy/Build/Intermediates.noindex/Supabase.build/Debug-iphoneos/Supabase.build/Objects-normal/arm64/Supabase_const_extract_protocols.json

WriteAuxiliaryFile /Users/khanghnguyen/Library/Developer/Xcode/DerivedData/Wishie-gavmeupfwiyxzhaiqkwzocyeeixy/Build/Intermediates.noindex/Supabase.build/Debug-iphoneos/Supabase.build/Objects-normal/arm64/Supabase.LinkFileList (in target 'Supabase' from project 'Supabase')
    cd /Users/khanghnguyen/Library/Developer/Xcode/DerivedData/Wishie-gavmeupfwiyxzhaiqkwzocyeeixy/SourcePackages/checkouts/supabase-swift
    write-file /Users/khanghnguyen/Library/Developer/Xcode/DerivedData/Wishie-gavmeupfwiyxzhaiqkwzocyeeixy/Build/Intermediates.noindex/Supabase.build/Debug-iphoneos/Supabase.build/Objects-normal/arm64/Supabase.LinkFileList

WriteAuxiliaryFile /Users/khanghnguyen/Library/Developer/Xcode/DerivedData/Wishie-gavmeupfwiyxzhaiqkwzocyeeixy/Build/Intermediates.noindex/Supabase.build/Debug-iphoneos/Supabase.build/Objects-normal/arm64/Supabase.SwiftConstValuesFileList (in target 'Supabase' from project 'Supabase')
    cd /Users/khanghnguyen/Library/Developer/Xcode/DerivedData/Wishie-gavmeupfwiyxzhaiqkwzocyeeixy/SourcePackages/checkouts/supabase-swift
    write-file /Users/khanghnguyen/Library/Developer/Xcode/DerivedData/Wishie-gavmeupfwiyxzhaiqkwzocyeeixy/Build/Intermediates.noindex/Supabase.build/Debug-iphoneos/Supabase.build/Objects-normal/arm64/Supabase.SwiftConstValuesFileList

WriteAuxiliaryFile /Users/khanghnguyen/Library/Developer/Xcode/DerivedData/Wishie-gavmeupfwiyxzhaiqkwzocyeeixy/Build/Intermediates.noindex/Supabase.build/Debug-iphoneos/Storage.build/Storage.modulemap (in target 'Storage' from project 'Supabase')
    cd /Users/khanghnguyen/Library/Developer/Xcode/DerivedData/Wishie-gavmeupfwiyxzhaiqkwzocyeeixy/SourcePackages/checkouts/supabase-swift
    write-file /Users/khanghnguyen/Library/Developer/Xcode/DerivedData/Wishie-gavmeupfwiyxzhaiqkwzocyeeixy/Build/Intermediates.noindex/Supabase.build/Debug-iphoneos/Storage.build/Storage.modulemap

WriteAuxiliaryFile /Users/khanghnguyen/Library/Developer/Xcode/DerivedData/Wishie-gavmeupfwiyxzhaiqkwzocyeeixy/Build/Intermediates.noindex/Supabase.build/Debug-iphoneos/Storage.build/Storage.DependencyStaticMetadataFileList (in target 'Storage' from project 'Supabase')
    cd /Users/khanghnguyen/Library/Developer/Xcode/DerivedData/Wishie-gavmeupfwiyxzhaiqkwzocyeeixy/SourcePackages/checkouts/supabase-swift
    write-file /Users/khanghnguyen/Library/Developer/Xcode/DerivedData/Wishie-gavmeupfwiyxzhaiqkwzocyeeixy/Build/Intermediates.noindex/Supabase.build/Debug-iphoneos/Storage.build/Storage.DependencyStaticMetadataFileList

WriteAuxiliaryFile /Users/khanghnguyen/Library/Developer/Xcode/DerivedData/Wishie-gavmeupfwiyxzhaiqkwzocyeeixy/Build/Intermediates.noindex/Supabase.build/Debug-iphoneos/Storage.build/Storage.DependencyMetadataFileList (in target 'Storage' from project 'Supabase')
    cd /Users/khanghnguyen/Library/Developer/Xcode/DerivedData/Wishie-gavmeupfwiyxzhaiqkwzocyeeixy/SourcePackages/checkouts/supabase-swift
    write-file /Users/khanghnguyen/Library/Developer/Xcode/DerivedData/Wishie-gavmeupfwiyxzhaiqkwzocyeeixy/Build/Intermediates.noindex/Supabase.build/Debug-iphoneos/Storage.build/Storage.DependencyMetadataFileList

WriteAuxiliaryFile /Users/khanghnguyen/Library/Developer/Xcode/DerivedData/Wishie-gavmeupfwiyxzhaiqkwzocyeeixy/Build/Intermediates.noindex/Supabase.build/Debug-iphoneos/Storage.build/Objects-normal/arm64/Storage-OutputFileMap.json (in target 'Storage' from project 'Supabase')
    cd /Users/khanghnguyen/Library/Developer/Xcode/DerivedData/Wishie-gavmeupfwiyxzhaiqkwzocyeeixy/SourcePackages/checkouts/supabase-swift
    write-file /Users/khanghnguyen/Library/Developer/Xcode/DerivedData/Wishie-gavmeupfwiyxzhaiqkwzocyeeixy/Build/Intermediates.noindex/Supabase.build/Debug-iphoneos/Storage.build/Objects-normal/arm64/Storage-OutputFileMap.json

WriteAuxiliaryFile /Users/khanghnguyen/Library/Developer/Xcode/DerivedData/Wishie-gavmeupfwiyxzhaiqkwzocyeeixy/Build/Intermediates.noindex/Supabase.build/Debug-iphoneos/Storage.build/Objects-normal/arm64/Storage_const_extract_protocols.json (in target 'Storage' from project 'Supabase')
    cd /Users/khanghnguyen/Library/Developer/Xcode/DerivedData/Wishie-gavmeupfwiyxzhaiqkwzocyeeixy/SourcePackages/checkouts/supabase-swift
    write-file /Users/khanghnguyen/Library/Developer/Xcode/DerivedData/Wishie-gavmeupfwiyxzhaiqkwzocyeeixy/Build/Intermediates.noindex/Supabase.build/Debug-iphoneos/Storage.build/Objects-normal/arm64/Storage_const_extract_protocols.json

WriteAuxiliaryFile /Users/khanghnguyen/Library/Developer/Xcode/DerivedData/Wishie-gavmeupfwiyxzhaiqkwzocyeeixy/Build/Intermediates.noindex/Supabase.build/Debug-iphoneos/Storage.build/Objects-normal/arm64/Storage.LinkFileList (in target 'Storage' from project 'Supabase')
    cd /Users/khanghnguyen/Library/Developer/Xcode/DerivedData/Wishie-gavmeupfwiyxzhaiqkwzocyeeixy/SourcePackages/checkouts/supabase-swift
    write-file /Users/khanghnguyen/Library/Developer/Xcode/DerivedData/Wishie-gavmeupfwiyxzhaiqkwzocyeeixy/Build/Intermediates.noindex/Supabase.build/Debug-iphoneos/Storage.build/Objects-normal/arm64/Storage.LinkFileList

WriteAuxiliaryFile /Users/khanghnguyen/Library/Developer/Xcode/DerivedData/Wishie-gavmeupfwiyxzhaiqkwzocyeeixy/Build/Intermediates.noindex/Supabase.build/Debug-iphoneos/Storage.build/Objects-normal/arm64/Storage.SwiftFileList (in target 'Storage' from project 'Supabase')
    cd /Users/khanghnguyen/Library/Developer/Xcode/DerivedData/Wishie-gavmeupfwiyxzhaiqkwzocyeeixy/SourcePackages/checkouts/supabase-swift
    write-file /Users/khanghnguyen/Library/Developer/Xcode/DerivedData/Wishie-gavmeupfwiyxzhaiqkwzocyeeixy/Build/Intermediates.noindex/Supabase.build/Debug-iphoneos/Storage.build/Objects-normal/arm64/Storage.SwiftFileList

WriteAuxiliaryFile /Users/khanghnguyen/Library/Developer/Xcode/DerivedData/Wishie-gavmeupfwiyxzhaiqkwzocyeeixy/Build/Intermediates.noindex/Supabase.build/Debug-iphoneos/Storage.build/Objects-normal/arm64/Storage.SwiftConstValuesFileList (in target 'Storage' from project 'Supabase')
    cd /Users/khanghnguyen/Library/Developer/Xcode/DerivedData/Wishie-gavmeupfwiyxzhaiqkwzocyeeixy/SourcePackages/checkouts/supabase-swift
    write-file /Users/khanghnguyen/Library/Developer/Xcode/DerivedData/Wishie-gavmeupfwiyxzhaiqkwzocyeeixy/Build/Intermediates.noindex/Supabase.build/Debug-iphoneos/Storage.build/Objects-normal/arm64/Storage.SwiftConstValuesFileList

WriteAuxiliaryFile /Users/khanghnguyen/Library/Developer/Xcode/DerivedData/Wishie-gavmeupfwiyxzhaiqkwzocyeeixy/Build/Intermediates.noindex/SDWebImage.build/Debug-iphoneos/SDWebImage_SDWebImage.build/empty-SDWebImage_SDWebImage.plist (in target 'SDWebImage_SDWebImage' from project 'SDWebImage')
    cd /Users/khanghnguyen/Library/Developer/Xcode/DerivedData/Wishie-gavmeupfwiyxzhaiqkwzocyeeixy/SourcePackages/checkouts/SDWebImage
    write-file /Users/khanghnguyen/Library/Developer/Xcode/DerivedData/Wishie-gavmeupfwiyxzhaiqkwzocyeeixy/Build/Intermediates.noindex/SDWebImage.build/Debug-iphoneos/SDWebImage_SDWebImage.build/empty-SDWebImage_SDWebImage.plist

WriteAuxiliaryFile /Users/khanghnguyen/Library/Developer/Xcode/DerivedData/Wishie-gavmeupfwiyxzhaiqkwzocyeeixy/Build/Intermediates.noindex/SDWebImage.build/Debug-iphoneos/SDWebImage_SDWebImage.build/SDWebImage_SDWebImage.DependencyStaticMetadataFileList (in target 'SDWebImage_SDWebImage' from project 'SDWebImage')
    cd /Users/khanghnguyen/Library/Developer/Xcode/DerivedData/Wishie-gavmeupfwiyxzhaiqkwzocyeeixy/SourcePackages/checkouts/SDWebImage
    write-file /Users/khanghnguyen/Library/Developer/Xcode/DerivedData/Wishie-gavmeupfwiyxzhaiqkwzocyeeixy/Build/Intermediates.noindex/SDWebImage.build/Debug-iphoneos/SDWebImage_SDWebImage.build/SDWebImage_SDWebImage.DependencyStaticMetadataFileList

WriteAuxiliaryFile /Users/khanghnguyen/Library/Developer/Xcode/DerivedData/Wishie-gavmeupfwiyxzhaiqkwzocyeeixy/Build/Intermediates.noindex/SDWebImage.build/Debug-iphoneos/SDWebImage_SDWebImage.build/SDWebImage_SDWebImage.DependencyMetadataFileList (in target 'SDWebImage_SDWebImage' from project 'SDWebImage')
    cd /Users/khanghnguyen/Library/Developer/Xcode/DerivedData/Wishie-gavmeupfwiyxzhaiqkwzocyeeixy/SourcePackages/checkouts/SDWebImage
    write-file /Users/khanghnguyen/Library/Developer/Xcode/DerivedData/Wishie-gavmeupfwiyxzhaiqkwzocyeeixy/Build/Intermediates.noindex/SDWebImage.build/Debug-iphoneos/SDWebImage_SDWebImage.build/SDWebImage_SDWebImage.DependencyMetadataFileList

WriteAuxiliaryFile /Users/khanghnguyen/Library/Developer/Xcode/DerivedData/Wishie-gavmeupfwiyxzhaiqkwzocyeeixy/Build/Intermediates.noindex/SDWebImageSwiftUI.build/Debug-iphoneos/SDWebImageSwiftUI_SDWebImageSwiftUI.build/SDWebImageSwiftUI_SDWebImageSwiftUI.DependencyMetadataFileList (in target 'SDWebImageSwiftUI_SDWebImageSwiftUI' from project 'SDWebImageSwiftUI')
    cd /Users/khanghnguyen/Library/Developer/Xcode/DerivedData/Wishie-gavmeupfwiyxzhaiqkwzocyeeixy/SourcePackages/checkouts/SDWebImageSwiftUI
    write-file /Users/khanghnguyen/Library/Developer/Xcode/DerivedData/Wishie-gavmeupfwiyxzhaiqkwzocyeeixy/Build/Intermediates.noindex/SDWebImageSwiftUI.build/Debug-iphoneos/SDWebImageSwiftUI_SDWebImageSwiftUI.build/SDWebImageSwiftUI_SDWebImageSwiftUI.DependencyMetadataFileList

WriteAuxiliaryFile /Users/khanghnguyen/Library/Developer/Xcode/DerivedData/Wishie-gavmeupfwiyxzhaiqkwzocyeeixy/Build/Intermediates.noindex/SDWebImageSwiftUI.build/Debug-iphoneos/SDWebImageSwiftUI.build/SDWebImageSwiftUI.DependencyMetadataFileList (in target 'SDWebImageSwiftUI' from project 'SDWebImageSwiftUI')
    cd /Users/khanghnguyen/Library/Developer/Xcode/DerivedData/Wishie-gavmeupfwiyxzhaiqkwzocyeeixy/SourcePackages/checkouts/SDWebImageSwiftUI
    write-file /Users/khanghnguyen/Library/Developer/Xcode/DerivedData/Wishie-gavmeupfwiyxzhaiqkwzocyeeixy/Build/Intermediates.noindex/SDWebImageSwiftUI.build/Debug-iphoneos/SDWebImageSwiftUI.build/SDWebImageSwiftUI.DependencyMetadataFileList

WriteAuxiliaryFile /Users/khanghnguyen/Library/Developer/Xcode/DerivedData/Wishie-gavmeupfwiyxzhaiqkwzocyeeixy/Build/Intermediates.noindex/SDWebImageSwiftUI.build/Debug-iphoneos/SDWebImageSwiftUI_SDWebImageSwiftUI.build/SDWebImageSwiftUI_SDWebImageSwiftUI.DependencyStaticMetadataFileList (in target 'SDWebImageSwiftUI_SDWebImageSwiftUI' from project 'SDWebImageSwiftUI')
    cd /Users/khanghnguyen/Library/Developer/Xcode/DerivedData/Wishie-gavmeupfwiyxzhaiqkwzocyeeixy/SourcePackages/checkouts/SDWebImageSwiftUI
    write-file /Users/khanghnguyen/Library/Developer/Xcode/DerivedData/Wishie-gavmeupfwiyxzhaiqkwzocyeeixy/Build/Intermediates.noindex/SDWebImageSwiftUI.build/Debug-iphoneos/SDWebImageSwiftUI_SDWebImageSwiftUI.build/SDWebImageSwiftUI_SDWebImageSwiftUI.DependencyStaticMetadataFileList

WriteAuxiliaryFile /Users/khanghnguyen/Library/Developer/Xcode/DerivedData/Wishie-gavmeupfwiyxzhaiqkwzocyeeixy/Build/Intermediates.noindex/SDWebImageSwiftUI.build/Debug-iphoneos/SDWebImageSwiftUI_SDWebImageSwiftUI.build/empty-SDWebImageSwiftUI_SDWebImageSwiftUI.plist (in target 'SDWebImageSwiftUI_SDWebImageSwiftUI' from project 'SDWebImageSwiftUI')
    cd /Users/khanghnguyen/Library/Developer/Xcode/DerivedData/Wishie-gavmeupfwiyxzhaiqkwzocyeeixy/SourcePackages/checkouts/SDWebImageSwiftUI
    write-file /Users/khanghnguyen/Library/Developer/Xcode/DerivedData/Wishie-gavmeupfwiyxzhaiqkwzocyeeixy/Build/Intermediates.noindex/SDWebImageSwiftUI.build/Debug-iphoneos/SDWebImageSwiftUI_SDWebImageSwiftUI.build/empty-SDWebImageSwiftUI_SDWebImageSwiftUI.plist

WriteAuxiliaryFile /Users/khanghnguyen/Library/Developer/Xcode/DerivedData/Wishie-gavmeupfwiyxzhaiqkwzocyeeixy/Build/Intermediates.noindex/SDWebImageSwiftUI.build/Debug-iphoneos/SDWebImageSwiftUI.build/SDWebImageSwiftUI.modulemap (in target 'SDWebImageSwiftUI' from project 'SDWebImageSwiftUI')
    cd /Users/khanghnguyen/Library/Developer/Xcode/DerivedData/Wishie-gavmeupfwiyxzhaiqkwzocyeeixy/SourcePackages/checkouts/SDWebImageSwiftUI
    write-file /Users/khanghnguyen/Library/Developer/Xcode/DerivedData/Wishie-gavmeupfwiyxzhaiqkwzocyeeixy/Build/Intermediates.noindex/SDWebImageSwiftUI.build/Debug-iphoneos/SDWebImageSwiftUI.build/SDWebImageSwiftUI.modulemap

WriteAuxiliaryFile /Users/khanghnguyen/Library/Developer/Xcode/DerivedData/Wishie-gavmeupfwiyxzhaiqkwzocyeeixy/Build/Intermediates.noindex/SDWebImageSwiftUI.build/Debug-iphoneos/SDWebImageSwiftUI.build/SDWebImageSwiftUI.DependencyStaticMetadataFileList (in target 'SDWebImageSwiftUI' from project 'SDWebImageSwiftUI')
    cd /Users/khanghnguyen/Library/Developer/Xcode/DerivedData/Wishie-gavmeupfwiyxzhaiqkwzocyeeixy/SourcePackages/checkouts/SDWebImageSwiftUI
    write-file /Users/khanghnguyen/Library/Developer/Xcode/DerivedData/Wishie-gavmeupfwiyxzhaiqkwzocyeeixy/Build/Intermediates.noindex/SDWebImageSwiftUI.build/Debug-iphoneos/SDWebImageSwiftUI.build/SDWebImageSwiftUI.DependencyStaticMetadataFileList

WriteAuxiliaryFile /Users/khanghnguyen/Library/Developer/Xcode/DerivedData/Wishie-gavmeupfwiyxzhaiqkwzocyeeixy/Build/Intermediates.noindex/SDWebImageSwiftUI.build/Debug-iphoneos/SDWebImageSwiftUI.build/Objects-normal/arm64/SDWebImageSwiftUI_const_extract_protocols.json (in target 'SDWebImageSwiftUI' from project 'SDWebImageSwiftUI')
    cd /Users/khanghnguyen/Library/Developer/Xcode/DerivedData/Wishie-gavmeupfwiyxzhaiqkwzocyeeixy/SourcePackages/checkouts/SDWebImageSwiftUI
    write-file /Users/khanghnguyen/Library/Developer/Xcode/DerivedData/Wishie-gavmeupfwiyxzhaiqkwzocyeeixy/Build/Intermediates.noindex/SDWebImageSwiftUI.build/Debug-iphoneos/SDWebImageSwiftUI.build/Objects-normal/arm64/SDWebImageSwiftUI_const_extract_protocols.json

WriteAuxiliaryFile /Users/khanghnguyen/Library/Developer/Xcode/DerivedData/Wishie-gavmeupfwiyxzhaiqkwzocyeeixy/Build/Intermediates.noindex/SDWebImageSwiftUI.build/Debug-iphoneos/SDWebImageSwiftUI.build/Objects-normal/arm64/SDWebImageSwiftUI.SwiftFileList (in target 'SDWebImageSwiftUI' from project 'SDWebImageSwiftUI')
    cd /Users/khanghnguyen/Library/Developer/Xcode/DerivedData/Wishie-gavmeupfwiyxzhaiqkwzocyeeixy/SourcePackages/checkouts/SDWebImageSwiftUI
    write-file /Users/khanghnguyen/Library/Developer/Xcode/DerivedData/Wishie-gavmeupfwiyxzhaiqkwzocyeeixy/Build/Intermediates.noindex/SDWebImageSwiftUI.build/Debug-iphoneos/SDWebImageSwiftUI.build/Objects-normal/arm64/SDWebImageSwiftUI.SwiftFileList

WriteAuxiliaryFile /Users/khanghnguyen/Library/Developer/Xcode/DerivedData/Wishie-gavmeupfwiyxzhaiqkwzocyeeixy/Build/Intermediates.noindex/SDWebImageSwiftUI.build/Debug-iphoneos/SDWebImageSwiftUI.build/Objects-normal/arm64/SDWebImageSwiftUI.SwiftConstValuesFileList (in target 'SDWebImageSwiftUI' from project 'SDWebImageSwiftUI')
    cd /Users/khanghnguyen/Library/Developer/Xcode/DerivedData/Wishie-gavmeupfwiyxzhaiqkwzocyeeixy/SourcePackages/checkouts/SDWebImageSwiftUI
    write-file /Users/khanghnguyen/Library/Developer/Xcode/DerivedData/Wishie-gavmeupfwiyxzhaiqkwzocyeeixy/Build/Intermediates.noindex/SDWebImageSwiftUI.build/Debug-iphoneos/SDWebImageSwiftUI.build/Objects-normal/arm64/SDWebImageSwiftUI.SwiftConstValuesFileList

WriteAuxiliaryFile /Users/khanghnguyen/Library/Developer/Xcode/DerivedData/Wishie-gavmeupfwiyxzhaiqkwzocyeeixy/Build/Intermediates.noindex/SDWebImageSwiftUI.build/Debug-iphoneos/SDWebImageSwiftUI.build/Objects-normal/arm64/SDWebImageSwiftUI.LinkFileList (in target 'SDWebImageSwiftUI' from project 'SDWebImageSwiftUI')
    cd /Users/khanghnguyen/Library/Developer/Xcode/DerivedData/Wishie-gavmeupfwiyxzhaiqkwzocyeeixy/SourcePackages/checkouts/SDWebImageSwiftUI
    write-file /Users/khanghnguyen/Library/Developer/Xcode/DerivedData/Wishie-gavmeupfwiyxzhaiqkwzocyeeixy/Build/Intermediates.noindex/SDWebImageSwiftUI.build/Debug-iphoneos/SDWebImageSwiftUI.build/Objects-normal/arm64/SDWebImageSwiftUI.LinkFileList

WriteAuxiliaryFile /Users/khanghnguyen/Library/Developer/Xcode/DerivedData/Wishie-gavmeupfwiyxzhaiqkwzocyeeixy/Build/Intermediates.noindex/SDWebImageSwiftUI.build/Debug-iphoneos/SDWebImageSwiftUI.build/Objects-normal/arm64/SDWebImageSwiftUI-OutputFileMap.json (in target 'SDWebImageSwiftUI' from project 'SDWebImageSwiftUI')
    cd /Users/khanghnguyen/Library/Developer/Xcode/DerivedData/Wishie-gavmeupfwiyxzhaiqkwzocyeeixy/SourcePackages/checkouts/SDWebImageSwiftUI
    write-file /Users/khanghnguyen/Library/Developer/Xcode/DerivedData/Wishie-gavmeupfwiyxzhaiqkwzocyeeixy/Build/Intermediates.noindex/SDWebImageSwiftUI.build/Debug-iphoneos/SDWebImageSwiftUI.build/Objects-normal/arm64/SDWebImageSwiftUI-OutputFileMap.json

WriteAuxiliaryFile /Users/khanghnguyen/Library/Developer/Xcode/DerivedData/Wishie-gavmeupfwiyxzhaiqkwzocyeeixy/Build/Intermediates.noindex/SDWebImageSwiftUI.build/Debug-iphoneos/SDWebImageSwiftUI.build/DerivedSources/resource_bundle_accessor.swift (in target 'SDWebImageSwiftUI' from project 'SDWebImageSwiftUI')
    cd /Users/khanghnguyen/Library/Developer/Xcode/DerivedData/Wishie-gavmeupfwiyxzhaiqkwzocyeeixy/SourcePackages/checkouts/SDWebImageSwiftUI
    write-file /Users/khanghnguyen/Library/Developer/Xcode/DerivedData/Wishie-gavmeupfwiyxzhaiqkwzocyeeixy/Build/Intermediates.noindex/SDWebImageSwiftUI.build/Debug-iphoneos/SDWebImageSwiftUI.build/DerivedSources/resource_bundle_accessor.swift

WriteAuxiliaryFile /Users/khanghnguyen/Library/Developer/Xcode/DerivedData/Wishie-gavmeupfwiyxzhaiqkwzocyeeixy/Build/Intermediates.noindex/SDWebImage.build/Debug-iphoneos/SDWebImage.build/SDWebImage.modulemap (in target 'SDWebImage' from project 'SDWebImage')
    cd /Users/khanghnguyen/Library/Developer/Xcode/DerivedData/Wishie-gavmeupfwiyxzhaiqkwzocyeeixy/SourcePackages/checkouts/SDWebImage
    write-file /Users/khanghnguyen/Library/Developer/Xcode/DerivedData/Wishie-gavmeupfwiyxzhaiqkwzocyeeixy/Build/Intermediates.noindex/SDWebImage.build/Debug-iphoneos/SDWebImage.build/SDWebImage.modulemap

WriteAuxiliaryFile /Users/khanghnguyen/Library/Developer/Xcode/DerivedData/Wishie-gavmeupfwiyxzhaiqkwzocyeeixy/Build/Intermediates.noindex/SDWebImage.build/Debug-iphoneos/SDWebImage.build/SDWebImage.DependencyStaticMetadataFileList (in target 'SDWebImage' from project 'SDWebImage')
    cd /Users/khanghnguyen/Library/Developer/Xcode/DerivedData/Wishie-gavmeupfwiyxzhaiqkwzocyeeixy/SourcePackages/checkouts/SDWebImage
    write-file /Users/khanghnguyen/Library/Developer/Xcode/DerivedData/Wishie-gavmeupfwiyxzhaiqkwzocyeeixy/Build/Intermediates.noindex/SDWebImage.build/Debug-iphoneos/SDWebImage.build/SDWebImage.DependencyStaticMetadataFileList

WriteAuxiliaryFile /Users/khanghnguyen/Library/Developer/Xcode/DerivedData/Wishie-gavmeupfwiyxzhaiqkwzocyeeixy/Build/Intermediates.noindex/SDWebImage.build/Debug-iphoneos/SDWebImage.build/SDWebImage.DependencyMetadataFileList (in target 'SDWebImage' from project 'SDWebImage')
    cd /Users/khanghnguyen/Library/Developer/Xcode/DerivedData/Wishie-gavmeupfwiyxzhaiqkwzocyeeixy/SourcePackages/checkouts/SDWebImage
    write-file /Users/khanghnguyen/Library/Developer/Xcode/DerivedData/Wishie-gavmeupfwiyxzhaiqkwzocyeeixy/Build/Intermediates.noindex/SDWebImage.build/Debug-iphoneos/SDWebImage.build/SDWebImage.DependencyMetadataFileList

WriteAuxiliaryFile /Users/khanghnguyen/Library/Developer/Xcode/DerivedData/Wishie-gavmeupfwiyxzhaiqkwzocyeeixy/Build/Intermediates.noindex/SDWebImage.build/Debug-iphoneos/SDWebImage.build/DerivedSources/resource_bundle_accessor.m (in target 'SDWebImage' from project 'SDWebImage')
    cd /Users/khanghnguyen/Library/Developer/Xcode/DerivedData/Wishie-gavmeupfwiyxzhaiqkwzocyeeixy/SourcePackages/checkouts/SDWebImage
    write-file /Users/khanghnguyen/Library/Developer/Xcode/DerivedData/Wishie-gavmeupfwiyxzhaiqkwzocyeeixy/Build/Intermediates.noindex/SDWebImage.build/Debug-iphoneos/SDWebImage.build/DerivedSources/resource_bundle_accessor.m

WriteAuxiliaryFile /Users/khanghnguyen/Library/Developer/Xcode/DerivedData/Wishie-gavmeupfwiyxzhaiqkwzocyeeixy/Build/Intermediates.noindex/SDWebImage.build/Debug-iphoneos/SDWebImage.build/DerivedSources/resource_bundle_accessor.h (in target 'SDWebImage' from project 'SDWebImage')
    cd /Users/khanghnguyen/Library/Developer/Xcode/DerivedData/Wishie-gavmeupfwiyxzhaiqkwzocyeeixy/SourcePackages/checkouts/SDWebImage
    write-file /Users/khanghnguyen/Library/Developer/Xcode/DerivedData/Wishie-gavmeupfwiyxzhaiqkwzocyeeixy/Build/Intermediates.noindex/SDWebImage.build/Debug-iphoneos/SDWebImage.build/DerivedSources/resource_bundle_accessor.h

WriteAuxiliaryFile /Users/khanghnguyen/Library/Developer/Xcode/DerivedData/Wishie-gavmeupfwiyxzhaiqkwzocyeeixy/Build/Intermediates.noindex/SDWebImage.build/Debug-iphoneos/SDWebImage.build/Objects-normal/arm64/e6072d4f65d7061329687fe24e3d63a7-common-args.resp (in target 'SDWebImage' from project 'SDWebImage')
    cd /Users/khanghnguyen/Library/Developer/Xcode/DerivedData/Wishie-gavmeupfwiyxzhaiqkwzocyeeixy/SourcePackages/checkouts/SDWebImage
    write-file /Users/khanghnguyen/Library/Developer/Xcode/DerivedData/Wishie-gavmeupfwiyxzhaiqkwzocyeeixy/Build/Intermediates.noindex/SDWebImage.build/Debug-iphoneos/SDWebImage.build/Objects-normal/arm64/e6072d4f65d7061329687fe24e3d63a7-common-args.resp
-target arm64-apple-ios12.0 -fobjc-arc -fmodules -gmodules '-fmodules-cache-path=/Users/khanghnguyen/Library/Developer/Xcode/DerivedData/ModuleCache.noindex' '-fmodule-name=SDWebImage' -fpascal-strings -O0 -DSWIFT_PACKAGE '-DDEBUG=1' '-DOBJC_OLD_DISPATCH_PROTOTYPES=1' -isysroot /Applications/Xcode.app/Contents/Developer/Platforms/iPhoneOS.platform/Developer/SDKs/iPhoneOS26.2.sdk -g -fprofile-instr-generate -fcoverage-mapping -I/Users/khanghnguyen/Library/Developer/Xcode/DerivedData/Wishie-gavmeupfwiyxzhaiqkwzocyeeixy/Build/Products/Debug-iphoneos/include -I/Users/khanghnguyen/Library/Developer/Xcode/DerivedData/Wishie-gavmeupfwiyxzhaiqkwzocyeeixy/SourcePackages/checkouts/SDWebImage/SDWebImage/include -I/Users/khanghnguyen/Library/Developer/Xcode/DerivedData/Wishie-gavmeupfwiyxzhaiqkwzocyeeixy/SourcePackages/checkouts/SDWebImage/SDWebImage/Core -I/Users/khanghnguyen/Library/Developer/Xcode/DerivedData/Wishie-gavmeupfwiyxzhaiqkwzocyeeixy/SourcePackages/checkouts/SDWebImage/SDWebImage/Private -I/Users/khanghnguyen/Library/Developer/Xcode/DerivedData/Wishie-gavmeupfwiyxzhaiqkwzocyeeixy/Build/Intermediates.noindex/SDWebImage.build/Debug-iphoneos/SDWebImage.build/DerivedSources-normal/arm64 -I/Users/khanghnguyen/Library/Developer/Xcode/DerivedData/Wishie-gavmeupfwiyxzhaiqkwzocyeeixy/Build/Intermediates.noindex/SDWebImage.build/Debug-iphoneos/SDWebImage.build/DerivedSources/arm64 -I/Users/khanghnguyen/Library/Developer/Xcode/DerivedData/Wishie-gavmeupfwiyxzhaiqkwzocyeeixy/Build/Intermediates.noindex/SDWebImage.build/Debug-iphoneos/SDWebImage.build/DerivedSources -F/Users/khanghnguyen/Library/Developer/Xcode/DerivedData/Wishie-gavmeupfwiyxzhaiqkwzocyeeixy/Build/Products/Debug-iphoneos -iframework /Applications/Xcode.app/Contents/Developer/Platforms/iPhoneOS.platform/Developer/Library/Frameworks -iframework /Applications/Xcode.app/Contents/Developer/Platforms/iPhoneOS.platform/Developer/SDKs/iPhoneOS26.2.sdk/Developer/Library/Frameworks -DXcode

WriteAuxiliaryFile /Users/khanghnguyen/Library/Developer/Xcode/DerivedData/Wishie-gavmeupfwiyxzhaiqkwzocyeeixy/Build/Intermediates.noindex/SDWebImage.build/Debug-iphoneos/SDWebImage.build/Objects-normal/arm64/SDWebImage.LinkFileList (in target 'SDWebImage' from project 'SDWebImage')
    cd /Users/khanghnguyen/Library/Developer/Xcode/DerivedData/Wishie-gavmeupfwiyxzhaiqkwzocyeeixy/SourcePackages/checkouts/SDWebImage
    write-file /Users/khanghnguyen/Library/Developer/Xcode/DerivedData/Wishie-gavmeupfwiyxzhaiqkwzocyeeixy/Build/Intermediates.noindex/SDWebImage.build/Debug-iphoneos/SDWebImage.build/Objects-normal/arm64/SDWebImage.LinkFileList

WriteAuxiliaryFile /Users/khanghnguyen/Library/Developer/Xcode/DerivedData/Wishie-gavmeupfwiyxzhaiqkwzocyeeixy/Build/Intermediates.noindex/InteropForGoogle.build/Debug-iphoneos/RecaptchaInterop.build/RecaptchaInterop.DependencyMetadataFileList (in target 'RecaptchaInterop' from project 'InteropForGoogle')
    cd /Users/khanghnguyen/Library/Developer/Xcode/DerivedData/Wishie-gavmeupfwiyxzhaiqkwzocyeeixy/SourcePackages/checkouts/interop-ios-for-google-sdks
    write-file /Users/khanghnguyen/Library/Developer/Xcode/DerivedData/Wishie-gavmeupfwiyxzhaiqkwzocyeeixy/Build/Intermediates.noindex/InteropForGoogle.build/Debug-iphoneos/RecaptchaInterop.build/RecaptchaInterop.DependencyMetadataFileList

WriteAuxiliaryFile /Users/khanghnguyen/Library/Developer/Xcode/DerivedData/Wishie-gavmeupfwiyxzhaiqkwzocyeeixy/Build/Intermediates.noindex/InteropForGoogle.build/Debug-iphoneos/RecaptchaInterop.build/RecaptchaInterop.modulemap (in target 'RecaptchaInterop' from project 'InteropForGoogle')
    cd /Users/khanghnguyen/Library/Developer/Xcode/DerivedData/Wishie-gavmeupfwiyxzhaiqkwzocyeeixy/SourcePackages/checkouts/interop-ios-for-google-sdks
    write-file /Users/khanghnguyen/Library/Developer/Xcode/DerivedData/Wishie-gavmeupfwiyxzhaiqkwzocyeeixy/Build/Intermediates.noindex/InteropForGoogle.build/Debug-iphoneos/RecaptchaInterop.build/RecaptchaInterop.modulemap

WriteAuxiliaryFile /Users/khanghnguyen/Library/Developer/Xcode/DerivedData/Wishie-gavmeupfwiyxzhaiqkwzocyeeixy/Build/Intermediates.noindex/InteropForGoogle.build/Debug-iphoneos/RecaptchaInterop.build/RecaptchaInterop.DependencyStaticMetadataFileList (in target 'RecaptchaInterop' from project 'InteropForGoogle')
    cd /Users/khanghnguyen/Library/Developer/Xcode/DerivedData/Wishie-gavmeupfwiyxzhaiqkwzocyeeixy/SourcePackages/checkouts/interop-ios-for-google-sdks
    write-file /Users/khanghnguyen/Library/Developer/Xcode/DerivedData/Wishie-gavmeupfwiyxzhaiqkwzocyeeixy/Build/Intermediates.noindex/InteropForGoogle.build/Debug-iphoneos/RecaptchaInterop.build/RecaptchaInterop.DependencyStaticMetadataFileList

WriteAuxiliaryFile /Users/khanghnguyen/Library/Developer/Xcode/DerivedData/Wishie-gavmeupfwiyxzhaiqkwzocyeeixy/Build/Intermediates.noindex/Supabase.build/Debug-iphoneos/Realtime.build/Realtime.modulemap (in target 'Realtime' from project 'Supabase')
    cd /Users/khanghnguyen/Library/Developer/Xcode/DerivedData/Wishie-gavmeupfwiyxzhaiqkwzocyeeixy/SourcePackages/checkouts/supabase-swift
    write-file /Users/khanghnguyen/Library/Developer/Xcode/DerivedData/Wishie-gavmeupfwiyxzhaiqkwzocyeeixy/Build/Intermediates.noindex/Supabase.build/Debug-iphoneos/Realtime.build/Realtime.modulemap

WriteAuxiliaryFile /Users/khanghnguyen/Library/Developer/Xcode/DerivedData/Wishie-gavmeupfwiyxzhaiqkwzocyeeixy/Build/Intermediates.noindex/Supabase.build/Debug-iphoneos/Realtime.build/Realtime.DependencyStaticMetadataFileList (in target 'Realtime' from project 'Supabase')
    cd /Users/khanghnguyen/Library/Developer/Xcode/DerivedData/Wishie-gavmeupfwiyxzhaiqkwzocyeeixy/SourcePackages/checkouts/supabase-swift
    write-file /Users/khanghnguyen/Library/Developer/Xcode/DerivedData/Wishie-gavmeupfwiyxzhaiqkwzocyeeixy/Build/Intermediates.noindex/Supabase.build/Debug-iphoneos/Realtime.build/Realtime.DependencyStaticMetadataFileList

WriteAuxiliaryFile /Users/khanghnguyen/Library/Developer/Xcode/DerivedData/Wishie-gavmeupfwiyxzhaiqkwzocyeeixy/Build/Intermediates.noindex/InteropForGoogle.build/Debug-iphoneos/RecaptchaInterop.build/Objects-normal/arm64/e6072d4f65d7061329687fe24e3d63a7-common-args.resp (in target 'RecaptchaInterop' from project 'InteropForGoogle')
    cd /Users/khanghnguyen/Library/Developer/Xcode/DerivedData/Wishie-gavmeupfwiyxzhaiqkwzocyeeixy/SourcePackages/checkouts/interop-ios-for-google-sdks
    write-file /Users/khanghnguyen/Library/Developer/Xcode/DerivedData/Wishie-gavmeupfwiyxzhaiqkwzocyeeixy/Build/Intermediates.noindex/InteropForGoogle.build/Debug-iphoneos/RecaptchaInterop.build/Objects-normal/arm64/e6072d4f65d7061329687fe24e3d63a7-common-args.resp
-target arm64-apple-ios12.0 -fobjc-arc -fmodules -gmodules '-fmodules-cache-path=/Users/khanghnguyen/Library/Developer/Xcode/DerivedData/ModuleCache.noindex' '-fmodule-name=RecaptchaInterop' -fpascal-strings -O0 -DSWIFT_PACKAGE '-DDEBUG=1' '-DOBJC_OLD_DISPATCH_PROTOTYPES=1' -isysroot /Applications/Xcode.app/Contents/Developer/Platforms/iPhoneOS.platform/Developer/SDKs/iPhoneOS26.2.sdk -g -fprofile-instr-generate -fcoverage-mapping -I/Users/khanghnguyen/Library/Developer/Xcode/DerivedData/Wishie-gavmeupfwiyxzhaiqkwzocyeeixy/Build/Products/Debug-iphoneos/include -I/Users/khanghnguyen/Library/Developer/Xcode/DerivedData/Wishie-gavmeupfwiyxzhaiqkwzocyeeixy/SourcePackages/checkouts/interop-ios-for-google-sdks/RecaptchaEnterprise/RecaptchaInterop/Public -I/Users/khanghnguyen/Library/Developer/Xcode/DerivedData/Wishie-gavmeupfwiyxzhaiqkwzocyeeixy/Build/Intermediates.noindex/InteropForGoogle.build/Debug-iphoneos/RecaptchaInterop.build/DerivedSources-normal/arm64 -I/Users/khanghnguyen/Library/Developer/Xcode/DerivedData/Wishie-gavmeupfwiyxzhaiqkwzocyeeixy/Build/Intermediates.noindex/InteropForGoogle.build/Debug-iphoneos/RecaptchaInterop.build/DerivedSources/arm64 -I/Users/khanghnguyen/Library/Developer/Xcode/DerivedData/Wishie-gavmeupfwiyxzhaiqkwzocyeeixy/Build/Intermediates.noindex/InteropForGoogle.build/Debug-iphoneos/RecaptchaInterop.build/DerivedSources -F/Users/khanghnguyen/Library/Developer/Xcode/DerivedData/Wishie-gavmeupfwiyxzhaiqkwzocyeeixy/Build/Products/Debug-iphoneos -iframework /Applications/Xcode.app/Contents/Developer/Platforms/iPhoneOS.platform/Developer/Library/Frameworks -iframework /Applications/Xcode.app/Contents/Developer/Platforms/iPhoneOS.platform/Developer/SDKs/iPhoneOS26.2.sdk/Developer/Library/Frameworks -DXcode

WriteAuxiliaryFile /Users/khanghnguyen/Library/Developer/Xcode/DerivedData/Wishie-gavmeupfwiyxzhaiqkwzocyeeixy/Build/Intermediates.noindex/InteropForGoogle.build/Debug-iphoneos/RecaptchaInterop.build/Objects-normal/arm64/RecaptchaInterop.LinkFileList (in target 'RecaptchaInterop' from project 'InteropForGoogle')
    cd /Users/khanghnguyen/Library/Developer/Xcode/DerivedData/Wishie-gavmeupfwiyxzhaiqkwzocyeeixy/SourcePackages/checkouts/interop-ios-for-google-sdks
    write-file /Users/khanghnguyen/Library/Developer/Xcode/DerivedData/Wishie-gavmeupfwiyxzhaiqkwzocyeeixy/Build/Intermediates.noindex/InteropForGoogle.build/Debug-iphoneos/RecaptchaInterop.build/Objects-normal/arm64/RecaptchaInterop.LinkFileList

WriteAuxiliaryFile /Users/khanghnguyen/Library/Developer/Xcode/DerivedData/Wishie-gavmeupfwiyxzhaiqkwzocyeeixy/Build/Intermediates.noindex/Supabase.build/Debug-iphoneos/Realtime.build/Realtime.DependencyMetadataFileList (in target 'Realtime' from project 'Supabase')
    cd /Users/khanghnguyen/Library/Developer/Xcode/DerivedData/Wishie-gavmeupfwiyxzhaiqkwzocyeeixy/SourcePackages/checkouts/supabase-swift
    write-file /Users/khanghnguyen/Library/Developer/Xcode/DerivedData/Wishie-gavmeupfwiyxzhaiqkwzocyeeixy/Build/Intermediates.noindex/Supabase.build/Debug-iphoneos/Realtime.build/Realtime.DependencyMetadataFileList

WriteAuxiliaryFile /Users/khanghnguyen/Library/Developer/Xcode/DerivedData/Wishie-gavmeupfwiyxzhaiqkwzocyeeixy/Build/Intermediates.noindex/Supabase.build/Debug-iphoneos/Realtime.build/Objects-normal/arm64/Realtime.SwiftConstValuesFileList (in target 'Realtime' from project 'Supabase')
    cd /Users/khanghnguyen/Library/Developer/Xcode/DerivedData/Wishie-gavmeupfwiyxzhaiqkwzocyeeixy/SourcePackages/checkouts/supabase-swift
    write-file /Users/khanghnguyen/Library/Developer/Xcode/DerivedData/Wishie-gavmeupfwiyxzhaiqkwzocyeeixy/Build/Intermediates.noindex/Supabase.build/Debug-iphoneos/Realtime.build/Objects-normal/arm64/Realtime.SwiftConstValuesFileList

WriteAuxiliaryFile /Users/khanghnguyen/Library/Developer/Xcode/DerivedData/Wishie-gavmeupfwiyxzhaiqkwzocyeeixy/Build/Intermediates.noindex/Supabase.build/Debug-iphoneos/Realtime.build/Objects-normal/arm64/Realtime.LinkFileList (in target 'Realtime' from project 'Supabase')
    cd /Users/khanghnguyen/Library/Developer/Xcode/DerivedData/Wishie-gavmeupfwiyxzhaiqkwzocyeeixy/SourcePackages/checkouts/supabase-swift
    write-file /Users/khanghnguyen/Library/Developer/Xcode/DerivedData/Wishie-gavmeupfwiyxzhaiqkwzocyeeixy/Build/Intermediates.noindex/Supabase.build/Debug-iphoneos/Realtime.build/Objects-normal/arm64/Realtime.LinkFileList

WriteAuxiliaryFile /Users/khanghnguyen/Library/Developer/Xcode/DerivedData/Wishie-gavmeupfwiyxzhaiqkwzocyeeixy/Build/Intermediates.noindex/Supabase.build/Debug-iphoneos/Realtime.build/Objects-normal/arm64/Realtime_const_extract_protocols.json (in target 'Realtime' from project 'Supabase')
    cd /Users/khanghnguyen/Library/Developer/Xcode/DerivedData/Wishie-gavmeupfwiyxzhaiqkwzocyeeixy/SourcePackages/checkouts/supabase-swift
    write-file /Users/khanghnguyen/Library/Developer/Xcode/DerivedData/Wishie-gavmeupfwiyxzhaiqkwzocyeeixy/Build/Intermediates.noindex/Supabase.build/Debug-iphoneos/Realtime.build/Objects-normal/arm64/Realtime_const_extract_protocols.json

WriteAuxiliaryFile /Users/khanghnguyen/Library/Developer/Xcode/DerivedData/Wishie-gavmeupfwiyxzhaiqkwzocyeeixy/Build/Intermediates.noindex/Supabase.build/Debug-iphoneos/Realtime.build/Objects-normal/arm64/Realtime-OutputFileMap.json (in target 'Realtime' from project 'Supabase')
    cd /Users/khanghnguyen/Library/Developer/Xcode/DerivedData/Wishie-gavmeupfwiyxzhaiqkwzocyeeixy/SourcePackages/checkouts/supabase-swift
    write-file /Users/khanghnguyen/Library/Developer/Xcode/DerivedData/Wishie-gavmeupfwiyxzhaiqkwzocyeeixy/Build/Intermediates.noindex/Supabase.build/Debug-iphoneos/Realtime.build/Objects-normal/arm64/Realtime-OutputFileMap.json

WriteAuxiliaryFile /Users/khanghnguyen/Library/Developer/Xcode/DerivedData/Wishie-gavmeupfwiyxzhaiqkwzocyeeixy/Build/Intermediates.noindex/Supabase.build/Debug-iphoneos/Realtime.build/Objects-normal/arm64/Realtime.SwiftFileList (in target 'Realtime' from project 'Supabase')
    cd /Users/khanghnguyen/Library/Developer/Xcode/DerivedData/Wishie-gavmeupfwiyxzhaiqkwzocyeeixy/SourcePackages/checkouts/supabase-swift
    write-file /Users/khanghnguyen/Library/Developer/Xcode/DerivedData/Wishie-gavmeupfwiyxzhaiqkwzocyeeixy/Build/Intermediates.noindex/Supabase.build/Debug-iphoneos/Realtime.build/Objects-normal/arm64/Realtime.SwiftFileList

WriteAuxiliaryFile /Users/khanghnguyen/Library/Developer/Xcode/DerivedData/Wishie-gavmeupfwiyxzhaiqkwzocyeeixy/Build/Intermediates.noindex/Supabase.build/Debug-iphoneos/PostgREST.build/PostgREST.modulemap (in target 'PostgREST' from project 'Supabase')
    cd /Users/khanghnguyen/Library/Developer/Xcode/DerivedData/Wishie-gavmeupfwiyxzhaiqkwzocyeeixy/SourcePackages/checkouts/supabase-swift
    write-file /Users/khanghnguyen/Library/Developer/Xcode/DerivedData/Wishie-gavmeupfwiyxzhaiqkwzocyeeixy/Build/Intermediates.noindex/Supabase.build/Debug-iphoneos/PostgREST.build/PostgREST.modulemap

WriteAuxiliaryFile /Users/khanghnguyen/Library/Developer/Xcode/DerivedData/Wishie-gavmeupfwiyxzhaiqkwzocyeeixy/Build/Intermediates.noindex/Supabase.build/Debug-iphoneos/PostgREST.build/PostgREST.DependencyStaticMetadataFileList (in target 'PostgREST' from project 'Supabase')
    cd /Users/khanghnguyen/Library/Developer/Xcode/DerivedData/Wishie-gavmeupfwiyxzhaiqkwzocyeeixy/SourcePackages/checkouts/supabase-swift
    write-file /Users/khanghnguyen/Library/Developer/Xcode/DerivedData/Wishie-gavmeupfwiyxzhaiqkwzocyeeixy/Build/Intermediates.noindex/Supabase.build/Debug-iphoneos/PostgREST.build/PostgREST.DependencyStaticMetadataFileList

WriteAuxiliaryFile /Users/khanghnguyen/Library/Developer/Xcode/DerivedData/Wishie-gavmeupfwiyxzhaiqkwzocyeeixy/Build/Intermediates.noindex/Supabase.build/Debug-iphoneos/PostgREST.build/PostgREST.DependencyMetadataFileList (in target 'PostgREST' from project 'Supabase')
    cd /Users/khanghnguyen/Library/Developer/Xcode/DerivedData/Wishie-gavmeupfwiyxzhaiqkwzocyeeixy/SourcePackages/checkouts/supabase-swift
    write-file /Users/khanghnguyen/Library/Developer/Xcode/DerivedData/Wishie-gavmeupfwiyxzhaiqkwzocyeeixy/Build/Intermediates.noindex/Supabase.build/Debug-iphoneos/PostgREST.build/PostgREST.DependencyMetadataFileList

WriteAuxiliaryFile /Users/khanghnguyen/Library/Developer/Xcode/DerivedData/Wishie-gavmeupfwiyxzhaiqkwzocyeeixy/Build/Intermediates.noindex/Supabase.build/Debug-iphoneos/PostgREST.build/Objects-normal/arm64/PostgREST_const_extract_protocols.json (in target 'PostgREST' from project 'Supabase')
    cd /Users/khanghnguyen/Library/Developer/Xcode/DerivedData/Wishie-gavmeupfwiyxzhaiqkwzocyeeixy/SourcePackages/checkouts/supabase-swift
    write-file /Users/khanghnguyen/Library/Developer/Xcode/DerivedData/Wishie-gavmeupfwiyxzhaiqkwzocyeeixy/Build/Intermediates.noindex/Supabase.build/Debug-iphoneos/PostgREST.build/Objects-normal/arm64/PostgREST_const_extract_protocols.json

WriteAuxiliaryFile /Users/khanghnguyen/Library/Developer/Xcode/DerivedData/Wishie-gavmeupfwiyxzhaiqkwzocyeeixy/Build/Intermediates.noindex/Supabase.build/Debug-iphoneos/PostgREST.build/Objects-normal/arm64/PostgREST.SwiftFileList (in target 'PostgREST' from project 'Supabase')
    cd /Users/khanghnguyen/Library/Developer/Xcode/DerivedData/Wishie-gavmeupfwiyxzhaiqkwzocyeeixy/SourcePackages/checkouts/supabase-swift
    write-file /Users/khanghnguyen/Library/Developer/Xcode/DerivedData/Wishie-gavmeupfwiyxzhaiqkwzocyeeixy/Build/Intermediates.noindex/Supabase.build/Debug-iphoneos/PostgREST.build/Objects-normal/arm64/PostgREST.SwiftFileList

WriteAuxiliaryFile /Users/khanghnguyen/Library/Developer/Xcode/DerivedData/Wishie-gavmeupfwiyxzhaiqkwzocyeeixy/Build/Intermediates.noindex/Supabase.build/Debug-iphoneos/PostgREST.build/Objects-normal/arm64/PostgREST.SwiftConstValuesFileList (in target 'PostgREST' from project 'Supabase')
    cd /Users/khanghnguyen/Library/Developer/Xcode/DerivedData/Wishie-gavmeupfwiyxzhaiqkwzocyeeixy/SourcePackages/checkouts/supabase-swift
    write-file /Users/khanghnguyen/Library/Developer/Xcode/DerivedData/Wishie-gavmeupfwiyxzhaiqkwzocyeeixy/Build/Intermediates.noindex/Supabase.build/Debug-iphoneos/PostgREST.build/Objects-normal/arm64/PostgREST.SwiftConstValuesFileList

WriteAuxiliaryFile /Users/khanghnguyen/Library/Developer/Xcode/DerivedData/Wishie-gavmeupfwiyxzhaiqkwzocyeeixy/Build/Intermediates.noindex/Supabase.build/Debug-iphoneos/PostgREST.build/Objects-normal/arm64/PostgREST.LinkFileList (in target 'PostgREST' from project 'Supabase')
    cd /Users/khanghnguyen/Library/Developer/Xcode/DerivedData/Wishie-gavmeupfwiyxzhaiqkwzocyeeixy/SourcePackages/checkouts/supabase-swift
    write-file /Users/khanghnguyen/Library/Developer/Xcode/DerivedData/Wishie-gavmeupfwiyxzhaiqkwzocyeeixy/Build/Intermediates.noindex/Supabase.build/Debug-iphoneos/PostgREST.build/Objects-normal/arm64/PostgREST.LinkFileList

WriteAuxiliaryFile /Users/khanghnguyen/Library/Developer/Xcode/DerivedData/Wishie-gavmeupfwiyxzhaiqkwzocyeeixy/Build/Intermediates.noindex/Supabase.build/Debug-iphoneos/PostgREST.build/Objects-normal/arm64/PostgREST-OutputFileMap.json (in target 'PostgREST' from project 'Supabase')
    cd /Users/khanghnguyen/Library/Developer/Xcode/DerivedData/Wishie-gavmeupfwiyxzhaiqkwzocyeeixy/SourcePackages/checkouts/supabase-swift
    write-file /Users/khanghnguyen/Library/Developer/Xcode/DerivedData/Wishie-gavmeupfwiyxzhaiqkwzocyeeixy/Build/Intermediates.noindex/Supabase.build/Debug-iphoneos/PostgREST.build/Objects-normal/arm64/PostgREST-OutputFileMap.json

WriteAuxiliaryFile /Users/khanghnguyen/Library/Developer/Xcode/DerivedData/Wishie-gavmeupfwiyxzhaiqkwzocyeeixy/Build/Intermediates.noindex/xctest-dynamic-overlay.build/Debug-iphoneos/IssueReportingPackageSupport.build/Objects-normal/arm64/IssueReportingPackageSupport_const_extract_protocols.json (in target 'IssueReportingPackageSupport' from project 'xctest-dynamic-overlay')
    cd /Users/khanghnguyen/Library/Developer/Xcode/DerivedData/Wishie-gavmeupfwiyxzhaiqkwzocyeeixy/SourcePackages/checkouts/xctest-dynamic-overlay
    write-file /Users/khanghnguyen/Library/Developer/Xcode/DerivedData/Wishie-gavmeupfwiyxzhaiqkwzocyeeixy/Build/Intermediates.noindex/xctest-dynamic-overlay.build/Debug-iphoneos/IssueReportingPackageSupport.build/Objects-normal/arm64/IssueReportingPackageSupport_const_extract_protocols.json

WriteAuxiliaryFile /Users/khanghnguyen/Library/Developer/Xcode/DerivedData/Wishie-gavmeupfwiyxzhaiqkwzocyeeixy/Build/Intermediates.noindex/xctest-dynamic-overlay.build/Debug-iphoneos/IssueReportingPackageSupport.build/Objects-normal/arm64/IssueReportingPackageSupport.SwiftFileList (in target 'IssueReportingPackageSupport' from project 'xctest-dynamic-overlay')
    cd /Users/khanghnguyen/Library/Developer/Xcode/DerivedData/Wishie-gavmeupfwiyxzhaiqkwzocyeeixy/SourcePackages/checkouts/xctest-dynamic-overlay
    write-file /Users/khanghnguyen/Library/Developer/Xcode/DerivedData/Wishie-gavmeupfwiyxzhaiqkwzocyeeixy/Build/Intermediates.noindex/xctest-dynamic-overlay.build/Debug-iphoneos/IssueReportingPackageSupport.build/Objects-normal/arm64/IssueReportingPackageSupport.SwiftFileList

WriteAuxiliaryFile /Users/khanghnguyen/Library/Developer/Xcode/DerivedData/Wishie-gavmeupfwiyxzhaiqkwzocyeeixy/Build/Intermediates.noindex/xctest-dynamic-overlay.build/Debug-iphoneos/IssueReportingPackageSupport.build/Objects-normal/arm64/IssueReportingPackageSupport.SwiftConstValuesFileList (in target 'IssueReportingPackageSupport' from project 'xctest-dynamic-overlay')
    cd /Users/khanghnguyen/Library/Developer/Xcode/DerivedData/Wishie-gavmeupfwiyxzhaiqkwzocyeeixy/SourcePackages/checkouts/xctest-dynamic-overlay
    write-file /Users/khanghnguyen/Library/Developer/Xcode/DerivedData/Wishie-gavmeupfwiyxzhaiqkwzocyeeixy/Build/Intermediates.noindex/xctest-dynamic-overlay.build/Debug-iphoneos/IssueReportingPackageSupport.build/Objects-normal/arm64/IssueReportingPackageSupport.SwiftConstValuesFileList

WriteAuxiliaryFile /Users/khanghnguyen/Library/Developer/Xcode/DerivedData/Wishie-gavmeupfwiyxzhaiqkwzocyeeixy/Build/Intermediates.noindex/xctest-dynamic-overlay.build/Debug-iphoneos/IssueReportingPackageSupport.build/Objects-normal/arm64/IssueReportingPackageSupport.LinkFileList (in target 'IssueReportingPackageSupport' from project 'xctest-dynamic-overlay')
    cd /Users/khanghnguyen/Library/Developer/Xcode/DerivedData/Wishie-gavmeupfwiyxzhaiqkwzocyeeixy/SourcePackages/checkouts/xctest-dynamic-overlay
    write-file /Users/khanghnguyen/Library/Developer/Xcode/DerivedData/Wishie-gavmeupfwiyxzhaiqkwzocyeeixy/Build/Intermediates.noindex/xctest-dynamic-overlay.build/Debug-iphoneos/IssueReportingPackageSupport.build/Objects-normal/arm64/IssueReportingPackageSupport.LinkFileList

WriteAuxiliaryFile /Users/khanghnguyen/Library/Developer/Xcode/DerivedData/Wishie-gavmeupfwiyxzhaiqkwzocyeeixy/Build/Intermediates.noindex/xctest-dynamic-overlay.build/Debug-iphoneos/IssueReportingPackageSupport.build/Objects-normal/arm64/IssueReportingPackageSupport-OutputFileMap.json (in target 'IssueReportingPackageSupport' from project 'xctest-dynamic-overlay')
    cd /Users/khanghnguyen/Library/Developer/Xcode/DerivedData/Wishie-gavmeupfwiyxzhaiqkwzocyeeixy/SourcePackages/checkouts/xctest-dynamic-overlay
    write-file /Users/khanghnguyen/Library/Developer/Xcode/DerivedData/Wishie-gavmeupfwiyxzhaiqkwzocyeeixy/Build/Intermediates.noindex/xctest-dynamic-overlay.build/Debug-iphoneos/IssueReportingPackageSupport.build/Objects-normal/arm64/IssueReportingPackageSupport-OutputFileMap.json

WriteAuxiliaryFile /Users/khanghnguyen/Library/Developer/Xcode/DerivedData/Wishie-gavmeupfwiyxzhaiqkwzocyeeixy/Build/Intermediates.noindex/xctest-dynamic-overlay.build/Debug-iphoneos/IssueReportingPackageSupport.build/IssueReportingPackageSupport.modulemap (in target 'IssueReportingPackageSupport' from project 'xctest-dynamic-overlay')
    cd /Users/khanghnguyen/Library/Developer/Xcode/DerivedData/Wishie-gavmeupfwiyxzhaiqkwzocyeeixy/SourcePackages/checkouts/xctest-dynamic-overlay
    write-file /Users/khanghnguyen/Library/Developer/Xcode/DerivedData/Wishie-gavmeupfwiyxzhaiqkwzocyeeixy/Build/Intermediates.noindex/xctest-dynamic-overlay.build/Debug-iphoneos/IssueReportingPackageSupport.build/IssueReportingPackageSupport.modulemap

WriteAuxiliaryFile /Users/khanghnguyen/Library/Developer/Xcode/DerivedData/Wishie-gavmeupfwiyxzhaiqkwzocyeeixy/Build/Intermediates.noindex/xctest-dynamic-overlay.build/Debug-iphoneos/IssueReportingPackageSupport.build/IssueReportingPackageSupport.DependencyStaticMetadataFileList (in target 'IssueReportingPackageSupport' from project 'xctest-dynamic-overlay')
    cd /Users/khanghnguyen/Library/Developer/Xcode/DerivedData/Wishie-gavmeupfwiyxzhaiqkwzocyeeixy/SourcePackages/checkouts/xctest-dynamic-overlay
    write-file /Users/khanghnguyen/Library/Developer/Xcode/DerivedData/Wishie-gavmeupfwiyxzhaiqkwzocyeeixy/Build/Intermediates.noindex/xctest-dynamic-overlay.build/Debug-iphoneos/IssueReportingPackageSupport.build/IssueReportingPackageSupport.DependencyStaticMetadataFileList

WriteAuxiliaryFile /Users/khanghnguyen/Library/Developer/Xcode/DerivedData/Wishie-gavmeupfwiyxzhaiqkwzocyeeixy/Build/Intermediates.noindex/xctest-dynamic-overlay.build/Debug-iphoneos/IssueReportingPackageSupport.build/IssueReportingPackageSupport.DependencyMetadataFileList (in target 'IssueReportingPackageSupport' from project 'xctest-dynamic-overlay')
    cd /Users/khanghnguyen/Library/Developer/Xcode/DerivedData/Wishie-gavmeupfwiyxzhaiqkwzocyeeixy/SourcePackages/checkouts/xctest-dynamic-overlay
    write-file /Users/khanghnguyen/Library/Developer/Xcode/DerivedData/Wishie-gavmeupfwiyxzhaiqkwzocyeeixy/Build/Intermediates.noindex/xctest-dynamic-overlay.build/Debug-iphoneos/IssueReportingPackageSupport.build/IssueReportingPackageSupport.DependencyMetadataFileList

WriteAuxiliaryFile /Users/khanghnguyen/Library/Developer/Xcode/DerivedData/Wishie-gavmeupfwiyxzhaiqkwzocyeeixy/Build/Intermediates.noindex/xctest-dynamic-overlay.build/Debug-iphoneos/IssueReporting.build/IssueReporting.modulemap (in target 'IssueReporting' from project 'xctest-dynamic-overlay')
    cd /Users/khanghnguyen/Library/Developer/Xcode/DerivedData/Wishie-gavmeupfwiyxzhaiqkwzocyeeixy/SourcePackages/checkouts/xctest-dynamic-overlay
    write-file /Users/khanghnguyen/Library/Developer/Xcode/DerivedData/Wishie-gavmeupfwiyxzhaiqkwzocyeeixy/Build/Intermediates.noindex/xctest-dynamic-overlay.build/Debug-iphoneos/IssueReporting.build/IssueReporting.modulemap

WriteAuxiliaryFile /Users/khanghnguyen/Library/Developer/Xcode/DerivedData/Wishie-gavmeupfwiyxzhaiqkwzocyeeixy/Build/Intermediates.noindex/xctest-dynamic-overlay.build/Debug-iphoneos/IssueReporting.build/Objects-normal/arm64/IssueReporting.LinkFileList (in target 'IssueReporting' from project 'xctest-dynamic-overlay')
    cd /Users/khanghnguyen/Library/Developer/Xcode/DerivedData/Wishie-gavmeupfwiyxzhaiqkwzocyeeixy/SourcePackages/checkouts/xctest-dynamic-overlay
    write-file /Users/khanghnguyen/Library/Developer/Xcode/DerivedData/Wishie-gavmeupfwiyxzhaiqkwzocyeeixy/Build/Intermediates.noindex/xctest-dynamic-overlay.build/Debug-iphoneos/IssueReporting.build/Objects-normal/arm64/IssueReporting.LinkFileList

WriteAuxiliaryFile /Users/khanghnguyen/Library/Developer/Xcode/DerivedData/Wishie-gavmeupfwiyxzhaiqkwzocyeeixy/Build/Intermediates.noindex/xctest-dynamic-overlay.build/Debug-iphoneos/IssueReporting.build/IssueReporting.DependencyStaticMetadataFileList (in target 'IssueReporting' from project 'xctest-dynamic-overlay')
    cd /Users/khanghnguyen/Library/Developer/Xcode/DerivedData/Wishie-gavmeupfwiyxzhaiqkwzocyeeixy/SourcePackages/checkouts/xctest-dynamic-overlay
    write-file /Users/khanghnguyen/Library/Developer/Xcode/DerivedData/Wishie-gavmeupfwiyxzhaiqkwzocyeeixy/Build/Intermediates.noindex/xctest-dynamic-overlay.build/Debug-iphoneos/IssueReporting.build/IssueReporting.DependencyStaticMetadataFileList

WriteAuxiliaryFile /Users/khanghnguyen/Library/Developer/Xcode/DerivedData/Wishie-gavmeupfwiyxzhaiqkwzocyeeixy/Build/Intermediates.noindex/xctest-dynamic-overlay.build/Debug-iphoneos/IssueReporting.build/Objects-normal/arm64/IssueReporting_const_extract_protocols.json (in target 'IssueReporting' from project 'xctest-dynamic-overlay')
    cd /Users/khanghnguyen/Library/Developer/Xcode/DerivedData/Wishie-gavmeupfwiyxzhaiqkwzocyeeixy/SourcePackages/checkouts/xctest-dynamic-overlay
    write-file /Users/khanghnguyen/Library/Developer/Xcode/DerivedData/Wishie-gavmeupfwiyxzhaiqkwzocyeeixy/Build/Intermediates.noindex/xctest-dynamic-overlay.build/Debug-iphoneos/IssueReporting.build/Objects-normal/arm64/IssueReporting_const_extract_protocols.json

WriteAuxiliaryFile /Users/khanghnguyen/Library/Developer/Xcode/DerivedData/Wishie-gavmeupfwiyxzhaiqkwzocyeeixy/Build/Intermediates.noindex/xctest-dynamic-overlay.build/Debug-iphoneos/IssueReporting.build/Objects-normal/arm64/IssueReporting.SwiftFileList (in target 'IssueReporting' from project 'xctest-dynamic-overlay')
    cd /Users/khanghnguyen/Library/Developer/Xcode/DerivedData/Wishie-gavmeupfwiyxzhaiqkwzocyeeixy/SourcePackages/checkouts/xctest-dynamic-overlay
    write-file /Users/khanghnguyen/Library/Developer/Xcode/DerivedData/Wishie-gavmeupfwiyxzhaiqkwzocyeeixy/Build/Intermediates.noindex/xctest-dynamic-overlay.build/Debug-iphoneos/IssueReporting.build/Objects-normal/arm64/IssueReporting.SwiftFileList

WriteAuxiliaryFile /Users/khanghnguyen/Library/Developer/Xcode/DerivedData/Wishie-gavmeupfwiyxzhaiqkwzocyeeixy/Build/Intermediates.noindex/xctest-dynamic-overlay.build/Debug-iphoneos/IssueReporting.build/Objects-normal/arm64/IssueReporting-OutputFileMap.json (in target 'IssueReporting' from project 'xctest-dynamic-overlay')
    cd /Users/khanghnguyen/Library/Developer/Xcode/DerivedData/Wishie-gavmeupfwiyxzhaiqkwzocyeeixy/SourcePackages/checkouts/xctest-dynamic-overlay
    write-file /Users/khanghnguyen/Library/Developer/Xcode/DerivedData/Wishie-gavmeupfwiyxzhaiqkwzocyeeixy/Build/Intermediates.noindex/xctest-dynamic-overlay.build/Debug-iphoneos/IssueReporting.build/Objects-normal/arm64/IssueReporting-OutputFileMap.json

WriteAuxiliaryFile /Users/khanghnguyen/Library/Developer/Xcode/DerivedData/Wishie-gavmeupfwiyxzhaiqkwzocyeeixy/Build/Intermediates.noindex/xctest-dynamic-overlay.build/Debug-iphoneos/IssueReporting.build/Objects-normal/arm64/IssueReporting.SwiftConstValuesFileList (in target 'IssueReporting' from project 'xctest-dynamic-overlay')
    cd /Users/khanghnguyen/Library/Developer/Xcode/DerivedData/Wishie-gavmeupfwiyxzhaiqkwzocyeeixy/SourcePackages/checkouts/xctest-dynamic-overlay
    write-file /Users/khanghnguyen/Library/Developer/Xcode/DerivedData/Wishie-gavmeupfwiyxzhaiqkwzocyeeixy/Build/Intermediates.noindex/xctest-dynamic-overlay.build/Debug-iphoneos/IssueReporting.build/Objects-normal/arm64/IssueReporting.SwiftConstValuesFileList

WriteAuxiliaryFile /Users/khanghnguyen/Library/Developer/Xcode/DerivedData/Wishie-gavmeupfwiyxzhaiqkwzocyeeixy/Build/Intermediates.noindex/xctest-dynamic-overlay.build/Debug-iphoneos/IssueReporting.build/IssueReporting.DependencyMetadataFileList (in target 'IssueReporting' from project 'xctest-dynamic-overlay')
    cd /Users/khanghnguyen/Library/Developer/Xcode/DerivedData/Wishie-gavmeupfwiyxzhaiqkwzocyeeixy/SourcePackages/checkouts/xctest-dynamic-overlay
    write-file /Users/khanghnguyen/Library/Developer/Xcode/DerivedData/Wishie-gavmeupfwiyxzhaiqkwzocyeeixy/Build/Intermediates.noindex/xctest-dynamic-overlay.build/Debug-iphoneos/IssueReporting.build/IssueReporting.DependencyMetadataFileList

WriteAuxiliaryFile /Users/khanghnguyen/Library/Developer/Xcode/DerivedData/Wishie-gavmeupfwiyxzhaiqkwzocyeeixy/Build/Intermediates.noindex/Supabase.build/Debug-iphoneos/Helpers.build/Helpers.DependencyStaticMetadataFileList (in target 'Helpers' from project 'Supabase')
    cd /Users/khanghnguyen/Library/Developer/Xcode/DerivedData/Wishie-gavmeupfwiyxzhaiqkwzocyeeixy/SourcePackages/checkouts/supabase-swift
    write-file /Users/khanghnguyen/Library/Developer/Xcode/DerivedData/Wishie-gavmeupfwiyxzhaiqkwzocyeeixy/Build/Intermediates.noindex/Supabase.build/Debug-iphoneos/Helpers.build/Helpers.DependencyStaticMetadataFileList

WriteAuxiliaryFile /Users/khanghnguyen/Library/Developer/Xcode/DerivedData/Wishie-gavmeupfwiyxzhaiqkwzocyeeixy/Build/Intermediates.noindex/Supabase.build/Debug-iphoneos/Helpers.build/Helpers.modulemap (in target 'Helpers' from project 'Supabase')
    cd /Users/khanghnguyen/Library/Developer/Xcode/DerivedData/Wishie-gavmeupfwiyxzhaiqkwzocyeeixy/SourcePackages/checkouts/supabase-swift
    write-file /Users/khanghnguyen/Library/Developer/Xcode/DerivedData/Wishie-gavmeupfwiyxzhaiqkwzocyeeixy/Build/Intermediates.noindex/Supabase.build/Debug-iphoneos/Helpers.build/Helpers.modulemap

WriteAuxiliaryFile /Users/khanghnguyen/Library/Developer/Xcode/DerivedData/Wishie-gavmeupfwiyxzhaiqkwzocyeeixy/Build/Intermediates.noindex/Supabase.build/Debug-iphoneos/Helpers.build/Objects-normal/arm64/Helpers-OutputFileMap.json (in target 'Helpers' from project 'Supabase')
    cd /Users/khanghnguyen/Library/Developer/Xcode/DerivedData/Wishie-gavmeupfwiyxzhaiqkwzocyeeixy/SourcePackages/checkouts/supabase-swift
    write-file /Users/khanghnguyen/Library/Developer/Xcode/DerivedData/Wishie-gavmeupfwiyxzhaiqkwzocyeeixy/Build/Intermediates.noindex/Supabase.build/Debug-iphoneos/Helpers.build/Objects-normal/arm64/Helpers-OutputFileMap.json

WriteAuxiliaryFile /Users/khanghnguyen/Library/Developer/Xcode/DerivedData/Wishie-gavmeupfwiyxzhaiqkwzocyeeixy/Build/Intermediates.noindex/Supabase.build/Debug-iphoneos/Helpers.build/Objects-normal/arm64/Helpers.SwiftFileList (in target 'Helpers' from project 'Supabase')
    cd /Users/khanghnguyen/Library/Developer/Xcode/DerivedData/Wishie-gavmeupfwiyxzhaiqkwzocyeeixy/SourcePackages/checkouts/supabase-swift
    write-file /Users/khanghnguyen/Library/Developer/Xcode/DerivedData/Wishie-gavmeupfwiyxzhaiqkwzocyeeixy/Build/Intermediates.noindex/Supabase.build/Debug-iphoneos/Helpers.build/Objects-normal/arm64/Helpers.SwiftFileList

WriteAuxiliaryFile /Users/khanghnguyen/Library/Developer/Xcode/DerivedData/Wishie-gavmeupfwiyxzhaiqkwzocyeeixy/Build/Intermediates.noindex/Supabase.build/Debug-iphoneos/Helpers.build/Objects-normal/arm64/Helpers_const_extract_protocols.json (in target 'Helpers' from project 'Supabase')
    cd /Users/khanghnguyen/Library/Developer/Xcode/DerivedData/Wishie-gavmeupfwiyxzhaiqkwzocyeeixy/SourcePackages/checkouts/supabase-swift
    write-file /Users/khanghnguyen/Library/Developer/Xcode/DerivedData/Wishie-gavmeupfwiyxzhaiqkwzocyeeixy/Build/Intermediates.noindex/Supabase.build/Debug-iphoneos/Helpers.build/Objects-normal/arm64/Helpers_const_extract_protocols.json

WriteAuxiliaryFile /Users/khanghnguyen/Library/Developer/Xcode/DerivedData/Wishie-gavmeupfwiyxzhaiqkwzocyeeixy/Build/Intermediates.noindex/Supabase.build/Debug-iphoneos/Helpers.build/Objects-normal/arm64/Helpers.SwiftConstValuesFileList (in target 'Helpers' from project 'Supabase')
    cd /Users/khanghnguyen/Library/Developer/Xcode/DerivedData/Wishie-gavmeupfwiyxzhaiqkwzocyeeixy/SourcePackages/checkouts/supabase-swift
    write-file /Users/khanghnguyen/Library/Developer/Xcode/DerivedData/Wishie-gavmeupfwiyxzhaiqkwzocyeeixy/Build/Intermediates.noindex/Supabase.build/Debug-iphoneos/Helpers.build/Objects-normal/arm64/Helpers.SwiftConstValuesFileList

WriteAuxiliaryFile /Users/khanghnguyen/Library/Developer/Xcode/DerivedData/Wishie-gavmeupfwiyxzhaiqkwzocyeeixy/Build/Intermediates.noindex/Supabase.build/Debug-iphoneos/Helpers.build/Objects-normal/arm64/Helpers.LinkFileList (in target 'Helpers' from project 'Supabase')
    cd /Users/khanghnguyen/Library/Developer/Xcode/DerivedData/Wishie-gavmeupfwiyxzhaiqkwzocyeeixy/SourcePackages/checkouts/supabase-swift
    write-file /Users/khanghnguyen/Library/Developer/Xcode/DerivedData/Wishie-gavmeupfwiyxzhaiqkwzocyeeixy/Build/Intermediates.noindex/Supabase.build/Debug-iphoneos/Helpers.build/Objects-normal/arm64/Helpers.LinkFileList

WriteAuxiliaryFile /Users/khanghnguyen/Library/Developer/Xcode/DerivedData/Wishie-gavmeupfwiyxzhaiqkwzocyeeixy/Build/Intermediates.noindex/Supabase.build/Debug-iphoneos/Helpers.build/Helpers.DependencyMetadataFileList (in target 'Helpers' from project 'Supabase')
    cd /Users/khanghnguyen/Library/Developer/Xcode/DerivedData/Wishie-gavmeupfwiyxzhaiqkwzocyeeixy/SourcePackages/checkouts/supabase-swift
    write-file /Users/khanghnguyen/Library/Developer/Xcode/DerivedData/Wishie-gavmeupfwiyxzhaiqkwzocyeeixy/Build/Intermediates.noindex/Supabase.build/Debug-iphoneos/Helpers.build/Helpers.DependencyMetadataFileList

WriteAuxiliaryFile /Users/khanghnguyen/Library/Developer/Xcode/DerivedData/Wishie-gavmeupfwiyxzhaiqkwzocyeeixy/Build/Intermediates.noindex/swift-http-types.build/Debug-iphoneos/HTTPTypes.build/HTTPTypes.modulemap (in target 'HTTPTypes' from project 'swift-http-types')
    cd /Users/khanghnguyen/Library/Developer/Xcode/DerivedData/Wishie-gavmeupfwiyxzhaiqkwzocyeeixy/SourcePackages/checkouts/swift-http-types
    write-file /Users/khanghnguyen/Library/Developer/Xcode/DerivedData/Wishie-gavmeupfwiyxzhaiqkwzocyeeixy/Build/Intermediates.noindex/swift-http-types.build/Debug-iphoneos/HTTPTypes.build/HTTPTypes.modulemap

WriteAuxiliaryFile /Users/khanghnguyen/Library/Developer/Xcode/DerivedData/Wishie-gavmeupfwiyxzhaiqkwzocyeeixy/Build/Intermediates.noindex/swift-http-types.build/Debug-iphoneos/HTTPTypes.build/HTTPTypes.DependencyStaticMetadataFileList (in target 'HTTPTypes' from project 'swift-http-types')
    cd /Users/khanghnguyen/Library/Developer/Xcode/DerivedData/Wishie-gavmeupfwiyxzhaiqkwzocyeeixy/SourcePackages/checkouts/swift-http-types
    write-file /Users/khanghnguyen/Library/Developer/Xcode/DerivedData/Wishie-gavmeupfwiyxzhaiqkwzocyeeixy/Build/Intermediates.noindex/swift-http-types.build/Debug-iphoneos/HTTPTypes.build/HTTPTypes.DependencyStaticMetadataFileList

WriteAuxiliaryFile /Users/khanghnguyen/Library/Developer/Xcode/DerivedData/Wishie-gavmeupfwiyxzhaiqkwzocyeeixy/Build/Intermediates.noindex/swift-http-types.build/Debug-iphoneos/HTTPTypes.build/Objects-normal/arm64/HTTPTypes_const_extract_protocols.json (in target 'HTTPTypes' from project 'swift-http-types')
    cd /Users/khanghnguyen/Library/Developer/Xcode/DerivedData/Wishie-gavmeupfwiyxzhaiqkwzocyeeixy/SourcePackages/checkouts/swift-http-types
    write-file /Users/khanghnguyen/Library/Developer/Xcode/DerivedData/Wishie-gavmeupfwiyxzhaiqkwzocyeeixy/Build/Intermediates.noindex/swift-http-types.build/Debug-iphoneos/HTTPTypes.build/Objects-normal/arm64/HTTPTypes_const_extract_protocols.json

WriteAuxiliaryFile /Users/khanghnguyen/Library/Developer/Xcode/DerivedData/Wishie-gavmeupfwiyxzhaiqkwzocyeeixy/Build/Intermediates.noindex/swift-http-types.build/Debug-iphoneos/HTTPTypes.build/Objects-normal/arm64/HTTPTypes-OutputFileMap.json (in target 'HTTPTypes' from project 'swift-http-types')
    cd /Users/khanghnguyen/Library/Developer/Xcode/DerivedData/Wishie-gavmeupfwiyxzhaiqkwzocyeeixy/SourcePackages/checkouts/swift-http-types
    write-file /Users/khanghnguyen/Library/Developer/Xcode/DerivedData/Wishie-gavmeupfwiyxzhaiqkwzocyeeixy/Build/Intermediates.noindex/swift-http-types.build/Debug-iphoneos/HTTPTypes.build/Objects-normal/arm64/HTTPTypes-OutputFileMap.json

WriteAuxiliaryFile /Users/khanghnguyen/Library/Developer/Xcode/DerivedData/Wishie-gavmeupfwiyxzhaiqkwzocyeeixy/Build/Intermediates.noindex/swift-http-types.build/Debug-iphoneos/HTTPTypes.build/Objects-normal/arm64/HTTPTypes.SwiftFileList (in target 'HTTPTypes' from project 'swift-http-types')
    cd /Users/khanghnguyen/Library/Developer/Xcode/DerivedData/Wishie-gavmeupfwiyxzhaiqkwzocyeeixy/SourcePackages/checkouts/swift-http-types
    write-file /Users/khanghnguyen/Library/Developer/Xcode/DerivedData/Wishie-gavmeupfwiyxzhaiqkwzocyeeixy/Build/Intermediates.noindex/swift-http-types.build/Debug-iphoneos/HTTPTypes.build/Objects-normal/arm64/HTTPTypes.SwiftFileList

WriteAuxiliaryFile /Users/khanghnguyen/Library/Developer/Xcode/DerivedData/Wishie-gavmeupfwiyxzhaiqkwzocyeeixy/Build/Intermediates.noindex/swift-http-types.build/Debug-iphoneos/HTTPTypes.build/Objects-normal/arm64/HTTPTypes.SwiftConstValuesFileList (in target 'HTTPTypes' from project 'swift-http-types')
    cd /Users/khanghnguyen/Library/Developer/Xcode/DerivedData/Wishie-gavmeupfwiyxzhaiqkwzocyeeixy/SourcePackages/checkouts/swift-http-types
    write-file /Users/khanghnguyen/Library/Developer/Xcode/DerivedData/Wishie-gavmeupfwiyxzhaiqkwzocyeeixy/Build/Intermediates.noindex/swift-http-types.build/Debug-iphoneos/HTTPTypes.build/Objects-normal/arm64/HTTPTypes.SwiftConstValuesFileList

WriteAuxiliaryFile /Users/khanghnguyen/Library/Developer/Xcode/DerivedData/Wishie-gavmeupfwiyxzhaiqkwzocyeeixy/Build/Intermediates.noindex/swift-http-types.build/Debug-iphoneos/HTTPTypes.build/Objects-normal/arm64/HTTPTypes.LinkFileList (in target 'HTTPTypes' from project 'swift-http-types')
    cd /Users/khanghnguyen/Library/Developer/Xcode/DerivedData/Wishie-gavmeupfwiyxzhaiqkwzocyeeixy/SourcePackages/checkouts/swift-http-types
    write-file /Users/khanghnguyen/Library/Developer/Xcode/DerivedData/Wishie-gavmeupfwiyxzhaiqkwzocyeeixy/Build/Intermediates.noindex/swift-http-types.build/Debug-iphoneos/HTTPTypes.build/Objects-normal/arm64/HTTPTypes.LinkFileList

WriteAuxiliaryFile /Users/khanghnguyen/Library/Developer/Xcode/DerivedData/Wishie-gavmeupfwiyxzhaiqkwzocyeeixy/Build/Intermediates.noindex/swift-http-types.build/Debug-iphoneos/HTTPTypes.build/HTTPTypes.DependencyMetadataFileList (in target 'HTTPTypes' from project 'swift-http-types')
    cd /Users/khanghnguyen/Library/Developer/Xcode/DerivedData/Wishie-gavmeupfwiyxzhaiqkwzocyeeixy/SourcePackages/checkouts/swift-http-types
    write-file /Users/khanghnguyen/Library/Developer/Xcode/DerivedData/Wishie-gavmeupfwiyxzhaiqkwzocyeeixy/Build/Intermediates.noindex/swift-http-types.build/Debug-iphoneos/HTTPTypes.build/HTTPTypes.DependencyMetadataFileList

WriteAuxiliaryFile /Users/khanghnguyen/Library/Developer/Xcode/DerivedData/Wishie-gavmeupfwiyxzhaiqkwzocyeeixy/Build/Intermediates.noindex/GoogleUtilities.build/Debug-iphoneos/GoogleUtilities_GoogleUtilities-Reachability.build/empty-GoogleUtilities_GoogleUtilities-Reachability.plist (in target 'GoogleUtilities_GoogleUtilities-Reachability' from project 'GoogleUtilities')
    cd /Users/khanghnguyen/Library/Developer/Xcode/DerivedData/Wishie-gavmeupfwiyxzhaiqkwzocyeeixy/SourcePackages/checkouts/GoogleUtilities
    write-file /Users/khanghnguyen/Library/Developer/Xcode/DerivedData/Wishie-gavmeupfwiyxzhaiqkwzocyeeixy/Build/Intermediates.noindex/GoogleUtilities.build/Debug-iphoneos/GoogleUtilities_GoogleUtilities-Reachability.build/empty-GoogleUtilities_GoogleUtilities-Reachability.plist

WriteAuxiliaryFile /Users/khanghnguyen/Library/Developer/Xcode/DerivedData/Wishie-gavmeupfwiyxzhaiqkwzocyeeixy/Build/Intermediates.noindex/GoogleUtilities.build/Debug-iphoneos/GoogleUtilities_GoogleUtilities-Reachability.build/GoogleUtilities_GoogleUtilities-Reachability.DependencyMetadataFileList (in target 'GoogleUtilities_GoogleUtilities-Reachability' from project 'GoogleUtilities')
    cd /Users/khanghnguyen/Library/Developer/Xcode/DerivedData/Wishie-gavmeupfwiyxzhaiqkwzocyeeixy/SourcePackages/checkouts/GoogleUtilities
    write-file /Users/khanghnguyen/Library/Developer/Xcode/DerivedData/Wishie-gavmeupfwiyxzhaiqkwzocyeeixy/Build/Intermediates.noindex/GoogleUtilities.build/Debug-iphoneos/GoogleUtilities_GoogleUtilities-Reachability.build/GoogleUtilities_GoogleUtilities-Reachability.DependencyMetadataFileList

WriteAuxiliaryFile /Users/khanghnguyen/Library/Developer/Xcode/DerivedData/Wishie-gavmeupfwiyxzhaiqkwzocyeeixy/Build/Intermediates.noindex/GoogleUtilities.build/Debug-iphoneos/GoogleUtilities_GoogleUtilities-Reachability.build/GoogleUtilities_GoogleUtilities-Reachability.DependencyStaticMetadataFileList (in target 'GoogleUtilities_GoogleUtilities-Reachability' from project 'GoogleUtilities')
    cd /Users/khanghnguyen/Library/Developer/Xcode/DerivedData/Wishie-gavmeupfwiyxzhaiqkwzocyeeixy/SourcePackages/checkouts/GoogleUtilities
    write-file /Users/khanghnguyen/Library/Developer/Xcode/DerivedData/Wishie-gavmeupfwiyxzhaiqkwzocyeeixy/Build/Intermediates.noindex/GoogleUtilities.build/Debug-iphoneos/GoogleUtilities_GoogleUtilities-Reachability.build/GoogleUtilities_GoogleUtilities-Reachability.DependencyStaticMetadataFileList

WriteAuxiliaryFile /Users/khanghnguyen/Library/Developer/Xcode/DerivedData/Wishie-gavmeupfwiyxzhaiqkwzocyeeixy/Build/Intermediates.noindex/GoogleUtilities.build/Debug-iphoneos/GoogleUtilities_GoogleUtilities-Network.build/empty-GoogleUtilities_GoogleUtilities-Network.plist (in target 'GoogleUtilities_GoogleUtilities-Network' from project 'GoogleUtilities')
    cd /Users/khanghnguyen/Library/Developer/Xcode/DerivedData/Wishie-gavmeupfwiyxzhaiqkwzocyeeixy/SourcePackages/checkouts/GoogleUtilities
    write-file /Users/khanghnguyen/Library/Developer/Xcode/DerivedData/Wishie-gavmeupfwiyxzhaiqkwzocyeeixy/Build/Intermediates.noindex/GoogleUtilities.build/Debug-iphoneos/GoogleUtilities_GoogleUtilities-Network.build/empty-GoogleUtilities_GoogleUtilities-Network.plist

WriteAuxiliaryFile /Users/khanghnguyen/Library/Developer/Xcode/DerivedData/Wishie-gavmeupfwiyxzhaiqkwzocyeeixy/Build/Intermediates.noindex/GoogleUtilities.build/Debug-iphoneos/GoogleUtilities_GoogleUtilities-Network.build/GoogleUtilities_GoogleUtilities-Network.DependencyStaticMetadataFileList (in target 'GoogleUtilities_GoogleUtilities-Network' from project 'GoogleUtilities')
    cd /Users/khanghnguyen/Library/Developer/Xcode/DerivedData/Wishie-gavmeupfwiyxzhaiqkwzocyeeixy/SourcePackages/checkouts/GoogleUtilities
    write-file /Users/khanghnguyen/Library/Developer/Xcode/DerivedData/Wishie-gavmeupfwiyxzhaiqkwzocyeeixy/Build/Intermediates.noindex/GoogleUtilities.build/Debug-iphoneos/GoogleUtilities_GoogleUtilities-Network.build/GoogleUtilities_GoogleUtilities-Network.DependencyStaticMetadataFileList

WriteAuxiliaryFile /Users/khanghnguyen/Library/Developer/Xcode/DerivedData/Wishie-gavmeupfwiyxzhaiqkwzocyeeixy/Build/Intermediates.noindex/GoogleUtilities.build/Debug-iphoneos/GoogleUtilities_GoogleUtilities-Network.build/GoogleUtilities_GoogleUtilities-Network.DependencyMetadataFileList (in target 'GoogleUtilities_GoogleUtilities-Network' from project 'GoogleUtilities')
    cd /Users/khanghnguyen/Library/Developer/Xcode/DerivedData/Wishie-gavmeupfwiyxzhaiqkwzocyeeixy/SourcePackages/checkouts/GoogleUtilities
    write-file /Users/khanghnguyen/Library/Developer/Xcode/DerivedData/Wishie-gavmeupfwiyxzhaiqkwzocyeeixy/Build/Intermediates.noindex/GoogleUtilities.build/Debug-iphoneos/GoogleUtilities_GoogleUtilities-Network.build/GoogleUtilities_GoogleUtilities-Network.DependencyMetadataFileList

WriteAuxiliaryFile /Users/khanghnguyen/Library/Developer/Xcode/DerivedData/Wishie-gavmeupfwiyxzhaiqkwzocyeeixy/Build/Intermediates.noindex/GoogleUtilities.build/Debug-iphoneos/GoogleUtilities_GoogleUtilities-NSData.build/empty-GoogleUtilities_GoogleUtilities-NSData.plist (in target 'GoogleUtilities_GoogleUtilities-NSData' from project 'GoogleUtilities')
    cd /Users/khanghnguyen/Library/Developer/Xcode/DerivedData/Wishie-gavmeupfwiyxzhaiqkwzocyeeixy/SourcePackages/checkouts/GoogleUtilities
    write-file /Users/khanghnguyen/Library/Developer/Xcode/DerivedData/Wishie-gavmeupfwiyxzhaiqkwzocyeeixy/Build/Intermediates.noindex/GoogleUtilities.build/Debug-iphoneos/GoogleUtilities_GoogleUtilities-NSData.build/empty-GoogleUtilities_GoogleUtilities-NSData.plist

WriteAuxiliaryFile /Users/khanghnguyen/Library/Developer/Xcode/DerivedData/Wishie-gavmeupfwiyxzhaiqkwzocyeeixy/Build/Intermediates.noindex/GoogleUtilities.build/Debug-iphoneos/GoogleUtilities_GoogleUtilities-NSData.build/GoogleUtilities_GoogleUtilities-NSData.DependencyStaticMetadataFileList (in target 'GoogleUtilities_GoogleUtilities-NSData' from project 'GoogleUtilities')
    cd /Users/khanghnguyen/Library/Developer/Xcode/DerivedData/Wishie-gavmeupfwiyxzhaiqkwzocyeeixy/SourcePackages/checkouts/GoogleUtilities
    write-file /Users/khanghnguyen/Library/Developer/Xcode/DerivedData/Wishie-gavmeupfwiyxzhaiqkwzocyeeixy/Build/Intermediates.noindex/GoogleUtilities.build/Debug-iphoneos/GoogleUtilities_GoogleUtilities-NSData.build/GoogleUtilities_GoogleUtilities-NSData.DependencyStaticMetadataFileList

WriteAuxiliaryFile /Users/khanghnguyen/Library/Developer/Xcode/DerivedData/Wishie-gavmeupfwiyxzhaiqkwzocyeeixy/Build/Intermediates.noindex/GoogleUtilities.build/Debug-iphoneos/GoogleUtilities_GoogleUtilities-NSData.build/GoogleUtilities_GoogleUtilities-NSData.DependencyMetadataFileList (in target 'GoogleUtilities_GoogleUtilities-NSData' from project 'GoogleUtilities')
    cd /Users/khanghnguyen/Library/Developer/Xcode/DerivedData/Wishie-gavmeupfwiyxzhaiqkwzocyeeixy/SourcePackages/checkouts/GoogleUtilities
    write-file /Users/khanghnguyen/Library/Developer/Xcode/DerivedData/Wishie-gavmeupfwiyxzhaiqkwzocyeeixy/Build/Intermediates.noindex/GoogleUtilities.build/Debug-iphoneos/GoogleUtilities_GoogleUtilities-NSData.build/GoogleUtilities_GoogleUtilities-NSData.DependencyMetadataFileList

WriteAuxiliaryFile /Users/khanghnguyen/Library/Developer/Xcode/DerivedData/Wishie-gavmeupfwiyxzhaiqkwzocyeeixy/Build/Intermediates.noindex/GoogleUtilities.build/Debug-iphoneos/GoogleUtilities_GoogleUtilities-Logger.build/empty-GoogleUtilities_GoogleUtilities-Logger.plist (in target 'GoogleUtilities_GoogleUtilities-Logger' from project 'GoogleUtilities')
    cd /Users/khanghnguyen/Library/Developer/Xcode/DerivedData/Wishie-gavmeupfwiyxzhaiqkwzocyeeixy/SourcePackages/checkouts/GoogleUtilities
    write-file /Users/khanghnguyen/Library/Developer/Xcode/DerivedData/Wishie-gavmeupfwiyxzhaiqkwzocyeeixy/Build/Intermediates.noindex/GoogleUtilities.build/Debug-iphoneos/GoogleUtilities_GoogleUtilities-Logger.build/empty-GoogleUtilities_GoogleUtilities-Logger.plist

WriteAuxiliaryFile /Users/khanghnguyen/Library/Developer/Xcode/DerivedData/Wishie-gavmeupfwiyxzhaiqkwzocyeeixy/Build/Intermediates.noindex/GoogleUtilities.build/Debug-iphoneos/GoogleUtilities_GoogleUtilities-Logger.build/GoogleUtilities_GoogleUtilities-Logger.DependencyStaticMetadataFileList (in target 'GoogleUtilities_GoogleUtilities-Logger' from project 'GoogleUtilities')
    cd /Users/khanghnguyen/Library/Developer/Xcode/DerivedData/Wishie-gavmeupfwiyxzhaiqkwzocyeeixy/SourcePackages/checkouts/GoogleUtilities
    write-file /Users/khanghnguyen/Library/Developer/Xcode/DerivedData/Wishie-gavmeupfwiyxzhaiqkwzocyeeixy/Build/Intermediates.noindex/GoogleUtilities.build/Debug-iphoneos/GoogleUtilities_GoogleUtilities-Logger.build/GoogleUtilities_GoogleUtilities-Logger.DependencyStaticMetadataFileList

WriteAuxiliaryFile /Users/khanghnguyen/Library/Developer/Xcode/DerivedData/Wishie-gavmeupfwiyxzhaiqkwzocyeeixy/Build/Intermediates.noindex/GoogleUtilities.build/Debug-iphoneos/GoogleUtilities_GoogleUtilities-Logger.build/GoogleUtilities_GoogleUtilities-Logger.DependencyMetadataFileList (in target 'GoogleUtilities_GoogleUtilities-Logger' from project 'GoogleUtilities')
    cd /Users/khanghnguyen/Library/Developer/Xcode/DerivedData/Wishie-gavmeupfwiyxzhaiqkwzocyeeixy/SourcePackages/checkouts/GoogleUtilities
    write-file /Users/khanghnguyen/Library/Developer/Xcode/DerivedData/Wishie-gavmeupfwiyxzhaiqkwzocyeeixy/Build/Intermediates.noindex/GoogleUtilities.build/Debug-iphoneos/GoogleUtilities_GoogleUtilities-Logger.build/GoogleUtilities_GoogleUtilities-Logger.DependencyMetadataFileList

WriteAuxiliaryFile /Users/khanghnguyen/Library/Developer/Xcode/DerivedData/Wishie-gavmeupfwiyxzhaiqkwzocyeeixy/Build/Intermediates.noindex/GoogleUtilities.build/Debug-iphoneos/GoogleUtilities_GoogleUtilities-Environment.build/empty-GoogleUtilities_GoogleUtilities-Environment.plist (in target 'GoogleUtilities_GoogleUtilities-Environment' from project 'GoogleUtilities')
    cd /Users/khanghnguyen/Library/Developer/Xcode/DerivedData/Wishie-gavmeupfwiyxzhaiqkwzocyeeixy/SourcePackages/checkouts/GoogleUtilities
    write-file /Users/khanghnguyen/Library/Developer/Xcode/DerivedData/Wishie-gavmeupfwiyxzhaiqkwzocyeeixy/Build/Intermediates.noindex/GoogleUtilities.build/Debug-iphoneos/GoogleUtilities_GoogleUtilities-Environment.build/empty-GoogleUtilities_GoogleUtilities-Environment.plist

WriteAuxiliaryFile /Users/khanghnguyen/Library/Developer/Xcode/DerivedData/Wishie-gavmeupfwiyxzhaiqkwzocyeeixy/Build/Intermediates.noindex/GoogleUtilities.build/Debug-iphoneos/GoogleUtilities_GoogleUtilities-Environment.build/GoogleUtilities_GoogleUtilities-Environment.DependencyMetadataFileList (in target 'GoogleUtilities_GoogleUtilities-Environment' from project 'GoogleUtilities')
    cd /Users/khanghnguyen/Library/Developer/Xcode/DerivedData/Wishie-gavmeupfwiyxzhaiqkwzocyeeixy/SourcePackages/checkouts/GoogleUtilities
    write-file /Users/khanghnguyen/Library/Developer/Xcode/DerivedData/Wishie-gavmeupfwiyxzhaiqkwzocyeeixy/Build/Intermediates.noindex/GoogleUtilities.build/Debug-iphoneos/GoogleUtilities_GoogleUtilities-Environment.build/GoogleUtilities_GoogleUtilities-Environment.DependencyMetadataFileList

WriteAuxiliaryFile /Users/khanghnguyen/Library/Developer/Xcode/DerivedData/Wishie-gavmeupfwiyxzhaiqkwzocyeeixy/Build/Intermediates.noindex/GoogleUtilities.build/Debug-iphoneos/GoogleUtilities_GoogleUtilities-Environment.build/GoogleUtilities_GoogleUtilities-Environment.DependencyStaticMetadataFileList (in target 'GoogleUtilities_GoogleUtilities-Environment' from project 'GoogleUtilities')
    cd /Users/khanghnguyen/Library/Developer/Xcode/DerivedData/Wishie-gavmeupfwiyxzhaiqkwzocyeeixy/SourcePackages/checkouts/GoogleUtilities
    write-file /Users/khanghnguyen/Library/Developer/Xcode/DerivedData/Wishie-gavmeupfwiyxzhaiqkwzocyeeixy/Build/Intermediates.noindex/GoogleUtilities.build/Debug-iphoneos/GoogleUtilities_GoogleUtilities-Environment.build/GoogleUtilities_GoogleUtilities-Environment.DependencyStaticMetadataFileList

WriteAuxiliaryFile /Users/khanghnguyen/Library/Developer/Xcode/DerivedData/Wishie-gavmeupfwiyxzhaiqkwzocyeeixy/Build/Intermediates.noindex/GoogleUtilities.build/Debug-iphoneos/GoogleUtilities_GoogleUtilities-AppDelegateSwizzler.build/empty-GoogleUtilities_GoogleUtilities-AppDelegateSwizzler.plist (in target 'GoogleUtilities_GoogleUtilities-AppDelegateSwizzler' from project 'GoogleUtilities')
    cd /Users/khanghnguyen/Library/Developer/Xcode/DerivedData/Wishie-gavmeupfwiyxzhaiqkwzocyeeixy/SourcePackages/checkouts/GoogleUtilities
    write-file /Users/khanghnguyen/Library/Developer/Xcode/DerivedData/Wishie-gavmeupfwiyxzhaiqkwzocyeeixy/Build/Intermediates.noindex/GoogleUtilities.build/Debug-iphoneos/GoogleUtilities_GoogleUtilities-AppDelegateSwizzler.build/empty-GoogleUtilities_GoogleUtilities-AppDelegateSwizzler.plist

WriteAuxiliaryFile /Users/khanghnguyen/Library/Developer/Xcode/DerivedData/Wishie-gavmeupfwiyxzhaiqkwzocyeeixy/Build/Intermediates.noindex/GoogleUtilities.build/Debug-iphoneos/GoogleUtilities_GoogleUtilities-AppDelegateSwizzler.build/GoogleUtilities_GoogleUtilities-AppDelegateSwizzler.DependencyStaticMetadataFileList (in target 'GoogleUtilities_GoogleUtilities-AppDelegateSwizzler' from project 'GoogleUtilities')
    cd /Users/khanghnguyen/Library/Developer/Xcode/DerivedData/Wishie-gavmeupfwiyxzhaiqkwzocyeeixy/SourcePackages/checkouts/GoogleUtilities
    write-file /Users/khanghnguyen/Library/Developer/Xcode/DerivedData/Wishie-gavmeupfwiyxzhaiqkwzocyeeixy/Build/Intermediates.noindex/GoogleUtilities.build/Debug-iphoneos/GoogleUtilities_GoogleUtilities-AppDelegateSwizzler.build/GoogleUtilities_GoogleUtilities-AppDelegateSwizzler.DependencyStaticMetadataFileList

WriteAuxiliaryFile /Users/khanghnguyen/Library/Developer/Xcode/DerivedData/Wishie-gavmeupfwiyxzhaiqkwzocyeeixy/Build/Intermediates.noindex/GoogleUtilities.build/Debug-iphoneos/GoogleUtilities_GoogleUtilities-AppDelegateSwizzler.build/GoogleUtilities_GoogleUtilities-AppDelegateSwizzler.DependencyMetadataFileList (in target 'GoogleUtilities_GoogleUtilities-AppDelegateSwizzler' from project 'GoogleUtilities')
    cd /Users/khanghnguyen/Library/Developer/Xcode/DerivedData/Wishie-gavmeupfwiyxzhaiqkwzocyeeixy/SourcePackages/checkouts/GoogleUtilities
    write-file /Users/khanghnguyen/Library/Developer/Xcode/DerivedData/Wishie-gavmeupfwiyxzhaiqkwzocyeeixy/Build/Intermediates.noindex/GoogleUtilities.build/Debug-iphoneos/GoogleUtilities_GoogleUtilities-AppDelegateSwizzler.build/GoogleUtilities_GoogleUtilities-AppDelegateSwizzler.DependencyMetadataFileList

WriteAuxiliaryFile /Users/khanghnguyen/Library/Developer/Xcode/DerivedData/Wishie-gavmeupfwiyxzhaiqkwzocyeeixy/Build/Intermediates.noindex/GoogleUtilities.build/Debug-iphoneos/GoogleUtilities-Reachability.build/GoogleUtilities-Reachability.DependencyStaticMetadataFileList (in target 'GoogleUtilities-Reachability' from project 'GoogleUtilities')
    cd /Users/khanghnguyen/Library/Developer/Xcode/DerivedData/Wishie-gavmeupfwiyxzhaiqkwzocyeeixy/SourcePackages/checkouts/GoogleUtilities
    write-file /Users/khanghnguyen/Library/Developer/Xcode/DerivedData/Wishie-gavmeupfwiyxzhaiqkwzocyeeixy/Build/Intermediates.noindex/GoogleUtilities.build/Debug-iphoneos/GoogleUtilities-Reachability.build/GoogleUtilities-Reachability.DependencyStaticMetadataFileList

WriteAuxiliaryFile /Users/khanghnguyen/Library/Developer/Xcode/DerivedData/Wishie-gavmeupfwiyxzhaiqkwzocyeeixy/Build/Intermediates.noindex/GoogleUtilities.build/Debug-iphoneos/GoogleUtilities-Reachability.build/GoogleUtilities-Reachability.modulemap (in target 'GoogleUtilities-Reachability' from project 'GoogleUtilities')
    cd /Users/khanghnguyen/Library/Developer/Xcode/DerivedData/Wishie-gavmeupfwiyxzhaiqkwzocyeeixy/SourcePackages/checkouts/GoogleUtilities
    write-file /Users/khanghnguyen/Library/Developer/Xcode/DerivedData/Wishie-gavmeupfwiyxzhaiqkwzocyeeixy/Build/Intermediates.noindex/GoogleUtilities.build/Debug-iphoneos/GoogleUtilities-Reachability.build/GoogleUtilities-Reachability.modulemap

WriteAuxiliaryFile /Users/khanghnguyen/Library/Developer/Xcode/DerivedData/Wishie-gavmeupfwiyxzhaiqkwzocyeeixy/Build/Intermediates.noindex/GoogleUtilities.build/Debug-iphoneos/GoogleUtilities-Reachability.build/GoogleUtilities-Reachability.DependencyMetadataFileList (in target 'GoogleUtilities-Reachability' from project 'GoogleUtilities')
    cd /Users/khanghnguyen/Library/Developer/Xcode/DerivedData/Wishie-gavmeupfwiyxzhaiqkwzocyeeixy/SourcePackages/checkouts/GoogleUtilities
    write-file /Users/khanghnguyen/Library/Developer/Xcode/DerivedData/Wishie-gavmeupfwiyxzhaiqkwzocyeeixy/Build/Intermediates.noindex/GoogleUtilities.build/Debug-iphoneos/GoogleUtilities-Reachability.build/GoogleUtilities-Reachability.DependencyMetadataFileList

WriteAuxiliaryFile /Users/khanghnguyen/Library/Developer/Xcode/DerivedData/Wishie-gavmeupfwiyxzhaiqkwzocyeeixy/Build/Intermediates.noindex/GoogleUtilities.build/Debug-iphoneos/GoogleUtilities-Reachability.build/Objects-normal/arm64/e6072d4f65d7061329687fe24e3d63a7-common-args.resp (in target 'GoogleUtilities-Reachability' from project 'GoogleUtilities')
    cd /Users/khanghnguyen/Library/Developer/Xcode/DerivedData/Wishie-gavmeupfwiyxzhaiqkwzocyeeixy/SourcePackages/checkouts/GoogleUtilities
    write-file /Users/khanghnguyen/Library/Developer/Xcode/DerivedData/Wishie-gavmeupfwiyxzhaiqkwzocyeeixy/Build/Intermediates.noindex/GoogleUtilities.build/Debug-iphoneos/GoogleUtilities-Reachability.build/Objects-normal/arm64/e6072d4f65d7061329687fe24e3d63a7-common-args.resp
-target arm64-apple-ios12.0 '-std=c99' -fobjc-arc -fmodules -gmodules '-fmodules-cache-path=/Users/khanghnguyen/Library/Developer/Xcode/DerivedData/ModuleCache.noindex' '-fmodule-name=GoogleUtilities_Reachability' -fpascal-strings -O0 -DSWIFT_PACKAGE '-DDEBUG=1' '-DOBJC_OLD_DISPATCH_PROTOTYPES=1' -isysroot /Applications/Xcode.app/Contents/Developer/Platforms/iPhoneOS.platform/Developer/SDKs/iPhoneOS26.2.sdk -g -fprofile-instr-generate -fcoverage-mapping -I/Users/khanghnguyen/Library/Developer/Xcode/DerivedData/Wishie-gavmeupfwiyxzhaiqkwzocyeeixy/SourcePackages/checkouts/GoogleUtilities/GoogleUtilities/Logger/Public -I/Users/khanghnguyen/Library/Developer/Xcode/DerivedData/Wishie-gavmeupfwiyxzhaiqkwzocyeeixy/SourcePackages/checkouts/GoogleUtilities/GoogleUtilities/Environment/Public -I/Users/khanghnguyen/Library/Developer/Xcode/DerivedData/Wishie-gavmeupfwiyxzhaiqkwzocyeeixy/SourcePackages/checkouts/GoogleUtilities/third_party/IsAppEncrypted/Public -I/Users/khanghnguyen/Library/Developer/Xcode/DerivedData/Wishie-gavmeupfwiyxzhaiqkwzocyeeixy/Build/Products/Debug-iphoneos/include -I/Users/khanghnguyen/Library/Developer/Xcode/DerivedData/Wishie-gavmeupfwiyxzhaiqkwzocyeeixy/SourcePackages/checkouts/GoogleUtilities/GoogleUtilities/Reachability/Public -I/Users/khanghnguyen/Library/Developer/Xcode/DerivedData/Wishie-gavmeupfwiyxzhaiqkwzocyeeixy/SourcePackages/checkouts/GoogleUtilities -I/Users/khanghnguyen/Library/Developer/Xcode/DerivedData/Wishie-gavmeupfwiyxzhaiqkwzocyeeixy/Build/Intermediates.noindex/GoogleUtilities.build/Debug-iphoneos/GoogleUtilities-Reachability.build/DerivedSources-normal/arm64 -I/Users/khanghnguyen/Library/Developer/Xcode/DerivedData/Wishie-gavmeupfwiyxzhaiqkwzocyeeixy/Build/Intermediates.noindex/GoogleUtilities.build/Debug-iphoneos/GoogleUtilities-Reachability.build/DerivedSources/arm64 -I/Users/khanghnguyen/Library/Developer/Xcode/DerivedData/Wishie-gavmeupfwiyxzhaiqkwzocyeeixy/Build/Intermediates.noindex/GoogleUtilities.build/Debug-iphoneos/GoogleUtilities-Reachability.build/DerivedSources -F/Users/khanghnguyen/Library/Developer/Xcode/DerivedData/Wishie-gavmeupfwiyxzhaiqkwzocyeeixy/Build/Products/Debug-iphoneos/PackageFrameworks -F/Users/khanghnguyen/Library/Developer/Xcode/DerivedData/Wishie-gavmeupfwiyxzhaiqkwzocyeeixy/Build/Products/Debug-iphoneos/PackageFrameworks -F/Users/khanghnguyen/Library/Developer/Xcode/DerivedData/Wishie-gavmeupfwiyxzhaiqkwzocyeeixy/Build/Products/Debug-iphoneos/PackageFrameworks -F/Users/khanghnguyen/Library/Developer/Xcode/DerivedData/Wishie-gavmeupfwiyxzhaiqkwzocyeeixy/Build/Products/Debug-iphoneos -iframework /Applications/Xcode.app/Contents/Developer/Platforms/iPhoneOS.platform/Developer/Library/Frameworks -iframework /Applications/Xcode.app/Contents/Developer/Platforms/iPhoneOS.platform/Developer/SDKs/iPhoneOS26.2.sdk/Developer/Library/Frameworks '-fmodule-map-file=/Users/khanghnguyen/Library/Developer/Xcode/DerivedData/Wishie-gavmeupfwiyxzhaiqkwzocyeeixy/Build/Intermediates.noindex/GeneratedModuleMaps-iphoneos/GoogleUtilities-Logger.modulemap' '-fmodule-map-file=/Users/khanghnguyen/Library/Developer/Xcode/DerivedData/Wishie-gavmeupfwiyxzhaiqkwzocyeeixy/Build/Intermediates.noindex/GeneratedModuleMaps-iphoneos/GoogleUtilities-Environment.modulemap' '-fmodule-map-file=/Users/khanghnguyen/Library/Developer/Xcode/DerivedData/Wishie-gavmeupfwiyxzhaiqkwzocyeeixy/Build/Intermediates.noindex/GeneratedModuleMaps-iphoneos/third-party-IsAppEncrypted.modulemap' -DXcode

WriteAuxiliaryFile /Users/khanghnguyen/Library/Developer/Xcode/DerivedData/Wishie-gavmeupfwiyxzhaiqkwzocyeeixy/Build/Intermediates.noindex/GoogleUtilities.build/Debug-iphoneos/GoogleUtilities-Reachability.build/DerivedSources/resource_bundle_accessor.m (in target 'GoogleUtilities-Reachability' from project 'GoogleUtilities')
    cd /Users/khanghnguyen/Library/Developer/Xcode/DerivedData/Wishie-gavmeupfwiyxzhaiqkwzocyeeixy/SourcePackages/checkouts/GoogleUtilities
    write-file /Users/khanghnguyen/Library/Developer/Xcode/DerivedData/Wishie-gavmeupfwiyxzhaiqkwzocyeeixy/Build/Intermediates.noindex/GoogleUtilities.build/Debug-iphoneos/GoogleUtilities-Reachability.build/DerivedSources/resource_bundle_accessor.m

WriteAuxiliaryFile /Users/khanghnguyen/Library/Developer/Xcode/DerivedData/Wishie-gavmeupfwiyxzhaiqkwzocyeeixy/Build/Intermediates.noindex/GoogleUtilities.build/Debug-iphoneos/GoogleUtilities-Reachability.build/DerivedSources/resource_bundle_accessor.h (in target 'GoogleUtilities-Reachability' from project 'GoogleUtilities')
    cd /Users/khanghnguyen/Library/Developer/Xcode/DerivedData/Wishie-gavmeupfwiyxzhaiqkwzocyeeixy/SourcePackages/checkouts/GoogleUtilities
    write-file /Users/khanghnguyen/Library/Developer/Xcode/DerivedData/Wishie-gavmeupfwiyxzhaiqkwzocyeeixy/Build/Intermediates.noindex/GoogleUtilities.build/Debug-iphoneos/GoogleUtilities-Reachability.build/DerivedSources/resource_bundle_accessor.h

WriteAuxiliaryFile /Users/khanghnguyen/Library/Developer/Xcode/DerivedData/Wishie-gavmeupfwiyxzhaiqkwzocyeeixy/Build/Intermediates.noindex/GoogleUtilities.build/Debug-iphoneos/GoogleUtilities-Reachability.build/Objects-normal/arm64/GoogleUtilities-Reachability.LinkFileList (in target 'GoogleUtilities-Reachability' from project 'GoogleUtilities')
    cd /Users/khanghnguyen/Library/Developer/Xcode/DerivedData/Wishie-gavmeupfwiyxzhaiqkwzocyeeixy/SourcePackages/checkouts/GoogleUtilities
    write-file /Users/khanghnguyen/Library/Developer/Xcode/DerivedData/Wishie-gavmeupfwiyxzhaiqkwzocyeeixy/Build/Intermediates.noindex/GoogleUtilities.build/Debug-iphoneos/GoogleUtilities-Reachability.build/Objects-normal/arm64/GoogleUtilities-Reachability.LinkFileList

WriteAuxiliaryFile /Users/khanghnguyen/Library/Developer/Xcode/DerivedData/Wishie-gavmeupfwiyxzhaiqkwzocyeeixy/Build/Intermediates.noindex/GoogleUtilities.build/Debug-iphoneos/GoogleUtilities-Network.build/GoogleUtilities-Network.DependencyStaticMetadataFileList (in target 'GoogleUtilities-Network' from project 'GoogleUtilities')
    cd /Users/khanghnguyen/Library/Developer/Xcode/DerivedData/Wishie-gavmeupfwiyxzhaiqkwzocyeeixy/SourcePackages/checkouts/GoogleUtilities
    write-file /Users/khanghnguyen/Library/Developer/Xcode/DerivedData/Wishie-gavmeupfwiyxzhaiqkwzocyeeixy/Build/Intermediates.noindex/GoogleUtilities.build/Debug-iphoneos/GoogleUtilities-Network.build/GoogleUtilities-Network.DependencyStaticMetadataFileList

WriteAuxiliaryFile /Users/khanghnguyen/Library/Developer/Xcode/DerivedData/Wishie-gavmeupfwiyxzhaiqkwzocyeeixy/Build/Intermediates.noindex/GoogleUtilities.build/Debug-iphoneos/GoogleUtilities-Network.build/GoogleUtilities-Network.modulemap (in target 'GoogleUtilities-Network' from project 'GoogleUtilities')
    cd /Users/khanghnguyen/Library/Developer/Xcode/DerivedData/Wishie-gavmeupfwiyxzhaiqkwzocyeeixy/SourcePackages/checkouts/GoogleUtilities
    write-file /Users/khanghnguyen/Library/Developer/Xcode/DerivedData/Wishie-gavmeupfwiyxzhaiqkwzocyeeixy/Build/Intermediates.noindex/GoogleUtilities.build/Debug-iphoneos/GoogleUtilities-Network.build/GoogleUtilities-Network.modulemap

WriteAuxiliaryFile /Users/khanghnguyen/Library/Developer/Xcode/DerivedData/Wishie-gavmeupfwiyxzhaiqkwzocyeeixy/Build/Intermediates.noindex/GoogleUtilities.build/Debug-iphoneos/GoogleUtilities-Network.build/GoogleUtilities-Network.DependencyMetadataFileList (in target 'GoogleUtilities-Network' from project 'GoogleUtilities')
    cd /Users/khanghnguyen/Library/Developer/Xcode/DerivedData/Wishie-gavmeupfwiyxzhaiqkwzocyeeixy/SourcePackages/checkouts/GoogleUtilities
    write-file /Users/khanghnguyen/Library/Developer/Xcode/DerivedData/Wishie-gavmeupfwiyxzhaiqkwzocyeeixy/Build/Intermediates.noindex/GoogleUtilities.build/Debug-iphoneos/GoogleUtilities-Network.build/GoogleUtilities-Network.DependencyMetadataFileList

WriteAuxiliaryFile /Users/khanghnguyen/Library/Developer/Xcode/DerivedData/Wishie-gavmeupfwiyxzhaiqkwzocyeeixy/Build/Intermediates.noindex/GoogleUtilities.build/Debug-iphoneos/GoogleUtilities-Network.build/Objects-normal/arm64/e6072d4f65d7061329687fe24e3d63a7-common-args.resp (in target 'GoogleUtilities-Network' from project 'GoogleUtilities')
    cd /Users/khanghnguyen/Library/Developer/Xcode/DerivedData/Wishie-gavmeupfwiyxzhaiqkwzocyeeixy/SourcePackages/checkouts/GoogleUtilities
    write-file /Users/khanghnguyen/Library/Developer/Xcode/DerivedData/Wishie-gavmeupfwiyxzhaiqkwzocyeeixy/Build/Intermediates.noindex/GoogleUtilities.build/Debug-iphoneos/GoogleUtilities-Network.build/Objects-normal/arm64/e6072d4f65d7061329687fe24e3d63a7-common-args.resp
-target arm64-apple-ios12.0 '-std=c99' -fobjc-arc -fmodules -gmodules '-fmodules-cache-path=/Users/khanghnguyen/Library/Developer/Xcode/DerivedData/ModuleCache.noindex' '-fmodule-name=GoogleUtilities_Network' -fpascal-strings -O0 -DSWIFT_PACKAGE '-DDEBUG=1' '-DOBJC_OLD_DISPATCH_PROTOTYPES=1' -isysroot /Applications/Xcode.app/Contents/Developer/Platforms/iPhoneOS.platform/Developer/SDKs/iPhoneOS26.2.sdk -g -fprofile-instr-generate -fcoverage-mapping -I/Users/khanghnguyen/Library/Developer/Xcode/DerivedData/Wishie-gavmeupfwiyxzhaiqkwzocyeeixy/SourcePackages/checkouts/GoogleUtilities/GoogleUtilities/Reachability/Public -I/Users/khanghnguyen/Library/Developer/Xcode/DerivedData/Wishie-gavmeupfwiyxzhaiqkwzocyeeixy/SourcePackages/checkouts/GoogleUtilities/GoogleUtilities/NSData+zlib/Public -I/Users/khanghnguyen/Library/Developer/Xcode/DerivedData/Wishie-gavmeupfwiyxzhaiqkwzocyeeixy/SourcePackages/checkouts/GoogleUtilities/GoogleUtilities/Logger/Public -I/Users/khanghnguyen/Library/Developer/Xcode/DerivedData/Wishie-gavmeupfwiyxzhaiqkwzocyeeixy/SourcePackages/checkouts/GoogleUtilities/GoogleUtilities/Environment/Public -I/Users/khanghnguyen/Library/Developer/Xcode/DerivedData/Wishie-gavmeupfwiyxzhaiqkwzocyeeixy/SourcePackages/checkouts/GoogleUtilities/third_party/IsAppEncrypted/Public -I/Users/khanghnguyen/Library/Developer/Xcode/DerivedData/Wishie-gavmeupfwiyxzhaiqkwzocyeeixy/Build/Products/Debug-iphoneos/include -I/Users/khanghnguyen/Library/Developer/Xcode/DerivedData/Wishie-gavmeupfwiyxzhaiqkwzocyeeixy/SourcePackages/checkouts/GoogleUtilities/GoogleUtilities/Network/Public -I/Users/khanghnguyen/Library/Developer/Xcode/DerivedData/Wishie-gavmeupfwiyxzhaiqkwzocyeeixy/SourcePackages/checkouts/GoogleUtilities -I/Users/khanghnguyen/Library/Developer/Xcode/DerivedData/Wishie-gavmeupfwiyxzhaiqkwzocyeeixy/Build/Intermediates.noindex/GoogleUtilities.build/Debug-iphoneos/GoogleUtilities-Network.build/DerivedSources-normal/arm64 -I/Users/khanghnguyen/Library/Developer/Xcode/DerivedData/Wishie-gavmeupfwiyxzhaiqkwzocyeeixy/Build/Intermediates.noindex/GoogleUtilities.build/Debug-iphoneos/GoogleUtilities-Network.build/DerivedSources/arm64 -I/Users/khanghnguyen/Library/Developer/Xcode/DerivedData/Wishie-gavmeupfwiyxzhaiqkwzocyeeixy/Build/Intermediates.noindex/GoogleUtilities.build/Debug-iphoneos/GoogleUtilities-Network.build/DerivedSources -F/Users/khanghnguyen/Library/Developer/Xcode/DerivedData/Wishie-gavmeupfwiyxzhaiqkwzocyeeixy/Build/Products/Debug-iphoneos/PackageFrameworks -F/Users/khanghnguyen/Library/Developer/Xcode/DerivedData/Wishie-gavmeupfwiyxzhaiqkwzocyeeixy/Build/Products/Debug-iphoneos/PackageFrameworks -F/Users/khanghnguyen/Library/Developer/Xcode/DerivedData/Wishie-gavmeupfwiyxzhaiqkwzocyeeixy/Build/Products/Debug-iphoneos/PackageFrameworks -F/Users/khanghnguyen/Library/Developer/Xcode/DerivedData/Wishie-gavmeupfwiyxzhaiqkwzocyeeixy/Build/Products/Debug-iphoneos/PackageFrameworks -F/Users/khanghnguyen/Library/Developer/Xcode/DerivedData/Wishie-gavmeupfwiyxzhaiqkwzocyeeixy/Build/Products/Debug-iphoneos/PackageFrameworks -F/Users/khanghnguyen/Library/Developer/Xcode/DerivedData/Wishie-gavmeupfwiyxzhaiqkwzocyeeixy/Build/Products/Debug-iphoneos -iframework /Applications/Xcode.app/Contents/Developer/Platforms/iPhoneOS.platform/Developer/Library/Frameworks -iframework /Applications/Xcode.app/Contents/Developer/Platforms/iPhoneOS.platform/Developer/SDKs/iPhoneOS26.2.sdk/Developer/Library/Frameworks '-fmodule-map-file=/Users/khanghnguyen/Library/Developer/Xcode/DerivedData/Wishie-gavmeupfwiyxzhaiqkwzocyeeixy/Build/Intermediates.noindex/GeneratedModuleMaps-iphoneos/GoogleUtilities-Reachability.modulemap' '-fmodule-map-file=/Users/khanghnguyen/Library/Developer/Xcode/DerivedData/Wishie-gavmeupfwiyxzhaiqkwzocyeeixy/Build/Intermediates.noindex/GeneratedModuleMaps-iphoneos/GoogleUtilities-NSData.modulemap' '-fmodule-map-file=/Users/khanghnguyen/Library/Developer/Xcode/DerivedData/Wishie-gavmeupfwiyxzhaiqkwzocyeeixy/Build/Intermediates.noindex/GeneratedModuleMaps-iphoneos/GoogleUtilities-Logger.modulemap' '-fmodule-map-file=/Users/khanghnguyen/Library/Developer/Xcode/DerivedData/Wishie-gavmeupfwiyxzhaiqkwzocyeeixy/Build/Intermediates.noindex/GeneratedModuleMaps-iphoneos/GoogleUtilities-Environment.modulemap' '-fmodule-map-file=/Users/khanghnguyen/Library/Developer/Xcode/DerivedData/Wishie-gavmeupfwiyxzhaiqkwzocyeeixy/Build/Intermediates.noindex/GeneratedModuleMaps-iphoneos/third-party-IsAppEncrypted.modulemap' -DXcode

WriteAuxiliaryFile /Users/khanghnguyen/Library/Developer/Xcode/DerivedData/Wishie-gavmeupfwiyxzhaiqkwzocyeeixy/Build/Intermediates.noindex/GoogleUtilities.build/Debug-iphoneos/GoogleUtilities-Network.build/Objects-normal/arm64/GoogleUtilities-Network.LinkFileList (in target 'GoogleUtilities-Network' from project 'GoogleUtilities')
    cd /Users/khanghnguyen/Library/Developer/Xcode/DerivedData/Wishie-gavmeupfwiyxzhaiqkwzocyeeixy/SourcePackages/checkouts/GoogleUtilities
    write-file /Users/khanghnguyen/Library/Developer/Xcode/DerivedData/Wishie-gavmeupfwiyxzhaiqkwzocyeeixy/Build/Intermediates.noindex/GoogleUtilities.build/Debug-iphoneos/GoogleUtilities-Network.build/Objects-normal/arm64/GoogleUtilities-Network.LinkFileList

WriteAuxiliaryFile /Users/khanghnguyen/Library/Developer/Xcode/DerivedData/Wishie-gavmeupfwiyxzhaiqkwzocyeeixy/Build/Intermediates.noindex/GoogleUtilities.build/Debug-iphoneos/GoogleUtilities-Network.build/DerivedSources/resource_bundle_accessor.h (in target 'GoogleUtilities-Network' from project 'GoogleUtilities')
    cd /Users/khanghnguyen/Library/Developer/Xcode/DerivedData/Wishie-gavmeupfwiyxzhaiqkwzocyeeixy/SourcePackages/checkouts/GoogleUtilities
    write-file /Users/khanghnguyen/Library/Developer/Xcode/DerivedData/Wishie-gavmeupfwiyxzhaiqkwzocyeeixy/Build/Intermediates.noindex/GoogleUtilities.build/Debug-iphoneos/GoogleUtilities-Network.build/DerivedSources/resource_bundle_accessor.h

WriteAuxiliaryFile /Users/khanghnguyen/Library/Developer/Xcode/DerivedData/Wishie-gavmeupfwiyxzhaiqkwzocyeeixy/Build/Intermediates.noindex/GoogleUtilities.build/Debug-iphoneos/GoogleUtilities-Network.build/DerivedSources/resource_bundle_accessor.m (in target 'GoogleUtilities-Network' from project 'GoogleUtilities')
    cd /Users/khanghnguyen/Library/Developer/Xcode/DerivedData/Wishie-gavmeupfwiyxzhaiqkwzocyeeixy/SourcePackages/checkouts/GoogleUtilities
    write-file /Users/khanghnguyen/Library/Developer/Xcode/DerivedData/Wishie-gavmeupfwiyxzhaiqkwzocyeeixy/Build/Intermediates.noindex/GoogleUtilities.build/Debug-iphoneos/GoogleUtilities-Network.build/DerivedSources/resource_bundle_accessor.m

WriteAuxiliaryFile /Users/khanghnguyen/Library/Developer/Xcode/DerivedData/Wishie-gavmeupfwiyxzhaiqkwzocyeeixy/Build/Intermediates.noindex/GoogleUtilities.build/Debug-iphoneos/GoogleUtilities-NSData.build/GoogleUtilities-NSData.modulemap (in target 'GoogleUtilities-NSData' from project 'GoogleUtilities')
    cd /Users/khanghnguyen/Library/Developer/Xcode/DerivedData/Wishie-gavmeupfwiyxzhaiqkwzocyeeixy/SourcePackages/checkouts/GoogleUtilities
    write-file /Users/khanghnguyen/Library/Developer/Xcode/DerivedData/Wishie-gavmeupfwiyxzhaiqkwzocyeeixy/Build/Intermediates.noindex/GoogleUtilities.build/Debug-iphoneos/GoogleUtilities-NSData.build/GoogleUtilities-NSData.modulemap

WriteAuxiliaryFile /Users/khanghnguyen/Library/Developer/Xcode/DerivedData/Wishie-gavmeupfwiyxzhaiqkwzocyeeixy/Build/Intermediates.noindex/GoogleUtilities.build/Debug-iphoneos/GoogleUtilities-NSData.build/GoogleUtilities-NSData.DependencyMetadataFileList (in target 'GoogleUtilities-NSData' from project 'GoogleUtilities')
    cd /Users/khanghnguyen/Library/Developer/Xcode/DerivedData/Wishie-gavmeupfwiyxzhaiqkwzocyeeixy/SourcePackages/checkouts/GoogleUtilities
    write-file /Users/khanghnguyen/Library/Developer/Xcode/DerivedData/Wishie-gavmeupfwiyxzhaiqkwzocyeeixy/Build/Intermediates.noindex/GoogleUtilities.build/Debug-iphoneos/GoogleUtilities-NSData.build/GoogleUtilities-NSData.DependencyMetadataFileList

WriteAuxiliaryFile /Users/khanghnguyen/Library/Developer/Xcode/DerivedData/Wishie-gavmeupfwiyxzhaiqkwzocyeeixy/Build/Intermediates.noindex/GoogleUtilities.build/Debug-iphoneos/GoogleUtilities-NSData.build/GoogleUtilities-NSData.DependencyStaticMetadataFileList (in target 'GoogleUtilities-NSData' from project 'GoogleUtilities')
    cd /Users/khanghnguyen/Library/Developer/Xcode/DerivedData/Wishie-gavmeupfwiyxzhaiqkwzocyeeixy/SourcePackages/checkouts/GoogleUtilities
    write-file /Users/khanghnguyen/Library/Developer/Xcode/DerivedData/Wishie-gavmeupfwiyxzhaiqkwzocyeeixy/Build/Intermediates.noindex/GoogleUtilities.build/Debug-iphoneos/GoogleUtilities-NSData.build/GoogleUtilities-NSData.DependencyStaticMetadataFileList

WriteAuxiliaryFile /Users/khanghnguyen/Library/Developer/Xcode/DerivedData/Wishie-gavmeupfwiyxzhaiqkwzocyeeixy/Build/Intermediates.noindex/GoogleUtilities.build/Debug-iphoneos/GoogleUtilities-NSData.build/Objects-normal/arm64/GoogleUtilities-NSData.LinkFileList (in target 'GoogleUtilities-NSData' from project 'GoogleUtilities')
    cd /Users/khanghnguyen/Library/Developer/Xcode/DerivedData/Wishie-gavmeupfwiyxzhaiqkwzocyeeixy/SourcePackages/checkouts/GoogleUtilities
    write-file /Users/khanghnguyen/Library/Developer/Xcode/DerivedData/Wishie-gavmeupfwiyxzhaiqkwzocyeeixy/Build/Intermediates.noindex/GoogleUtilities.build/Debug-iphoneos/GoogleUtilities-NSData.build/Objects-normal/arm64/GoogleUtilities-NSData.LinkFileList

WriteAuxiliaryFile /Users/khanghnguyen/Library/Developer/Xcode/DerivedData/Wishie-gavmeupfwiyxzhaiqkwzocyeeixy/Build/Intermediates.noindex/GoogleUtilities.build/Debug-iphoneos/GoogleUtilities-NSData.build/Objects-normal/arm64/e6072d4f65d7061329687fe24e3d63a7-common-args.resp (in target 'GoogleUtilities-NSData' from project 'GoogleUtilities')
    cd /Users/khanghnguyen/Library/Developer/Xcode/DerivedData/Wishie-gavmeupfwiyxzhaiqkwzocyeeixy/SourcePackages/checkouts/GoogleUtilities
    write-file /Users/khanghnguyen/Library/Developer/Xcode/DerivedData/Wishie-gavmeupfwiyxzhaiqkwzocyeeixy/Build/Intermediates.noindex/GoogleUtilities.build/Debug-iphoneos/GoogleUtilities-NSData.build/Objects-normal/arm64/e6072d4f65d7061329687fe24e3d63a7-common-args.resp
-target arm64-apple-ios12.0 '-std=c99' -fobjc-arc -fmodules -gmodules '-fmodules-cache-path=/Users/khanghnguyen/Library/Developer/Xcode/DerivedData/ModuleCache.noindex' '-fmodule-name=GoogleUtilities_NSData' -fpascal-strings -O0 -DSWIFT_PACKAGE '-DDEBUG=1' '-DOBJC_OLD_DISPATCH_PROTOTYPES=1' -isysroot /Applications/Xcode.app/Contents/Developer/Platforms/iPhoneOS.platform/Developer/SDKs/iPhoneOS26.2.sdk -g -fprofile-instr-generate -fcoverage-mapping -I/Users/khanghnguyen/Library/Developer/Xcode/DerivedData/Wishie-gavmeupfwiyxzhaiqkwzocyeeixy/Build/Products/Debug-iphoneos/include -I/Users/khanghnguyen/Library/Developer/Xcode/DerivedData/Wishie-gavmeupfwiyxzhaiqkwzocyeeixy/SourcePackages/checkouts/GoogleUtilities/GoogleUtilities/NSData+zlib/Public -I/Users/khanghnguyen/Library/Developer/Xcode/DerivedData/Wishie-gavmeupfwiyxzhaiqkwzocyeeixy/SourcePackages/checkouts/GoogleUtilities -I/Users/khanghnguyen/Library/Developer/Xcode/DerivedData/Wishie-gavmeupfwiyxzhaiqkwzocyeeixy/Build/Intermediates.noindex/GoogleUtilities.build/Debug-iphoneos/GoogleUtilities-NSData.build/DerivedSources-normal/arm64 -I/Users/khanghnguyen/Library/Developer/Xcode/DerivedData/Wishie-gavmeupfwiyxzhaiqkwzocyeeixy/Build/Intermediates.noindex/GoogleUtilities.build/Debug-iphoneos/GoogleUtilities-NSData.build/DerivedSources/arm64 -I/Users/khanghnguyen/Library/Developer/Xcode/DerivedData/Wishie-gavmeupfwiyxzhaiqkwzocyeeixy/Build/Intermediates.noindex/GoogleUtilities.build/Debug-iphoneos/GoogleUtilities-NSData.build/DerivedSources -F/Users/khanghnguyen/Library/Developer/Xcode/DerivedData/Wishie-gavmeupfwiyxzhaiqkwzocyeeixy/Build/Products/Debug-iphoneos -iframework /Applications/Xcode.app/Contents/Developer/Platforms/iPhoneOS.platform/Developer/Library/Frameworks -iframework /Applications/Xcode.app/Contents/Developer/Platforms/iPhoneOS.platform/Developer/SDKs/iPhoneOS26.2.sdk/Developer/Library/Frameworks -DXcode

WriteAuxiliaryFile /Users/khanghnguyen/Library/Developer/Xcode/DerivedData/Wishie-gavmeupfwiyxzhaiqkwzocyeeixy/Build/Intermediates.noindex/GoogleUtilities.build/Debug-iphoneos/GoogleUtilities-NSData.build/DerivedSources/resource_bundle_accessor.m (in target 'GoogleUtilities-NSData' from project 'GoogleUtilities')
    cd /Users/khanghnguyen/Library/Developer/Xcode/DerivedData/Wishie-gavmeupfwiyxzhaiqkwzocyeeixy/SourcePackages/checkouts/GoogleUtilities
    write-file /Users/khanghnguyen/Library/Developer/Xcode/DerivedData/Wishie-gavmeupfwiyxzhaiqkwzocyeeixy/Build/Intermediates.noindex/GoogleUtilities.build/Debug-iphoneos/GoogleUtilities-NSData.build/DerivedSources/resource_bundle_accessor.m

WriteAuxiliaryFile /Users/khanghnguyen/Library/Developer/Xcode/DerivedData/Wishie-gavmeupfwiyxzhaiqkwzocyeeixy/Build/Intermediates.noindex/GoogleUtilities.build/Debug-iphoneos/GoogleUtilities-NSData.build/DerivedSources/resource_bundle_accessor.h (in target 'GoogleUtilities-NSData' from project 'GoogleUtilities')
    cd /Users/khanghnguyen/Library/Developer/Xcode/DerivedData/Wishie-gavmeupfwiyxzhaiqkwzocyeeixy/SourcePackages/checkouts/GoogleUtilities
    write-file /Users/khanghnguyen/Library/Developer/Xcode/DerivedData/Wishie-gavmeupfwiyxzhaiqkwzocyeeixy/Build/Intermediates.noindex/GoogleUtilities.build/Debug-iphoneos/GoogleUtilities-NSData.build/DerivedSources/resource_bundle_accessor.h

WriteAuxiliaryFile /Users/khanghnguyen/Library/Developer/Xcode/DerivedData/Wishie-gavmeupfwiyxzhaiqkwzocyeeixy/Build/Intermediates.noindex/GoogleUtilities.build/Debug-iphoneos/GoogleUtilities-Logger.build/GoogleUtilities-Logger.modulemap (in target 'GoogleUtilities-Logger' from project 'GoogleUtilities')
    cd /Users/khanghnguyen/Library/Developer/Xcode/DerivedData/Wishie-gavmeupfwiyxzhaiqkwzocyeeixy/SourcePackages/checkouts/GoogleUtilities
    write-file /Users/khanghnguyen/Library/Developer/Xcode/DerivedData/Wishie-gavmeupfwiyxzhaiqkwzocyeeixy/Build/Intermediates.noindex/GoogleUtilities.build/Debug-iphoneos/GoogleUtilities-Logger.build/GoogleUtilities-Logger.modulemap

WriteAuxiliaryFile /Users/khanghnguyen/Library/Developer/Xcode/DerivedData/Wishie-gavmeupfwiyxzhaiqkwzocyeeixy/Build/Intermediates.noindex/GoogleUtilities.build/Debug-iphoneos/GoogleUtilities-Logger.build/GoogleUtilities-Logger.DependencyStaticMetadataFileList (in target 'GoogleUtilities-Logger' from project 'GoogleUtilities')
    cd /Users/khanghnguyen/Library/Developer/Xcode/DerivedData/Wishie-gavmeupfwiyxzhaiqkwzocyeeixy/SourcePackages/checkouts/GoogleUtilities
    write-file /Users/khanghnguyen/Library/Developer/Xcode/DerivedData/Wishie-gavmeupfwiyxzhaiqkwzocyeeixy/Build/Intermediates.noindex/GoogleUtilities.build/Debug-iphoneos/GoogleUtilities-Logger.build/GoogleUtilities-Logger.DependencyStaticMetadataFileList

WriteAuxiliaryFile /Users/khanghnguyen/Library/Developer/Xcode/DerivedData/Wishie-gavmeupfwiyxzhaiqkwzocyeeixy/Build/Intermediates.noindex/GoogleUtilities.build/Debug-iphoneos/GoogleUtilities-Logger.build/GoogleUtilities-Logger.DependencyMetadataFileList (in target 'GoogleUtilities-Logger' from project 'GoogleUtilities')
    cd /Users/khanghnguyen/Library/Developer/Xcode/DerivedData/Wishie-gavmeupfwiyxzhaiqkwzocyeeixy/SourcePackages/checkouts/GoogleUtilities
    write-file /Users/khanghnguyen/Library/Developer/Xcode/DerivedData/Wishie-gavmeupfwiyxzhaiqkwzocyeeixy/Build/Intermediates.noindex/GoogleUtilities.build/Debug-iphoneos/GoogleUtilities-Logger.build/GoogleUtilities-Logger.DependencyMetadataFileList

WriteAuxiliaryFile /Users/khanghnguyen/Library/Developer/Xcode/DerivedData/Wishie-gavmeupfwiyxzhaiqkwzocyeeixy/Build/Intermediates.noindex/GoogleUtilities.build/Debug-iphoneos/GoogleUtilities-Logger.build/Objects-normal/arm64/e6072d4f65d7061329687fe24e3d63a7-common-args.resp (in target 'GoogleUtilities-Logger' from project 'GoogleUtilities')
    cd /Users/khanghnguyen/Library/Developer/Xcode/DerivedData/Wishie-gavmeupfwiyxzhaiqkwzocyeeixy/SourcePackages/checkouts/GoogleUtilities
    write-file /Users/khanghnguyen/Library/Developer/Xcode/DerivedData/Wishie-gavmeupfwiyxzhaiqkwzocyeeixy/Build/Intermediates.noindex/GoogleUtilities.build/Debug-iphoneos/GoogleUtilities-Logger.build/Objects-normal/arm64/e6072d4f65d7061329687fe24e3d63a7-common-args.resp
-target arm64-apple-ios12.0 '-std=c99' -fobjc-arc -fmodules -gmodules '-fmodules-cache-path=/Users/khanghnguyen/Library/Developer/Xcode/DerivedData/ModuleCache.noindex' '-fmodule-name=GoogleUtilities_Logger' -fpascal-strings -O0 -DSWIFT_PACKAGE '-DDEBUG=1' '-DOBJC_OLD_DISPATCH_PROTOTYPES=1' -isysroot /Applications/Xcode.app/Contents/Developer/Platforms/iPhoneOS.platform/Developer/SDKs/iPhoneOS26.2.sdk -g -fprofile-instr-generate -fcoverage-mapping -I/Users/khanghnguyen/Library/Developer/Xcode/DerivedData/Wishie-gavmeupfwiyxzhaiqkwzocyeeixy/SourcePackages/checkouts/GoogleUtilities/GoogleUtilities/Environment/Public -I/Users/khanghnguyen/Library/Developer/Xcode/DerivedData/Wishie-gavmeupfwiyxzhaiqkwzocyeeixy/SourcePackages/checkouts/GoogleUtilities/third_party/IsAppEncrypted/Public -I/Users/khanghnguyen/Library/Developer/Xcode/DerivedData/Wishie-gavmeupfwiyxzhaiqkwzocyeeixy/Build/Products/Debug-iphoneos/include -I/Users/khanghnguyen/Library/Developer/Xcode/DerivedData/Wishie-gavmeupfwiyxzhaiqkwzocyeeixy/SourcePackages/checkouts/GoogleUtilities/GoogleUtilities/Logger/Public -I/Users/khanghnguyen/Library/Developer/Xcode/DerivedData/Wishie-gavmeupfwiyxzhaiqkwzocyeeixy/SourcePackages/checkouts/GoogleUtilities -I/Users/khanghnguyen/Library/Developer/Xcode/DerivedData/Wishie-gavmeupfwiyxzhaiqkwzocyeeixy/Build/Intermediates.noindex/GoogleUtilities.build/Debug-iphoneos/GoogleUtilities-Logger.build/DerivedSources-normal/arm64 -I/Users/khanghnguyen/Library/Developer/Xcode/DerivedData/Wishie-gavmeupfwiyxzhaiqkwzocyeeixy/Build/Intermediates.noindex/GoogleUtilities.build/Debug-iphoneos/GoogleUtilities-Logger.build/DerivedSources/arm64 -I/Users/khanghnguyen/Library/Developer/Xcode/DerivedData/Wishie-gavmeupfwiyxzhaiqkwzocyeeixy/Build/Intermediates.noindex/GoogleUtilities.build/Debug-iphoneos/GoogleUtilities-Logger.build/DerivedSources -F/Users/khanghnguyen/Library/Developer/Xcode/DerivedData/Wishie-gavmeupfwiyxzhaiqkwzocyeeixy/Build/Products/Debug-iphoneos/PackageFrameworks -F/Users/khanghnguyen/Library/Developer/Xcode/DerivedData/Wishie-gavmeupfwiyxzhaiqkwzocyeeixy/Build/Products/Debug-iphoneos/PackageFrameworks -F/Users/khanghnguyen/Library/Developer/Xcode/DerivedData/Wishie-gavmeupfwiyxzhaiqkwzocyeeixy/Build/Products/Debug-iphoneos -iframework /Applications/Xcode.app/Contents/Developer/Platforms/iPhoneOS.platform/Developer/Library/Frameworks -iframework /Applications/Xcode.app/Contents/Developer/Platforms/iPhoneOS.platform/Developer/SDKs/iPhoneOS26.2.sdk/Developer/Library/Frameworks '-fmodule-map-file=/Users/khanghnguyen/Library/Developer/Xcode/DerivedData/Wishie-gavmeupfwiyxzhaiqkwzocyeeixy/Build/Intermediates.noindex/GeneratedModuleMaps-iphoneos/GoogleUtilities-Environment.modulemap' '-fmodule-map-file=/Users/khanghnguyen/Library/Developer/Xcode/DerivedData/Wishie-gavmeupfwiyxzhaiqkwzocyeeixy/Build/Intermediates.noindex/GeneratedModuleMaps-iphoneos/third-party-IsAppEncrypted.modulemap' -DXcode

WriteAuxiliaryFile /Users/khanghnguyen/Library/Developer/Xcode/DerivedData/Wishie-gavmeupfwiyxzhaiqkwzocyeeixy/Build/Intermediates.noindex/GoogleUtilities.build/Debug-iphoneos/GoogleUtilities-Logger.build/DerivedSources/resource_bundle_accessor.m (in target 'GoogleUtilities-Logger' from project 'GoogleUtilities')
    cd /Users/khanghnguyen/Library/Developer/Xcode/DerivedData/Wishie-gavmeupfwiyxzhaiqkwzocyeeixy/SourcePackages/checkouts/GoogleUtilities
    write-file /Users/khanghnguyen/Library/Developer/Xcode/DerivedData/Wishie-gavmeupfwiyxzhaiqkwzocyeeixy/Build/Intermediates.noindex/GoogleUtilities.build/Debug-iphoneos/GoogleUtilities-Logger.build/DerivedSources/resource_bundle_accessor.m

WriteAuxiliaryFile /Users/khanghnguyen/Library/Developer/Xcode/DerivedData/Wishie-gavmeupfwiyxzhaiqkwzocyeeixy/Build/Intermediates.noindex/GoogleUtilities.build/Debug-iphoneos/GoogleUtilities-Logger.build/Objects-normal/arm64/GoogleUtilities-Logger.LinkFileList (in target 'GoogleUtilities-Logger' from project 'GoogleUtilities')
    cd /Users/khanghnguyen/Library/Developer/Xcode/DerivedData/Wishie-gavmeupfwiyxzhaiqkwzocyeeixy/SourcePackages/checkouts/GoogleUtilities
    write-file /Users/khanghnguyen/Library/Developer/Xcode/DerivedData/Wishie-gavmeupfwiyxzhaiqkwzocyeeixy/Build/Intermediates.noindex/GoogleUtilities.build/Debug-iphoneos/GoogleUtilities-Logger.build/Objects-normal/arm64/GoogleUtilities-Logger.LinkFileList

WriteAuxiliaryFile /Users/khanghnguyen/Library/Developer/Xcode/DerivedData/Wishie-gavmeupfwiyxzhaiqkwzocyeeixy/Build/Intermediates.noindex/GoogleUtilities.build/Debug-iphoneos/GoogleUtilities-Logger.build/DerivedSources/resource_bundle_accessor.h (in target 'GoogleUtilities-Logger' from project 'GoogleUtilities')
    cd /Users/khanghnguyen/Library/Developer/Xcode/DerivedData/Wishie-gavmeupfwiyxzhaiqkwzocyeeixy/SourcePackages/checkouts/GoogleUtilities
    write-file /Users/khanghnguyen/Library/Developer/Xcode/DerivedData/Wishie-gavmeupfwiyxzhaiqkwzocyeeixy/Build/Intermediates.noindex/GoogleUtilities.build/Debug-iphoneos/GoogleUtilities-Logger.build/DerivedSources/resource_bundle_accessor.h

WriteAuxiliaryFile /Users/khanghnguyen/Library/Developer/Xcode/DerivedData/Wishie-gavmeupfwiyxzhaiqkwzocyeeixy/Build/Intermediates.noindex/GoogleUtilities.build/Debug-iphoneos/GoogleUtilities-Environment.build/GoogleUtilities-Environment.modulemap (in target 'GoogleUtilities-Environment' from project 'GoogleUtilities')
    cd /Users/khanghnguyen/Library/Developer/Xcode/DerivedData/Wishie-gavmeupfwiyxzhaiqkwzocyeeixy/SourcePackages/checkouts/GoogleUtilities
    write-file /Users/khanghnguyen/Library/Developer/Xcode/DerivedData/Wishie-gavmeupfwiyxzhaiqkwzocyeeixy/Build/Intermediates.noindex/GoogleUtilities.build/Debug-iphoneos/GoogleUtilities-Environment.build/GoogleUtilities-Environment.modulemap

WriteAuxiliaryFile /Users/khanghnguyen/Library/Developer/Xcode/DerivedData/Wishie-gavmeupfwiyxzhaiqkwzocyeeixy/Build/Intermediates.noindex/GoogleUtilities.build/Debug-iphoneos/GoogleUtilities-Environment.build/GoogleUtilities-Environment.DependencyStaticMetadataFileList (in target 'GoogleUtilities-Environment' from project 'GoogleUtilities')
    cd /Users/khanghnguyen/Library/Developer/Xcode/DerivedData/Wishie-gavmeupfwiyxzhaiqkwzocyeeixy/SourcePackages/checkouts/GoogleUtilities
    write-file /Users/khanghnguyen/Library/Developer/Xcode/DerivedData/Wishie-gavmeupfwiyxzhaiqkwzocyeeixy/Build/Intermediates.noindex/GoogleUtilities.build/Debug-iphoneos/GoogleUtilities-Environment.build/GoogleUtilities-Environment.DependencyStaticMetadataFileList

WriteAuxiliaryFile /Users/khanghnguyen/Library/Developer/Xcode/DerivedData/Wishie-gavmeupfwiyxzhaiqkwzocyeeixy/Build/Intermediates.noindex/GoogleUtilities.build/Debug-iphoneos/GoogleUtilities-Environment.build/GoogleUtilities-Environment.DependencyMetadataFileList (in target 'GoogleUtilities-Environment' from project 'GoogleUtilities')
    cd /Users/khanghnguyen/Library/Developer/Xcode/DerivedData/Wishie-gavmeupfwiyxzhaiqkwzocyeeixy/SourcePackages/checkouts/GoogleUtilities
    write-file /Users/khanghnguyen/Library/Developer/Xcode/DerivedData/Wishie-gavmeupfwiyxzhaiqkwzocyeeixy/Build/Intermediates.noindex/GoogleUtilities.build/Debug-iphoneos/GoogleUtilities-Environment.build/GoogleUtilities-Environment.DependencyMetadataFileList

WriteAuxiliaryFile /Users/khanghnguyen/Library/Developer/Xcode/DerivedData/Wishie-gavmeupfwiyxzhaiqkwzocyeeixy/Build/Intermediates.noindex/GoogleUtilities.build/Debug-iphoneos/GoogleUtilities-Environment.build/Objects-normal/arm64/GoogleUtilities-Environment.LinkFileList (in target 'GoogleUtilities-Environment' from project 'GoogleUtilities')
    cd /Users/khanghnguyen/Library/Developer/Xcode/DerivedData/Wishie-gavmeupfwiyxzhaiqkwzocyeeixy/SourcePackages/checkouts/GoogleUtilities
    write-file /Users/khanghnguyen/Library/Developer/Xcode/DerivedData/Wishie-gavmeupfwiyxzhaiqkwzocyeeixy/Build/Intermediates.noindex/GoogleUtilities.build/Debug-iphoneos/GoogleUtilities-Environment.build/Objects-normal/arm64/GoogleUtilities-Environment.LinkFileList

WriteAuxiliaryFile /Users/khanghnguyen/Library/Developer/Xcode/DerivedData/Wishie-gavmeupfwiyxzhaiqkwzocyeeixy/Build/Intermediates.noindex/GoogleUtilities.build/Debug-iphoneos/GoogleUtilities-Environment.build/DerivedSources/resource_bundle_accessor.m (in target 'GoogleUtilities-Environment' from project 'GoogleUtilities')
    cd /Users/khanghnguyen/Library/Developer/Xcode/DerivedData/Wishie-gavmeupfwiyxzhaiqkwzocyeeixy/SourcePackages/checkouts/GoogleUtilities
    write-file /Users/khanghnguyen/Library/Developer/Xcode/DerivedData/Wishie-gavmeupfwiyxzhaiqkwzocyeeixy/Build/Intermediates.noindex/GoogleUtilities.build/Debug-iphoneos/GoogleUtilities-Environment.build/DerivedSources/resource_bundle_accessor.m

WriteAuxiliaryFile /Users/khanghnguyen/Library/Developer/Xcode/DerivedData/Wishie-gavmeupfwiyxzhaiqkwzocyeeixy/Build/Intermediates.noindex/GoogleUtilities.build/Debug-iphoneos/GoogleUtilities-Environment.build/Objects-normal/arm64/e6072d4f65d7061329687fe24e3d63a7-common-args.resp (in target 'GoogleUtilities-Environment' from project 'GoogleUtilities')
    cd /Users/khanghnguyen/Library/Developer/Xcode/DerivedData/Wishie-gavmeupfwiyxzhaiqkwzocyeeixy/SourcePackages/checkouts/GoogleUtilities
    write-file /Users/khanghnguyen/Library/Developer/Xcode/DerivedData/Wishie-gavmeupfwiyxzhaiqkwzocyeeixy/Build/Intermediates.noindex/GoogleUtilities.build/Debug-iphoneos/GoogleUtilities-Environment.build/Objects-normal/arm64/e6072d4f65d7061329687fe24e3d63a7-common-args.resp
-target arm64-apple-ios12.0 '-std=c99' -fobjc-arc -fmodules -gmodules '-fmodules-cache-path=/Users/khanghnguyen/Library/Developer/Xcode/DerivedData/ModuleCache.noindex' '-fmodule-name=GoogleUtilities_Environment' -fpascal-strings -O0 -DSWIFT_PACKAGE '-DDEBUG=1' '-DOBJC_OLD_DISPATCH_PROTOTYPES=1' -isysroot /Applications/Xcode.app/Contents/Developer/Platforms/iPhoneOS.platform/Developer/SDKs/iPhoneOS26.2.sdk -g -fprofile-instr-generate -fcoverage-mapping -I/Users/khanghnguyen/Library/Developer/Xcode/DerivedData/Wishie-gavmeupfwiyxzhaiqkwzocyeeixy/SourcePackages/checkouts/GoogleUtilities/third_party/IsAppEncrypted/Public -I/Users/khanghnguyen/Library/Developer/Xcode/DerivedData/Wishie-gavmeupfwiyxzhaiqkwzocyeeixy/Build/Products/Debug-iphoneos/include -I/Users/khanghnguyen/Library/Developer/Xcode/DerivedData/Wishie-gavmeupfwiyxzhaiqkwzocyeeixy/SourcePackages/checkouts/GoogleUtilities/GoogleUtilities/Environment/Public -I/Users/khanghnguyen/Library/Developer/Xcode/DerivedData/Wishie-gavmeupfwiyxzhaiqkwzocyeeixy/SourcePackages/checkouts/GoogleUtilities -I/Users/khanghnguyen/Library/Developer/Xcode/DerivedData/Wishie-gavmeupfwiyxzhaiqkwzocyeeixy/Build/Intermediates.noindex/GoogleUtilities.build/Debug-iphoneos/GoogleUtilities-Environment.build/DerivedSources-normal/arm64 -I/Users/khanghnguyen/Library/Developer/Xcode/DerivedData/Wishie-gavmeupfwiyxzhaiqkwzocyeeixy/Build/Intermediates.noindex/GoogleUtilities.build/Debug-iphoneos/GoogleUtilities-Environment.build/DerivedSources/arm64 -I/Users/khanghnguyen/Library/Developer/Xcode/DerivedData/Wishie-gavmeupfwiyxzhaiqkwzocyeeixy/Build/Intermediates.noindex/GoogleUtilities.build/Debug-iphoneos/GoogleUtilities-Environment.build/DerivedSources -F/Users/khanghnguyen/Library/Developer/Xcode/DerivedData/Wishie-gavmeupfwiyxzhaiqkwzocyeeixy/Build/Products/Debug-iphoneos/PackageFrameworks -F/Users/khanghnguyen/Library/Developer/Xcode/DerivedData/Wishie-gavmeupfwiyxzhaiqkwzocyeeixy/Build/Products/Debug-iphoneos -iframework /Applications/Xcode.app/Contents/Developer/Platforms/iPhoneOS.platform/Developer/Library/Frameworks -iframework /Applications/Xcode.app/Contents/Developer/Platforms/iPhoneOS.platform/Developer/SDKs/iPhoneOS26.2.sdk/Developer/Library/Frameworks '-fmodule-map-file=/Users/khanghnguyen/Library/Developer/Xcode/DerivedData/Wishie-gavmeupfwiyxzhaiqkwzocyeeixy/Build/Intermediates.noindex/GeneratedModuleMaps-iphoneos/third-party-IsAppEncrypted.modulemap' -DXcode

WriteAuxiliaryFile /Users/khanghnguyen/Library/Developer/Xcode/DerivedData/Wishie-gavmeupfwiyxzhaiqkwzocyeeixy/Build/Intermediates.noindex/GoogleUtilities.build/Debug-iphoneos/GoogleUtilities-Environment.build/DerivedSources/resource_bundle_accessor.h (in target 'GoogleUtilities-Environment' from project 'GoogleUtilities')
    cd /Users/khanghnguyen/Library/Developer/Xcode/DerivedData/Wishie-gavmeupfwiyxzhaiqkwzocyeeixy/SourcePackages/checkouts/GoogleUtilities
    write-file /Users/khanghnguyen/Library/Developer/Xcode/DerivedData/Wishie-gavmeupfwiyxzhaiqkwzocyeeixy/Build/Intermediates.noindex/GoogleUtilities.build/Debug-iphoneos/GoogleUtilities-Environment.build/DerivedSources/resource_bundle_accessor.h

WriteAuxiliaryFile /Users/khanghnguyen/Library/Developer/Xcode/DerivedData/Wishie-gavmeupfwiyxzhaiqkwzocyeeixy/Build/Intermediates.noindex/GoogleUtilities.build/Debug-iphoneos/GoogleUtilities-AppDelegateSwizzler.build/GoogleUtilities-AppDelegateSwizzler.DependencyStaticMetadataFileList (in target 'GoogleUtilities-AppDelegateSwizzler' from project 'GoogleUtilities')
    cd /Users/khanghnguyen/Library/Developer/Xcode/DerivedData/Wishie-gavmeupfwiyxzhaiqkwzocyeeixy/SourcePackages/checkouts/GoogleUtilities
    write-file /Users/khanghnguyen/Library/Developer/Xcode/DerivedData/Wishie-gavmeupfwiyxzhaiqkwzocyeeixy/Build/Intermediates.noindex/GoogleUtilities.build/Debug-iphoneos/GoogleUtilities-AppDelegateSwizzler.build/GoogleUtilities-AppDelegateSwizzler.DependencyStaticMetadataFileList

WriteAuxiliaryFile /Users/khanghnguyen/Library/Developer/Xcode/DerivedData/Wishie-gavmeupfwiyxzhaiqkwzocyeeixy/Build/Intermediates.noindex/GoogleUtilities.build/Debug-iphoneos/GoogleUtilities-AppDelegateSwizzler.build/GoogleUtilities-AppDelegateSwizzler.DependencyMetadataFileList (in target 'GoogleUtilities-AppDelegateSwizzler' from project 'GoogleUtilities')
    cd /Users/khanghnguyen/Library/Developer/Xcode/DerivedData/Wishie-gavmeupfwiyxzhaiqkwzocyeeixy/SourcePackages/checkouts/GoogleUtilities
    write-file /Users/khanghnguyen/Library/Developer/Xcode/DerivedData/Wishie-gavmeupfwiyxzhaiqkwzocyeeixy/Build/Intermediates.noindex/GoogleUtilities.build/Debug-iphoneos/GoogleUtilities-AppDelegateSwizzler.build/GoogleUtilities-AppDelegateSwizzler.DependencyMetadataFileList

WriteAuxiliaryFile /Users/khanghnguyen/Library/Developer/Xcode/DerivedData/Wishie-gavmeupfwiyxzhaiqkwzocyeeixy/Build/Intermediates.noindex/GoogleUtilities.build/Debug-iphoneos/GoogleUtilities-AppDelegateSwizzler.build/Objects-normal/arm64/e6072d4f65d7061329687fe24e3d63a7-common-args.resp (in target 'GoogleUtilities-AppDelegateSwizzler' from project 'GoogleUtilities')
    cd /Users/khanghnguyen/Library/Developer/Xcode/DerivedData/Wishie-gavmeupfwiyxzhaiqkwzocyeeixy/SourcePackages/checkouts/GoogleUtilities
    write-file /Users/khanghnguyen/Library/Developer/Xcode/DerivedData/Wishie-gavmeupfwiyxzhaiqkwzocyeeixy/Build/Intermediates.noindex/GoogleUtilities.build/Debug-iphoneos/GoogleUtilities-AppDelegateSwizzler.build/Objects-normal/arm64/e6072d4f65d7061329687fe24e3d63a7-common-args.resp
-target arm64-apple-ios12.0 '-std=c99' -fobjc-arc -fmodules -gmodules '-fmodules-cache-path=/Users/khanghnguyen/Library/Developer/Xcode/DerivedData/ModuleCache.noindex' '-fmodule-name=GoogleUtilities_AppDelegateSwizzler' -fpascal-strings -O0 -DSWIFT_PACKAGE '-DDEBUG=1' '-DOBJC_OLD_DISPATCH_PROTOTYPES=1' -isysroot /Applications/Xcode.app/Contents/Developer/Platforms/iPhoneOS.platform/Developer/SDKs/iPhoneOS26.2.sdk -g -fprofile-instr-generate -fcoverage-mapping -I/Users/khanghnguyen/Library/Developer/Xcode/DerivedData/Wishie-gavmeupfwiyxzhaiqkwzocyeeixy/SourcePackages/checkouts/GoogleUtilities/GoogleUtilities/Network/Public -I/Users/khanghnguyen/Library/Developer/Xcode/DerivedData/Wishie-gavmeupfwiyxzhaiqkwzocyeeixy/SourcePackages/checkouts/GoogleUtilities/GoogleUtilities/Reachability/Public -I/Users/khanghnguyen/Library/Developer/Xcode/DerivedData/Wishie-gavmeupfwiyxzhaiqkwzocyeeixy/SourcePackages/checkouts/GoogleUtilities/GoogleUtilities/NSData+zlib/Public -I/Users/khanghnguyen/Library/Developer/Xcode/DerivedData/Wishie-gavmeupfwiyxzhaiqkwzocyeeixy/SourcePackages/checkouts/GoogleUtilities/GoogleUtilities/Logger/Public -I/Users/khanghnguyen/Library/Developer/Xcode/DerivedData/Wishie-gavmeupfwiyxzhaiqkwzocyeeixy/SourcePackages/checkouts/GoogleUtilities/GoogleUtilities/Environment/Public -I/Users/khanghnguyen/Library/Developer/Xcode/DerivedData/Wishie-gavmeupfwiyxzhaiqkwzocyeeixy/SourcePackages/checkouts/GoogleUtilities/third_party/IsAppEncrypted/Public -I/Users/khanghnguyen/Library/Developer/Xcode/DerivedData/Wishie-gavmeupfwiyxzhaiqkwzocyeeixy/Build/Products/Debug-iphoneos/include -I/Users/khanghnguyen/Library/Developer/Xcode/DerivedData/Wishie-gavmeupfwiyxzhaiqkwzocyeeixy/SourcePackages/checkouts/GoogleUtilities/GoogleUtilities/AppDelegateSwizzler/Public -I/Users/khanghnguyen/Library/Developer/Xcode/DerivedData/Wishie-gavmeupfwiyxzhaiqkwzocyeeixy/SourcePackages/checkouts/GoogleUtilities -I/Users/khanghnguyen/Library/Developer/Xcode/DerivedData/Wishie-gavmeupfwiyxzhaiqkwzocyeeixy/Build/Intermediates.noindex/GoogleUtilities.build/Debug-iphoneos/GoogleUtilities-AppDelegateSwizzler.build/DerivedSources-normal/arm64 -I/Users/khanghnguyen/Library/Developer/Xcode/DerivedData/Wishie-gavmeupfwiyxzhaiqkwzocyeeixy/Build/Intermediates.noindex/GoogleUtilities.build/Debug-iphoneos/GoogleUtilities-AppDelegateSwizzler.build/DerivedSources/arm64 -I/Users/khanghnguyen/Library/Developer/Xcode/DerivedData/Wishie-gavmeupfwiyxzhaiqkwzocyeeixy/Build/Intermediates.noindex/GoogleUtilities.build/Debug-iphoneos/GoogleUtilities-AppDelegateSwizzler.build/DerivedSources -F/Users/khanghnguyen/Library/Developer/Xcode/DerivedData/Wishie-gavmeupfwiyxzhaiqkwzocyeeixy/Build/Products/Debug-iphoneos/PackageFrameworks -F/Users/khanghnguyen/Library/Developer/Xcode/DerivedData/Wishie-gavmeupfwiyxzhaiqkwzocyeeixy/Build/Products/Debug-iphoneos/PackageFrameworks -F/Users/khanghnguyen/Library/Developer/Xcode/DerivedData/Wishie-gavmeupfwiyxzhaiqkwzocyeeixy/Build/Products/Debug-iphoneos/PackageFrameworks -F/Users/khanghnguyen/Library/Developer/Xcode/DerivedData/Wishie-gavmeupfwiyxzhaiqkwzocyeeixy/Build/Products/Debug-iphoneos/PackageFrameworks -F/Users/khanghnguyen/Library/Developer/Xcode/DerivedData/Wishie-gavmeupfwiyxzhaiqkwzocyeeixy/Build/Products/Debug-iphoneos/PackageFrameworks -F/Users/khanghnguyen/Library/Developer/Xcode/DerivedData/Wishie-gavmeupfwiyxzhaiqkwzocyeeixy/Build/Products/Debug-iphoneos/PackageFrameworks -F/Users/khanghnguyen/Library/Developer/Xcode/DerivedData/Wishie-gavmeupfwiyxzhaiqkwzocyeeixy/Build/Products/Debug-iphoneos -iframework /Applications/Xcode.app/Contents/Developer/Platforms/iPhoneOS.platform/Developer/Library/Frameworks -iframework /Applications/Xcode.app/Contents/Developer/Platforms/iPhoneOS.platform/Developer/SDKs/iPhoneOS26.2.sdk/Developer/Library/Frameworks '-fmodule-map-file=/Users/khanghnguyen/Library/Developer/Xcode/DerivedData/Wishie-gavmeupfwiyxzhaiqkwzocyeeixy/Build/Intermediates.noindex/GeneratedModuleMaps-iphoneos/GoogleUtilities-Network.modulemap' '-fmodule-map-file=/Users/khanghnguyen/Library/Developer/Xcode/DerivedData/Wishie-gavmeupfwiyxzhaiqkwzocyeeixy/Build/Intermediates.noindex/GeneratedModuleMaps-iphoneos/GoogleUtilities-Reachability.modulemap' '-fmodule-map-file=/Users/khanghnguyen/Library/Developer/Xcode/DerivedData/Wishie-gavmeupfwiyxzhaiqkwzocyeeixy/Build/Intermediates.noindex/GeneratedModuleMaps-iphoneos/GoogleUtilities-NSData.modulemap' '-fmodule-map-file=/Users/khanghnguyen/Library/Developer/Xcode/DerivedData/Wishie-gavmeupfwiyxzhaiqkwzocyeeixy/Build/Intermediates.noindex/GeneratedModuleMaps-iphoneos/GoogleUtilities-Logger.modulemap' '-fmodule-map-file=/Users/khanghnguyen/Library/Developer/Xcode/DerivedData/Wishie-gavmeupfwiyxzhaiqkwzocyeeixy/Build/Intermediates.noindex/GeneratedModuleMaps-iphoneos/GoogleUtilities-Environment.modulemap' '-fmodule-map-file=/Users/khanghnguyen/Library/Developer/Xcode/DerivedData/Wishie-gavmeupfwiyxzhaiqkwzocyeeixy/Build/Intermediates.noindex/GeneratedModuleMaps-iphoneos/third-party-IsAppEncrypted.modulemap' -DXcode

WriteAuxiliaryFile /Users/khanghnguyen/Library/Developer/Xcode/DerivedData/Wishie-gavmeupfwiyxzhaiqkwzocyeeixy/Build/Intermediates.noindex/GoogleUtilities.build/Debug-iphoneos/GoogleUtilities-AppDelegateSwizzler.build/Objects-normal/arm64/GoogleUtilities-AppDelegateSwizzler.LinkFileList (in target 'GoogleUtilities-AppDelegateSwizzler' from project 'GoogleUtilities')
    cd /Users/khanghnguyen/Library/Developer/Xcode/DerivedData/Wishie-gavmeupfwiyxzhaiqkwzocyeeixy/SourcePackages/checkouts/GoogleUtilities
    write-file /Users/khanghnguyen/Library/Developer/Xcode/DerivedData/Wishie-gavmeupfwiyxzhaiqkwzocyeeixy/Build/Intermediates.noindex/GoogleUtilities.build/Debug-iphoneos/GoogleUtilities-AppDelegateSwizzler.build/Objects-normal/arm64/GoogleUtilities-AppDelegateSwizzler.LinkFileList

WriteAuxiliaryFile /Users/khanghnguyen/Library/Developer/Xcode/DerivedData/Wishie-gavmeupfwiyxzhaiqkwzocyeeixy/Build/Intermediates.noindex/GoogleUtilities.build/Debug-iphoneos/GoogleUtilities-AppDelegateSwizzler.build/DerivedSources/resource_bundle_accessor.m (in target 'GoogleUtilities-AppDelegateSwizzler' from project 'GoogleUtilities')
    cd /Users/khanghnguyen/Library/Developer/Xcode/DerivedData/Wishie-gavmeupfwiyxzhaiqkwzocyeeixy/SourcePackages/checkouts/GoogleUtilities
    write-file /Users/khanghnguyen/Library/Developer/Xcode/DerivedData/Wishie-gavmeupfwiyxzhaiqkwzocyeeixy/Build/Intermediates.noindex/GoogleUtilities.build/Debug-iphoneos/GoogleUtilities-AppDelegateSwizzler.build/DerivedSources/resource_bundle_accessor.m

WriteAuxiliaryFile /Users/khanghnguyen/Library/Developer/Xcode/DerivedData/Wishie-gavmeupfwiyxzhaiqkwzocyeeixy/Build/Intermediates.noindex/GoogleUtilities.build/Debug-iphoneos/GoogleUtilities-AppDelegateSwizzler.build/DerivedSources/resource_bundle_accessor.h (in target 'GoogleUtilities-AppDelegateSwizzler' from project 'GoogleUtilities')
    cd /Users/khanghnguyen/Library/Developer/Xcode/DerivedData/Wishie-gavmeupfwiyxzhaiqkwzocyeeixy/SourcePackages/checkouts/GoogleUtilities
    write-file /Users/khanghnguyen/Library/Developer/Xcode/DerivedData/Wishie-gavmeupfwiyxzhaiqkwzocyeeixy/Build/Intermediates.noindex/GoogleUtilities.build/Debug-iphoneos/GoogleUtilities-AppDelegateSwizzler.build/DerivedSources/resource_bundle_accessor.h

WriteAuxiliaryFile /Users/khanghnguyen/Library/Developer/Xcode/DerivedData/Wishie-gavmeupfwiyxzhaiqkwzocyeeixy/Build/Intermediates.noindex/GTMSessionFetcher.build/Debug-iphoneos/GTMSessionFetcher_GTMSessionFetcherCore.build/GTMSessionFetcher_GTMSessionFetcherCore.DependencyStaticMetadataFileList (in target 'GTMSessionFetcher_GTMSessionFetcherCore' from project 'GTMSessionFetcher')
    cd /Users/khanghnguyen/Library/Developer/Xcode/DerivedData/Wishie-gavmeupfwiyxzhaiqkwzocyeeixy/SourcePackages/checkouts/gtm-session-fetcher
    write-file /Users/khanghnguyen/Library/Developer/Xcode/DerivedData/Wishie-gavmeupfwiyxzhaiqkwzocyeeixy/Build/Intermediates.noindex/GTMSessionFetcher.build/Debug-iphoneos/GTMSessionFetcher_GTMSessionFetcherCore.build/GTMSessionFetcher_GTMSessionFetcherCore.DependencyStaticMetadataFileList

WriteAuxiliaryFile /Users/khanghnguyen/Library/Developer/Xcode/DerivedData/Wishie-gavmeupfwiyxzhaiqkwzocyeeixy/Build/Intermediates.noindex/GTMSessionFetcher.build/Debug-iphoneos/GTMSessionFetcher_GTMSessionFetcherCore.build/empty-GTMSessionFetcher_GTMSessionFetcherCore.plist (in target 'GTMSessionFetcher_GTMSessionFetcherCore' from project 'GTMSessionFetcher')
    cd /Users/khanghnguyen/Library/Developer/Xcode/DerivedData/Wishie-gavmeupfwiyxzhaiqkwzocyeeixy/SourcePackages/checkouts/gtm-session-fetcher
    write-file /Users/khanghnguyen/Library/Developer/Xcode/DerivedData/Wishie-gavmeupfwiyxzhaiqkwzocyeeixy/Build/Intermediates.noindex/GTMSessionFetcher.build/Debug-iphoneos/GTMSessionFetcher_GTMSessionFetcherCore.build/empty-GTMSessionFetcher_GTMSessionFetcherCore.plist

WriteAuxiliaryFile /Users/khanghnguyen/Library/Developer/Xcode/DerivedData/Wishie-gavmeupfwiyxzhaiqkwzocyeeixy/Build/Intermediates.noindex/GTMSessionFetcher.build/Debug-iphoneos/GTMSessionFetcher_GTMSessionFetcherCore.build/GTMSessionFetcher_GTMSessionFetcherCore.DependencyMetadataFileList (in target 'GTMSessionFetcher_GTMSessionFetcherCore' from project 'GTMSessionFetcher')
    cd /Users/khanghnguyen/Library/Developer/Xcode/DerivedData/Wishie-gavmeupfwiyxzhaiqkwzocyeeixy/SourcePackages/checkouts/gtm-session-fetcher
    write-file /Users/khanghnguyen/Library/Developer/Xcode/DerivedData/Wishie-gavmeupfwiyxzhaiqkwzocyeeixy/Build/Intermediates.noindex/GTMSessionFetcher.build/Debug-iphoneos/GTMSessionFetcher_GTMSessionFetcherCore.build/GTMSessionFetcher_GTMSessionFetcherCore.DependencyMetadataFileList

WriteAuxiliaryFile /Users/khanghnguyen/Library/Developer/Xcode/DerivedData/Wishie-gavmeupfwiyxzhaiqkwzocyeeixy/Build/Intermediates.noindex/GTMSessionFetcher.build/Debug-iphoneos/GTMSessionFetcherCore.build/GTMSessionFetcherCore.modulemap (in target 'GTMSessionFetcherCore' from project 'GTMSessionFetcher')
    cd /Users/khanghnguyen/Library/Developer/Xcode/DerivedData/Wishie-gavmeupfwiyxzhaiqkwzocyeeixy/SourcePackages/checkouts/gtm-session-fetcher
    write-file /Users/khanghnguyen/Library/Developer/Xcode/DerivedData/Wishie-gavmeupfwiyxzhaiqkwzocyeeixy/Build/Intermediates.noindex/GTMSessionFetcher.build/Debug-iphoneos/GTMSessionFetcherCore.build/GTMSessionFetcherCore.modulemap

WriteAuxiliaryFile /Users/khanghnguyen/Library/Developer/Xcode/DerivedData/Wishie-gavmeupfwiyxzhaiqkwzocyeeixy/Build/Intermediates.noindex/GTMSessionFetcher.build/Debug-iphoneos/GTMSessionFetcherCore.build/GTMSessionFetcherCore.DependencyStaticMetadataFileList (in target 'GTMSessionFetcherCore' from project 'GTMSessionFetcher')
    cd /Users/khanghnguyen/Library/Developer/Xcode/DerivedData/Wishie-gavmeupfwiyxzhaiqkwzocyeeixy/SourcePackages/checkouts/gtm-session-fetcher
    write-file /Users/khanghnguyen/Library/Developer/Xcode/DerivedData/Wishie-gavmeupfwiyxzhaiqkwzocyeeixy/Build/Intermediates.noindex/GTMSessionFetcher.build/Debug-iphoneos/GTMSessionFetcherCore.build/GTMSessionFetcherCore.DependencyStaticMetadataFileList

WriteAuxiliaryFile /Users/khanghnguyen/Library/Developer/Xcode/DerivedData/Wishie-gavmeupfwiyxzhaiqkwzocyeeixy/Build/Intermediates.noindex/GTMSessionFetcher.build/Debug-iphoneos/GTMSessionFetcherCore.build/GTMSessionFetcherCore.DependencyMetadataFileList (in target 'GTMSessionFetcherCore' from project 'GTMSessionFetcher')
    cd /Users/khanghnguyen/Library/Developer/Xcode/DerivedData/Wishie-gavmeupfwiyxzhaiqkwzocyeeixy/SourcePackages/checkouts/gtm-session-fetcher
    write-file /Users/khanghnguyen/Library/Developer/Xcode/DerivedData/Wishie-gavmeupfwiyxzhaiqkwzocyeeixy/Build/Intermediates.noindex/GTMSessionFetcher.build/Debug-iphoneos/GTMSessionFetcherCore.build/GTMSessionFetcherCore.DependencyMetadataFileList

WriteAuxiliaryFile /Users/khanghnguyen/Library/Developer/Xcode/DerivedData/Wishie-gavmeupfwiyxzhaiqkwzocyeeixy/Build/Intermediates.noindex/GTMSessionFetcher.build/Debug-iphoneos/GTMSessionFetcherCore.build/Objects-normal/arm64/GTMSessionFetcherCore.LinkFileList (in target 'GTMSessionFetcherCore' from project 'GTMSessionFetcher')
    cd /Users/khanghnguyen/Library/Developer/Xcode/DerivedData/Wishie-gavmeupfwiyxzhaiqkwzocyeeixy/SourcePackages/checkouts/gtm-session-fetcher
    write-file /Users/khanghnguyen/Library/Developer/Xcode/DerivedData/Wishie-gavmeupfwiyxzhaiqkwzocyeeixy/Build/Intermediates.noindex/GTMSessionFetcher.build/Debug-iphoneos/GTMSessionFetcherCore.build/Objects-normal/arm64/GTMSessionFetcherCore.LinkFileList

WriteAuxiliaryFile /Users/khanghnguyen/Library/Developer/Xcode/DerivedData/Wishie-gavmeupfwiyxzhaiqkwzocyeeixy/Build/Intermediates.noindex/GTMSessionFetcher.build/Debug-iphoneos/GTMSessionFetcherCore.build/Objects-normal/arm64/e6072d4f65d7061329687fe24e3d63a7-common-args.resp (in target 'GTMSessionFetcherCore' from project 'GTMSessionFetcher')
    cd /Users/khanghnguyen/Library/Developer/Xcode/DerivedData/Wishie-gavmeupfwiyxzhaiqkwzocyeeixy/SourcePackages/checkouts/gtm-session-fetcher
    write-file /Users/khanghnguyen/Library/Developer/Xcode/DerivedData/Wishie-gavmeupfwiyxzhaiqkwzocyeeixy/Build/Intermediates.noindex/GTMSessionFetcher.build/Debug-iphoneos/GTMSessionFetcherCore.build/Objects-normal/arm64/e6072d4f65d7061329687fe24e3d63a7-common-args.resp
-target arm64-apple-ios15.0 -fobjc-arc -fmodules -gmodules '-fmodules-cache-path=/Users/khanghnguyen/Library/Developer/Xcode/DerivedData/ModuleCache.noindex' '-fmodule-name=GTMSessionFetcherCore' -fpascal-strings -O0 -DSWIFT_PACKAGE '-DDEBUG=1' '-DOBJC_OLD_DISPATCH_PROTOTYPES=1' -isysroot /Applications/Xcode.app/Contents/Developer/Platforms/iPhoneOS.platform/Developer/SDKs/iPhoneOS26.2.sdk -g -fprofile-instr-generate -fcoverage-mapping -I/Users/khanghnguyen/Library/Developer/Xcode/DerivedData/Wishie-gavmeupfwiyxzhaiqkwzocyeeixy/Build/Products/Debug-iphoneos/include -I/Users/khanghnguyen/Library/Developer/Xcode/DerivedData/Wishie-gavmeupfwiyxzhaiqkwzocyeeixy/SourcePackages/checkouts/gtm-session-fetcher/Sources/Core/Public -I/Users/khanghnguyen/Library/Developer/Xcode/DerivedData/Wishie-gavmeupfwiyxzhaiqkwzocyeeixy/Build/Intermediates.noindex/GTMSessionFetcher.build/Debug-iphoneos/GTMSessionFetcherCore.build/DerivedSources-normal/arm64 -I/Users/khanghnguyen/Library/Developer/Xcode/DerivedData/Wishie-gavmeupfwiyxzhaiqkwzocyeeixy/Build/Intermediates.noindex/GTMSessionFetcher.build/Debug-iphoneos/GTMSessionFetcherCore.build/DerivedSources/arm64 -I/Users/khanghnguyen/Library/Developer/Xcode/DerivedData/Wishie-gavmeupfwiyxzhaiqkwzocyeeixy/Build/Intermediates.noindex/GTMSessionFetcher.build/Debug-iphoneos/GTMSessionFetcherCore.build/DerivedSources -F/Users/khanghnguyen/Library/Developer/Xcode/DerivedData/Wishie-gavmeupfwiyxzhaiqkwzocyeeixy/Build/Products/Debug-iphoneos -iframework /Applications/Xcode.app/Contents/Developer/Platforms/iPhoneOS.platform/Developer/Library/Frameworks -iframework /Applications/Xcode.app/Contents/Developer/Platforms/iPhoneOS.platform/Developer/SDKs/iPhoneOS26.2.sdk/Developer/Library/Frameworks -DXcode

WriteAuxiliaryFile /Users/khanghnguyen/Library/Developer/Xcode/DerivedData/Wishie-gavmeupfwiyxzhaiqkwzocyeeixy/Build/Intermediates.noindex/GTMSessionFetcher.build/Debug-iphoneos/GTMSessionFetcherCore.build/DerivedSources/resource_bundle_accessor.m (in target 'GTMSessionFetcherCore' from project 'GTMSessionFetcher')
    cd /Users/khanghnguyen/Library/Developer/Xcode/DerivedData/Wishie-gavmeupfwiyxzhaiqkwzocyeeixy/SourcePackages/checkouts/gtm-session-fetcher
    write-file /Users/khanghnguyen/Library/Developer/Xcode/DerivedData/Wishie-gavmeupfwiyxzhaiqkwzocyeeixy/Build/Intermediates.noindex/GTMSessionFetcher.build/Debug-iphoneos/GTMSessionFetcherCore.build/DerivedSources/resource_bundle_accessor.m

WriteAuxiliaryFile /Users/khanghnguyen/Library/Developer/Xcode/DerivedData/Wishie-gavmeupfwiyxzhaiqkwzocyeeixy/Build/Intermediates.noindex/GTMSessionFetcher.build/Debug-iphoneos/GTMSessionFetcherCore.build/DerivedSources/resource_bundle_accessor.h (in target 'GTMSessionFetcherCore' from project 'GTMSessionFetcher')
    cd /Users/khanghnguyen/Library/Developer/Xcode/DerivedData/Wishie-gavmeupfwiyxzhaiqkwzocyeeixy/SourcePackages/checkouts/gtm-session-fetcher
    write-file /Users/khanghnguyen/Library/Developer/Xcode/DerivedData/Wishie-gavmeupfwiyxzhaiqkwzocyeeixy/Build/Intermediates.noindex/GTMSessionFetcher.build/Debug-iphoneos/GTMSessionFetcherCore.build/DerivedSources/resource_bundle_accessor.h

WriteAuxiliaryFile /Users/khanghnguyen/Library/Developer/Xcode/DerivedData/Wishie-gavmeupfwiyxzhaiqkwzocyeeixy/Build/Intermediates.noindex/Supabase.build/Debug-iphoneos/Functions.build/Functions.modulemap (in target 'Functions' from project 'Supabase')
    cd /Users/khanghnguyen/Library/Developer/Xcode/DerivedData/Wishie-gavmeupfwiyxzhaiqkwzocyeeixy/SourcePackages/checkouts/supabase-swift
    write-file /Users/khanghnguyen/Library/Developer/Xcode/DerivedData/Wishie-gavmeupfwiyxzhaiqkwzocyeeixy/Build/Intermediates.noindex/Supabase.build/Debug-iphoneos/Functions.build/Functions.modulemap

WriteAuxiliaryFile /Users/khanghnguyen/Library/Developer/Xcode/DerivedData/Wishie-gavmeupfwiyxzhaiqkwzocyeeixy/Build/Intermediates.noindex/Supabase.build/Debug-iphoneos/Functions.build/Functions.DependencyStaticMetadataFileList (in target 'Functions' from project 'Supabase')
    cd /Users/khanghnguyen/Library/Developer/Xcode/DerivedData/Wishie-gavmeupfwiyxzhaiqkwzocyeeixy/SourcePackages/checkouts/supabase-swift
    write-file /Users/khanghnguyen/Library/Developer/Xcode/DerivedData/Wishie-gavmeupfwiyxzhaiqkwzocyeeixy/Build/Intermediates.noindex/Supabase.build/Debug-iphoneos/Functions.build/Functions.DependencyStaticMetadataFileList

WriteAuxiliaryFile /Users/khanghnguyen/Library/Developer/Xcode/DerivedData/Wishie-gavmeupfwiyxzhaiqkwzocyeeixy/Build/Intermediates.noindex/Supabase.build/Debug-iphoneos/Functions.build/Objects-normal/arm64/Functions_const_extract_protocols.json (in target 'Functions' from project 'Supabase')
    cd /Users/khanghnguyen/Library/Developer/Xcode/DerivedData/Wishie-gavmeupfwiyxzhaiqkwzocyeeixy/SourcePackages/checkouts/supabase-swift
    write-file /Users/khanghnguyen/Library/Developer/Xcode/DerivedData/Wishie-gavmeupfwiyxzhaiqkwzocyeeixy/Build/Intermediates.noindex/Supabase.build/Debug-iphoneos/Functions.build/Objects-normal/arm64/Functions_const_extract_protocols.json

WriteAuxiliaryFile /Users/khanghnguyen/Library/Developer/Xcode/DerivedData/Wishie-gavmeupfwiyxzhaiqkwzocyeeixy/Build/Intermediates.noindex/Supabase.build/Debug-iphoneos/Functions.build/Objects-normal/arm64/Functions.SwiftFileList (in target 'Functions' from project 'Supabase')
    cd /Users/khanghnguyen/Library/Developer/Xcode/DerivedData/Wishie-gavmeupfwiyxzhaiqkwzocyeeixy/SourcePackages/checkouts/supabase-swift
    write-file /Users/khanghnguyen/Library/Developer/Xcode/DerivedData/Wishie-gavmeupfwiyxzhaiqkwzocyeeixy/Build/Intermediates.noindex/Supabase.build/Debug-iphoneos/Functions.build/Objects-normal/arm64/Functions.SwiftFileList

WriteAuxiliaryFile /Users/khanghnguyen/Library/Developer/Xcode/DerivedData/Wishie-gavmeupfwiyxzhaiqkwzocyeeixy/Build/Intermediates.noindex/Supabase.build/Debug-iphoneos/Functions.build/Objects-normal/arm64/Functions-OutputFileMap.json (in target 'Functions' from project 'Supabase')
    cd /Users/khanghnguyen/Library/Developer/Xcode/DerivedData/Wishie-gavmeupfwiyxzhaiqkwzocyeeixy/SourcePackages/checkouts/supabase-swift
    write-file /Users/khanghnguyen/Library/Developer/Xcode/DerivedData/Wishie-gavmeupfwiyxzhaiqkwzocyeeixy/Build/Intermediates.noindex/Supabase.build/Debug-iphoneos/Functions.build/Objects-normal/arm64/Functions-OutputFileMap.json

WriteAuxiliaryFile /Users/khanghnguyen/Library/Developer/Xcode/DerivedData/Wishie-gavmeupfwiyxzhaiqkwzocyeeixy/Build/Intermediates.noindex/Supabase.build/Debug-iphoneos/Functions.build/Objects-normal/arm64/Functions.LinkFileList (in target 'Functions' from project 'Supabase')
    cd /Users/khanghnguyen/Library/Developer/Xcode/DerivedData/Wishie-gavmeupfwiyxzhaiqkwzocyeeixy/SourcePackages/checkouts/supabase-swift
    write-file /Users/khanghnguyen/Library/Developer/Xcode/DerivedData/Wishie-gavmeupfwiyxzhaiqkwzocyeeixy/Build/Intermediates.noindex/Supabase.build/Debug-iphoneos/Functions.build/Objects-normal/arm64/Functions.LinkFileList

WriteAuxiliaryFile /Users/khanghnguyen/Library/Developer/Xcode/DerivedData/Wishie-gavmeupfwiyxzhaiqkwzocyeeixy/Build/Intermediates.noindex/Supabase.build/Debug-iphoneos/Functions.build/Objects-normal/arm64/Functions.SwiftConstValuesFileList (in target 'Functions' from project 'Supabase')
    cd /Users/khanghnguyen/Library/Developer/Xcode/DerivedData/Wishie-gavmeupfwiyxzhaiqkwzocyeeixy/SourcePackages/checkouts/supabase-swift
    write-file /Users/khanghnguyen/Library/Developer/Xcode/DerivedData/Wishie-gavmeupfwiyxzhaiqkwzocyeeixy/Build/Intermediates.noindex/Supabase.build/Debug-iphoneos/Functions.build/Objects-normal/arm64/Functions.SwiftConstValuesFileList

WriteAuxiliaryFile /Users/khanghnguyen/Library/Developer/Xcode/DerivedData/Wishie-gavmeupfwiyxzhaiqkwzocyeeixy/Build/Intermediates.noindex/Supabase.build/Debug-iphoneos/Functions.build/Functions.DependencyMetadataFileList (in target 'Functions' from project 'Supabase')
    cd /Users/khanghnguyen/Library/Developer/Xcode/DerivedData/Wishie-gavmeupfwiyxzhaiqkwzocyeeixy/SourcePackages/checkouts/supabase-swift
    write-file /Users/khanghnguyen/Library/Developer/Xcode/DerivedData/Wishie-gavmeupfwiyxzhaiqkwzocyeeixy/Build/Intermediates.noindex/Supabase.build/Debug-iphoneos/Functions.build/Functions.DependencyMetadataFileList

WriteAuxiliaryFile /Users/khanghnguyen/Library/Developer/Xcode/DerivedData/Wishie-gavmeupfwiyxzhaiqkwzocyeeixy/Build/Intermediates.noindex/Firebase.build/Debug-iphoneos/Firebase_FirebaseFirestore.build/empty-Firebase_FirebaseFirestore.plist (in target 'Firebase_FirebaseFirestore' from project 'Firebase')
    cd /Users/khanghnguyen/Library/Developer/Xcode/DerivedData/Wishie-gavmeupfwiyxzhaiqkwzocyeeixy/SourcePackages/checkouts/firebase-ios-sdk
    write-file /Users/khanghnguyen/Library/Developer/Xcode/DerivedData/Wishie-gavmeupfwiyxzhaiqkwzocyeeixy/Build/Intermediates.noindex/Firebase.build/Debug-iphoneos/Firebase_FirebaseFirestore.build/empty-Firebase_FirebaseFirestore.plist

WriteAuxiliaryFile /Users/khanghnguyen/Library/Developer/Xcode/DerivedData/Wishie-gavmeupfwiyxzhaiqkwzocyeeixy/Build/Intermediates.noindex/Firebase.build/Debug-iphoneos/Firebase_FirebaseCoreInternal.build/empty-Firebase_FirebaseCoreInternal.plist (in target 'Firebase_FirebaseCoreInternal' from project 'Firebase')
    cd /Users/khanghnguyen/Library/Developer/Xcode/DerivedData/Wishie-gavmeupfwiyxzhaiqkwzocyeeixy/SourcePackages/checkouts/firebase-ios-sdk
    write-file /Users/khanghnguyen/Library/Developer/Xcode/DerivedData/Wishie-gavmeupfwiyxzhaiqkwzocyeeixy/Build/Intermediates.noindex/Firebase.build/Debug-iphoneos/Firebase_FirebaseCoreInternal.build/empty-Firebase_FirebaseCoreInternal.plist

WriteAuxiliaryFile /Users/khanghnguyen/Library/Developer/Xcode/DerivedData/Wishie-gavmeupfwiyxzhaiqkwzocyeeixy/Build/Intermediates.noindex/Firebase.build/Debug-iphoneos/Firebase_FirebaseCoreInternal.build/Firebase_FirebaseCoreInternal.DependencyStaticMetadataFileList (in target 'Firebase_FirebaseCoreInternal' from project 'Firebase')
    cd /Users/khanghnguyen/Library/Developer/Xcode/DerivedData/Wishie-gavmeupfwiyxzhaiqkwzocyeeixy/SourcePackages/checkouts/firebase-ios-sdk
    write-file /Users/khanghnguyen/Library/Developer/Xcode/DerivedData/Wishie-gavmeupfwiyxzhaiqkwzocyeeixy/Build/Intermediates.noindex/Firebase.build/Debug-iphoneos/Firebase_FirebaseCoreInternal.build/Firebase_FirebaseCoreInternal.DependencyStaticMetadataFileList

WriteAuxiliaryFile /Users/khanghnguyen/Library/Developer/Xcode/DerivedData/Wishie-gavmeupfwiyxzhaiqkwzocyeeixy/Build/Intermediates.noindex/Firebase.build/Debug-iphoneos/Firebase_FirebaseCoreInternal.build/Firebase_FirebaseCoreInternal.DependencyMetadataFileList (in target 'Firebase_FirebaseCoreInternal' from project 'Firebase')
    cd /Users/khanghnguyen/Library/Developer/Xcode/DerivedData/Wishie-gavmeupfwiyxzhaiqkwzocyeeixy/SourcePackages/checkouts/firebase-ios-sdk
    write-file /Users/khanghnguyen/Library/Developer/Xcode/DerivedData/Wishie-gavmeupfwiyxzhaiqkwzocyeeixy/Build/Intermediates.noindex/Firebase.build/Debug-iphoneos/Firebase_FirebaseCoreInternal.build/Firebase_FirebaseCoreInternal.DependencyMetadataFileList

WriteAuxiliaryFile /Users/khanghnguyen/Library/Developer/Xcode/DerivedData/Wishie-gavmeupfwiyxzhaiqkwzocyeeixy/Build/Intermediates.noindex/Firebase.build/Debug-iphoneos/Firebase_FirebaseCoreExtension.build/empty-Firebase_FirebaseCoreExtension.plist (in target 'Firebase_FirebaseCoreExtension' from project 'Firebase')
    cd /Users/khanghnguyen/Library/Developer/Xcode/DerivedData/Wishie-gavmeupfwiyxzhaiqkwzocyeeixy/SourcePackages/checkouts/firebase-ios-sdk
    write-file /Users/khanghnguyen/Library/Developer/Xcode/DerivedData/Wishie-gavmeupfwiyxzhaiqkwzocyeeixy/Build/Intermediates.noindex/Firebase.build/Debug-iphoneos/Firebase_FirebaseCoreExtension.build/empty-Firebase_FirebaseCoreExtension.plist

WriteAuxiliaryFile /Users/khanghnguyen/Library/Developer/Xcode/DerivedData/Wishie-gavmeupfwiyxzhaiqkwzocyeeixy/Build/Intermediates.noindex/Firebase.build/Debug-iphoneos/Firebase_FirebaseFirestore.build/Firebase_FirebaseFirestore.DependencyStaticMetadataFileList (in target 'Firebase_FirebaseFirestore' from project 'Firebase')
    cd /Users/khanghnguyen/Library/Developer/Xcode/DerivedData/Wishie-gavmeupfwiyxzhaiqkwzocyeeixy/SourcePackages/checkouts/firebase-ios-sdk
    write-file /Users/khanghnguyen/Library/Developer/Xcode/DerivedData/Wishie-gavmeupfwiyxzhaiqkwzocyeeixy/Build/Intermediates.noindex/Firebase.build/Debug-iphoneos/Firebase_FirebaseFirestore.build/Firebase_FirebaseFirestore.DependencyStaticMetadataFileList

WriteAuxiliaryFile /Users/khanghnguyen/Library/Developer/Xcode/DerivedData/Wishie-gavmeupfwiyxzhaiqkwzocyeeixy/Build/Intermediates.noindex/Firebase.build/Debug-iphoneos/Firebase_FirebaseFirestore.build/Firebase_FirebaseFirestore.DependencyMetadataFileList (in target 'Firebase_FirebaseFirestore' from project 'Firebase')
    cd /Users/khanghnguyen/Library/Developer/Xcode/DerivedData/Wishie-gavmeupfwiyxzhaiqkwzocyeeixy/SourcePackages/checkouts/firebase-ios-sdk
    write-file /Users/khanghnguyen/Library/Developer/Xcode/DerivedData/Wishie-gavmeupfwiyxzhaiqkwzocyeeixy/Build/Intermediates.noindex/Firebase.build/Debug-iphoneos/Firebase_FirebaseFirestore.build/Firebase_FirebaseFirestore.DependencyMetadataFileList

WriteAuxiliaryFile /Users/khanghnguyen/Library/Developer/Xcode/DerivedData/Wishie-gavmeupfwiyxzhaiqkwzocyeeixy/Build/Intermediates.noindex/Firebase.build/Debug-iphoneos/Firebase_FirebaseCoreExtension.build/Firebase_FirebaseCoreExtension.DependencyStaticMetadataFileList (in target 'Firebase_FirebaseCoreExtension' from project 'Firebase')
    cd /Users/khanghnguyen/Library/Developer/Xcode/DerivedData/Wishie-gavmeupfwiyxzhaiqkwzocyeeixy/SourcePackages/checkouts/firebase-ios-sdk
    write-file /Users/khanghnguyen/Library/Developer/Xcode/DerivedData/Wishie-gavmeupfwiyxzhaiqkwzocyeeixy/Build/Intermediates.noindex/Firebase.build/Debug-iphoneos/Firebase_FirebaseCoreExtension.build/Firebase_FirebaseCoreExtension.DependencyStaticMetadataFileList

WriteAuxiliaryFile /Users/khanghnguyen/Library/Developer/Xcode/DerivedData/Wishie-gavmeupfwiyxzhaiqkwzocyeeixy/Build/Intermediates.noindex/Firebase.build/Debug-iphoneos/Firebase_FirebaseCoreExtension.build/Firebase_FirebaseCoreExtension.DependencyMetadataFileList (in target 'Firebase_FirebaseCoreExtension' from project 'Firebase')
    cd /Users/khanghnguyen/Library/Developer/Xcode/DerivedData/Wishie-gavmeupfwiyxzhaiqkwzocyeeixy/SourcePackages/checkouts/firebase-ios-sdk
    write-file /Users/khanghnguyen/Library/Developer/Xcode/DerivedData/Wishie-gavmeupfwiyxzhaiqkwzocyeeixy/Build/Intermediates.noindex/Firebase.build/Debug-iphoneos/Firebase_FirebaseCoreExtension.build/Firebase_FirebaseCoreExtension.DependencyMetadataFileList

WriteAuxiliaryFile /Users/khanghnguyen/Library/Developer/Xcode/DerivedData/Wishie-gavmeupfwiyxzhaiqkwzocyeeixy/Build/Intermediates.noindex/Firebase.build/Debug-iphoneos/Firebase_FirebaseCore.build/empty-Firebase_FirebaseCore.plist (in target 'Firebase_FirebaseCore' from project 'Firebase')
    cd /Users/khanghnguyen/Library/Developer/Xcode/DerivedData/Wishie-gavmeupfwiyxzhaiqkwzocyeeixy/SourcePackages/checkouts/firebase-ios-sdk
    write-file /Users/khanghnguyen/Library/Developer/Xcode/DerivedData/Wishie-gavmeupfwiyxzhaiqkwzocyeeixy/Build/Intermediates.noindex/Firebase.build/Debug-iphoneos/Firebase_FirebaseCore.build/empty-Firebase_FirebaseCore.plist

WriteAuxiliaryFile /Users/khanghnguyen/Library/Developer/Xcode/DerivedData/Wishie-gavmeupfwiyxzhaiqkwzocyeeixy/Build/Intermediates.noindex/Firebase.build/Debug-iphoneos/Firebase_FirebaseCore.build/Firebase_FirebaseCore.DependencyStaticMetadataFileList (in target 'Firebase_FirebaseCore' from project 'Firebase')
    cd /Users/khanghnguyen/Library/Developer/Xcode/DerivedData/Wishie-gavmeupfwiyxzhaiqkwzocyeeixy/SourcePackages/checkouts/firebase-ios-sdk
    write-file /Users/khanghnguyen/Library/Developer/Xcode/DerivedData/Wishie-gavmeupfwiyxzhaiqkwzocyeeixy/Build/Intermediates.noindex/Firebase.build/Debug-iphoneos/Firebase_FirebaseCore.build/Firebase_FirebaseCore.DependencyStaticMetadataFileList

WriteAuxiliaryFile /Users/khanghnguyen/Library/Developer/Xcode/DerivedData/Wishie-gavmeupfwiyxzhaiqkwzocyeeixy/Build/Intermediates.noindex/Firebase.build/Debug-iphoneos/Firebase_FirebaseCore.build/Firebase_FirebaseCore.DependencyMetadataFileList (in target 'Firebase_FirebaseCore' from project 'Firebase')
    cd /Users/khanghnguyen/Library/Developer/Xcode/DerivedData/Wishie-gavmeupfwiyxzhaiqkwzocyeeixy/SourcePackages/checkouts/firebase-ios-sdk
    write-file /Users/khanghnguyen/Library/Developer/Xcode/DerivedData/Wishie-gavmeupfwiyxzhaiqkwzocyeeixy/Build/Intermediates.noindex/Firebase.build/Debug-iphoneos/Firebase_FirebaseCore.build/Firebase_FirebaseCore.DependencyMetadataFileList

WriteAuxiliaryFile /Users/khanghnguyen/Library/Developer/Xcode/DerivedData/Wishie-gavmeupfwiyxzhaiqkwzocyeeixy/Build/Intermediates.noindex/Firebase.build/Debug-iphoneos/Firebase_FirebaseAuth.build/empty-Firebase_FirebaseAuth.plist (in target 'Firebase_FirebaseAuth' from project 'Firebase')
    cd /Users/khanghnguyen/Library/Developer/Xcode/DerivedData/Wishie-gavmeupfwiyxzhaiqkwzocyeeixy/SourcePackages/checkouts/firebase-ios-sdk
    write-file /Users/khanghnguyen/Library/Developer/Xcode/DerivedData/Wishie-gavmeupfwiyxzhaiqkwzocyeeixy/Build/Intermediates.noindex/Firebase.build/Debug-iphoneos/Firebase_FirebaseAuth.build/empty-Firebase_FirebaseAuth.plist

WriteAuxiliaryFile /Users/khanghnguyen/Library/Developer/Xcode/DerivedData/Wishie-gavmeupfwiyxzhaiqkwzocyeeixy/Build/Intermediates.noindex/Firebase.build/Debug-iphoneos/Firebase_FirebaseAuth.build/Firebase_FirebaseAuth.DependencyStaticMetadataFileList (in target 'Firebase_FirebaseAuth' from project 'Firebase')
    cd /Users/khanghnguyen/Library/Developer/Xcode/DerivedData/Wishie-gavmeupfwiyxzhaiqkwzocyeeixy/SourcePackages/checkouts/firebase-ios-sdk
    write-file /Users/khanghnguyen/Library/Developer/Xcode/DerivedData/Wishie-gavmeupfwiyxzhaiqkwzocyeeixy/Build/Intermediates.noindex/Firebase.build/Debug-iphoneos/Firebase_FirebaseAuth.build/Firebase_FirebaseAuth.DependencyStaticMetadataFileList

WriteAuxiliaryFile /Users/khanghnguyen/Library/Developer/Xcode/DerivedData/Wishie-gavmeupfwiyxzhaiqkwzocyeeixy/Build/Intermediates.noindex/Firebase.build/Debug-iphoneos/Firebase_FirebaseAuth.build/Firebase_FirebaseAuth.DependencyMetadataFileList (in target 'Firebase_FirebaseAuth' from project 'Firebase')
    cd /Users/khanghnguyen/Library/Developer/Xcode/DerivedData/Wishie-gavmeupfwiyxzhaiqkwzocyeeixy/SourcePackages/checkouts/firebase-ios-sdk
    write-file /Users/khanghnguyen/Library/Developer/Xcode/DerivedData/Wishie-gavmeupfwiyxzhaiqkwzocyeeixy/Build/Intermediates.noindex/Firebase.build/Debug-iphoneos/Firebase_FirebaseAuth.build/Firebase_FirebaseAuth.DependencyMetadataFileList

WriteAuxiliaryFile /Users/khanghnguyen/Library/Developer/Xcode/DerivedData/Wishie-gavmeupfwiyxzhaiqkwzocyeeixy/Build/Intermediates.noindex/Firebase.build/Debug-iphoneos/FirebaseSharedSwift.build/FirebaseSharedSwift.modulemap (in target 'FirebaseSharedSwift' from project 'Firebase')
    cd /Users/khanghnguyen/Library/Developer/Xcode/DerivedData/Wishie-gavmeupfwiyxzhaiqkwzocyeeixy/SourcePackages/checkouts/firebase-ios-sdk
    write-file /Users/khanghnguyen/Library/Developer/Xcode/DerivedData/Wishie-gavmeupfwiyxzhaiqkwzocyeeixy/Build/Intermediates.noindex/Firebase.build/Debug-iphoneos/FirebaseSharedSwift.build/FirebaseSharedSwift.modulemap

WriteAuxiliaryFile /Users/khanghnguyen/Library/Developer/Xcode/DerivedData/Wishie-gavmeupfwiyxzhaiqkwzocyeeixy/Build/Intermediates.noindex/Firebase.build/Debug-iphoneos/FirebaseSharedSwift.build/Objects-normal/arm64/FirebaseSharedSwift-OutputFileMap.json (in target 'FirebaseSharedSwift' from project 'Firebase')
    cd /Users/khanghnguyen/Library/Developer/Xcode/DerivedData/Wishie-gavmeupfwiyxzhaiqkwzocyeeixy/SourcePackages/checkouts/firebase-ios-sdk
    write-file /Users/khanghnguyen/Library/Developer/Xcode/DerivedData/Wishie-gavmeupfwiyxzhaiqkwzocyeeixy/Build/Intermediates.noindex/Firebase.build/Debug-iphoneos/FirebaseSharedSwift.build/Objects-normal/arm64/FirebaseSharedSwift-OutputFileMap.json

WriteAuxiliaryFile /Users/khanghnguyen/Library/Developer/Xcode/DerivedData/Wishie-gavmeupfwiyxzhaiqkwzocyeeixy/Build/Intermediates.noindex/Firebase.build/Debug-iphoneos/FirebaseSharedSwift.build/Objects-normal/arm64/FirebaseSharedSwift.LinkFileList (in target 'FirebaseSharedSwift' from project 'Firebase')
    cd /Users/khanghnguyen/Library/Developer/Xcode/DerivedData/Wishie-gavmeupfwiyxzhaiqkwzocyeeixy/SourcePackages/checkouts/firebase-ios-sdk
    write-file /Users/khanghnguyen/Library/Developer/Xcode/DerivedData/Wishie-gavmeupfwiyxzhaiqkwzocyeeixy/Build/Intermediates.noindex/Firebase.build/Debug-iphoneos/FirebaseSharedSwift.build/Objects-normal/arm64/FirebaseSharedSwift.LinkFileList

WriteAuxiliaryFile /Users/khanghnguyen/Library/Developer/Xcode/DerivedData/Wishie-gavmeupfwiyxzhaiqkwzocyeeixy/Build/Intermediates.noindex/Firebase.build/Debug-iphoneos/FirebaseSharedSwift.build/Objects-normal/arm64/FirebaseSharedSwift_const_extract_protocols.json (in target 'FirebaseSharedSwift' from project 'Firebase')
    cd /Users/khanghnguyen/Library/Developer/Xcode/DerivedData/Wishie-gavmeupfwiyxzhaiqkwzocyeeixy/SourcePackages/checkouts/firebase-ios-sdk
    write-file /Users/khanghnguyen/Library/Developer/Xcode/DerivedData/Wishie-gavmeupfwiyxzhaiqkwzocyeeixy/Build/Intermediates.noindex/Firebase.build/Debug-iphoneos/FirebaseSharedSwift.build/Objects-normal/arm64/FirebaseSharedSwift_const_extract_protocols.json

WriteAuxiliaryFile /Users/khanghnguyen/Library/Developer/Xcode/DerivedData/Wishie-gavmeupfwiyxzhaiqkwzocyeeixy/Build/Intermediates.noindex/Firebase.build/Debug-iphoneos/FirebaseSharedSwift.build/Objects-normal/arm64/FirebaseSharedSwift.SwiftFileList (in target 'FirebaseSharedSwift' from project 'Firebase')
    cd /Users/khanghnguyen/Library/Developer/Xcode/DerivedData/Wishie-gavmeupfwiyxzhaiqkwzocyeeixy/SourcePackages/checkouts/firebase-ios-sdk
    write-file /Users/khanghnguyen/Library/Developer/Xcode/DerivedData/Wishie-gavmeupfwiyxzhaiqkwzocyeeixy/Build/Intermediates.noindex/Firebase.build/Debug-iphoneos/FirebaseSharedSwift.build/Objects-normal/arm64/FirebaseSharedSwift.SwiftFileList

WriteAuxiliaryFile /Users/khanghnguyen/Library/Developer/Xcode/DerivedData/Wishie-gavmeupfwiyxzhaiqkwzocyeeixy/Build/Intermediates.noindex/Firebase.build/Debug-iphoneos/FirebaseSharedSwift.build/Objects-normal/arm64/FirebaseSharedSwift.SwiftConstValuesFileList (in target 'FirebaseSharedSwift' from project 'Firebase')
    cd /Users/khanghnguyen/Library/Developer/Xcode/DerivedData/Wishie-gavmeupfwiyxzhaiqkwzocyeeixy/SourcePackages/checkouts/firebase-ios-sdk
    write-file /Users/khanghnguyen/Library/Developer/Xcode/DerivedData/Wishie-gavmeupfwiyxzhaiqkwzocyeeixy/Build/Intermediates.noindex/Firebase.build/Debug-iphoneos/FirebaseSharedSwift.build/Objects-normal/arm64/FirebaseSharedSwift.SwiftConstValuesFileList

WriteAuxiliaryFile /Users/khanghnguyen/Library/Developer/Xcode/DerivedData/Wishie-gavmeupfwiyxzhaiqkwzocyeeixy/Build/Intermediates.noindex/Firebase.build/Debug-iphoneos/FirebaseSharedSwift.build/FirebaseSharedSwift.DependencyStaticMetadataFileList (in target 'FirebaseSharedSwift' from project 'Firebase')
    cd /Users/khanghnguyen/Library/Developer/Xcode/DerivedData/Wishie-gavmeupfwiyxzhaiqkwzocyeeixy/SourcePackages/checkouts/firebase-ios-sdk
    write-file /Users/khanghnguyen/Library/Developer/Xcode/DerivedData/Wishie-gavmeupfwiyxzhaiqkwzocyeeixy/Build/Intermediates.noindex/Firebase.build/Debug-iphoneos/FirebaseSharedSwift.build/FirebaseSharedSwift.DependencyStaticMetadataFileList

WriteAuxiliaryFile /Users/khanghnguyen/Library/Developer/Xcode/DerivedData/Wishie-gavmeupfwiyxzhaiqkwzocyeeixy/Build/Intermediates.noindex/Firebase.build/Debug-iphoneos/FirebaseSharedSwift.build/FirebaseSharedSwift.DependencyMetadataFileList (in target 'FirebaseSharedSwift' from project 'Firebase')
    cd /Users/khanghnguyen/Library/Developer/Xcode/DerivedData/Wishie-gavmeupfwiyxzhaiqkwzocyeeixy/SourcePackages/checkouts/firebase-ios-sdk
    write-file /Users/khanghnguyen/Library/Developer/Xcode/DerivedData/Wishie-gavmeupfwiyxzhaiqkwzocyeeixy/Build/Intermediates.noindex/Firebase.build/Debug-iphoneos/FirebaseSharedSwift.build/FirebaseSharedSwift.DependencyMetadataFileList

WriteAuxiliaryFile /Users/khanghnguyen/Library/Developer/Xcode/DerivedData/Wishie-gavmeupfwiyxzhaiqkwzocyeeixy/Build/Intermediates.noindex/Firebase.build/Debug-iphoneos/FirebaseCoreInternal.build/FirebaseCoreInternal.modulemap (in target 'FirebaseCoreInternal' from project 'Firebase')
    cd /Users/khanghnguyen/Library/Developer/Xcode/DerivedData/Wishie-gavmeupfwiyxzhaiqkwzocyeeixy/SourcePackages/checkouts/firebase-ios-sdk
    write-file /Users/khanghnguyen/Library/Developer/Xcode/DerivedData/Wishie-gavmeupfwiyxzhaiqkwzocyeeixy/Build/Intermediates.noindex/Firebase.build/Debug-iphoneos/FirebaseCoreInternal.build/FirebaseCoreInternal.modulemap

WriteAuxiliaryFile /Users/khanghnguyen/Library/Developer/Xcode/DerivedData/Wishie-gavmeupfwiyxzhaiqkwzocyeeixy/Build/Intermediates.noindex/Firebase.build/Debug-iphoneos/FirebaseCoreInternal.build/FirebaseCoreInternal.DependencyStaticMetadataFileList (in target 'FirebaseCoreInternal' from project 'Firebase')
    cd /Users/khanghnguyen/Library/Developer/Xcode/DerivedData/Wishie-gavmeupfwiyxzhaiqkwzocyeeixy/SourcePackages/checkouts/firebase-ios-sdk
    write-file /Users/khanghnguyen/Library/Developer/Xcode/DerivedData/Wishie-gavmeupfwiyxzhaiqkwzocyeeixy/Build/Intermediates.noindex/Firebase.build/Debug-iphoneos/FirebaseCoreInternal.build/FirebaseCoreInternal.DependencyStaticMetadataFileList

WriteAuxiliaryFile /Users/khanghnguyen/Library/Developer/Xcode/DerivedData/Wishie-gavmeupfwiyxzhaiqkwzocyeeixy/Build/Intermediates.noindex/Firebase.build/Debug-iphoneos/FirebaseCoreInternal.build/Objects-normal/arm64/FirebaseCoreInternal.SwiftFileList (in target 'FirebaseCoreInternal' from project 'Firebase')
    cd /Users/khanghnguyen/Library/Developer/Xcode/DerivedData/Wishie-gavmeupfwiyxzhaiqkwzocyeeixy/SourcePackages/checkouts/firebase-ios-sdk
    write-file /Users/khanghnguyen/Library/Developer/Xcode/DerivedData/Wishie-gavmeupfwiyxzhaiqkwzocyeeixy/Build/Intermediates.noindex/Firebase.build/Debug-iphoneos/FirebaseCoreInternal.build/Objects-normal/arm64/FirebaseCoreInternal.SwiftFileList

WriteAuxiliaryFile /Users/khanghnguyen/Library/Developer/Xcode/DerivedData/Wishie-gavmeupfwiyxzhaiqkwzocyeeixy/Build/Intermediates.noindex/Firebase.build/Debug-iphoneos/FirebaseCoreInternal.build/Objects-normal/arm64/FirebaseCoreInternal_const_extract_protocols.json (in target 'FirebaseCoreInternal' from project 'Firebase')
    cd /Users/khanghnguyen/Library/Developer/Xcode/DerivedData/Wishie-gavmeupfwiyxzhaiqkwzocyeeixy/SourcePackages/checkouts/firebase-ios-sdk
    write-file /Users/khanghnguyen/Library/Developer/Xcode/DerivedData/Wishie-gavmeupfwiyxzhaiqkwzocyeeixy/Build/Intermediates.noindex/Firebase.build/Debug-iphoneos/FirebaseCoreInternal.build/Objects-normal/arm64/FirebaseCoreInternal_const_extract_protocols.json

WriteAuxiliaryFile /Users/khanghnguyen/Library/Developer/Xcode/DerivedData/Wishie-gavmeupfwiyxzhaiqkwzocyeeixy/Build/Intermediates.noindex/Firebase.build/Debug-iphoneos/FirebaseCoreInternal.build/Objects-normal/arm64/FirebaseCoreInternal.SwiftConstValuesFileList (in target 'FirebaseCoreInternal' from project 'Firebase')
    cd /Users/khanghnguyen/Library/Developer/Xcode/DerivedData/Wishie-gavmeupfwiyxzhaiqkwzocyeeixy/SourcePackages/checkouts/firebase-ios-sdk
    write-file /Users/khanghnguyen/Library/Developer/Xcode/DerivedData/Wishie-gavmeupfwiyxzhaiqkwzocyeeixy/Build/Intermediates.noindex/Firebase.build/Debug-iphoneos/FirebaseCoreInternal.build/Objects-normal/arm64/FirebaseCoreInternal.SwiftConstValuesFileList

WriteAuxiliaryFile /Users/khanghnguyen/Library/Developer/Xcode/DerivedData/Wishie-gavmeupfwiyxzhaiqkwzocyeeixy/Build/Intermediates.noindex/Firebase.build/Debug-iphoneos/FirebaseCoreInternal.build/Objects-normal/arm64/FirebaseCoreInternal.LinkFileList (in target 'FirebaseCoreInternal' from project 'Firebase')
    cd /Users/khanghnguyen/Library/Developer/Xcode/DerivedData/Wishie-gavmeupfwiyxzhaiqkwzocyeeixy/SourcePackages/checkouts/firebase-ios-sdk
    write-file /Users/khanghnguyen/Library/Developer/Xcode/DerivedData/Wishie-gavmeupfwiyxzhaiqkwzocyeeixy/Build/Intermediates.noindex/Firebase.build/Debug-iphoneos/FirebaseCoreInternal.build/Objects-normal/arm64/FirebaseCoreInternal.LinkFileList

WriteAuxiliaryFile /Users/khanghnguyen/Library/Developer/Xcode/DerivedData/Wishie-gavmeupfwiyxzhaiqkwzocyeeixy/Build/Intermediates.noindex/Firebase.build/Debug-iphoneos/FirebaseCoreInternal.build/Objects-normal/arm64/FirebaseCoreInternal-OutputFileMap.json (in target 'FirebaseCoreInternal' from project 'Firebase')
    cd /Users/khanghnguyen/Library/Developer/Xcode/DerivedData/Wishie-gavmeupfwiyxzhaiqkwzocyeeixy/SourcePackages/checkouts/firebase-ios-sdk
    write-file /Users/khanghnguyen/Library/Developer/Xcode/DerivedData/Wishie-gavmeupfwiyxzhaiqkwzocyeeixy/Build/Intermediates.noindex/Firebase.build/Debug-iphoneos/FirebaseCoreInternal.build/Objects-normal/arm64/FirebaseCoreInternal-OutputFileMap.json

WriteAuxiliaryFile /Users/khanghnguyen/Library/Developer/Xcode/DerivedData/Wishie-gavmeupfwiyxzhaiqkwzocyeeixy/Build/Intermediates.noindex/Firebase.build/Debug-iphoneos/FirebaseCoreInternal.build/FirebaseCoreInternal.DependencyMetadataFileList (in target 'FirebaseCoreInternal' from project 'Firebase')
    cd /Users/khanghnguyen/Library/Developer/Xcode/DerivedData/Wishie-gavmeupfwiyxzhaiqkwzocyeeixy/SourcePackages/checkouts/firebase-ios-sdk
    write-file /Users/khanghnguyen/Library/Developer/Xcode/DerivedData/Wishie-gavmeupfwiyxzhaiqkwzocyeeixy/Build/Intermediates.noindex/Firebase.build/Debug-iphoneos/FirebaseCoreInternal.build/FirebaseCoreInternal.DependencyMetadataFileList

WriteAuxiliaryFile /Users/khanghnguyen/Library/Developer/Xcode/DerivedData/Wishie-gavmeupfwiyxzhaiqkwzocyeeixy/Build/Intermediates.noindex/Firebase.build/Debug-iphoneos/FirebaseCoreInternal.build/DerivedSources/resource_bundle_accessor.swift (in target 'FirebaseCoreInternal' from project 'Firebase')
    cd /Users/khanghnguyen/Library/Developer/Xcode/DerivedData/Wishie-gavmeupfwiyxzhaiqkwzocyeeixy/SourcePackages/checkouts/firebase-ios-sdk
    write-file /Users/khanghnguyen/Library/Developer/Xcode/DerivedData/Wishie-gavmeupfwiyxzhaiqkwzocyeeixy/Build/Intermediates.noindex/Firebase.build/Debug-iphoneos/FirebaseCoreInternal.build/DerivedSources/resource_bundle_accessor.swift

WriteAuxiliaryFile /Users/khanghnguyen/Library/Developer/Xcode/DerivedData/Wishie-gavmeupfwiyxzhaiqkwzocyeeixy/Build/Intermediates.noindex/Firebase.build/Debug-iphoneos/FirebaseCoreExtension.build/FirebaseCoreExtension.modulemap (in target 'FirebaseCoreExtension' from project 'Firebase')
    cd /Users/khanghnguyen/Library/Developer/Xcode/DerivedData/Wishie-gavmeupfwiyxzhaiqkwzocyeeixy/SourcePackages/checkouts/firebase-ios-sdk
    write-file /Users/khanghnguyen/Library/Developer/Xcode/DerivedData/Wishie-gavmeupfwiyxzhaiqkwzocyeeixy/Build/Intermediates.noindex/Firebase.build/Debug-iphoneos/FirebaseCoreExtension.build/FirebaseCoreExtension.modulemap

WriteAuxiliaryFile /Users/khanghnguyen/Library/Developer/Xcode/DerivedData/Wishie-gavmeupfwiyxzhaiqkwzocyeeixy/Build/Intermediates.noindex/Firebase.build/Debug-iphoneos/FirebaseCoreExtension.build/FirebaseCoreExtension.DependencyStaticMetadataFileList (in target 'FirebaseCoreExtension' from project 'Firebase')
    cd /Users/khanghnguyen/Library/Developer/Xcode/DerivedData/Wishie-gavmeupfwiyxzhaiqkwzocyeeixy/SourcePackages/checkouts/firebase-ios-sdk
    write-file /Users/khanghnguyen/Library/Developer/Xcode/DerivedData/Wishie-gavmeupfwiyxzhaiqkwzocyeeixy/Build/Intermediates.noindex/Firebase.build/Debug-iphoneos/FirebaseCoreExtension.build/FirebaseCoreExtension.DependencyStaticMetadataFileList

WriteAuxiliaryFile /Users/khanghnguyen/Library/Developer/Xcode/DerivedData/Wishie-gavmeupfwiyxzhaiqkwzocyeeixy/Build/Intermediates.noindex/Firebase.build/Debug-iphoneos/FirebaseCoreExtension.build/FirebaseCoreExtension.DependencyMetadataFileList (in target 'FirebaseCoreExtension' from project 'Firebase')
    cd /Users/khanghnguyen/Library/Developer/Xcode/DerivedData/Wishie-gavmeupfwiyxzhaiqkwzocyeeixy/SourcePackages/checkouts/firebase-ios-sdk
    write-file /Users/khanghnguyen/Library/Developer/Xcode/DerivedData/Wishie-gavmeupfwiyxzhaiqkwzocyeeixy/Build/Intermediates.noindex/Firebase.build/Debug-iphoneos/FirebaseCoreExtension.build/FirebaseCoreExtension.DependencyMetadataFileList

WriteAuxiliaryFile /Users/khanghnguyen/Library/Developer/Xcode/DerivedData/Wishie-gavmeupfwiyxzhaiqkwzocyeeixy/Build/Intermediates.noindex/Firebase.build/Debug-iphoneos/FirebaseCoreExtension.build/Objects-normal/arm64/e6072d4f65d7061329687fe24e3d63a7-common-args.resp (in target 'FirebaseCoreExtension' from project 'Firebase')
    cd /Users/khanghnguyen/Library/Developer/Xcode/DerivedData/Wishie-gavmeupfwiyxzhaiqkwzocyeeixy/SourcePackages/checkouts/firebase-ios-sdk
    write-file /Users/khanghnguyen/Library/Developer/Xcode/DerivedData/Wishie-gavmeupfwiyxzhaiqkwzocyeeixy/Build/Intermediates.noindex/Firebase.build/Debug-iphoneos/FirebaseCoreExtension.build/Objects-normal/arm64/e6072d4f65d7061329687fe24e3d63a7-common-args.resp
-target arm64-apple-ios15.0 -fobjc-arc -fmodules -gmodules '-fmodules-cache-path=/Users/khanghnguyen/Library/Developer/Xcode/DerivedData/ModuleCache.noindex' '-fmodule-name=FirebaseCoreExtension' -fpascal-strings -O0 -DSWIFT_PACKAGE '-DDEBUG=1' '-DOBJC_OLD_DISPATCH_PROTOTYPES=1' -isysroot /Applications/Xcode.app/Contents/Developer/Platforms/iPhoneOS.platform/Developer/SDKs/iPhoneOS26.2.sdk -g -fprofile-instr-generate -fcoverage-mapping -I/Users/khanghnguyen/Library/Developer/Xcode/DerivedData/Wishie-gavmeupfwiyxzhaiqkwzocyeeixy/Build/Products/Debug-iphoneos/include -I/Users/khanghnguyen/Library/Developer/Xcode/DerivedData/Wishie-gavmeupfwiyxzhaiqkwzocyeeixy/SourcePackages/checkouts/firebase-ios-sdk/FirebaseCore/Extension -I/Users/khanghnguyen/Library/Developer/Xcode/DerivedData/Wishie-gavmeupfwiyxzhaiqkwzocyeeixy/SourcePackages/checkouts/firebase-ios-sdk -I/Users/khanghnguyen/Library/Developer/Xcode/DerivedData/Wishie-gavmeupfwiyxzhaiqkwzocyeeixy/Build/Intermediates.noindex/Firebase.build/Debug-iphoneos/FirebaseCoreExtension.build/DerivedSources-normal/arm64 -I/Users/khanghnguyen/Library/Developer/Xcode/DerivedData/Wishie-gavmeupfwiyxzhaiqkwzocyeeixy/Build/Intermediates.noindex/Firebase.build/Debug-iphoneos/FirebaseCoreExtension.build/DerivedSources/arm64 -I/Users/khanghnguyen/Library/Developer/Xcode/DerivedData/Wishie-gavmeupfwiyxzhaiqkwzocyeeixy/Build/Intermediates.noindex/Firebase.build/Debug-iphoneos/FirebaseCoreExtension.build/DerivedSources -F/Users/khanghnguyen/Library/Developer/Xcode/DerivedData/Wishie-gavmeupfwiyxzhaiqkwzocyeeixy/Build/Products/Debug-iphoneos -iframework /Applications/Xcode.app/Contents/Developer/Platforms/iPhoneOS.platform/Developer/Library/Frameworks -iframework /Applications/Xcode.app/Contents/Developer/Platforms/iPhoneOS.platform/Developer/SDKs/iPhoneOS26.2.sdk/Developer/Library/Frameworks -DXcode

WriteAuxiliaryFile /Users/khanghnguyen/Library/Developer/Xcode/DerivedData/Wishie-gavmeupfwiyxzhaiqkwzocyeeixy/Build/Intermediates.noindex/Firebase.build/Debug-iphoneos/FirebaseCoreExtension.build/Objects-normal/arm64/FirebaseCoreExtension.LinkFileList (in target 'FirebaseCoreExtension' from project 'Firebase')
    cd /Users/khanghnguyen/Library/Developer/Xcode/DerivedData/Wishie-gavmeupfwiyxzhaiqkwzocyeeixy/SourcePackages/checkouts/firebase-ios-sdk
    write-file /Users/khanghnguyen/Library/Developer/Xcode/DerivedData/Wishie-gavmeupfwiyxzhaiqkwzocyeeixy/Build/Intermediates.noindex/Firebase.build/Debug-iphoneos/FirebaseCoreExtension.build/Objects-normal/arm64/FirebaseCoreExtension.LinkFileList

WriteAuxiliaryFile /Users/khanghnguyen/Library/Developer/Xcode/DerivedData/Wishie-gavmeupfwiyxzhaiqkwzocyeeixy/Build/Intermediates.noindex/Firebase.build/Debug-iphoneos/FirebaseCoreExtension.build/DerivedSources/resource_bundle_accessor.m (in target 'FirebaseCoreExtension' from project 'Firebase')
    cd /Users/khanghnguyen/Library/Developer/Xcode/DerivedData/Wishie-gavmeupfwiyxzhaiqkwzocyeeixy/SourcePackages/checkouts/firebase-ios-sdk
    write-file /Users/khanghnguyen/Library/Developer/Xcode/DerivedData/Wishie-gavmeupfwiyxzhaiqkwzocyeeixy/Build/Intermediates.noindex/Firebase.build/Debug-iphoneos/FirebaseCoreExtension.build/DerivedSources/resource_bundle_accessor.m

WriteAuxiliaryFile /Users/khanghnguyen/Library/Developer/Xcode/DerivedData/Wishie-gavmeupfwiyxzhaiqkwzocyeeixy/Build/Intermediates.noindex/Firebase.build/Debug-iphoneos/FirebaseCoreExtension.build/DerivedSources/resource_bundle_accessor.h (in target 'FirebaseCoreExtension' from project 'Firebase')
    cd /Users/khanghnguyen/Library/Developer/Xcode/DerivedData/Wishie-gavmeupfwiyxzhaiqkwzocyeeixy/SourcePackages/checkouts/firebase-ios-sdk
    write-file /Users/khanghnguyen/Library/Developer/Xcode/DerivedData/Wishie-gavmeupfwiyxzhaiqkwzocyeeixy/Build/Intermediates.noindex/Firebase.build/Debug-iphoneos/FirebaseCoreExtension.build/DerivedSources/resource_bundle_accessor.h

WriteAuxiliaryFile /Users/khanghnguyen/Library/Developer/Xcode/DerivedData/Wishie-gavmeupfwiyxzhaiqkwzocyeeixy/Build/Intermediates.noindex/Firebase.build/Debug-iphoneos/FirebaseCore.build/FirebaseCore.DependencyMetadataFileList (in target 'FirebaseCore' from project 'Firebase')
    cd /Users/khanghnguyen/Library/Developer/Xcode/DerivedData/Wishie-gavmeupfwiyxzhaiqkwzocyeeixy/SourcePackages/checkouts/firebase-ios-sdk
    write-file /Users/khanghnguyen/Library/Developer/Xcode/DerivedData/Wishie-gavmeupfwiyxzhaiqkwzocyeeixy/Build/Intermediates.noindex/Firebase.build/Debug-iphoneos/FirebaseCore.build/FirebaseCore.DependencyMetadataFileList

WriteAuxiliaryFile /Users/khanghnguyen/Library/Developer/Xcode/DerivedData/Wishie-gavmeupfwiyxzhaiqkwzocyeeixy/Build/Intermediates.noindex/Firebase.build/Debug-iphoneos/FirebaseCore.build/FirebaseCore.DependencyStaticMetadataFileList (in target 'FirebaseCore' from project 'Firebase')
    cd /Users/khanghnguyen/Library/Developer/Xcode/DerivedData/Wishie-gavmeupfwiyxzhaiqkwzocyeeixy/SourcePackages/checkouts/firebase-ios-sdk
    write-file /Users/khanghnguyen/Library/Developer/Xcode/DerivedData/Wishie-gavmeupfwiyxzhaiqkwzocyeeixy/Build/Intermediates.noindex/Firebase.build/Debug-iphoneos/FirebaseCore.build/FirebaseCore.DependencyStaticMetadataFileList

WriteAuxiliaryFile /Users/khanghnguyen/Library/Developer/Xcode/DerivedData/Wishie-gavmeupfwiyxzhaiqkwzocyeeixy/Build/Intermediates.noindex/Firebase.build/Debug-iphoneos/FirebaseCore.build/FirebaseCore.modulemap (in target 'FirebaseCore' from project 'Firebase')
    cd /Users/khanghnguyen/Library/Developer/Xcode/DerivedData/Wishie-gavmeupfwiyxzhaiqkwzocyeeixy/SourcePackages/checkouts/firebase-ios-sdk
    write-file /Users/khanghnguyen/Library/Developer/Xcode/DerivedData/Wishie-gavmeupfwiyxzhaiqkwzocyeeixy/Build/Intermediates.noindex/Firebase.build/Debug-iphoneos/FirebaseCore.build/FirebaseCore.modulemap

WriteAuxiliaryFile /Users/khanghnguyen/Library/Developer/Xcode/DerivedData/Wishie-gavmeupfwiyxzhaiqkwzocyeeixy/Build/Intermediates.noindex/Firebase.build/Debug-iphoneos/FirebaseCore.build/Objects-normal/arm64/e6072d4f65d7061329687fe24e3d63a7-common-args.resp (in target 'FirebaseCore' from project 'Firebase')
    cd /Users/khanghnguyen/Library/Developer/Xcode/DerivedData/Wishie-gavmeupfwiyxzhaiqkwzocyeeixy/SourcePackages/checkouts/firebase-ios-sdk
    write-file /Users/khanghnguyen/Library/Developer/Xcode/DerivedData/Wishie-gavmeupfwiyxzhaiqkwzocyeeixy/Build/Intermediates.noindex/Firebase.build/Debug-iphoneos/FirebaseCore.build/Objects-normal/arm64/e6072d4f65d7061329687fe24e3d63a7-common-args.resp
-target arm64-apple-ios15.0 -fobjc-arc -fmodules -gmodules '-fmodules-cache-path=/Users/khanghnguyen/Library/Developer/Xcode/DerivedData/ModuleCache.noindex' '-fmodule-name=FirebaseCore' -fpascal-strings -O0 -DSWIFT_PACKAGE '-DDEBUG=1' '-DFirebase_VERSION=12.13.0' '-DOBJC_OLD_DISPATCH_PROTOTYPES=1' -isysroot /Applications/Xcode.app/Contents/Developer/Platforms/iPhoneOS.platform/Developer/SDKs/iPhoneOS26.2.sdk -g -fprofile-instr-generate -fcoverage-mapping -I/Users/khanghnguyen/Library/Developer/Xcode/DerivedData/Wishie-gavmeupfwiyxzhaiqkwzocyeeixy/SourcePackages/checkouts/GoogleUtilities/GoogleUtilities/NSData+zlib/Public -I/Users/khanghnguyen/Library/Developer/Xcode/DerivedData/Wishie-gavmeupfwiyxzhaiqkwzocyeeixy/SourcePackages/checkouts/GoogleUtilities/GoogleUtilities/Environment/Public -I/Users/khanghnguyen/Library/Developer/Xcode/DerivedData/Wishie-gavmeupfwiyxzhaiqkwzocyeeixy/SourcePackages/checkouts/GoogleUtilities/third_party/IsAppEncrypted/Public -I/Users/khanghnguyen/Library/Developer/Xcode/DerivedData/Wishie-gavmeupfwiyxzhaiqkwzocyeeixy/SourcePackages/checkouts/GoogleUtilities/GoogleUtilities/Logger/Public -I/Users/khanghnguyen/Library/Developer/Xcode/DerivedData/Wishie-gavmeupfwiyxzhaiqkwzocyeeixy/SourcePackages/checkouts/firebase-ios-sdk/CoreOnly/Sources -I/Users/khanghnguyen/Library/Developer/Xcode/DerivedData/Wishie-gavmeupfwiyxzhaiqkwzocyeeixy/Build/Products/Debug-iphoneos/include -I/Users/khanghnguyen/Library/Developer/Xcode/DerivedData/Wishie-gavmeupfwiyxzhaiqkwzocyeeixy/SourcePackages/checkouts/firebase-ios-sdk/FirebaseCore/Sources/Public -I/Users/khanghnguyen/Library/Developer/Xcode/DerivedData/Wishie-gavmeupfwiyxzhaiqkwzocyeeixy/SourcePackages/checkouts/firebase-ios-sdk -I/Users/khanghnguyen/Library/Developer/Xcode/DerivedData/Wishie-gavmeupfwiyxzhaiqkwzocyeeixy/Build/Intermediates.noindex/Firebase.build/Debug-iphoneos/FirebaseCore.build/DerivedSources-normal/arm64 -I/Users/khanghnguyen/Library/Developer/Xcode/DerivedData/Wishie-gavmeupfwiyxzhaiqkwzocyeeixy/Build/Intermediates.noindex/Firebase.build/Debug-iphoneos/FirebaseCore.build/DerivedSources/arm64 -I/Users/khanghnguyen/Library/Developer/Xcode/DerivedData/Wishie-gavmeupfwiyxzhaiqkwzocyeeixy/Build/Intermediates.noindex/Firebase.build/Debug-iphoneos/FirebaseCore.build/DerivedSources -F/Users/khanghnguyen/Library/Developer/Xcode/DerivedData/Wishie-gavmeupfwiyxzhaiqkwzocyeeixy/Build/Products/Debug-iphoneos/PackageFrameworks -F/Users/khanghnguyen/Library/Developer/Xcode/DerivedData/Wishie-gavmeupfwiyxzhaiqkwzocyeeixy/Build/Products/Debug-iphoneos/PackageFrameworks -F/Users/khanghnguyen/Library/Developer/Xcode/DerivedData/Wishie-gavmeupfwiyxzhaiqkwzocyeeixy/Build/Products/Debug-iphoneos/PackageFrameworks -F/Users/khanghnguyen/Library/Developer/Xcode/DerivedData/Wishie-gavmeupfwiyxzhaiqkwzocyeeixy/Build/Products/Debug-iphoneos/PackageFrameworks -F/Users/khanghnguyen/Library/Developer/Xcode/DerivedData/Wishie-gavmeupfwiyxzhaiqkwzocyeeixy/Build/Products/Debug-iphoneos/PackageFrameworks -F/Users/khanghnguyen/Library/Developer/Xcode/DerivedData/Wishie-gavmeupfwiyxzhaiqkwzocyeeixy/Build/Products/Debug-iphoneos/PackageFrameworks -F/Users/khanghnguyen/Library/Developer/Xcode/DerivedData/Wishie-gavmeupfwiyxzhaiqkwzocyeeixy/Build/Products/Debug-iphoneos -iframework /Applications/Xcode.app/Contents/Developer/Platforms/iPhoneOS.platform/Developer/Library/Frameworks -iframework /Applications/Xcode.app/Contents/Developer/Platforms/iPhoneOS.platform/Developer/SDKs/iPhoneOS26.2.sdk/Developer/Library/Frameworks '-fmodule-map-file=/Users/khanghnguyen/Library/Developer/Xcode/DerivedData/Wishie-gavmeupfwiyxzhaiqkwzocyeeixy/Build/Intermediates.noindex/GeneratedModuleMaps-iphoneos/GoogleUtilities-NSData.modulemap' '-fmodule-map-file=/Users/khanghnguyen/Library/Developer/Xcode/DerivedData/Wishie-gavmeupfwiyxzhaiqkwzocyeeixy/Build/Intermediates.noindex/GeneratedModuleMaps-iphoneos/GoogleUtilities-Environment.modulemap' '-fmodule-map-file=/Users/khanghnguyen/Library/Developer/Xcode/DerivedData/Wishie-gavmeupfwiyxzhaiqkwzocyeeixy/Build/Intermediates.noindex/GeneratedModuleMaps-iphoneos/third-party-IsAppEncrypted.modulemap' '-fmodule-map-file=/Users/khanghnguyen/Library/Developer/Xcode/DerivedData/Wishie-gavmeupfwiyxzhaiqkwzocyeeixy/Build/Intermediates.noindex/GeneratedModuleMaps-iphoneos/GoogleUtilities-Logger.modulemap' '-fmodule-map-file=/Users/khanghnguyen/Library/Developer/Xcode/DerivedData/Wishie-gavmeupfwiyxzhaiqkwzocyeeixy/Build/Intermediates.noindex/GeneratedModuleMaps-iphoneos/FirebaseCoreInternal.modulemap' -DXcode

WriteAuxiliaryFile /Users/khanghnguyen/Library/Developer/Xcode/DerivedData/Wishie-gavmeupfwiyxzhaiqkwzocyeeixy/Build/Intermediates.noindex/Firebase.build/Debug-iphoneos/FirebaseCore.build/DerivedSources/resource_bundle_accessor.m (in target 'FirebaseCore' from project 'Firebase')
    cd /Users/khanghnguyen/Library/Developer/Xcode/DerivedData/Wishie-gavmeupfwiyxzhaiqkwzocyeeixy/SourcePackages/checkouts/firebase-ios-sdk
    write-file /Users/khanghnguyen/Library/Developer/Xcode/DerivedData/Wishie-gavmeupfwiyxzhaiqkwzocyeeixy/Build/Intermediates.noindex/Firebase.build/Debug-iphoneos/FirebaseCore.build/DerivedSources/resource_bundle_accessor.m

WriteAuxiliaryFile /Users/khanghnguyen/Library/Developer/Xcode/DerivedData/Wishie-gavmeupfwiyxzhaiqkwzocyeeixy/Build/Intermediates.noindex/Firebase.build/Debug-iphoneos/FirebaseCore.build/Objects-normal/arm64/FirebaseCore.LinkFileList (in target 'FirebaseCore' from project 'Firebase')
    cd /Users/khanghnguyen/Library/Developer/Xcode/DerivedData/Wishie-gavmeupfwiyxzhaiqkwzocyeeixy/SourcePackages/checkouts/firebase-ios-sdk
    write-file /Users/khanghnguyen/Library/Developer/Xcode/DerivedData/Wishie-gavmeupfwiyxzhaiqkwzocyeeixy/Build/Intermediates.noindex/Firebase.build/Debug-iphoneos/FirebaseCore.build/Objects-normal/arm64/FirebaseCore.LinkFileList

WriteAuxiliaryFile /Users/khanghnguyen/Library/Developer/Xcode/DerivedData/Wishie-gavmeupfwiyxzhaiqkwzocyeeixy/Build/Intermediates.noindex/Firebase.build/Debug-iphoneos/FirebaseCore.build/DerivedSources/resource_bundle_accessor.h (in target 'FirebaseCore' from project 'Firebase')
    cd /Users/khanghnguyen/Library/Developer/Xcode/DerivedData/Wishie-gavmeupfwiyxzhaiqkwzocyeeixy/SourcePackages/checkouts/firebase-ios-sdk
    write-file /Users/khanghnguyen/Library/Developer/Xcode/DerivedData/Wishie-gavmeupfwiyxzhaiqkwzocyeeixy/Build/Intermediates.noindex/Firebase.build/Debug-iphoneos/FirebaseCore.build/DerivedSources/resource_bundle_accessor.h

WriteAuxiliaryFile /Users/khanghnguyen/Library/Developer/Xcode/DerivedData/Wishie-gavmeupfwiyxzhaiqkwzocyeeixy/Build/Intermediates.noindex/Firebase.build/Debug-iphoneos/FirebaseAuthInterop.build/FirebaseAuthInterop.modulemap (in target 'FirebaseAuthInterop' from project 'Firebase')
    cd /Users/khanghnguyen/Library/Developer/Xcode/DerivedData/Wishie-gavmeupfwiyxzhaiqkwzocyeeixy/SourcePackages/checkouts/firebase-ios-sdk
    write-file /Users/khanghnguyen/Library/Developer/Xcode/DerivedData/Wishie-gavmeupfwiyxzhaiqkwzocyeeixy/Build/Intermediates.noindex/Firebase.build/Debug-iphoneos/FirebaseAuthInterop.build/FirebaseAuthInterop.modulemap

WriteAuxiliaryFile /Users/khanghnguyen/Library/Developer/Xcode/DerivedData/Wishie-gavmeupfwiyxzhaiqkwzocyeeixy/Build/Intermediates.noindex/Firebase.build/Debug-iphoneos/FirebaseAuthInterop.build/FirebaseAuthInterop.DependencyStaticMetadataFileList (in target 'FirebaseAuthInterop' from project 'Firebase')
    cd /Users/khanghnguyen/Library/Developer/Xcode/DerivedData/Wishie-gavmeupfwiyxzhaiqkwzocyeeixy/SourcePackages/checkouts/firebase-ios-sdk
    write-file /Users/khanghnguyen/Library/Developer/Xcode/DerivedData/Wishie-gavmeupfwiyxzhaiqkwzocyeeixy/Build/Intermediates.noindex/Firebase.build/Debug-iphoneos/FirebaseAuthInterop.build/FirebaseAuthInterop.DependencyStaticMetadataFileList

WriteAuxiliaryFile /Users/khanghnguyen/Library/Developer/Xcode/DerivedData/Wishie-gavmeupfwiyxzhaiqkwzocyeeixy/Build/Intermediates.noindex/Firebase.build/Debug-iphoneos/FirebaseAuthInterop.build/FirebaseAuthInterop.DependencyMetadataFileList (in target 'FirebaseAuthInterop' from project 'Firebase')
    cd /Users/khanghnguyen/Library/Developer/Xcode/DerivedData/Wishie-gavmeupfwiyxzhaiqkwzocyeeixy/SourcePackages/checkouts/firebase-ios-sdk
    write-file /Users/khanghnguyen/Library/Developer/Xcode/DerivedData/Wishie-gavmeupfwiyxzhaiqkwzocyeeixy/Build/Intermediates.noindex/Firebase.build/Debug-iphoneos/FirebaseAuthInterop.build/FirebaseAuthInterop.DependencyMetadataFileList

WriteAuxiliaryFile /Users/khanghnguyen/Library/Developer/Xcode/DerivedData/Wishie-gavmeupfwiyxzhaiqkwzocyeeixy/Build/Intermediates.noindex/Firebase.build/Debug-iphoneos/FirebaseAuthInterop.build/Objects-normal/arm64/FirebaseAuthInterop.LinkFileList (in target 'FirebaseAuthInterop' from project 'Firebase')
    cd /Users/khanghnguyen/Library/Developer/Xcode/DerivedData/Wishie-gavmeupfwiyxzhaiqkwzocyeeixy/SourcePackages/checkouts/firebase-ios-sdk
    write-file /Users/khanghnguyen/Library/Developer/Xcode/DerivedData/Wishie-gavmeupfwiyxzhaiqkwzocyeeixy/Build/Intermediates.noindex/Firebase.build/Debug-iphoneos/FirebaseAuthInterop.build/Objects-normal/arm64/FirebaseAuthInterop.LinkFileList

WriteAuxiliaryFile /Users/khanghnguyen/Library/Developer/Xcode/DerivedData/Wishie-gavmeupfwiyxzhaiqkwzocyeeixy/Build/Intermediates.noindex/Firebase.build/Debug-iphoneos/FirebaseAuthInterop.build/Objects-normal/arm64/e6072d4f65d7061329687fe24e3d63a7-common-args.resp (in target 'FirebaseAuthInterop' from project 'Firebase')
    cd /Users/khanghnguyen/Library/Developer/Xcode/DerivedData/Wishie-gavmeupfwiyxzhaiqkwzocyeeixy/SourcePackages/checkouts/firebase-ios-sdk
    write-file /Users/khanghnguyen/Library/Developer/Xcode/DerivedData/Wishie-gavmeupfwiyxzhaiqkwzocyeeixy/Build/Intermediates.noindex/Firebase.build/Debug-iphoneos/FirebaseAuthInterop.build/Objects-normal/arm64/e6072d4f65d7061329687fe24e3d63a7-common-args.resp
-target arm64-apple-ios15.0 -fobjc-arc -fmodules -gmodules '-fmodules-cache-path=/Users/khanghnguyen/Library/Developer/Xcode/DerivedData/ModuleCache.noindex' '-fmodule-name=FirebaseAuthInterop' -fpascal-strings -O0 -DSWIFT_PACKAGE '-DDEBUG=1' '-DOBJC_OLD_DISPATCH_PROTOTYPES=1' -isysroot /Applications/Xcode.app/Contents/Developer/Platforms/iPhoneOS.platform/Developer/SDKs/iPhoneOS26.2.sdk -g -fprofile-instr-generate -fcoverage-mapping -I/Users/khanghnguyen/Library/Developer/Xcode/DerivedData/Wishie-gavmeupfwiyxzhaiqkwzocyeeixy/Build/Products/Debug-iphoneos/include -I/Users/khanghnguyen/Library/Developer/Xcode/DerivedData/Wishie-gavmeupfwiyxzhaiqkwzocyeeixy/SourcePackages/checkouts/firebase-ios-sdk/FirebaseAuth/Interop/Public -I/Users/khanghnguyen/Library/Developer/Xcode/DerivedData/Wishie-gavmeupfwiyxzhaiqkwzocyeeixy/SourcePackages/checkouts/firebase-ios-sdk -I/Users/khanghnguyen/Library/Developer/Xcode/DerivedData/Wishie-gavmeupfwiyxzhaiqkwzocyeeixy/Build/Intermediates.noindex/Firebase.build/Debug-iphoneos/FirebaseAuthInterop.build/DerivedSources-normal/arm64 -I/Users/khanghnguyen/Library/Developer/Xcode/DerivedData/Wishie-gavmeupfwiyxzhaiqkwzocyeeixy/Build/Intermediates.noindex/Firebase.build/Debug-iphoneos/FirebaseAuthInterop.build/DerivedSources/arm64 -I/Users/khanghnguyen/Library/Developer/Xcode/DerivedData/Wishie-gavmeupfwiyxzhaiqkwzocyeeixy/Build/Intermediates.noindex/Firebase.build/Debug-iphoneos/FirebaseAuthInterop.build/DerivedSources -F/Users/khanghnguyen/Library/Developer/Xcode/DerivedData/Wishie-gavmeupfwiyxzhaiqkwzocyeeixy/Build/Products/Debug-iphoneos -iframework /Applications/Xcode.app/Contents/Developer/Platforms/iPhoneOS.platform/Developer/Library/Frameworks -iframework /Applications/Xcode.app/Contents/Developer/Platforms/iPhoneOS.platform/Developer/SDKs/iPhoneOS26.2.sdk/Developer/Library/Frameworks -DXcode

WriteAuxiliaryFile /Users/khanghnguyen/Library/Developer/Xcode/DerivedData/Wishie-gavmeupfwiyxzhaiqkwzocyeeixy/Build/Intermediates.noindex/Firebase.build/Debug-iphoneos/FirebaseAuthInternal.build/Objects-normal/arm64/FirebaseAuthInternal.LinkFileList (in target 'FirebaseAuthInternal' from project 'Firebase')
    cd /Users/khanghnguyen/Library/Developer/Xcode/DerivedData/Wishie-gavmeupfwiyxzhaiqkwzocyeeixy/SourcePackages/checkouts/firebase-ios-sdk
    write-file /Users/khanghnguyen/Library/Developer/Xcode/DerivedData/Wishie-gavmeupfwiyxzhaiqkwzocyeeixy/Build/Intermediates.noindex/Firebase.build/Debug-iphoneos/FirebaseAuthInternal.build/Objects-normal/arm64/FirebaseAuthInternal.LinkFileList

WriteAuxiliaryFile /Users/khanghnguyen/Library/Developer/Xcode/DerivedData/Wishie-gavmeupfwiyxzhaiqkwzocyeeixy/Build/Intermediates.noindex/Firebase.build/Debug-iphoneos/FirebaseAuthInternal.build/FirebaseAuthInternal.modulemap (in target 'FirebaseAuthInternal' from project 'Firebase')
    cd /Users/khanghnguyen/Library/Developer/Xcode/DerivedData/Wishie-gavmeupfwiyxzhaiqkwzocyeeixy/SourcePackages/checkouts/firebase-ios-sdk
    write-file /Users/khanghnguyen/Library/Developer/Xcode/DerivedData/Wishie-gavmeupfwiyxzhaiqkwzocyeeixy/Build/Intermediates.noindex/Firebase.build/Debug-iphoneos/FirebaseAuthInternal.build/FirebaseAuthInternal.modulemap

WriteAuxiliaryFile /Users/khanghnguyen/Library/Developer/Xcode/DerivedData/Wishie-gavmeupfwiyxzhaiqkwzocyeeixy/Build/Intermediates.noindex/Firebase.build/Debug-iphoneos/FirebaseAuthInternal.build/Objects-normal/arm64/e6072d4f65d7061329687fe24e3d63a7-common-args.resp (in target 'FirebaseAuthInternal' from project 'Firebase')
    cd /Users/khanghnguyen/Library/Developer/Xcode/DerivedData/Wishie-gavmeupfwiyxzhaiqkwzocyeeixy/SourcePackages/checkouts/firebase-ios-sdk
    write-file /Users/khanghnguyen/Library/Developer/Xcode/DerivedData/Wishie-gavmeupfwiyxzhaiqkwzocyeeixy/Build/Intermediates.noindex/Firebase.build/Debug-iphoneos/FirebaseAuthInternal.build/Objects-normal/arm64/e6072d4f65d7061329687fe24e3d63a7-common-args.resp
-target arm64-apple-ios15.0 -fobjc-arc -fmodules -gmodules '-fmodules-cache-path=/Users/khanghnguyen/Library/Developer/Xcode/DerivedData/ModuleCache.noindex' '-fmodule-name=FirebaseAuthInternal' -fpascal-strings -O0 -DSWIFT_PACKAGE '-DDEBUG=1' '-DOBJC_OLD_DISPATCH_PROTOTYPES=1' -isysroot /Applications/Xcode.app/Contents/Developer/Platforms/iPhoneOS.platform/Developer/SDKs/iPhoneOS26.2.sdk -g -fprofile-instr-generate -fcoverage-mapping -I/Users/khanghnguyen/Library/Developer/Xcode/DerivedData/Wishie-gavmeupfwiyxzhaiqkwzocyeeixy/SourcePackages/checkouts/interop-ios-for-google-sdks/RecaptchaEnterprise/RecaptchaInterop/Public -I/Users/khanghnguyen/Library/Developer/Xcode/DerivedData/Wishie-gavmeupfwiyxzhaiqkwzocyeeixy/Build/Products/Debug-iphoneos/include -I/Users/khanghnguyen/Library/Developer/Xcode/DerivedData/Wishie-gavmeupfwiyxzhaiqkwzocyeeixy/SourcePackages/checkouts/firebase-ios-sdk/FirebaseAuth/Sources/Public -I/Users/khanghnguyen/Library/Developer/Xcode/DerivedData/Wishie-gavmeupfwiyxzhaiqkwzocyeeixy/SourcePackages/checkouts/firebase-ios-sdk -I/Users/khanghnguyen/Library/Developer/Xcode/DerivedData/Wishie-gavmeupfwiyxzhaiqkwzocyeeixy/Build/Intermediates.noindex/Firebase.build/Debug-iphoneos/FirebaseAuthInternal.build/DerivedSources-normal/arm64 -I/Users/khanghnguyen/Library/Developer/Xcode/DerivedData/Wishie-gavmeupfwiyxzhaiqkwzocyeeixy/Build/Intermediates.noindex/Firebase.build/Debug-iphoneos/FirebaseAuthInternal.build/DerivedSources/arm64 -I/Users/khanghnguyen/Library/Developer/Xcode/DerivedData/Wishie-gavmeupfwiyxzhaiqkwzocyeeixy/Build/Intermediates.noindex/Firebase.build/Debug-iphoneos/FirebaseAuthInternal.build/DerivedSources -F/Users/khanghnguyen/Library/Developer/Xcode/DerivedData/Wishie-gavmeupfwiyxzhaiqkwzocyeeixy/Build/Products/Debug-iphoneos/PackageFrameworks -F/Users/khanghnguyen/Library/Developer/Xcode/DerivedData/Wishie-gavmeupfwiyxzhaiqkwzocyeeixy/Build/Products/Debug-iphoneos -iframework /Applications/Xcode.app/Contents/Developer/Platforms/iPhoneOS.platform/Developer/Library/Frameworks -iframework /Applications/Xcode.app/Contents/Developer/Platforms/iPhoneOS.platform/Developer/SDKs/iPhoneOS26.2.sdk/Developer/Library/Frameworks '-fmodule-map-file=/Users/khanghnguyen/Library/Developer/Xcode/DerivedData/Wishie-gavmeupfwiyxzhaiqkwzocyeeixy/Build/Intermediates.noindex/GeneratedModuleMaps-iphoneos/RecaptchaInterop.modulemap' -DXcode

WriteAuxiliaryFile /Users/khanghnguyen/Library/Developer/Xcode/DerivedData/Wishie-gavmeupfwiyxzhaiqkwzocyeeixy/Build/Intermediates.noindex/Firebase.build/Debug-iphoneos/FirebaseAuthInternal.build/FirebaseAuthInternal.DependencyStaticMetadataFileList (in target 'FirebaseAuthInternal' from project 'Firebase')
    cd /Users/khanghnguyen/Library/Developer/Xcode/DerivedData/Wishie-gavmeupfwiyxzhaiqkwzocyeeixy/SourcePackages/checkouts/firebase-ios-sdk
    write-file /Users/khanghnguyen/Library/Developer/Xcode/DerivedData/Wishie-gavmeupfwiyxzhaiqkwzocyeeixy/Build/Intermediates.noindex/Firebase.build/Debug-iphoneos/FirebaseAuthInternal.build/FirebaseAuthInternal.DependencyStaticMetadataFileList

WriteAuxiliaryFile /Users/khanghnguyen/Library/Developer/Xcode/DerivedData/Wishie-gavmeupfwiyxzhaiqkwzocyeeixy/Build/Intermediates.noindex/Firebase.build/Debug-iphoneos/FirebaseAuthInternal.build/FirebaseAuthInternal.DependencyMetadataFileList (in target 'FirebaseAuthInternal' from project 'Firebase')
    cd /Users/khanghnguyen/Library/Developer/Xcode/DerivedData/Wishie-gavmeupfwiyxzhaiqkwzocyeeixy/SourcePackages/checkouts/firebase-ios-sdk
    write-file /Users/khanghnguyen/Library/Developer/Xcode/DerivedData/Wishie-gavmeupfwiyxzhaiqkwzocyeeixy/Build/Intermediates.noindex/Firebase.build/Debug-iphoneos/FirebaseAuthInternal.build/FirebaseAuthInternal.DependencyMetadataFileList

WriteAuxiliaryFile /Users/khanghnguyen/Library/Developer/Xcode/DerivedData/Wishie-gavmeupfwiyxzhaiqkwzocyeeixy/Build/Intermediates.noindex/Firebase.build/Debug-iphoneos/FirebaseAuth.build/FirebaseAuth.modulemap (in target 'FirebaseAuth' from project 'Firebase')
    cd /Users/khanghnguyen/Library/Developer/Xcode/DerivedData/Wishie-gavmeupfwiyxzhaiqkwzocyeeixy/SourcePackages/checkouts/firebase-ios-sdk
    write-file /Users/khanghnguyen/Library/Developer/Xcode/DerivedData/Wishie-gavmeupfwiyxzhaiqkwzocyeeixy/Build/Intermediates.noindex/Firebase.build/Debug-iphoneos/FirebaseAuth.build/FirebaseAuth.modulemap

WriteAuxiliaryFile /Users/khanghnguyen/Library/Developer/Xcode/DerivedData/Wishie-gavmeupfwiyxzhaiqkwzocyeeixy/Build/Intermediates.noindex/Firebase.build/Debug-iphoneos/FirebaseAuth.build/FirebaseAuth.DependencyStaticMetadataFileList (in target 'FirebaseAuth' from project 'Firebase')
    cd /Users/khanghnguyen/Library/Developer/Xcode/DerivedData/Wishie-gavmeupfwiyxzhaiqkwzocyeeixy/SourcePackages/checkouts/firebase-ios-sdk
    write-file /Users/khanghnguyen/Library/Developer/Xcode/DerivedData/Wishie-gavmeupfwiyxzhaiqkwzocyeeixy/Build/Intermediates.noindex/Firebase.build/Debug-iphoneos/FirebaseAuth.build/FirebaseAuth.DependencyStaticMetadataFileList

WriteAuxiliaryFile /Users/khanghnguyen/Library/Developer/Xcode/DerivedData/Wishie-gavmeupfwiyxzhaiqkwzocyeeixy/Build/Intermediates.noindex/Firebase.build/Debug-iphoneos/FirebaseAuth.build/Objects-normal/arm64/FirebaseAuth.SwiftFileList (in target 'FirebaseAuth' from project 'Firebase')
    cd /Users/khanghnguyen/Library/Developer/Xcode/DerivedData/Wishie-gavmeupfwiyxzhaiqkwzocyeeixy/SourcePackages/checkouts/firebase-ios-sdk
    write-file /Users/khanghnguyen/Library/Developer/Xcode/DerivedData/Wishie-gavmeupfwiyxzhaiqkwzocyeeixy/Build/Intermediates.noindex/Firebase.build/Debug-iphoneos/FirebaseAuth.build/Objects-normal/arm64/FirebaseAuth.SwiftFileList

WriteAuxiliaryFile /Users/khanghnguyen/Library/Developer/Xcode/DerivedData/Wishie-gavmeupfwiyxzhaiqkwzocyeeixy/Build/Intermediates.noindex/Firebase.build/Debug-iphoneos/FirebaseAuth.build/Objects-normal/arm64/FirebaseAuth.SwiftConstValuesFileList (in target 'FirebaseAuth' from project 'Firebase')
    cd /Users/khanghnguyen/Library/Developer/Xcode/DerivedData/Wishie-gavmeupfwiyxzhaiqkwzocyeeixy/SourcePackages/checkouts/firebase-ios-sdk
    write-file /Users/khanghnguyen/Library/Developer/Xcode/DerivedData/Wishie-gavmeupfwiyxzhaiqkwzocyeeixy/Build/Intermediates.noindex/Firebase.build/Debug-iphoneos/FirebaseAuth.build/Objects-normal/arm64/FirebaseAuth.SwiftConstValuesFileList

WriteAuxiliaryFile /Users/khanghnguyen/Library/Developer/Xcode/DerivedData/Wishie-gavmeupfwiyxzhaiqkwzocyeeixy/Build/Intermediates.noindex/Firebase.build/Debug-iphoneos/FirebaseAuth.build/Objects-normal/arm64/FirebaseAuth.LinkFileList (in target 'FirebaseAuth' from project 'Firebase')
    cd /Users/khanghnguyen/Library/Developer/Xcode/DerivedData/Wishie-gavmeupfwiyxzhaiqkwzocyeeixy/SourcePackages/checkouts/firebase-ios-sdk
    write-file /Users/khanghnguyen/Library/Developer/Xcode/DerivedData/Wishie-gavmeupfwiyxzhaiqkwzocyeeixy/Build/Intermediates.noindex/Firebase.build/Debug-iphoneos/FirebaseAuth.build/Objects-normal/arm64/FirebaseAuth.LinkFileList

WriteAuxiliaryFile /Users/khanghnguyen/Library/Developer/Xcode/DerivedData/Wishie-gavmeupfwiyxzhaiqkwzocyeeixy/Build/Intermediates.noindex/Firebase.build/Debug-iphoneos/FirebaseAuth.build/Objects-normal/arm64/FirebaseAuth_const_extract_protocols.json (in target 'FirebaseAuth' from project 'Firebase')
    cd /Users/khanghnguyen/Library/Developer/Xcode/DerivedData/Wishie-gavmeupfwiyxzhaiqkwzocyeeixy/SourcePackages/checkouts/firebase-ios-sdk
    write-file /Users/khanghnguyen/Library/Developer/Xcode/DerivedData/Wishie-gavmeupfwiyxzhaiqkwzocyeeixy/Build/Intermediates.noindex/Firebase.build/Debug-iphoneos/FirebaseAuth.build/Objects-normal/arm64/FirebaseAuth_const_extract_protocols.json

WriteAuxiliaryFile /Users/khanghnguyen/Library/Developer/Xcode/DerivedData/Wishie-gavmeupfwiyxzhaiqkwzocyeeixy/Build/Intermediates.noindex/Firebase.build/Debug-iphoneos/FirebaseAuth.build/Objects-normal/arm64/FirebaseAuth-OutputFileMap.json (in target 'FirebaseAuth' from project 'Firebase')
    cd /Users/khanghnguyen/Library/Developer/Xcode/DerivedData/Wishie-gavmeupfwiyxzhaiqkwzocyeeixy/SourcePackages/checkouts/firebase-ios-sdk
    write-file /Users/khanghnguyen/Library/Developer/Xcode/DerivedData/Wishie-gavmeupfwiyxzhaiqkwzocyeeixy/Build/Intermediates.noindex/Firebase.build/Debug-iphoneos/FirebaseAuth.build/Objects-normal/arm64/FirebaseAuth-OutputFileMap.json

WriteAuxiliaryFile /Users/khanghnguyen/Library/Developer/Xcode/DerivedData/Wishie-gavmeupfwiyxzhaiqkwzocyeeixy/Build/Intermediates.noindex/Firebase.build/Debug-iphoneos/FirebaseAuth.build/FirebaseAuth.DependencyMetadataFileList (in target 'FirebaseAuth' from project 'Firebase')
    cd /Users/khanghnguyen/Library/Developer/Xcode/DerivedData/Wishie-gavmeupfwiyxzhaiqkwzocyeeixy/SourcePackages/checkouts/firebase-ios-sdk
    write-file /Users/khanghnguyen/Library/Developer/Xcode/DerivedData/Wishie-gavmeupfwiyxzhaiqkwzocyeeixy/Build/Intermediates.noindex/Firebase.build/Debug-iphoneos/FirebaseAuth.build/FirebaseAuth.DependencyMetadataFileList

WriteAuxiliaryFile /Users/khanghnguyen/Library/Developer/Xcode/DerivedData/Wishie-gavmeupfwiyxzhaiqkwzocyeeixy/Build/Intermediates.noindex/Firebase.build/Debug-iphoneos/FirebaseAuth.build/DerivedSources/resource_bundle_accessor.swift (in target 'FirebaseAuth' from project 'Firebase')
    cd /Users/khanghnguyen/Library/Developer/Xcode/DerivedData/Wishie-gavmeupfwiyxzhaiqkwzocyeeixy/SourcePackages/checkouts/firebase-ios-sdk
    write-file /Users/khanghnguyen/Library/Developer/Xcode/DerivedData/Wishie-gavmeupfwiyxzhaiqkwzocyeeixy/Build/Intermediates.noindex/Firebase.build/Debug-iphoneos/FirebaseAuth.build/DerivedSources/resource_bundle_accessor.swift

WriteAuxiliaryFile /Users/khanghnguyen/Library/Developer/Xcode/DerivedData/Wishie-gavmeupfwiyxzhaiqkwzocyeeixy/Build/Intermediates.noindex/Firebase.build/Debug-iphoneos/FirebaseAppCheckInterop.build/FirebaseAppCheckInterop.DependencyStaticMetadataFileList (in target 'FirebaseAppCheckInterop' from project 'Firebase')
    cd /Users/khanghnguyen/Library/Developer/Xcode/DerivedData/Wishie-gavmeupfwiyxzhaiqkwzocyeeixy/SourcePackages/checkouts/firebase-ios-sdk
    write-file /Users/khanghnguyen/Library/Developer/Xcode/DerivedData/Wishie-gavmeupfwiyxzhaiqkwzocyeeixy/Build/Intermediates.noindex/Firebase.build/Debug-iphoneos/FirebaseAppCheckInterop.build/FirebaseAppCheckInterop.DependencyStaticMetadataFileList

WriteAuxiliaryFile /Users/khanghnguyen/Library/Developer/Xcode/DerivedData/Wishie-gavmeupfwiyxzhaiqkwzocyeeixy/Build/Intermediates.noindex/Firebase.build/Debug-iphoneos/FirebaseAppCheckInterop.build/FirebaseAppCheckInterop.DependencyMetadataFileList (in target 'FirebaseAppCheckInterop' from project 'Firebase')
    cd /Users/khanghnguyen/Library/Developer/Xcode/DerivedData/Wishie-gavmeupfwiyxzhaiqkwzocyeeixy/SourcePackages/checkouts/firebase-ios-sdk
    write-file /Users/khanghnguyen/Library/Developer/Xcode/DerivedData/Wishie-gavmeupfwiyxzhaiqkwzocyeeixy/Build/Intermediates.noindex/Firebase.build/Debug-iphoneos/FirebaseAppCheckInterop.build/FirebaseAppCheckInterop.DependencyMetadataFileList

WriteAuxiliaryFile /Users/khanghnguyen/Library/Developer/Xcode/DerivedData/Wishie-gavmeupfwiyxzhaiqkwzocyeeixy/Build/Intermediates.noindex/Firebase.build/Debug-iphoneos/FirebaseAppCheckInterop.build/FirebaseAppCheckInterop.modulemap (in target 'FirebaseAppCheckInterop' from project 'Firebase')
    cd /Users/khanghnguyen/Library/Developer/Xcode/DerivedData/Wishie-gavmeupfwiyxzhaiqkwzocyeeixy/SourcePackages/checkouts/firebase-ios-sdk
    write-file /Users/khanghnguyen/Library/Developer/Xcode/DerivedData/Wishie-gavmeupfwiyxzhaiqkwzocyeeixy/Build/Intermediates.noindex/Firebase.build/Debug-iphoneos/FirebaseAppCheckInterop.build/FirebaseAppCheckInterop.modulemap

WriteAuxiliaryFile /Users/khanghnguyen/Library/Developer/Xcode/DerivedData/Wishie-gavmeupfwiyxzhaiqkwzocyeeixy/Build/Intermediates.noindex/Firebase.build/Debug-iphoneos/FirebaseAppCheckInterop.build/Objects-normal/arm64/e6072d4f65d7061329687fe24e3d63a7-common-args.resp (in target 'FirebaseAppCheckInterop' from project 'Firebase')
    cd /Users/khanghnguyen/Library/Developer/Xcode/DerivedData/Wishie-gavmeupfwiyxzhaiqkwzocyeeixy/SourcePackages/checkouts/firebase-ios-sdk
    write-file /Users/khanghnguyen/Library/Developer/Xcode/DerivedData/Wishie-gavmeupfwiyxzhaiqkwzocyeeixy/Build/Intermediates.noindex/Firebase.build/Debug-iphoneos/FirebaseAppCheckInterop.build/Objects-normal/arm64/e6072d4f65d7061329687fe24e3d63a7-common-args.resp
-target arm64-apple-ios15.0 -fobjc-arc -fmodules -gmodules '-fmodules-cache-path=/Users/khanghnguyen/Library/Developer/Xcode/DerivedData/ModuleCache.noindex' '-fmodule-name=FirebaseAppCheckInterop' -fpascal-strings -O0 -DSWIFT_PACKAGE '-DDEBUG=1' '-DOBJC_OLD_DISPATCH_PROTOTYPES=1' -isysroot /Applications/Xcode.app/Contents/Developer/Platforms/iPhoneOS.platform/Developer/SDKs/iPhoneOS26.2.sdk -g -fprofile-instr-generate -fcoverage-mapping -I/Users/khanghnguyen/Library/Developer/Xcode/DerivedData/Wishie-gavmeupfwiyxzhaiqkwzocyeeixy/Build/Products/Debug-iphoneos/include -I/Users/khanghnguyen/Library/Developer/Xcode/DerivedData/Wishie-gavmeupfwiyxzhaiqkwzocyeeixy/SourcePackages/checkouts/firebase-ios-sdk/FirebaseAppCheck/Interop/Public -I/Users/khanghnguyen/Library/Developer/Xcode/DerivedData/Wishie-gavmeupfwiyxzhaiqkwzocyeeixy/SourcePackages/checkouts/firebase-ios-sdk -I/Users/khanghnguyen/Library/Developer/Xcode/DerivedData/Wishie-gavmeupfwiyxzhaiqkwzocyeeixy/Build/Intermediates.noindex/Firebase.build/Debug-iphoneos/FirebaseAppCheckInterop.build/DerivedSources-normal/arm64 -I/Users/khanghnguyen/Library/Developer/Xcode/DerivedData/Wishie-gavmeupfwiyxzhaiqkwzocyeeixy/Build/Intermediates.noindex/Firebase.build/Debug-iphoneos/FirebaseAppCheckInterop.build/DerivedSources/arm64 -I/Users/khanghnguyen/Library/Developer/Xcode/DerivedData/Wishie-gavmeupfwiyxzhaiqkwzocyeeixy/Build/Intermediates.noindex/Firebase.build/Debug-iphoneos/FirebaseAppCheckInterop.build/DerivedSources -F/Users/khanghnguyen/Library/Developer/Xcode/DerivedData/Wishie-gavmeupfwiyxzhaiqkwzocyeeixy/Build/Products/Debug-iphoneos -iframework /Applications/Xcode.app/Contents/Developer/Platforms/iPhoneOS.platform/Developer/Library/Frameworks -iframework /Applications/Xcode.app/Contents/Developer/Platforms/iPhoneOS.platform/Developer/SDKs/iPhoneOS26.2.sdk/Developer/Library/Frameworks -DXcode

WriteAuxiliaryFile /Users/khanghnguyen/Library/Developer/Xcode/DerivedData/Wishie-gavmeupfwiyxzhaiqkwzocyeeixy/Build/Intermediates.noindex/Firebase.build/Debug-iphoneos/FirebaseAppCheckInterop.build/Objects-normal/arm64/FirebaseAppCheckInterop.LinkFileList (in target 'FirebaseAppCheckInterop' from project 'Firebase')
    cd /Users/khanghnguyen/Library/Developer/Xcode/DerivedData/Wishie-gavmeupfwiyxzhaiqkwzocyeeixy/SourcePackages/checkouts/firebase-ios-sdk
    write-file /Users/khanghnguyen/Library/Developer/Xcode/DerivedData/Wishie-gavmeupfwiyxzhaiqkwzocyeeixy/Build/Intermediates.noindex/Firebase.build/Debug-iphoneos/FirebaseAppCheckInterop.build/Objects-normal/arm64/FirebaseAppCheckInterop.LinkFileList

WriteAuxiliaryFile /Users/khanghnguyen/Library/Developer/Xcode/DerivedData/Wishie-gavmeupfwiyxzhaiqkwzocyeeixy/Build/Intermediates.noindex/Firebase.build/Debug-iphoneos/Firebase.build/Firebase.DependencyStaticMetadataFileList (in target 'Firebase' from project 'Firebase')
    cd /Users/khanghnguyen/Library/Developer/Xcode/DerivedData/Wishie-gavmeupfwiyxzhaiqkwzocyeeixy/SourcePackages/checkouts/firebase-ios-sdk
    write-file /Users/khanghnguyen/Library/Developer/Xcode/DerivedData/Wishie-gavmeupfwiyxzhaiqkwzocyeeixy/Build/Intermediates.noindex/Firebase.build/Debug-iphoneos/Firebase.build/Firebase.DependencyStaticMetadataFileList

WriteAuxiliaryFile /Users/khanghnguyen/Library/Developer/Xcode/DerivedData/Wishie-gavmeupfwiyxzhaiqkwzocyeeixy/Build/Intermediates.noindex/Firebase.build/Debug-iphoneos/Firebase.build/Firebase.DependencyMetadataFileList (in target 'Firebase' from project 'Firebase')
    cd /Users/khanghnguyen/Library/Developer/Xcode/DerivedData/Wishie-gavmeupfwiyxzhaiqkwzocyeeixy/SourcePackages/checkouts/firebase-ios-sdk
    write-file /Users/khanghnguyen/Library/Developer/Xcode/DerivedData/Wishie-gavmeupfwiyxzhaiqkwzocyeeixy/Build/Intermediates.noindex/Firebase.build/Debug-iphoneos/Firebase.build/Firebase.DependencyMetadataFileList

WriteAuxiliaryFile /Users/khanghnguyen/Library/Developer/Xcode/DerivedData/Wishie-gavmeupfwiyxzhaiqkwzocyeeixy/Build/Intermediates.noindex/Firebase.build/Debug-iphoneos/Firebase.build/Objects-normal/arm64/e6072d4f65d7061329687fe24e3d63a7-common-args.resp (in target 'Firebase' from project 'Firebase')
    cd /Users/khanghnguyen/Library/Developer/Xcode/DerivedData/Wishie-gavmeupfwiyxzhaiqkwzocyeeixy/SourcePackages/checkouts/firebase-ios-sdk
    write-file /Users/khanghnguyen/Library/Developer/Xcode/DerivedData/Wishie-gavmeupfwiyxzhaiqkwzocyeeixy/Build/Intermediates.noindex/Firebase.build/Debug-iphoneos/Firebase.build/Objects-normal/arm64/e6072d4f65d7061329687fe24e3d63a7-common-args.resp
-target arm64-apple-ios15.0 -fobjc-arc -fmodules -gmodules '-fmodules-cache-path=/Users/khanghnguyen/Library/Developer/Xcode/DerivedData/ModuleCache.noindex' '-fmodule-name=Firebase' -fpascal-strings -O0 -DSWIFT_PACKAGE '-DDEBUG=1' '-DOBJC_OLD_DISPATCH_PROTOTYPES=1' -isysroot /Applications/Xcode.app/Contents/Developer/Platforms/iPhoneOS.platform/Developer/SDKs/iPhoneOS26.2.sdk -g -fprofile-instr-generate -fcoverage-mapping -I/Users/khanghnguyen/Library/Developer/Xcode/DerivedData/Wishie-gavmeupfwiyxzhaiqkwzocyeeixy/Build/Products/Debug-iphoneos/include -I/Users/khanghnguyen/Library/Developer/Xcode/DerivedData/Wishie-gavmeupfwiyxzhaiqkwzocyeeixy/SourcePackages/checkouts/firebase-ios-sdk/CoreOnly/Sources -I/Users/khanghnguyen/Library/Developer/Xcode/DerivedData/Wishie-gavmeupfwiyxzhaiqkwzocyeeixy/Build/Intermediates.noindex/Firebase.build/Debug-iphoneos/Firebase.build/DerivedSources-normal/arm64 -I/Users/khanghnguyen/Library/Developer/Xcode/DerivedData/Wishie-gavmeupfwiyxzhaiqkwzocyeeixy/Build/Intermediates.noindex/Firebase.build/Debug-iphoneos/Firebase.build/DerivedSources/arm64 -I/Users/khanghnguyen/Library/Developer/Xcode/DerivedData/Wishie-gavmeupfwiyxzhaiqkwzocyeeixy/Build/Intermediates.noindex/Firebase.build/Debug-iphoneos/Firebase.build/DerivedSources -F/Users/khanghnguyen/Library/Developer/Xcode/DerivedData/Wishie-gavmeupfwiyxzhaiqkwzocyeeixy/Build/Products/Debug-iphoneos -iframework /Applications/Xcode.app/Contents/Developer/Platforms/iPhoneOS.platform/Developer/Library/Frameworks -iframework /Applications/Xcode.app/Contents/Developer/Platforms/iPhoneOS.platform/Developer/SDKs/iPhoneOS26.2.sdk/Developer/Library/Frameworks -DXcode

WriteAuxiliaryFile /Users/khanghnguyen/Library/Developer/Xcode/DerivedData/Wishie-gavmeupfwiyxzhaiqkwzocyeeixy/Build/Intermediates.noindex/Firebase.build/Debug-iphoneos/Firebase.build/Objects-normal/arm64/Firebase.LinkFileList (in target 'Firebase' from project 'Firebase')
    cd /Users/khanghnguyen/Library/Developer/Xcode/DerivedData/Wishie-gavmeupfwiyxzhaiqkwzocyeeixy/SourcePackages/checkouts/firebase-ios-sdk
    write-file /Users/khanghnguyen/Library/Developer/Xcode/DerivedData/Wishie-gavmeupfwiyxzhaiqkwzocyeeixy/Build/Intermediates.noindex/Firebase.build/Debug-iphoneos/Firebase.build/Objects-normal/arm64/Firebase.LinkFileList

WriteAuxiliaryFile /Users/khanghnguyen/Library/Developer/Xcode/DerivedData/Wishie-gavmeupfwiyxzhaiqkwzocyeeixy/Build/Intermediates.noindex/swift-crypto.build/Debug-iphoneos/Crypto.build/Objects-normal/arm64/Crypto.SwiftFileList (in target 'Crypto' from project 'swift-crypto')
    cd /Users/khanghnguyen/Library/Developer/Xcode/DerivedData/Wishie-gavmeupfwiyxzhaiqkwzocyeeixy/SourcePackages/checkouts/swift-crypto
    write-file /Users/khanghnguyen/Library/Developer/Xcode/DerivedData/Wishie-gavmeupfwiyxzhaiqkwzocyeeixy/Build/Intermediates.noindex/swift-crypto.build/Debug-iphoneos/Crypto.build/Objects-normal/arm64/Crypto.SwiftFileList

WriteAuxiliaryFile /Users/khanghnguyen/Library/Developer/Xcode/DerivedData/Wishie-gavmeupfwiyxzhaiqkwzocyeeixy/Build/Intermediates.noindex/swift-crypto.build/Debug-iphoneos/Crypto.build/Objects-normal/arm64/Crypto_const_extract_protocols.json (in target 'Crypto' from project 'swift-crypto')
    cd /Users/khanghnguyen/Library/Developer/Xcode/DerivedData/Wishie-gavmeupfwiyxzhaiqkwzocyeeixy/SourcePackages/checkouts/swift-crypto
    write-file /Users/khanghnguyen/Library/Developer/Xcode/DerivedData/Wishie-gavmeupfwiyxzhaiqkwzocyeeixy/Build/Intermediates.noindex/swift-crypto.build/Debug-iphoneos/Crypto.build/Objects-normal/arm64/Crypto_const_extract_protocols.json

WriteAuxiliaryFile /Users/khanghnguyen/Library/Developer/Xcode/DerivedData/Wishie-gavmeupfwiyxzhaiqkwzocyeeixy/Build/Intermediates.noindex/swift-crypto.build/Debug-iphoneos/Crypto.build/Objects-normal/arm64/Crypto.LinkFileList (in target 'Crypto' from project 'swift-crypto')
    cd /Users/khanghnguyen/Library/Developer/Xcode/DerivedData/Wishie-gavmeupfwiyxzhaiqkwzocyeeixy/SourcePackages/checkouts/swift-crypto
    write-file /Users/khanghnguyen/Library/Developer/Xcode/DerivedData/Wishie-gavmeupfwiyxzhaiqkwzocyeeixy/Build/Intermediates.noindex/swift-crypto.build/Debug-iphoneos/Crypto.build/Objects-normal/arm64/Crypto.LinkFileList

WriteAuxiliaryFile /Users/khanghnguyen/Library/Developer/Xcode/DerivedData/Wishie-gavmeupfwiyxzhaiqkwzocyeeixy/Build/Intermediates.noindex/swift-crypto.build/Debug-iphoneos/Crypto.build/Objects-normal/arm64/Crypto.SwiftConstValuesFileList (in target 'Crypto' from project 'swift-crypto')
    cd /Users/khanghnguyen/Library/Developer/Xcode/DerivedData/Wishie-gavmeupfwiyxzhaiqkwzocyeeixy/SourcePackages/checkouts/swift-crypto
    write-file /Users/khanghnguyen/Library/Developer/Xcode/DerivedData/Wishie-gavmeupfwiyxzhaiqkwzocyeeixy/Build/Intermediates.noindex/swift-crypto.build/Debug-iphoneos/Crypto.build/Objects-normal/arm64/Crypto.SwiftConstValuesFileList

WriteAuxiliaryFile /Users/khanghnguyen/Library/Developer/Xcode/DerivedData/Wishie-gavmeupfwiyxzhaiqkwzocyeeixy/Build/Intermediates.noindex/swift-crypto.build/Debug-iphoneos/Crypto.build/Objects-normal/arm64/Crypto-OutputFileMap.json (in target 'Crypto' from project 'swift-crypto')
    cd /Users/khanghnguyen/Library/Developer/Xcode/DerivedData/Wishie-gavmeupfwiyxzhaiqkwzocyeeixy/SourcePackages/checkouts/swift-crypto
    write-file /Users/khanghnguyen/Library/Developer/Xcode/DerivedData/Wishie-gavmeupfwiyxzhaiqkwzocyeeixy/Build/Intermediates.noindex/swift-crypto.build/Debug-iphoneos/Crypto.build/Objects-normal/arm64/Crypto-OutputFileMap.json

WriteAuxiliaryFile /Users/khanghnguyen/Library/Developer/Xcode/DerivedData/Wishie-gavmeupfwiyxzhaiqkwzocyeeixy/Build/Intermediates.noindex/swift-crypto.build/Debug-iphoneos/Crypto.build/DerivedSources/resource_bundle_accessor.swift (in target 'Crypto' from project 'swift-crypto')
    cd /Users/khanghnguyen/Library/Developer/Xcode/DerivedData/Wishie-gavmeupfwiyxzhaiqkwzocyeeixy/SourcePackages/checkouts/swift-crypto
    write-file /Users/khanghnguyen/Library/Developer/Xcode/DerivedData/Wishie-gavmeupfwiyxzhaiqkwzocyeeixy/Build/Intermediates.noindex/swift-crypto.build/Debug-iphoneos/Crypto.build/DerivedSources/resource_bundle_accessor.swift

WriteAuxiliaryFile /Users/khanghnguyen/Library/Developer/Xcode/DerivedData/Wishie-gavmeupfwiyxzhaiqkwzocyeeixy/Build/Intermediates.noindex/swift-crypto.build/Debug-iphoneos/Crypto.build/Crypto.modulemap (in target 'Crypto' from project 'swift-crypto')
    cd /Users/khanghnguyen/Library/Developer/Xcode/DerivedData/Wishie-gavmeupfwiyxzhaiqkwzocyeeixy/SourcePackages/checkouts/swift-crypto
    write-file /Users/khanghnguyen/Library/Developer/Xcode/DerivedData/Wishie-gavmeupfwiyxzhaiqkwzocyeeixy/Build/Intermediates.noindex/swift-crypto.build/Debug-iphoneos/Crypto.build/Crypto.modulemap

WriteAuxiliaryFile /Users/khanghnguyen/Library/Developer/Xcode/DerivedData/Wishie-gavmeupfwiyxzhaiqkwzocyeeixy/Build/Intermediates.noindex/swift-crypto.build/Debug-iphoneos/Crypto.build/Crypto.DependencyStaticMetadataFileList (in target 'Crypto' from project 'swift-crypto')
    cd /Users/khanghnguyen/Library/Developer/Xcode/DerivedData/Wishie-gavmeupfwiyxzhaiqkwzocyeeixy/SourcePackages/checkouts/swift-crypto
    write-file /Users/khanghnguyen/Library/Developer/Xcode/DerivedData/Wishie-gavmeupfwiyxzhaiqkwzocyeeixy/Build/Intermediates.noindex/swift-crypto.build/Debug-iphoneos/Crypto.build/Crypto.DependencyStaticMetadataFileList

WriteAuxiliaryFile /Users/khanghnguyen/Library/Developer/Xcode/DerivedData/Wishie-gavmeupfwiyxzhaiqkwzocyeeixy/Build/Intermediates.noindex/swift-crypto.build/Debug-iphoneos/Crypto.build/Crypto.DependencyMetadataFileList (in target 'Crypto' from project 'swift-crypto')
    cd /Users/khanghnguyen/Library/Developer/Xcode/DerivedData/Wishie-gavmeupfwiyxzhaiqkwzocyeeixy/SourcePackages/checkouts/swift-crypto
    write-file /Users/khanghnguyen/Library/Developer/Xcode/DerivedData/Wishie-gavmeupfwiyxzhaiqkwzocyeeixy/Build/Intermediates.noindex/swift-crypto.build/Debug-iphoneos/Crypto.build/Crypto.DependencyMetadataFileList

WriteAuxiliaryFile /Users/khanghnguyen/Library/Developer/Xcode/DerivedData/Wishie-gavmeupfwiyxzhaiqkwzocyeeixy/Build/Intermediates.noindex/swift-concurrency-extras.build/Debug-iphoneos/ConcurrencyExtras.build/ConcurrencyExtras.modulemap (in target 'ConcurrencyExtras' from project 'swift-concurrency-extras')
    cd /Users/khanghnguyen/Library/Developer/Xcode/DerivedData/Wishie-gavmeupfwiyxzhaiqkwzocyeeixy/SourcePackages/checkouts/swift-concurrency-extras
    write-file /Users/khanghnguyen/Library/Developer/Xcode/DerivedData/Wishie-gavmeupfwiyxzhaiqkwzocyeeixy/Build/Intermediates.noindex/swift-concurrency-extras.build/Debug-iphoneos/ConcurrencyExtras.build/ConcurrencyExtras.modulemap

WriteAuxiliaryFile /Users/khanghnguyen/Library/Developer/Xcode/DerivedData/Wishie-gavmeupfwiyxzhaiqkwzocyeeixy/Build/Intermediates.noindex/swift-concurrency-extras.build/Debug-iphoneos/ConcurrencyExtras.build/ConcurrencyExtras.DependencyStaticMetadataFileList (in target 'ConcurrencyExtras' from project 'swift-concurrency-extras')
    cd /Users/khanghnguyen/Library/Developer/Xcode/DerivedData/Wishie-gavmeupfwiyxzhaiqkwzocyeeixy/SourcePackages/checkouts/swift-concurrency-extras
    write-file /Users/khanghnguyen/Library/Developer/Xcode/DerivedData/Wishie-gavmeupfwiyxzhaiqkwzocyeeixy/Build/Intermediates.noindex/swift-concurrency-extras.build/Debug-iphoneos/ConcurrencyExtras.build/ConcurrencyExtras.DependencyStaticMetadataFileList

WriteAuxiliaryFile /Users/khanghnguyen/Library/Developer/Xcode/DerivedData/Wishie-gavmeupfwiyxzhaiqkwzocyeeixy/Build/Intermediates.noindex/swift-concurrency-extras.build/Debug-iphoneos/ConcurrencyExtras.build/Objects-normal/arm64/ConcurrencyExtras.SwiftFileList (in target 'ConcurrencyExtras' from project 'swift-concurrency-extras')
    cd /Users/khanghnguyen/Library/Developer/Xcode/DerivedData/Wishie-gavmeupfwiyxzhaiqkwzocyeeixy/SourcePackages/checkouts/swift-concurrency-extras
    write-file /Users/khanghnguyen/Library/Developer/Xcode/DerivedData/Wishie-gavmeupfwiyxzhaiqkwzocyeeixy/Build/Intermediates.noindex/swift-concurrency-extras.build/Debug-iphoneos/ConcurrencyExtras.build/Objects-normal/arm64/ConcurrencyExtras.SwiftFileList

WriteAuxiliaryFile /Users/khanghnguyen/Library/Developer/Xcode/DerivedData/Wishie-gavmeupfwiyxzhaiqkwzocyeeixy/Build/Intermediates.noindex/swift-concurrency-extras.build/Debug-iphoneos/ConcurrencyExtras.build/Objects-normal/arm64/ConcurrencyExtras.SwiftConstValuesFileList (in target 'ConcurrencyExtras' from project 'swift-concurrency-extras')
    cd /Users/khanghnguyen/Library/Developer/Xcode/DerivedData/Wishie-gavmeupfwiyxzhaiqkwzocyeeixy/SourcePackages/checkouts/swift-concurrency-extras
    write-file /Users/khanghnguyen/Library/Developer/Xcode/DerivedData/Wishie-gavmeupfwiyxzhaiqkwzocyeeixy/Build/Intermediates.noindex/swift-concurrency-extras.build/Debug-iphoneos/ConcurrencyExtras.build/Objects-normal/arm64/ConcurrencyExtras.SwiftConstValuesFileList

WriteAuxiliaryFile /Users/khanghnguyen/Library/Developer/Xcode/DerivedData/Wishie-gavmeupfwiyxzhaiqkwzocyeeixy/Build/Intermediates.noindex/swift-concurrency-extras.build/Debug-iphoneos/ConcurrencyExtras.build/Objects-normal/arm64/ConcurrencyExtras_const_extract_protocols.json (in target 'ConcurrencyExtras' from project 'swift-concurrency-extras')
    cd /Users/khanghnguyen/Library/Developer/Xcode/DerivedData/Wishie-gavmeupfwiyxzhaiqkwzocyeeixy/SourcePackages/checkouts/swift-concurrency-extras
    write-file /Users/khanghnguyen/Library/Developer/Xcode/DerivedData/Wishie-gavmeupfwiyxzhaiqkwzocyeeixy/Build/Intermediates.noindex/swift-concurrency-extras.build/Debug-iphoneos/ConcurrencyExtras.build/Objects-normal/arm64/ConcurrencyExtras_const_extract_protocols.json

WriteAuxiliaryFile /Users/khanghnguyen/Library/Developer/Xcode/DerivedData/Wishie-gavmeupfwiyxzhaiqkwzocyeeixy/Build/Intermediates.noindex/swift-concurrency-extras.build/Debug-iphoneos/ConcurrencyExtras.build/Objects-normal/arm64/ConcurrencyExtras.LinkFileList (in target 'ConcurrencyExtras' from project 'swift-concurrency-extras')
    cd /Users/khanghnguyen/Library/Developer/Xcode/DerivedData/Wishie-gavmeupfwiyxzhaiqkwzocyeeixy/SourcePackages/checkouts/swift-concurrency-extras
    write-file /Users/khanghnguyen/Library/Developer/Xcode/DerivedData/Wishie-gavmeupfwiyxzhaiqkwzocyeeixy/Build/Intermediates.noindex/swift-concurrency-extras.build/Debug-iphoneos/ConcurrencyExtras.build/Objects-normal/arm64/ConcurrencyExtras.LinkFileList

WriteAuxiliaryFile /Users/khanghnguyen/Library/Developer/Xcode/DerivedData/Wishie-gavmeupfwiyxzhaiqkwzocyeeixy/Build/Intermediates.noindex/swift-concurrency-extras.build/Debug-iphoneos/ConcurrencyExtras.build/Objects-normal/arm64/ConcurrencyExtras-OutputFileMap.json (in target 'ConcurrencyExtras' from project 'swift-concurrency-extras')
    cd /Users/khanghnguyen/Library/Developer/Xcode/DerivedData/Wishie-gavmeupfwiyxzhaiqkwzocyeeixy/SourcePackages/checkouts/swift-concurrency-extras
    write-file /Users/khanghnguyen/Library/Developer/Xcode/DerivedData/Wishie-gavmeupfwiyxzhaiqkwzocyeeixy/Build/Intermediates.noindex/swift-concurrency-extras.build/Debug-iphoneos/ConcurrencyExtras.build/Objects-normal/arm64/ConcurrencyExtras-OutputFileMap.json

WriteAuxiliaryFile /Users/khanghnguyen/Library/Developer/Xcode/DerivedData/Wishie-gavmeupfwiyxzhaiqkwzocyeeixy/Build/Intermediates.noindex/swift-concurrency-extras.build/Debug-iphoneos/ConcurrencyExtras.build/ConcurrencyExtras.DependencyMetadataFileList (in target 'ConcurrencyExtras' from project 'swift-concurrency-extras')
    cd /Users/khanghnguyen/Library/Developer/Xcode/DerivedData/Wishie-gavmeupfwiyxzhaiqkwzocyeeixy/SourcePackages/checkouts/swift-concurrency-extras
    write-file /Users/khanghnguyen/Library/Developer/Xcode/DerivedData/Wishie-gavmeupfwiyxzhaiqkwzocyeeixy/Build/Intermediates.noindex/swift-concurrency-extras.build/Debug-iphoneos/ConcurrencyExtras.build/ConcurrencyExtras.DependencyMetadataFileList

WriteAuxiliaryFile /Users/khanghnguyen/Library/Developer/Xcode/DerivedData/Wishie-gavmeupfwiyxzhaiqkwzocyeeixy/Build/Intermediates.noindex/swift-clocks.build/Debug-iphoneos/Clocks.build/Clocks.modulemap (in target 'Clocks' from project 'swift-clocks')
    cd /Users/khanghnguyen/Library/Developer/Xcode/DerivedData/Wishie-gavmeupfwiyxzhaiqkwzocyeeixy/SourcePackages/checkouts/swift-clocks
    write-file /Users/khanghnguyen/Library/Developer/Xcode/DerivedData/Wishie-gavmeupfwiyxzhaiqkwzocyeeixy/Build/Intermediates.noindex/swift-clocks.build/Debug-iphoneos/Clocks.build/Clocks.modulemap

WriteAuxiliaryFile /Users/khanghnguyen/Library/Developer/Xcode/DerivedData/Wishie-gavmeupfwiyxzhaiqkwzocyeeixy/Build/Intermediates.noindex/swift-clocks.build/Debug-iphoneos/Clocks.build/Clocks.DependencyStaticMetadataFileList (in target 'Clocks' from project 'swift-clocks')
    cd /Users/khanghnguyen/Library/Developer/Xcode/DerivedData/Wishie-gavmeupfwiyxzhaiqkwzocyeeixy/SourcePackages/checkouts/swift-clocks
    write-file /Users/khanghnguyen/Library/Developer/Xcode/DerivedData/Wishie-gavmeupfwiyxzhaiqkwzocyeeixy/Build/Intermediates.noindex/swift-clocks.build/Debug-iphoneos/Clocks.build/Clocks.DependencyStaticMetadataFileList

WriteAuxiliaryFile /Users/khanghnguyen/Library/Developer/Xcode/DerivedData/Wishie-gavmeupfwiyxzhaiqkwzocyeeixy/Build/Intermediates.noindex/swift-clocks.build/Debug-iphoneos/Clocks.build/Objects-normal/arm64/Clocks_const_extract_protocols.json (in target 'Clocks' from project 'swift-clocks')
    cd /Users/khanghnguyen/Library/Developer/Xcode/DerivedData/Wishie-gavmeupfwiyxzhaiqkwzocyeeixy/SourcePackages/checkouts/swift-clocks
    write-file /Users/khanghnguyen/Library/Developer/Xcode/DerivedData/Wishie-gavmeupfwiyxzhaiqkwzocyeeixy/Build/Intermediates.noindex/swift-clocks.build/Debug-iphoneos/Clocks.build/Objects-normal/arm64/Clocks_const_extract_protocols.json

WriteAuxiliaryFile /Users/khanghnguyen/Library/Developer/Xcode/DerivedData/Wishie-gavmeupfwiyxzhaiqkwzocyeeixy/Build/Intermediates.noindex/swift-clocks.build/Debug-iphoneos/Clocks.build/Objects-normal/arm64/Clocks.SwiftConstValuesFileList (in target 'Clocks' from project 'swift-clocks')
    cd /Users/khanghnguyen/Library/Developer/Xcode/DerivedData/Wishie-gavmeupfwiyxzhaiqkwzocyeeixy/SourcePackages/checkouts/swift-clocks
    write-file /Users/khanghnguyen/Library/Developer/Xcode/DerivedData/Wishie-gavmeupfwiyxzhaiqkwzocyeeixy/Build/Intermediates.noindex/swift-clocks.build/Debug-iphoneos/Clocks.build/Objects-normal/arm64/Clocks.SwiftConstValuesFileList

WriteAuxiliaryFile /Users/khanghnguyen/Library/Developer/Xcode/DerivedData/Wishie-gavmeupfwiyxzhaiqkwzocyeeixy/Build/Intermediates.noindex/swift-clocks.build/Debug-iphoneos/Clocks.build/Objects-normal/arm64/Clocks.SwiftFileList (in target 'Clocks' from project 'swift-clocks')
    cd /Users/khanghnguyen/Library/Developer/Xcode/DerivedData/Wishie-gavmeupfwiyxzhaiqkwzocyeeixy/SourcePackages/checkouts/swift-clocks
    write-file /Users/khanghnguyen/Library/Developer/Xcode/DerivedData/Wishie-gavmeupfwiyxzhaiqkwzocyeeixy/Build/Intermediates.noindex/swift-clocks.build/Debug-iphoneos/Clocks.build/Objects-normal/arm64/Clocks.SwiftFileList

WriteAuxiliaryFile /Users/khanghnguyen/Library/Developer/Xcode/DerivedData/Wishie-gavmeupfwiyxzhaiqkwzocyeeixy/Build/Intermediates.noindex/swift-clocks.build/Debug-iphoneos/Clocks.build/Objects-normal/arm64/Clocks.LinkFileList (in target 'Clocks' from project 'swift-clocks')
    cd /Users/khanghnguyen/Library/Developer/Xcode/DerivedData/Wishie-gavmeupfwiyxzhaiqkwzocyeeixy/SourcePackages/checkouts/swift-clocks
    write-file /Users/khanghnguyen/Library/Developer/Xcode/DerivedData/Wishie-gavmeupfwiyxzhaiqkwzocyeeixy/Build/Intermediates.noindex/swift-clocks.build/Debug-iphoneos/Clocks.build/Objects-normal/arm64/Clocks.LinkFileList

WriteAuxiliaryFile /Users/khanghnguyen/Library/Developer/Xcode/DerivedData/Wishie-gavmeupfwiyxzhaiqkwzocyeeixy/Build/Intermediates.noindex/swift-clocks.build/Debug-iphoneos/Clocks.build/Objects-normal/arm64/Clocks-OutputFileMap.json (in target 'Clocks' from project 'swift-clocks')
    cd /Users/khanghnguyen/Library/Developer/Xcode/DerivedData/Wishie-gavmeupfwiyxzhaiqkwzocyeeixy/SourcePackages/checkouts/swift-clocks
    write-file /Users/khanghnguyen/Library/Developer/Xcode/DerivedData/Wishie-gavmeupfwiyxzhaiqkwzocyeeixy/Build/Intermediates.noindex/swift-clocks.build/Debug-iphoneos/Clocks.build/Objects-normal/arm64/Clocks-OutputFileMap.json

WriteAuxiliaryFile /Users/khanghnguyen/Library/Developer/Xcode/DerivedData/Wishie-gavmeupfwiyxzhaiqkwzocyeeixy/Build/Intermediates.noindex/swift-clocks.build/Debug-iphoneos/Clocks.build/Clocks.DependencyMetadataFileList (in target 'Clocks' from project 'swift-clocks')
    cd /Users/khanghnguyen/Library/Developer/Xcode/DerivedData/Wishie-gavmeupfwiyxzhaiqkwzocyeeixy/SourcePackages/checkouts/swift-clocks
    write-file /Users/khanghnguyen/Library/Developer/Xcode/DerivedData/Wishie-gavmeupfwiyxzhaiqkwzocyeeixy/Build/Intermediates.noindex/swift-clocks.build/Debug-iphoneos/Clocks.build/Clocks.DependencyMetadataFileList

WriteAuxiliaryFile /Users/khanghnguyen/Library/Developer/Xcode/DerivedData/Wishie-gavmeupfwiyxzhaiqkwzocyeeixy/Build/Intermediates.noindex/Supabase.build/Debug-iphoneos/Auth.build/Auth.DependencyStaticMetadataFileList (in target 'Auth' from project 'Supabase')
    cd /Users/khanghnguyen/Library/Developer/Xcode/DerivedData/Wishie-gavmeupfwiyxzhaiqkwzocyeeixy/SourcePackages/checkouts/supabase-swift
    write-file /Users/khanghnguyen/Library/Developer/Xcode/DerivedData/Wishie-gavmeupfwiyxzhaiqkwzocyeeixy/Build/Intermediates.noindex/Supabase.build/Debug-iphoneos/Auth.build/Auth.DependencyStaticMetadataFileList

WriteAuxiliaryFile /Users/khanghnguyen/Library/Developer/Xcode/DerivedData/Wishie-gavmeupfwiyxzhaiqkwzocyeeixy/Build/Intermediates.noindex/Supabase.build/Debug-iphoneos/Auth.build/Auth.DependencyMetadataFileList (in target 'Auth' from project 'Supabase')
    cd /Users/khanghnguyen/Library/Developer/Xcode/DerivedData/Wishie-gavmeupfwiyxzhaiqkwzocyeeixy/SourcePackages/checkouts/supabase-swift
    write-file /Users/khanghnguyen/Library/Developer/Xcode/DerivedData/Wishie-gavmeupfwiyxzhaiqkwzocyeeixy/Build/Intermediates.noindex/Supabase.build/Debug-iphoneos/Auth.build/Auth.DependencyMetadataFileList

MkDir /Users/khanghnguyen/Library/Developer/Xcode/DerivedData/Wishie-gavmeupfwiyxzhaiqkwzocyeeixy/Build/Products/Debug-iphoneos/swift-crypto_Crypto.bundle (in target 'swift-crypto_Crypto' from project 'swift-crypto')
    cd /Users/khanghnguyen/Library/Developer/Xcode/DerivedData/Wishie-gavmeupfwiyxzhaiqkwzocyeeixy/SourcePackages/checkouts/swift-crypto
    /bin/mkdir -p /Users/khanghnguyen/Library/Developer/Xcode/DerivedData/Wishie-gavmeupfwiyxzhaiqkwzocyeeixy/Build/Products/Debug-iphoneos/swift-crypto_Crypto.bundle

MkDir /Users/khanghnguyen/Library/Developer/Xcode/DerivedData/Wishie-gavmeupfwiyxzhaiqkwzocyeeixy/Build/Products/Debug-iphoneos/nanopb_nanopb.bundle (in target 'nanopb_nanopb' from project 'nanopb')
    cd /Users/khanghnguyen/Library/Developer/Xcode/DerivedData/Wishie-gavmeupfwiyxzhaiqkwzocyeeixy/SourcePackages/checkouts/nanopb
    /bin/mkdir -p /Users/khanghnguyen/Library/Developer/Xcode/DerivedData/Wishie-gavmeupfwiyxzhaiqkwzocyeeixy/Build/Products/Debug-iphoneos/nanopb_nanopb.bundle

MkDir /Users/khanghnguyen/Library/Developer/Xcode/DerivedData/Wishie-gavmeupfwiyxzhaiqkwzocyeeixy/Build/Products/Debug-iphoneos/leveldb_leveldb.bundle (in target 'leveldb_leveldb' from project 'leveldb')
    cd /Users/khanghnguyen/Library/Developer/Xcode/DerivedData/Wishie-gavmeupfwiyxzhaiqkwzocyeeixy/SourcePackages/checkouts/leveldb
    /bin/mkdir -p /Users/khanghnguyen/Library/Developer/Xcode/DerivedData/Wishie-gavmeupfwiyxzhaiqkwzocyeeixy/Build/Products/Debug-iphoneos/leveldb_leveldb.bundle

MkDir /Users/khanghnguyen/Library/Developer/Xcode/DerivedData/Wishie-gavmeupfwiyxzhaiqkwzocyeeixy/Build/Products/Debug-iphoneos/gRPC_opensslWrapper.bundle (in target 'gRPC_opensslWrapper' from project 'gRPC')
    cd /Users/khanghnguyen/Library/Developer/Xcode/DerivedData/Wishie-gavmeupfwiyxzhaiqkwzocyeeixy/SourcePackages/checkouts/grpc-binary
    /bin/mkdir -p /Users/khanghnguyen/Library/Developer/Xcode/DerivedData/Wishie-gavmeupfwiyxzhaiqkwzocyeeixy/Build/Products/Debug-iphoneos/gRPC_opensslWrapper.bundle

MkDir /Users/khanghnguyen/Library/Developer/Xcode/DerivedData/Wishie-gavmeupfwiyxzhaiqkwzocyeeixy/Build/Products/Debug-iphoneos/gRPC_grpcppWrapper.bundle (in target 'gRPC_grpcppWrapper' from project 'gRPC')
    cd /Users/khanghnguyen/Library/Developer/Xcode/DerivedData/Wishie-gavmeupfwiyxzhaiqkwzocyeeixy/SourcePackages/checkouts/grpc-binary
    /bin/mkdir -p /Users/khanghnguyen/Library/Developer/Xcode/DerivedData/Wishie-gavmeupfwiyxzhaiqkwzocyeeixy/Build/Products/Debug-iphoneos/gRPC_grpcppWrapper.bundle

MkDir /Users/khanghnguyen/Library/Developer/Xcode/DerivedData/Wishie-gavmeupfwiyxzhaiqkwzocyeeixy/Build/Products/Debug-iphoneos/gRPC_grpcWrapper.bundle (in target 'gRPC_grpcWrapper' from project 'gRPC')
    cd /Users/khanghnguyen/Library/Developer/Xcode/DerivedData/Wishie-gavmeupfwiyxzhaiqkwzocyeeixy/SourcePackages/checkouts/grpc-binary
    /bin/mkdir -p /Users/khanghnguyen/Library/Developer/Xcode/DerivedData/Wishie-gavmeupfwiyxzhaiqkwzocyeeixy/Build/Products/Debug-iphoneos/gRPC_grpcWrapper.bundle

MkDir /Users/khanghnguyen/Library/Developer/Xcode/DerivedData/Wishie-gavmeupfwiyxzhaiqkwzocyeeixy/Build/Products/Debug-iphoneos/abseil_abslWrapper.bundle (in target 'abseil_abslWrapper' from project 'abseil')
    cd /Users/khanghnguyen/Library/Developer/Xcode/DerivedData/Wishie-gavmeupfwiyxzhaiqkwzocyeeixy/SourcePackages/checkouts/abseil-cpp-binary
    /bin/mkdir -p /Users/khanghnguyen/Library/Developer/Xcode/DerivedData/Wishie-gavmeupfwiyxzhaiqkwzocyeeixy/Build/Products/Debug-iphoneos/abseil_abslWrapper.bundle

MkDir /Users/khanghnguyen/Library/Developer/Xcode/DerivedData/Wishie-gavmeupfwiyxzhaiqkwzocyeeixy/Build/Products/Debug-iphoneos/SDWebImage_SDWebImage.bundle (in target 'SDWebImage_SDWebImage' from project 'SDWebImage')
    cd /Users/khanghnguyen/Library/Developer/Xcode/DerivedData/Wishie-gavmeupfwiyxzhaiqkwzocyeeixy/SourcePackages/checkouts/SDWebImage
    /bin/mkdir -p /Users/khanghnguyen/Library/Developer/Xcode/DerivedData/Wishie-gavmeupfwiyxzhaiqkwzocyeeixy/Build/Products/Debug-iphoneos/SDWebImage_SDWebImage.bundle

MkDir /Users/khanghnguyen/Library/Developer/Xcode/DerivedData/Wishie-gavmeupfwiyxzhaiqkwzocyeeixy/Build/Products/Debug-iphoneos/SDWebImageSwiftUI_SDWebImageSwiftUI.bundle (in target 'SDWebImageSwiftUI_SDWebImageSwiftUI' from project 'SDWebImageSwiftUI')
    cd /Users/khanghnguyen/Library/Developer/Xcode/DerivedData/Wishie-gavmeupfwiyxzhaiqkwzocyeeixy/SourcePackages/checkouts/SDWebImageSwiftUI
    /bin/mkdir -p /Users/khanghnguyen/Library/Developer/Xcode/DerivedData/Wishie-gavmeupfwiyxzhaiqkwzocyeeixy/Build/Products/Debug-iphoneos/SDWebImageSwiftUI_SDWebImageSwiftUI.bundle

MkDir /Users/khanghnguyen/Library/Developer/Xcode/DerivedData/Wishie-gavmeupfwiyxzhaiqkwzocyeeixy/Build/Products/Debug-iphoneos/GoogleUtilities_GoogleUtilities-Reachability.bundle (in target 'GoogleUtilities_GoogleUtilities-Reachability' from project 'GoogleUtilities')
    cd /Users/khanghnguyen/Library/Developer/Xcode/DerivedData/Wishie-gavmeupfwiyxzhaiqkwzocyeeixy/SourcePackages/checkouts/GoogleUtilities
    /bin/mkdir -p /Users/khanghnguyen/Library/Developer/Xcode/DerivedData/Wishie-gavmeupfwiyxzhaiqkwzocyeeixy/Build/Products/Debug-iphoneos/GoogleUtilities_GoogleUtilities-Reachability.bundle

MkDir /Users/khanghnguyen/Library/Developer/Xcode/DerivedData/Wishie-gavmeupfwiyxzhaiqkwzocyeeixy/Build/Products/Debug-iphoneos/GoogleUtilities_GoogleUtilities-Network.bundle (in target 'GoogleUtilities_GoogleUtilities-Network' from project 'GoogleUtilities')
    cd /Users/khanghnguyen/Library/Developer/Xcode/DerivedData/Wishie-gavmeupfwiyxzhaiqkwzocyeeixy/SourcePackages/checkouts/GoogleUtilities
    /bin/mkdir -p /Users/khanghnguyen/Library/Developer/Xcode/DerivedData/Wishie-gavmeupfwiyxzhaiqkwzocyeeixy/Build/Products/Debug-iphoneos/GoogleUtilities_GoogleUtilities-Network.bundle

MkDir /Users/khanghnguyen/Library/Developer/Xcode/DerivedData/Wishie-gavmeupfwiyxzhaiqkwzocyeeixy/Build/Products/Debug-iphoneos/GoogleUtilities_GoogleUtilities-NSData.bundle (in target 'GoogleUtilities_GoogleUtilities-NSData' from project 'GoogleUtilities')
    cd /Users/khanghnguyen/Library/Developer/Xcode/DerivedData/Wishie-gavmeupfwiyxzhaiqkwzocyeeixy/SourcePackages/checkouts/GoogleUtilities
    /bin/mkdir -p /Users/khanghnguyen/Library/Developer/Xcode/DerivedData/Wishie-gavmeupfwiyxzhaiqkwzocyeeixy/Build/Products/Debug-iphoneos/GoogleUtilities_GoogleUtilities-NSData.bundle

MkDir /Users/khanghnguyen/Library/Developer/Xcode/DerivedData/Wishie-gavmeupfwiyxzhaiqkwzocyeeixy/Build/Products/Debug-iphoneos/GoogleUtilities_GoogleUtilities-Logger.bundle (in target 'GoogleUtilities_GoogleUtilities-Logger' from project 'GoogleUtilities')
    cd /Users/khanghnguyen/Library/Developer/Xcode/DerivedData/Wishie-gavmeupfwiyxzhaiqkwzocyeeixy/SourcePackages/checkouts/GoogleUtilities
    /bin/mkdir -p /Users/khanghnguyen/Library/Developer/Xcode/DerivedData/Wishie-gavmeupfwiyxzhaiqkwzocyeeixy/Build/Products/Debug-iphoneos/GoogleUtilities_GoogleUtilities-Logger.bundle

MkDir /Users/khanghnguyen/Library/Developer/Xcode/DerivedData/Wishie-gavmeupfwiyxzhaiqkwzocyeeixy/Build/Products/Debug-iphoneos/GoogleUtilities_GoogleUtilities-Environment.bundle (in target 'GoogleUtilities_GoogleUtilities-Environment' from project 'GoogleUtilities')
    cd /Users/khanghnguyen/Library/Developer/Xcode/DerivedData/Wishie-gavmeupfwiyxzhaiqkwzocyeeixy/SourcePackages/checkouts/GoogleUtilities
    /bin/mkdir -p /Users/khanghnguyen/Library/Developer/Xcode/DerivedData/Wishie-gavmeupfwiyxzhaiqkwzocyeeixy/Build/Products/Debug-iphoneos/GoogleUtilities_GoogleUtilities-Environment.bundle

MkDir /Users/khanghnguyen/Library/Developer/Xcode/DerivedData/Wishie-gavmeupfwiyxzhaiqkwzocyeeixy/Build/Products/Debug-iphoneos/GoogleUtilities_GoogleUtilities-AppDelegateSwizzler.bundle (in target 'GoogleUtilities_GoogleUtilities-AppDelegateSwizzler' from project 'GoogleUtilities')
    cd /Users/khanghnguyen/Library/Developer/Xcode/DerivedData/Wishie-gavmeupfwiyxzhaiqkwzocyeeixy/SourcePackages/checkouts/GoogleUtilities
    /bin/mkdir -p /Users/khanghnguyen/Library/Developer/Xcode/DerivedData/Wishie-gavmeupfwiyxzhaiqkwzocyeeixy/Build/Products/Debug-iphoneos/GoogleUtilities_GoogleUtilities-AppDelegateSwizzler.bundle

MkDir /Users/khanghnguyen/Library/Developer/Xcode/DerivedData/Wishie-gavmeupfwiyxzhaiqkwzocyeeixy/Build/Products/Debug-iphoneos/GTMSessionFetcher_GTMSessionFetcherCore.bundle (in target 'GTMSessionFetcher_GTMSessionFetcherCore' from project 'GTMSessionFetcher')
    cd /Users/khanghnguyen/Library/Developer/Xcode/DerivedData/Wishie-gavmeupfwiyxzhaiqkwzocyeeixy/SourcePackages/checkouts/gtm-session-fetcher
    /bin/mkdir -p /Users/khanghnguyen/Library/Developer/Xcode/DerivedData/Wishie-gavmeupfwiyxzhaiqkwzocyeeixy/Build/Products/Debug-iphoneos/GTMSessionFetcher_GTMSessionFetcherCore.bundle

MkDir /Users/khanghnguyen/Library/Developer/Xcode/DerivedData/Wishie-gavmeupfwiyxzhaiqkwzocyeeixy/Build/Products/Debug-iphoneos/Firebase_FirebaseFirestore.bundle (in target 'Firebase_FirebaseFirestore' from project 'Firebase')
    cd /Users/khanghnguyen/Library/Developer/Xcode/DerivedData/Wishie-gavmeupfwiyxzhaiqkwzocyeeixy/SourcePackages/checkouts/firebase-ios-sdk
    /bin/mkdir -p /Users/khanghnguyen/Library/Developer/Xcode/DerivedData/Wishie-gavmeupfwiyxzhaiqkwzocyeeixy/Build/Products/Debug-iphoneos/Firebase_FirebaseFirestore.bundle

MkDir /Users/khanghnguyen/Library/Developer/Xcode/DerivedData/Wishie-gavmeupfwiyxzhaiqkwzocyeeixy/Build/Products/Debug-iphoneos/Firebase_FirebaseCoreInternal.bundle (in target 'Firebase_FirebaseCoreInternal' from project 'Firebase')
    cd /Users/khanghnguyen/Library/Developer/Xcode/DerivedData/Wishie-gavmeupfwiyxzhaiqkwzocyeeixy/SourcePackages/checkouts/firebase-ios-sdk
    /bin/mkdir -p /Users/khanghnguyen/Library/Developer/Xcode/DerivedData/Wishie-gavmeupfwiyxzhaiqkwzocyeeixy/Build/Products/Debug-iphoneos/Firebase_FirebaseCoreInternal.bundle

MkDir /Users/khanghnguyen/Library/Developer/Xcode/DerivedData/Wishie-gavmeupfwiyxzhaiqkwzocyeeixy/Build/Products/Debug-iphoneos/Firebase_FirebaseCoreExtension.bundle (in target 'Firebase_FirebaseCoreExtension' from project 'Firebase')
    cd /Users/khanghnguyen/Library/Developer/Xcode/DerivedData/Wishie-gavmeupfwiyxzhaiqkwzocyeeixy/SourcePackages/checkouts/firebase-ios-sdk
    /bin/mkdir -p /Users/khanghnguyen/Library/Developer/Xcode/DerivedData/Wishie-gavmeupfwiyxzhaiqkwzocyeeixy/Build/Products/Debug-iphoneos/Firebase_FirebaseCoreExtension.bundle

MkDir /Users/khanghnguyen/Library/Developer/Xcode/DerivedData/Wishie-gavmeupfwiyxzhaiqkwzocyeeixy/Build/Products/Debug-iphoneos/Firebase_FirebaseCore.bundle (in target 'Firebase_FirebaseCore' from project 'Firebase')
    cd /Users/khanghnguyen/Library/Developer/Xcode/DerivedData/Wishie-gavmeupfwiyxzhaiqkwzocyeeixy/SourcePackages/checkouts/firebase-ios-sdk
    /bin/mkdir -p /Users/khanghnguyen/Library/Developer/Xcode/DerivedData/Wishie-gavmeupfwiyxzhaiqkwzocyeeixy/Build/Products/Debug-iphoneos/Firebase_FirebaseCore.bundle

MkDir /Users/khanghnguyen/Library/Developer/Xcode/DerivedData/Wishie-gavmeupfwiyxzhaiqkwzocyeeixy/Build/Products/Debug-iphoneos/Firebase_FirebaseAuth.bundle (in target 'Firebase_FirebaseAuth' from project 'Firebase')
    cd /Users/khanghnguyen/Library/Developer/Xcode/DerivedData/Wishie-gavmeupfwiyxzhaiqkwzocyeeixy/SourcePackages/checkouts/firebase-ios-sdk
    /bin/mkdir -p /Users/khanghnguyen/Library/Developer/Xcode/DerivedData/Wishie-gavmeupfwiyxzhaiqkwzocyeeixy/Build/Products/Debug-iphoneos/Firebase_FirebaseAuth.bundle

Copy /Users/khanghnguyen/Library/Developer/Xcode/DerivedData/Wishie-gavmeupfwiyxzhaiqkwzocyeeixy/Build/Intermediates.noindex/GeneratedModuleMaps-iphoneos/Auth.modulemap /Users/khanghnguyen/Library/Developer/Xcode/DerivedData/Wishie-gavmeupfwiyxzhaiqkwzocyeeixy/Build/Intermediates.noindex/Supabase.build/Debug-iphoneos/Auth.build/Auth.modulemap (in target 'Auth' from project 'Supabase')
    cd /Users/khanghnguyen/Library/Developer/Xcode/DerivedData/Wishie-gavmeupfwiyxzhaiqkwzocyeeixy/SourcePackages/checkouts/supabase-swift
    builtin-copy -exclude .DS_Store -exclude CVS -exclude .svn -exclude .git -exclude .hg -resolve-src-symlinks /Users/khanghnguyen/Library/Developer/Xcode/DerivedData/Wishie-gavmeupfwiyxzhaiqkwzocyeeixy/Build/Intermediates.noindex/Supabase.build/Debug-iphoneos/Auth.build/Auth.modulemap /Users/khanghnguyen/Library/Developer/Xcode/DerivedData/Wishie-gavmeupfwiyxzhaiqkwzocyeeixy/Build/Intermediates.noindex/GeneratedModuleMaps-iphoneos

Copy /Users/khanghnguyen/Library/Developer/Xcode/DerivedData/Wishie-gavmeupfwiyxzhaiqkwzocyeeixy/Build/Intermediates.noindex/GeneratedModuleMaps-iphoneos/third-party-IsAppEncrypted.modulemap /Users/khanghnguyen/Library/Developer/Xcode/DerivedData/Wishie-gavmeupfwiyxzhaiqkwzocyeeixy/Build/Intermediates.noindex/GoogleUtilities.build/Debug-iphoneos/third-party-IsAppEncrypted.build/third-party-IsAppEncrypted.modulemap (in target 'third-party-IsAppEncrypted' from project 'GoogleUtilities')
    cd /Users/khanghnguyen/Library/Developer/Xcode/DerivedData/Wishie-gavmeupfwiyxzhaiqkwzocyeeixy/SourcePackages/checkouts/GoogleUtilities
    builtin-copy -exclude .DS_Store -exclude CVS -exclude .svn -exclude .git -exclude .hg -resolve-src-symlinks /Users/khanghnguyen/Library/Developer/Xcode/DerivedData/Wishie-gavmeupfwiyxzhaiqkwzocyeeixy/Build/Intermediates.noindex/GoogleUtilities.build/Debug-iphoneos/third-party-IsAppEncrypted.build/third-party-IsAppEncrypted.modulemap /Users/khanghnguyen/Library/Developer/Xcode/DerivedData/Wishie-gavmeupfwiyxzhaiqkwzocyeeixy/Build/Intermediates.noindex/GeneratedModuleMaps-iphoneos

Copy /Users/khanghnguyen/Library/Developer/Xcode/DerivedData/Wishie-gavmeupfwiyxzhaiqkwzocyeeixy/Build/Intermediates.noindex/GeneratedModuleMaps-iphoneos/GoogleUtilities-AppDelegateSwizzler.modulemap /Users/khanghnguyen/Library/Developer/Xcode/DerivedData/Wishie-gavmeupfwiyxzhaiqkwzocyeeixy/Build/Intermediates.noindex/GoogleUtilities.build/Debug-iphoneos/GoogleUtilities-AppDelegateSwizzler.build/GoogleUtilities-AppDelegateSwizzler.modulemap (in target 'GoogleUtilities-AppDelegateSwizzler' from project 'GoogleUtilities')
    cd /Users/khanghnguyen/Library/Developer/Xcode/DerivedData/Wishie-gavmeupfwiyxzhaiqkwzocyeeixy/SourcePackages/checkouts/GoogleUtilities
    builtin-copy -exclude .DS_Store -exclude CVS -exclude .svn -exclude .git -exclude .hg -resolve-src-symlinks /Users/khanghnguyen/Library/Developer/Xcode/DerivedData/Wishie-gavmeupfwiyxzhaiqkwzocyeeixy/Build/Intermediates.noindex/GoogleUtilities.build/Debug-iphoneos/GoogleUtilities-AppDelegateSwizzler.build/GoogleUtilities-AppDelegateSwizzler.modulemap /Users/khanghnguyen/Library/Developer/Xcode/DerivedData/Wishie-gavmeupfwiyxzhaiqkwzocyeeixy/Build/Intermediates.noindex/GeneratedModuleMaps-iphoneos

Copy /Users/khanghnguyen/Library/Developer/Xcode/DerivedData/Wishie-gavmeupfwiyxzhaiqkwzocyeeixy/Build/Intermediates.noindex/GeneratedModuleMaps-iphoneos/leveldb.modulemap /Users/khanghnguyen/Library/Developer/Xcode/DerivedData/Wishie-gavmeupfwiyxzhaiqkwzocyeeixy/Build/Intermediates.noindex/leveldb.build/Debug-iphoneos/leveldb.build/leveldb.modulemap (in target 'leveldb' from project 'leveldb')
    cd /Users/khanghnguyen/Library/Developer/Xcode/DerivedData/Wishie-gavmeupfwiyxzhaiqkwzocyeeixy/SourcePackages/checkouts/leveldb
    builtin-copy -exclude .DS_Store -exclude CVS -exclude .svn -exclude .git -exclude .hg -resolve-src-symlinks /Users/khanghnguyen/Library/Developer/Xcode/DerivedData/Wishie-gavmeupfwiyxzhaiqkwzocyeeixy/Build/Intermediates.noindex/leveldb.build/Debug-iphoneos/leveldb.build/leveldb.modulemap /Users/khanghnguyen/Library/Developer/Xcode/DerivedData/Wishie-gavmeupfwiyxzhaiqkwzocyeeixy/Build/Intermediates.noindex/GeneratedModuleMaps-iphoneos

Copy /Users/khanghnguyen/Library/Developer/Xcode/DerivedData/Wishie-gavmeupfwiyxzhaiqkwzocyeeixy/Build/Intermediates.noindex/GeneratedModuleMaps-iphoneos/nanopb.modulemap /Users/khanghnguyen/Library/Developer/Xcode/DerivedData/Wishie-gavmeupfwiyxzhaiqkwzocyeeixy/Build/Intermediates.noindex/nanopb.build/Debug-iphoneos/nanopb.build/nanopb.modulemap (in target 'nanopb' from project 'nanopb')
    cd /Users/khanghnguyen/Library/Developer/Xcode/DerivedData/Wishie-gavmeupfwiyxzhaiqkwzocyeeixy/SourcePackages/checkouts/nanopb
    builtin-copy -exclude .DS_Store -exclude CVS -exclude .svn -exclude .git -exclude .hg -resolve-src-symlinks /Users/khanghnguyen/Library/Developer/Xcode/DerivedData/Wishie-gavmeupfwiyxzhaiqkwzocyeeixy/Build/Intermediates.noindex/nanopb.build/Debug-iphoneos/nanopb.build/nanopb.modulemap /Users/khanghnguyen/Library/Developer/Xcode/DerivedData/Wishie-gavmeupfwiyxzhaiqkwzocyeeixy/Build/Intermediates.noindex/GeneratedModuleMaps-iphoneos

Copy /Users/khanghnguyen/Library/Developer/Xcode/DerivedData/Wishie-gavmeupfwiyxzhaiqkwzocyeeixy/Build/Intermediates.noindex/GeneratedModuleMaps-iphoneos/XCTestDynamicOverlay.modulemap /Users/khanghnguyen/Library/Developer/Xcode/DerivedData/Wishie-gavmeupfwiyxzhaiqkwzocyeeixy/Build/Intermediates.noindex/xctest-dynamic-overlay.build/Debug-iphoneos/XCTestDynamicOverlay.build/XCTestDynamicOverlay.modulemap (in target 'XCTestDynamicOverlay' from project 'xctest-dynamic-overlay')
    cd /Users/khanghnguyen/Library/Developer/Xcode/DerivedData/Wishie-gavmeupfwiyxzhaiqkwzocyeeixy/SourcePackages/checkouts/xctest-dynamic-overlay
    builtin-copy -exclude .DS_Store -exclude CVS -exclude .svn -exclude .git -exclude .hg -resolve-src-symlinks /Users/khanghnguyen/Library/Developer/Xcode/DerivedData/Wishie-gavmeupfwiyxzhaiqkwzocyeeixy/Build/Intermediates.noindex/xctest-dynamic-overlay.build/Debug-iphoneos/XCTestDynamicOverlay.build/XCTestDynamicOverlay.modulemap /Users/khanghnguyen/Library/Developer/Xcode/DerivedData/Wishie-gavmeupfwiyxzhaiqkwzocyeeixy/Build/Intermediates.noindex/GeneratedModuleMaps-iphoneos

Copy /Users/khanghnguyen/Library/Developer/Xcode/DerivedData/Wishie-gavmeupfwiyxzhaiqkwzocyeeixy/Build/Intermediates.noindex/GeneratedModuleMaps-iphoneos/Supabase.modulemap /Users/khanghnguyen/Library/Developer/Xcode/DerivedData/Wishie-gavmeupfwiyxzhaiqkwzocyeeixy/Build/Intermediates.noindex/Supabase.build/Debug-iphoneos/Supabase.build/Supabase.modulemap (in target 'Supabase' from project 'Supabase')
    cd /Users/khanghnguyen/Library/Developer/Xcode/DerivedData/Wishie-gavmeupfwiyxzhaiqkwzocyeeixy/SourcePackages/checkouts/supabase-swift
    builtin-copy -exclude .DS_Store -exclude CVS -exclude .svn -exclude .git -exclude .hg -resolve-src-symlinks /Users/khanghnguyen/Library/Developer/Xcode/DerivedData/Wishie-gavmeupfwiyxzhaiqkwzocyeeixy/Build/Intermediates.noindex/Supabase.build/Debug-iphoneos/Supabase.build/Supabase.modulemap /Users/khanghnguyen/Library/Developer/Xcode/DerivedData/Wishie-gavmeupfwiyxzhaiqkwzocyeeixy/Build/Intermediates.noindex/GeneratedModuleMaps-iphoneos

Copy /Users/khanghnguyen/Library/Developer/Xcode/DerivedData/Wishie-gavmeupfwiyxzhaiqkwzocyeeixy/Build/Intermediates.noindex/GeneratedModuleMaps-iphoneos/Storage.modulemap /Users/khanghnguyen/Library/Developer/Xcode/DerivedData/Wishie-gavmeupfwiyxzhaiqkwzocyeeixy/Build/Intermediates.noindex/Supabase.build/Debug-iphoneos/Storage.build/Storage.modulemap (in target 'Storage' from project 'Supabase')
    cd /Users/khanghnguyen/Library/Developer/Xcode/DerivedData/Wishie-gavmeupfwiyxzhaiqkwzocyeeixy/SourcePackages/checkouts/supabase-swift
    builtin-copy -exclude .DS_Store -exclude CVS -exclude .svn -exclude .git -exclude .hg -resolve-src-symlinks /Users/khanghnguyen/Library/Developer/Xcode/DerivedData/Wishie-gavmeupfwiyxzhaiqkwzocyeeixy/Build/Intermediates.noindex/Supabase.build/Debug-iphoneos/Storage.build/Storage.modulemap /Users/khanghnguyen/Library/Developer/Xcode/DerivedData/Wishie-gavmeupfwiyxzhaiqkwzocyeeixy/Build/Intermediates.noindex/GeneratedModuleMaps-iphoneos

Copy /Users/khanghnguyen/Library/Developer/Xcode/DerivedData/Wishie-gavmeupfwiyxzhaiqkwzocyeeixy/Build/Intermediates.noindex/GeneratedModuleMaps-iphoneos/SDWebImageSwiftUI.modulemap /Users/khanghnguyen/Library/Developer/Xcode/DerivedData/Wishie-gavmeupfwiyxzhaiqkwzocyeeixy/Build/Intermediates.noindex/SDWebImageSwiftUI.build/Debug-iphoneos/SDWebImageSwiftUI.build/SDWebImageSwiftUI.modulemap (in target 'SDWebImageSwiftUI' from project 'SDWebImageSwiftUI')
    cd /Users/khanghnguyen/Library/Developer/Xcode/DerivedData/Wishie-gavmeupfwiyxzhaiqkwzocyeeixy/SourcePackages/checkouts/SDWebImageSwiftUI
    builtin-copy -exclude .DS_Store -exclude CVS -exclude .svn -exclude .git -exclude .hg -resolve-src-symlinks /Users/khanghnguyen/Library/Developer/Xcode/DerivedData/Wishie-gavmeupfwiyxzhaiqkwzocyeeixy/Build/Intermediates.noindex/SDWebImageSwiftUI.build/Debug-iphoneos/SDWebImageSwiftUI.build/SDWebImageSwiftUI.modulemap /Users/khanghnguyen/Library/Developer/Xcode/DerivedData/Wishie-gavmeupfwiyxzhaiqkwzocyeeixy/Build/Intermediates.noindex/GeneratedModuleMaps-iphoneos

Copy /Users/khanghnguyen/Library/Developer/Xcode/DerivedData/Wishie-gavmeupfwiyxzhaiqkwzocyeeixy/Build/Intermediates.noindex/GeneratedModuleMaps-iphoneos/SDWebImage.modulemap /Users/khanghnguyen/Library/Developer/Xcode/DerivedData/Wishie-gavmeupfwiyxzhaiqkwzocyeeixy/Build/Intermediates.noindex/SDWebImage.build/Debug-iphoneos/SDWebImage.build/SDWebImage.modulemap (in target 'SDWebImage' from project 'SDWebImage')
    cd /Users/khanghnguyen/Library/Developer/Xcode/DerivedData/Wishie-gavmeupfwiyxzhaiqkwzocyeeixy/SourcePackages/checkouts/SDWebImage
    builtin-copy -exclude .DS_Store -exclude CVS -exclude .svn -exclude .git -exclude .hg -resolve-src-symlinks /Users/khanghnguyen/Library/Developer/Xcode/DerivedData/Wishie-gavmeupfwiyxzhaiqkwzocyeeixy/Build/Intermediates.noindex/SDWebImage.build/Debug-iphoneos/SDWebImage.build/SDWebImage.modulemap /Users/khanghnguyen/Library/Developer/Xcode/DerivedData/Wishie-gavmeupfwiyxzhaiqkwzocyeeixy/Build/Intermediates.noindex/GeneratedModuleMaps-iphoneos

Copy /Users/khanghnguyen/Library/Developer/Xcode/DerivedData/Wishie-gavmeupfwiyxzhaiqkwzocyeeixy/Build/Intermediates.noindex/GeneratedModuleMaps-iphoneos/RecaptchaInterop.modulemap /Users/khanghnguyen/Library/Developer/Xcode/DerivedData/Wishie-gavmeupfwiyxzhaiqkwzocyeeixy/Build/Intermediates.noindex/InteropForGoogle.build/Debug-iphoneos/RecaptchaInterop.build/RecaptchaInterop.modulemap (in target 'RecaptchaInterop' from project 'InteropForGoogle')
    cd /Users/khanghnguyen/Library/Developer/Xcode/DerivedData/Wishie-gavmeupfwiyxzhaiqkwzocyeeixy/SourcePackages/checkouts/interop-ios-for-google-sdks
    builtin-copy -exclude .DS_Store -exclude CVS -exclude .svn -exclude .git -exclude .hg -resolve-src-symlinks /Users/khanghnguyen/Library/Developer/Xcode/DerivedData/Wishie-gavmeupfwiyxzhaiqkwzocyeeixy/Build/Intermediates.noindex/InteropForGoogle.build/Debug-iphoneos/RecaptchaInterop.build/RecaptchaInterop.modulemap /Users/khanghnguyen/Library/Developer/Xcode/DerivedData/Wishie-gavmeupfwiyxzhaiqkwzocyeeixy/Build/Intermediates.noindex/GeneratedModuleMaps-iphoneos

Copy /Users/khanghnguyen/Library/Developer/Xcode/DerivedData/Wishie-gavmeupfwiyxzhaiqkwzocyeeixy/Build/Intermediates.noindex/GeneratedModuleMaps-iphoneos/Realtime.modulemap /Users/khanghnguyen/Library/Developer/Xcode/DerivedData/Wishie-gavmeupfwiyxzhaiqkwzocyeeixy/Build/Intermediates.noindex/Supabase.build/Debug-iphoneos/Realtime.build/Realtime.modulemap (in target 'Realtime' from project 'Supabase')
    cd /Users/khanghnguyen/Library/Developer/Xcode/DerivedData/Wishie-gavmeupfwiyxzhaiqkwzocyeeixy/SourcePackages/checkouts/supabase-swift
    builtin-copy -exclude .DS_Store -exclude CVS -exclude .svn -exclude .git -exclude .hg -resolve-src-symlinks /Users/khanghnguyen/Library/Developer/Xcode/DerivedData/Wishie-gavmeupfwiyxzhaiqkwzocyeeixy/Build/Intermediates.noindex/Supabase.build/Debug-iphoneos/Realtime.build/Realtime.modulemap /Users/khanghnguyen/Library/Developer/Xcode/DerivedData/Wishie-gavmeupfwiyxzhaiqkwzocyeeixy/Build/Intermediates.noindex/GeneratedModuleMaps-iphoneos

Copy /Users/khanghnguyen/Library/Developer/Xcode/DerivedData/Wishie-gavmeupfwiyxzhaiqkwzocyeeixy/Build/Intermediates.noindex/GeneratedModuleMaps-iphoneos/PostgREST.modulemap /Users/khanghnguyen/Library/Developer/Xcode/DerivedData/Wishie-gavmeupfwiyxzhaiqkwzocyeeixy/Build/Intermediates.noindex/Supabase.build/Debug-iphoneos/PostgREST.build/PostgREST.modulemap (in target 'PostgREST' from project 'Supabase')
    cd /Users/khanghnguyen/Library/Developer/Xcode/DerivedData/Wishie-gavmeupfwiyxzhaiqkwzocyeeixy/SourcePackages/checkouts/supabase-swift
    builtin-copy -exclude .DS_Store -exclude CVS -exclude .svn -exclude .git -exclude .hg -resolve-src-symlinks /Users/khanghnguyen/Library/Developer/Xcode/DerivedData/Wishie-gavmeupfwiyxzhaiqkwzocyeeixy/Build/Intermediates.noindex/Supabase.build/Debug-iphoneos/PostgREST.build/PostgREST.modulemap /Users/khanghnguyen/Library/Developer/Xcode/DerivedData/Wishie-gavmeupfwiyxzhaiqkwzocyeeixy/Build/Intermediates.noindex/GeneratedModuleMaps-iphoneos

Copy /Users/khanghnguyen/Library/Developer/Xcode/DerivedData/Wishie-gavmeupfwiyxzhaiqkwzocyeeixy/Build/Intermediates.noindex/GeneratedModuleMaps-iphoneos/IssueReportingPackageSupport.modulemap /Users/khanghnguyen/Library/Developer/Xcode/DerivedData/Wishie-gavmeupfwiyxzhaiqkwzocyeeixy/Build/Intermediates.noindex/xctest-dynamic-overlay.build/Debug-iphoneos/IssueReportingPackageSupport.build/IssueReportingPackageSupport.modulemap (in target 'IssueReportingPackageSupport' from project 'xctest-dynamic-overlay')
    cd /Users/khanghnguyen/Library/Developer/Xcode/DerivedData/Wishie-gavmeupfwiyxzhaiqkwzocyeeixy/SourcePackages/checkouts/xctest-dynamic-overlay
    builtin-copy -exclude .DS_Store -exclude CVS -exclude .svn -exclude .git -exclude .hg -resolve-src-symlinks /Users/khanghnguyen/Library/Developer/Xcode/DerivedData/Wishie-gavmeupfwiyxzhaiqkwzocyeeixy/Build/Intermediates.noindex/xctest-dynamic-overlay.build/Debug-iphoneos/IssueReportingPackageSupport.build/IssueReportingPackageSupport.modulemap /Users/khanghnguyen/Library/Developer/Xcode/DerivedData/Wishie-gavmeupfwiyxzhaiqkwzocyeeixy/Build/Intermediates.noindex/GeneratedModuleMaps-iphoneos

Copy /Users/khanghnguyen/Library/Developer/Xcode/DerivedData/Wishie-gavmeupfwiyxzhaiqkwzocyeeixy/Build/Intermediates.noindex/GeneratedModuleMaps-iphoneos/IssueReporting.modulemap /Users/khanghnguyen/Library/Developer/Xcode/DerivedData/Wishie-gavmeupfwiyxzhaiqkwzocyeeixy/Build/Intermediates.noindex/xctest-dynamic-overlay.build/Debug-iphoneos/IssueReporting.build/IssueReporting.modulemap (in target 'IssueReporting' from project 'xctest-dynamic-overlay')
    cd /Users/khanghnguyen/Library/Developer/Xcode/DerivedData/Wishie-gavmeupfwiyxzhaiqkwzocyeeixy/SourcePackages/checkouts/xctest-dynamic-overlay
    builtin-copy -exclude .DS_Store -exclude CVS -exclude .svn -exclude .git -exclude .hg -resolve-src-symlinks /Users/khanghnguyen/Library/Developer/Xcode/DerivedData/Wishie-gavmeupfwiyxzhaiqkwzocyeeixy/Build/Intermediates.noindex/xctest-dynamic-overlay.build/Debug-iphoneos/IssueReporting.build/IssueReporting.modulemap /Users/khanghnguyen/Library/Developer/Xcode/DerivedData/Wishie-gavmeupfwiyxzhaiqkwzocyeeixy/Build/Intermediates.noindex/GeneratedModuleMaps-iphoneos

Copy /Users/khanghnguyen/Library/Developer/Xcode/DerivedData/Wishie-gavmeupfwiyxzhaiqkwzocyeeixy/Build/Intermediates.noindex/GeneratedModuleMaps-iphoneos/Helpers.modulemap /Users/khanghnguyen/Library/Developer/Xcode/DerivedData/Wishie-gavmeupfwiyxzhaiqkwzocyeeixy/Build/Intermediates.noindex/Supabase.build/Debug-iphoneos/Helpers.build/Helpers.modulemap (in target 'Helpers' from project 'Supabase')
    cd /Users/khanghnguyen/Library/Developer/Xcode/DerivedData/Wishie-gavmeupfwiyxzhaiqkwzocyeeixy/SourcePackages/checkouts/supabase-swift
    builtin-copy -exclude .DS_Store -exclude CVS -exclude .svn -exclude .git -exclude .hg -resolve-src-symlinks /Users/khanghnguyen/Library/Developer/Xcode/DerivedData/Wishie-gavmeupfwiyxzhaiqkwzocyeeixy/Build/Intermediates.noindex/Supabase.build/Debug-iphoneos/Helpers.build/Helpers.modulemap /Users/khanghnguyen/Library/Developer/Xcode/DerivedData/Wishie-gavmeupfwiyxzhaiqkwzocyeeixy/Build/Intermediates.noindex/GeneratedModuleMaps-iphoneos

Copy /Users/khanghnguyen/Library/Developer/Xcode/DerivedData/Wishie-gavmeupfwiyxzhaiqkwzocyeeixy/Build/Intermediates.noindex/GeneratedModuleMaps-iphoneos/HTTPTypes.modulemap /Users/khanghnguyen/Library/Developer/Xcode/DerivedData/Wishie-gavmeupfwiyxzhaiqkwzocyeeixy/Build/Intermediates.noindex/swift-http-types.build/Debug-iphoneos/HTTPTypes.build/HTTPTypes.modulemap (in target 'HTTPTypes' from project 'swift-http-types')
    cd /Users/khanghnguyen/Library/Developer/Xcode/DerivedData/Wishie-gavmeupfwiyxzhaiqkwzocyeeixy/SourcePackages/checkouts/swift-http-types
    builtin-copy -exclude .DS_Store -exclude CVS -exclude .svn -exclude .git -exclude .hg -resolve-src-symlinks /Users/khanghnguyen/Library/Developer/Xcode/DerivedData/Wishie-gavmeupfwiyxzhaiqkwzocyeeixy/Build/Intermediates.noindex/swift-http-types.build/Debug-iphoneos/HTTPTypes.build/HTTPTypes.modulemap /Users/khanghnguyen/Library/Developer/Xcode/DerivedData/Wishie-gavmeupfwiyxzhaiqkwzocyeeixy/Build/Intermediates.noindex/GeneratedModuleMaps-iphoneos

Copy /Users/khanghnguyen/Library/Developer/Xcode/DerivedData/Wishie-gavmeupfwiyxzhaiqkwzocyeeixy/Build/Intermediates.noindex/GeneratedModuleMaps-iphoneos/GoogleUtilities-Reachability.modulemap /Users/khanghnguyen/Library/Developer/Xcode/DerivedData/Wishie-gavmeupfwiyxzhaiqkwzocyeeixy/Build/Intermediates.noindex/GoogleUtilities.build/Debug-iphoneos/GoogleUtilities-Reachability.build/GoogleUtilities-Reachability.modulemap (in target 'GoogleUtilities-Reachability' from project 'GoogleUtilities')
    cd /Users/khanghnguyen/Library/Developer/Xcode/DerivedData/Wishie-gavmeupfwiyxzhaiqkwzocyeeixy/SourcePackages/checkouts/GoogleUtilities
    builtin-copy -exclude .DS_Store -exclude CVS -exclude .svn -exclude .git -exclude .hg -resolve-src-symlinks /Users/khanghnguyen/Library/Developer/Xcode/DerivedData/Wishie-gavmeupfwiyxzhaiqkwzocyeeixy/Build/Intermediates.noindex/GoogleUtilities.build/Debug-iphoneos/GoogleUtilities-Reachability.build/GoogleUtilities-Reachability.modulemap /Users/khanghnguyen/Library/Developer/Xcode/DerivedData/Wishie-gavmeupfwiyxzhaiqkwzocyeeixy/Build/Intermediates.noindex/GeneratedModuleMaps-iphoneos

Copy /Users/khanghnguyen/Library/Developer/Xcode/DerivedData/Wishie-gavmeupfwiyxzhaiqkwzocyeeixy/Build/Intermediates.noindex/GeneratedModuleMaps-iphoneos/GoogleUtilities-Network.modulemap /Users/khanghnguyen/Library/Developer/Xcode/DerivedData/Wishie-gavmeupfwiyxzhaiqkwzocyeeixy/Build/Intermediates.noindex/GoogleUtilities.build/Debug-iphoneos/GoogleUtilities-Network.build/GoogleUtilities-Network.modulemap (in target 'GoogleUtilities-Network' from project 'GoogleUtilities')
    cd /Users/khanghnguyen/Library/Developer/Xcode/DerivedData/Wishie-gavmeupfwiyxzhaiqkwzocyeeixy/SourcePackages/checkouts/GoogleUtilities
    builtin-copy -exclude .DS_Store -exclude CVS -exclude .svn -exclude .git -exclude .hg -resolve-src-symlinks /Users/khanghnguyen/Library/Developer/Xcode/DerivedData/Wishie-gavmeupfwiyxzhaiqkwzocyeeixy/Build/Intermediates.noindex/GoogleUtilities.build/Debug-iphoneos/GoogleUtilities-Network.build/GoogleUtilities-Network.modulemap /Users/khanghnguyen/Library/Developer/Xcode/DerivedData/Wishie-gavmeupfwiyxzhaiqkwzocyeeixy/Build/Intermediates.noindex/GeneratedModuleMaps-iphoneos

Copy /Users/khanghnguyen/Library/Developer/Xcode/DerivedData/Wishie-gavmeupfwiyxzhaiqkwzocyeeixy/Build/Intermediates.noindex/GeneratedModuleMaps-iphoneos/GoogleUtilities-NSData.modulemap /Users/khanghnguyen/Library/Developer/Xcode/DerivedData/Wishie-gavmeupfwiyxzhaiqkwzocyeeixy/Build/Intermediates.noindex/GoogleUtilities.build/Debug-iphoneos/GoogleUtilities-NSData.build/GoogleUtilities-NSData.modulemap (in target 'GoogleUtilities-NSData' from project 'GoogleUtilities')
    cd /Users/khanghnguyen/Library/Developer/Xcode/DerivedData/Wishie-gavmeupfwiyxzhaiqkwzocyeeixy/SourcePackages/checkouts/GoogleUtilities
    builtin-copy -exclude .DS_Store -exclude CVS -exclude .svn -exclude .git -exclude .hg -resolve-src-symlinks /Users/khanghnguyen/Library/Developer/Xcode/DerivedData/Wishie-gavmeupfwiyxzhaiqkwzocyeeixy/Build/Intermediates.noindex/GoogleUtilities.build/Debug-iphoneos/GoogleUtilities-NSData.build/GoogleUtilities-NSData.modulemap /Users/khanghnguyen/Library/Developer/Xcode/DerivedData/Wishie-gavmeupfwiyxzhaiqkwzocyeeixy/Build/Intermediates.noindex/GeneratedModuleMaps-iphoneos

Copy /Users/khanghnguyen/Library/Developer/Xcode/DerivedData/Wishie-gavmeupfwiyxzhaiqkwzocyeeixy/Build/Intermediates.noindex/GeneratedModuleMaps-iphoneos/GoogleUtilities-Logger.modulemap /Users/khanghnguyen/Library/Developer/Xcode/DerivedData/Wishie-gavmeupfwiyxzhaiqkwzocyeeixy/Build/Intermediates.noindex/GoogleUtilities.build/Debug-iphoneos/GoogleUtilities-Logger.build/GoogleUtilities-Logger.modulemap (in target 'GoogleUtilities-Logger' from project 'GoogleUtilities')
    cd /Users/khanghnguyen/Library/Developer/Xcode/DerivedData/Wishie-gavmeupfwiyxzhaiqkwzocyeeixy/SourcePackages/checkouts/GoogleUtilities
    builtin-copy -exclude .DS_Store -exclude CVS -exclude .svn -exclude .git -exclude .hg -resolve-src-symlinks /Users/khanghnguyen/Library/Developer/Xcode/DerivedData/Wishie-gavmeupfwiyxzhaiqkwzocyeeixy/Build/Intermediates.noindex/GoogleUtilities.build/Debug-iphoneos/GoogleUtilities-Logger.build/GoogleUtilities-Logger.modulemap /Users/khanghnguyen/Library/Developer/Xcode/DerivedData/Wishie-gavmeupfwiyxzhaiqkwzocyeeixy/Build/Intermediates.noindex/GeneratedModuleMaps-iphoneos

Copy /Users/khanghnguyen/Library/Developer/Xcode/DerivedData/Wishie-gavmeupfwiyxzhaiqkwzocyeeixy/Build/Intermediates.noindex/GeneratedModuleMaps-iphoneos/GoogleUtilities-Environment.modulemap /Users/khanghnguyen/Library/Developer/Xcode/DerivedData/Wishie-gavmeupfwiyxzhaiqkwzocyeeixy/Build/Intermediates.noindex/GoogleUtilities.build/Debug-iphoneos/GoogleUtilities-Environment.build/GoogleUtilities-Environment.modulemap (in target 'GoogleUtilities-Environment' from project 'GoogleUtilities')
    cd /Users/khanghnguyen/Library/Developer/Xcode/DerivedData/Wishie-gavmeupfwiyxzhaiqkwzocyeeixy/SourcePackages/checkouts/GoogleUtilities
    builtin-copy -exclude .DS_Store -exclude CVS -exclude .svn -exclude .git -exclude .hg -resolve-src-symlinks /Users/khanghnguyen/Library/Developer/Xcode/DerivedData/Wishie-gavmeupfwiyxzhaiqkwzocyeeixy/Build/Intermediates.noindex/GoogleUtilities.build/Debug-iphoneos/GoogleUtilities-Environment.build/GoogleUtilities-Environment.modulemap /Users/khanghnguyen/Library/Developer/Xcode/DerivedData/Wishie-gavmeupfwiyxzhaiqkwzocyeeixy/Build/Intermediates.noindex/GeneratedModuleMaps-iphoneos

Copy /Users/khanghnguyen/Library/Developer/Xcode/DerivedData/Wishie-gavmeupfwiyxzhaiqkwzocyeeixy/Build/Intermediates.noindex/GeneratedModuleMaps-iphoneos/GTMSessionFetcherCore.modulemap /Users/khanghnguyen/Library/Developer/Xcode/DerivedData/Wishie-gavmeupfwiyxzhaiqkwzocyeeixy/Build/Intermediates.noindex/GTMSessionFetcher.build/Debug-iphoneos/GTMSessionFetcherCore.build/GTMSessionFetcherCore.modulemap (in target 'GTMSessionFetcherCore' from project 'GTMSessionFetcher')
    cd /Users/khanghnguyen/Library/Developer/Xcode/DerivedData/Wishie-gavmeupfwiyxzhaiqkwzocyeeixy/SourcePackages/checkouts/gtm-session-fetcher
    builtin-copy -exclude .DS_Store -exclude CVS -exclude .svn -exclude .git -exclude .hg -resolve-src-symlinks /Users/khanghnguyen/Library/Developer/Xcode/DerivedData/Wishie-gavmeupfwiyxzhaiqkwzocyeeixy/Build/Intermediates.noindex/GTMSessionFetcher.build/Debug-iphoneos/GTMSessionFetcherCore.build/GTMSessionFetcherCore.modulemap /Users/khanghnguyen/Library/Developer/Xcode/DerivedData/Wishie-gavmeupfwiyxzhaiqkwzocyeeixy/Build/Intermediates.noindex/GeneratedModuleMaps-iphoneos

Copy /Users/khanghnguyen/Library/Developer/Xcode/DerivedData/Wishie-gavmeupfwiyxzhaiqkwzocyeeixy/Build/Intermediates.noindex/GeneratedModuleMaps-iphoneos/Functions.modulemap /Users/khanghnguyen/Library/Developer/Xcode/DerivedData/Wishie-gavmeupfwiyxzhaiqkwzocyeeixy/Build/Intermediates.noindex/Supabase.build/Debug-iphoneos/Functions.build/Functions.modulemap (in target 'Functions' from project 'Supabase')
    cd /Users/khanghnguyen/Library/Developer/Xcode/DerivedData/Wishie-gavmeupfwiyxzhaiqkwzocyeeixy/SourcePackages/checkouts/supabase-swift
    builtin-copy -exclude .DS_Store -exclude CVS -exclude .svn -exclude .git -exclude .hg -resolve-src-symlinks /Users/khanghnguyen/Library/Developer/Xcode/DerivedData/Wishie-gavmeupfwiyxzhaiqkwzocyeeixy/Build/Intermediates.noindex/Supabase.build/Debug-iphoneos/Functions.build/Functions.modulemap /Users/khanghnguyen/Library/Developer/Xcode/DerivedData/Wishie-gavmeupfwiyxzhaiqkwzocyeeixy/Build/Intermediates.noindex/GeneratedModuleMaps-iphoneos

Copy /Users/khanghnguyen/Library/Developer/Xcode/DerivedData/Wishie-gavmeupfwiyxzhaiqkwzocyeeixy/Build/Intermediates.noindex/GeneratedModuleMaps-iphoneos/FirebaseSharedSwift.modulemap /Users/khanghnguyen/Library/Developer/Xcode/DerivedData/Wishie-gavmeupfwiyxzhaiqkwzocyeeixy/Build/Intermediates.noindex/Firebase.build/Debug-iphoneos/FirebaseSharedSwift.build/FirebaseSharedSwift.modulemap (in target 'FirebaseSharedSwift' from project 'Firebase')
    cd /Users/khanghnguyen/Library/Developer/Xcode/DerivedData/Wishie-gavmeupfwiyxzhaiqkwzocyeeixy/SourcePackages/checkouts/firebase-ios-sdk
    builtin-copy -exclude .DS_Store -exclude CVS -exclude .svn -exclude .git -exclude .hg -resolve-src-symlinks /Users/khanghnguyen/Library/Developer/Xcode/DerivedData/Wishie-gavmeupfwiyxzhaiqkwzocyeeixy/Build/Intermediates.noindex/Firebase.build/Debug-iphoneos/FirebaseSharedSwift.build/FirebaseSharedSwift.modulemap /Users/khanghnguyen/Library/Developer/Xcode/DerivedData/Wishie-gavmeupfwiyxzhaiqkwzocyeeixy/Build/Intermediates.noindex/GeneratedModuleMaps-iphoneos

Copy /Users/khanghnguyen/Library/Developer/Xcode/DerivedData/Wishie-gavmeupfwiyxzhaiqkwzocyeeixy/Build/Intermediates.noindex/GeneratedModuleMaps-iphoneos/FirebaseCoreInternal.modulemap /Users/khanghnguyen/Library/Developer/Xcode/DerivedData/Wishie-gavmeupfwiyxzhaiqkwzocyeeixy/Build/Intermediates.noindex/Firebase.build/Debug-iphoneos/FirebaseCoreInternal.build/FirebaseCoreInternal.modulemap (in target 'FirebaseCoreInternal' from project 'Firebase')
    cd /Users/khanghnguyen/Library/Developer/Xcode/DerivedData/Wishie-gavmeupfwiyxzhaiqkwzocyeeixy/SourcePackages/checkouts/firebase-ios-sdk
    builtin-copy -exclude .DS_Store -exclude CVS -exclude .svn -exclude .git -exclude .hg -resolve-src-symlinks /Users/khanghnguyen/Library/Developer/Xcode/DerivedData/Wishie-gavmeupfwiyxzhaiqkwzocyeeixy/Build/Intermediates.noindex/Firebase.build/Debug-iphoneos/FirebaseCoreInternal.build/FirebaseCoreInternal.modulemap /Users/khanghnguyen/Library/Developer/Xcode/DerivedData/Wishie-gavmeupfwiyxzhaiqkwzocyeeixy/Build/Intermediates.noindex/GeneratedModuleMaps-iphoneos

Copy /Users/khanghnguyen/Library/Developer/Xcode/DerivedData/Wishie-gavmeupfwiyxzhaiqkwzocyeeixy/Build/Intermediates.noindex/GeneratedModuleMaps-iphoneos/FirebaseCoreExtension.modulemap /Users/khanghnguyen/Library/Developer/Xcode/DerivedData/Wishie-gavmeupfwiyxzhaiqkwzocyeeixy/Build/Intermediates.noindex/Firebase.build/Debug-iphoneos/FirebaseCoreExtension.build/FirebaseCoreExtension.modulemap (in target 'FirebaseCoreExtension' from project 'Firebase')
    cd /Users/khanghnguyen/Library/Developer/Xcode/DerivedData/Wishie-gavmeupfwiyxzhaiqkwzocyeeixy/SourcePackages/checkouts/firebase-ios-sdk
    builtin-copy -exclude .DS_Store -exclude CVS -exclude .svn -exclude .git -exclude .hg -resolve-src-symlinks /Users/khanghnguyen/Library/Developer/Xcode/DerivedData/Wishie-gavmeupfwiyxzhaiqkwzocyeeixy/Build/Intermediates.noindex/Firebase.build/Debug-iphoneos/FirebaseCoreExtension.build/FirebaseCoreExtension.modulemap /Users/khanghnguyen/Library/Developer/Xcode/DerivedData/Wishie-gavmeupfwiyxzhaiqkwzocyeeixy/Build/Intermediates.noindex/GeneratedModuleMaps-iphoneos

Copy /Users/khanghnguyen/Library/Developer/Xcode/DerivedData/Wishie-gavmeupfwiyxzhaiqkwzocyeeixy/Build/Intermediates.noindex/GeneratedModuleMaps-iphoneos/FirebaseCore.modulemap /Users/khanghnguyen/Library/Developer/Xcode/DerivedData/Wishie-gavmeupfwiyxzhaiqkwzocyeeixy/Build/Intermediates.noindex/Firebase.build/Debug-iphoneos/FirebaseCore.build/FirebaseCore.modulemap (in target 'FirebaseCore' from project 'Firebase')
    cd /Users/khanghnguyen/Library/Developer/Xcode/DerivedData/Wishie-gavmeupfwiyxzhaiqkwzocyeeixy/SourcePackages/checkouts/firebase-ios-sdk
    builtin-copy -exclude .DS_Store -exclude CVS -exclude .svn -exclude .git -exclude .hg -resolve-src-symlinks /Users/khanghnguyen/Library/Developer/Xcode/DerivedData/Wishie-gavmeupfwiyxzhaiqkwzocyeeixy/Build/Intermediates.noindex/Firebase.build/Debug-iphoneos/FirebaseCore.build/FirebaseCore.modulemap /Users/khanghnguyen/Library/Developer/Xcode/DerivedData/Wishie-gavmeupfwiyxzhaiqkwzocyeeixy/Build/Intermediates.noindex/GeneratedModuleMaps-iphoneos

Copy /Users/khanghnguyen/Library/Developer/Xcode/DerivedData/Wishie-gavmeupfwiyxzhaiqkwzocyeeixy/Build/Intermediates.noindex/GeneratedModuleMaps-iphoneos/FirebaseAuthInterop.modulemap /Users/khanghnguyen/Library/Developer/Xcode/DerivedData/Wishie-gavmeupfwiyxzhaiqkwzocyeeixy/Build/Intermediates.noindex/Firebase.build/Debug-iphoneos/FirebaseAuthInterop.build/FirebaseAuthInterop.modulemap (in target 'FirebaseAuthInterop' from project 'Firebase')
    cd /Users/khanghnguyen/Library/Developer/Xcode/DerivedData/Wishie-gavmeupfwiyxzhaiqkwzocyeeixy/SourcePackages/checkouts/firebase-ios-sdk
    builtin-copy -exclude .DS_Store -exclude CVS -exclude .svn -exclude .git -exclude .hg -resolve-src-symlinks /Users/khanghnguyen/Library/Developer/Xcode/DerivedData/Wishie-gavmeupfwiyxzhaiqkwzocyeeixy/Build/Intermediates.noindex/Firebase.build/Debug-iphoneos/FirebaseAuthInterop.build/FirebaseAuthInterop.modulemap /Users/khanghnguyen/Library/Developer/Xcode/DerivedData/Wishie-gavmeupfwiyxzhaiqkwzocyeeixy/Build/Intermediates.noindex/GeneratedModuleMaps-iphoneos

Copy /Users/khanghnguyen/Library/Developer/Xcode/DerivedData/Wishie-gavmeupfwiyxzhaiqkwzocyeeixy/Build/Intermediates.noindex/GeneratedModuleMaps-iphoneos/FirebaseAuthInternal.modulemap /Users/khanghnguyen/Library/Developer/Xcode/DerivedData/Wishie-gavmeupfwiyxzhaiqkwzocyeeixy/Build/Intermediates.noindex/Firebase.build/Debug-iphoneos/FirebaseAuthInternal.build/FirebaseAuthInternal.modulemap (in target 'FirebaseAuthInternal' from project 'Firebase')
    cd /Users/khanghnguyen/Library/Developer/Xcode/DerivedData/Wishie-gavmeupfwiyxzhaiqkwzocyeeixy/SourcePackages/checkouts/firebase-ios-sdk
    builtin-copy -exclude .DS_Store -exclude CVS -exclude .svn -exclude .git -exclude .hg -resolve-src-symlinks /Users/khanghnguyen/Library/Developer/Xcode/DerivedData/Wishie-gavmeupfwiyxzhaiqkwzocyeeixy/Build/Intermediates.noindex/Firebase.build/Debug-iphoneos/FirebaseAuthInternal.build/FirebaseAuthInternal.modulemap /Users/khanghnguyen/Library/Developer/Xcode/DerivedData/Wishie-gavmeupfwiyxzhaiqkwzocyeeixy/Build/Intermediates.noindex/GeneratedModuleMaps-iphoneos

Copy /Users/khanghnguyen/Library/Developer/Xcode/DerivedData/Wishie-gavmeupfwiyxzhaiqkwzocyeeixy/Build/Intermediates.noindex/GeneratedModuleMaps-iphoneos/FirebaseAuth.modulemap /Users/khanghnguyen/Library/Developer/Xcode/DerivedData/Wishie-gavmeupfwiyxzhaiqkwzocyeeixy/Build/Intermediates.noindex/Firebase.build/Debug-iphoneos/FirebaseAuth.build/FirebaseAuth.modulemap (in target 'FirebaseAuth' from project 'Firebase')
    cd /Users/khanghnguyen/Library/Developer/Xcode/DerivedData/Wishie-gavmeupfwiyxzhaiqkwzocyeeixy/SourcePackages/checkouts/firebase-ios-sdk
    builtin-copy -exclude .DS_Store -exclude CVS -exclude .svn -exclude .git -exclude .hg -resolve-src-symlinks /Users/khanghnguyen/Library/Developer/Xcode/DerivedData/Wishie-gavmeupfwiyxzhaiqkwzocyeeixy/Build/Intermediates.noindex/Firebase.build/Debug-iphoneos/FirebaseAuth.build/FirebaseAuth.modulemap /Users/khanghnguyen/Library/Developer/Xcode/DerivedData/Wishie-gavmeupfwiyxzhaiqkwzocyeeixy/Build/Intermediates.noindex/GeneratedModuleMaps-iphoneos

Copy /Users/khanghnguyen/Library/Developer/Xcode/DerivedData/Wishie-gavmeupfwiyxzhaiqkwzocyeeixy/Build/Intermediates.noindex/GeneratedModuleMaps-iphoneos/FirebaseAppCheckInterop.modulemap /Users/khanghnguyen/Library/Developer/Xcode/DerivedData/Wishie-gavmeupfwiyxzhaiqkwzocyeeixy/Build/Intermediates.noindex/Firebase.build/Debug-iphoneos/FirebaseAppCheckInterop.build/FirebaseAppCheckInterop.modulemap (in target 'FirebaseAppCheckInterop' from project 'Firebase')
    cd /Users/khanghnguyen/Library/Developer/Xcode/DerivedData/Wishie-gavmeupfwiyxzhaiqkwzocyeeixy/SourcePackages/checkouts/firebase-ios-sdk
    builtin-copy -exclude .DS_Store -exclude CVS -exclude .svn -exclude .git -exclude .hg -resolve-src-symlinks /Users/khanghnguyen/Library/Developer/Xcode/DerivedData/Wishie-gavmeupfwiyxzhaiqkwzocyeeixy/Build/Intermediates.noindex/Firebase.build/Debug-iphoneos/FirebaseAppCheckInterop.build/FirebaseAppCheckInterop.modulemap /Users/khanghnguyen/Library/Developer/Xcode/DerivedData/Wishie-gavmeupfwiyxzhaiqkwzocyeeixy/Build/Intermediates.noindex/GeneratedModuleMaps-iphoneos

Copy /Users/khanghnguyen/Library/Developer/Xcode/DerivedData/Wishie-gavmeupfwiyxzhaiqkwzocyeeixy/Build/Intermediates.noindex/GeneratedModuleMaps-iphoneos/Crypto.modulemap /Users/khanghnguyen/Library/Developer/Xcode/DerivedData/Wishie-gavmeupfwiyxzhaiqkwzocyeeixy/Build/Intermediates.noindex/swift-crypto.build/Debug-iphoneos/Crypto.build/Crypto.modulemap (in target 'Crypto' from project 'swift-crypto')
    cd /Users/khanghnguyen/Library/Developer/Xcode/DerivedData/Wishie-gavmeupfwiyxzhaiqkwzocyeeixy/SourcePackages/checkouts/swift-crypto
    builtin-copy -exclude .DS_Store -exclude CVS -exclude .svn -exclude .git -exclude .hg -resolve-src-symlinks /Users/khanghnguyen/Library/Developer/Xcode/DerivedData/Wishie-gavmeupfwiyxzhaiqkwzocyeeixy/Build/Intermediates.noindex/swift-crypto.build/Debug-iphoneos/Crypto.build/Crypto.modulemap /Users/khanghnguyen/Library/Developer/Xcode/DerivedData/Wishie-gavmeupfwiyxzhaiqkwzocyeeixy/Build/Intermediates.noindex/GeneratedModuleMaps-iphoneos

Copy /Users/khanghnguyen/Library/Developer/Xcode/DerivedData/Wishie-gavmeupfwiyxzhaiqkwzocyeeixy/Build/Intermediates.noindex/GeneratedModuleMaps-iphoneos/ConcurrencyExtras.modulemap /Users/khanghnguyen/Library/Developer/Xcode/DerivedData/Wishie-gavmeupfwiyxzhaiqkwzocyeeixy/Build/Intermediates.noindex/swift-concurrency-extras.build/Debug-iphoneos/ConcurrencyExtras.build/ConcurrencyExtras.modulemap (in target 'ConcurrencyExtras' from project 'swift-concurrency-extras')
    cd /Users/khanghnguyen/Library/Developer/Xcode/DerivedData/Wishie-gavmeupfwiyxzhaiqkwzocyeeixy/SourcePackages/checkouts/swift-concurrency-extras
    builtin-copy -exclude .DS_Store -exclude CVS -exclude .svn -exclude .git -exclude .hg -resolve-src-symlinks /Users/khanghnguyen/Library/Developer/Xcode/DerivedData/Wishie-gavmeupfwiyxzhaiqkwzocyeeixy/Build/Intermediates.noindex/swift-concurrency-extras.build/Debug-iphoneos/ConcurrencyExtras.build/ConcurrencyExtras.modulemap /Users/khanghnguyen/Library/Developer/Xcode/DerivedData/Wishie-gavmeupfwiyxzhaiqkwzocyeeixy/Build/Intermediates.noindex/GeneratedModuleMaps-iphoneos

Copy /Users/khanghnguyen/Library/Developer/Xcode/DerivedData/Wishie-gavmeupfwiyxzhaiqkwzocyeeixy/Build/Intermediates.noindex/GeneratedModuleMaps-iphoneos/Clocks.modulemap /Users/khanghnguyen/Library/Developer/Xcode/DerivedData/Wishie-gavmeupfwiyxzhaiqkwzocyeeixy/Build/Intermediates.noindex/swift-clocks.build/Debug-iphoneos/Clocks.build/Clocks.modulemap (in target 'Clocks' from project 'swift-clocks')
    cd /Users/khanghnguyen/Library/Developer/Xcode/DerivedData/Wishie-gavmeupfwiyxzhaiqkwzocyeeixy/SourcePackages/checkouts/swift-clocks
    builtin-copy -exclude .DS_Store -exclude CVS -exclude .svn -exclude .git -exclude .hg -resolve-src-symlinks /Users/khanghnguyen/Library/Developer/Xcode/DerivedData/Wishie-gavmeupfwiyxzhaiqkwzocyeeixy/Build/Intermediates.noindex/swift-clocks.build/Debug-iphoneos/Clocks.build/Clocks.modulemap /Users/khanghnguyen/Library/Developer/Xcode/DerivedData/Wishie-gavmeupfwiyxzhaiqkwzocyeeixy/Build/Intermediates.noindex/GeneratedModuleMaps-iphoneos

ScanDependencies /Users/khanghnguyen/Library/Developer/Xcode/DerivedData/Wishie-gavmeupfwiyxzhaiqkwzocyeeixy/Build/Intermediates.noindex/Firebase.build/Debug-iphoneos/FirebaseAuthInterop.build/Objects-normal/arm64/dummy.o /Users/khanghnguyen/Library/Developer/Xcode/DerivedData/Wishie-gavmeupfwiyxzhaiqkwzocyeeixy/SourcePackages/checkouts/firebase-ios-sdk/FirebaseAuth/Interop/dummy.m normal arm64 objective-c com.apple.compilers.llvm.clang.1_0.compiler (in target 'FirebaseAuthInterop' from project 'Firebase')
    cd /Users/khanghnguyen/Downloads/Wishie/Wishie.xcodeproj
    
    Using response file: /Users/khanghnguyen/Library/Developer/Xcode/DerivedData/Wishie-gavmeupfwiyxzhaiqkwzocyeeixy/Build/Intermediates.noindex/Firebase.build/Debug-iphoneos/FirebaseAuthInterop.build/Objects-normal/arm64/e6072d4f65d7061329687fe24e3d63a7-common-args.resp
    
    builtin-ScanDependencies -o /Users/khanghnguyen/Library/Developer/Xcode/DerivedData/Wishie-gavmeupfwiyxzhaiqkwzocyeeixy/Build/Intermediates.noindex/Firebase.build/Debug-iphoneos/FirebaseAuthInterop.build/Objects-normal/arm64/dummy.o.scan -- /Applications/Xcode.app/Contents/Developer/Toolchains/XcodeDefault.xctoolchain/usr/bin/clang -x objective-c -ivfsstatcache /Users/khanghnguyen/Library/Developer/Xcode/DerivedData/SDKStatCaches.noindex/iphoneos26.2-23C57-3794476bd08197c3e2abd9bb477ef7f7.sdkstatcache -fmessage-length\=0 -fdiagnostics-show-note-include-stack -fmacro-backtrace-limit\=0 -fno-color-diagnostics -fmodules-prune-interval\=86400 -fmodules-prune-after\=345600 -fbuild-session-file\=/Users/khanghnguyen/Library/Developer/Xcode/DerivedData/ModuleCache.noindex/Session.modulevalidation -fmodules-validate-once-per-build-session -Wnon-modular-include-in-framework-module -Werror\=non-modular-include-in-framework-module -Wno-trigraphs -Wno-missing-field-initializers -Wno-missing-prototypes -Wno-return-type -Wno-implicit-atomic-properties -Wno-objc-interface-ivars -Wno-arc-repeated-use-of-weak -Wno-missing-braces -Wparentheses -Wswitch -Wno-unused-function -Wno-unused-label -Wno-unused-parameter -Wno-unused-variable -Wunused-value -Wno-empty-body -Wno-uninitialized -Wno-unknown-pragmas -w -Wno-shadow -Wno-four-char-constants -Wno-conversion -Wno-constant-conversion -Wno-int-conversion -Wno-bool-conversion -Wno-enum-conversion -Wno-float-conversion -Wno-non-literal-null-conversion -Wno-objc-literal-conversion -Wshorten-64-to-32 -Wpointer-sign -Wno-newline-eof -Wno-selector -Wno-strict-selector-match -Wno-undeclared-selector -Wno-deprecated-implementations -Wno-implicit-fallthrough -fstrict-aliasing -Wprotocol -Wdeprecated-declarations -Wno-sign-conversion -Wno-infinite-recursion -Wno-comma -Wno-block-capture-autoreleasing -Wno-strict-prototypes -Wno-semicolon-before-method-body -index-store-path /Users/khanghnguyen/Library/Developer/Xcode/DerivedData/Wishie-gavmeupfwiyxzhaiqkwzocyeeixy/Index.noindex/DataStore @/Users/khanghnguyen/Library/Developer/Xcode/DerivedData/Wishie-gavmeupfwiyxzhaiqkwzocyeeixy/Build/Intermediates.noindex/Firebase.build/Debug-iphoneos/FirebaseAuthInterop.build/Objects-normal/arm64/e6072d4f65d7061329687fe24e3d63a7-common-args.resp -MMD -MT dependencies -MF /Users/khanghnguyen/Library/Developer/Xcode/DerivedData/Wishie-gavmeupfwiyxzhaiqkwzocyeeixy/Build/Intermediates.noindex/Firebase.build/Debug-iphoneos/FirebaseAuthInterop.build/Objects-normal/arm64/dummy.d --serialize-diagnostics /Users/khanghnguyen/Library/Developer/Xcode/DerivedData/Wishie-gavmeupfwiyxzhaiqkwzocyeeixy/Build/Intermediates.noindex/Firebase.build/Debug-iphoneos/FirebaseAuthInterop.build/Objects-normal/arm64/dummy.dia -c /Users/khanghnguyen/Library/Developer/Xcode/DerivedData/Wishie-gavmeupfwiyxzhaiqkwzocyeeixy/SourcePackages/checkouts/firebase-ios-sdk/FirebaseAuth/Interop/dummy.m -o /Users/khanghnguyen/Library/Developer/Xcode/DerivedData/Wishie-gavmeupfwiyxzhaiqkwzocyeeixy/Build/Intermediates.noindex/Firebase.build/Debug-iphoneos/FirebaseAuthInterop.build/Objects-normal/arm64/dummy.o -index-unit-output-path /Firebase.build/Debug-iphoneos/FirebaseAuthInterop.build/Objects-normal/arm64/dummy.o

ScanDependencies /Users/khanghnguyen/Library/Developer/Xcode/DerivedData/Wishie-gavmeupfwiyxzhaiqkwzocyeeixy/Build/Intermediates.noindex/InteropForGoogle.build/Debug-iphoneos/RecaptchaInterop.build/Objects-normal/arm64/placeholder.o /Users/khanghnguyen/Library/Developer/Xcode/DerivedData/Wishie-gavmeupfwiyxzhaiqkwzocyeeixy/SourcePackages/checkouts/interop-ios-for-google-sdks/RecaptchaEnterprise/RecaptchaInterop/placeholder.m normal arm64 objective-c com.apple.compilers.llvm.clang.1_0.compiler (in target 'RecaptchaInterop' from project 'InteropForGoogle')
    cd /Users/khanghnguyen/Downloads/Wishie/Wishie.xcodeproj
    
    Using response file: /Users/khanghnguyen/Library/Developer/Xcode/DerivedData/Wishie-gavmeupfwiyxzhaiqkwzocyeeixy/Build/Intermediates.noindex/InteropForGoogle.build/Debug-iphoneos/RecaptchaInterop.build/Objects-normal/arm64/e6072d4f65d7061329687fe24e3d63a7-common-args.resp
    
    builtin-ScanDependencies -o /Users/khanghnguyen/Library/Developer/Xcode/DerivedData/Wishie-gavmeupfwiyxzhaiqkwzocyeeixy/Build/Intermediates.noindex/InteropForGoogle.build/Debug-iphoneos/RecaptchaInterop.build/Objects-normal/arm64/placeholder.o.scan -- /Applications/Xcode.app/Contents/Developer/Toolchains/XcodeDefault.xctoolchain/usr/bin/clang -x objective-c -ivfsstatcache /Users/khanghnguyen/Library/Developer/Xcode/DerivedData/SDKStatCaches.noindex/iphoneos26.2-23C57-3794476bd08197c3e2abd9bb477ef7f7.sdkstatcache -fmessage-length\=0 -fdiagnostics-show-note-include-stack -fmacro-backtrace-limit\=0 -fno-color-diagnostics -fmodules-prune-interval\=86400 -fmodules-prune-after\=345600 -fbuild-session-file\=/Users/khanghnguyen/Library/Developer/Xcode/DerivedData/ModuleCache.noindex/Session.modulevalidation -fmodules-validate-once-per-build-session -Wnon-modular-include-in-framework-module -Werror\=non-modular-include-in-framework-module -Wno-trigraphs -Wno-missing-field-initializers -Wno-missing-prototypes -Wno-return-type -Wno-implicit-atomic-properties -Wno-objc-interface-ivars -Wno-arc-repeated-use-of-weak -Wno-missing-braces -Wparentheses -Wswitch -Wno-unused-function -Wno-unused-label -Wno-unused-parameter -Wno-unused-variable -Wunused-value -Wno-empty-body -Wno-uninitialized -Wno-unknown-pragmas -w -Wno-shadow -Wno-four-char-constants -Wno-conversion -Wno-constant-conversion -Wno-int-conversion -Wno-bool-conversion -Wno-enum-conversion -Wno-float-conversion -Wno-non-literal-null-conversion -Wno-objc-literal-conversion -Wshorten-64-to-32 -Wpointer-sign -Wno-newline-eof -Wno-selector -Wno-strict-selector-match -Wno-undeclared-selector -Wno-deprecated-implementations -Wno-implicit-fallthrough -fstrict-aliasing -Wprotocol -Wdeprecated-declarations -Wno-sign-conversion -Wno-infinite-recursion -Wno-comma -Wno-block-capture-autoreleasing -Wno-strict-prototypes -Wno-semicolon-before-method-body -index-store-path /Users/khanghnguyen/Library/Developer/Xcode/DerivedData/Wishie-gavmeupfwiyxzhaiqkwzocyeeixy/Index.noindex/DataStore @/Users/khanghnguyen/Library/Developer/Xcode/DerivedData/Wishie-gavmeupfwiyxzhaiqkwzocyeeixy/Build/Intermediates.noindex/InteropForGoogle.build/Debug-iphoneos/RecaptchaInterop.build/Objects-normal/arm64/e6072d4f65d7061329687fe24e3d63a7-common-args.resp -MMD -MT dependencies -MF /Users/khanghnguyen/Library/Developer/Xcode/DerivedData/Wishie-gavmeupfwiyxzhaiqkwzocyeeixy/Build/Intermediates.noindex/InteropForGoogle.build/Debug-iphoneos/RecaptchaInterop.build/Objects-normal/arm64/placeholder.d --serialize-diagnostics /Users/khanghnguyen/Library/Developer/Xcode/DerivedData/Wishie-gavmeupfwiyxzhaiqkwzocyeeixy/Build/Intermediates.noindex/InteropForGoogle.build/Debug-iphoneos/RecaptchaInterop.build/Objects-normal/arm64/placeholder.dia -c /Users/khanghnguyen/Library/Developer/Xcode/DerivedData/Wishie-gavmeupfwiyxzhaiqkwzocyeeixy/SourcePackages/checkouts/interop-ios-for-google-sdks/RecaptchaEnterprise/RecaptchaInterop/placeholder.m -o /Users/khanghnguyen/Library/Developer/Xcode/DerivedData/Wishie-gavmeupfwiyxzhaiqkwzocyeeixy/Build/Intermediates.noindex/InteropForGoogle.build/Debug-iphoneos/RecaptchaInterop.build/Objects-normal/arm64/placeholder.o -index-unit-output-path /InteropForGoogle.build/Debug-iphoneos/RecaptchaInterop.build/Objects-normal/arm64/placeholder.o

ScanDependencies /Users/khanghnguyen/Library/Developer/Xcode/DerivedData/Wishie-gavmeupfwiyxzhaiqkwzocyeeixy/Build/Intermediates.noindex/GoogleUtilities.build/Debug-iphoneos/third-party-IsAppEncrypted.build/Objects-normal/arm64/IsAppEncrypted.o /Users/khanghnguyen/Library/Developer/Xcode/DerivedData/Wishie-gavmeupfwiyxzhaiqkwzocyeeixy/SourcePackages/checkouts/GoogleUtilities/third_party/IsAppEncrypted/IsAppEncrypted.m normal arm64 objective-c com.apple.compilers.llvm.clang.1_0.compiler (in target 'third-party-IsAppEncrypted' from project 'GoogleUtilities')
    cd /Users/khanghnguyen/Downloads/Wishie/Wishie.xcodeproj
    
    Using response file: /Users/khanghnguyen/Library/Developer/Xcode/DerivedData/Wishie-gavmeupfwiyxzhaiqkwzocyeeixy/Build/Intermediates.noindex/GoogleUtilities.build/Debug-iphoneos/third-party-IsAppEncrypted.build/Objects-normal/arm64/e6072d4f65d7061329687fe24e3d63a7-common-args.resp
    
    builtin-ScanDependencies -o /Users/khanghnguyen/Library/Developer/Xcode/DerivedData/Wishie-gavmeupfwiyxzhaiqkwzocyeeixy/Build/Intermediates.noindex/GoogleUtilities.build/Debug-iphoneos/third-party-IsAppEncrypted.build/Objects-normal/arm64/IsAppEncrypted.o.scan -- /Applications/Xcode.app/Contents/Developer/Toolchains/XcodeDefault.xctoolchain/usr/bin/clang -x objective-c -ivfsstatcache /Users/khanghnguyen/Library/Developer/Xcode/DerivedData/SDKStatCaches.noindex/iphoneos26.2-23C57-3794476bd08197c3e2abd9bb477ef7f7.sdkstatcache -fmessage-length\=0 -fdiagnostics-show-note-include-stack -fmacro-backtrace-limit\=0 -fno-color-diagnostics -fmodules-prune-interval\=86400 -fmodules-prune-after\=345600 -fbuild-session-file\=/Users/khanghnguyen/Library/Developer/Xcode/DerivedData/ModuleCache.noindex/Session.modulevalidation -fmodules-validate-once-per-build-session -Wnon-modular-include-in-framework-module -Werror\=non-modular-include-in-framework-module -Wno-trigraphs -Wno-missing-field-initializers -Wno-missing-prototypes -Wno-return-type -Wno-implicit-atomic-properties -Wno-objc-interface-ivars -Wno-arc-repeated-use-of-weak -Wno-missing-braces -Wparentheses -Wswitch -Wno-unused-function -Wno-unused-label -Wno-unused-parameter -Wno-unused-variable -Wunused-value -Wno-empty-body -Wno-uninitialized -Wno-unknown-pragmas -w -Wno-shadow -Wno-four-char-constants -Wno-conversion -Wno-constant-conversion -Wno-int-conversion -Wno-bool-conversion -Wno-enum-conversion -Wno-float-conversion -Wno-non-literal-null-conversion -Wno-objc-literal-conversion -Wshorten-64-to-32 -Wpointer-sign -Wno-newline-eof -Wno-selector -Wno-strict-selector-match -Wno-undeclared-selector -Wno-deprecated-implementations -Wno-implicit-fallthrough -fstrict-aliasing -Wprotocol -Wdeprecated-declarations -Wno-sign-conversion -Wno-infinite-recursion -Wno-comma -Wno-block-capture-autoreleasing -Wno-strict-prototypes -Wno-semicolon-before-method-body -index-store-path /Users/khanghnguyen/Library/Developer/Xcode/DerivedData/Wishie-gavmeupfwiyxzhaiqkwzocyeeixy/Index.noindex/DataStore @/Users/khanghnguyen/Library/Developer/Xcode/DerivedData/Wishie-gavmeupfwiyxzhaiqkwzocyeeixy/Build/Intermediates.noindex/GoogleUtilities.build/Debug-iphoneos/third-party-IsAppEncrypted.build/Objects-normal/arm64/e6072d4f65d7061329687fe24e3d63a7-common-args.resp -MMD -MT dependencies -MF /Users/khanghnguyen/Library/Developer/Xcode/DerivedData/Wishie-gavmeupfwiyxzhaiqkwzocyeeixy/Build/Intermediates.noindex/GoogleUtilities.build/Debug-iphoneos/third-party-IsAppEncrypted.build/Objects-normal/arm64/IsAppEncrypted.d --serialize-diagnostics /Users/khanghnguyen/Library/Developer/Xcode/DerivedData/Wishie-gavmeupfwiyxzhaiqkwzocyeeixy/Build/Intermediates.noindex/GoogleUtilities.build/Debug-iphoneos/third-party-IsAppEncrypted.build/Objects-normal/arm64/IsAppEncrypted.dia -c /Users/khanghnguyen/Library/Developer/Xcode/DerivedData/Wishie-gavmeupfwiyxzhaiqkwzocyeeixy/SourcePackages/checkouts/GoogleUtilities/third_party/IsAppEncrypted/IsAppEncrypted.m -o /Users/khanghnguyen/Library/Developer/Xcode/DerivedData/Wishie-gavmeupfwiyxzhaiqkwzocyeeixy/Build/Intermediates.noindex/GoogleUtilities.build/Debug-iphoneos/third-party-IsAppEncrypted.build/Objects-normal/arm64/IsAppEncrypted.o -index-unit-output-path /GoogleUtilities.build/Debug-iphoneos/third-party-IsAppEncrypted.build/Objects-normal/arm64/IsAppEncrypted.o

ScanDependencies /Users/khanghnguyen/Library/Developer/Xcode/DerivedData/Wishie-gavmeupfwiyxzhaiqkwzocyeeixy/Build/Intermediates.noindex/Firebase.build/Debug-iphoneos/Firebase.build/Objects-normal/arm64/dummy.o /Users/khanghnguyen/Library/Developer/Xcode/DerivedData/Wishie-gavmeupfwiyxzhaiqkwzocyeeixy/SourcePackages/checkouts/firebase-ios-sdk/CoreOnly/Sources/dummy.m normal arm64 objective-c com.apple.compilers.llvm.clang.1_0.compiler (in target 'Firebase' from project 'Firebase')
    cd /Users/khanghnguyen/Downloads/Wishie/Wishie.xcodeproj
    
    Using response file: /Users/khanghnguyen/Library/Developer/Xcode/DerivedData/Wishie-gavmeupfwiyxzhaiqkwzocyeeixy/Build/Intermediates.noindex/Firebase.build/Debug-iphoneos/Firebase.build/Objects-normal/arm64/e6072d4f65d7061329687fe24e3d63a7-common-args.resp
    
    builtin-ScanDependencies -o /Users/khanghnguyen/Library/Developer/Xcode/DerivedData/Wishie-gavmeupfwiyxzhaiqkwzocyeeixy/Build/Intermediates.noindex/Firebase.build/Debug-iphoneos/Firebase.build/Objects-normal/arm64/dummy.o.scan -- /Applications/Xcode.app/Contents/Developer/Toolchains/XcodeDefault.xctoolchain/usr/bin/clang -x objective-c -ivfsstatcache /Users/khanghnguyen/Library/Developer/Xcode/DerivedData/SDKStatCaches.noindex/iphoneos26.2-23C57-3794476bd08197c3e2abd9bb477ef7f7.sdkstatcache -fmessage-length\=0 -fdiagnostics-show-note-include-stack -fmacro-backtrace-limit\=0 -fno-color-diagnostics -fmodules-prune-interval\=86400 -fmodules-prune-after\=345600 -fbuild-session-file\=/Users/khanghnguyen/Library/Developer/Xcode/DerivedData/ModuleCache.noindex/Session.modulevalidation -fmodules-validate-once-per-build-session -Wnon-modular-include-in-framework-module -Werror\=non-modular-include-in-framework-module -Wno-trigraphs -Wno-missing-field-initializers -Wno-missing-prototypes -Wno-return-type -Wno-implicit-atomic-properties -Wno-objc-interface-ivars -Wno-arc-repeated-use-of-weak -Wno-missing-braces -Wparentheses -Wswitch -Wno-unused-function -Wno-unused-label -Wno-unused-parameter -Wno-unused-variable -Wunused-value -Wno-empty-body -Wno-uninitialized -Wno-unknown-pragmas -w -Wno-shadow -Wno-four-char-constants -Wno-conversion -Wno-constant-conversion -Wno-int-conversion -Wno-bool-conversion -Wno-enum-conversion -Wno-float-conversion -Wno-non-literal-null-conversion -Wno-objc-literal-conversion -Wshorten-64-to-32 -Wpointer-sign -Wno-newline-eof -Wno-selector -Wno-strict-selector-match -Wno-undeclared-selector -Wno-deprecated-implementations -Wno-implicit-fallthrough -fstrict-aliasing -Wprotocol -Wdeprecated-declarations -Wno-sign-conversion -Wno-infinite-recursion -Wno-comma -Wno-block-capture-autoreleasing -Wno-strict-prototypes -Wno-semicolon-before-method-body -index-store-path /Users/khanghnguyen/Library/Developer/Xcode/DerivedData/Wishie-gavmeupfwiyxzhaiqkwzocyeeixy/Index.noindex/DataStore @/Users/khanghnguyen/Library/Developer/Xcode/DerivedData/Wishie-gavmeupfwiyxzhaiqkwzocyeeixy/Build/Intermediates.noindex/Firebase.build/Debug-iphoneos/Firebase.build/Objects-normal/arm64/e6072d4f65d7061329687fe24e3d63a7-common-args.resp -MMD -MT dependencies -MF /Users/khanghnguyen/Library/Developer/Xcode/DerivedData/Wishie-gavmeupfwiyxzhaiqkwzocyeeixy/Build/Intermediates.noindex/Firebase.build/Debug-iphoneos/Firebase.build/Objects-normal/arm64/dummy.d --serialize-diagnostics /Users/khanghnguyen/Library/Developer/Xcode/DerivedData/Wishie-gavmeupfwiyxzhaiqkwzocyeeixy/Build/Intermediates.noindex/Firebase.build/Debug-iphoneos/Firebase.build/Objects-normal/arm64/dummy.dia -c /Users/khanghnguyen/Library/Developer/Xcode/DerivedData/Wishie-gavmeupfwiyxzhaiqkwzocyeeixy/SourcePackages/checkouts/firebase-ios-sdk/CoreOnly/Sources/dummy.m -o /Users/khanghnguyen/Library/Developer/Xcode/DerivedData/Wishie-gavmeupfwiyxzhaiqkwzocyeeixy/Build/Intermediates.noindex/Firebase.build/Debug-iphoneos/Firebase.build/Objects-normal/arm64/dummy.o -index-unit-output-path /Firebase.build/Debug-iphoneos/Firebase.build/Objects-normal/arm64/dummy.o

ScanDependencies /Users/khanghnguyen/Library/Developer/Xcode/DerivedData/Wishie-gavmeupfwiyxzhaiqkwzocyeeixy/Build/Intermediates.noindex/Firebase.build/Debug-iphoneos/FirebaseAppCheckInterop.build/Objects-normal/arm64/dummy.o /Users/khanghnguyen/Library/Developer/Xcode/DerivedData/Wishie-gavmeupfwiyxzhaiqkwzocyeeixy/SourcePackages/checkouts/firebase-ios-sdk/FirebaseAppCheck/Interop/dummy.m normal arm64 objective-c com.apple.compilers.llvm.clang.1_0.compiler (in target 'FirebaseAppCheckInterop' from project 'Firebase')
    cd /Users/khanghnguyen/Downloads/Wishie/Wishie.xcodeproj
    
    Using response file: /Users/khanghnguyen/Library/Developer/Xcode/DerivedData/Wishie-gavmeupfwiyxzhaiqkwzocyeeixy/Build/Intermediates.noindex/Firebase.build/Debug-iphoneos/FirebaseAppCheckInterop.build/Objects-normal/arm64/e6072d4f65d7061329687fe24e3d63a7-common-args.resp
    
    builtin-ScanDependencies -o /Users/khanghnguyen/Library/Developer/Xcode/DerivedData/Wishie-gavmeupfwiyxzhaiqkwzocyeeixy/Build/Intermediates.noindex/Firebase.build/Debug-iphoneos/FirebaseAppCheckInterop.build/Objects-normal/arm64/dummy.o.scan -- /Applications/Xcode.app/Contents/Developer/Toolchains/XcodeDefault.xctoolchain/usr/bin/clang -x objective-c -ivfsstatcache /Users/khanghnguyen/Library/Developer/Xcode/DerivedData/SDKStatCaches.noindex/iphoneos26.2-23C57-3794476bd08197c3e2abd9bb477ef7f7.sdkstatcache -fmessage-length\=0 -fdiagnostics-show-note-include-stack -fmacro-backtrace-limit\=0 -fno-color-diagnostics -fmodules-prune-interval\=86400 -fmodules-prune-after\=345600 -fbuild-session-file\=/Users/khanghnguyen/Library/Developer/Xcode/DerivedData/ModuleCache.noindex/Session.modulevalidation -fmodules-validate-once-per-build-session -Wnon-modular-include-in-framework-module -Werror\=non-modular-include-in-framework-module -Wno-trigraphs -Wno-missing-field-initializers -Wno-missing-prototypes -Wno-return-type -Wno-implicit-atomic-properties -Wno-objc-interface-ivars -Wno-arc-repeated-use-of-weak -Wno-missing-braces -Wparentheses -Wswitch -Wno-unused-function -Wno-unused-label -Wno-unused-parameter -Wno-unused-variable -Wunused-value -Wno-empty-body -Wno-uninitialized -Wno-unknown-pragmas -w -Wno-shadow -Wno-four-char-constants -Wno-conversion -Wno-constant-conversion -Wno-int-conversion -Wno-bool-conversion -Wno-enum-conversion -Wno-float-conversion -Wno-non-literal-null-conversion -Wno-objc-literal-conversion -Wshorten-64-to-32 -Wpointer-sign -Wno-newline-eof -Wno-selector -Wno-strict-selector-match -Wno-undeclared-selector -Wno-deprecated-implementations -Wno-implicit-fallthrough -fstrict-aliasing -Wprotocol -Wdeprecated-declarations -Wno-sign-conversion -Wno-infinite-recursion -Wno-comma -Wno-block-capture-autoreleasing -Wno-strict-prototypes -Wno-semicolon-before-method-body -index-store-path /Users/khanghnguyen/Library/Developer/Xcode/DerivedData/Wishie-gavmeupfwiyxzhaiqkwzocyeeixy/Index.noindex/DataStore @/Users/khanghnguyen/Library/Developer/Xcode/DerivedData/Wishie-gavmeupfwiyxzhaiqkwzocyeeixy/Build/Intermediates.noindex/Firebase.build/Debug-iphoneos/FirebaseAppCheckInterop.build/Objects-normal/arm64/e6072d4f65d7061329687fe24e3d63a7-common-args.resp -MMD -MT dependencies -MF /Users/khanghnguyen/Library/Developer/Xcode/DerivedData/Wishie-gavmeupfwiyxzhaiqkwzocyeeixy/Build/Intermediates.noindex/Firebase.build/Debug-iphoneos/FirebaseAppCheckInterop.build/Objects-normal/arm64/dummy.d --serialize-diagnostics /Users/khanghnguyen/Library/Developer/Xcode/DerivedData/Wishie-gavmeupfwiyxzhaiqkwzocyeeixy/Build/Intermediates.noindex/Firebase.build/Debug-iphoneos/FirebaseAppCheckInterop.build/Objects-normal/arm64/dummy.dia -c /Users/khanghnguyen/Library/Developer/Xcode/DerivedData/Wishie-gavmeupfwiyxzhaiqkwzocyeeixy/SourcePackages/checkouts/firebase-ios-sdk/FirebaseAppCheck/Interop/dummy.m -o /Users/khanghnguyen/Library/Developer/Xcode/DerivedData/Wishie-gavmeupfwiyxzhaiqkwzocyeeixy/Build/Intermediates.noindex/Firebase.build/Debug-iphoneos/FirebaseAppCheckInterop.build/Objects-normal/arm64/dummy.o -index-unit-output-path /Firebase.build/Debug-iphoneos/FirebaseAppCheckInterop.build/Objects-normal/arm64/dummy.o

SwiftDriver FirebaseSharedSwift normal arm64 com.apple.xcode.tools.swift.compiler (in target 'FirebaseSharedSwift' from project 'Firebase')
    cd /Users/khanghnguyen/Downloads/Wishie/Wishie.xcodeproj
    builtin-SwiftDriver -- /Applications/Xcode.app/Contents/Developer/Toolchains/XcodeDefault.xctoolchain/usr/bin/swiftc -module-name FirebaseSharedSwift -Onone -enforce-exclusivity\=checked @/Users/khanghnguyen/Library/Developer/Xcode/DerivedData/Wishie-gavmeupfwiyxzhaiqkwzocyeeixy/Build/Intermediates.noindex/Firebase.build/Debug-iphoneos/FirebaseSharedSwift.build/Objects-normal/arm64/FirebaseSharedSwift.SwiftFileList -DSWIFT_PACKAGE -DDEBUG -DSWIFT_MODULE_RESOURCE_BUNDLE_UNAVAILABLE -DXcode -plugin-path /Applications/Xcode.app/Contents/Developer/Toolchains/XcodeDefault.xctoolchain/usr/lib/swift/host/plugins/testing -enable-experimental-feature DebugDescriptionMacro -sdk /Applications/Xcode.app/Contents/Developer/Platforms/iPhoneOS.platform/Developer/SDKs/iPhoneOS26.2.sdk -target arm64-apple-ios15.0 -g -module-cache-path /Users/khanghnguyen/Library/Developer/Xcode/DerivedData/ModuleCache.noindex -Xfrontend -serialize-debugging-options -profile-coverage-mapping -profile-generate -enable-testing -suppress-warnings -index-store-path /Users/khanghnguyen/Library/Developer/Xcode/DerivedData/Wishie-gavmeupfwiyxzhaiqkwzocyeeixy/Index.noindex/DataStore -Xcc -D_LIBCPP_HARDENING_MODE\=_LIBCPP_HARDENING_MODE_DEBUG -swift-version 5 -I /Users/khanghnguyen/Library/Developer/Xcode/DerivedData/Wishie-gavmeupfwiyxzhaiqkwzocyeeixy/Build/Products/Debug-iphoneos -Isystem /Applications/Xcode.app/Contents/Developer/Platforms/iPhoneOS.platform/Developer/usr/lib -F /Users/khanghnguyen/Library/Developer/Xcode/DerivedData/Wishie-gavmeupfwiyxzhaiqkwzocyeeixy/Build/Products/Debug-iphoneos -F /Applications/Xcode.app/Contents/Developer/Platforms/iPhoneOS.platform/Developer/Library/Frameworks -F /Applications/Xcode.app/Contents/Developer/Platforms/iPhoneOS.platform/Developer/SDKs/iPhoneOS26.2.sdk/Developer/Library/Frameworks -c -j8 -enable-batch-mode -incremental -Xcc -ivfsstatcache -Xcc /Users/khanghnguyen/Library/Developer/Xcode/DerivedData/SDKStatCaches.noindex/iphoneos26.2-23C57-3794476bd08197c3e2abd9bb477ef7f7.sdkstatcache -output-file-map /Users/khanghnguyen/Library/Developer/Xcode/DerivedData/Wishie-gavmeupfwiyxzhaiqkwzocyeeixy/Build/Intermediates.noindex/Firebase.build/Debug-iphoneos/FirebaseSharedSwift.build/Objects-normal/arm64/FirebaseSharedSwift-OutputFileMap.json -use-frontend-parseable-output -save-temps -no-color-diagnostics -explicit-module-build -module-cache-path /Users/khanghnguyen/Library/Developer/Xcode/DerivedData/Wishie-gavmeupfwiyxzhaiqkwzocyeeixy/Build/Intermediates.noindex/SwiftExplicitPrecompiledModules -clang-scanner-module-cache-path /Users/khanghnguyen/Library/Developer/Xcode/DerivedData/ModuleCache.noindex -sdk-module-cache-path /Users/khanghnguyen/Library/Developer/Xcode/DerivedData/ModuleCache.noindex -serialize-diagnostics -emit-dependencies -emit-module -emit-module-path /Users/khanghnguyen/Library/Developer/Xcode/DerivedData/Wishie-gavmeupfwiyxzhaiqkwzocyeeixy/Build/Intermediates.noindex/Firebase.build/Debug-iphoneos/FirebaseSharedSwift.build/Objects-normal/arm64/FirebaseSharedSwift.swiftmodule -user-module-version 12.13.0 -validate-clang-modules-once -clang-build-session-file /Users/khanghnguyen/Library/Developer/Xcode/DerivedData/ModuleCache.noindex/Session.modulevalidation -package-name firebase_ios_sdk -Xcc -I/Users/khanghnguyen/Library/Developer/Xcode/DerivedData/Wishie-gavmeupfwiyxzhaiqkwzocyeeixy/Build/Intermediates.noindex/Firebase.build/Debug-iphoneos/FirebaseSharedSwift.build/swift-overrides.hmap -emit-const-values -Xfrontend -const-gather-protocols-file -Xfrontend /Users/khanghnguyen/Library/Developer/Xcode/DerivedData/Wishie-gavmeupfwiyxzhaiqkwzocyeeixy/Build/Intermediates.noindex/Firebase.build/Debug-iphoneos/FirebaseSharedSwift.build/Objects-normal/arm64/FirebaseSharedSwift_const_extract_protocols.json -Xcc -I/Users/khanghnguyen/Library/Developer/Xcode/DerivedData/Wishie-gavmeupfwiyxzhaiqkwzocyeeixy/Build/Products/Debug-iphoneos/include -Xcc -I/Users/khanghnguyen/Library/Developer/Xcode/DerivedData/Wishie-gavmeupfwiyxzhaiqkwzocyeeixy/Build/Intermediates.noindex/Firebase.build/Debug-iphoneos/FirebaseSharedSwift.build/DerivedSources-normal/arm64 -Xcc -I/Users/khanghnguyen/Library/Developer/Xcode/DerivedData/Wishie-gavmeupfwiyxzhaiqkwzocyeeixy/Build/Intermediates.noindex/Firebase.build/Debug-iphoneos/FirebaseSharedSwift.build/DerivedSources/arm64 -Xcc -I/Users/khanghnguyen/Library/Developer/Xcode/DerivedData/Wishie-gavmeupfwiyxzhaiqkwzocyeeixy/Build/Intermediates.noindex/Firebase.build/Debug-iphoneos/FirebaseSharedSwift.build/DerivedSources -Xcc -DSWIFT_PACKAGE -Xcc -DDEBUG\=1 -emit-objc-header -emit-objc-header-path /Users/khanghnguyen/Library/Developer/Xcode/DerivedData/Wishie-gavmeupfwiyxzhaiqkwzocyeeixy/Build/Intermediates.noindex/Firebase.build/Debug-iphoneos/FirebaseSharedSwift.build/Objects-normal/arm64/FirebaseSharedSwift-Swift.h -working-directory /Users/khanghnguyen/Downloads/Wishie/Wishie.xcodeproj -experimental-emit-module-separately -disable-cmo

SwiftDriver IssueReportingPackageSupport normal arm64 com.apple.xcode.tools.swift.compiler (in target 'IssueReportingPackageSupport' from project 'xctest-dynamic-overlay')
    cd /Users/khanghnguyen/Downloads/Wishie/Wishie.xcodeproj
    builtin-SwiftDriver -- /Applications/Xcode.app/Contents/Developer/Toolchains/XcodeDefault.xctoolchain/usr/bin/swiftc -module-name IssueReportingPackageSupport -Onone -enforce-exclusivity\=checked @/Users/khanghnguyen/Library/Developer/Xcode/DerivedData/Wishie-gavmeupfwiyxzhaiqkwzocyeeixy/Build/Intermediates.noindex/xctest-dynamic-overlay.build/Debug-iphoneos/IssueReportingPackageSupport.build/Objects-normal/arm64/IssueReportingPackageSupport.SwiftFileList -DSWIFT_PACKAGE -DDEBUG -DSWIFT_MODULE_RESOURCE_BUNDLE_UNAVAILABLE -DXcode -plugin-path /Applications/Xcode.app/Contents/Developer/Toolchains/XcodeDefault.xctoolchain/usr/lib/swift/host/plugins/testing -enable-experimental-feature DebugDescriptionMacro -sdk /Applications/Xcode.app/Contents/Developer/Platforms/iPhoneOS.platform/Developer/SDKs/iPhoneOS26.2.sdk -target arm64-apple-ios13.0 -g -module-cache-path /Users/khanghnguyen/Library/Developer/Xcode/DerivedData/ModuleCache.noindex -Xfrontend -serialize-debugging-options -profile-coverage-mapping -profile-generate -enable-testing -suppress-warnings -index-store-path /Users/khanghnguyen/Library/Developer/Xcode/DerivedData/Wishie-gavmeupfwiyxzhaiqkwzocyeeixy/Index.noindex/DataStore -Xcc -D_LIBCPP_HARDENING_MODE\=_LIBCPP_HARDENING_MODE_DEBUG -swift-version 6 -I /Users/khanghnguyen/Library/Developer/Xcode/DerivedData/Wishie-gavmeupfwiyxzhaiqkwzocyeeixy/Build/Products/Debug-iphoneos -Isystem /Applications/Xcode.app/Contents/Developer/Platforms/iPhoneOS.platform/Developer/usr/lib -F /Users/khanghnguyen/Library/Developer/Xcode/DerivedData/Wishie-gavmeupfwiyxzhaiqkwzocyeeixy/Build/Products/Debug-iphoneos -F /Applications/Xcode.app/Contents/Developer/Platforms/iPhoneOS.platform/Developer/Library/Frameworks -F /Applications/Xcode.app/Contents/Developer/Platforms/iPhoneOS.platform/Developer/SDKs/iPhoneOS26.2.sdk/Developer/Library/Frameworks -parse-as-library -c -j8 -enable-batch-mode -incremental -Xcc -ivfsstatcache -Xcc /Users/khanghnguyen/Library/Developer/Xcode/DerivedData/SDKStatCaches.noindex/iphoneos26.2-23C57-3794476bd08197c3e2abd9bb477ef7f7.sdkstatcache -output-file-map /Users/khanghnguyen/Library/Developer/Xcode/DerivedData/Wishie-gavmeupfwiyxzhaiqkwzocyeeixy/Build/Intermediates.noindex/xctest-dynamic-overlay.build/Debug-iphoneos/IssueReportingPackageSupport.build/Objects-normal/arm64/IssueReportingPackageSupport-OutputFileMap.json -use-frontend-parseable-output -save-temps -no-color-diagnostics -explicit-module-build -module-cache-path /Users/khanghnguyen/Library/Developer/Xcode/DerivedData/Wishie-gavmeupfwiyxzhaiqkwzocyeeixy/Build/Intermediates.noindex/SwiftExplicitPrecompiledModules -clang-scanner-module-cache-path /Users/khanghnguyen/Library/Developer/Xcode/DerivedData/ModuleCache.noindex -sdk-module-cache-path /Users/khanghnguyen/Library/Developer/Xcode/DerivedData/ModuleCache.noindex -serialize-diagnostics -emit-dependencies -emit-module -emit-module-path /Users/khanghnguyen/Library/Developer/Xcode/DerivedData/Wishie-gavmeupfwiyxzhaiqkwzocyeeixy/Build/Intermediates.noindex/xctest-dynamic-overlay.build/Debug-iphoneos/IssueReportingPackageSupport.build/Objects-normal/arm64/IssueReportingPackageSupport.swiftmodule -user-module-version 1.8.0 -validate-clang-modules-once -clang-build-session-file /Users/khanghnguyen/Library/Developer/Xcode/DerivedData/ModuleCache.noindex/Session.modulevalidation -package-name xctest_dynamic_overlay -Xcc -I/Users/khanghnguyen/Library/Developer/Xcode/DerivedData/Wishie-gavmeupfwiyxzhaiqkwzocyeeixy/Build/Intermediates.noindex/xctest-dynamic-overlay.build/Debug-iphoneos/IssueReportingPackageSupport.build/swift-overrides.hmap -emit-const-values -Xfrontend -const-gather-protocols-file -Xfrontend /Users/khanghnguyen/Library/Developer/Xcode/DerivedData/Wishie-gavmeupfwiyxzhaiqkwzocyeeixy/Build/Intermediates.noindex/xctest-dynamic-overlay.build/Debug-iphoneos/IssueReportingPackageSupport.build/Objects-normal/arm64/IssueReportingPackageSupport_const_extract_protocols.json -Xcc -I/Users/khanghnguyen/Library/Developer/Xcode/DerivedData/Wishie-gavmeupfwiyxzhaiqkwzocyeeixy/Build/Products/Debug-iphoneos/include -Xcc -I/Users/khanghnguyen/Library/Developer/Xcode/DerivedData/Wishie-gavmeupfwiyxzhaiqkwzocyeeixy/Build/Intermediates.noindex/xctest-dynamic-overlay.build/Debug-iphoneos/IssueReportingPackageSupport.build/DerivedSources-normal/arm64 -Xcc -I/Users/khanghnguyen/Library/Developer/Xcode/DerivedData/Wishie-gavmeupfwiyxzhaiqkwzocyeeixy/Build/Intermediates.noindex/xctest-dynamic-overlay.build/Debug-iphoneos/IssueReportingPackageSupport.build/DerivedSources/arm64 -Xcc -I/Users/khanghnguyen/Library/Developer/Xcode/DerivedData/Wishie-gavmeupfwiyxzhaiqkwzocyeeixy/Build/Intermediates.noindex/xctest-dynamic-overlay.build/Debug-iphoneos/IssueReportingPackageSupport.build/DerivedSources -Xcc -DSWIFT_PACKAGE -Xcc -DDEBUG\=1 -emit-objc-header -emit-objc-header-path /Users/khanghnguyen/Library/Developer/Xcode/DerivedData/Wishie-gavmeupfwiyxzhaiqkwzocyeeixy/Build/Intermediates.noindex/xctest-dynamic-overlay.build/Debug-iphoneos/IssueReportingPackageSupport.build/Objects-normal/arm64/IssueReportingPackageSupport-Swift.h -working-directory /Users/khanghnguyen/Downloads/Wishie/Wishie.xcodeproj -experimental-emit-module-separately -disable-cmo

SwiftDriver HTTPTypes normal arm64 com.apple.xcode.tools.swift.compiler (in target 'HTTPTypes' from project 'swift-http-types')
    cd /Users/khanghnguyen/Downloads/Wishie/Wishie.xcodeproj
    builtin-SwiftDriver -- /Applications/Xcode.app/Contents/Developer/Toolchains/XcodeDefault.xctoolchain/usr/bin/swiftc -module-name HTTPTypes -Onone -enforce-exclusivity\=checked @/Users/khanghnguyen/Library/Developer/Xcode/DerivedData/Wishie-gavmeupfwiyxzhaiqkwzocyeeixy/Build/Intermediates.noindex/swift-http-types.build/Debug-iphoneos/HTTPTypes.build/Objects-normal/arm64/HTTPTypes.SwiftFileList -DSWIFT_PACKAGE -DDEBUG -DSWIFT_MODULE_RESOURCE_BUNDLE_UNAVAILABLE -DXcode -enable-experimental-feature StrictConcurrency\=complete -enable-upcoming-feature MemberImportVisibility -plugin-path /Applications/Xcode.app/Contents/Developer/Toolchains/XcodeDefault.xctoolchain/usr/lib/swift/host/plugins/testing -enable-experimental-feature DebugDescriptionMacro -sdk /Applications/Xcode.app/Contents/Developer/Platforms/iPhoneOS.platform/Developer/SDKs/iPhoneOS26.2.sdk -target arm64-apple-ios12.0 -g -module-cache-path /Users/khanghnguyen/Library/Developer/Xcode/DerivedData/ModuleCache.noindex -Xfrontend -serialize-debugging-options -profile-coverage-mapping -profile-generate -enable-testing -suppress-warnings -index-store-path /Users/khanghnguyen/Library/Developer/Xcode/DerivedData/Wishie-gavmeupfwiyxzhaiqkwzocyeeixy/Index.noindex/DataStore -Xcc -D_LIBCPP_HARDENING_MODE\=_LIBCPP_HARDENING_MODE_DEBUG -swift-version 5 -I /Users/khanghnguyen/Library/Developer/Xcode/DerivedData/Wishie-gavmeupfwiyxzhaiqkwzocyeeixy/Build/Products/Debug-iphoneos -Isystem /Applications/Xcode.app/Contents/Developer/Platforms/iPhoneOS.platform/Developer/usr/lib -F /Users/khanghnguyen/Library/Developer/Xcode/DerivedData/Wishie-gavmeupfwiyxzhaiqkwzocyeeixy/Build/Products/Debug-iphoneos -F /Applications/Xcode.app/Contents/Developer/Platforms/iPhoneOS.platform/Developer/Library/Frameworks -F /Applications/Xcode.app/Contents/Developer/Platforms/iPhoneOS.platform/Developer/SDKs/iPhoneOS26.2.sdk/Developer/Library/Frameworks -c -j8 -enable-batch-mode -incremental -Xcc -ivfsstatcache -Xcc /Users/khanghnguyen/Library/Developer/Xcode/DerivedData/SDKStatCaches.noindex/iphoneos26.2-23C57-3794476bd08197c3e2abd9bb477ef7f7.sdkstatcache -output-file-map /Users/khanghnguyen/Library/Developer/Xcode/DerivedData/Wishie-gavmeupfwiyxzhaiqkwzocyeeixy/Build/Intermediates.noindex/swift-http-types.build/Debug-iphoneos/HTTPTypes.build/Objects-normal/arm64/HTTPTypes-OutputFileMap.json -use-frontend-parseable-output -save-temps -no-color-diagnostics -explicit-module-build -module-cache-path /Users/khanghnguyen/Library/Developer/Xcode/DerivedData/Wishie-gavmeupfwiyxzhaiqkwzocyeeixy/Build/Intermediates.noindex/SwiftExplicitPrecompiledModules -clang-scanner-module-cache-path /Users/khanghnguyen/Library/Developer/Xcode/DerivedData/ModuleCache.noindex -sdk-module-cache-path /Users/khanghnguyen/Library/Developer/Xcode/DerivedData/ModuleCache.noindex -serialize-diagnostics -emit-dependencies -emit-module -emit-module-path /Users/khanghnguyen/Library/Developer/Xcode/DerivedData/Wishie-gavmeupfwiyxzhaiqkwzocyeeixy/Build/Intermediates.noindex/swift-http-types.build/Debug-iphoneos/HTTPTypes.build/Objects-normal/arm64/HTTPTypes.swiftmodule -validate-clang-modules-once -clang-build-session-file /Users/khanghnguyen/Library/Developer/Xcode/DerivedData/ModuleCache.noindex/Session.modulevalidation -package-name swift_http_types -Xcc -I/Users/khanghnguyen/Library/Developer/Xcode/DerivedData/Wishie-gavmeupfwiyxzhaiqkwzocyeeixy/Build/Intermediates.noindex/swift-http-types.build/Debug-iphoneos/HTTPTypes.build/swift-overrides.hmap -emit-const-values -Xfrontend -const-gather-protocols-file -Xfrontend /Users/khanghnguyen/Library/Developer/Xcode/DerivedData/Wishie-gavmeupfwiyxzhaiqkwzocyeeixy/Build/Intermediates.noindex/swift-http-types.build/Debug-iphoneos/HTTPTypes.build/Objects-normal/arm64/HTTPTypes_const_extract_protocols.json -Xcc -I/Users/khanghnguyen/Library/Developer/Xcode/DerivedData/Wishie-gavmeupfwiyxzhaiqkwzocyeeixy/Build/Products/Debug-iphoneos/include -Xcc -I/Users/khanghnguyen/Library/Developer/Xcode/DerivedData/Wishie-gavmeupfwiyxzhaiqkwzocyeeixy/Build/Intermediates.noindex/swift-http-types.build/Debug-iphoneos/HTTPTypes.build/DerivedSources-normal/arm64 -Xcc -I/Users/khanghnguyen/Library/Developer/Xcode/DerivedData/Wishie-gavmeupfwiyxzhaiqkwzocyeeixy/Build/Intermediates.noindex/swift-http-types.build/Debug-iphoneos/HTTPTypes.build/DerivedSources/arm64 -Xcc -I/Users/khanghnguyen/Library/Developer/Xcode/DerivedData/Wishie-gavmeupfwiyxzhaiqkwzocyeeixy/Build/Intermediates.noindex/swift-http-types.build/Debug-iphoneos/HTTPTypes.build/DerivedSources -Xcc -DSWIFT_PACKAGE -Xcc -DDEBUG\=1 -emit-objc-header -emit-objc-header-path /Users/khanghnguyen/Library/Developer/Xcode/DerivedData/Wishie-gavmeupfwiyxzhaiqkwzocyeeixy/Build/Intermediates.noindex/swift-http-types.build/Debug-iphoneos/HTTPTypes.build/Objects-normal/arm64/HTTPTypes-Swift.h -working-directory /Users/khanghnguyen/Downloads/Wishie/Wishie.xcodeproj -experimental-emit-module-separately -disable-cmo

SwiftDriver ConcurrencyExtras normal arm64 com.apple.xcode.tools.swift.compiler (in target 'ConcurrencyExtras' from project 'swift-concurrency-extras')
    cd /Users/khanghnguyen/Downloads/Wishie/Wishie.xcodeproj
    builtin-SwiftDriver -- /Applications/Xcode.app/Contents/Developer/Toolchains/XcodeDefault.xctoolchain/usr/bin/swiftc -module-name ConcurrencyExtras -Onone -enforce-exclusivity\=checked @/Users/khanghnguyen/Library/Developer/Xcode/DerivedData/Wishie-gavmeupfwiyxzhaiqkwzocyeeixy/Build/Intermediates.noindex/swift-concurrency-extras.build/Debug-iphoneos/ConcurrencyExtras.build/Objects-normal/arm64/ConcurrencyExtras.SwiftFileList -DSWIFT_PACKAGE -DDEBUG -DSWIFT_MODULE_RESOURCE_BUNDLE_UNAVAILABLE -DXcode -plugin-path /Applications/Xcode.app/Contents/Developer/Toolchains/XcodeDefault.xctoolchain/usr/lib/swift/host/plugins/testing -enable-experimental-feature DebugDescriptionMacro -sdk /Applications/Xcode.app/Contents/Developer/Platforms/iPhoneOS.platform/Developer/SDKs/iPhoneOS26.2.sdk -target arm64-apple-ios13.0 -g -module-cache-path /Users/khanghnguyen/Library/Developer/Xcode/DerivedData/ModuleCache.noindex -Xfrontend -serialize-debugging-options -profile-coverage-mapping -profile-generate -enable-testing -suppress-warnings -index-store-path /Users/khanghnguyen/Library/Developer/Xcode/DerivedData/Wishie-gavmeupfwiyxzhaiqkwzocyeeixy/Index.noindex/DataStore -Xcc -D_LIBCPP_HARDENING_MODE\=_LIBCPP_HARDENING_MODE_DEBUG -swift-version 6 -I /Users/khanghnguyen/Library/Developer/Xcode/DerivedData/Wishie-gavmeupfwiyxzhaiqkwzocyeeixy/Build/Products/Debug-iphoneos -Isystem /Applications/Xcode.app/Contents/Developer/Platforms/iPhoneOS.platform/Developer/usr/lib -F /Users/khanghnguyen/Library/Developer/Xcode/DerivedData/Wishie-gavmeupfwiyxzhaiqkwzocyeeixy/Build/Products/Debug-iphoneos -F /Applications/Xcode.app/Contents/Developer/Platforms/iPhoneOS.platform/Developer/Library/Frameworks -F /Applications/Xcode.app/Contents/Developer/Platforms/iPhoneOS.platform/Developer/SDKs/iPhoneOS26.2.sdk/Developer/Library/Frameworks -c -j8 -enable-batch-mode -incremental -Xcc -ivfsstatcache -Xcc /Users/khanghnguyen/Library/Developer/Xcode/DerivedData/SDKStatCaches.noindex/iphoneos26.2-23C57-3794476bd08197c3e2abd9bb477ef7f7.sdkstatcache -output-file-map /Users/khanghnguyen/Library/Developer/Xcode/DerivedData/Wishie-gavmeupfwiyxzhaiqkwzocyeeixy/Build/Intermediates.noindex/swift-concurrency-extras.build/Debug-iphoneos/ConcurrencyExtras.build/Objects-normal/arm64/ConcurrencyExtras-OutputFileMap.json -use-frontend-parseable-output -save-temps -no-color-diagnostics -explicit-module-build -module-cache-path /Users/khanghnguyen/Library/Developer/Xcode/DerivedData/Wishie-gavmeupfwiyxzhaiqkwzocyeeixy/Build/Intermediates.noindex/SwiftExplicitPrecompiledModules -clang-scanner-module-cache-path /Users/khanghnguyen/Library/Developer/Xcode/DerivedData/ModuleCache.noindex -sdk-module-cache-path /Users/khanghnguyen/Library/Developer/Xcode/DerivedData/ModuleCache.noindex -serialize-diagnostics -emit-dependencies -emit-module -emit-module-path /Users/khanghnguyen/Library/Developer/Xcode/DerivedData/Wishie-gavmeupfwiyxzhaiqkwzocyeeixy/Build/Intermediates.noindex/swift-concurrency-extras.build/Debug-iphoneos/ConcurrencyExtras.build/Objects-normal/arm64/ConcurrencyExtras.swiftmodule -user-module-version 1.3.2 -validate-clang-modules-once -clang-build-session-file /Users/khanghnguyen/Library/Developer/Xcode/DerivedData/ModuleCache.noindex/Session.modulevalidation -package-name swift_concurrency_extras -Xcc -I/Users/khanghnguyen/Library/Developer/Xcode/DerivedData/Wishie-gavmeupfwiyxzhaiqkwzocyeeixy/Build/Intermediates.noindex/swift-concurrency-extras.build/Debug-iphoneos/ConcurrencyExtras.build/swift-overrides.hmap -emit-const-values -Xfrontend -const-gather-protocols-file -Xfrontend /Users/khanghnguyen/Library/Developer/Xcode/DerivedData/Wishie-gavmeupfwiyxzhaiqkwzocyeeixy/Build/Intermediates.noindex/swift-concurrency-extras.build/Debug-iphoneos/ConcurrencyExtras.build/Objects-normal/arm64/ConcurrencyExtras_const_extract_protocols.json -Xcc -I/Users/khanghnguyen/Library/Developer/Xcode/DerivedData/Wishie-gavmeupfwiyxzhaiqkwzocyeeixy/Build/Products/Debug-iphoneos/include -Xcc -I/Users/khanghnguyen/Library/Developer/Xcode/DerivedData/Wishie-gavmeupfwiyxzhaiqkwzocyeeixy/Build/Intermediates.noindex/swift-concurrency-extras.build/Debug-iphoneos/ConcurrencyExtras.build/DerivedSources-normal/arm64 -Xcc -I/Users/khanghnguyen/Library/Developer/Xcode/DerivedData/Wishie-gavmeupfwiyxzhaiqkwzocyeeixy/Build/Intermediates.noindex/swift-concurrency-extras.build/Debug-iphoneos/ConcurrencyExtras.build/DerivedSources/arm64 -Xcc -I/Users/khanghnguyen/Library/Developer/Xcode/DerivedData/Wishie-gavmeupfwiyxzhaiqkwzocyeeixy/Build/Intermediates.noindex/swift-concurrency-extras.build/Debug-iphoneos/ConcurrencyExtras.build/DerivedSources -Xcc -DSWIFT_PACKAGE -Xcc -DDEBUG\=1 -emit-objc-header -emit-objc-header-path /Users/khanghnguyen/Library/Developer/Xcode/DerivedData/Wishie-gavmeupfwiyxzhaiqkwzocyeeixy/Build/Intermediates.noindex/swift-concurrency-extras.build/Debug-iphoneos/ConcurrencyExtras.build/Objects-normal/arm64/ConcurrencyExtras-Swift.h -working-directory /Users/khanghnguyen/Downloads/Wishie/Wishie.xcodeproj -experimental-emit-module-separately -disable-cmo

ProcessInfoPlistFile /Users/khanghnguyen/Library/Developer/Xcode/DerivedData/Wishie-gavmeupfwiyxzhaiqkwzocyeeixy/Build/Products/Debug-iphoneos/swift-crypto_Crypto.bundle/Info.plist /Users/khanghnguyen/Library/Developer/Xcode/DerivedData/Wishie-gavmeupfwiyxzhaiqkwzocyeeixy/Build/Intermediates.noindex/swift-crypto.build/Debug-iphoneos/swift-crypto_Crypto.build/empty-swift-crypto_Crypto.plist (in target 'swift-crypto_Crypto' from project 'swift-crypto')
    cd /Users/khanghnguyen/Library/Developer/Xcode/DerivedData/Wishie-gavmeupfwiyxzhaiqkwzocyeeixy/SourcePackages/checkouts/swift-crypto
    builtin-infoPlistUtility /Users/khanghnguyen/Library/Developer/Xcode/DerivedData/Wishie-gavmeupfwiyxzhaiqkwzocyeeixy/Build/Intermediates.noindex/swift-crypto.build/Debug-iphoneos/swift-crypto_Crypto.build/empty-swift-crypto_Crypto.plist -producttype com.apple.product-type.bundle -expandbuildsettings -format binary -platform iphoneos -requiredArchitecture arm64 -o /Users/khanghnguyen/Library/Developer/Xcode/DerivedData/Wishie-gavmeupfwiyxzhaiqkwzocyeeixy/Build/Products/Debug-iphoneos/swift-crypto_Crypto.bundle/Info.plist

CpResource /Users/khanghnguyen/Library/Developer/Xcode/DerivedData/Wishie-gavmeupfwiyxzhaiqkwzocyeeixy/Build/Products/Debug-iphoneos/swift-crypto_Crypto.bundle/PrivacyInfo.xcprivacy /Users/khanghnguyen/Library/Developer/Xcode/DerivedData/Wishie-gavmeupfwiyxzhaiqkwzocyeeixy/SourcePackages/checkouts/swift-crypto/Sources/Crypto/PrivacyInfo.xcprivacy (in target 'swift-crypto_Crypto' from project 'swift-crypto')
    cd /Users/khanghnguyen/Library/Developer/Xcode/DerivedData/Wishie-gavmeupfwiyxzhaiqkwzocyeeixy/SourcePackages/checkouts/swift-crypto
    builtin-copy -exclude .DS_Store -exclude CVS -exclude .svn -exclude .git -exclude .hg -resolve-src-symlinks /Users/khanghnguyen/Library/Developer/Xcode/DerivedData/Wishie-gavmeupfwiyxzhaiqkwzocyeeixy/SourcePackages/checkouts/swift-crypto/Sources/Crypto/PrivacyInfo.xcprivacy /Users/khanghnguyen/Library/Developer/Xcode/DerivedData/Wishie-gavmeupfwiyxzhaiqkwzocyeeixy/Build/Products/Debug-iphoneos/swift-crypto_Crypto.bundle

ProcessInfoPlistFile /Users/khanghnguyen/Library/Developer/Xcode/DerivedData/Wishie-gavmeupfwiyxzhaiqkwzocyeeixy/Build/Products/Debug-iphoneos/nanopb_nanopb.bundle/Info.plist /Users/khanghnguyen/Library/Developer/Xcode/DerivedData/Wishie-gavmeupfwiyxzhaiqkwzocyeeixy/Build/Intermediates.noindex/nanopb.build/Debug-iphoneos/nanopb_nanopb.build/empty-nanopb_nanopb.plist (in target 'nanopb_nanopb' from project 'nanopb')
    cd /Users/khanghnguyen/Library/Developer/Xcode/DerivedData/Wishie-gavmeupfwiyxzhaiqkwzocyeeixy/SourcePackages/checkouts/nanopb
    builtin-infoPlistUtility /Users/khanghnguyen/Library/Developer/Xcode/DerivedData/Wishie-gavmeupfwiyxzhaiqkwzocyeeixy/Build/Intermediates.noindex/nanopb.build/Debug-iphoneos/nanopb_nanopb.build/empty-nanopb_nanopb.plist -producttype com.apple.product-type.bundle -expandbuildsettings -format binary -platform iphoneos -requiredArchitecture arm64 -o /Users/khanghnguyen/Library/Developer/Xcode/DerivedData/Wishie-gavmeupfwiyxzhaiqkwzocyeeixy/Build/Products/Debug-iphoneos/nanopb_nanopb.bundle/Info.plist

CpResource /Users/khanghnguyen/Library/Developer/Xcode/DerivedData/Wishie-gavmeupfwiyxzhaiqkwzocyeeixy/Build/Products/Debug-iphoneos/nanopb_nanopb.bundle/PrivacyInfo.xcprivacy /Users/khanghnguyen/Library/Developer/Xcode/DerivedData/Wishie-gavmeupfwiyxzhaiqkwzocyeeixy/SourcePackages/checkouts/nanopb/spm_resources/PrivacyInfo.xcprivacy (in target 'nanopb_nanopb' from project 'nanopb')
    cd /Users/khanghnguyen/Library/Developer/Xcode/DerivedData/Wishie-gavmeupfwiyxzhaiqkwzocyeeixy/SourcePackages/checkouts/nanopb
    builtin-copy -exclude .DS_Store -exclude CVS -exclude .svn -exclude .git -exclude .hg -resolve-src-symlinks /Users/khanghnguyen/Library/Developer/Xcode/DerivedData/Wishie-gavmeupfwiyxzhaiqkwzocyeeixy/SourcePackages/checkouts/nanopb/spm_resources/PrivacyInfo.xcprivacy /Users/khanghnguyen/Library/Developer/Xcode/DerivedData/Wishie-gavmeupfwiyxzhaiqkwzocyeeixy/Build/Products/Debug-iphoneos/nanopb_nanopb.bundle

ProcessInfoPlistFile /Users/khanghnguyen/Library/Developer/Xcode/DerivedData/Wishie-gavmeupfwiyxzhaiqkwzocyeeixy/Build/Products/Debug-iphoneos/leveldb_leveldb.bundle/Info.plist /Users/khanghnguyen/Library/Developer/Xcode/DerivedData/Wishie-gavmeupfwiyxzhaiqkwzocyeeixy/Build/Intermediates.noindex/leveldb.build/Debug-iphoneos/leveldb_leveldb.build/empty-leveldb_leveldb.plist (in target 'leveldb_leveldb' from project 'leveldb')
    cd /Users/khanghnguyen/Library/Developer/Xcode/DerivedData/Wishie-gavmeupfwiyxzhaiqkwzocyeeixy/SourcePackages/checkouts/leveldb
    builtin-infoPlistUtility /Users/khanghnguyen/Library/Developer/Xcode/DerivedData/Wishie-gavmeupfwiyxzhaiqkwzocyeeixy/Build/Intermediates.noindex/leveldb.build/Debug-iphoneos/leveldb_leveldb.build/empty-leveldb_leveldb.plist -producttype com.apple.product-type.bundle -expandbuildsettings -format binary -platform iphoneos -requiredArchitecture arm64 -o /Users/khanghnguyen/Library/Developer/Xcode/DerivedData/Wishie-gavmeupfwiyxzhaiqkwzocyeeixy/Build/Products/Debug-iphoneos/leveldb_leveldb.bundle/Info.plist

CpResource /Users/khanghnguyen/Library/Developer/Xcode/DerivedData/Wishie-gavmeupfwiyxzhaiqkwzocyeeixy/Build/Products/Debug-iphoneos/leveldb_leveldb.bundle/PrivacyInfo.xcprivacy /Users/khanghnguyen/Library/Developer/Xcode/DerivedData/Wishie-gavmeupfwiyxzhaiqkwzocyeeixy/SourcePackages/checkouts/leveldb/Resources/PrivacyInfo.xcprivacy (in target 'leveldb_leveldb' from project 'leveldb')
    cd /Users/khanghnguyen/Library/Developer/Xcode/DerivedData/Wishie-gavmeupfwiyxzhaiqkwzocyeeixy/SourcePackages/checkouts/leveldb
    builtin-copy -exclude .DS_Store -exclude CVS -exclude .svn -exclude .git -exclude .hg -resolve-src-symlinks /Users/khanghnguyen/Library/Developer/Xcode/DerivedData/Wishie-gavmeupfwiyxzhaiqkwzocyeeixy/SourcePackages/checkouts/leveldb/Resources/PrivacyInfo.xcprivacy /Users/khanghnguyen/Library/Developer/Xcode/DerivedData/Wishie-gavmeupfwiyxzhaiqkwzocyeeixy/Build/Products/Debug-iphoneos/leveldb_leveldb.bundle

ProcessInfoPlistFile /Users/khanghnguyen/Library/Developer/Xcode/DerivedData/Wishie-gavmeupfwiyxzhaiqkwzocyeeixy/Build/Products/Debug-iphoneos/gRPC_opensslWrapper.bundle/Info.plist /Users/khanghnguyen/Library/Developer/Xcode/DerivedData/Wishie-gavmeupfwiyxzhaiqkwzocyeeixy/Build/Intermediates.noindex/gRPC.build/Debug-iphoneos/gRPC_opensslWrapper.build/empty-gRPC_opensslWrapper.plist (in target 'gRPC_opensslWrapper' from project 'gRPC')
    cd /Users/khanghnguyen/Library/Developer/Xcode/DerivedData/Wishie-gavmeupfwiyxzhaiqkwzocyeeixy/SourcePackages/checkouts/grpc-binary
    builtin-infoPlistUtility /Users/khanghnguyen/Library/Developer/Xcode/DerivedData/Wishie-gavmeupfwiyxzhaiqkwzocyeeixy/Build/Intermediates.noindex/gRPC.build/Debug-iphoneos/gRPC_opensslWrapper.build/empty-gRPC_opensslWrapper.plist -producttype com.apple.product-type.bundle -expandbuildsettings -format binary -platform iphoneos -requiredArchitecture arm64 -o /Users/khanghnguyen/Library/Developer/Xcode/DerivedData/Wishie-gavmeupfwiyxzhaiqkwzocyeeixy/Build/Products/Debug-iphoneos/gRPC_opensslWrapper.bundle/Info.plist

CpResource /Users/khanghnguyen/Library/Developer/Xcode/DerivedData/Wishie-gavmeupfwiyxzhaiqkwzocyeeixy/Build/Products/Debug-iphoneos/gRPC_opensslWrapper.bundle/PrivacyInfo.xcprivacy /Users/khanghnguyen/Library/Developer/Xcode/DerivedData/Wishie-gavmeupfwiyxzhaiqkwzocyeeixy/SourcePackages/checkouts/grpc-binary/openssl-grpc-Wrapper/Resources/PrivacyInfo.xcprivacy (in target 'gRPC_opensslWrapper' from project 'gRPC')
    cd /Users/khanghnguyen/Library/Developer/Xcode/DerivedData/Wishie-gavmeupfwiyxzhaiqkwzocyeeixy/SourcePackages/checkouts/grpc-binary
    builtin-copy -exclude .DS_Store -exclude CVS -exclude .svn -exclude .git -exclude .hg -resolve-src-symlinks /Users/khanghnguyen/Library/Developer/Xcode/DerivedData/Wishie-gavmeupfwiyxzhaiqkwzocyeeixy/SourcePackages/checkouts/grpc-binary/openssl-grpc-Wrapper/Resources/PrivacyInfo.xcprivacy /Users/khanghnguyen/Library/Developer/Xcode/DerivedData/Wishie-gavmeupfwiyxzhaiqkwzocyeeixy/Build/Products/Debug-iphoneos/gRPC_opensslWrapper.bundle

ProcessInfoPlistFile /Users/khanghnguyen/Library/Developer/Xcode/DerivedData/Wishie-gavmeupfwiyxzhaiqkwzocyeeixy/Build/Products/Debug-iphoneos/gRPC_grpcppWrapper.bundle/Info.plist /Users/khanghnguyen/Library/Developer/Xcode/DerivedData/Wishie-gavmeupfwiyxzhaiqkwzocyeeixy/Build/Intermediates.noindex/gRPC.build/Debug-iphoneos/gRPC_grpcppWrapper.build/empty-gRPC_grpcppWrapper.plist (in target 'gRPC_grpcppWrapper' from project 'gRPC')
    cd /Users/khanghnguyen/Library/Developer/Xcode/DerivedData/Wishie-gavmeupfwiyxzhaiqkwzocyeeixy/SourcePackages/checkouts/grpc-binary
    builtin-infoPlistUtility /Users/khanghnguyen/Library/Developer/Xcode/DerivedData/Wishie-gavmeupfwiyxzhaiqkwzocyeeixy/Build/Intermediates.noindex/gRPC.build/Debug-iphoneos/gRPC_grpcppWrapper.build/empty-gRPC_grpcppWrapper.plist -producttype com.apple.product-type.bundle -expandbuildsettings -format binary -platform iphoneos -requiredArchitecture arm64 -o /Users/khanghnguyen/Library/Developer/Xcode/DerivedData/Wishie-gavmeupfwiyxzhaiqkwzocyeeixy/Build/Products/Debug-iphoneos/gRPC_grpcppWrapper.bundle/Info.plist

CpResource /Users/khanghnguyen/Library/Developer/Xcode/DerivedData/Wishie-gavmeupfwiyxzhaiqkwzocyeeixy/Build/Products/Debug-iphoneos/gRPC_grpcppWrapper.bundle/PrivacyInfo.xcprivacy /Users/khanghnguyen/Library/Developer/Xcode/DerivedData/Wishie-gavmeupfwiyxzhaiqkwzocyeeixy/SourcePackages/checkouts/grpc-binary/grpcpp-Wrapper/Resources/PrivacyInfo.xcprivacy (in target 'gRPC_grpcppWrapper' from project 'gRPC')
    cd /Users/khanghnguyen/Library/Developer/Xcode/DerivedData/Wishie-gavmeupfwiyxzhaiqkwzocyeeixy/SourcePackages/checkouts/grpc-binary
    builtin-copy -exclude .DS_Store -exclude CVS -exclude .svn -exclude .git -exclude .hg -resolve-src-symlinks /Users/khanghnguyen/Library/Developer/Xcode/DerivedData/Wishie-gavmeupfwiyxzhaiqkwzocyeeixy/SourcePackages/checkouts/grpc-binary/grpcpp-Wrapper/Resources/PrivacyInfo.xcprivacy /Users/khanghnguyen/Library/Developer/Xcode/DerivedData/Wishie-gavmeupfwiyxzhaiqkwzocyeeixy/Build/Products/Debug-iphoneos/gRPC_grpcppWrapper.bundle

ProcessInfoPlistFile /Users/khanghnguyen/Library/Developer/Xcode/DerivedData/Wishie-gavmeupfwiyxzhaiqkwzocyeeixy/Build/Products/Debug-iphoneos/gRPC_grpcWrapper.bundle/Info.plist /Users/khanghnguyen/Library/Developer/Xcode/DerivedData/Wishie-gavmeupfwiyxzhaiqkwzocyeeixy/Build/Intermediates.noindex/gRPC.build/Debug-iphoneos/gRPC_grpcWrapper.build/empty-gRPC_grpcWrapper.plist (in target 'gRPC_grpcWrapper' from project 'gRPC')
    cd /Users/khanghnguyen/Library/Developer/Xcode/DerivedData/Wishie-gavmeupfwiyxzhaiqkwzocyeeixy/SourcePackages/checkouts/grpc-binary
    builtin-infoPlistUtility /Users/khanghnguyen/Library/Developer/Xcode/DerivedData/Wishie-gavmeupfwiyxzhaiqkwzocyeeixy/Build/Intermediates.noindex/gRPC.build/Debug-iphoneos/gRPC_grpcWrapper.build/empty-gRPC_grpcWrapper.plist -producttype com.apple.product-type.bundle -expandbuildsettings -format binary -platform iphoneos -requiredArchitecture arm64 -o /Users/khanghnguyen/Library/Developer/Xcode/DerivedData/Wishie-gavmeupfwiyxzhaiqkwzocyeeixy/Build/Products/Debug-iphoneos/gRPC_grpcWrapper.bundle/Info.plist

CpResource /Users/khanghnguyen/Library/Developer/Xcode/DerivedData/Wishie-gavmeupfwiyxzhaiqkwzocyeeixy/Build/Products/Debug-iphoneos/gRPC_grpcWrapper.bundle/PrivacyInfo.xcprivacy /Users/khanghnguyen/Library/Developer/Xcode/DerivedData/Wishie-gavmeupfwiyxzhaiqkwzocyeeixy/SourcePackages/checkouts/grpc-binary/grpc-Wrapper/Resources/PrivacyInfo.xcprivacy (in target 'gRPC_grpcWrapper' from project 'gRPC')
    cd /Users/khanghnguyen/Library/Developer/Xcode/DerivedData/Wishie-gavmeupfwiyxzhaiqkwzocyeeixy/SourcePackages/checkouts/grpc-binary
    builtin-copy -exclude .DS_Store -exclude CVS -exclude .svn -exclude .git -exclude .hg -resolve-src-symlinks /Users/khanghnguyen/Library/Developer/Xcode/DerivedData/Wishie-gavmeupfwiyxzhaiqkwzocyeeixy/SourcePackages/checkouts/grpc-binary/grpc-Wrapper/Resources/PrivacyInfo.xcprivacy /Users/khanghnguyen/Library/Developer/Xcode/DerivedData/Wishie-gavmeupfwiyxzhaiqkwzocyeeixy/Build/Products/Debug-iphoneos/gRPC_grpcWrapper.bundle

ProcessInfoPlistFile /Users/khanghnguyen/Library/Developer/Xcode/DerivedData/Wishie-gavmeupfwiyxzhaiqkwzocyeeixy/Build/Products/Debug-iphoneos/abseil_abslWrapper.bundle/Info.plist /Users/khanghnguyen/Library/Developer/Xcode/DerivedData/Wishie-gavmeupfwiyxzhaiqkwzocyeeixy/Build/Intermediates.noindex/abseil.build/Debug-iphoneos/abseil_abslWrapper.build/empty-abseil_abslWrapper.plist (in target 'abseil_abslWrapper' from project 'abseil')
    cd /Users/khanghnguyen/Library/Developer/Xcode/DerivedData/Wishie-gavmeupfwiyxzhaiqkwzocyeeixy/SourcePackages/checkouts/abseil-cpp-binary
    builtin-infoPlistUtility /Users/khanghnguyen/Library/Developer/Xcode/DerivedData/Wishie-gavmeupfwiyxzhaiqkwzocyeeixy/Build/Intermediates.noindex/abseil.build/Debug-iphoneos/abseil_abslWrapper.build/empty-abseil_abslWrapper.plist -producttype com.apple.product-type.bundle -expandbuildsettings -format binary -platform iphoneos -requiredArchitecture arm64 -o /Users/khanghnguyen/Library/Developer/Xcode/DerivedData/Wishie-gavmeupfwiyxzhaiqkwzocyeeixy/Build/Products/Debug-iphoneos/abseil_abslWrapper.bundle/Info.plist

CpResource /Users/khanghnguyen/Library/Developer/Xcode/DerivedData/Wishie-gavmeupfwiyxzhaiqkwzocyeeixy/Build/Products/Debug-iphoneos/abseil_abslWrapper.bundle/PrivacyInfo.xcprivacy /Users/khanghnguyen/Library/Developer/Xcode/DerivedData/Wishie-gavmeupfwiyxzhaiqkwzocyeeixy/SourcePackages/checkouts/abseil-cpp-binary/absl-Wrapper/Resources/PrivacyInfo.xcprivacy (in target 'abseil_abslWrapper' from project 'abseil')
    cd /Users/khanghnguyen/Library/Developer/Xcode/DerivedData/Wishie-gavmeupfwiyxzhaiqkwzocyeeixy/SourcePackages/checkouts/abseil-cpp-binary
    builtin-copy -exclude .DS_Store -exclude CVS -exclude .svn -exclude .git -exclude .hg -resolve-src-symlinks /Users/khanghnguyen/Library/Developer/Xcode/DerivedData/Wishie-gavmeupfwiyxzhaiqkwzocyeeixy/SourcePackages/checkouts/abseil-cpp-binary/absl-Wrapper/Resources/PrivacyInfo.xcprivacy /Users/khanghnguyen/Library/Developer/Xcode/DerivedData/Wishie-gavmeupfwiyxzhaiqkwzocyeeixy/Build/Products/Debug-iphoneos/abseil_abslWrapper.bundle

ProcessInfoPlistFile /Users/khanghnguyen/Library/Developer/Xcode/DerivedData/Wishie-gavmeupfwiyxzhaiqkwzocyeeixy/Build/Products/Debug-iphoneos/SDWebImage_SDWebImage.bundle/Info.plist /Users/khanghnguyen/Library/Developer/Xcode/DerivedData/Wishie-gavmeupfwiyxzhaiqkwzocyeeixy/Build/Intermediates.noindex/SDWebImage.build/Debug-iphoneos/SDWebImage_SDWebImage.build/empty-SDWebImage_SDWebImage.plist (in target 'SDWebImage_SDWebImage' from project 'SDWebImage')
    cd /Users/khanghnguyen/Library/Developer/Xcode/DerivedData/Wishie-gavmeupfwiyxzhaiqkwzocyeeixy/SourcePackages/checkouts/SDWebImage
    builtin-infoPlistUtility /Users/khanghnguyen/Library/Developer/Xcode/DerivedData/Wishie-gavmeupfwiyxzhaiqkwzocyeeixy/Build/Intermediates.noindex/SDWebImage.build/Debug-iphoneos/SDWebImage_SDWebImage.build/empty-SDWebImage_SDWebImage.plist -producttype com.apple.product-type.bundle -expandbuildsettings -format binary -platform iphoneos -requiredArchitecture arm64 -o /Users/khanghnguyen/Library/Developer/Xcode/DerivedData/Wishie-gavmeupfwiyxzhaiqkwzocyeeixy/Build/Products/Debug-iphoneos/SDWebImage_SDWebImage.bundle/Info.plist

CpResource /Users/khanghnguyen/Library/Developer/Xcode/DerivedData/Wishie-gavmeupfwiyxzhaiqkwzocyeeixy/Build/Products/Debug-iphoneos/SDWebImage_SDWebImage.bundle/PrivacyInfo.xcprivacy /Users/khanghnguyen/Library/Developer/Xcode/DerivedData/Wishie-gavmeupfwiyxzhaiqkwzocyeeixy/SourcePackages/checkouts/SDWebImage/SDWebImage/Resources/PrivacyInfo.xcprivacy (in target 'SDWebImage_SDWebImage' from project 'SDWebImage')
    cd /Users/khanghnguyen/Library/Developer/Xcode/DerivedData/Wishie-gavmeupfwiyxzhaiqkwzocyeeixy/SourcePackages/checkouts/SDWebImage
    builtin-copy -exclude .DS_Store -exclude CVS -exclude .svn -exclude .git -exclude .hg -resolve-src-symlinks /Users/khanghnguyen/Library/Developer/Xcode/DerivedData/Wishie-gavmeupfwiyxzhaiqkwzocyeeixy/SourcePackages/checkouts/SDWebImage/SDWebImage/Resources/PrivacyInfo.xcprivacy /Users/khanghnguyen/Library/Developer/Xcode/DerivedData/Wishie-gavmeupfwiyxzhaiqkwzocyeeixy/Build/Products/Debug-iphoneos/SDWebImage_SDWebImage.bundle

ProcessInfoPlistFile /Users/khanghnguyen/Library/Developer/Xcode/DerivedData/Wishie-gavmeupfwiyxzhaiqkwzocyeeixy/Build/Products/Debug-iphoneos/SDWebImageSwiftUI_SDWebImageSwiftUI.bundle/Info.plist /Users/khanghnguyen/Library/Developer/Xcode/DerivedData/Wishie-gavmeupfwiyxzhaiqkwzocyeeixy/Build/Intermediates.noindex/SDWebImageSwiftUI.build/Debug-iphoneos/SDWebImageSwiftUI_SDWebImageSwiftUI.build/empty-SDWebImageSwiftUI_SDWebImageSwiftUI.plist (in target 'SDWebImageSwiftUI_SDWebImageSwiftUI' from project 'SDWebImageSwiftUI')
    cd /Users/khanghnguyen/Library/Developer/Xcode/DerivedData/Wishie-gavmeupfwiyxzhaiqkwzocyeeixy/SourcePackages/checkouts/SDWebImageSwiftUI
    builtin-infoPlistUtility /Users/khanghnguyen/Library/Developer/Xcode/DerivedData/Wishie-gavmeupfwiyxzhaiqkwzocyeeixy/Build/Intermediates.noindex/SDWebImageSwiftUI.build/Debug-iphoneos/SDWebImageSwiftUI_SDWebImageSwiftUI.build/empty-SDWebImageSwiftUI_SDWebImageSwiftUI.plist -producttype com.apple.product-type.bundle -expandbuildsettings -format binary -platform iphoneos -requiredArchitecture arm64 -o /Users/khanghnguyen/Library/Developer/Xcode/DerivedData/Wishie-gavmeupfwiyxzhaiqkwzocyeeixy/Build/Products/Debug-iphoneos/SDWebImageSwiftUI_SDWebImageSwiftUI.bundle/Info.plist

CpResource /Users/khanghnguyen/Library/Developer/Xcode/DerivedData/Wishie-gavmeupfwiyxzhaiqkwzocyeeixy/Build/Products/Debug-iphoneos/SDWebImageSwiftUI_SDWebImageSwiftUI.bundle/PrivacyInfo.xcprivacy /Users/khanghnguyen/Library/Developer/Xcode/DerivedData/Wishie-gavmeupfwiyxzhaiqkwzocyeeixy/SourcePackages/checkouts/SDWebImageSwiftUI/SDWebImageSwiftUI/Resources/PrivacyInfo.xcprivacy (in target 'SDWebImageSwiftUI_SDWebImageSwiftUI' from project 'SDWebImageSwiftUI')
    cd /Users/khanghnguyen/Library/Developer/Xcode/DerivedData/Wishie-gavmeupfwiyxzhaiqkwzocyeeixy/SourcePackages/checkouts/SDWebImageSwiftUI
    builtin-copy -exclude .DS_Store -exclude CVS -exclude .svn -exclude .git -exclude .hg -resolve-src-symlinks /Users/khanghnguyen/Library/Developer/Xcode/DerivedData/Wishie-gavmeupfwiyxzhaiqkwzocyeeixy/SourcePackages/checkouts/SDWebImageSwiftUI/SDWebImageSwiftUI/Resources/PrivacyInfo.xcprivacy /Users/khanghnguyen/Library/Developer/Xcode/DerivedData/Wishie-gavmeupfwiyxzhaiqkwzocyeeixy/Build/Products/Debug-iphoneos/SDWebImageSwiftUI_SDWebImageSwiftUI.bundle

ProcessInfoPlistFile /Users/khanghnguyen/Library/Developer/Xcode/DerivedData/Wishie-gavmeupfwiyxzhaiqkwzocyeeixy/Build/Products/Debug-iphoneos/GoogleUtilities_GoogleUtilities-Reachability.bundle/Info.plist /Users/khanghnguyen/Library/Developer/Xcode/DerivedData/Wishie-gavmeupfwiyxzhaiqkwzocyeeixy/Build/Intermediates.noindex/GoogleUtilities.build/Debug-iphoneos/GoogleUtilities_GoogleUtilities-Reachability.build/empty-GoogleUtilities_GoogleUtilities-Reachability.plist (in target 'GoogleUtilities_GoogleUtilities-Reachability' from project 'GoogleUtilities')
    cd /Users/khanghnguyen/Library/Developer/Xcode/DerivedData/Wishie-gavmeupfwiyxzhaiqkwzocyeeixy/SourcePackages/checkouts/GoogleUtilities
    builtin-infoPlistUtility /Users/khanghnguyen/Library/Developer/Xcode/DerivedData/Wishie-gavmeupfwiyxzhaiqkwzocyeeixy/Build/Intermediates.noindex/GoogleUtilities.build/Debug-iphoneos/GoogleUtilities_GoogleUtilities-Reachability.build/empty-GoogleUtilities_GoogleUtilities-Reachability.plist -producttype com.apple.product-type.bundle -expandbuildsettings -format binary -platform iphoneos -requiredArchitecture arm64 -o /Users/khanghnguyen/Library/Developer/Xcode/DerivedData/Wishie-gavmeupfwiyxzhaiqkwzocyeeixy/Build/Products/Debug-iphoneos/GoogleUtilities_GoogleUtilities-Reachability.bundle/Info.plist

CpResource /Users/khanghnguyen/Library/Developer/Xcode/DerivedData/Wishie-gavmeupfwiyxzhaiqkwzocyeeixy/Build/Products/Debug-iphoneos/GoogleUtilities_GoogleUtilities-Reachability.bundle/PrivacyInfo.xcprivacy /Users/khanghnguyen/Library/Developer/Xcode/DerivedData/Wishie-gavmeupfwiyxzhaiqkwzocyeeixy/SourcePackages/checkouts/GoogleUtilities/GoogleUtilities/Reachability/Resources/PrivacyInfo.xcprivacy (in target 'GoogleUtilities_GoogleUtilities-Reachability' from project 'GoogleUtilities')
    cd /Users/khanghnguyen/Library/Developer/Xcode/DerivedData/Wishie-gavmeupfwiyxzhaiqkwzocyeeixy/SourcePackages/checkouts/GoogleUtilities
    builtin-copy -exclude .DS_Store -exclude CVS -exclude .svn -exclude .git -exclude .hg -resolve-src-symlinks /Users/khanghnguyen/Library/Developer/Xcode/DerivedData/Wishie-gavmeupfwiyxzhaiqkwzocyeeixy/SourcePackages/checkouts/GoogleUtilities/GoogleUtilities/Reachability/Resources/PrivacyInfo.xcprivacy /Users/khanghnguyen/Library/Developer/Xcode/DerivedData/Wishie-gavmeupfwiyxzhaiqkwzocyeeixy/Build/Products/Debug-iphoneos/GoogleUtilities_GoogleUtilities-Reachability.bundle

ProcessInfoPlistFile /Users/khanghnguyen/Library/Developer/Xcode/DerivedData/Wishie-gavmeupfwiyxzhaiqkwzocyeeixy/Build/Products/Debug-iphoneos/GoogleUtilities_GoogleUtilities-Network.bundle/Info.plist /Users/khanghnguyen/Library/Developer/Xcode/DerivedData/Wishie-gavmeupfwiyxzhaiqkwzocyeeixy/Build/Intermediates.noindex/GoogleUtilities.build/Debug-iphoneos/GoogleUtilities_GoogleUtilities-Network.build/empty-GoogleUtilities_GoogleUtilities-Network.plist (in target 'GoogleUtilities_GoogleUtilities-Network' from project 'GoogleUtilities')
    cd /Users/khanghnguyen/Library/Developer/Xcode/DerivedData/Wishie-gavmeupfwiyxzhaiqkwzocyeeixy/SourcePackages/checkouts/GoogleUtilities
    builtin-infoPlistUtility /Users/khanghnguyen/Library/Developer/Xcode/DerivedData/Wishie-gavmeupfwiyxzhaiqkwzocyeeixy/Build/Intermediates.noindex/GoogleUtilities.build/Debug-iphoneos/GoogleUtilities_GoogleUtilities-Network.build/empty-GoogleUtilities_GoogleUtilities-Network.plist -producttype com.apple.product-type.bundle -expandbuildsettings -format binary -platform iphoneos -requiredArchitecture arm64 -o /Users/khanghnguyen/Library/Developer/Xcode/DerivedData/Wishie-gavmeupfwiyxzhaiqkwzocyeeixy/Build/Products/Debug-iphoneos/GoogleUtilities_GoogleUtilities-Network.bundle/Info.plist

CpResource /Users/khanghnguyen/Library/Developer/Xcode/DerivedData/Wishie-gavmeupfwiyxzhaiqkwzocyeeixy/Build/Products/Debug-iphoneos/GoogleUtilities_GoogleUtilities-Network.bundle/PrivacyInfo.xcprivacy /Users/khanghnguyen/Library/Developer/Xcode/DerivedData/Wishie-gavmeupfwiyxzhaiqkwzocyeeixy/SourcePackages/checkouts/GoogleUtilities/GoogleUtilities/Network/Resources/PrivacyInfo.xcprivacy (in target 'GoogleUtilities_GoogleUtilities-Network' from project 'GoogleUtilities')
    cd /Users/khanghnguyen/Library/Developer/Xcode/DerivedData/Wishie-gavmeupfwiyxzhaiqkwzocyeeixy/SourcePackages/checkouts/GoogleUtilities
    builtin-copy -exclude .DS_Store -exclude CVS -exclude .svn -exclude .git -exclude .hg -resolve-src-symlinks /Users/khanghnguyen/Library/Developer/Xcode/DerivedData/Wishie-gavmeupfwiyxzhaiqkwzocyeeixy/SourcePackages/checkouts/GoogleUtilities/GoogleUtilities/Network/Resources/PrivacyInfo.xcprivacy /Users/khanghnguyen/Library/Developer/Xcode/DerivedData/Wishie-gavmeupfwiyxzhaiqkwzocyeeixy/Build/Products/Debug-iphoneos/GoogleUtilities_GoogleUtilities-Network.bundle

ProcessInfoPlistFile /Users/khanghnguyen/Library/Developer/Xcode/DerivedData/Wishie-gavmeupfwiyxzhaiqkwzocyeeixy/Build/Products/Debug-iphoneos/GoogleUtilities_GoogleUtilities-NSData.bundle/Info.plist /Users/khanghnguyen/Library/Developer/Xcode/DerivedData/Wishie-gavmeupfwiyxzhaiqkwzocyeeixy/Build/Intermediates.noindex/GoogleUtilities.build/Debug-iphoneos/GoogleUtilities_GoogleUtilities-NSData.build/empty-GoogleUtilities_GoogleUtilities-NSData.plist (in target 'GoogleUtilities_GoogleUtilities-NSData' from project 'GoogleUtilities')
    cd /Users/khanghnguyen/Library/Developer/Xcode/DerivedData/Wishie-gavmeupfwiyxzhaiqkwzocyeeixy/SourcePackages/checkouts/GoogleUtilities
    builtin-infoPlistUtility /Users/khanghnguyen/Library/Developer/Xcode/DerivedData/Wishie-gavmeupfwiyxzhaiqkwzocyeeixy/Build/Intermediates.noindex/GoogleUtilities.build/Debug-iphoneos/GoogleUtilities_GoogleUtilities-NSData.build/empty-GoogleUtilities_GoogleUtilities-NSData.plist -producttype com.apple.product-type.bundle -expandbuildsettings -format binary -platform iphoneos -requiredArchitecture arm64 -o /Users/khanghnguyen/Library/Developer/Xcode/DerivedData/Wishie-gavmeupfwiyxzhaiqkwzocyeeixy/Build/Products/Debug-iphoneos/GoogleUtilities_GoogleUtilities-NSData.bundle/Info.plist

CpResource /Users/khanghnguyen/Library/Developer/Xcode/DerivedData/Wishie-gavmeupfwiyxzhaiqkwzocyeeixy/Build/Products/Debug-iphoneos/GoogleUtilities_GoogleUtilities-NSData.bundle/PrivacyInfo.xcprivacy /Users/khanghnguyen/Library/Developer/Xcode/DerivedData/Wishie-gavmeupfwiyxzhaiqkwzocyeeixy/SourcePackages/checkouts/GoogleUtilities/GoogleUtilities/NSData+zlib/Resources/PrivacyInfo.xcprivacy (in target 'GoogleUtilities_GoogleUtilities-NSData' from project 'GoogleUtilities')
    cd /Users/khanghnguyen/Library/Developer/Xcode/DerivedData/Wishie-gavmeupfwiyxzhaiqkwzocyeeixy/SourcePackages/checkouts/GoogleUtilities
    builtin-copy -exclude .DS_Store -exclude CVS -exclude .svn -exclude .git -exclude .hg -resolve-src-symlinks /Users/khanghnguyen/Library/Developer/Xcode/DerivedData/Wishie-gavmeupfwiyxzhaiqkwzocyeeixy/SourcePackages/checkouts/GoogleUtilities/GoogleUtilities/NSData+zlib/Resources/PrivacyInfo.xcprivacy /Users/khanghnguyen/Library/Developer/Xcode/DerivedData/Wishie-gavmeupfwiyxzhaiqkwzocyeeixy/Build/Products/Debug-iphoneos/GoogleUtilities_GoogleUtilities-NSData.bundle

ProcessInfoPlistFile /Users/khanghnguyen/Library/Developer/Xcode/DerivedData/Wishie-gavmeupfwiyxzhaiqkwzocyeeixy/Build/Products/Debug-iphoneos/GoogleUtilities_GoogleUtilities-Logger.bundle/Info.plist /Users/khanghnguyen/Library/Developer/Xcode/DerivedData/Wishie-gavmeupfwiyxzhaiqkwzocyeeixy/Build/Intermediates.noindex/GoogleUtilities.build/Debug-iphoneos/GoogleUtilities_GoogleUtilities-Logger.build/empty-GoogleUtilities_GoogleUtilities-Logger.plist (in target 'GoogleUtilities_GoogleUtilities-Logger' from project 'GoogleUtilities')
    cd /Users/khanghnguyen/Library/Developer/Xcode/DerivedData/Wishie-gavmeupfwiyxzhaiqkwzocyeeixy/SourcePackages/checkouts/GoogleUtilities
    builtin-infoPlistUtility /Users/khanghnguyen/Library/Developer/Xcode/DerivedData/Wishie-gavmeupfwiyxzhaiqkwzocyeeixy/Build/Intermediates.noindex/GoogleUtilities.build/Debug-iphoneos/GoogleUtilities_GoogleUtilities-Logger.build/empty-GoogleUtilities_GoogleUtilities-Logger.plist -producttype com.apple.product-type.bundle -expandbuildsettings -format binary -platform iphoneos -requiredArchitecture arm64 -o /Users/khanghnguyen/Library/Developer/Xcode/DerivedData/Wishie-gavmeupfwiyxzhaiqkwzocyeeixy/Build/Products/Debug-iphoneos/GoogleUtilities_GoogleUtilities-Logger.bundle/Info.plist

CpResource /Users/khanghnguyen/Library/Developer/Xcode/DerivedData/Wishie-gavmeupfwiyxzhaiqkwzocyeeixy/Build/Products/Debug-iphoneos/GoogleUtilities_GoogleUtilities-Logger.bundle/PrivacyInfo.xcprivacy /Users/khanghnguyen/Library/Developer/Xcode/DerivedData/Wishie-gavmeupfwiyxzhaiqkwzocyeeixy/SourcePackages/checkouts/GoogleUtilities/GoogleUtilities/Logger/Resources/PrivacyInfo.xcprivacy (in target 'GoogleUtilities_GoogleUtilities-Logger' from project 'GoogleUtilities')
    cd /Users/khanghnguyen/Library/Developer/Xcode/DerivedData/Wishie-gavmeupfwiyxzhaiqkwzocyeeixy/SourcePackages/checkouts/GoogleUtilities
    builtin-copy -exclude .DS_Store -exclude CVS -exclude .svn -exclude .git -exclude .hg -resolve-src-symlinks /Users/khanghnguyen/Library/Developer/Xcode/DerivedData/Wishie-gavmeupfwiyxzhaiqkwzocyeeixy/SourcePackages/checkouts/GoogleUtilities/GoogleUtilities/Logger/Resources/PrivacyInfo.xcprivacy /Users/khanghnguyen/Library/Developer/Xcode/DerivedData/Wishie-gavmeupfwiyxzhaiqkwzocyeeixy/Build/Products/Debug-iphoneos/GoogleUtilities_GoogleUtilities-Logger.bundle

ProcessInfoPlistFile /Users/khanghnguyen/Library/Developer/Xcode/DerivedData/Wishie-gavmeupfwiyxzhaiqkwzocyeeixy/Build/Products/Debug-iphoneos/GoogleUtilities_GoogleUtilities-Environment.bundle/Info.plist /Users/khanghnguyen/Library/Developer/Xcode/DerivedData/Wishie-gavmeupfwiyxzhaiqkwzocyeeixy/Build/Intermediates.noindex/GoogleUtilities.build/Debug-iphoneos/GoogleUtilities_GoogleUtilities-Environment.build/empty-GoogleUtilities_GoogleUtilities-Environment.plist (in target 'GoogleUtilities_GoogleUtilities-Environment' from project 'GoogleUtilities')
    cd /Users/khanghnguyen/Library/Developer/Xcode/DerivedData/Wishie-gavmeupfwiyxzhaiqkwzocyeeixy/SourcePackages/checkouts/GoogleUtilities
    builtin-infoPlistUtility /Users/khanghnguyen/Library/Developer/Xcode/DerivedData/Wishie-gavmeupfwiyxzhaiqkwzocyeeixy/Build/Intermediates.noindex/GoogleUtilities.build/Debug-iphoneos/GoogleUtilities_GoogleUtilities-Environment.build/empty-GoogleUtilities_GoogleUtilities-Environment.plist -producttype com.apple.product-type.bundle -expandbuildsettings -format binary -platform iphoneos -requiredArchitecture arm64 -o /Users/khanghnguyen/Library/Developer/Xcode/DerivedData/Wishie-gavmeupfwiyxzhaiqkwzocyeeixy/Build/Products/Debug-iphoneos/GoogleUtilities_GoogleUtilities-Environment.bundle/Info.plist

CpResource /Users/khanghnguyen/Library/Developer/Xcode/DerivedData/Wishie-gavmeupfwiyxzhaiqkwzocyeeixy/Build/Products/Debug-iphoneos/GoogleUtilities_GoogleUtilities-Environment.bundle/PrivacyInfo.xcprivacy /Users/khanghnguyen/Library/Developer/Xcode/DerivedData/Wishie-gavmeupfwiyxzhaiqkwzocyeeixy/SourcePackages/checkouts/GoogleUtilities/GoogleUtilities/Environment/Resources/PrivacyInfo.xcprivacy (in target 'GoogleUtilities_GoogleUtilities-Environment' from project 'GoogleUtilities')
    cd /Users/khanghnguyen/Library/Developer/Xcode/DerivedData/Wishie-gavmeupfwiyxzhaiqkwzocyeeixy/SourcePackages/checkouts/GoogleUtilities
    builtin-copy -exclude .DS_Store -exclude CVS -exclude .svn -exclude .git -exclude .hg -resolve-src-symlinks /Users/khanghnguyen/Library/Developer/Xcode/DerivedData/Wishie-gavmeupfwiyxzhaiqkwzocyeeixy/SourcePackages/checkouts/GoogleUtilities/GoogleUtilities/Environment/Resources/PrivacyInfo.xcprivacy /Users/khanghnguyen/Library/Developer/Xcode/DerivedData/Wishie-gavmeupfwiyxzhaiqkwzocyeeixy/Build/Products/Debug-iphoneos/GoogleUtilities_GoogleUtilities-Environment.bundle

ProcessInfoPlistFile /Users/khanghnguyen/Library/Developer/Xcode/DerivedData/Wishie-gavmeupfwiyxzhaiqkwzocyeeixy/Build/Products/Debug-iphoneos/GoogleUtilities_GoogleUtilities-AppDelegateSwizzler.bundle/Info.plist /Users/khanghnguyen/Library/Developer/Xcode/DerivedData/Wishie-gavmeupfwiyxzhaiqkwzocyeeixy/Build/Intermediates.noindex/GoogleUtilities.build/Debug-iphoneos/GoogleUtilities_GoogleUtilities-AppDelegateSwizzler.build/empty-GoogleUtilities_GoogleUtilities-AppDelegateSwizzler.plist (in target 'GoogleUtilities_GoogleUtilities-AppDelegateSwizzler' from project 'GoogleUtilities')
    cd /Users/khanghnguyen/Library/Developer/Xcode/DerivedData/Wishie-gavmeupfwiyxzhaiqkwzocyeeixy/SourcePackages/checkouts/GoogleUtilities
    builtin-infoPlistUtility /Users/khanghnguyen/Library/Developer/Xcode/DerivedData/Wishie-gavmeupfwiyxzhaiqkwzocyeeixy/Build/Intermediates.noindex/GoogleUtilities.build/Debug-iphoneos/GoogleUtilities_GoogleUtilities-AppDelegateSwizzler.build/empty-GoogleUtilities_GoogleUtilities-AppDelegateSwizzler.plist -producttype com.apple.product-type.bundle -expandbuildsettings -format binary -platform iphoneos -requiredArchitecture arm64 -o /Users/khanghnguyen/Library/Developer/Xcode/DerivedData/Wishie-gavmeupfwiyxzhaiqkwzocyeeixy/Build/Products/Debug-iphoneos/GoogleUtilities_GoogleUtilities-AppDelegateSwizzler.bundle/Info.plist

CpResource /Users/khanghnguyen/Library/Developer/Xcode/DerivedData/Wishie-gavmeupfwiyxzhaiqkwzocyeeixy/Build/Products/Debug-iphoneos/GoogleUtilities_GoogleUtilities-AppDelegateSwizzler.bundle/PrivacyInfo.xcprivacy /Users/khanghnguyen/Library/Developer/Xcode/DerivedData/Wishie-gavmeupfwiyxzhaiqkwzocyeeixy/SourcePackages/checkouts/GoogleUtilities/GoogleUtilities/AppDelegateSwizzler/Resources/PrivacyInfo.xcprivacy (in target 'GoogleUtilities_GoogleUtilities-AppDelegateSwizzler' from project 'GoogleUtilities')
    cd /Users/khanghnguyen/Library/Developer/Xcode/DerivedData/Wishie-gavmeupfwiyxzhaiqkwzocyeeixy/SourcePackages/checkouts/GoogleUtilities
    builtin-copy -exclude .DS_Store -exclude CVS -exclude .svn -exclude .git -exclude .hg -resolve-src-symlinks /Users/khanghnguyen/Library/Developer/Xcode/DerivedData/Wishie-gavmeupfwiyxzhaiqkwzocyeeixy/SourcePackages/checkouts/GoogleUtilities/GoogleUtilities/AppDelegateSwizzler/Resources/PrivacyInfo.xcprivacy /Users/khanghnguyen/Library/Developer/Xcode/DerivedData/Wishie-gavmeupfwiyxzhaiqkwzocyeeixy/Build/Products/Debug-iphoneos/GoogleUtilities_GoogleUtilities-AppDelegateSwizzler.bundle

ProcessInfoPlistFile /Users/khanghnguyen/Library/Developer/Xcode/DerivedData/Wishie-gavmeupfwiyxzhaiqkwzocyeeixy/Build/Products/Debug-iphoneos/GTMSessionFetcher_GTMSessionFetcherCore.bundle/Info.plist /Users/khanghnguyen/Library/Developer/Xcode/DerivedData/Wishie-gavmeupfwiyxzhaiqkwzocyeeixy/Build/Intermediates.noindex/GTMSessionFetcher.build/Debug-iphoneos/GTMSessionFetcher_GTMSessionFetcherCore.build/empty-GTMSessionFetcher_GTMSessionFetcherCore.plist (in target 'GTMSessionFetcher_GTMSessionFetcherCore' from project 'GTMSessionFetcher')
    cd /Users/khanghnguyen/Library/Developer/Xcode/DerivedData/Wishie-gavmeupfwiyxzhaiqkwzocyeeixy/SourcePackages/checkouts/gtm-session-fetcher
    builtin-infoPlistUtility /Users/khanghnguyen/Library/Developer/Xcode/DerivedData/Wishie-gavmeupfwiyxzhaiqkwzocyeeixy/Build/Intermediates.noindex/GTMSessionFetcher.build/Debug-iphoneos/GTMSessionFetcher_GTMSessionFetcherCore.build/empty-GTMSessionFetcher_GTMSessionFetcherCore.plist -producttype com.apple.product-type.bundle -expandbuildsettings -format binary -platform iphoneos -requiredArchitecture arm64 -o /Users/khanghnguyen/Library/Developer/Xcode/DerivedData/Wishie-gavmeupfwiyxzhaiqkwzocyeeixy/Build/Products/Debug-iphoneos/GTMSessionFetcher_GTMSessionFetcherCore.bundle/Info.plist

CpResource /Users/khanghnguyen/Library/Developer/Xcode/DerivedData/Wishie-gavmeupfwiyxzhaiqkwzocyeeixy/Build/Products/Debug-iphoneos/GTMSessionFetcher_GTMSessionFetcherCore.bundle/PrivacyInfo.xcprivacy /Users/khanghnguyen/Library/Developer/Xcode/DerivedData/Wishie-gavmeupfwiyxzhaiqkwzocyeeixy/SourcePackages/checkouts/gtm-session-fetcher/Sources/Core/Resources/PrivacyInfo.xcprivacy (in target 'GTMSessionFetcher_GTMSessionFetcherCore' from project 'GTMSessionFetcher')
    cd /Users/khanghnguyen/Library/Developer/Xcode/DerivedData/Wishie-gavmeupfwiyxzhaiqkwzocyeeixy/SourcePackages/checkouts/gtm-session-fetcher
    builtin-copy -exclude .DS_Store -exclude CVS -exclude .svn -exclude .git -exclude .hg -resolve-src-symlinks /Users/khanghnguyen/Library/Developer/Xcode/DerivedData/Wishie-gavmeupfwiyxzhaiqkwzocyeeixy/SourcePackages/checkouts/gtm-session-fetcher/Sources/Core/Resources/PrivacyInfo.xcprivacy /Users/khanghnguyen/Library/Developer/Xcode/DerivedData/Wishie-gavmeupfwiyxzhaiqkwzocyeeixy/Build/Products/Debug-iphoneos/GTMSessionFetcher_GTMSessionFetcherCore.bundle

ProcessInfoPlistFile /Users/khanghnguyen/Library/Developer/Xcode/DerivedData/Wishie-gavmeupfwiyxzhaiqkwzocyeeixy/Build/Products/Debug-iphoneos/Firebase_FirebaseFirestore.bundle/Info.plist /Users/khanghnguyen/Library/Developer/Xcode/DerivedData/Wishie-gavmeupfwiyxzhaiqkwzocyeeixy/Build/Intermediates.noindex/Firebase.build/Debug-iphoneos/Firebase_FirebaseFirestore.build/empty-Firebase_FirebaseFirestore.plist (in target 'Firebase_FirebaseFirestore' from project 'Firebase')
    cd /Users/khanghnguyen/Library/Developer/Xcode/DerivedData/Wishie-gavmeupfwiyxzhaiqkwzocyeeixy/SourcePackages/checkouts/firebase-ios-sdk
    builtin-infoPlistUtility /Users/khanghnguyen/Library/Developer/Xcode/DerivedData/Wishie-gavmeupfwiyxzhaiqkwzocyeeixy/Build/Intermediates.noindex/Firebase.build/Debug-iphoneos/Firebase_FirebaseFirestore.build/empty-Firebase_FirebaseFirestore.plist -producttype com.apple.product-type.bundle -expandbuildsettings -format binary -platform iphoneos -requiredArchitecture arm64 -o /Users/khanghnguyen/Library/Developer/Xcode/DerivedData/Wishie-gavmeupfwiyxzhaiqkwzocyeeixy/Build/Products/Debug-iphoneos/Firebase_FirebaseFirestore.bundle/Info.plist

CpResource /Users/khanghnguyen/Library/Developer/Xcode/DerivedData/Wishie-gavmeupfwiyxzhaiqkwzocyeeixy/Build/Products/Debug-iphoneos/Firebase_FirebaseFirestore.bundle/PrivacyInfo.xcprivacy /Users/khanghnguyen/Library/Developer/Xcode/DerivedData/Wishie-gavmeupfwiyxzhaiqkwzocyeeixy/SourcePackages/checkouts/firebase-ios-sdk/Firestore/Swift/Source/Resources/PrivacyInfo.xcprivacy (in target 'Firebase_FirebaseFirestore' from project 'Firebase')
    cd /Users/khanghnguyen/Library/Developer/Xcode/DerivedData/Wishie-gavmeupfwiyxzhaiqkwzocyeeixy/SourcePackages/checkouts/firebase-ios-sdk
    builtin-copy -exclude .DS_Store -exclude CVS -exclude .svn -exclude .git -exclude .hg -resolve-src-symlinks /Users/khanghnguyen/Library/Developer/Xcode/DerivedData/Wishie-gavmeupfwiyxzhaiqkwzocyeeixy/SourcePackages/checkouts/firebase-ios-sdk/Firestore/Swift/Source/Resources/PrivacyInfo.xcprivacy /Users/khanghnguyen/Library/Developer/Xcode/DerivedData/Wishie-gavmeupfwiyxzhaiqkwzocyeeixy/Build/Products/Debug-iphoneos/Firebase_FirebaseFirestore.bundle

ProcessInfoPlistFile /Users/khanghnguyen/Library/Developer/Xcode/DerivedData/Wishie-gavmeupfwiyxzhaiqkwzocyeeixy/Build/Products/Debug-iphoneos/Firebase_FirebaseCoreInternal.bundle/Info.plist /Users/khanghnguyen/Library/Developer/Xcode/DerivedData/Wishie-gavmeupfwiyxzhaiqkwzocyeeixy/Build/Intermediates.noindex/Firebase.build/Debug-iphoneos/Firebase_FirebaseCoreInternal.build/empty-Firebase_FirebaseCoreInternal.plist (in target 'Firebase_FirebaseCoreInternal' from project 'Firebase')
    cd /Users/khanghnguyen/Library/Developer/Xcode/DerivedData/Wishie-gavmeupfwiyxzhaiqkwzocyeeixy/SourcePackages/checkouts/firebase-ios-sdk
    builtin-infoPlistUtility /Users/khanghnguyen/Library/Developer/Xcode/DerivedData/Wishie-gavmeupfwiyxzhaiqkwzocyeeixy/Build/Intermediates.noindex/Firebase.build/Debug-iphoneos/Firebase_FirebaseCoreInternal.build/empty-Firebase_FirebaseCoreInternal.plist -producttype com.apple.product-type.bundle -expandbuildsettings -format binary -platform iphoneos -requiredArchitecture arm64 -o /Users/khanghnguyen/Library/Developer/Xcode/DerivedData/Wishie-gavmeupfwiyxzhaiqkwzocyeeixy/Build/Products/Debug-iphoneos/Firebase_FirebaseCoreInternal.bundle/Info.plist

CpResource /Users/khanghnguyen/Library/Developer/Xcode/DerivedData/Wishie-gavmeupfwiyxzhaiqkwzocyeeixy/Build/Products/Debug-iphoneos/Firebase_FirebaseCoreInternal.bundle/PrivacyInfo.xcprivacy /Users/khanghnguyen/Library/Developer/Xcode/DerivedData/Wishie-gavmeupfwiyxzhaiqkwzocyeeixy/SourcePackages/checkouts/firebase-ios-sdk/FirebaseCore/Internal/Sources/Resources/PrivacyInfo.xcprivacy (in target 'Firebase_FirebaseCoreInternal' from project 'Firebase')
    cd /Users/khanghnguyen/Library/Developer/Xcode/DerivedData/Wishie-gavmeupfwiyxzhaiqkwzocyeeixy/SourcePackages/checkouts/firebase-ios-sdk
    builtin-copy -exclude .DS_Store -exclude CVS -exclude .svn -exclude .git -exclude .hg -resolve-src-symlinks /Users/khanghnguyen/Library/Developer/Xcode/DerivedData/Wishie-gavmeupfwiyxzhaiqkwzocyeeixy/SourcePackages/checkouts/firebase-ios-sdk/FirebaseCore/Internal/Sources/Resources/PrivacyInfo.xcprivacy /Users/khanghnguyen/Library/Developer/Xcode/DerivedData/Wishie-gavmeupfwiyxzhaiqkwzocyeeixy/Build/Products/Debug-iphoneos/Firebase_FirebaseCoreInternal.bundle

ProcessInfoPlistFile /Users/khanghnguyen/Library/Developer/Xcode/DerivedData/Wishie-gavmeupfwiyxzhaiqkwzocyeeixy/Build/Products/Debug-iphoneos/Firebase_FirebaseCoreExtension.bundle/Info.plist /Users/khanghnguyen/Library/Developer/Xcode/DerivedData/Wishie-gavmeupfwiyxzhaiqkwzocyeeixy/Build/Intermediates.noindex/Firebase.build/Debug-iphoneos/Firebase_FirebaseCoreExtension.build/empty-Firebase_FirebaseCoreExtension.plist (in target 'Firebase_FirebaseCoreExtension' from project 'Firebase')
    cd /Users/khanghnguyen/Library/Developer/Xcode/DerivedData/Wishie-gavmeupfwiyxzhaiqkwzocyeeixy/SourcePackages/checkouts/firebase-ios-sdk
    builtin-infoPlistUtility /Users/khanghnguyen/Library/Developer/Xcode/DerivedData/Wishie-gavmeupfwiyxzhaiqkwzocyeeixy/Build/Intermediates.noindex/Firebase.build/Debug-iphoneos/Firebase_FirebaseCoreExtension.build/empty-Firebase_FirebaseCoreExtension.plist -producttype com.apple.product-type.bundle -expandbuildsettings -format binary -platform iphoneos -requiredArchitecture arm64 -o /Users/khanghnguyen/Library/Developer/Xcode/DerivedData/Wishie-gavmeupfwiyxzhaiqkwzocyeeixy/Build/Products/Debug-iphoneos/Firebase_FirebaseCoreExtension.bundle/Info.plist

CpResource /Users/khanghnguyen/Library/Developer/Xcode/DerivedData/Wishie-gavmeupfwiyxzhaiqkwzocyeeixy/Build/Products/Debug-iphoneos/Firebase_FirebaseCoreExtension.bundle/PrivacyInfo.xcprivacy /Users/khanghnguyen/Library/Developer/Xcode/DerivedData/Wishie-gavmeupfwiyxzhaiqkwzocyeeixy/SourcePackages/checkouts/firebase-ios-sdk/FirebaseCore/Extension/Resources/PrivacyInfo.xcprivacy (in target 'Firebase_FirebaseCoreExtension' from project 'Firebase')
    cd /Users/khanghnguyen/Library/Developer/Xcode/DerivedData/Wishie-gavmeupfwiyxzhaiqkwzocyeeixy/SourcePackages/checkouts/firebase-ios-sdk
    builtin-copy -exclude .DS_Store -exclude CVS -exclude .svn -exclude .git -exclude .hg -resolve-src-symlinks /Users/khanghnguyen/Library/Developer/Xcode/DerivedData/Wishie-gavmeupfwiyxzhaiqkwzocyeeixy/SourcePackages/checkouts/firebase-ios-sdk/FirebaseCore/Extension/Resources/PrivacyInfo.xcprivacy /Users/khanghnguyen/Library/Developer/Xcode/DerivedData/Wishie-gavmeupfwiyxzhaiqkwzocyeeixy/Build/Products/Debug-iphoneos/Firebase_FirebaseCoreExtension.bundle

ProcessInfoPlistFile /Users/khanghnguyen/Library/Developer/Xcode/DerivedData/Wishie-gavmeupfwiyxzhaiqkwzocyeeixy/Build/Products/Debug-iphoneos/Firebase_FirebaseCore.bundle/Info.plist /Users/khanghnguyen/Library/Developer/Xcode/DerivedData/Wishie-gavmeupfwiyxzhaiqkwzocyeeixy/Build/Intermediates.noindex/Firebase.build/Debug-iphoneos/Firebase_FirebaseCore.build/empty-Firebase_FirebaseCore.plist (in target 'Firebase_FirebaseCore' from project 'Firebase')
    cd /Users/khanghnguyen/Library/Developer/Xcode/DerivedData/Wishie-gavmeupfwiyxzhaiqkwzocyeeixy/SourcePackages/checkouts/firebase-ios-sdk
    builtin-infoPlistUtility /Users/khanghnguyen/Library/Developer/Xcode/DerivedData/Wishie-gavmeupfwiyxzhaiqkwzocyeeixy/Build/Intermediates.noindex/Firebase.build/Debug-iphoneos/Firebase_FirebaseCore.build/empty-Firebase_FirebaseCore.plist -producttype com.apple.product-type.bundle -expandbuildsettings -format binary -platform iphoneos -requiredArchitecture arm64 -o /Users/khanghnguyen/Library/Developer/Xcode/DerivedData/Wishie-gavmeupfwiyxzhaiqkwzocyeeixy/Build/Products/Debug-iphoneos/Firebase_FirebaseCore.bundle/Info.plist

CpResource /Users/khanghnguyen/Library/Developer/Xcode/DerivedData/Wishie-gavmeupfwiyxzhaiqkwzocyeeixy/Build/Products/Debug-iphoneos/Firebase_FirebaseCore.bundle/PrivacyInfo.xcprivacy /Users/khanghnguyen/Library/Developer/Xcode/DerivedData/Wishie-gavmeupfwiyxzhaiqkwzocyeeixy/SourcePackages/checkouts/firebase-ios-sdk/FirebaseCore/Sources/Resources/PrivacyInfo.xcprivacy (in target 'Firebase_FirebaseCore' from project 'Firebase')
    cd /Users/khanghnguyen/Library/Developer/Xcode/DerivedData/Wishie-gavmeupfwiyxzhaiqkwzocyeeixy/SourcePackages/checkouts/firebase-ios-sdk
    builtin-copy -exclude .DS_Store -exclude CVS -exclude .svn -exclude .git -exclude .hg -resolve-src-symlinks /Users/khanghnguyen/Library/Developer/Xcode/DerivedData/Wishie-gavmeupfwiyxzhaiqkwzocyeeixy/SourcePackages/checkouts/firebase-ios-sdk/FirebaseCore/Sources/Resources/PrivacyInfo.xcprivacy /Users/khanghnguyen/Library/Developer/Xcode/DerivedData/Wishie-gavmeupfwiyxzhaiqkwzocyeeixy/Build/Products/Debug-iphoneos/Firebase_FirebaseCore.bundle

ProcessInfoPlistFile /Users/khanghnguyen/Library/Developer/Xcode/DerivedData/Wishie-gavmeupfwiyxzhaiqkwzocyeeixy/Build/Products/Debug-iphoneos/Firebase_FirebaseAuth.bundle/Info.plist /Users/khanghnguyen/Library/Developer/Xcode/DerivedData/Wishie-gavmeupfwiyxzhaiqkwzocyeeixy/Build/Intermediates.noindex/Firebase.build/Debug-iphoneos/Firebase_FirebaseAuth.build/empty-Firebase_FirebaseAuth.plist (in target 'Firebase_FirebaseAuth' from project 'Firebase')
    cd /Users/khanghnguyen/Library/Developer/Xcode/DerivedData/Wishie-gavmeupfwiyxzhaiqkwzocyeeixy/SourcePackages/checkouts/firebase-ios-sdk
    builtin-infoPlistUtility /Users/khanghnguyen/Library/Developer/Xcode/DerivedData/Wishie-gavmeupfwiyxzhaiqkwzocyeeixy/Build/Intermediates.noindex/Firebase.build/Debug-iphoneos/Firebase_FirebaseAuth.build/empty-Firebase_FirebaseAuth.plist -producttype com.apple.product-type.bundle -expandbuildsettings -format binary -platform iphoneos -requiredArchitecture arm64 -o /Users/khanghnguyen/Library/Developer/Xcode/DerivedData/Wishie-gavmeupfwiyxzhaiqkwzocyeeixy/Build/Products/Debug-iphoneos/Firebase_FirebaseAuth.bundle/Info.plist

CpResource /Users/khanghnguyen/Library/Developer/Xcode/DerivedData/Wishie-gavmeupfwiyxzhaiqkwzocyeeixy/Build/Products/Debug-iphoneos/Firebase_FirebaseAuth.bundle/PrivacyInfo.xcprivacy /Users/khanghnguyen/Library/Developer/Xcode/DerivedData/Wishie-gavmeupfwiyxzhaiqkwzocyeeixy/SourcePackages/checkouts/firebase-ios-sdk/FirebaseAuth/Sources/Resources/PrivacyInfo.xcprivacy (in target 'Firebase_FirebaseAuth' from project 'Firebase')
    cd /Users/khanghnguyen/Library/Developer/Xcode/DerivedData/Wishie-gavmeupfwiyxzhaiqkwzocyeeixy/SourcePackages/checkouts/firebase-ios-sdk
    builtin-copy -exclude .DS_Store -exclude CVS -exclude .svn -exclude .git -exclude .hg -resolve-src-symlinks /Users/khanghnguyen/Library/Developer/Xcode/DerivedData/Wishie-gavmeupfwiyxzhaiqkwzocyeeixy/SourcePackages/checkouts/firebase-ios-sdk/FirebaseAuth/Sources/Resources/PrivacyInfo.xcprivacy /Users/khanghnguyen/Library/Developer/Xcode/DerivedData/Wishie-gavmeupfwiyxzhaiqkwzocyeeixy/Build/Products/Debug-iphoneos/Firebase_FirebaseAuth.bundle

ProcessXCFramework /Users/khanghnguyen/Library/Developer/Xcode/DerivedData/Wishie-gavmeupfwiyxzhaiqkwzocyeeixy/SourcePackages/checkouts/dotlottie-ios/Sources/DotLottieCore/DotLottiePlayer.xcframework /Users/khanghnguyen/Library/Developer/Xcode/DerivedData/Wishie-gavmeupfwiyxzhaiqkwzocyeeixy/Build/Products/Debug-iphoneos/DotLottiePlayer.framework ios
    cd /Users/khanghnguyen/Downloads/Wishie/Wishie.xcodeproj
    builtin-process-xcframework --xcframework /Users/khanghnguyen/Library/Developer/Xcode/DerivedData/Wishie-gavmeupfwiyxzhaiqkwzocyeeixy/SourcePackages/checkouts/dotlottie-ios/Sources/DotLottieCore/DotLottiePlayer.xcframework --platform ios --target-path /Users/khanghnguyen/Library/Developer/Xcode/DerivedData/Wishie-gavmeupfwiyxzhaiqkwzocyeeixy/Build/Products/Debug-iphoneos
/Users/khanghnguyen/Library/Developer/Xcode/DerivedData/Wishie-gavmeupfwiyxzhaiqkwzocyeeixy/SourcePackages/checkouts/dotlottie-ios/Sources/DotLottieCore/DotLottiePlayer.xcframework:1:1: note: The identity of “DotLottiePlayer.xcframework” is not recorded in your project.

CompileC /Users/khanghnguyen/Library/Developer/Xcode/DerivedData/Wishie-gavmeupfwiyxzhaiqkwzocyeeixy/Build/Intermediates.noindex/Firebase.build/Debug-iphoneos/Firebase.build/Objects-normal/arm64/dummy.o /Users/khanghnguyen/Library/Developer/Xcode/DerivedData/Wishie-gavmeupfwiyxzhaiqkwzocyeeixy/SourcePackages/checkouts/firebase-ios-sdk/CoreOnly/Sources/dummy.m normal arm64 objective-c com.apple.compilers.llvm.clang.1_0.compiler (in target 'Firebase' from project 'Firebase')
    cd /Users/khanghnguyen/Downloads/Wishie/Wishie.xcodeproj
    
    Using response file: /Users/khanghnguyen/Library/Developer/Xcode/DerivedData/Wishie-gavmeupfwiyxzhaiqkwzocyeeixy/Build/Intermediates.noindex/Firebase.build/Debug-iphoneos/Firebase.build/Objects-normal/arm64/e6072d4f65d7061329687fe24e3d63a7-common-args.resp
    
    /Applications/Xcode.app/Contents/Developer/Toolchains/XcodeDefault.xctoolchain/usr/bin/clang -x objective-c -ivfsstatcache /Users/khanghnguyen/Library/Developer/Xcode/DerivedData/SDKStatCaches.noindex/iphoneos26.2-23C57-3794476bd08197c3e2abd9bb477ef7f7.sdkstatcache -fmessage-length\=0 -fdiagnostics-show-note-include-stack -fmacro-backtrace-limit\=0 -fno-color-diagnostics -fmodules-prune-interval\=86400 -fmodules-prune-after\=345600 -fbuild-session-file\=/Users/khanghnguyen/Library/Developer/Xcode/DerivedData/ModuleCache.noindex/Session.modulevalidation -fmodules-validate-once-per-build-session -Wnon-modular-include-in-framework-module -Werror\=non-modular-include-in-framework-module -Wno-trigraphs -Wno-missing-field-initializers -Wno-missing-prototypes -Wno-return-type -Wno-implicit-atomic-properties -Wno-objc-interface-ivars -Wno-arc-repeated-use-of-weak -Wno-missing-braces -Wparentheses -Wswitch -Wno-unused-function -Wno-unused-label -Wno-unused-parameter -Wno-unused-variable -Wunused-value -Wno-empty-body -Wno-uninitialized -Wno-unknown-pragmas -w -Wno-shadow -Wno-four-char-constants -Wno-conversion -Wno-constant-conversion -Wno-int-conversion -Wno-bool-conversion -Wno-enum-conversion -Wno-float-conversion -Wno-non-literal-null-conversion -Wno-objc-literal-conversion -Wshorten-64-to-32 -Wpointer-sign -Wno-newline-eof -Wno-selector -Wno-strict-selector-match -Wno-undeclared-selector -Wno-deprecated-implementations -Wno-implicit-fallthrough -fstrict-aliasing -Wprotocol -Wdeprecated-declarations -Wno-sign-conversion -Wno-infinite-recursion -Wno-comma -Wno-block-capture-autoreleasing -Wno-strict-prototypes -Wno-semicolon-before-method-body -index-store-path /Users/khanghnguyen/Library/Developer/Xcode/DerivedData/Wishie-gavmeupfwiyxzhaiqkwzocyeeixy/Index.noindex/DataStore @/Users/khanghnguyen/Library/Developer/Xcode/DerivedData/Wishie-gavmeupfwiyxzhaiqkwzocyeeixy/Build/Intermediates.noindex/Firebase.build/Debug-iphoneos/Firebase.build/Objects-normal/arm64/e6072d4f65d7061329687fe24e3d63a7-common-args.resp -MMD -MT dependencies -MF /Users/khanghnguyen/Library/Developer/Xcode/DerivedData/Wishie-gavmeupfwiyxzhaiqkwzocyeeixy/Build/Intermediates.noindex/Firebase.build/Debug-iphoneos/Firebase.build/Objects-normal/arm64/dummy.d --serialize-diagnostics /Users/khanghnguyen/Library/Developer/Xcode/DerivedData/Wishie-gavmeupfwiyxzhaiqkwzocyeeixy/Build/Intermediates.noindex/Firebase.build/Debug-iphoneos/Firebase.build/Objects-normal/arm64/dummy.dia -c /Users/khanghnguyen/Library/Developer/Xcode/DerivedData/Wishie-gavmeupfwiyxzhaiqkwzocyeeixy/SourcePackages/checkouts/firebase-ios-sdk/CoreOnly/Sources/dummy.m -o /Users/khanghnguyen/Library/Developer/Xcode/DerivedData/Wishie-gavmeupfwiyxzhaiqkwzocyeeixy/Build/Intermediates.noindex/Firebase.build/Debug-iphoneos/Firebase.build/Objects-normal/arm64/dummy.o -index-unit-output-path /Firebase.build/Debug-iphoneos/Firebase.build/Objects-normal/arm64/dummy.o

CompileC /Users/khanghnguyen/Library/Developer/Xcode/DerivedData/Wishie-gavmeupfwiyxzhaiqkwzocyeeixy/Build/Intermediates.noindex/Firebase.build/Debug-iphoneos/FirebaseAuthInterop.build/Objects-normal/arm64/dummy.o /Users/khanghnguyen/Library/Developer/Xcode/DerivedData/Wishie-gavmeupfwiyxzhaiqkwzocyeeixy/SourcePackages/checkouts/firebase-ios-sdk/FirebaseAuth/Interop/dummy.m normal arm64 objective-c com.apple.compilers.llvm.clang.1_0.compiler (in target 'FirebaseAuthInterop' from project 'Firebase')
    cd /Users/khanghnguyen/Downloads/Wishie/Wishie.xcodeproj
    
    Using response file: /Users/khanghnguyen/Library/Developer/Xcode/DerivedData/Wishie-gavmeupfwiyxzhaiqkwzocyeeixy/Build/Intermediates.noindex/Firebase.build/Debug-iphoneos/FirebaseAuthInterop.build/Objects-normal/arm64/e6072d4f65d7061329687fe24e3d63a7-common-args.resp
    
    /Applications/Xcode.app/Contents/Developer/Toolchains/XcodeDefault.xctoolchain/usr/bin/clang -x objective-c -ivfsstatcache /Users/khanghnguyen/Library/Developer/Xcode/DerivedData/SDKStatCaches.noindex/iphoneos26.2-23C57-3794476bd08197c3e2abd9bb477ef7f7.sdkstatcache -fmessage-length\=0 -fdiagnostics-show-note-include-stack -fmacro-backtrace-limit\=0 -fno-color-diagnostics -fmodules-prune-interval\=86400 -fmodules-prune-after\=345600 -fbuild-session-file\=/Users/khanghnguyen/Library/Developer/Xcode/DerivedData/ModuleCache.noindex/Session.modulevalidation -fmodules-validate-once-per-build-session -Wnon-modular-include-in-framework-module -Werror\=non-modular-include-in-framework-module -Wno-trigraphs -Wno-missing-field-initializers -Wno-missing-prototypes -Wno-return-type -Wno-implicit-atomic-properties -Wno-objc-interface-ivars -Wno-arc-repeated-use-of-weak -Wno-missing-braces -Wparentheses -Wswitch -Wno-unused-function -Wno-unused-label -Wno-unused-parameter -Wno-unused-variable -Wunused-value -Wno-empty-body -Wno-uninitialized -Wno-unknown-pragmas -w -Wno-shadow -Wno-four-char-constants -Wno-conversion -Wno-constant-conversion -Wno-int-conversion -Wno-bool-conversion -Wno-enum-conversion -Wno-float-conversion -Wno-non-literal-null-conversion -Wno-objc-literal-conversion -Wshorten-64-to-32 -Wpointer-sign -Wno-newline-eof -Wno-selector -Wno-strict-selector-match -Wno-undeclared-selector -Wno-deprecated-implementations -Wno-implicit-fallthrough -fstrict-aliasing -Wprotocol -Wdeprecated-declarations -Wno-sign-conversion -Wno-infinite-recursion -Wno-comma -Wno-block-capture-autoreleasing -Wno-strict-prototypes -Wno-semicolon-before-method-body -index-store-path /Users/khanghnguyen/Library/Developer/Xcode/DerivedData/Wishie-gavmeupfwiyxzhaiqkwzocyeeixy/Index.noindex/DataStore @/Users/khanghnguyen/Library/Developer/Xcode/DerivedData/Wishie-gavmeupfwiyxzhaiqkwzocyeeixy/Build/Intermediates.noindex/Firebase.build/Debug-iphoneos/FirebaseAuthInterop.build/Objects-normal/arm64/e6072d4f65d7061329687fe24e3d63a7-common-args.resp -MMD -MT dependencies -MF /Users/khanghnguyen/Library/Developer/Xcode/DerivedData/Wishie-gavmeupfwiyxzhaiqkwzocyeeixy/Build/Intermediates.noindex/Firebase.build/Debug-iphoneos/FirebaseAuthInterop.build/Objects-normal/arm64/dummy.d --serialize-diagnostics /Users/khanghnguyen/Library/Developer/Xcode/DerivedData/Wishie-gavmeupfwiyxzhaiqkwzocyeeixy/Build/Intermediates.noindex/Firebase.build/Debug-iphoneos/FirebaseAuthInterop.build/Objects-normal/arm64/dummy.dia -c /Users/khanghnguyen/Library/Developer/Xcode/DerivedData/Wishie-gavmeupfwiyxzhaiqkwzocyeeixy/SourcePackages/checkouts/firebase-ios-sdk/FirebaseAuth/Interop/dummy.m -o /Users/khanghnguyen/Library/Developer/Xcode/DerivedData/Wishie-gavmeupfwiyxzhaiqkwzocyeeixy/Build/Intermediates.noindex/Firebase.build/Debug-iphoneos/FirebaseAuthInterop.build/Objects-normal/arm64/dummy.o -index-unit-output-path /Firebase.build/Debug-iphoneos/FirebaseAuthInterop.build/Objects-normal/arm64/dummy.o

CompileC /Users/khanghnguyen/Library/Developer/Xcode/DerivedData/Wishie-gavmeupfwiyxzhaiqkwzocyeeixy/Build/Intermediates.noindex/InteropForGoogle.build/Debug-iphoneos/RecaptchaInterop.build/Objects-normal/arm64/placeholder.o /Users/khanghnguyen/Library/Developer/Xcode/DerivedData/Wishie-gavmeupfwiyxzhaiqkwzocyeeixy/SourcePackages/checkouts/interop-ios-for-google-sdks/RecaptchaEnterprise/RecaptchaInterop/placeholder.m normal arm64 objective-c com.apple.compilers.llvm.clang.1_0.compiler (in target 'RecaptchaInterop' from project 'InteropForGoogle')
    cd /Users/khanghnguyen/Downloads/Wishie/Wishie.xcodeproj
    
    Using response file: /Users/khanghnguyen/Library/Developer/Xcode/DerivedData/Wishie-gavmeupfwiyxzhaiqkwzocyeeixy/Build/Intermediates.noindex/InteropForGoogle.build/Debug-iphoneos/RecaptchaInterop.build/Objects-normal/arm64/e6072d4f65d7061329687fe24e3d63a7-common-args.resp
    
    /Applications/Xcode.app/Contents/Developer/Toolchains/XcodeDefault.xctoolchain/usr/bin/clang -x objective-c -ivfsstatcache /Users/khanghnguyen/Library/Developer/Xcode/DerivedData/SDKStatCaches.noindex/iphoneos26.2-23C57-3794476bd08197c3e2abd9bb477ef7f7.sdkstatcache -fmessage-length\=0 -fdiagnostics-show-note-include-stack -fmacro-backtrace-limit\=0 -fno-color-diagnostics -fmodules-prune-interval\=86400 -fmodules-prune-after\=345600 -fbuild-session-file\=/Users/khanghnguyen/Library/Developer/Xcode/DerivedData/ModuleCache.noindex/Session.modulevalidation -fmodules-validate-once-per-build-session -Wnon-modular-include-in-framework-module -Werror\=non-modular-include-in-framework-module -Wno-trigraphs -Wno-missing-field-initializers -Wno-missing-prototypes -Wno-return-type -Wno-implicit-atomic-properties -Wno-objc-interface-ivars -Wno-arc-repeated-use-of-weak -Wno-missing-braces -Wparentheses -Wswitch -Wno-unused-function -Wno-unused-label -Wno-unused-parameter -Wno-unused-variable -Wunused-value -Wno-empty-body -Wno-uninitialized -Wno-unknown-pragmas -w -Wno-shadow -Wno-four-char-constants -Wno-conversion -Wno-constant-conversion -Wno-int-conversion -Wno-bool-conversion -Wno-enum-conversion -Wno-float-conversion -Wno-non-literal-null-conversion -Wno-objc-literal-conversion -Wshorten-64-to-32 -Wpointer-sign -Wno-newline-eof -Wno-selector -Wno-strict-selector-match -Wno-undeclared-selector -Wno-deprecated-implementations -Wno-implicit-fallthrough -fstrict-aliasing -Wprotocol -Wdeprecated-declarations -Wno-sign-conversion -Wno-infinite-recursion -Wno-comma -Wno-block-capture-autoreleasing -Wno-strict-prototypes -Wno-semicolon-before-method-body -index-store-path /Users/khanghnguyen/Library/Developer/Xcode/DerivedData/Wishie-gavmeupfwiyxzhaiqkwzocyeeixy/Index.noindex/DataStore @/Users/khanghnguyen/Library/Developer/Xcode/DerivedData/Wishie-gavmeupfwiyxzhaiqkwzocyeeixy/Build/Intermediates.noindex/InteropForGoogle.build/Debug-iphoneos/RecaptchaInterop.build/Objects-normal/arm64/e6072d4f65d7061329687fe24e3d63a7-common-args.resp -MMD -MT dependencies -MF /Users/khanghnguyen/Library/Developer/Xcode/DerivedData/Wishie-gavmeupfwiyxzhaiqkwzocyeeixy/Build/Intermediates.noindex/InteropForGoogle.build/Debug-iphoneos/RecaptchaInterop.build/Objects-normal/arm64/placeholder.d --serialize-diagnostics /Users/khanghnguyen/Library/Developer/Xcode/DerivedData/Wishie-gavmeupfwiyxzhaiqkwzocyeeixy/Build/Intermediates.noindex/InteropForGoogle.build/Debug-iphoneos/RecaptchaInterop.build/Objects-normal/arm64/placeholder.dia -c /Users/khanghnguyen/Library/Developer/Xcode/DerivedData/Wishie-gavmeupfwiyxzhaiqkwzocyeeixy/SourcePackages/checkouts/interop-ios-for-google-sdks/RecaptchaEnterprise/RecaptchaInterop/placeholder.m -o /Users/khanghnguyen/Library/Developer/Xcode/DerivedData/Wishie-gavmeupfwiyxzhaiqkwzocyeeixy/Build/Intermediates.noindex/InteropForGoogle.build/Debug-iphoneos/RecaptchaInterop.build/Objects-normal/arm64/placeholder.o -index-unit-output-path /InteropForGoogle.build/Debug-iphoneos/RecaptchaInterop.build/Objects-normal/arm64/placeholder.o

CompileC /Users/khanghnguyen/Library/Developer/Xcode/DerivedData/Wishie-gavmeupfwiyxzhaiqkwzocyeeixy/Build/Intermediates.noindex/Firebase.build/Debug-iphoneos/FirebaseAppCheckInterop.build/Objects-normal/arm64/dummy.o /Users/khanghnguyen/Library/Developer/Xcode/DerivedData/Wishie-gavmeupfwiyxzhaiqkwzocyeeixy/SourcePackages/checkouts/firebase-ios-sdk/FirebaseAppCheck/Interop/dummy.m normal arm64 objective-c com.apple.compilers.llvm.clang.1_0.compiler (in target 'FirebaseAppCheckInterop' from project 'Firebase')
    cd /Users/khanghnguyen/Downloads/Wishie/Wishie.xcodeproj
    
    Using response file: /Users/khanghnguyen/Library/Developer/Xcode/DerivedData/Wishie-gavmeupfwiyxzhaiqkwzocyeeixy/Build/Intermediates.noindex/Firebase.build/Debug-iphoneos/FirebaseAppCheckInterop.build/Objects-normal/arm64/e6072d4f65d7061329687fe24e3d63a7-common-args.resp
    
    /Applications/Xcode.app/Contents/Developer/Toolchains/XcodeDefault.xctoolchain/usr/bin/clang -x objective-c -ivfsstatcache /Users/khanghnguyen/Library/Developer/Xcode/DerivedData/SDKStatCaches.noindex/iphoneos26.2-23C57-3794476bd08197c3e2abd9bb477ef7f7.sdkstatcache -fmessage-length\=0 -fdiagnostics-show-note-include-stack -fmacro-backtrace-limit\=0 -fno-color-diagnostics -fmodules-prune-interval\=86400 -fmodules-prune-after\=345600 -fbuild-session-file\=/Users/khanghnguyen/Library/Developer/Xcode/DerivedData/ModuleCache.noindex/Session.modulevalidation -fmodules-validate-once-per-build-session -Wnon-modular-include-in-framework-module -Werror\=non-modular-include-in-framework-module -Wno-trigraphs -Wno-missing-field-initializers -Wno-missing-prototypes -Wno-return-type -Wno-implicit-atomic-properties -Wno-objc-interface-ivars -Wno-arc-repeated-use-of-weak -Wno-missing-braces -Wparentheses -Wswitch -Wno-unused-function -Wno-unused-label -Wno-unused-parameter -Wno-unused-variable -Wunused-value -Wno-empty-body -Wno-uninitialized -Wno-unknown-pragmas -w -Wno-shadow -Wno-four-char-constants -Wno-conversion -Wno-constant-conversion -Wno-int-conversion -Wno-bool-conversion -Wno-enum-conversion -Wno-float-conversion -Wno-non-literal-null-conversion -Wno-objc-literal-conversion -Wshorten-64-to-32 -Wpointer-sign -Wno-newline-eof -Wno-selector -Wno-strict-selector-match -Wno-undeclared-selector -Wno-deprecated-implementations -Wno-implicit-fallthrough -fstrict-aliasing -Wprotocol -Wdeprecated-declarations -Wno-sign-conversion -Wno-infinite-recursion -Wno-comma -Wno-block-capture-autoreleasing -Wno-strict-prototypes -Wno-semicolon-before-method-body -index-store-path /Users/khanghnguyen/Library/Developer/Xcode/DerivedData/Wishie-gavmeupfwiyxzhaiqkwzocyeeixy/Index.noindex/DataStore @/Users/khanghnguyen/Library/Developer/Xcode/DerivedData/Wishie-gavmeupfwiyxzhaiqkwzocyeeixy/Build/Intermediates.noindex/Firebase.build/Debug-iphoneos/FirebaseAppCheckInterop.build/Objects-normal/arm64/e6072d4f65d7061329687fe24e3d63a7-common-args.resp -MMD -MT dependencies -MF /Users/khanghnguyen/Library/Developer/Xcode/DerivedData/Wishie-gavmeupfwiyxzhaiqkwzocyeeixy/Build/Intermediates.noindex/Firebase.build/Debug-iphoneos/FirebaseAppCheckInterop.build/Objects-normal/arm64/dummy.d --serialize-diagnostics /Users/khanghnguyen/Library/Developer/Xcode/DerivedData/Wishie-gavmeupfwiyxzhaiqkwzocyeeixy/Build/Intermediates.noindex/Firebase.build/Debug-iphoneos/FirebaseAppCheckInterop.build/Objects-normal/arm64/dummy.dia -c /Users/khanghnguyen/Library/Developer/Xcode/DerivedData/Wishie-gavmeupfwiyxzhaiqkwzocyeeixy/SourcePackages/checkouts/firebase-ios-sdk/FirebaseAppCheck/Interop/dummy.m -o /Users/khanghnguyen/Library/Developer/Xcode/DerivedData/Wishie-gavmeupfwiyxzhaiqkwzocyeeixy/Build/Intermediates.noindex/Firebase.build/Debug-iphoneos/FirebaseAppCheckInterop.build/Objects-normal/arm64/dummy.o -index-unit-output-path /Firebase.build/Debug-iphoneos/FirebaseAppCheckInterop.build/Objects-normal/arm64/dummy.o

SwiftEmitModule normal arm64 Emitting\ module\ for\ IssueReportingPackageSupport (in target 'IssueReportingPackageSupport' from project 'xctest-dynamic-overlay')

SwiftCompile normal arm64 /Users/khanghnguyen/Library/Developer/Xcode/DerivedData/Wishie-gavmeupfwiyxzhaiqkwzocyeeixy/SourcePackages/checkouts/xctest-dynamic-overlay/Sources/IssueReportingPackageSupport/_Test.swift (in target 'IssueReportingPackageSupport' from project 'xctest-dynamic-overlay')
    cd /Users/khanghnguyen/Downloads/Wishie/Wishie.xcodeproj
    

CompileC /Users/khanghnguyen/Library/Developer/Xcode/DerivedData/Wishie-gavmeupfwiyxzhaiqkwzocyeeixy/Build/Intermediates.noindex/leveldb.build/Debug-iphoneos/leveldb.build/Objects-normal/arm64/write_batch.o /Users/khanghnguyen/Library/Developer/Xcode/DerivedData/Wishie-gavmeupfwiyxzhaiqkwzocyeeixy/SourcePackages/checkouts/leveldb/db/write_batch.cc normal arm64 c++ com.apple.compilers.llvm.clang.1_0.compiler (in target 'leveldb' from project 'leveldb')
    cd /Users/khanghnguyen/Downloads/Wishie/Wishie.xcodeproj
    
    Using response file: /Users/khanghnguyen/Library/Developer/Xcode/DerivedData/Wishie-gavmeupfwiyxzhaiqkwzocyeeixy/Build/Intermediates.noindex/leveldb.build/Debug-iphoneos/leveldb.build/Objects-normal/arm64/82b82416624d2658e5098eb0a28c15c5-common-args.resp
    
    /Applications/Xcode.app/Contents/Developer/Toolchains/XcodeDefault.xctoolchain/usr/bin/clang -x c++ -ivfsstatcache /Users/khanghnguyen/Library/Developer/Xcode/DerivedData/SDKStatCaches.noindex/iphoneos26.2-23C57-3794476bd08197c3e2abd9bb477ef7f7.sdkstatcache -fmessage-length\=0 -fdiagnostics-show-note-include-stack -fmacro-backtrace-limit\=0 -fno-color-diagnostics -fmodules-prune-interval\=86400 -fmodules-prune-after\=345600 -fbuild-session-file\=/Users/khanghnguyen/Library/Developer/Xcode/DerivedData/ModuleCache.noindex/Session.modulevalidation -fmodules-validate-once-per-build-session -Wnon-modular-include-in-framework-module -Werror\=non-modular-include-in-framework-module -Wno-trigraphs -Wno-missing-field-initializers -Wno-missing-prototypes -Wno-return-type -Wno-non-virtual-dtor -Wno-overloaded-virtual -Wno-exit-time-destructors -Wno-missing-braces -Wparentheses -Wswitch -Wno-unused-function -Wno-unused-label -Wno-unused-parameter -Wno-unused-variable -Wunused-value -Wno-empty-body -Wno-uninitialized -Wno-unknown-pragmas -w -Wno-shadow -Wno-four-char-constants -Wno-conversion -Wno-constant-conversion -Wno-int-conversion -Wno-bool-conversion -Wno-enum-conversion -Wno-float-conversion -Wno-non-literal-null-conversion -Wno-objc-literal-conversion -Wshorten-64-to-32 -Wno-newline-eof -Wno-c++11-extensions -Wno-implicit-fallthrough -fstrict-aliasing -Wdeprecated-declarations -Winvalid-offsetof -Wno-sign-conversion -Wno-infinite-recursion -Wno-move -Wno-comma -Wno-block-capture-autoreleasing -Wno-strict-prototypes -Wno-range-loop-analysis -Wno-semicolon-before-method-body -index-store-path /Users/khanghnguyen/Library/Developer/Xcode/DerivedData/Wishie-gavmeupfwiyxzhaiqkwzocyeeixy/Index.noindex/DataStore @/Users/khanghnguyen/Library/Developer/Xcode/DerivedData/Wishie-gavmeupfwiyxzhaiqkwzocyeeixy/Build/Intermediates.noindex/leveldb.build/Debug-iphoneos/leveldb.build/Objects-normal/arm64/82b82416624d2658e5098eb0a28c15c5-common-args.resp -MMD -MT dependencies -MF /Users/khanghnguyen/Library/Developer/Xcode/DerivedData/Wishie-gavmeupfwiyxzhaiqkwzocyeeixy/Build/Intermediates.noindex/leveldb.build/Debug-iphoneos/leveldb.build/Objects-normal/arm64/write_batch.d --serialize-diagnostics /Users/khanghnguyen/Library/Developer/Xcode/DerivedData/Wishie-gavmeupfwiyxzhaiqkwzocyeeixy/Build/Intermediates.noindex/leveldb.build/Debug-iphoneos/leveldb.build/Objects-normal/arm64/write_batch.dia -c /Users/khanghnguyen/Library/Developer/Xcode/DerivedData/Wishie-gavmeupfwiyxzhaiqkwzocyeeixy/SourcePackages/checkouts/leveldb/db/write_batch.cc -o /Users/khanghnguyen/Library/Developer/Xcode/DerivedData/Wishie-gavmeupfwiyxzhaiqkwzocyeeixy/Build/Intermediates.noindex/leveldb.build/Debug-iphoneos/leveldb.build/Objects-normal/arm64/write_batch.o -index-unit-output-path /leveldb.build/Debug-iphoneos/leveldb.build/Objects-normal/arm64/write_batch.o

Ld /Users/khanghnguyen/Library/Developer/Xcode/DerivedData/Wishie-gavmeupfwiyxzhaiqkwzocyeeixy/Build/Products/Debug-iphoneos/Firebase.o normal (in target 'Firebase' from project 'Firebase')
    cd /Users/khanghnguyen/Library/Developer/Xcode/DerivedData/Wishie-gavmeupfwiyxzhaiqkwzocyeeixy/SourcePackages/checkouts/firebase-ios-sdk
    /Applications/Xcode.app/Contents/Developer/Toolchains/XcodeDefault.xctoolchain/usr/bin/clang -Xlinker -reproducible -target arm64-apple-ios15.0 -r -isysroot /Applications/Xcode.app/Contents/Developer/Platforms/iPhoneOS.platform/Developer/SDKs/iPhoneOS26.2.sdk -O0 -w -L/Users/khanghnguyen/Library/Developer/Xcode/DerivedData/Wishie-gavmeupfwiyxzhaiqkwzocyeeixy/Build/Intermediates.noindex/EagerLinkingTBDs/Debug-iphoneos -L/Users/khanghnguyen/Library/Developer/Xcode/DerivedData/Wishie-gavmeupfwiyxzhaiqkwzocyeeixy/Build/Products/Debug-iphoneos -L/Applications/Xcode.app/Contents/Developer/Platforms/iPhoneOS.platform/Developer/usr/lib -F/Users/khanghnguyen/Library/Developer/Xcode/DerivedData/Wishie-gavmeupfwiyxzhaiqkwzocyeeixy/Build/Intermediates.noindex/EagerLinkingTBDs/Debug-iphoneos -F/Users/khanghnguyen/Library/Developer/Xcode/DerivedData/Wishie-gavmeupfwiyxzhaiqkwzocyeeixy/Build/Products/Debug-iphoneos -iframework /Applications/Xcode.app/Contents/Developer/Platforms/iPhoneOS.platform/Developer/Library/Frameworks -iframework /Applications/Xcode.app/Contents/Developer/Platforms/iPhoneOS.platform/Developer/SDKs/iPhoneOS26.2.sdk/Developer/Library/Frameworks -filelist /Users/khanghnguyen/Library/Developer/Xcode/DerivedData/Wishie-gavmeupfwiyxzhaiqkwzocyeeixy/Build/Intermediates.noindex/Firebase.build/Debug-iphoneos/Firebase.build/Objects-normal/arm64/Firebase.LinkFileList -nostdlib -Xlinker -object_path_lto -Xlinker /Users/khanghnguyen/Library/Developer/Xcode/DerivedData/Wishie-gavmeupfwiyxzhaiqkwzocyeeixy/Build/Intermediates.noindex/Firebase.build/Debug-iphoneos/Firebase.build/Objects-normal/arm64/Firebase_lto.o -rdynamic -Xlinker -no_deduplicate -Xlinker -debug_variant -Xlinker -dependency_info -Xlinker /Users/khanghnguyen/Library/Developer/Xcode/DerivedData/Wishie-gavmeupfwiyxzhaiqkwzocyeeixy/Build/Intermediates.noindex/Firebase.build/Debug-iphoneos/Firebase.build/Objects-normal/arm64/Firebase_dependency_info.dat -fobjc-arc -fobjc-link-runtime -o /Users/khanghnguyen/Library/Developer/Xcode/DerivedData/Wishie-gavmeupfwiyxzhaiqkwzocyeeixy/Build/Products/Debug-iphoneos/Firebase.o

SwiftDriver Crypto normal arm64 com.apple.xcode.tools.swift.compiler (in target 'Crypto' from project 'swift-crypto')
    cd /Users/khanghnguyen/Downloads/Wishie/Wishie.xcodeproj
    builtin-SwiftDriver -- /Applications/Xcode.app/Contents/Developer/Toolchains/XcodeDefault.xctoolchain/usr/bin/swiftc -module-name Crypto -Onone -enforce-exclusivity\=checked @/Users/khanghnguyen/Library/Developer/Xcode/DerivedData/Wishie-gavmeupfwiyxzhaiqkwzocyeeixy/Build/Intermediates.noindex/swift-crypto.build/Debug-iphoneos/Crypto.build/Objects-normal/arm64/Crypto.SwiftFileList -DSWIFT_PACKAGE -DDEBUG -DSWIFT_MODULE_RESOURCE_BUNDLE_AVAILABLE -DCRYPTO_IN_SWIFTPM -DXcode -enable-upcoming-feature MemberImportVisibility -plugin-path /Applications/Xcode.app/Contents/Developer/Toolchains/XcodeDefault.xctoolchain/usr/lib/swift/host/plugins/testing -enable-experimental-feature DebugDescriptionMacro -sdk /Applications/Xcode.app/Contents/Developer/Platforms/iPhoneOS.platform/Developer/SDKs/iPhoneOS26.2.sdk -target arm64-apple-ios12.0 -g -module-cache-path /Users/khanghnguyen/Library/Developer/Xcode/DerivedData/ModuleCache.noindex -Xfrontend -serialize-debugging-options -profile-coverage-mapping -profile-generate -enable-testing -suppress-warnings -index-store-path /Users/khanghnguyen/Library/Developer/Xcode/DerivedData/Wishie-gavmeupfwiyxzhaiqkwzocyeeixy/Index.noindex/DataStore -Xcc -D_LIBCPP_HARDENING_MODE\=_LIBCPP_HARDENING_MODE_DEBUG -swift-version 6 -I /Users/khanghnguyen/Library/Developer/Xcode/DerivedData/Wishie-gavmeupfwiyxzhaiqkwzocyeeixy/Build/Products/Debug-iphoneos -Isystem /Applications/Xcode.app/Contents/Developer/Platforms/iPhoneOS.platform/Developer/usr/lib -F /Users/khanghnguyen/Library/Developer/Xcode/DerivedData/Wishie-gavmeupfwiyxzhaiqkwzocyeeixy/Build/Products/Debug-iphoneos -F /Applications/Xcode.app/Contents/Developer/Platforms/iPhoneOS.platform/Developer/Library/Frameworks -F /Applications/Xcode.app/Contents/Developer/Platforms/iPhoneOS.platform/Developer/SDKs/iPhoneOS26.2.sdk/Developer/Library/Frameworks -c -j8 -enable-batch-mode -incremental -Xcc -ivfsstatcache -Xcc /Users/khanghnguyen/Library/Developer/Xcode/DerivedData/SDKStatCaches.noindex/iphoneos26.2-23C57-3794476bd08197c3e2abd9bb477ef7f7.sdkstatcache -output-file-map /Users/khanghnguyen/Library/Developer/Xcode/DerivedData/Wishie-gavmeupfwiyxzhaiqkwzocyeeixy/Build/Intermediates.noindex/swift-crypto.build/Debug-iphoneos/Crypto.build/Objects-normal/arm64/Crypto-OutputFileMap.json -use-frontend-parseable-output -save-temps -no-color-diagnostics -explicit-module-build -module-cache-path /Users/khanghnguyen/Library/Developer/Xcode/DerivedData/Wishie-gavmeupfwiyxzhaiqkwzocyeeixy/Build/Intermediates.noindex/SwiftExplicitPrecompiledModules -clang-scanner-module-cache-path /Users/khanghnguyen/Library/Developer/Xcode/DerivedData/ModuleCache.noindex -sdk-module-cache-path /Users/khanghnguyen/Library/Developer/Xcode/DerivedData/ModuleCache.noindex -serialize-diagnostics -emit-dependencies -emit-module -emit-module-path /Users/khanghnguyen/Library/Developer/Xcode/DerivedData/Wishie-gavmeupfwiyxzhaiqkwzocyeeixy/Build/Intermediates.noindex/swift-crypto.build/Debug-iphoneos/Crypto.build/Objects-normal/arm64/Crypto.swiftmodule -user-module-version 4.2.0 -validate-clang-modules-once -clang-build-session-file /Users/khanghnguyen/Library/Developer/Xcode/DerivedData/ModuleCache.noindex/Session.modulevalidation -package-name swift_crypto -Xcc -I/Users/khanghnguyen/Library/Developer/Xcode/DerivedData/Wishie-gavmeupfwiyxzhaiqkwzocyeeixy/Build/Intermediates.noindex/swift-crypto.build/Debug-iphoneos/Crypto.build/swift-overrides.hmap -emit-const-values -Xfrontend -const-gather-protocols-file -Xfrontend /Users/khanghnguyen/Library/Developer/Xcode/DerivedData/Wishie-gavmeupfwiyxzhaiqkwzocyeeixy/Build/Intermediates.noindex/swift-crypto.build/Debug-iphoneos/Crypto.build/Objects-normal/arm64/Crypto_const_extract_protocols.json -Xcc -I/Users/khanghnguyen/Library/Developer/Xcode/DerivedData/Wishie-gavmeupfwiyxzhaiqkwzocyeeixy/Build/Products/Debug-iphoneos/include -Xcc -I/Users/khanghnguyen/Library/Developer/Xcode/DerivedData/Wishie-gavmeupfwiyxzhaiqkwzocyeeixy/Build/Intermediates.noindex/swift-crypto.build/Debug-iphoneos/Crypto.build/DerivedSources-normal/arm64 -Xcc -I/Users/khanghnguyen/Library/Developer/Xcode/DerivedData/Wishie-gavmeupfwiyxzhaiqkwzocyeeixy/Build/Intermediates.noindex/swift-crypto.build/Debug-iphoneos/Crypto.build/DerivedSources/arm64 -Xcc -I/Users/khanghnguyen/Library/Developer/Xcode/DerivedData/Wishie-gavmeupfwiyxzhaiqkwzocyeeixy/Build/Intermediates.noindex/swift-crypto.build/Debug-iphoneos/Crypto.build/DerivedSources -Xcc -DSWIFT_PACKAGE -Xcc -DDEBUG\=1 -emit-objc-header -emit-objc-header-path /Users/khanghnguyen/Library/Developer/Xcode/DerivedData/Wishie-gavmeupfwiyxzhaiqkwzocyeeixy/Build/Intermediates.noindex/swift-crypto.build/Debug-iphoneos/Crypto.build/Objects-normal/arm64/Crypto-Swift.h -working-directory /Users/khanghnguyen/Downloads/Wishie/Wishie.xcodeproj -experimental-emit-module-separately -disable-cmo

CompileC /Users/khanghnguyen/Library/Developer/Xcode/DerivedData/Wishie-gavmeupfwiyxzhaiqkwzocyeeixy/Build/Intermediates.noindex/leveldb.build/Debug-iphoneos/leveldb.build/Objects-normal/arm64/version_set.o /Users/khanghnguyen/Library/Developer/Xcode/DerivedData/Wishie-gavmeupfwiyxzhaiqkwzocyeeixy/SourcePackages/checkouts/leveldb/db/version_set.cc normal arm64 c++ com.apple.compilers.llvm.clang.1_0.compiler (in target 'leveldb' from project 'leveldb')
    cd /Users/khanghnguyen/Downloads/Wishie/Wishie.xcodeproj
    
    Using response file: /Users/khanghnguyen/Library/Developer/Xcode/DerivedData/Wishie-gavmeupfwiyxzhaiqkwzocyeeixy/Build/Intermediates.noindex/leveldb.build/Debug-iphoneos/leveldb.build/Objects-normal/arm64/82b82416624d2658e5098eb0a28c15c5-common-args.resp
    
    /Applications/Xcode.app/Contents/Developer/Toolchains/XcodeDefault.xctoolchain/usr/bin/clang -x c++ -ivfsstatcache /Users/khanghnguyen/Library/Developer/Xcode/DerivedData/SDKStatCaches.noindex/iphoneos26.2-23C57-3794476bd08197c3e2abd9bb477ef7f7.sdkstatcache -fmessage-length\=0 -fdiagnostics-show-note-include-stack -fmacro-backtrace-limit\=0 -fno-color-diagnostics -fmodules-prune-interval\=86400 -fmodules-prune-after\=345600 -fbuild-session-file\=/Users/khanghnguyen/Library/Developer/Xcode/DerivedData/ModuleCache.noindex/Session.modulevalidation -fmodules-validate-once-per-build-session -Wnon-modular-include-in-framework-module -Werror\=non-modular-include-in-framework-module -Wno-trigraphs -Wno-missing-field-initializers -Wno-missing-prototypes -Wno-return-type -Wno-non-virtual-dtor -Wno-overloaded-virtual -Wno-exit-time-destructors -Wno-missing-braces -Wparentheses -Wswitch -Wno-unused-function -Wno-unused-label -Wno-unused-parameter -Wno-unused-variable -Wunused-value -Wno-empty-body -Wno-uninitialized -Wno-unknown-pragmas -w -Wno-shadow -Wno-four-char-constants -Wno-conversion -Wno-constant-conversion -Wno-int-conversion -Wno-bool-conversion -Wno-enum-conversion -Wno-float-conversion -Wno-non-literal-null-conversion -Wno-objc-literal-conversion -Wshorten-64-to-32 -Wno-newline-eof -Wno-c++11-extensions -Wno-implicit-fallthrough -fstrict-aliasing -Wdeprecated-declarations -Winvalid-offsetof -Wno-sign-conversion -Wno-infinite-recursion -Wno-move -Wno-comma -Wno-block-capture-autoreleasing -Wno-strict-prototypes -Wno-range-loop-analysis -Wno-semicolon-before-method-body -index-store-path /Users/khanghnguyen/Library/Developer/Xcode/DerivedData/Wishie-gavmeupfwiyxzhaiqkwzocyeeixy/Index.noindex/DataStore @/Users/khanghnguyen/Library/Developer/Xcode/DerivedData/Wishie-gavmeupfwiyxzhaiqkwzocyeeixy/Build/Intermediates.noindex/leveldb.build/Debug-iphoneos/leveldb.build/Objects-normal/arm64/82b82416624d2658e5098eb0a28c15c5-common-args.resp -MMD -MT dependencies -MF /Users/khanghnguyen/Library/Developer/Xcode/DerivedData/Wishie-gavmeupfwiyxzhaiqkwzocyeeixy/Build/Intermediates.noindex/leveldb.build/Debug-iphoneos/leveldb.build/Objects-normal/arm64/version_set.d --serialize-diagnostics /Users/khanghnguyen/Library/Developer/Xcode/DerivedData/Wishie-gavmeupfwiyxzhaiqkwzocyeeixy/Build/Intermediates.noindex/leveldb.build/Debug-iphoneos/leveldb.build/Objects-normal/arm64/version_set.dia -c /Users/khanghnguyen/Library/Developer/Xcode/DerivedData/Wishie-gavmeupfwiyxzhaiqkwzocyeeixy/SourcePackages/checkouts/leveldb/db/version_set.cc -o /Users/khanghnguyen/Library/Developer/Xcode/DerivedData/Wishie-gavmeupfwiyxzhaiqkwzocyeeixy/Build/Intermediates.noindex/leveldb.build/Debug-iphoneos/leveldb.build/Objects-normal/arm64/version_set.o -index-unit-output-path /leveldb.build/Debug-iphoneos/leveldb.build/Objects-normal/arm64/version_set.o

CompileC /Users/khanghnguyen/Library/Developer/Xcode/DerivedData/Wishie-gavmeupfwiyxzhaiqkwzocyeeixy/Build/Intermediates.noindex/leveldb.build/Debug-iphoneos/leveldb.build/Objects-normal/arm64/version_edit.o /Users/khanghnguyen/Library/Developer/Xcode/DerivedData/Wishie-gavmeupfwiyxzhaiqkwzocyeeixy/SourcePackages/checkouts/leveldb/db/version_edit.cc normal arm64 c++ com.apple.compilers.llvm.clang.1_0.compiler (in target 'leveldb' from project 'leveldb')
    cd /Users/khanghnguyen/Downloads/Wishie/Wishie.xcodeproj
    
    Using response file: /Users/khanghnguyen/Library/Developer/Xcode/DerivedData/Wishie-gavmeupfwiyxzhaiqkwzocyeeixy/Build/Intermediates.noindex/leveldb.build/Debug-iphoneos/leveldb.build/Objects-normal/arm64/82b82416624d2658e5098eb0a28c15c5-common-args.resp
    
    /Applications/Xcode.app/Contents/Developer/Toolchains/XcodeDefault.xctoolchain/usr/bin/clang -x c++ -ivfsstatcache /Users/khanghnguyen/Library/Developer/Xcode/DerivedData/SDKStatCaches.noindex/iphoneos26.2-23C57-3794476bd08197c3e2abd9bb477ef7f7.sdkstatcache -fmessage-length\=0 -fdiagnostics-show-note-include-stack -fmacro-backtrace-limit\=0 -fno-color-diagnostics -fmodules-prune-interval\=86400 -fmodules-prune-after\=345600 -fbuild-session-file\=/Users/khanghnguyen/Library/Developer/Xcode/DerivedData/ModuleCache.noindex/Session.modulevalidation -fmodules-validate-once-per-build-session -Wnon-modular-include-in-framework-module -Werror\=non-modular-include-in-framework-module -Wno-trigraphs -Wno-missing-field-initializers -Wno-missing-prototypes -Wno-return-type -Wno-non-virtual-dtor -Wno-overloaded-virtual -Wno-exit-time-destructors -Wno-missing-braces -Wparentheses -Wswitch -Wno-unused-function -Wno-unused-label -Wno-unused-parameter -Wno-unused-variable -Wunused-value -Wno-empty-body -Wno-uninitialized -Wno-unknown-pragmas -w -Wno-shadow -Wno-four-char-constants -Wno-conversion -Wno-constant-conversion -Wno-int-conversion -Wno-bool-conversion -Wno-enum-conversion -Wno-float-conversion -Wno-non-literal-null-conversion -Wno-objc-literal-conversion -Wshorten-64-to-32 -Wno-newline-eof -Wno-c++11-extensions -Wno-implicit-fallthrough -fstrict-aliasing -Wdeprecated-declarations -Winvalid-offsetof -Wno-sign-conversion -Wno-infinite-recursion -Wno-move -Wno-comma -Wno-block-capture-autoreleasing -Wno-strict-prototypes -Wno-range-loop-analysis -Wno-semicolon-before-method-body -index-store-path /Users/khanghnguyen/Library/Developer/Xcode/DerivedData/Wishie-gavmeupfwiyxzhaiqkwzocyeeixy/Index.noindex/DataStore @/Users/khanghnguyen/Library/Developer/Xcode/DerivedData/Wishie-gavmeupfwiyxzhaiqkwzocyeeixy/Build/Intermediates.noindex/leveldb.build/Debug-iphoneos/leveldb.build/Objects-normal/arm64/82b82416624d2658e5098eb0a28c15c5-common-args.resp -MMD -MT dependencies -MF /Users/khanghnguyen/Library/Developer/Xcode/DerivedData/Wishie-gavmeupfwiyxzhaiqkwzocyeeixy/Build/Intermediates.noindex/leveldb.build/Debug-iphoneos/leveldb.build/Objects-normal/arm64/version_edit.d --serialize-diagnostics /Users/khanghnguyen/Library/Developer/Xcode/DerivedData/Wishie-gavmeupfwiyxzhaiqkwzocyeeixy/Build/Intermediates.noindex/leveldb.build/Debug-iphoneos/leveldb.build/Objects-normal/arm64/version_edit.dia -c /Users/khanghnguyen/Library/Developer/Xcode/DerivedData/Wishie-gavmeupfwiyxzhaiqkwzocyeeixy/SourcePackages/checkouts/leveldb/db/version_edit.cc -o /Users/khanghnguyen/Library/Developer/Xcode/DerivedData/Wishie-gavmeupfwiyxzhaiqkwzocyeeixy/Build/Intermediates.noindex/leveldb.build/Debug-iphoneos/leveldb.build/Objects-normal/arm64/version_edit.o -index-unit-output-path /leveldb.build/Debug-iphoneos/leveldb.build/Objects-normal/arm64/version_edit.o

CompileC /Users/khanghnguyen/Library/Developer/Xcode/DerivedData/Wishie-gavmeupfwiyxzhaiqkwzocyeeixy/Build/Intermediates.noindex/leveldb.build/Debug-iphoneos/leveldb.build/Objects-normal/arm64/two_level_iterator.o /Users/khanghnguyen/Library/Developer/Xcode/DerivedData/Wishie-gavmeupfwiyxzhaiqkwzocyeeixy/SourcePackages/checkouts/leveldb/table/two_level_iterator.cc normal arm64 c++ com.apple.compilers.llvm.clang.1_0.compiler (in target 'leveldb' from project 'leveldb')
    cd /Users/khanghnguyen/Downloads/Wishie/Wishie.xcodeproj
    
    Using response file: /Users/khanghnguyen/Library/Developer/Xcode/DerivedData/Wishie-gavmeupfwiyxzhaiqkwzocyeeixy/Build/Intermediates.noindex/leveldb.build/Debug-iphoneos/leveldb.build/Objects-normal/arm64/82b82416624d2658e5098eb0a28c15c5-common-args.resp
    
    /Applications/Xcode.app/Contents/Developer/Toolchains/XcodeDefault.xctoolchain/usr/bin/clang -x c++ -ivfsstatcache /Users/khanghnguyen/Library/Developer/Xcode/DerivedData/SDKStatCaches.noindex/iphoneos26.2-23C57-3794476bd08197c3e2abd9bb477ef7f7.sdkstatcache -fmessage-length\=0 -fdiagnostics-show-note-include-stack -fmacro-backtrace-limit\=0 -fno-color-diagnostics -fmodules-prune-interval\=86400 -fmodules-prune-after\=345600 -fbuild-session-file\=/Users/khanghnguyen/Library/Developer/Xcode/DerivedData/ModuleCache.noindex/Session.modulevalidation -fmodules-validate-once-per-build-session -Wnon-modular-include-in-framework-module -Werror\=non-modular-include-in-framework-module -Wno-trigraphs -Wno-missing-field-initializers -Wno-missing-prototypes -Wno-return-type -Wno-non-virtual-dtor -Wno-overloaded-virtual -Wno-exit-time-destructors -Wno-missing-braces -Wparentheses -Wswitch -Wno-unused-function -Wno-unused-label -Wno-unused-parameter -Wno-unused-variable -Wunused-value -Wno-empty-body -Wno-uninitialized -Wno-unknown-pragmas -w -Wno-shadow -Wno-four-char-constants -Wno-conversion -Wno-constant-conversion -Wno-int-conversion -Wno-bool-conversion -Wno-enum-conversion -Wno-float-conversion -Wno-non-literal-null-conversion -Wno-objc-literal-conversion -Wshorten-64-to-32 -Wno-newline-eof -Wno-c++11-extensions -Wno-implicit-fallthrough -fstrict-aliasing -Wdeprecated-declarations -Winvalid-offsetof -Wno-sign-conversion -Wno-infinite-recursion -Wno-move -Wno-comma -Wno-block-capture-autoreleasing -Wno-strict-prototypes -Wno-range-loop-analysis -Wno-semicolon-before-method-body -index-store-path /Users/khanghnguyen/Library/Developer/Xcode/DerivedData/Wishie-gavmeupfwiyxzhaiqkwzocyeeixy/Index.noindex/DataStore @/Users/khanghnguyen/Library/Developer/Xcode/DerivedData/Wishie-gavmeupfwiyxzhaiqkwzocyeeixy/Build/Intermediates.noindex/leveldb.build/Debug-iphoneos/leveldb.build/Objects-normal/arm64/82b82416624d2658e5098eb0a28c15c5-common-args.resp -MMD -MT dependencies -MF /Users/khanghnguyen/Library/Developer/Xcode/DerivedData/Wishie-gavmeupfwiyxzhaiqkwzocyeeixy/Build/Intermediates.noindex/leveldb.build/Debug-iphoneos/leveldb.build/Objects-normal/arm64/two_level_iterator.d --serialize-diagnostics /Users/khanghnguyen/Library/Developer/Xcode/DerivedData/Wishie-gavmeupfwiyxzhaiqkwzocyeeixy/Build/Intermediates.noindex/leveldb.build/Debug-iphoneos/leveldb.build/Objects-normal/arm64/two_level_iterator.dia -c /Users/khanghnguyen/Library/Developer/Xcode/DerivedData/Wishie-gavmeupfwiyxzhaiqkwzocyeeixy/SourcePackages/checkouts/leveldb/table/two_level_iterator.cc -o /Users/khanghnguyen/Library/Developer/Xcode/DerivedData/Wishie-gavmeupfwiyxzhaiqkwzocyeeixy/Build/Intermediates.noindex/leveldb.build/Debug-iphoneos/leveldb.build/Objects-normal/arm64/two_level_iterator.o -index-unit-output-path /leveldb.build/Debug-iphoneos/leveldb.build/Objects-normal/arm64/two_level_iterator.o

CompileC /Users/khanghnguyen/Library/Developer/Xcode/DerivedData/Wishie-gavmeupfwiyxzhaiqkwzocyeeixy/Build/Intermediates.noindex/leveldb.build/Debug-iphoneos/leveldb.build/Objects-normal/arm64/table_cache.o /Users/khanghnguyen/Library/Developer/Xcode/DerivedData/Wishie-gavmeupfwiyxzhaiqkwzocyeeixy/SourcePackages/checkouts/leveldb/db/table_cache.cc normal arm64 c++ com.apple.compilers.llvm.clang.1_0.compiler (in target 'leveldb' from project 'leveldb')
    cd /Users/khanghnguyen/Downloads/Wishie/Wishie.xcodeproj
    
    Using response file: /Users/khanghnguyen/Library/Developer/Xcode/DerivedData/Wishie-gavmeupfwiyxzhaiqkwzocyeeixy/Build/Intermediates.noindex/leveldb.build/Debug-iphoneos/leveldb.build/Objects-normal/arm64/82b82416624d2658e5098eb0a28c15c5-common-args.resp
    
    /Applications/Xcode.app/Contents/Developer/Toolchains/XcodeDefault.xctoolchain/usr/bin/clang -x c++ -ivfsstatcache /Users/khanghnguyen/Library/Developer/Xcode/DerivedData/SDKStatCaches.noindex/iphoneos26.2-23C57-3794476bd08197c3e2abd9bb477ef7f7.sdkstatcache -fmessage-length\=0 -fdiagnostics-show-note-include-stack -fmacro-backtrace-limit\=0 -fno-color-diagnostics -fmodules-prune-interval\=86400 -fmodules-prune-after\=345600 -fbuild-session-file\=/Users/khanghnguyen/Library/Developer/Xcode/DerivedData/ModuleCache.noindex/Session.modulevalidation -fmodules-validate-once-per-build-session -Wnon-modular-include-in-framework-module -Werror\=non-modular-include-in-framework-module -Wno-trigraphs -Wno-missing-field-initializers -Wno-missing-prototypes -Wno-return-type -Wno-non-virtual-dtor -Wno-overloaded-virtual -Wno-exit-time-destructors -Wno-missing-braces -Wparentheses -Wswitch -Wno-unused-function -Wno-unused-label -Wno-unused-parameter -Wno-unused-variable -Wunused-value -Wno-empty-body -Wno-uninitialized -Wno-unknown-pragmas -w -Wno-shadow -Wno-four-char-constants -Wno-conversion -Wno-constant-conversion -Wno-int-conversion -Wno-bool-conversion -Wno-enum-conversion -Wno-float-conversion -Wno-non-literal-null-conversion -Wno-objc-literal-conversion -Wshorten-64-to-32 -Wno-newline-eof -Wno-c++11-extensions -Wno-implicit-fallthrough -fstrict-aliasing -Wdeprecated-declarations -Winvalid-offsetof -Wno-sign-conversion -Wno-infinite-recursion -Wno-move -Wno-comma -Wno-block-capture-autoreleasing -Wno-strict-prototypes -Wno-range-loop-analysis -Wno-semicolon-before-method-body -index-store-path /Users/khanghnguyen/Library/Developer/Xcode/DerivedData/Wishie-gavmeupfwiyxzhaiqkwzocyeeixy/Index.noindex/DataStore @/Users/khanghnguyen/Library/Developer/Xcode/DerivedData/Wishie-gavmeupfwiyxzhaiqkwzocyeeixy/Build/Intermediates.noindex/leveldb.build/Debug-iphoneos/leveldb.build/Objects-normal/arm64/82b82416624d2658e5098eb0a28c15c5-common-args.resp -MMD -MT dependencies -MF /Users/khanghnguyen/Library/Developer/Xcode/DerivedData/Wishie-gavmeupfwiyxzhaiqkwzocyeeixy/Build/Intermediates.noindex/leveldb.build/Debug-iphoneos/leveldb.build/Objects-normal/arm64/table_cache.d --serialize-diagnostics /Users/khanghnguyen/Library/Developer/Xcode/DerivedData/Wishie-gavmeupfwiyxzhaiqkwzocyeeixy/Build/Intermediates.noindex/leveldb.build/Debug-iphoneos/leveldb.build/Objects-normal/arm64/table_cache.dia -c /Users/khanghnguyen/Library/Developer/Xcode/DerivedData/Wishie-gavmeupfwiyxzhaiqkwzocyeeixy/SourcePackages/checkouts/leveldb/db/table_cache.cc -o /Users/khanghnguyen/Library/Developer/Xcode/DerivedData/Wishie-gavmeupfwiyxzhaiqkwzocyeeixy/Build/Intermediates.noindex/leveldb.build/Debug-iphoneos/leveldb.build/Objects-normal/arm64/table_cache.o -index-unit-output-path /leveldb.build/Debug-iphoneos/leveldb.build/Objects-normal/arm64/table_cache.o

CompileC /Users/khanghnguyen/Library/Developer/Xcode/DerivedData/Wishie-gavmeupfwiyxzhaiqkwzocyeeixy/Build/Intermediates.noindex/leveldb.build/Debug-iphoneos/leveldb.build/Objects-normal/arm64/table_builder.o /Users/khanghnguyen/Library/Developer/Xcode/DerivedData/Wishie-gavmeupfwiyxzhaiqkwzocyeeixy/SourcePackages/checkouts/leveldb/table/table_builder.cc normal arm64 c++ com.apple.compilers.llvm.clang.1_0.compiler (in target 'leveldb' from project 'leveldb')
    cd /Users/khanghnguyen/Downloads/Wishie/Wishie.xcodeproj
    
    Using response file: /Users/khanghnguyen/Library/Developer/Xcode/DerivedData/Wishie-gavmeupfwiyxzhaiqkwzocyeeixy/Build/Intermediates.noindex/leveldb.build/Debug-iphoneos/leveldb.build/Objects-normal/arm64/82b82416624d2658e5098eb0a28c15c5-common-args.resp
    
    /Applications/Xcode.app/Contents/Developer/Toolchains/XcodeDefault.xctoolchain/usr/bin/clang -x c++ -ivfsstatcache /Users/khanghnguyen/Library/Developer/Xcode/DerivedData/SDKStatCaches.noindex/iphoneos26.2-23C57-3794476bd08197c3e2abd9bb477ef7f7.sdkstatcache -fmessage-length\=0 -fdiagnostics-show-note-include-stack -fmacro-backtrace-limit\=0 -fno-color-diagnostics -fmodules-prune-interval\=86400 -fmodules-prune-after\=345600 -fbuild-session-file\=/Users/khanghnguyen/Library/Developer/Xcode/DerivedData/ModuleCache.noindex/Session.modulevalidation -fmodules-validate-once-per-build-session -Wnon-modular-include-in-framework-module -Werror\=non-modular-include-in-framework-module -Wno-trigraphs -Wno-missing-field-initializers -Wno-missing-prototypes -Wno-return-type -Wno-non-virtual-dtor -Wno-overloaded-virtual -Wno-exit-time-destructors -Wno-missing-braces -Wparentheses -Wswitch -Wno-unused-function -Wno-unused-label -Wno-unused-parameter -Wno-unused-variable -Wunused-value -Wno-empty-body -Wno-uninitialized -Wno-unknown-pragmas -w -Wno-shadow -Wno-four-char-constants -Wno-conversion -Wno-constant-conversion -Wno-int-conversion -Wno-bool-conversion -Wno-enum-conversion -Wno-float-conversion -Wno-non-literal-null-conversion -Wno-objc-literal-conversion -Wshorten-64-to-32 -Wno-newline-eof -Wno-c++11-extensions -Wno-implicit-fallthrough -fstrict-aliasing -Wdeprecated-declarations -Winvalid-offsetof -Wno-sign-conversion -Wno-infinite-recursion -Wno-move -Wno-comma -Wno-block-capture-autoreleasing -Wno-strict-prototypes -Wno-range-loop-analysis -Wno-semicolon-before-method-body -index-store-path /Users/khanghnguyen/Library/Developer/Xcode/DerivedData/Wishie-gavmeupfwiyxzhaiqkwzocyeeixy/Index.noindex/DataStore @/Users/khanghnguyen/Library/Developer/Xcode/DerivedData/Wishie-gavmeupfwiyxzhaiqkwzocyeeixy/Build/Intermediates.noindex/leveldb.build/Debug-iphoneos/leveldb.build/Objects-normal/arm64/82b82416624d2658e5098eb0a28c15c5-common-args.resp -MMD -MT dependencies -MF /Users/khanghnguyen/Library/Developer/Xcode/DerivedData/Wishie-gavmeupfwiyxzhaiqkwzocyeeixy/Build/Intermediates.noindex/leveldb.build/Debug-iphoneos/leveldb.build/Objects-normal/arm64/table_builder.d --serialize-diagnostics /Users/khanghnguyen/Library/Developer/Xcode/DerivedData/Wishie-gavmeupfwiyxzhaiqkwzocyeeixy/Build/Intermediates.noindex/leveldb.build/Debug-iphoneos/leveldb.build/Objects-normal/arm64/table_builder.dia -c /Users/khanghnguyen/Library/Developer/Xcode/DerivedData/Wishie-gavmeupfwiyxzhaiqkwzocyeeixy/SourcePackages/checkouts/leveldb/table/table_builder.cc -o /Users/khanghnguyen/Library/Developer/Xcode/DerivedData/Wishie-gavmeupfwiyxzhaiqkwzocyeeixy/Build/Intermediates.noindex/leveldb.build/Debug-iphoneos/leveldb.build/Objects-normal/arm64/table_builder.o -index-unit-output-path /leveldb.build/Debug-iphoneos/leveldb.build/Objects-normal/arm64/table_builder.o

CompileC /Users/khanghnguyen/Library/Developer/Xcode/DerivedData/Wishie-gavmeupfwiyxzhaiqkwzocyeeixy/Build/Intermediates.noindex/leveldb.build/Debug-iphoneos/leveldb.build/Objects-normal/arm64/table.o /Users/khanghnguyen/Library/Developer/Xcode/DerivedData/Wishie-gavmeupfwiyxzhaiqkwzocyeeixy/SourcePackages/checkouts/leveldb/table/table.cc normal arm64 c++ com.apple.compilers.llvm.clang.1_0.compiler (in target 'leveldb' from project 'leveldb')
    cd /Users/khanghnguyen/Downloads/Wishie/Wishie.xcodeproj
    
    Using response file: /Users/khanghnguyen/Library/Developer/Xcode/DerivedData/Wishie-gavmeupfwiyxzhaiqkwzocyeeixy/Build/Intermediates.noindex/leveldb.build/Debug-iphoneos/leveldb.build/Objects-normal/arm64/82b82416624d2658e5098eb0a28c15c5-common-args.resp
    
    /Applications/Xcode.app/Contents/Developer/Toolchains/XcodeDefault.xctoolchain/usr/bin/clang -x c++ -ivfsstatcache /Users/khanghnguyen/Library/Developer/Xcode/DerivedData/SDKStatCaches.noindex/iphoneos26.2-23C57-3794476bd08197c3e2abd9bb477ef7f7.sdkstatcache -fmessage-length\=0 -fdiagnostics-show-note-include-stack -fmacro-backtrace-limit\=0 -fno-color-diagnostics -fmodules-prune-interval\=86400 -fmodules-prune-after\=345600 -fbuild-session-file\=/Users/khanghnguyen/Library/Developer/Xcode/DerivedData/ModuleCache.noindex/Session.modulevalidation -fmodules-validate-once-per-build-session -Wnon-modular-include-in-framework-module -Werror\=non-modular-include-in-framework-module -Wno-trigraphs -Wno-missing-field-initializers -Wno-missing-prototypes -Wno-return-type -Wno-non-virtual-dtor -Wno-overloaded-virtual -Wno-exit-time-destructors -Wno-missing-braces -Wparentheses -Wswitch -Wno-unused-function -Wno-unused-label -Wno-unused-parameter -Wno-unused-variable -Wunused-value -Wno-empty-body -Wno-uninitialized -Wno-unknown-pragmas -w -Wno-shadow -Wno-four-char-constants -Wno-conversion -Wno-constant-conversion -Wno-int-conversion -Wno-bool-conversion -Wno-enum-conversion -Wno-float-conversion -Wno-non-literal-null-conversion -Wno-objc-literal-conversion -Wshorten-64-to-32 -Wno-newline-eof -Wno-c++11-extensions -Wno-implicit-fallthrough -fstrict-aliasing -Wdeprecated-declarations -Winvalid-offsetof -Wno-sign-conversion -Wno-infinite-recursion -Wno-move -Wno-comma -Wno-block-capture-autoreleasing -Wno-strict-prototypes -Wno-range-loop-analysis -Wno-semicolon-before-method-body -index-store-path /Users/khanghnguyen/Library/Developer/Xcode/DerivedData/Wishie-gavmeupfwiyxzhaiqkwzocyeeixy/Index.noindex/DataStore @/Users/khanghnguyen/Library/Developer/Xcode/DerivedData/Wishie-gavmeupfwiyxzhaiqkwzocyeeixy/Build/Intermediates.noindex/leveldb.build/Debug-iphoneos/leveldb.build/Objects-normal/arm64/82b82416624d2658e5098eb0a28c15c5-common-args.resp -MMD -MT dependencies -MF /Users/khanghnguyen/Library/Developer/Xcode/DerivedData/Wishie-gavmeupfwiyxzhaiqkwzocyeeixy/Build/Intermediates.noindex/leveldb.build/Debug-iphoneos/leveldb.build/Objects-normal/arm64/table.d --serialize-diagnostics /Users/khanghnguyen/Library/Developer/Xcode/DerivedData/Wishie-gavmeupfwiyxzhaiqkwzocyeeixy/Build/Intermediates.noindex/leveldb.build/Debug-iphoneos/leveldb.build/Objects-normal/arm64/table.dia -c /Users/khanghnguyen/Library/Developer/Xcode/DerivedData/Wishie-gavmeupfwiyxzhaiqkwzocyeeixy/SourcePackages/checkouts/leveldb/table/table.cc -o /Users/khanghnguyen/Library/Developer/Xcode/DerivedData/Wishie-gavmeupfwiyxzhaiqkwzocyeeixy/Build/Intermediates.noindex/leveldb.build/Debug-iphoneos/leveldb.build/Objects-normal/arm64/table.o -index-unit-output-path /leveldb.build/Debug-iphoneos/leveldb.build/Objects-normal/arm64/table.o

CompileC /Users/khanghnguyen/Library/Developer/Xcode/DerivedData/Wishie-gavmeupfwiyxzhaiqkwzocyeeixy/Build/Intermediates.noindex/leveldb.build/Debug-iphoneos/leveldb.build/Objects-normal/arm64/status.o /Users/khanghnguyen/Library/Developer/Xcode/DerivedData/Wishie-gavmeupfwiyxzhaiqkwzocyeeixy/SourcePackages/checkouts/leveldb/util/status.cc normal arm64 c++ com.apple.compilers.llvm.clang.1_0.compiler (in target 'leveldb' from project 'leveldb')
    cd /Users/khanghnguyen/Downloads/Wishie/Wishie.xcodeproj
    
    Using response file: /Users/khanghnguyen/Library/Developer/Xcode/DerivedData/Wishie-gavmeupfwiyxzhaiqkwzocyeeixy/Build/Intermediates.noindex/leveldb.build/Debug-iphoneos/leveldb.build/Objects-normal/arm64/82b82416624d2658e5098eb0a28c15c5-common-args.resp
    
    /Applications/Xcode.app/Contents/Developer/Toolchains/XcodeDefault.xctoolchain/usr/bin/clang -x c++ -ivfsstatcache /Users/khanghnguyen/Library/Developer/Xcode/DerivedData/SDKStatCaches.noindex/iphoneos26.2-23C57-3794476bd08197c3e2abd9bb477ef7f7.sdkstatcache -fmessage-length\=0 -fdiagnostics-show-note-include-stack -fmacro-backtrace-limit\=0 -fno-color-diagnostics -fmodules-prune-interval\=86400 -fmodules-prune-after\=345600 -fbuild-session-file\=/Users/khanghnguyen/Library/Developer/Xcode/DerivedData/ModuleCache.noindex/Session.modulevalidation -fmodules-validate-once-per-build-session -Wnon-modular-include-in-framework-module -Werror\=non-modular-include-in-framework-module -Wno-trigraphs -Wno-missing-field-initializers -Wno-missing-prototypes -Wno-return-type -Wno-non-virtual-dtor -Wno-overloaded-virtual -Wno-exit-time-destructors -Wno-missing-braces -Wparentheses -Wswitch -Wno-unused-function -Wno-unused-label -Wno-unused-parameter -Wno-unused-variable -Wunused-value -Wno-empty-body -Wno-uninitialized -Wno-unknown-pragmas -w -Wno-shadow -Wno-four-char-constants -Wno-conversion -Wno-constant-conversion -Wno-int-conversion -Wno-bool-conversion -Wno-enum-conversion -Wno-float-conversion -Wno-non-literal-null-conversion -Wno-objc-literal-conversion -Wshorten-64-to-32 -Wno-newline-eof -Wno-c++11-extensions -Wno-implicit-fallthrough -fstrict-aliasing -Wdeprecated-declarations -Winvalid-offsetof -Wno-sign-conversion -Wno-infinite-recursion -Wno-move -Wno-comma -Wno-block-capture-autoreleasing -Wno-strict-prototypes -Wno-range-loop-analysis -Wno-semicolon-before-method-body -index-store-path /Users/khanghnguyen/Library/Developer/Xcode/DerivedData/Wishie-gavmeupfwiyxzhaiqkwzocyeeixy/Index.noindex/DataStore @/Users/khanghnguyen/Library/Developer/Xcode/DerivedData/Wishie-gavmeupfwiyxzhaiqkwzocyeeixy/Build/Intermediates.noindex/leveldb.build/Debug-iphoneos/leveldb.build/Objects-normal/arm64/82b82416624d2658e5098eb0a28c15c5-common-args.resp -MMD -MT dependencies -MF /Users/khanghnguyen/Library/Developer/Xcode/DerivedData/Wishie-gavmeupfwiyxzhaiqkwzocyeeixy/Build/Intermediates.noindex/leveldb.build/Debug-iphoneos/leveldb.build/Objects-normal/arm64/status.d --serialize-diagnostics /Users/khanghnguyen/Library/Developer/Xcode/DerivedData/Wishie-gavmeupfwiyxzhaiqkwzocyeeixy/Build/Intermediates.noindex/leveldb.build/Debug-iphoneos/leveldb.build/Objects-normal/arm64/status.dia -c /Users/khanghnguyen/Library/Developer/Xcode/DerivedData/Wishie-gavmeupfwiyxzhaiqkwzocyeeixy/SourcePackages/checkouts/leveldb/util/status.cc -o /Users/khanghnguyen/Library/Developer/Xcode/DerivedData/Wishie-gavmeupfwiyxzhaiqkwzocyeeixy/Build/Intermediates.noindex/leveldb.build/Debug-iphoneos/leveldb.build/Objects-normal/arm64/status.o -index-unit-output-path /leveldb.build/Debug-iphoneos/leveldb.build/Objects-normal/arm64/status.o

SwiftDriverJobDiscovery normal arm64 Emitting module for IssueReportingPackageSupport (in target 'IssueReportingPackageSupport' from project 'xctest-dynamic-overlay')

SwiftDriver\ Compilation\ Requirements IssueReportingPackageSupport normal arm64 com.apple.xcode.tools.swift.compiler (in target 'IssueReportingPackageSupport' from project 'xctest-dynamic-overlay')
    cd /Users/khanghnguyen/Downloads/Wishie/Wishie.xcodeproj
    builtin-Swift-Compilation-Requirements -- /Applications/Xcode.app/Contents/Developer/Toolchains/XcodeDefault.xctoolchain/usr/bin/swiftc -module-name IssueReportingPackageSupport -Onone -enforce-exclusivity\=checked @/Users/khanghnguyen/Library/Developer/Xcode/DerivedData/Wishie-gavmeupfwiyxzhaiqkwzocyeeixy/Build/Intermediates.noindex/xctest-dynamic-overlay.build/Debug-iphoneos/IssueReportingPackageSupport.build/Objects-normal/arm64/IssueReportingPackageSupport.SwiftFileList -DSWIFT_PACKAGE -DDEBUG -DSWIFT_MODULE_RESOURCE_BUNDLE_UNAVAILABLE -DXcode -plugin-path /Applications/Xcode.app/Contents/Developer/Toolchains/XcodeDefault.xctoolchain/usr/lib/swift/host/plugins/testing -enable-experimental-feature DebugDescriptionMacro -sdk /Applications/Xcode.app/Contents/Developer/Platforms/iPhoneOS.platform/Developer/SDKs/iPhoneOS26.2.sdk -target arm64-apple-ios13.0 -g -module-cache-path /Users/khanghnguyen/Library/Developer/Xcode/DerivedData/ModuleCache.noindex -Xfrontend -serialize-debugging-options -profile-coverage-mapping -profile-generate -enable-testing -suppress-warnings -index-store-path /Users/khanghnguyen/Library/Developer/Xcode/DerivedData/Wishie-gavmeupfwiyxzhaiqkwzocyeeixy/Index.noindex/DataStore -Xcc -D_LIBCPP_HARDENING_MODE\=_LIBCPP_HARDENING_MODE_DEBUG -swift-version 6 -I /Users/khanghnguyen/Library/Developer/Xcode/DerivedData/Wishie-gavmeupfwiyxzhaiqkwzocyeeixy/Build/Products/Debug-iphoneos -Isystem /Applications/Xcode.app/Contents/Developer/Platforms/iPhoneOS.platform/Developer/usr/lib -F /Users/khanghnguyen/Library/Developer/Xcode/DerivedData/Wishie-gavmeupfwiyxzhaiqkwzocyeeixy/Build/Products/Debug-iphoneos -F /Applications/Xcode.app/Contents/Developer/Platforms/iPhoneOS.platform/Developer/Library/Frameworks -F /Applications/Xcode.app/Contents/Developer/Platforms/iPhoneOS.platform/Developer/SDKs/iPhoneOS26.2.sdk/Developer/Library/Frameworks -parse-as-library -c -j8 -enable-batch-mode -incremental -Xcc -ivfsstatcache -Xcc /Users/khanghnguyen/Library/Developer/Xcode/DerivedData/SDKStatCaches.noindex/iphoneos26.2-23C57-3794476bd08197c3e2abd9bb477ef7f7.sdkstatcache -output-file-map /Users/khanghnguyen/Library/Developer/Xcode/DerivedData/Wishie-gavmeupfwiyxzhaiqkwzocyeeixy/Build/Intermediates.noindex/xctest-dynamic-overlay.build/Debug-iphoneos/IssueReportingPackageSupport.build/Objects-normal/arm64/IssueReportingPackageSupport-OutputFileMap.json -use-frontend-parseable-output -save-temps -no-color-diagnostics -explicit-module-build -module-cache-path /Users/khanghnguyen/Library/Developer/Xcode/DerivedData/Wishie-gavmeupfwiyxzhaiqkwzocyeeixy/Build/Intermediates.noindex/SwiftExplicitPrecompiledModules -clang-scanner-module-cache-path /Users/khanghnguyen/Library/Developer/Xcode/DerivedData/ModuleCache.noindex -sdk-module-cache-path /Users/khanghnguyen/Library/Developer/Xcode/DerivedData/ModuleCache.noindex -serialize-diagnostics -emit-dependencies -emit-module -emit-module-path /Users/khanghnguyen/Library/Developer/Xcode/DerivedData/Wishie-gavmeupfwiyxzhaiqkwzocyeeixy/Build/Intermediates.noindex/xctest-dynamic-overlay.build/Debug-iphoneos/IssueReportingPackageSupport.build/Objects-normal/arm64/IssueReportingPackageSupport.swiftmodule -user-module-version 1.8.0 -validate-clang-modules-once -clang-build-session-file /Users/khanghnguyen/Library/Developer/Xcode/DerivedData/ModuleCache.noindex/Session.modulevalidation -package-name xctest_dynamic_overlay -Xcc -I/Users/khanghnguyen/Library/Developer/Xcode/DerivedData/Wishie-gavmeupfwiyxzhaiqkwzocyeeixy/Build/Intermediates.noindex/xctest-dynamic-overlay.build/Debug-iphoneos/IssueReportingPackageSupport.build/swift-overrides.hmap -emit-const-values -Xfrontend -const-gather-protocols-file -Xfrontend /Users/khanghnguyen/Library/Developer/Xcode/DerivedData/Wishie-gavmeupfwiyxzhaiqkwzocyeeixy/Build/Intermediates.noindex/xctest-dynamic-overlay.build/Debug-iphoneos/IssueReportingPackageSupport.build/Objects-normal/arm64/IssueReportingPackageSupport_const_extract_protocols.json -Xcc -I/Users/khanghnguyen/Library/Developer/Xcode/DerivedData/Wishie-gavmeupfwiyxzhaiqkwzocyeeixy/Build/Products/Debug-iphoneos/include -Xcc -I/Users/khanghnguyen/Library/Developer/Xcode/DerivedData/Wishie-gavmeupfwiyxzhaiqkwzocyeeixy/Build/Intermediates.noindex/xctest-dynamic-overlay.build/Debug-iphoneos/IssueReportingPackageSupport.build/DerivedSources-normal/arm64 -Xcc -I/Users/khanghnguyen/Library/Developer/Xcode/DerivedData/Wishie-gavmeupfwiyxzhaiqkwzocyeeixy/Build/Intermediates.noindex/xctest-dynamic-overlay.build/Debug-iphoneos/IssueReportingPackageSupport.build/DerivedSources/arm64 -Xcc -I/Users/khanghnguyen/Library/Developer/Xcode/DerivedData/Wishie-gavmeupfwiyxzhaiqkwzocyeeixy/Build/Intermediates.noindex/xctest-dynamic-overlay.build/Debug-iphoneos/IssueReportingPackageSupport.build/DerivedSources -Xcc -DSWIFT_PACKAGE -Xcc -DDEBUG\=1 -emit-objc-header -emit-objc-header-path /Users/khanghnguyen/Library/Developer/Xcode/DerivedData/Wishie-gavmeupfwiyxzhaiqkwzocyeeixy/Build/Intermediates.noindex/xctest-dynamic-overlay.build/Debug-iphoneos/IssueReportingPackageSupport.build/Objects-normal/arm64/IssueReportingPackageSupport-Swift.h -working-directory /Users/khanghnguyen/Downloads/Wishie/Wishie.xcodeproj -experimental-emit-module-separately -disable-cmo

Ld /Users/khanghnguyen/Library/Developer/Xcode/DerivedData/Wishie-gavmeupfwiyxzhaiqkwzocyeeixy/Build/Products/Debug-iphoneos/RecaptchaInterop.o normal (in target 'RecaptchaInterop' from project 'InteropForGoogle')
    cd /Users/khanghnguyen/Library/Developer/Xcode/DerivedData/Wishie-gavmeupfwiyxzhaiqkwzocyeeixy/SourcePackages/checkouts/interop-ios-for-google-sdks
    /Applications/Xcode.app/Contents/Developer/Toolchains/XcodeDefault.xctoolchain/usr/bin/clang -Xlinker -reproducible -target arm64-apple-ios12.0 -r -isysroot /Applications/Xcode.app/Contents/Developer/Platforms/iPhoneOS.platform/Developer/SDKs/iPhoneOS26.2.sdk -O0 -w -L/Users/khanghnguyen/Library/Developer/Xcode/DerivedData/Wishie-gavmeupfwiyxzhaiqkwzocyeeixy/Build/Intermediates.noindex/EagerLinkingTBDs/Debug-iphoneos -L/Users/khanghnguyen/Library/Developer/Xcode/DerivedData/Wishie-gavmeupfwiyxzhaiqkwzocyeeixy/Build/Products/Debug-iphoneos -L/Applications/Xcode.app/Contents/Developer/Platforms/iPhoneOS.platform/Developer/usr/lib -F/Users/khanghnguyen/Library/Developer/Xcode/DerivedData/Wishie-gavmeupfwiyxzhaiqkwzocyeeixy/Build/Intermediates.noindex/EagerLinkingTBDs/Debug-iphoneos -F/Users/khanghnguyen/Library/Developer/Xcode/DerivedData/Wishie-gavmeupfwiyxzhaiqkwzocyeeixy/Build/Products/Debug-iphoneos -iframework /Applications/Xcode.app/Contents/Developer/Platforms/iPhoneOS.platform/Developer/Library/Frameworks -iframework /Applications/Xcode.app/Contents/Developer/Platforms/iPhoneOS.platform/Developer/SDKs/iPhoneOS26.2.sdk/Developer/Library/Frameworks -filelist /Users/khanghnguyen/Library/Developer/Xcode/DerivedData/Wishie-gavmeupfwiyxzhaiqkwzocyeeixy/Build/Intermediates.noindex/InteropForGoogle.build/Debug-iphoneos/RecaptchaInterop.build/Objects-normal/arm64/RecaptchaInterop.LinkFileList -nostdlib -Xlinker -object_path_lto -Xlinker /Users/khanghnguyen/Library/Developer/Xcode/DerivedData/Wishie-gavmeupfwiyxzhaiqkwzocyeeixy/Build/Intermediates.noindex/InteropForGoogle.build/Debug-iphoneos/RecaptchaInterop.build/Objects-normal/arm64/RecaptchaInterop_lto.o -rdynamic -Xlinker -no_deduplicate -Xlinker -debug_variant -Xlinker -dependency_info -Xlinker /Users/khanghnguyen/Library/Developer/Xcode/DerivedData/Wishie-gavmeupfwiyxzhaiqkwzocyeeixy/Build/Intermediates.noindex/InteropForGoogle.build/Debug-iphoneos/RecaptchaInterop.build/Objects-normal/arm64/RecaptchaInterop_dependency_info.dat -fobjc-arc -fobjc-link-runtime -o /Users/khanghnguyen/Library/Developer/Xcode/DerivedData/Wishie-gavmeupfwiyxzhaiqkwzocyeeixy/Build/Products/Debug-iphoneos/RecaptchaInterop.o

SwiftEmitModule normal arm64 Emitting\ module\ for\ HTTPTypes (in target 'HTTPTypes' from project 'swift-http-types')

EmitSwiftModule normal arm64 (in target 'HTTPTypes' from project 'swift-http-types')
    cd /Users/khanghnguyen/Downloads/Wishie/Wishie.xcodeproj
    

SwiftEmitModule normal arm64 Emitting\ module\ for\ FirebaseSharedSwift (in target 'FirebaseSharedSwift' from project 'Firebase')

EmitSwiftModule normal arm64 (in target 'FirebaseSharedSwift' from project 'Firebase')
    cd /Users/khanghnguyen/Downloads/Wishie/Wishie.xcodeproj
    

Ld /Users/khanghnguyen/Library/Developer/Xcode/DerivedData/Wishie-gavmeupfwiyxzhaiqkwzocyeeixy/Build/Products/Debug-iphoneos/FirebaseAuthInterop.o normal (in target 'FirebaseAuthInterop' from project 'Firebase')
    cd /Users/khanghnguyen/Library/Developer/Xcode/DerivedData/Wishie-gavmeupfwiyxzhaiqkwzocyeeixy/SourcePackages/checkouts/firebase-ios-sdk
    /Applications/Xcode.app/Contents/Developer/Toolchains/XcodeDefault.xctoolchain/usr/bin/clang -Xlinker -reproducible -target arm64-apple-ios15.0 -r -isysroot /Applications/Xcode.app/Contents/Developer/Platforms/iPhoneOS.platform/Developer/SDKs/iPhoneOS26.2.sdk -O0 -w -L/Users/khanghnguyen/Library/Developer/Xcode/DerivedData/Wishie-gavmeupfwiyxzhaiqkwzocyeeixy/Build/Intermediates.noindex/EagerLinkingTBDs/Debug-iphoneos -L/Users/khanghnguyen/Library/Developer/Xcode/DerivedData/Wishie-gavmeupfwiyxzhaiqkwzocyeeixy/Build/Products/Debug-iphoneos -L/Applications/Xcode.app/Contents/Developer/Platforms/iPhoneOS.platform/Developer/usr/lib -F/Users/khanghnguyen/Library/Developer/Xcode/DerivedData/Wishie-gavmeupfwiyxzhaiqkwzocyeeixy/Build/Intermediates.noindex/EagerLinkingTBDs/Debug-iphoneos -F/Users/khanghnguyen/Library/Developer/Xcode/DerivedData/Wishie-gavmeupfwiyxzhaiqkwzocyeeixy/Build/Products/Debug-iphoneos -iframework /Applications/Xcode.app/Contents/Developer/Platforms/iPhoneOS.platform/Developer/Library/Frameworks -iframework /Applications/Xcode.app/Contents/Developer/Platforms/iPhoneOS.platform/Developer/SDKs/iPhoneOS26.2.sdk/Developer/Library/Frameworks -filelist /Users/khanghnguyen/Library/Developer/Xcode/DerivedData/Wishie-gavmeupfwiyxzhaiqkwzocyeeixy/Build/Intermediates.noindex/Firebase.build/Debug-iphoneos/FirebaseAuthInterop.build/Objects-normal/arm64/FirebaseAuthInterop.LinkFileList -nostdlib -Xlinker -object_path_lto -Xlinker /Users/khanghnguyen/Library/Developer/Xcode/DerivedData/Wishie-gavmeupfwiyxzhaiqkwzocyeeixy/Build/Intermediates.noindex/Firebase.build/Debug-iphoneos/FirebaseAuthInterop.build/Objects-normal/arm64/FirebaseAuthInterop_lto.o -rdynamic -Xlinker -no_deduplicate -Xlinker -debug_variant -Xlinker -dependency_info -Xlinker /Users/khanghnguyen/Library/Developer/Xcode/DerivedData/Wishie-gavmeupfwiyxzhaiqkwzocyeeixy/Build/Intermediates.noindex/Firebase.build/Debug-iphoneos/FirebaseAuthInterop.build/Objects-normal/arm64/FirebaseAuthInterop_dependency_info.dat -fobjc-arc -fobjc-link-runtime -o /Users/khanghnguyen/Library/Developer/Xcode/DerivedData/Wishie-gavmeupfwiyxzhaiqkwzocyeeixy/Build/Products/Debug-iphoneos/FirebaseAuthInterop.o

Ld /Users/khanghnguyen/Library/Developer/Xcode/DerivedData/Wishie-gavmeupfwiyxzhaiqkwzocyeeixy/Build/Products/Debug-iphoneos/FirebaseAppCheckInterop.o normal (in target 'FirebaseAppCheckInterop' from project 'Firebase')
    cd /Users/khanghnguyen/Library/Developer/Xcode/DerivedData/Wishie-gavmeupfwiyxzhaiqkwzocyeeixy/SourcePackages/checkouts/firebase-ios-sdk
    /Applications/Xcode.app/Contents/Developer/Toolchains/XcodeDefault.xctoolchain/usr/bin/clang -Xlinker -reproducible -target arm64-apple-ios15.0 -r -isysroot /Applications/Xcode.app/Contents/Developer/Platforms/iPhoneOS.platform/Developer/SDKs/iPhoneOS26.2.sdk -O0 -w -L/Users/khanghnguyen/Library/Developer/Xcode/DerivedData/Wishie-gavmeupfwiyxzhaiqkwzocyeeixy/Build/Intermediates.noindex/EagerLinkingTBDs/Debug-iphoneos -L/Users/khanghnguyen/Library/Developer/Xcode/DerivedData/Wishie-gavmeupfwiyxzhaiqkwzocyeeixy/Build/Products/Debug-iphoneos -L/Applications/Xcode.app/Contents/Developer/Platforms/iPhoneOS.platform/Developer/usr/lib -F/Users/khanghnguyen/Library/Developer/Xcode/DerivedData/Wishie-gavmeupfwiyxzhaiqkwzocyeeixy/Build/Intermediates.noindex/EagerLinkingTBDs/Debug-iphoneos -F/Users/khanghnguyen/Library/Developer/Xcode/DerivedData/Wishie-gavmeupfwiyxzhaiqkwzocyeeixy/Build/Products/Debug-iphoneos -iframework /Applications/Xcode.app/Contents/Developer/Platforms/iPhoneOS.platform/Developer/Library/Frameworks -iframework /Applications/Xcode.app/Contents/Developer/Platforms/iPhoneOS.platform/Developer/SDKs/iPhoneOS26.2.sdk/Developer/Library/Frameworks -filelist /Users/khanghnguyen/Library/Developer/Xcode/DerivedData/Wishie-gavmeupfwiyxzhaiqkwzocyeeixy/Build/Intermediates.noindex/Firebase.build/Debug-iphoneos/FirebaseAppCheckInterop.build/Objects-normal/arm64/FirebaseAppCheckInterop.LinkFileList -nostdlib -Xlinker -object_path_lto -Xlinker /Users/khanghnguyen/Library/Developer/Xcode/DerivedData/Wishie-gavmeupfwiyxzhaiqkwzocyeeixy/Build/Intermediates.noindex/Firebase.build/Debug-iphoneos/FirebaseAppCheckInterop.build/Objects-normal/arm64/FirebaseAppCheckInterop_lto.o -rdynamic -Xlinker -no_deduplicate -Xlinker -debug_variant -Xlinker -dependency_info -Xlinker /Users/khanghnguyen/Library/Developer/Xcode/DerivedData/Wishie-gavmeupfwiyxzhaiqkwzocyeeixy/Build/Intermediates.noindex/Firebase.build/Debug-iphoneos/FirebaseAppCheckInterop.build/Objects-normal/arm64/FirebaseAppCheckInterop_dependency_info.dat -fobjc-arc -fobjc-link-runtime -o /Users/khanghnguyen/Library/Developer/Xcode/DerivedData/Wishie-gavmeupfwiyxzhaiqkwzocyeeixy/Build/Products/Debug-iphoneos/FirebaseAppCheckInterop.o

SwiftEmitModule normal arm64 Emitting\ module\ for\ Crypto (in target 'Crypto' from project 'swift-crypto')
EmitSwiftModule normal arm64 (in target 'Crypto' from project 'swift-crypto')
    cd /Users/khanghnguyen/Downloads/Wishie/Wishie.xcodeproj
    

SwiftEmitModule normal arm64 Emitting\ module\ for\ ConcurrencyExtras (in target 'ConcurrencyExtras' from project 'swift-concurrency-extras')

EmitSwiftModule normal arm64 (in target 'ConcurrencyExtras' from project 'swift-concurrency-extras')
    cd /Users/khanghnguyen/Downloads/Wishie/Wishie.xcodeproj
    

CompileC /Users/khanghnguyen/Library/Developer/Xcode/DerivedData/Wishie-gavmeupfwiyxzhaiqkwzocyeeixy/Build/Intermediates.noindex/leveldb.build/Debug-iphoneos/leveldb.build/Objects-normal/arm64/repair.o /Users/khanghnguyen/Library/Developer/Xcode/DerivedData/Wishie-gavmeupfwiyxzhaiqkwzocyeeixy/SourcePackages/checkouts/leveldb/db/repair.cc normal arm64 c++ com.apple.compilers.llvm.clang.1_0.compiler (in target 'leveldb' from project 'leveldb')
    cd /Users/khanghnguyen/Downloads/Wishie/Wishie.xcodeproj
    
    Using response file: /Users/khanghnguyen/Library/Developer/Xcode/DerivedData/Wishie-gavmeupfwiyxzhaiqkwzocyeeixy/Build/Intermediates.noindex/leveldb.build/Debug-iphoneos/leveldb.build/Objects-normal/arm64/82b82416624d2658e5098eb0a28c15c5-common-args.resp
    
    /Applications/Xcode.app/Contents/Developer/Toolchains/XcodeDefault.xctoolchain/usr/bin/clang -x c++ -ivfsstatcache /Users/khanghnguyen/Library/Developer/Xcode/DerivedData/SDKStatCaches.noindex/iphoneos26.2-23C57-3794476bd08197c3e2abd9bb477ef7f7.sdkstatcache -fmessage-length\=0 -fdiagnostics-show-note-include-stack -fmacro-backtrace-limit\=0 -fno-color-diagnostics -fmodules-prune-interval\=86400 -fmodules-prune-after\=345600 -fbuild-session-file\=/Users/khanghnguyen/Library/Developer/Xcode/DerivedData/ModuleCache.noindex/Session.modulevalidation -fmodules-validate-once-per-build-session -Wnon-modular-include-in-framework-module -Werror\=non-modular-include-in-framework-module -Wno-trigraphs -Wno-missing-field-initializers -Wno-missing-prototypes -Wno-return-type -Wno-non-virtual-dtor -Wno-overloaded-virtual -Wno-exit-time-destructors -Wno-missing-braces -Wparentheses -Wswitch -Wno-unused-function -Wno-unused-label -Wno-unused-parameter -Wno-unused-variable -Wunused-value -Wno-empty-body -Wno-uninitialized -Wno-unknown-pragmas -w -Wno-shadow -Wno-four-char-constants -Wno-conversion -Wno-constant-conversion -Wno-int-conversion -Wno-bool-conversion -Wno-enum-conversion -Wno-float-conversion -Wno-non-literal-null-conversion -Wno-objc-literal-conversion -Wshorten-64-to-32 -Wno-newline-eof -Wno-c++11-extensions -Wno-implicit-fallthrough -fstrict-aliasing -Wdeprecated-declarations -Winvalid-offsetof -Wno-sign-conversion -Wno-infinite-recursion -Wno-move -Wno-comma -Wno-block-capture-autoreleasing -Wno-strict-prototypes -Wno-range-loop-analysis -Wno-semicolon-before-method-body -index-store-path /Users/khanghnguyen/Library/Developer/Xcode/DerivedData/Wishie-gavmeupfwiyxzhaiqkwzocyeeixy/Index.noindex/DataStore @/Users/khanghnguyen/Library/Developer/Xcode/DerivedData/Wishie-gavmeupfwiyxzhaiqkwzocyeeixy/Build/Intermediates.noindex/leveldb.build/Debug-iphoneos/leveldb.build/Objects-normal/arm64/82b82416624d2658e5098eb0a28c15c5-common-args.resp -MMD -MT dependencies -MF /Users/khanghnguyen/Library/Developer/Xcode/DerivedData/Wishie-gavmeupfwiyxzhaiqkwzocyeeixy/Build/Intermediates.noindex/leveldb.build/Debug-iphoneos/leveldb.build/Objects-normal/arm64/repair.d --serialize-diagnostics /Users/khanghnguyen/Library/Developer/Xcode/DerivedData/Wishie-gavmeupfwiyxzhaiqkwzocyeeixy/Build/Intermediates.noindex/leveldb.build/Debug-iphoneos/leveldb.build/Objects-normal/arm64/repair.dia -c /Users/khanghnguyen/Library/Developer/Xcode/DerivedData/Wishie-gavmeupfwiyxzhaiqkwzocyeeixy/SourcePackages/checkouts/leveldb/db/repair.cc -o /Users/khanghnguyen/Library/Developer/Xcode/DerivedData/Wishie-gavmeupfwiyxzhaiqkwzocyeeixy/Build/Intermediates.noindex/leveldb.build/Debug-iphoneos/leveldb.build/Objects-normal/arm64/repair.o -index-unit-output-path /leveldb.build/Debug-iphoneos/leveldb.build/Objects-normal/arm64/repair.o

CompileC /Users/khanghnguyen/Library/Developer/Xcode/DerivedData/Wishie-gavmeupfwiyxzhaiqkwzocyeeixy/Build/Intermediates.noindex/leveldb.build/Debug-iphoneos/leveldb.build/Objects-normal/arm64/options.o /Users/khanghnguyen/Library/Developer/Xcode/DerivedData/Wishie-gavmeupfwiyxzhaiqkwzocyeeixy/SourcePackages/checkouts/leveldb/util/options.cc normal arm64 c++ com.apple.compilers.llvm.clang.1_0.compiler (in target 'leveldb' from project 'leveldb')
    cd /Users/khanghnguyen/Downloads/Wishie/Wishie.xcodeproj
    
    Using response file: /Users/khanghnguyen/Library/Developer/Xcode/DerivedData/Wishie-gavmeupfwiyxzhaiqkwzocyeeixy/Build/Intermediates.noindex/leveldb.build/Debug-iphoneos/leveldb.build/Objects-normal/arm64/82b82416624d2658e5098eb0a28c15c5-common-args.resp
    
    /Applications/Xcode.app/Contents/Developer/Toolchains/XcodeDefault.xctoolchain/usr/bin/clang -x c++ -ivfsstatcache /Users/khanghnguyen/Library/Developer/Xcode/DerivedData/SDKStatCaches.noindex/iphoneos26.2-23C57-3794476bd08197c3e2abd9bb477ef7f7.sdkstatcache -fmessage-length\=0 -fdiagnostics-show-note-include-stack -fmacro-backtrace-limit\=0 -fno-color-diagnostics -fmodules-prune-interval\=86400 -fmodules-prune-after\=345600 -fbuild-session-file\=/Users/khanghnguyen/Library/Developer/Xcode/DerivedData/ModuleCache.noindex/Session.modulevalidation -fmodules-validate-once-per-build-session -Wnon-modular-include-in-framework-module -Werror\=non-modular-include-in-framework-module -Wno-trigraphs -Wno-missing-field-initializers -Wno-missing-prototypes -Wno-return-type -Wno-non-virtual-dtor -Wno-overloaded-virtual -Wno-exit-time-destructors -Wno-missing-braces -Wparentheses -Wswitch -Wno-unused-function -Wno-unused-label -Wno-unused-parameter -Wno-unused-variable -Wunused-value -Wno-empty-body -Wno-uninitialized -Wno-unknown-pragmas -w -Wno-shadow -Wno-four-char-constants -Wno-conversion -Wno-constant-conversion -Wno-int-conversion -Wno-bool-conversion -Wno-enum-conversion -Wno-float-conversion -Wno-non-literal-null-conversion -Wno-objc-literal-conversion -Wshorten-64-to-32 -Wno-newline-eof -Wno-c++11-extensions -Wno-implicit-fallthrough -fstrict-aliasing -Wdeprecated-declarations -Winvalid-offsetof -Wno-sign-conversion -Wno-infinite-recursion -Wno-move -Wno-comma -Wno-block-capture-autoreleasing -Wno-strict-prototypes -Wno-range-loop-analysis -Wno-semicolon-before-method-body -index-store-path /Users/khanghnguyen/Library/Developer/Xcode/DerivedData/Wishie-gavmeupfwiyxzhaiqkwzocyeeixy/Index.noindex/DataStore @/Users/khanghnguyen/Library/Developer/Xcode/DerivedData/Wishie-gavmeupfwiyxzhaiqkwzocyeeixy/Build/Intermediates.noindex/leveldb.build/Debug-iphoneos/leveldb.build/Objects-normal/arm64/82b82416624d2658e5098eb0a28c15c5-common-args.resp -MMD -MT dependencies -MF /Users/khanghnguyen/Library/Developer/Xcode/DerivedData/Wishie-gavmeupfwiyxzhaiqkwzocyeeixy/Build/Intermediates.noindex/leveldb.build/Debug-iphoneos/leveldb.build/Objects-normal/arm64/options.d --serialize-diagnostics /Users/khanghnguyen/Library/Developer/Xcode/DerivedData/Wishie-gavmeupfwiyxzhaiqkwzocyeeixy/Build/Intermediates.noindex/leveldb.build/Debug-iphoneos/leveldb.build/Objects-normal/arm64/options.dia -c /Users/khanghnguyen/Library/Developer/Xcode/DerivedData/Wishie-gavmeupfwiyxzhaiqkwzocyeeixy/SourcePackages/checkouts/leveldb/util/options.cc -o /Users/khanghnguyen/Library/Developer/Xcode/DerivedData/Wishie-gavmeupfwiyxzhaiqkwzocyeeixy/Build/Intermediates.noindex/leveldb.build/Debug-iphoneos/leveldb.build/Objects-normal/arm64/options.o -index-unit-output-path /leveldb.build/Debug-iphoneos/leveldb.build/Objects-normal/arm64/options.o

CompileC /Users/khanghnguyen/Library/Developer/Xcode/DerivedData/Wishie-gavmeupfwiyxzhaiqkwzocyeeixy/Build/Intermediates.noindex/leveldb.build/Debug-iphoneos/leveldb.build/Objects-normal/arm64/merger.o /Users/khanghnguyen/Library/Developer/Xcode/DerivedData/Wishie-gavmeupfwiyxzhaiqkwzocyeeixy/SourcePackages/checkouts/leveldb/table/merger.cc normal arm64 c++ com.apple.compilers.llvm.clang.1_0.compiler (in target 'leveldb' from project 'leveldb')
    cd /Users/khanghnguyen/Downloads/Wishie/Wishie.xcodeproj
    
    Using response file: /Users/khanghnguyen/Library/Developer/Xcode/DerivedData/Wishie-gavmeupfwiyxzhaiqkwzocyeeixy/Build/Intermediates.noindex/leveldb.build/Debug-iphoneos/leveldb.build/Objects-normal/arm64/82b82416624d2658e5098eb0a28c15c5-common-args.resp
    
    /Applications/Xcode.app/Contents/Developer/Toolchains/XcodeDefault.xctoolchain/usr/bin/clang -x c++ -ivfsstatcache /Users/khanghnguyen/Library/Developer/Xcode/DerivedData/SDKStatCaches.noindex/iphoneos26.2-23C57-3794476bd08197c3e2abd9bb477ef7f7.sdkstatcache -fmessage-length\=0 -fdiagnostics-show-note-include-stack -fmacro-backtrace-limit\=0 -fno-color-diagnostics -fmodules-prune-interval\=86400 -fmodules-prune-after\=345600 -fbuild-session-file\=/Users/khanghnguyen/Library/Developer/Xcode/DerivedData/ModuleCache.noindex/Session.modulevalidation -fmodules-validate-once-per-build-session -Wnon-modular-include-in-framework-module -Werror\=non-modular-include-in-framework-module -Wno-trigraphs -Wno-missing-field-initializers -Wno-missing-prototypes -Wno-return-type -Wno-non-virtual-dtor -Wno-overloaded-virtual -Wno-exit-time-destructors -Wno-missing-braces -Wparentheses -Wswitch -Wno-unused-function -Wno-unused-label -Wno-unused-parameter -Wno-unused-variable -Wunused-value -Wno-empty-body -Wno-uninitialized -Wno-unknown-pragmas -w -Wno-shadow -Wno-four-char-constants -Wno-conversion -Wno-constant-conversion -Wno-int-conversion -Wno-bool-conversion -Wno-enum-conversion -Wno-float-conversion -Wno-non-literal-null-conversion -Wno-objc-literal-conversion -Wshorten-64-to-32 -Wno-newline-eof -Wno-c++11-extensions -Wno-implicit-fallthrough -fstrict-aliasing -Wdeprecated-declarations -Winvalid-offsetof -Wno-sign-conversion -Wno-infinite-recursion -Wno-move -Wno-comma -Wno-block-capture-autoreleasing -Wno-strict-prototypes -Wno-range-loop-analysis -Wno-semicolon-before-method-body -index-store-path /Users/khanghnguyen/Library/Developer/Xcode/DerivedData/Wishie-gavmeupfwiyxzhaiqkwzocyeeixy/Index.noindex/DataStore @/Users/khanghnguyen/Library/Developer/Xcode/DerivedData/Wishie-gavmeupfwiyxzhaiqkwzocyeeixy/Build/Intermediates.noindex/leveldb.build/Debug-iphoneos/leveldb.build/Objects-normal/arm64/82b82416624d2658e5098eb0a28c15c5-common-args.resp -MMD -MT dependencies -MF /Users/khanghnguyen/Library/Developer/Xcode/DerivedData/Wishie-gavmeupfwiyxzhaiqkwzocyeeixy/Build/Intermediates.noindex/leveldb.build/Debug-iphoneos/leveldb.build/Objects-normal/arm64/merger.d --serialize-diagnostics /Users/khanghnguyen/Library/Developer/Xcode/DerivedData/Wishie-gavmeupfwiyxzhaiqkwzocyeeixy/Build/Intermediates.noindex/leveldb.build/Debug-iphoneos/leveldb.build/Objects-normal/arm64/merger.dia -c /Users/khanghnguyen/Library/Developer/Xcode/DerivedData/Wishie-gavmeupfwiyxzhaiqkwzocyeeixy/SourcePackages/checkouts/leveldb/table/merger.cc -o /Users/khanghnguyen/Library/Developer/Xcode/DerivedData/Wishie-gavmeupfwiyxzhaiqkwzocyeeixy/Build/Intermediates.noindex/leveldb.build/Debug-iphoneos/leveldb.build/Objects-normal/arm64/merger.o -index-unit-output-path /leveldb.build/Debug-iphoneos/leveldb.build/Objects-normal/arm64/merger.o

CompileC /Users/khanghnguyen/Library/Developer/Xcode/DerivedData/Wishie-gavmeupfwiyxzhaiqkwzocyeeixy/Build/Intermediates.noindex/leveldb.build/Debug-iphoneos/leveldb.build/Objects-normal/arm64/memtable.o /Users/khanghnguyen/Library/Developer/Xcode/DerivedData/Wishie-gavmeupfwiyxzhaiqkwzocyeeixy/SourcePackages/checkouts/leveldb/db/memtable.cc normal arm64 c++ com.apple.compilers.llvm.clang.1_0.compiler (in target 'leveldb' from project 'leveldb')
    cd /Users/khanghnguyen/Downloads/Wishie/Wishie.xcodeproj
    
    Using response file: /Users/khanghnguyen/Library/Developer/Xcode/DerivedData/Wishie-gavmeupfwiyxzhaiqkwzocyeeixy/Build/Intermediates.noindex/leveldb.build/Debug-iphoneos/leveldb.build/Objects-normal/arm64/82b82416624d2658e5098eb0a28c15c5-common-args.resp
    
    /Applications/Xcode.app/Contents/Developer/Toolchains/XcodeDefault.xctoolchain/usr/bin/clang -x c++ -ivfsstatcache /Users/khanghnguyen/Library/Developer/Xcode/DerivedData/SDKStatCaches.noindex/iphoneos26.2-23C57-3794476bd08197c3e2abd9bb477ef7f7.sdkstatcache -fmessage-length\=0 -fdiagnostics-show-note-include-stack -fmacro-backtrace-limit\=0 -fno-color-diagnostics -fmodules-prune-interval\=86400 -fmodules-prune-after\=345600 -fbuild-session-file\=/Users/khanghnguyen/Library/Developer/Xcode/DerivedData/ModuleCache.noindex/Session.modulevalidation -fmodules-validate-once-per-build-session -Wnon-modular-include-in-framework-module -Werror\=non-modular-include-in-framework-module -Wno-trigraphs -Wno-missing-field-initializers -Wno-missing-prototypes -Wno-return-type -Wno-non-virtual-dtor -Wno-overloaded-virtual -Wno-exit-time-destructors -Wno-missing-braces -Wparentheses -Wswitch -Wno-unused-function -Wno-unused-label -Wno-unused-parameter -Wno-unused-variable -Wunused-value -Wno-empty-body -Wno-uninitialized -Wno-unknown-pragmas -w -Wno-shadow -Wno-four-char-constants -Wno-conversion -Wno-constant-conversion -Wno-int-conversion -Wno-bool-conversion -Wno-enum-conversion -Wno-float-conversion -Wno-non-literal-null-conversion -Wno-objc-literal-conversion -Wshorten-64-to-32 -Wno-newline-eof -Wno-c++11-extensions -Wno-implicit-fallthrough -fstrict-aliasing -Wdeprecated-declarations -Winvalid-offsetof -Wno-sign-conversion -Wno-infinite-recursion -Wno-move -Wno-comma -Wno-block-capture-autoreleasing -Wno-strict-prototypes -Wno-range-loop-analysis -Wno-semicolon-before-method-body -index-store-path /Users/khanghnguyen/Library/Developer/Xcode/DerivedData/Wishie-gavmeupfwiyxzhaiqkwzocyeeixy/Index.noindex/DataStore @/Users/khanghnguyen/Library/Developer/Xcode/DerivedData/Wishie-gavmeupfwiyxzhaiqkwzocyeeixy/Build/Intermediates.noindex/leveldb.build/Debug-iphoneos/leveldb.build/Objects-normal/arm64/82b82416624d2658e5098eb0a28c15c5-common-args.resp -MMD -MT dependencies -MF /Users/khanghnguyen/Library/Developer/Xcode/DerivedData/Wishie-gavmeupfwiyxzhaiqkwzocyeeixy/Build/Intermediates.noindex/leveldb.build/Debug-iphoneos/leveldb.build/Objects-normal/arm64/memtable.d --serialize-diagnostics /Users/khanghnguyen/Library/Developer/Xcode/DerivedData/Wishie-gavmeupfwiyxzhaiqkwzocyeeixy/Build/Intermediates.noindex/leveldb.build/Debug-iphoneos/leveldb.build/Objects-normal/arm64/memtable.dia -c /Users/khanghnguyen/Library/Developer/Xcode/DerivedData/Wishie-gavmeupfwiyxzhaiqkwzocyeeixy/SourcePackages/checkouts/leveldb/db/memtable.cc -o /Users/khanghnguyen/Library/Developer/Xcode/DerivedData/Wishie-gavmeupfwiyxzhaiqkwzocyeeixy/Build/Intermediates.noindex/leveldb.build/Debug-iphoneos/leveldb.build/Objects-normal/arm64/memtable.o -index-unit-output-path /leveldb.build/Debug-iphoneos/leveldb.build/Objects-normal/arm64/memtable.o

CompileC /Users/khanghnguyen/Library/Developer/Xcode/DerivedData/Wishie-gavmeupfwiyxzhaiqkwzocyeeixy/Build/Intermediates.noindex/leveldb.build/Debug-iphoneos/leveldb.build/Objects-normal/arm64/logging.o /Users/khanghnguyen/Library/Developer/Xcode/DerivedData/Wishie-gavmeupfwiyxzhaiqkwzocyeeixy/SourcePackages/checkouts/leveldb/util/logging.cc normal arm64 c++ com.apple.compilers.llvm.clang.1_0.compiler (in target 'leveldb' from project 'leveldb')
    cd /Users/khanghnguyen/Downloads/Wishie/Wishie.xcodeproj
    
    Using response file: /Users/khanghnguyen/Library/Developer/Xcode/DerivedData/Wishie-gavmeupfwiyxzhaiqkwzocyeeixy/Build/Intermediates.noindex/leveldb.build/Debug-iphoneos/leveldb.build/Objects-normal/arm64/82b82416624d2658e5098eb0a28c15c5-common-args.resp
    
    /Applications/Xcode.app/Contents/Developer/Toolchains/XcodeDefault.xctoolchain/usr/bin/clang -x c++ -ivfsstatcache /Users/khanghnguyen/Library/Developer/Xcode/DerivedData/SDKStatCaches.noindex/iphoneos26.2-23C57-3794476bd08197c3e2abd9bb477ef7f7.sdkstatcache -fmessage-length\=0 -fdiagnostics-show-note-include-stack -fmacro-backtrace-limit\=0 -fno-color-diagnostics -fmodules-prune-interval\=86400 -fmodules-prune-after\=345600 -fbuild-session-file\=/Users/khanghnguyen/Library/Developer/Xcode/DerivedData/ModuleCache.noindex/Session.modulevalidation -fmodules-validate-once-per-build-session -Wnon-modular-include-in-framework-module -Werror\=non-modular-include-in-framework-module -Wno-trigraphs -Wno-missing-field-initializers -Wno-missing-prototypes -Wno-return-type -Wno-non-virtual-dtor -Wno-overloaded-virtual -Wno-exit-time-destructors -Wno-missing-braces -Wparentheses -Wswitch -Wno-unused-function -Wno-unused-label -Wno-unused-parameter -Wno-unused-variable -Wunused-value -Wno-empty-body -Wno-uninitialized -Wno-unknown-pragmas -w -Wno-shadow -Wno-four-char-constants -Wno-conversion -Wno-constant-conversion -Wno-int-conversion -Wno-bool-conversion -Wno-enum-conversion -Wno-float-conversion -Wno-non-literal-null-conversion -Wno-objc-literal-conversion -Wshorten-64-to-32 -Wno-newline-eof -Wno-c++11-extensions -Wno-implicit-fallthrough -fstrict-aliasing -Wdeprecated-declarations -Winvalid-offsetof -Wno-sign-conversion -Wno-infinite-recursion -Wno-move -Wno-comma -Wno-block-capture-autoreleasing -Wno-strict-prototypes -Wno-range-loop-analysis -Wno-semicolon-before-method-body -index-store-path /Users/khanghnguyen/Library/Developer/Xcode/DerivedData/Wishie-gavmeupfwiyxzhaiqkwzocyeeixy/Index.noindex/DataStore @/Users/khanghnguyen/Library/Developer/Xcode/DerivedData/Wishie-gavmeupfwiyxzhaiqkwzocyeeixy/Build/Intermediates.noindex/leveldb.build/Debug-iphoneos/leveldb.build/Objects-normal/arm64/82b82416624d2658e5098eb0a28c15c5-common-args.resp -MMD -MT dependencies -MF /Users/khanghnguyen/Library/Developer/Xcode/DerivedData/Wishie-gavmeupfwiyxzhaiqkwzocyeeixy/Build/Intermediates.noindex/leveldb.build/Debug-iphoneos/leveldb.build/Objects-normal/arm64/logging.d --serialize-diagnostics /Users/khanghnguyen/Library/Developer/Xcode/DerivedData/Wishie-gavmeupfwiyxzhaiqkwzocyeeixy/Build/Intermediates.noindex/leveldb.build/Debug-iphoneos/leveldb.build/Objects-normal/arm64/logging.dia -c /Users/khanghnguyen/Library/Developer/Xcode/DerivedData/Wishie-gavmeupfwiyxzhaiqkwzocyeeixy/SourcePackages/checkouts/leveldb/util/logging.cc -o /Users/khanghnguyen/Library/Developer/Xcode/DerivedData/Wishie-gavmeupfwiyxzhaiqkwzocyeeixy/Build/Intermediates.noindex/leveldb.build/Debug-iphoneos/leveldb.build/Objects-normal/arm64/logging.o -index-unit-output-path /leveldb.build/Debug-iphoneos/leveldb.build/Objects-normal/arm64/logging.o

CompileC /Users/khanghnguyen/Library/Developer/Xcode/DerivedData/Wishie-gavmeupfwiyxzhaiqkwzocyeeixy/Build/Intermediates.noindex/leveldb.build/Debug-iphoneos/leveldb.build/Objects-normal/arm64/log_writer.o /Users/khanghnguyen/Library/Developer/Xcode/DerivedData/Wishie-gavmeupfwiyxzhaiqkwzocyeeixy/SourcePackages/checkouts/leveldb/db/log_writer.cc normal arm64 c++ com.apple.compilers.llvm.clang.1_0.compiler (in target 'leveldb' from project 'leveldb')
    cd /Users/khanghnguyen/Downloads/Wishie/Wishie.xcodeproj
    
    Using response file: /Users/khanghnguyen/Library/Developer/Xcode/DerivedData/Wishie-gavmeupfwiyxzhaiqkwzocyeeixy/Build/Intermediates.noindex/leveldb.build/Debug-iphoneos/leveldb.build/Objects-normal/arm64/82b82416624d2658e5098eb0a28c15c5-common-args.resp
    
    /Applications/Xcode.app/Contents/Developer/Toolchains/XcodeDefault.xctoolchain/usr/bin/clang -x c++ -ivfsstatcache /Users/khanghnguyen/Library/Developer/Xcode/DerivedData/SDKStatCaches.noindex/iphoneos26.2-23C57-3794476bd08197c3e2abd9bb477ef7f7.sdkstatcache -fmessage-length\=0 -fdiagnostics-show-note-include-stack -fmacro-backtrace-limit\=0 -fno-color-diagnostics -fmodules-prune-interval\=86400 -fmodules-prune-after\=345600 -fbuild-session-file\=/Users/khanghnguyen/Library/Developer/Xcode/DerivedData/ModuleCache.noindex/Session.modulevalidation -fmodules-validate-once-per-build-session -Wnon-modular-include-in-framework-module -Werror\=non-modular-include-in-framework-module -Wno-trigraphs -Wno-missing-field-initializers -Wno-missing-prototypes -Wno-return-type -Wno-non-virtual-dtor -Wno-overloaded-virtual -Wno-exit-time-destructors -Wno-missing-braces -Wparentheses -Wswitch -Wno-unused-function -Wno-unused-label -Wno-unused-parameter -Wno-unused-variable -Wunused-value -Wno-empty-body -Wno-uninitialized -Wno-unknown-pragmas -w -Wno-shadow -Wno-four-char-constants -Wno-conversion -Wno-constant-conversion -Wno-int-conversion -Wno-bool-conversion -Wno-enum-conversion -Wno-float-conversion -Wno-non-literal-null-conversion -Wno-objc-literal-conversion -Wshorten-64-to-32 -Wno-newline-eof -Wno-c++11-extensions -Wno-implicit-fallthrough -fstrict-aliasing -Wdeprecated-declarations -Winvalid-offsetof -Wno-sign-conversion -Wno-infinite-recursion -Wno-move -Wno-comma -Wno-block-capture-autoreleasing -Wno-strict-prototypes -Wno-range-loop-analysis -Wno-semicolon-before-method-body -index-store-path /Users/khanghnguyen/Library/Developer/Xcode/DerivedData/Wishie-gavmeupfwiyxzhaiqkwzocyeeixy/Index.noindex/DataStore @/Users/khanghnguyen/Library/Developer/Xcode/DerivedData/Wishie-gavmeupfwiyxzhaiqkwzocyeeixy/Build/Intermediates.noindex/leveldb.build/Debug-iphoneos/leveldb.build/Objects-normal/arm64/82b82416624d2658e5098eb0a28c15c5-common-args.resp -MMD -MT dependencies -MF /Users/khanghnguyen/Library/Developer/Xcode/DerivedData/Wishie-gavmeupfwiyxzhaiqkwzocyeeixy/Build/Intermediates.noindex/leveldb.build/Debug-iphoneos/leveldb.build/Objects-normal/arm64/log_writer.d --serialize-diagnostics /Users/khanghnguyen/Library/Developer/Xcode/DerivedData/Wishie-gavmeupfwiyxzhaiqkwzocyeeixy/Build/Intermediates.noindex/leveldb.build/Debug-iphoneos/leveldb.build/Objects-normal/arm64/log_writer.dia -c /Users/khanghnguyen/Library/Developer/Xcode/DerivedData/Wishie-gavmeupfwiyxzhaiqkwzocyeeixy/SourcePackages/checkouts/leveldb/db/log_writer.cc -o /Users/khanghnguyen/Library/Developer/Xcode/DerivedData/Wishie-gavmeupfwiyxzhaiqkwzocyeeixy/Build/Intermediates.noindex/leveldb.build/Debug-iphoneos/leveldb.build/Objects-normal/arm64/log_writer.o -index-unit-output-path /leveldb.build/Debug-iphoneos/leveldb.build/Objects-normal/arm64/log_writer.o

CompileC /Users/khanghnguyen/Library/Developer/Xcode/DerivedData/Wishie-gavmeupfwiyxzhaiqkwzocyeeixy/Build/Intermediates.noindex/leveldb.build/Debug-iphoneos/leveldb.build/Objects-normal/arm64/log_reader.o /Users/khanghnguyen/Library/Developer/Xcode/DerivedData/Wishie-gavmeupfwiyxzhaiqkwzocyeeixy/SourcePackages/checkouts/leveldb/db/log_reader.cc normal arm64 c++ com.apple.compilers.llvm.clang.1_0.compiler (in target 'leveldb' from project 'leveldb')
    cd /Users/khanghnguyen/Downloads/Wishie/Wishie.xcodeproj
    
    Using response file: /Users/khanghnguyen/Library/Developer/Xcode/DerivedData/Wishie-gavmeupfwiyxzhaiqkwzocyeeixy/Build/Intermediates.noindex/leveldb.build/Debug-iphoneos/leveldb.build/Objects-normal/arm64/82b82416624d2658e5098eb0a28c15c5-common-args.resp
    
    /Applications/Xcode.app/Contents/Developer/Toolchains/XcodeDefault.xctoolchain/usr/bin/clang -x c++ -ivfsstatcache /Users/khanghnguyen/Library/Developer/Xcode/DerivedData/SDKStatCaches.noindex/iphoneos26.2-23C57-3794476bd08197c3e2abd9bb477ef7f7.sdkstatcache -fmessage-length\=0 -fdiagnostics-show-note-include-stack -fmacro-backtrace-limit\=0 -fno-color-diagnostics -fmodules-prune-interval\=86400 -fmodules-prune-after\=345600 -fbuild-session-file\=/Users/khanghnguyen/Library/Developer/Xcode/DerivedData/ModuleCache.noindex/Session.modulevalidation -fmodules-validate-once-per-build-session -Wnon-modular-include-in-framework-module -Werror\=non-modular-include-in-framework-module -Wno-trigraphs -Wno-missing-field-initializers -Wno-missing-prototypes -Wno-return-type -Wno-non-virtual-dtor -Wno-overloaded-virtual -Wno-exit-time-destructors -Wno-missing-braces -Wparentheses -Wswitch -Wno-unused-function -Wno-unused-label -Wno-unused-parameter -Wno-unused-variable -Wunused-value -Wno-empty-body -Wno-uninitialized -Wno-unknown-pragmas -w -Wno-shadow -Wno-four-char-constants -Wno-conversion -Wno-constant-conversion -Wno-int-conversion -Wno-bool-conversion -Wno-enum-conversion -Wno-float-conversion -Wno-non-literal-null-conversion -Wno-objc-literal-conversion -Wshorten-64-to-32 -Wno-newline-eof -Wno-c++11-extensions -Wno-implicit-fallthrough -fstrict-aliasing -Wdeprecated-declarations -Winvalid-offsetof -Wno-sign-conversion -Wno-infinite-recursion -Wno-move -Wno-comma -Wno-block-capture-autoreleasing -Wno-strict-prototypes -Wno-range-loop-analysis -Wno-semicolon-before-method-body -index-store-path /Users/khanghnguyen/Library/Developer/Xcode/DerivedData/Wishie-gavmeupfwiyxzhaiqkwzocyeeixy/Index.noindex/DataStore @/Users/khanghnguyen/Library/Developer/Xcode/DerivedData/Wishie-gavmeupfwiyxzhaiqkwzocyeeixy/Build/Intermediates.noindex/leveldb.build/Debug-iphoneos/leveldb.build/Objects-normal/arm64/82b82416624d2658e5098eb0a28c15c5-common-args.resp -MMD -MT dependencies -MF /Users/khanghnguyen/Library/Developer/Xcode/DerivedData/Wishie-gavmeupfwiyxzhaiqkwzocyeeixy/Build/Intermediates.noindex/leveldb.build/Debug-iphoneos/leveldb.build/Objects-normal/arm64/log_reader.d --serialize-diagnostics /Users/khanghnguyen/Library/Developer/Xcode/DerivedData/Wishie-gavmeupfwiyxzhaiqkwzocyeeixy/Build/Intermediates.noindex/leveldb.build/Debug-iphoneos/leveldb.build/Objects-normal/arm64/log_reader.dia -c /Users/khanghnguyen/Library/Developer/Xcode/DerivedData/Wishie-gavmeupfwiyxzhaiqkwzocyeeixy/SourcePackages/checkouts/leveldb/db/log_reader.cc -o /Users/khanghnguyen/Library/Developer/Xcode/DerivedData/Wishie-gavmeupfwiyxzhaiqkwzocyeeixy/Build/Intermediates.noindex/leveldb.build/Debug-iphoneos/leveldb.build/Objects-normal/arm64/log_reader.o -index-unit-output-path /leveldb.build/Debug-iphoneos/leveldb.build/Objects-normal/arm64/log_reader.o

CompileC /Users/khanghnguyen/Library/Developer/Xcode/DerivedData/Wishie-gavmeupfwiyxzhaiqkwzocyeeixy/Build/Intermediates.noindex/leveldb.build/Debug-iphoneos/leveldb.build/Objects-normal/arm64/iterator.o /Users/khanghnguyen/Library/Developer/Xcode/DerivedData/Wishie-gavmeupfwiyxzhaiqkwzocyeeixy/SourcePackages/checkouts/leveldb/table/iterator.cc normal arm64 c++ com.apple.compilers.llvm.clang.1_0.compiler (in target 'leveldb' from project 'leveldb')
    cd /Users/khanghnguyen/Downloads/Wishie/Wishie.xcodeproj
    
    Using response file: /Users/khanghnguyen/Library/Developer/Xcode/DerivedData/Wishie-gavmeupfwiyxzhaiqkwzocyeeixy/Build/Intermediates.noindex/leveldb.build/Debug-iphoneos/leveldb.build/Objects-normal/arm64/82b82416624d2658e5098eb0a28c15c5-common-args.resp
    
    /Applications/Xcode.app/Contents/Developer/Toolchains/XcodeDefault.xctoolchain/usr/bin/clang -x c++ -ivfsstatcache /Users/khanghnguyen/Library/Developer/Xcode/DerivedData/SDKStatCaches.noindex/iphoneos26.2-23C57-3794476bd08197c3e2abd9bb477ef7f7.sdkstatcache -fmessage-length\=0 -fdiagnostics-show-note-include-stack -fmacro-backtrace-limit\=0 -fno-color-diagnostics -fmodules-prune-interval\=86400 -fmodules-prune-after\=345600 -fbuild-session-file\=/Users/khanghnguyen/Library/Developer/Xcode/DerivedData/ModuleCache.noindex/Session.modulevalidation -fmodules-validate-once-per-build-session -Wnon-modular-include-in-framework-module -Werror\=non-modular-include-in-framework-module -Wno-trigraphs -Wno-missing-field-initializers -Wno-missing-prototypes -Wno-return-type -Wno-non-virtual-dtor -Wno-overloaded-virtual -Wno-exit-time-destructors -Wno-missing-braces -Wparentheses -Wswitch -Wno-unused-function -Wno-unused-label -Wno-unused-parameter -Wno-unused-variable -Wunused-value -Wno-empty-body -Wno-uninitialized -Wno-unknown-pragmas -w -Wno-shadow -Wno-four-char-constants -Wno-conversion -Wno-constant-conversion -Wno-int-conversion -Wno-bool-conversion -Wno-enum-conversion -Wno-float-conversion -Wno-non-literal-null-conversion -Wno-objc-literal-conversion -Wshorten-64-to-32 -Wno-newline-eof -Wno-c++11-extensions -Wno-implicit-fallthrough -fstrict-aliasing -Wdeprecated-declarations -Winvalid-offsetof -Wno-sign-conversion -Wno-infinite-recursion -Wno-move -Wno-comma -Wno-block-capture-autoreleasing -Wno-strict-prototypes -Wno-range-loop-analysis -Wno-semicolon-before-method-body -index-store-path /Users/khanghnguyen/Library/Developer/Xcode/DerivedData/Wishie-gavmeupfwiyxzhaiqkwzocyeeixy/Index.noindex/DataStore @/Users/khanghnguyen/Library/Developer/Xcode/DerivedData/Wishie-gavmeupfwiyxzhaiqkwzocyeeixy/Build/Intermediates.noindex/leveldb.build/Debug-iphoneos/leveldb.build/Objects-normal/arm64/82b82416624d2658e5098eb0a28c15c5-common-args.resp -MMD -MT dependencies -MF /Users/khanghnguyen/Library/Developer/Xcode/DerivedData/Wishie-gavmeupfwiyxzhaiqkwzocyeeixy/Build/Intermediates.noindex/leveldb.build/Debug-iphoneos/leveldb.build/Objects-normal/arm64/iterator.d --serialize-diagnostics /Users/khanghnguyen/Library/Developer/Xcode/DerivedData/Wishie-gavmeupfwiyxzhaiqkwzocyeeixy/Build/Intermediates.noindex/leveldb.build/Debug-iphoneos/leveldb.build/Objects-normal/arm64/iterator.dia -c /Users/khanghnguyen/Library/Developer/Xcode/DerivedData/Wishie-gavmeupfwiyxzhaiqkwzocyeeixy/SourcePackages/checkouts/leveldb/table/iterator.cc -o /Users/khanghnguyen/Library/Developer/Xcode/DerivedData/Wishie-gavmeupfwiyxzhaiqkwzocyeeixy/Build/Intermediates.noindex/leveldb.build/Debug-iphoneos/leveldb.build/Objects-normal/arm64/iterator.o -index-unit-output-path /leveldb.build/Debug-iphoneos/leveldb.build/Objects-normal/arm64/iterator.o

SwiftDriverJobDiscovery normal arm64 Emitting module for FirebaseSharedSwift (in target 'FirebaseSharedSwift' from project 'Firebase')

SwiftDriverJobDiscovery normal arm64 Emitting module for HTTPTypes (in target 'HTTPTypes' from project 'swift-http-types')

SwiftDriverJobDiscovery normal arm64 Emitting module for ConcurrencyExtras (in target 'ConcurrencyExtras' from project 'swift-concurrency-extras')

SwiftDriverJobDiscovery normal arm64 Emitting module for Crypto (in target 'Crypto' from project 'swift-crypto')

SwiftMergeGeneratedHeaders /Users/khanghnguyen/Library/Developer/Xcode/DerivedData/Wishie-gavmeupfwiyxzhaiqkwzocyeeixy/Build/Intermediates.noindex/GeneratedModuleMaps-iphoneos/IssueReportingPackageSupport-Swift.h /Users/khanghnguyen/Library/Developer/Xcode/DerivedData/Wishie-gavmeupfwiyxzhaiqkwzocyeeixy/Build/Intermediates.noindex/xctest-dynamic-overlay.build/Debug-iphoneos/IssueReportingPackageSupport.build/Objects-normal/arm64/IssueReportingPackageSupport-Swift.h (in target 'IssueReportingPackageSupport' from project 'xctest-dynamic-overlay')
    cd /Users/khanghnguyen/Library/Developer/Xcode/DerivedData/Wishie-gavmeupfwiyxzhaiqkwzocyeeixy/SourcePackages/checkouts/xctest-dynamic-overlay
    builtin-swiftHeaderTool -arch arm64 /Users/khanghnguyen/Library/Developer/Xcode/DerivedData/Wishie-gavmeupfwiyxzhaiqkwzocyeeixy/Build/Intermediates.noindex/xctest-dynamic-overlay.build/Debug-iphoneos/IssueReportingPackageSupport.build/Objects-normal/arm64/IssueReportingPackageSupport-Swift.h -o /Users/khanghnguyen/Library/Developer/Xcode/DerivedData/Wishie-gavmeupfwiyxzhaiqkwzocyeeixy/Build/Intermediates.noindex/GeneratedModuleMaps-iphoneos/IssueReportingPackageSupport-Swift.h

Copy /Users/khanghnguyen/Library/Developer/Xcode/DerivedData/Wishie-gavmeupfwiyxzhaiqkwzocyeeixy/Build/Products/Debug-iphoneos/IssueReportingPackageSupport.swiftmodule/arm64-apple-ios.swiftmodule /Users/khanghnguyen/Library/Developer/Xcode/DerivedData/Wishie-gavmeupfwiyxzhaiqkwzocyeeixy/Build/Intermediates.noindex/xctest-dynamic-overlay.build/Debug-iphoneos/IssueReportingPackageSupport.build/Objects-normal/arm64/IssueReportingPackageSupport.swiftmodule (in target 'IssueReportingPackageSupport' from project 'xctest-dynamic-overlay')
    cd /Users/khanghnguyen/Library/Developer/Xcode/DerivedData/Wishie-gavmeupfwiyxzhaiqkwzocyeeixy/SourcePackages/checkouts/xctest-dynamic-overlay
    builtin-copy -exclude .DS_Store -exclude CVS -exclude .svn -exclude .git -exclude .hg -resolve-src-symlinks -rename /Users/khanghnguyen/Library/Developer/Xcode/DerivedData/Wishie-gavmeupfwiyxzhaiqkwzocyeeixy/Build/Intermediates.noindex/xctest-dynamic-overlay.build/Debug-iphoneos/IssueReportingPackageSupport.build/Objects-normal/arm64/IssueReportingPackageSupport.swiftmodule /Users/khanghnguyen/Library/Developer/Xcode/DerivedData/Wishie-gavmeupfwiyxzhaiqkwzocyeeixy/Build/Products/Debug-iphoneos/IssueReportingPackageSupport.swiftmodule/arm64-apple-ios.swiftmodule

Copy /Users/khanghnguyen/Library/Developer/Xcode/DerivedData/Wishie-gavmeupfwiyxzhaiqkwzocyeeixy/Build/Products/Debug-iphoneos/IssueReportingPackageSupport.swiftmodule/arm64-apple-ios.swiftdoc /Users/khanghnguyen/Library/Developer/Xcode/DerivedData/Wishie-gavmeupfwiyxzhaiqkwzocyeeixy/Build/Intermediates.noindex/xctest-dynamic-overlay.build/Debug-iphoneos/IssueReportingPackageSupport.build/Objects-normal/arm64/IssueReportingPackageSupport.swiftdoc (in target 'IssueReportingPackageSupport' from project 'xctest-dynamic-overlay')
    cd /Users/khanghnguyen/Library/Developer/Xcode/DerivedData/Wishie-gavmeupfwiyxzhaiqkwzocyeeixy/SourcePackages/checkouts/xctest-dynamic-overlay
    builtin-copy -exclude .DS_Store -exclude CVS -exclude .svn -exclude .git -exclude .hg -resolve-src-symlinks -rename /Users/khanghnguyen/Library/Developer/Xcode/DerivedData/Wishie-gavmeupfwiyxzhaiqkwzocyeeixy/Build/Intermediates.noindex/xctest-dynamic-overlay.build/Debug-iphoneos/IssueReportingPackageSupport.build/Objects-normal/arm64/IssueReportingPackageSupport.swiftdoc /Users/khanghnguyen/Library/Developer/Xcode/DerivedData/Wishie-gavmeupfwiyxzhaiqkwzocyeeixy/Build/Products/Debug-iphoneos/IssueReportingPackageSupport.swiftmodule/arm64-apple-ios.swiftdoc

Copy /Users/khanghnguyen/Library/Developer/Xcode/DerivedData/Wishie-gavmeupfwiyxzhaiqkwzocyeeixy/Build/Products/Debug-iphoneos/IssueReportingPackageSupport.swiftmodule/arm64-apple-ios.abi.json /Users/khanghnguyen/Library/Developer/Xcode/DerivedData/Wishie-gavmeupfwiyxzhaiqkwzocyeeixy/Build/Intermediates.noindex/xctest-dynamic-overlay.build/Debug-iphoneos/IssueReportingPackageSupport.build/Objects-normal/arm64/IssueReportingPackageSupport.abi.json (in target 'IssueReportingPackageSupport' from project 'xctest-dynamic-overlay')
    cd /Users/khanghnguyen/Library/Developer/Xcode/DerivedData/Wishie-gavmeupfwiyxzhaiqkwzocyeeixy/SourcePackages/checkouts/xctest-dynamic-overlay
    builtin-copy -exclude .DS_Store -exclude CVS -exclude .svn -exclude .git -exclude .hg -resolve-src-symlinks -rename /Users/khanghnguyen/Library/Developer/Xcode/DerivedData/Wishie-gavmeupfwiyxzhaiqkwzocyeeixy/Build/Intermediates.noindex/xctest-dynamic-overlay.build/Debug-iphoneos/IssueReportingPackageSupport.build/Objects-normal/arm64/IssueReportingPackageSupport.abi.json /Users/khanghnguyen/Library/Developer/Xcode/DerivedData/Wishie-gavmeupfwiyxzhaiqkwzocyeeixy/Build/Products/Debug-iphoneos/IssueReportingPackageSupport.swiftmodule/arm64-apple-ios.abi.json

Copy /Users/khanghnguyen/Library/Developer/Xcode/DerivedData/Wishie-gavmeupfwiyxzhaiqkwzocyeeixy/Build/Products/Debug-iphoneos/IssueReportingPackageSupport.swiftmodule/Project/arm64-apple-ios.swiftsourceinfo /Users/khanghnguyen/Library/Developer/Xcode/DerivedData/Wishie-gavmeupfwiyxzhaiqkwzocyeeixy/Build/Intermediates.noindex/xctest-dynamic-overlay.build/Debug-iphoneos/IssueReportingPackageSupport.build/Objects-normal/arm64/IssueReportingPackageSupport.swiftsourceinfo (in target 'IssueReportingPackageSupport' from project 'xctest-dynamic-overlay')
    cd /Users/khanghnguyen/Library/Developer/Xcode/DerivedData/Wishie-gavmeupfwiyxzhaiqkwzocyeeixy/SourcePackages/checkouts/xctest-dynamic-overlay
    builtin-copy -exclude .DS_Store -exclude CVS -exclude .svn -exclude .git -exclude .hg -resolve-src-symlinks -rename /Users/khanghnguyen/Library/Developer/Xcode/DerivedData/Wishie-gavmeupfwiyxzhaiqkwzocyeeixy/Build/Intermediates.noindex/xctest-dynamic-overlay.build/Debug-iphoneos/IssueReportingPackageSupport.build/Objects-normal/arm64/IssueReportingPackageSupport.swiftsourceinfo /Users/khanghnguyen/Library/Developer/Xcode/DerivedData/Wishie-gavmeupfwiyxzhaiqkwzocyeeixy/Build/Products/Debug-iphoneos/IssueReportingPackageSupport.swiftmodule/Project/arm64-apple-ios.swiftsourceinfo

SwiftDriver\ Compilation\ Requirements HTTPTypes normal arm64 com.apple.xcode.tools.swift.compiler (in target 'HTTPTypes' from project 'swift-http-types')
    cd /Users/khanghnguyen/Downloads/Wishie/Wishie.xcodeproj
    builtin-Swift-Compilation-Requirements -- /Applications/Xcode.app/Contents/Developer/Toolchains/XcodeDefault.xctoolchain/usr/bin/swiftc -module-name HTTPTypes -Onone -enforce-exclusivity\=checked @/Users/khanghnguyen/Library/Developer/Xcode/DerivedData/Wishie-gavmeupfwiyxzhaiqkwzocyeeixy/Build/Intermediates.noindex/swift-http-types.build/Debug-iphoneos/HTTPTypes.build/Objects-normal/arm64/HTTPTypes.SwiftFileList -DSWIFT_PACKAGE -DDEBUG -DSWIFT_MODULE_RESOURCE_BUNDLE_UNAVAILABLE -DXcode -enable-experimental-feature StrictConcurrency\=complete -enable-upcoming-feature MemberImportVisibility -plugin-path /Applications/Xcode.app/Contents/Developer/Toolchains/XcodeDefault.xctoolchain/usr/lib/swift/host/plugins/testing -enable-experimental-feature DebugDescriptionMacro -sdk /Applications/Xcode.app/Contents/Developer/Platforms/iPhoneOS.platform/Developer/SDKs/iPhoneOS26.2.sdk -target arm64-apple-ios12.0 -g -module-cache-path /Users/khanghnguyen/Library/Developer/Xcode/DerivedData/ModuleCache.noindex -Xfrontend -serialize-debugging-options -profile-coverage-mapping -profile-generate -enable-testing -suppress-warnings -index-store-path /Users/khanghnguyen/Library/Developer/Xcode/DerivedData/Wishie-gavmeupfwiyxzhaiqkwzocyeeixy/Index.noindex/DataStore -Xcc -D_LIBCPP_HARDENING_MODE\=_LIBCPP_HARDENING_MODE_DEBUG -swift-version 5 -I /Users/khanghnguyen/Library/Developer/Xcode/DerivedData/Wishie-gavmeupfwiyxzhaiqkwzocyeeixy/Build/Products/Debug-iphoneos -Isystem /Applications/Xcode.app/Contents/Developer/Platforms/iPhoneOS.platform/Developer/usr/lib -F /Users/khanghnguyen/Library/Developer/Xcode/DerivedData/Wishie-gavmeupfwiyxzhaiqkwzocyeeixy/Build/Products/Debug-iphoneos -F /Applications/Xcode.app/Contents/Developer/Platforms/iPhoneOS.platform/Developer/Library/Frameworks -F /Applications/Xcode.app/Contents/Developer/Platforms/iPhoneOS.platform/Developer/SDKs/iPhoneOS26.2.sdk/Developer/Library/Frameworks -c -j8 -enable-batch-mode -incremental -Xcc -ivfsstatcache -Xcc /Users/khanghnguyen/Library/Developer/Xcode/DerivedData/SDKStatCaches.noindex/iphoneos26.2-23C57-3794476bd08197c3e2abd9bb477ef7f7.sdkstatcache -output-file-map /Users/khanghnguyen/Library/Developer/Xcode/DerivedData/Wishie-gavmeupfwiyxzhaiqkwzocyeeixy/Build/Intermediates.noindex/swift-http-types.build/Debug-iphoneos/HTTPTypes.build/Objects-normal/arm64/HTTPTypes-OutputFileMap.json -use-frontend-parseable-output -save-temps -no-color-diagnostics -explicit-module-build -module-cache-path /Users/khanghnguyen/Library/Developer/Xcode/DerivedData/Wishie-gavmeupfwiyxzhaiqkwzocyeeixy/Build/Intermediates.noindex/SwiftExplicitPrecompiledModules -clang-scanner-module-cache-path /Users/khanghnguyen/Library/Developer/Xcode/DerivedData/ModuleCache.noindex -sdk-module-cache-path /Users/khanghnguyen/Library/Developer/Xcode/DerivedData/ModuleCache.noindex -serialize-diagnostics -emit-dependencies -emit-module -emit-module-path /Users/khanghnguyen/Library/Developer/Xcode/DerivedData/Wishie-gavmeupfwiyxzhaiqkwzocyeeixy/Build/Intermediates.noindex/swift-http-types.build/Debug-iphoneos/HTTPTypes.build/Objects-normal/arm64/HTTPTypes.swiftmodule -validate-clang-modules-once -clang-build-session-file /Users/khanghnguyen/Library/Developer/Xcode/DerivedData/ModuleCache.noindex/Session.modulevalidation -package-name swift_http_types -Xcc -I/Users/khanghnguyen/Library/Developer/Xcode/DerivedData/Wishie-gavmeupfwiyxzhaiqkwzocyeeixy/Build/Intermediates.noindex/swift-http-types.build/Debug-iphoneos/HTTPTypes.build/swift-overrides.hmap -emit-const-values -Xfrontend -const-gather-protocols-file -Xfrontend /Users/khanghnguyen/Library/Developer/Xcode/DerivedData/Wishie-gavmeupfwiyxzhaiqkwzocyeeixy/Build/Intermediates.noindex/swift-http-types.build/Debug-iphoneos/HTTPTypes.build/Objects-normal/arm64/HTTPTypes_const_extract_protocols.json -Xcc -I/Users/khanghnguyen/Library/Developer/Xcode/DerivedData/Wishie-gavmeupfwiyxzhaiqkwzocyeeixy/Build/Products/Debug-iphoneos/include -Xcc -I/Users/khanghnguyen/Library/Developer/Xcode/DerivedData/Wishie-gavmeupfwiyxzhaiqkwzocyeeixy/Build/Intermediates.noindex/swift-http-types.build/Debug-iphoneos/HTTPTypes.build/DerivedSources-normal/arm64 -Xcc -I/Users/khanghnguyen/Library/Developer/Xcode/DerivedData/Wishie-gavmeupfwiyxzhaiqkwzocyeeixy/Build/Intermediates.noindex/swift-http-types.build/Debug-iphoneos/HTTPTypes.build/DerivedSources/arm64 -Xcc -I/Users/khanghnguyen/Library/Developer/Xcode/DerivedData/Wishie-gavmeupfwiyxzhaiqkwzocyeeixy/Build/Intermediates.noindex/swift-http-types.build/Debug-iphoneos/HTTPTypes.build/DerivedSources -Xcc -DSWIFT_PACKAGE -Xcc -DDEBUG\=1 -emit-objc-header -emit-objc-header-path /Users/khanghnguyen/Library/Developer/Xcode/DerivedData/Wishie-gavmeupfwiyxzhaiqkwzocyeeixy/Build/Intermediates.noindex/swift-http-types.build/Debug-iphoneos/HTTPTypes.build/Objects-normal/arm64/HTTPTypes-Swift.h -working-directory /Users/khanghnguyen/Downloads/Wishie/Wishie.xcodeproj -experimental-emit-module-separately -disable-cmo

SwiftDriver\ Compilation\ Requirements FirebaseSharedSwift normal arm64 com.apple.xcode.tools.swift.compiler (in target 'FirebaseSharedSwift' from project 'Firebase')
    cd /Users/khanghnguyen/Downloads/Wishie/Wishie.xcodeproj
    builtin-Swift-Compilation-Requirements -- /Applications/Xcode.app/Contents/Developer/Toolchains/XcodeDefault.xctoolchain/usr/bin/swiftc -module-name FirebaseSharedSwift -Onone -enforce-exclusivity\=checked @/Users/khanghnguyen/Library/Developer/Xcode/DerivedData/Wishie-gavmeupfwiyxzhaiqkwzocyeeixy/Build/Intermediates.noindex/Firebase.build/Debug-iphoneos/FirebaseSharedSwift.build/Objects-normal/arm64/FirebaseSharedSwift.SwiftFileList -DSWIFT_PACKAGE -DDEBUG -DSWIFT_MODULE_RESOURCE_BUNDLE_UNAVAILABLE -DXcode -plugin-path /Applications/Xcode.app/Contents/Developer/Toolchains/XcodeDefault.xctoolchain/usr/lib/swift/host/plugins/testing -enable-experimental-feature DebugDescriptionMacro -sdk /Applications/Xcode.app/Contents/Developer/Platforms/iPhoneOS.platform/Developer/SDKs/iPhoneOS26.2.sdk -target arm64-apple-ios15.0 -g -module-cache-path /Users/khanghnguyen/Library/Developer/Xcode/DerivedData/ModuleCache.noindex -Xfrontend -serialize-debugging-options -profile-coverage-mapping -profile-generate -enable-testing -suppress-warnings -index-store-path /Users/khanghnguyen/Library/Developer/Xcode/DerivedData/Wishie-gavmeupfwiyxzhaiqkwzocyeeixy/Index.noindex/DataStore -Xcc -D_LIBCPP_HARDENING_MODE\=_LIBCPP_HARDENING_MODE_DEBUG -swift-version 5 -I /Users/khanghnguyen/Library/Developer/Xcode/DerivedData/Wishie-gavmeupfwiyxzhaiqkwzocyeeixy/Build/Products/Debug-iphoneos -Isystem /Applications/Xcode.app/Contents/Developer/Platforms/iPhoneOS.platform/Developer/usr/lib -F /Users/khanghnguyen/Library/Developer/Xcode/DerivedData/Wishie-gavmeupfwiyxzhaiqkwzocyeeixy/Build/Products/Debug-iphoneos -F /Applications/Xcode.app/Contents/Developer/Platforms/iPhoneOS.platform/Developer/Library/Frameworks -F /Applications/Xcode.app/Contents/Developer/Platforms/iPhoneOS.platform/Developer/SDKs/iPhoneOS26.2.sdk/Developer/Library/Frameworks -c -j8 -enable-batch-mode -incremental -Xcc -ivfsstatcache -Xcc /Users/khanghnguyen/Library/Developer/Xcode/DerivedData/SDKStatCaches.noindex/iphoneos26.2-23C57-3794476bd08197c3e2abd9bb477ef7f7.sdkstatcache -output-file-map /Users/khanghnguyen/Library/Developer/Xcode/DerivedData/Wishie-gavmeupfwiyxzhaiqkwzocyeeixy/Build/Intermediates.noindex/Firebase.build/Debug-iphoneos/FirebaseSharedSwift.build/Objects-normal/arm64/FirebaseSharedSwift-OutputFileMap.json -use-frontend-parseable-output -save-temps -no-color-diagnostics -explicit-module-build -module-cache-path /Users/khanghnguyen/Library/Developer/Xcode/DerivedData/Wishie-gavmeupfwiyxzhaiqkwzocyeeixy/Build/Intermediates.noindex/SwiftExplicitPrecompiledModules -clang-scanner-module-cache-path /Users/khanghnguyen/Library/Developer/Xcode/DerivedData/ModuleCache.noindex -sdk-module-cache-path /Users/khanghnguyen/Library/Developer/Xcode/DerivedData/ModuleCache.noindex -serialize-diagnostics -emit-dependencies -emit-module -emit-module-path /Users/khanghnguyen/Library/Developer/Xcode/DerivedData/Wishie-gavmeupfwiyxzhaiqkwzocyeeixy/Build/Intermediates.noindex/Firebase.build/Debug-iphoneos/FirebaseSharedSwift.build/Objects-normal/arm64/FirebaseSharedSwift.swiftmodule -user-module-version 12.13.0 -validate-clang-modules-once -clang-build-session-file /Users/khanghnguyen/Library/Developer/Xcode/DerivedData/ModuleCache.noindex/Session.modulevalidation -package-name firebase_ios_sdk -Xcc -I/Users/khanghnguyen/Library/Developer/Xcode/DerivedData/Wishie-gavmeupfwiyxzhaiqkwzocyeeixy/Build/Intermediates.noindex/Firebase.build/Debug-iphoneos/FirebaseSharedSwift.build/swift-overrides.hmap -emit-const-values -Xfrontend -const-gather-protocols-file -Xfrontend /Users/khanghnguyen/Library/Developer/Xcode/DerivedData/Wishie-gavmeupfwiyxzhaiqkwzocyeeixy/Build/Intermediates.noindex/Firebase.build/Debug-iphoneos/FirebaseSharedSwift.build/Objects-normal/arm64/FirebaseSharedSwift_const_extract_protocols.json -Xcc -I/Users/khanghnguyen/Library/Developer/Xcode/DerivedData/Wishie-gavmeupfwiyxzhaiqkwzocyeeixy/Build/Products/Debug-iphoneos/include -Xcc -I/Users/khanghnguyen/Library/Developer/Xcode/DerivedData/Wishie-gavmeupfwiyxzhaiqkwzocyeeixy/Build/Intermediates.noindex/Firebase.build/Debug-iphoneos/FirebaseSharedSwift.build/DerivedSources-normal/arm64 -Xcc -I/Users/khanghnguyen/Library/Developer/Xcode/DerivedData/Wishie-gavmeupfwiyxzhaiqkwzocyeeixy/Build/Intermediates.noindex/Firebase.build/Debug-iphoneos/FirebaseSharedSwift.build/DerivedSources/arm64 -Xcc -I/Users/khanghnguyen/Library/Developer/Xcode/DerivedData/Wishie-gavmeupfwiyxzhaiqkwzocyeeixy/Build/Intermediates.noindex/Firebase.build/Debug-iphoneos/FirebaseSharedSwift.build/DerivedSources -Xcc -DSWIFT_PACKAGE -Xcc -DDEBUG\=1 -emit-objc-header -emit-objc-header-path /Users/khanghnguyen/Library/Developer/Xcode/DerivedData/Wishie-gavmeupfwiyxzhaiqkwzocyeeixy/Build/Intermediates.noindex/Firebase.build/Debug-iphoneos/FirebaseSharedSwift.build/Objects-normal/arm64/FirebaseSharedSwift-Swift.h -working-directory /Users/khanghnguyen/Downloads/Wishie/Wishie.xcodeproj -experimental-emit-module-separately -disable-cmo

SwiftDriver\ Compilation\ Requirements Crypto normal arm64 com.apple.xcode.tools.swift.compiler (in target 'Crypto' from project 'swift-crypto')
    cd /Users/khanghnguyen/Downloads/Wishie/Wishie.xcodeproj
    builtin-Swift-Compilation-Requirements -- /Applications/Xcode.app/Contents/Developer/Toolchains/XcodeDefault.xctoolchain/usr/bin/swiftc -module-name Crypto -Onone -enforce-exclusivity\=checked @/Users/khanghnguyen/Library/Developer/Xcode/DerivedData/Wishie-gavmeupfwiyxzhaiqkwzocyeeixy/Build/Intermediates.noindex/swift-crypto.build/Debug-iphoneos/Crypto.build/Objects-normal/arm64/Crypto.SwiftFileList -DSWIFT_PACKAGE -DDEBUG -DSWIFT_MODULE_RESOURCE_BUNDLE_AVAILABLE -DCRYPTO_IN_SWIFTPM -DXcode -enable-upcoming-feature MemberImportVisibility -plugin-path /Applications/Xcode.app/Contents/Developer/Toolchains/XcodeDefault.xctoolchain/usr/lib/swift/host/plugins/testing -enable-experimental-feature DebugDescriptionMacro -sdk /Applications/Xcode.app/Contents/Developer/Platforms/iPhoneOS.platform/Developer/SDKs/iPhoneOS26.2.sdk -target arm64-apple-ios12.0 -g -module-cache-path /Users/khanghnguyen/Library/Developer/Xcode/DerivedData/ModuleCache.noindex -Xfrontend -serialize-debugging-options -profile-coverage-mapping -profile-generate -enable-testing -suppress-warnings -index-store-path /Users/khanghnguyen/Library/Developer/Xcode/DerivedData/Wishie-gavmeupfwiyxzhaiqkwzocyeeixy/Index.noindex/DataStore -Xcc -D_LIBCPP_HARDENING_MODE\=_LIBCPP_HARDENING_MODE_DEBUG -swift-version 6 -I /Users/khanghnguyen/Library/Developer/Xcode/DerivedData/Wishie-gavmeupfwiyxzhaiqkwzocyeeixy/Build/Products/Debug-iphoneos -Isystem /Applications/Xcode.app/Contents/Developer/Platforms/iPhoneOS.platform/Developer/usr/lib -F /Users/khanghnguyen/Library/Developer/Xcode/DerivedData/Wishie-gavmeupfwiyxzhaiqkwzocyeeixy/Build/Products/Debug-iphoneos -F /Applications/Xcode.app/Contents/Developer/Platforms/iPhoneOS.platform/Developer/Library/Frameworks -F /Applications/Xcode.app/Contents/Developer/Platforms/iPhoneOS.platform/Developer/SDKs/iPhoneOS26.2.sdk/Developer/Library/Frameworks -c -j8 -enable-batch-mode -incremental -Xcc -ivfsstatcache -Xcc /Users/khanghnguyen/Library/Developer/Xcode/DerivedData/SDKStatCaches.noindex/iphoneos26.2-23C57-3794476bd08197c3e2abd9bb477ef7f7.sdkstatcache -output-file-map /Users/khanghnguyen/Library/Developer/Xcode/DerivedData/Wishie-gavmeupfwiyxzhaiqkwzocyeeixy/Build/Intermediates.noindex/swift-crypto.build/Debug-iphoneos/Crypto.build/Objects-normal/arm64/Crypto-OutputFileMap.json -use-frontend-parseable-output -save-temps -no-color-diagnostics -explicit-module-build -module-cache-path /Users/khanghnguyen/Library/Developer/Xcode/DerivedData/Wishie-gavmeupfwiyxzhaiqkwzocyeeixy/Build/Intermediates.noindex/SwiftExplicitPrecompiledModules -clang-scanner-module-cache-path /Users/khanghnguyen/Library/Developer/Xcode/DerivedData/ModuleCache.noindex -sdk-module-cache-path /Users/khanghnguyen/Library/Developer/Xcode/DerivedData/ModuleCache.noindex -serialize-diagnostics -emit-dependencies -emit-module -emit-module-path /Users/khanghnguyen/Library/Developer/Xcode/DerivedData/Wishie-gavmeupfwiyxzhaiqkwzocyeeixy/Build/Intermediates.noindex/swift-crypto.build/Debug-iphoneos/Crypto.build/Objects-normal/arm64/Crypto.swiftmodule -user-module-version 4.2.0 -validate-clang-modules-once -clang-build-session-file /Users/khanghnguyen/Library/Developer/Xcode/DerivedData/ModuleCache.noindex/Session.modulevalidation -package-name swift_crypto -Xcc -I/Users/khanghnguyen/Library/Developer/Xcode/DerivedData/Wishie-gavmeupfwiyxzhaiqkwzocyeeixy/Build/Intermediates.noindex/swift-crypto.build/Debug-iphoneos/Crypto.build/swift-overrides.hmap -emit-const-values -Xfrontend -const-gather-protocols-file -Xfrontend /Users/khanghnguyen/Library/Developer/Xcode/DerivedData/Wishie-gavmeupfwiyxzhaiqkwzocyeeixy/Build/Intermediates.noindex/swift-crypto.build/Debug-iphoneos/Crypto.build/Objects-normal/arm64/Crypto_const_extract_protocols.json -Xcc -I/Users/khanghnguyen/Library/Developer/Xcode/DerivedData/Wishie-gavmeupfwiyxzhaiqkwzocyeeixy/Build/Products/Debug-iphoneos/include -Xcc -I/Users/khanghnguyen/Library/Developer/Xcode/DerivedData/Wishie-gavmeupfwiyxzhaiqkwzocyeeixy/Build/Intermediates.noindex/swift-crypto.build/Debug-iphoneos/Crypto.build/DerivedSources-normal/arm64 -Xcc -I/Users/khanghnguyen/Library/Developer/Xcode/DerivedData/Wishie-gavmeupfwiyxzhaiqkwzocyeeixy/Build/Intermediates.noindex/swift-crypto.build/Debug-iphoneos/Crypto.build/DerivedSources/arm64 -Xcc -I/Users/khanghnguyen/Library/Developer/Xcode/DerivedData/Wishie-gavmeupfwiyxzhaiqkwzocyeeixy/Build/Intermediates.noindex/swift-crypto.build/Debug-iphoneos/Crypto.build/DerivedSources -Xcc -DSWIFT_PACKAGE -Xcc -DDEBUG\=1 -emit-objc-header -emit-objc-header-path /Users/khanghnguyen/Library/Developer/Xcode/DerivedData/Wishie-gavmeupfwiyxzhaiqkwzocyeeixy/Build/Intermediates.noindex/swift-crypto.build/Debug-iphoneos/Crypto.build/Objects-normal/arm64/Crypto-Swift.h -working-directory /Users/khanghnguyen/Downloads/Wishie/Wishie.xcodeproj -experimental-emit-module-separately -disable-cmo

SwiftDriver\ Compilation\ Requirements ConcurrencyExtras normal arm64 com.apple.xcode.tools.swift.compiler (in target 'ConcurrencyExtras' from project 'swift-concurrency-extras')
    cd /Users/khanghnguyen/Downloads/Wishie/Wishie.xcodeproj
    builtin-Swift-Compilation-Requirements -- /Applications/Xcode.app/Contents/Developer/Toolchains/XcodeDefault.xctoolchain/usr/bin/swiftc -module-name ConcurrencyExtras -Onone -enforce-exclusivity\=checked @/Users/khanghnguyen/Library/Developer/Xcode/DerivedData/Wishie-gavmeupfwiyxzhaiqkwzocyeeixy/Build/Intermediates.noindex/swift-concurrency-extras.build/Debug-iphoneos/ConcurrencyExtras.build/Objects-normal/arm64/ConcurrencyExtras.SwiftFileList -DSWIFT_PACKAGE -DDEBUG -DSWIFT_MODULE_RESOURCE_BUNDLE_UNAVAILABLE -DXcode -plugin-path /Applications/Xcode.app/Contents/Developer/Toolchains/XcodeDefault.xctoolchain/usr/lib/swift/host/plugins/testing -enable-experimental-feature DebugDescriptionMacro -sdk /Applications/Xcode.app/Contents/Developer/Platforms/iPhoneOS.platform/Developer/SDKs/iPhoneOS26.2.sdk -target arm64-apple-ios13.0 -g -module-cache-path /Users/khanghnguyen/Library/Developer/Xcode/DerivedData/ModuleCache.noindex -Xfrontend -serialize-debugging-options -profile-coverage-mapping -profile-generate -enable-testing -suppress-warnings -index-store-path /Users/khanghnguyen/Library/Developer/Xcode/DerivedData/Wishie-gavmeupfwiyxzhaiqkwzocyeeixy/Index.noindex/DataStore -Xcc -D_LIBCPP_HARDENING_MODE\=_LIBCPP_HARDENING_MODE_DEBUG -swift-version 6 -I /Users/khanghnguyen/Library/Developer/Xcode/DerivedData/Wishie-gavmeupfwiyxzhaiqkwzocyeeixy/Build/Products/Debug-iphoneos -Isystem /Applications/Xcode.app/Contents/Developer/Platforms/iPhoneOS.platform/Developer/usr/lib -F /Users/khanghnguyen/Library/Developer/Xcode/DerivedData/Wishie-gavmeupfwiyxzhaiqkwzocyeeixy/Build/Products/Debug-iphoneos -F /Applications/Xcode.app/Contents/Developer/Platforms/iPhoneOS.platform/Developer/Library/Frameworks -F /Applications/Xcode.app/Contents/Developer/Platforms/iPhoneOS.platform/Developer/SDKs/iPhoneOS26.2.sdk/Developer/Library/Frameworks -c -j8 -enable-batch-mode -incremental -Xcc -ivfsstatcache -Xcc /Users/khanghnguyen/Library/Developer/Xcode/DerivedData/SDKStatCaches.noindex/iphoneos26.2-23C57-3794476bd08197c3e2abd9bb477ef7f7.sdkstatcache -output-file-map /Users/khanghnguyen/Library/Developer/Xcode/DerivedData/Wishie-gavmeupfwiyxzhaiqkwzocyeeixy/Build/Intermediates.noindex/swift-concurrency-extras.build/Debug-iphoneos/ConcurrencyExtras.build/Objects-normal/arm64/ConcurrencyExtras-OutputFileMap.json -use-frontend-parseable-output -save-temps -no-color-diagnostics -explicit-module-build -module-cache-path /Users/khanghnguyen/Library/Developer/Xcode/DerivedData/Wishie-gavmeupfwiyxzhaiqkwzocyeeixy/Build/Intermediates.noindex/SwiftExplicitPrecompiledModules -clang-scanner-module-cache-path /Users/khanghnguyen/Library/Developer/Xcode/DerivedData/ModuleCache.noindex -sdk-module-cache-path /Users/khanghnguyen/Library/Developer/Xcode/DerivedData/ModuleCache.noindex -serialize-diagnostics -emit-dependencies -emit-module -emit-module-path /Users/khanghnguyen/Library/Developer/Xcode/DerivedData/Wishie-gavmeupfwiyxzhaiqkwzocyeeixy/Build/Intermediates.noindex/swift-concurrency-extras.build/Debug-iphoneos/ConcurrencyExtras.build/Objects-normal/arm64/ConcurrencyExtras.swiftmodule -user-module-version 1.3.2 -validate-clang-modules-once -clang-build-session-file /Users/khanghnguyen/Library/Developer/Xcode/DerivedData/ModuleCache.noindex/Session.modulevalidation -package-name swift_concurrency_extras -Xcc -I/Users/khanghnguyen/Library/Developer/Xcode/DerivedData/Wishie-gavmeupfwiyxzhaiqkwzocyeeixy/Build/Intermediates.noindex/swift-concurrency-extras.build/Debug-iphoneos/ConcurrencyExtras.build/swift-overrides.hmap -emit-const-values -Xfrontend -const-gather-protocols-file -Xfrontend /Users/khanghnguyen/Library/Developer/Xcode/DerivedData/Wishie-gavmeupfwiyxzhaiqkwzocyeeixy/Build/Intermediates.noindex/swift-concurrency-extras.build/Debug-iphoneos/ConcurrencyExtras.build/Objects-normal/arm64/ConcurrencyExtras_const_extract_protocols.json -Xcc -I/Users/khanghnguyen/Library/Developer/Xcode/DerivedData/Wishie-gavmeupfwiyxzhaiqkwzocyeeixy/Build/Products/Debug-iphoneos/include -Xcc -I/Users/khanghnguyen/Library/Developer/Xcode/DerivedData/Wishie-gavmeupfwiyxzhaiqkwzocyeeixy/Build/Intermediates.noindex/swift-concurrency-extras.build/Debug-iphoneos/ConcurrencyExtras.build/DerivedSources-normal/arm64 -Xcc -I/Users/khanghnguyen/Library/Developer/Xcode/DerivedData/Wishie-gavmeupfwiyxzhaiqkwzocyeeixy/Build/Intermediates.noindex/swift-concurrency-extras.build/Debug-iphoneos/ConcurrencyExtras.build/DerivedSources/arm64 -Xcc -I/Users/khanghnguyen/Library/Developer/Xcode/DerivedData/Wishie-gavmeupfwiyxzhaiqkwzocyeeixy/Build/Intermediates.noindex/swift-concurrency-extras.build/Debug-iphoneos/ConcurrencyExtras.build/DerivedSources -Xcc -DSWIFT_PACKAGE -Xcc -DDEBUG\=1 -emit-objc-header -emit-objc-header-path /Users/khanghnguyen/Library/Developer/Xcode/DerivedData/Wishie-gavmeupfwiyxzhaiqkwzocyeeixy/Build/Intermediates.noindex/swift-concurrency-extras.build/Debug-iphoneos/ConcurrencyExtras.build/Objects-normal/arm64/ConcurrencyExtras-Swift.h -working-directory /Users/khanghnguyen/Downloads/Wishie/Wishie.xcodeproj -experimental-emit-module-separately -disable-cmo

CompileC /Users/khanghnguyen/Library/Developer/Xcode/DerivedData/Wishie-gavmeupfwiyxzhaiqkwzocyeeixy/Build/Intermediates.noindex/leveldb.build/Debug-iphoneos/leveldb.build/Objects-normal/arm64/histogram.o /Users/khanghnguyen/Library/Developer/Xcode/DerivedData/Wishie-gavmeupfwiyxzhaiqkwzocyeeixy/SourcePackages/checkouts/leveldb/util/histogram.cc normal arm64 c++ com.apple.compilers.llvm.clang.1_0.compiler (in target 'leveldb' from project 'leveldb')
    cd /Users/khanghnguyen/Downloads/Wishie/Wishie.xcodeproj
    
    Using response file: /Users/khanghnguyen/Library/Developer/Xcode/DerivedData/Wishie-gavmeupfwiyxzhaiqkwzocyeeixy/Build/Intermediates.noindex/leveldb.build/Debug-iphoneos/leveldb.build/Objects-normal/arm64/82b82416624d2658e5098eb0a28c15c5-common-args.resp
    
    /Applications/Xcode.app/Contents/Developer/Toolchains/XcodeDefault.xctoolchain/usr/bin/clang -x c++ -ivfsstatcache /Users/khanghnguyen/Library/Developer/Xcode/DerivedData/SDKStatCaches.noindex/iphoneos26.2-23C57-3794476bd08197c3e2abd9bb477ef7f7.sdkstatcache -fmessage-length\=0 -fdiagnostics-show-note-include-stack -fmacro-backtrace-limit\=0 -fno-color-diagnostics -fmodules-prune-interval\=86400 -fmodules-prune-after\=345600 -fbuild-session-file\=/Users/khanghnguyen/Library/Developer/Xcode/DerivedData/ModuleCache.noindex/Session.modulevalidation -fmodules-validate-once-per-build-session -Wnon-modular-include-in-framework-module -Werror\=non-modular-include-in-framework-module -Wno-trigraphs -Wno-missing-field-initializers -Wno-missing-prototypes -Wno-return-type -Wno-non-virtual-dtor -Wno-overloaded-virtual -Wno-exit-time-destructors -Wno-missing-braces -Wparentheses -Wswitch -Wno-unused-function -Wno-unused-label -Wno-unused-parameter -Wno-unused-variable -Wunused-value -Wno-empty-body -Wno-uninitialized -Wno-unknown-pragmas -w -Wno-shadow -Wno-four-char-constants -Wno-conversion -Wno-constant-conversion -Wno-int-conversion -Wno-bool-conversion -Wno-enum-conversion -Wno-float-conversion -Wno-non-literal-null-conversion -Wno-objc-literal-conversion -Wshorten-64-to-32 -Wno-newline-eof -Wno-c++11-extensions -Wno-implicit-fallthrough -fstrict-aliasing -Wdeprecated-declarations -Winvalid-offsetof -Wno-sign-conversion -Wno-infinite-recursion -Wno-move -Wno-comma -Wno-block-capture-autoreleasing -Wno-strict-prototypes -Wno-range-loop-analysis -Wno-semicolon-before-method-body -index-store-path /Users/khanghnguyen/Library/Developer/Xcode/DerivedData/Wishie-gavmeupfwiyxzhaiqkwzocyeeixy/Index.noindex/DataStore @/Users/khanghnguyen/Library/Developer/Xcode/DerivedData/Wishie-gavmeupfwiyxzhaiqkwzocyeeixy/Build/Intermediates.noindex/leveldb.build/Debug-iphoneos/leveldb.build/Objects-normal/arm64/82b82416624d2658e5098eb0a28c15c5-common-args.resp -MMD -MT dependencies -MF /Users/khanghnguyen/Library/Developer/Xcode/DerivedData/Wishie-gavmeupfwiyxzhaiqkwzocyeeixy/Build/Intermediates.noindex/leveldb.build/Debug-iphoneos/leveldb.build/Objects-normal/arm64/histogram.d --serialize-diagnostics /Users/khanghnguyen/Library/Developer/Xcode/DerivedData/Wishie-gavmeupfwiyxzhaiqkwzocyeeixy/Build/Intermediates.noindex/leveldb.build/Debug-iphoneos/leveldb.build/Objects-normal/arm64/histogram.dia -c /Users/khanghnguyen/Library/Developer/Xcode/DerivedData/Wishie-gavmeupfwiyxzhaiqkwzocyeeixy/SourcePackages/checkouts/leveldb/util/histogram.cc -o /Users/khanghnguyen/Library/Developer/Xcode/DerivedData/Wishie-gavmeupfwiyxzhaiqkwzocyeeixy/Build/Intermediates.noindex/leveldb.build/Debug-iphoneos/leveldb.build/Objects-normal/arm64/histogram.o -index-unit-output-path /leveldb.build/Debug-iphoneos/leveldb.build/Objects-normal/arm64/histogram.o

CompileC /Users/khanghnguyen/Library/Developer/Xcode/DerivedData/Wishie-gavmeupfwiyxzhaiqkwzocyeeixy/Build/Intermediates.noindex/leveldb.build/Debug-iphoneos/leveldb.build/Objects-normal/arm64/hash.o /Users/khanghnguyen/Library/Developer/Xcode/DerivedData/Wishie-gavmeupfwiyxzhaiqkwzocyeeixy/SourcePackages/checkouts/leveldb/util/hash.cc normal arm64 c++ com.apple.compilers.llvm.clang.1_0.compiler (in target 'leveldb' from project 'leveldb')
    cd /Users/khanghnguyen/Downloads/Wishie/Wishie.xcodeproj
    
    Using response file: /Users/khanghnguyen/Library/Developer/Xcode/DerivedData/Wishie-gavmeupfwiyxzhaiqkwzocyeeixy/Build/Intermediates.noindex/leveldb.build/Debug-iphoneos/leveldb.build/Objects-normal/arm64/82b82416624d2658e5098eb0a28c15c5-common-args.resp
    
    /Applications/Xcode.app/Contents/Developer/Toolchains/XcodeDefault.xctoolchain/usr/bin/clang -x c++ -ivfsstatcache /Users/khanghnguyen/Library/Developer/Xcode/DerivedData/SDKStatCaches.noindex/iphoneos26.2-23C57-3794476bd08197c3e2abd9bb477ef7f7.sdkstatcache -fmessage-length\=0 -fdiagnostics-show-note-include-stack -fmacro-backtrace-limit\=0 -fno-color-diagnostics -fmodules-prune-interval\=86400 -fmodules-prune-after\=345600 -fbuild-session-file\=/Users/khanghnguyen/Library/Developer/Xcode/DerivedData/ModuleCache.noindex/Session.modulevalidation -fmodules-validate-once-per-build-session -Wnon-modular-include-in-framework-module -Werror\=non-modular-include-in-framework-module -Wno-trigraphs -Wno-missing-field-initializers -Wno-missing-prototypes -Wno-return-type -Wno-non-virtual-dtor -Wno-overloaded-virtual -Wno-exit-time-destructors -Wno-missing-braces -Wparentheses -Wswitch -Wno-unused-function -Wno-unused-label -Wno-unused-parameter -Wno-unused-variable -Wunused-value -Wno-empty-body -Wno-uninitialized -Wno-unknown-pragmas -w -Wno-shadow -Wno-four-char-constants -Wno-conversion -Wno-constant-conversion -Wno-int-conversion -Wno-bool-conversion -Wno-enum-conversion -Wno-float-conversion -Wno-non-literal-null-conversion -Wno-objc-literal-conversion -Wshorten-64-to-32 -Wno-newline-eof -Wno-c++11-extensions -Wno-implicit-fallthrough -fstrict-aliasing -Wdeprecated-declarations -Winvalid-offsetof -Wno-sign-conversion -Wno-infinite-recursion -Wno-move -Wno-comma -Wno-block-capture-autoreleasing -Wno-strict-prototypes -Wno-range-loop-analysis -Wno-semicolon-before-method-body -index-store-path /Users/khanghnguyen/Library/Developer/Xcode/DerivedData/Wishie-gavmeupfwiyxzhaiqkwzocyeeixy/Index.noindex/DataStore @/Users/khanghnguyen/Library/Developer/Xcode/DerivedData/Wishie-gavmeupfwiyxzhaiqkwzocyeeixy/Build/Intermediates.noindex/leveldb.build/Debug-iphoneos/leveldb.build/Objects-normal/arm64/82b82416624d2658e5098eb0a28c15c5-common-args.resp -MMD -MT dependencies -MF /Users/khanghnguyen/Library/Developer/Xcode/DerivedData/Wishie-gavmeupfwiyxzhaiqkwzocyeeixy/Build/Intermediates.noindex/leveldb.build/Debug-iphoneos/leveldb.build/Objects-normal/arm64/hash.d --serialize-diagnostics /Users/khanghnguyen/Library/Developer/Xcode/DerivedData/Wishie-gavmeupfwiyxzhaiqkwzocyeeixy/Build/Intermediates.noindex/leveldb.build/Debug-iphoneos/leveldb.build/Objects-normal/arm64/hash.dia -c /Users/khanghnguyen/Library/Developer/Xcode/DerivedData/Wishie-gavmeupfwiyxzhaiqkwzocyeeixy/SourcePackages/checkouts/leveldb/util/hash.cc -o /Users/khanghnguyen/Library/Developer/Xcode/DerivedData/Wishie-gavmeupfwiyxzhaiqkwzocyeeixy/Build/Intermediates.noindex/leveldb.build/Debug-iphoneos/leveldb.build/Objects-normal/arm64/hash.o -index-unit-output-path /leveldb.build/Debug-iphoneos/leveldb.build/Objects-normal/arm64/hash.o

CompileC /Users/khanghnguyen/Library/Developer/Xcode/DerivedData/Wishie-gavmeupfwiyxzhaiqkwzocyeeixy/Build/Intermediates.noindex/leveldb.build/Debug-iphoneos/leveldb.build/Objects-normal/arm64/format.o /Users/khanghnguyen/Library/Developer/Xcode/DerivedData/Wishie-gavmeupfwiyxzhaiqkwzocyeeixy/SourcePackages/checkouts/leveldb/table/format.cc normal arm64 c++ com.apple.compilers.llvm.clang.1_0.compiler (in target 'leveldb' from project 'leveldb')
    cd /Users/khanghnguyen/Downloads/Wishie/Wishie.xcodeproj
    
    Using response file: /Users/khanghnguyen/Library/Developer/Xcode/DerivedData/Wishie-gavmeupfwiyxzhaiqkwzocyeeixy/Build/Intermediates.noindex/leveldb.build/Debug-iphoneos/leveldb.build/Objects-normal/arm64/82b82416624d2658e5098eb0a28c15c5-common-args.resp
    
    /Applications/Xcode.app/Contents/Developer/Toolchains/XcodeDefault.xctoolchain/usr/bin/clang -x c++ -ivfsstatcache /Users/khanghnguyen/Library/Developer/Xcode/DerivedData/SDKStatCaches.noindex/iphoneos26.2-23C57-3794476bd08197c3e2abd9bb477ef7f7.sdkstatcache -fmessage-length\=0 -fdiagnostics-show-note-include-stack -fmacro-backtrace-limit\=0 -fno-color-diagnostics -fmodules-prune-interval\=86400 -fmodules-prune-after\=345600 -fbuild-session-file\=/Users/khanghnguyen/Library/Developer/Xcode/DerivedData/ModuleCache.noindex/Session.modulevalidation -fmodules-validate-once-per-build-session -Wnon-modular-include-in-framework-module -Werror\=non-modular-include-in-framework-module -Wno-trigraphs -Wno-missing-field-initializers -Wno-missing-prototypes -Wno-return-type -Wno-non-virtual-dtor -Wno-overloaded-virtual -Wno-exit-time-destructors -Wno-missing-braces -Wparentheses -Wswitch -Wno-unused-function -Wno-unused-label -Wno-unused-parameter -Wno-unused-variable -Wunused-value -Wno-empty-body -Wno-uninitialized -Wno-unknown-pragmas -w -Wno-shadow -Wno-four-char-constants -Wno-conversion -Wno-constant-conversion -Wno-int-conversion -Wno-bool-conversion -Wno-enum-conversion -Wno-float-conversion -Wno-non-literal-null-conversion -Wno-objc-literal-conversion -Wshorten-64-to-32 -Wno-newline-eof -Wno-c++11-extensions -Wno-implicit-fallthrough -fstrict-aliasing -Wdeprecated-declarations -Winvalid-offsetof -Wno-sign-conversion -Wno-infinite-recursion -Wno-move -Wno-comma -Wno-block-capture-autoreleasing -Wno-strict-prototypes -Wno-range-loop-analysis -Wno-semicolon-before-method-body -index-store-path /Users/khanghnguyen/Library/Developer/Xcode/DerivedData/Wishie-gavmeupfwiyxzhaiqkwzocyeeixy/Index.noindex/DataStore @/Users/khanghnguyen/Library/Developer/Xcode/DerivedData/Wishie-gavmeupfwiyxzhaiqkwzocyeeixy/Build/Intermediates.noindex/leveldb.build/Debug-iphoneos/leveldb.build/Objects-normal/arm64/82b82416624d2658e5098eb0a28c15c5-common-args.resp -MMD -MT dependencies -MF /Users/khanghnguyen/Library/Developer/Xcode/DerivedData/Wishie-gavmeupfwiyxzhaiqkwzocyeeixy/Build/Intermediates.noindex/leveldb.build/Debug-iphoneos/leveldb.build/Objects-normal/arm64/format.d --serialize-diagnostics /Users/khanghnguyen/Library/Developer/Xcode/DerivedData/Wishie-gavmeupfwiyxzhaiqkwzocyeeixy/Build/Intermediates.noindex/leveldb.build/Debug-iphoneos/leveldb.build/Objects-normal/arm64/format.dia -c /Users/khanghnguyen/Library/Developer/Xcode/DerivedData/Wishie-gavmeupfwiyxzhaiqkwzocyeeixy/SourcePackages/checkouts/leveldb/table/format.cc -o /Users/khanghnguyen/Library/Developer/Xcode/DerivedData/Wishie-gavmeupfwiyxzhaiqkwzocyeeixy/Build/Intermediates.noindex/leveldb.build/Debug-iphoneos/leveldb.build/Objects-normal/arm64/format.o -index-unit-output-path /leveldb.build/Debug-iphoneos/leveldb.build/Objects-normal/arm64/format.o

CompileC /Users/khanghnguyen/Library/Developer/Xcode/DerivedData/Wishie-gavmeupfwiyxzhaiqkwzocyeeixy/Build/Intermediates.noindex/leveldb.build/Debug-iphoneos/leveldb.build/Objects-normal/arm64/filter_policy.o /Users/khanghnguyen/Library/Developer/Xcode/DerivedData/Wishie-gavmeupfwiyxzhaiqkwzocyeeixy/SourcePackages/checkouts/leveldb/util/filter_policy.cc normal arm64 c++ com.apple.compilers.llvm.clang.1_0.compiler (in target 'leveldb' from project 'leveldb')
    cd /Users/khanghnguyen/Downloads/Wishie/Wishie.xcodeproj
    
    Using response file: /Users/khanghnguyen/Library/Developer/Xcode/DerivedData/Wishie-gavmeupfwiyxzhaiqkwzocyeeixy/Build/Intermediates.noindex/leveldb.build/Debug-iphoneos/leveldb.build/Objects-normal/arm64/82b82416624d2658e5098eb0a28c15c5-common-args.resp
    
    /Applications/Xcode.app/Contents/Developer/Toolchains/XcodeDefault.xctoolchain/usr/bin/clang -x c++ -ivfsstatcache /Users/khanghnguyen/Library/Developer/Xcode/DerivedData/SDKStatCaches.noindex/iphoneos26.2-23C57-3794476bd08197c3e2abd9bb477ef7f7.sdkstatcache -fmessage-length\=0 -fdiagnostics-show-note-include-stack -fmacro-backtrace-limit\=0 -fno-color-diagnostics -fmodules-prune-interval\=86400 -fmodules-prune-after\=345600 -fbuild-session-file\=/Users/khanghnguyen/Library/Developer/Xcode/DerivedData/ModuleCache.noindex/Session.modulevalidation -fmodules-validate-once-per-build-session -Wnon-modular-include-in-framework-module -Werror\=non-modular-include-in-framework-module -Wno-trigraphs -Wno-missing-field-initializers -Wno-missing-prototypes -Wno-return-type -Wno-non-virtual-dtor -Wno-overloaded-virtual -Wno-exit-time-destructors -Wno-missing-braces -Wparentheses -Wswitch -Wno-unused-function -Wno-unused-label -Wno-unused-parameter -Wno-unused-variable -Wunused-value -Wno-empty-body -Wno-uninitialized -Wno-unknown-pragmas -w -Wno-shadow -Wno-four-char-constants -Wno-conversion -Wno-constant-conversion -Wno-int-conversion -Wno-bool-conversion -Wno-enum-conversion -Wno-float-conversion -Wno-non-literal-null-conversion -Wno-objc-literal-conversion -Wshorten-64-to-32 -Wno-newline-eof -Wno-c++11-extensions -Wno-implicit-fallthrough -fstrict-aliasing -Wdeprecated-declarations -Winvalid-offsetof -Wno-sign-conversion -Wno-infinite-recursion -Wno-move -Wno-comma -Wno-block-capture-autoreleasing -Wno-strict-prototypes -Wno-range-loop-analysis -Wno-semicolon-before-method-body -index-store-path /Users/khanghnguyen/Library/Developer/Xcode/DerivedData/Wishie-gavmeupfwiyxzhaiqkwzocyeeixy/Index.noindex/DataStore @/Users/khanghnguyen/Library/Developer/Xcode/DerivedData/Wishie-gavmeupfwiyxzhaiqkwzocyeeixy/Build/Intermediates.noindex/leveldb.build/Debug-iphoneos/leveldb.build/Objects-normal/arm64/82b82416624d2658e5098eb0a28c15c5-common-args.resp -MMD -MT dependencies -MF /Users/khanghnguyen/Library/Developer/Xcode/DerivedData/Wishie-gavmeupfwiyxzhaiqkwzocyeeixy/Build/Intermediates.noindex/leveldb.build/Debug-iphoneos/leveldb.build/Objects-normal/arm64/filter_policy.d --serialize-diagnostics /Users/khanghnguyen/Library/Developer/Xcode/DerivedData/Wishie-gavmeupfwiyxzhaiqkwzocyeeixy/Build/Intermediates.noindex/leveldb.build/Debug-iphoneos/leveldb.build/Objects-normal/arm64/filter_policy.dia -c /Users/khanghnguyen/Library/Developer/Xcode/DerivedData/Wishie-gavmeupfwiyxzhaiqkwzocyeeixy/SourcePackages/checkouts/leveldb/util/filter_policy.cc -o /Users/khanghnguyen/Library/Developer/Xcode/DerivedData/Wishie-gavmeupfwiyxzhaiqkwzocyeeixy/Build/Intermediates.noindex/leveldb.build/Debug-iphoneos/leveldb.build/Objects-normal/arm64/filter_policy.o -index-unit-output-path /leveldb.build/Debug-iphoneos/leveldb.build/Objects-normal/arm64/filter_policy.o

CompileC /Users/khanghnguyen/Library/Developer/Xcode/DerivedData/Wishie-gavmeupfwiyxzhaiqkwzocyeeixy/Build/Intermediates.noindex/leveldb.build/Debug-iphoneos/leveldb.build/Objects-normal/arm64/filter_block.o /Users/khanghnguyen/Library/Developer/Xcode/DerivedData/Wishie-gavmeupfwiyxzhaiqkwzocyeeixy/SourcePackages/checkouts/leveldb/table/filter_block.cc normal arm64 c++ com.apple.compilers.llvm.clang.1_0.compiler (in target 'leveldb' from project 'leveldb')
    cd /Users/khanghnguyen/Downloads/Wishie/Wishie.xcodeproj
    
    Using response file: /Users/khanghnguyen/Library/Developer/Xcode/DerivedData/Wishie-gavmeupfwiyxzhaiqkwzocyeeixy/Build/Intermediates.noindex/leveldb.build/Debug-iphoneos/leveldb.build/Objects-normal/arm64/82b82416624d2658e5098eb0a28c15c5-common-args.resp
    
    /Applications/Xcode.app/Contents/Developer/Toolchains/XcodeDefault.xctoolchain/usr/bin/clang -x c++ -ivfsstatcache /Users/khanghnguyen/Library/Developer/Xcode/DerivedData/SDKStatCaches.noindex/iphoneos26.2-23C57-3794476bd08197c3e2abd9bb477ef7f7.sdkstatcache -fmessage-length\=0 -fdiagnostics-show-note-include-stack -fmacro-backtrace-limit\=0 -fno-color-diagnostics -fmodules-prune-interval\=86400 -fmodules-prune-after\=345600 -fbuild-session-file\=/Users/khanghnguyen/Library/Developer/Xcode/DerivedData/ModuleCache.noindex/Session.modulevalidation -fmodules-validate-once-per-build-session -Wnon-modular-include-in-framework-module -Werror\=non-modular-include-in-framework-module -Wno-trigraphs -Wno-missing-field-initializers -Wno-missing-prototypes -Wno-return-type -Wno-non-virtual-dtor -Wno-overloaded-virtual -Wno-exit-time-destructors -Wno-missing-braces -Wparentheses -Wswitch -Wno-unused-function -Wno-unused-label -Wno-unused-parameter -Wno-unused-variable -Wunused-value -Wno-empty-body -Wno-uninitialized -Wno-unknown-pragmas -w -Wno-shadow -Wno-four-char-constants -Wno-conversion -Wno-constant-conversion -Wno-int-conversion -Wno-bool-conversion -Wno-enum-conversion -Wno-float-conversion -Wno-non-literal-null-conversion -Wno-objc-literal-conversion -Wshorten-64-to-32 -Wno-newline-eof -Wno-c++11-extensions -Wno-implicit-fallthrough -fstrict-aliasing -Wdeprecated-declarations -Winvalid-offsetof -Wno-sign-conversion -Wno-infinite-recursion -Wno-move -Wno-comma -Wno-block-capture-autoreleasing -Wno-strict-prototypes -Wno-range-loop-analysis -Wno-semicolon-before-method-body -index-store-path /Users/khanghnguyen/Library/Developer/Xcode/DerivedData/Wishie-gavmeupfwiyxzhaiqkwzocyeeixy/Index.noindex/DataStore @/Users/khanghnguyen/Library/Developer/Xcode/DerivedData/Wishie-gavmeupfwiyxzhaiqkwzocyeeixy/Build/Intermediates.noindex/leveldb.build/Debug-iphoneos/leveldb.build/Objects-normal/arm64/82b82416624d2658e5098eb0a28c15c5-common-args.resp -MMD -MT dependencies -MF /Users/khanghnguyen/Library/Developer/Xcode/DerivedData/Wishie-gavmeupfwiyxzhaiqkwzocyeeixy/Build/Intermediates.noindex/leveldb.build/Debug-iphoneos/leveldb.build/Objects-normal/arm64/filter_block.d --serialize-diagnostics /Users/khanghnguyen/Library/Developer/Xcode/DerivedData/Wishie-gavmeupfwiyxzhaiqkwzocyeeixy/Build/Intermediates.noindex/leveldb.build/Debug-iphoneos/leveldb.build/Objects-normal/arm64/filter_block.dia -c /Users/khanghnguyen/Library/Developer/Xcode/DerivedData/Wishie-gavmeupfwiyxzhaiqkwzocyeeixy/SourcePackages/checkouts/leveldb/table/filter_block.cc -o /Users/khanghnguyen/Library/Developer/Xcode/DerivedData/Wishie-gavmeupfwiyxzhaiqkwzocyeeixy/Build/Intermediates.noindex/leveldb.build/Debug-iphoneos/leveldb.build/Objects-normal/arm64/filter_block.o -index-unit-output-path /leveldb.build/Debug-iphoneos/leveldb.build/Objects-normal/arm64/filter_block.o

CompileC /Users/khanghnguyen/Library/Developer/Xcode/DerivedData/Wishie-gavmeupfwiyxzhaiqkwzocyeeixy/Build/Intermediates.noindex/leveldb.build/Debug-iphoneos/leveldb.build/Objects-normal/arm64/filename.o /Users/khanghnguyen/Library/Developer/Xcode/DerivedData/Wishie-gavmeupfwiyxzhaiqkwzocyeeixy/SourcePackages/checkouts/leveldb/db/filename.cc normal arm64 c++ com.apple.compilers.llvm.clang.1_0.compiler (in target 'leveldb' from project 'leveldb')
    cd /Users/khanghnguyen/Downloads/Wishie/Wishie.xcodeproj
    
    Using response file: /Users/khanghnguyen/Library/Developer/Xcode/DerivedData/Wishie-gavmeupfwiyxzhaiqkwzocyeeixy/Build/Intermediates.noindex/leveldb.build/Debug-iphoneos/leveldb.build/Objects-normal/arm64/82b82416624d2658e5098eb0a28c15c5-common-args.resp
    
    /Applications/Xcode.app/Contents/Developer/Toolchains/XcodeDefault.xctoolchain/usr/bin/clang -x c++ -ivfsstatcache /Users/khanghnguyen/Library/Developer/Xcode/DerivedData/SDKStatCaches.noindex/iphoneos26.2-23C57-3794476bd08197c3e2abd9bb477ef7f7.sdkstatcache -fmessage-length\=0 -fdiagnostics-show-note-include-stack -fmacro-backtrace-limit\=0 -fno-color-diagnostics -fmodules-prune-interval\=86400 -fmodules-prune-after\=345600 -fbuild-session-file\=/Users/khanghnguyen/Library/Developer/Xcode/DerivedData/ModuleCache.noindex/Session.modulevalidation -fmodules-validate-once-per-build-session -Wnon-modular-include-in-framework-module -Werror\=non-modular-include-in-framework-module -Wno-trigraphs -Wno-missing-field-initializers -Wno-missing-prototypes -Wno-return-type -Wno-non-virtual-dtor -Wno-overloaded-virtual -Wno-exit-time-destructors -Wno-missing-braces -Wparentheses -Wswitch -Wno-unused-function -Wno-unused-label -Wno-unused-parameter -Wno-unused-variable -Wunused-value -Wno-empty-body -Wno-uninitialized -Wno-unknown-pragmas -w -Wno-shadow -Wno-four-char-constants -Wno-conversion -Wno-constant-conversion -Wno-int-conversion -Wno-bool-conversion -Wno-enum-conversion -Wno-float-conversion -Wno-non-literal-null-conversion -Wno-objc-literal-conversion -Wshorten-64-to-32 -Wno-newline-eof -Wno-c++11-extensions -Wno-implicit-fallthrough -fstrict-aliasing -Wdeprecated-declarations -Winvalid-offsetof -Wno-sign-conversion -Wno-infinite-recursion -Wno-move -Wno-comma -Wno-block-capture-autoreleasing -Wno-strict-prototypes -Wno-range-loop-analysis -Wno-semicolon-before-method-body -index-store-path /Users/khanghnguyen/Library/Developer/Xcode/DerivedData/Wishie-gavmeupfwiyxzhaiqkwzocyeeixy/Index.noindex/DataStore @/Users/khanghnguyen/Library/Developer/Xcode/DerivedData/Wishie-gavmeupfwiyxzhaiqkwzocyeeixy/Build/Intermediates.noindex/leveldb.build/Debug-iphoneos/leveldb.build/Objects-normal/arm64/82b82416624d2658e5098eb0a28c15c5-common-args.resp -MMD -MT dependencies -MF /Users/khanghnguyen/Library/Developer/Xcode/DerivedData/Wishie-gavmeupfwiyxzhaiqkwzocyeeixy/Build/Intermediates.noindex/leveldb.build/Debug-iphoneos/leveldb.build/Objects-normal/arm64/filename.d --serialize-diagnostics /Users/khanghnguyen/Library/Developer/Xcode/DerivedData/Wishie-gavmeupfwiyxzhaiqkwzocyeeixy/Build/Intermediates.noindex/leveldb.build/Debug-iphoneos/leveldb.build/Objects-normal/arm64/filename.dia -c /Users/khanghnguyen/Library/Developer/Xcode/DerivedData/Wishie-gavmeupfwiyxzhaiqkwzocyeeixy/SourcePackages/checkouts/leveldb/db/filename.cc -o /Users/khanghnguyen/Library/Developer/Xcode/DerivedData/Wishie-gavmeupfwiyxzhaiqkwzocyeeixy/Build/Intermediates.noindex/leveldb.build/Debug-iphoneos/leveldb.build/Objects-normal/arm64/filename.o -index-unit-output-path /leveldb.build/Debug-iphoneos/leveldb.build/Objects-normal/arm64/filename.o

CompileC /Users/khanghnguyen/Library/Developer/Xcode/DerivedData/Wishie-gavmeupfwiyxzhaiqkwzocyeeixy/Build/Intermediates.noindex/leveldb.build/Debug-iphoneos/leveldb.build/Objects-normal/arm64/env_posix.o /Users/khanghnguyen/Library/Developer/Xcode/DerivedData/Wishie-gavmeupfwiyxzhaiqkwzocyeeixy/SourcePackages/checkouts/leveldb/util/env_posix.cc normal arm64 c++ com.apple.compilers.llvm.clang.1_0.compiler (in target 'leveldb' from project 'leveldb')
    cd /Users/khanghnguyen/Downloads/Wishie/Wishie.xcodeproj
    
    Using response file: /Users/khanghnguyen/Library/Developer/Xcode/DerivedData/Wishie-gavmeupfwiyxzhaiqkwzocyeeixy/Build/Intermediates.noindex/leveldb.build/Debug-iphoneos/leveldb.build/Objects-normal/arm64/82b82416624d2658e5098eb0a28c15c5-common-args.resp
    
    /Applications/Xcode.app/Contents/Developer/Toolchains/XcodeDefault.xctoolchain/usr/bin/clang -x c++ -ivfsstatcache /Users/khanghnguyen/Library/Developer/Xcode/DerivedData/SDKStatCaches.noindex/iphoneos26.2-23C57-3794476bd08197c3e2abd9bb477ef7f7.sdkstatcache -fmessage-length\=0 -fdiagnostics-show-note-include-stack -fmacro-backtrace-limit\=0 -fno-color-diagnostics -fmodules-prune-interval\=86400 -fmodules-prune-after\=345600 -fbuild-session-file\=/Users/khanghnguyen/Library/Developer/Xcode/DerivedData/ModuleCache.noindex/Session.modulevalidation -fmodules-validate-once-per-build-session -Wnon-modular-include-in-framework-module -Werror\=non-modular-include-in-framework-module -Wno-trigraphs -Wno-missing-field-initializers -Wno-missing-prototypes -Wno-return-type -Wno-non-virtual-dtor -Wno-overloaded-virtual -Wno-exit-time-destructors -Wno-missing-braces -Wparentheses -Wswitch -Wno-unused-function -Wno-unused-label -Wno-unused-parameter -Wno-unused-variable -Wunused-value -Wno-empty-body -Wno-uninitialized -Wno-unknown-pragmas -w -Wno-shadow -Wno-four-char-constants -Wno-conversion -Wno-constant-conversion -Wno-int-conversion -Wno-bool-conversion -Wno-enum-conversion -Wno-float-conversion -Wno-non-literal-null-conversion -Wno-objc-literal-conversion -Wshorten-64-to-32 -Wno-newline-eof -Wno-c++11-extensions -Wno-implicit-fallthrough -fstrict-aliasing -Wdeprecated-declarations -Winvalid-offsetof -Wno-sign-conversion -Wno-infinite-recursion -Wno-move -Wno-comma -Wno-block-capture-autoreleasing -Wno-strict-prototypes -Wno-range-loop-analysis -Wno-semicolon-before-method-body -index-store-path /Users/khanghnguyen/Library/Developer/Xcode/DerivedData/Wishie-gavmeupfwiyxzhaiqkwzocyeeixy/Index.noindex/DataStore @/Users/khanghnguyen/Library/Developer/Xcode/DerivedData/Wishie-gavmeupfwiyxzhaiqkwzocyeeixy/Build/Intermediates.noindex/leveldb.build/Debug-iphoneos/leveldb.build/Objects-normal/arm64/82b82416624d2658e5098eb0a28c15c5-common-args.resp -MMD -MT dependencies -MF /Users/khanghnguyen/Library/Developer/Xcode/DerivedData/Wishie-gavmeupfwiyxzhaiqkwzocyeeixy/Build/Intermediates.noindex/leveldb.build/Debug-iphoneos/leveldb.build/Objects-normal/arm64/env_posix.d --serialize-diagnostics /Users/khanghnguyen/Library/Developer/Xcode/DerivedData/Wishie-gavmeupfwiyxzhaiqkwzocyeeixy/Build/Intermediates.noindex/leveldb.build/Debug-iphoneos/leveldb.build/Objects-normal/arm64/env_posix.dia -c /Users/khanghnguyen/Library/Developer/Xcode/DerivedData/Wishie-gavmeupfwiyxzhaiqkwzocyeeixy/SourcePackages/checkouts/leveldb/util/env_posix.cc -o /Users/khanghnguyen/Library/Developer/Xcode/DerivedData/Wishie-gavmeupfwiyxzhaiqkwzocyeeixy/Build/Intermediates.noindex/leveldb.build/Debug-iphoneos/leveldb.build/Objects-normal/arm64/env_posix.o -index-unit-output-path /leveldb.build/Debug-iphoneos/leveldb.build/Objects-normal/arm64/env_posix.o

CompileC /Users/khanghnguyen/Library/Developer/Xcode/DerivedData/Wishie-gavmeupfwiyxzhaiqkwzocyeeixy/Build/Intermediates.noindex/leveldb.build/Debug-iphoneos/leveldb.build/Objects-normal/arm64/env.o /Users/khanghnguyen/Library/Developer/Xcode/DerivedData/Wishie-gavmeupfwiyxzhaiqkwzocyeeixy/SourcePackages/checkouts/leveldb/util/env.cc normal arm64 c++ com.apple.compilers.llvm.clang.1_0.compiler (in target 'leveldb' from project 'leveldb')
    cd /Users/khanghnguyen/Downloads/Wishie/Wishie.xcodeproj
    
    Using response file: /Users/khanghnguyen/Library/Developer/Xcode/DerivedData/Wishie-gavmeupfwiyxzhaiqkwzocyeeixy/Build/Intermediates.noindex/leveldb.build/Debug-iphoneos/leveldb.build/Objects-normal/arm64/82b82416624d2658e5098eb0a28c15c5-common-args.resp
    
    /Applications/Xcode.app/Contents/Developer/Toolchains/XcodeDefault.xctoolchain/usr/bin/clang -x c++ -ivfsstatcache /Users/khanghnguyen/Library/Developer/Xcode/DerivedData/SDKStatCaches.noindex/iphoneos26.2-23C57-3794476bd08197c3e2abd9bb477ef7f7.sdkstatcache -fmessage-length\=0 -fdiagnostics-show-note-include-stack -fmacro-backtrace-limit\=0 -fno-color-diagnostics -fmodules-prune-interval\=86400 -fmodules-prune-after\=345600 -fbuild-session-file\=/Users/khanghnguyen/Library/Developer/Xcode/DerivedData/ModuleCache.noindex/Session.modulevalidation -fmodules-validate-once-per-build-session -Wnon-modular-include-in-framework-module -Werror\=non-modular-include-in-framework-module -Wno-trigraphs -Wno-missing-field-initializers -Wno-missing-prototypes -Wno-return-type -Wno-non-virtual-dtor -Wno-overloaded-virtual -Wno-exit-time-destructors -Wno-missing-braces -Wparentheses -Wswitch -Wno-unused-function -Wno-unused-label -Wno-unused-parameter -Wno-unused-variable -Wunused-value -Wno-empty-body -Wno-uninitialized -Wno-unknown-pragmas -w -Wno-shadow -Wno-four-char-constants -Wno-conversion -Wno-constant-conversion -Wno-int-conversion -Wno-bool-conversion -Wno-enum-conversion -Wno-float-conversion -Wno-non-literal-null-conversion -Wno-objc-literal-conversion -Wshorten-64-to-32 -Wno-newline-eof -Wno-c++11-extensions -Wno-implicit-fallthrough -fstrict-aliasing -Wdeprecated-declarations -Winvalid-offsetof -Wno-sign-conversion -Wno-infinite-recursion -Wno-move -Wno-comma -Wno-block-capture-autoreleasing -Wno-strict-prototypes -Wno-range-loop-analysis -Wno-semicolon-before-method-body -index-store-path /Users/khanghnguyen/Library/Developer/Xcode/DerivedData/Wishie-gavmeupfwiyxzhaiqkwzocyeeixy/Index.noindex/DataStore @/Users/khanghnguyen/Library/Developer/Xcode/DerivedData/Wishie-gavmeupfwiyxzhaiqkwzocyeeixy/Build/Intermediates.noindex/leveldb.build/Debug-iphoneos/leveldb.build/Objects-normal/arm64/82b82416624d2658e5098eb0a28c15c5-common-args.resp -MMD -MT dependencies -MF /Users/khanghnguyen/Library/Developer/Xcode/DerivedData/Wishie-gavmeupfwiyxzhaiqkwzocyeeixy/Build/Intermediates.noindex/leveldb.build/Debug-iphoneos/leveldb.build/Objects-normal/arm64/env.d --serialize-diagnostics /Users/khanghnguyen/Library/Developer/Xcode/DerivedData/Wishie-gavmeupfwiyxzhaiqkwzocyeeixy/Build/Intermediates.noindex/leveldb.build/Debug-iphoneos/leveldb.build/Objects-normal/arm64/env.dia -c /Users/khanghnguyen/Library/Developer/Xcode/DerivedData/Wishie-gavmeupfwiyxzhaiqkwzocyeeixy/SourcePackages/checkouts/leveldb/util/env.cc -o /Users/khanghnguyen/Library/Developer/Xcode/DerivedData/Wishie-gavmeupfwiyxzhaiqkwzocyeeixy/Build/Intermediates.noindex/leveldb.build/Debug-iphoneos/leveldb.build/Objects-normal/arm64/env.o -index-unit-output-path /leveldb.build/Debug-iphoneos/leveldb.build/Objects-normal/arm64/env.o

CompileC /Users/khanghnguyen/Library/Developer/Xcode/DerivedData/Wishie-gavmeupfwiyxzhaiqkwzocyeeixy/Build/Intermediates.noindex/leveldb.build/Debug-iphoneos/leveldb.build/Objects-normal/arm64/dumpfile.o /Users/khanghnguyen/Library/Developer/Xcode/DerivedData/Wishie-gavmeupfwiyxzhaiqkwzocyeeixy/SourcePackages/checkouts/leveldb/db/dumpfile.cc normal arm64 c++ com.apple.compilers.llvm.clang.1_0.compiler (in target 'leveldb' from project 'leveldb')
    cd /Users/khanghnguyen/Downloads/Wishie/Wishie.xcodeproj
    
    Using response file: /Users/khanghnguyen/Library/Developer/Xcode/DerivedData/Wishie-gavmeupfwiyxzhaiqkwzocyeeixy/Build/Intermediates.noindex/leveldb.build/Debug-iphoneos/leveldb.build/Objects-normal/arm64/82b82416624d2658e5098eb0a28c15c5-common-args.resp
    
    /Applications/Xcode.app/Contents/Developer/Toolchains/XcodeDefault.xctoolchain/usr/bin/clang -x c++ -ivfsstatcache /Users/khanghnguyen/Library/Developer/Xcode/DerivedData/SDKStatCaches.noindex/iphoneos26.2-23C57-3794476bd08197c3e2abd9bb477ef7f7.sdkstatcache -fmessage-length\=0 -fdiagnostics-show-note-include-stack -fmacro-backtrace-limit\=0 -fno-color-diagnostics -fmodules-prune-interval\=86400 -fmodules-prune-after\=345600 -fbuild-session-file\=/Users/khanghnguyen/Library/Developer/Xcode/DerivedData/ModuleCache.noindex/Session.modulevalidation -fmodules-validate-once-per-build-session -Wnon-modular-include-in-framework-module -Werror\=non-modular-include-in-framework-module -Wno-trigraphs -Wno-missing-field-initializers -Wno-missing-prototypes -Wno-return-type -Wno-non-virtual-dtor -Wno-overloaded-virtual -Wno-exit-time-destructors -Wno-missing-braces -Wparentheses -Wswitch -Wno-unused-function -Wno-unused-label -Wno-unused-parameter -Wno-unused-variable -Wunused-value -Wno-empty-body -Wno-uninitialized -Wno-unknown-pragmas -w -Wno-shadow -Wno-four-char-constants -Wno-conversion -Wno-constant-conversion -Wno-int-conversion -Wno-bool-conversion -Wno-enum-conversion -Wno-float-conversion -Wno-non-literal-null-conversion -Wno-objc-literal-conversion -Wshorten-64-to-32 -Wno-newline-eof -Wno-c++11-extensions -Wno-implicit-fallthrough -fstrict-aliasing -Wdeprecated-declarations -Winvalid-offsetof -Wno-sign-conversion -Wno-infinite-recursion -Wno-move -Wno-comma -Wno-block-capture-autoreleasing -Wno-strict-prototypes -Wno-range-loop-analysis -Wno-semicolon-before-method-body -index-store-path /Users/khanghnguyen/Library/Developer/Xcode/DerivedData/Wishie-gavmeupfwiyxzhaiqkwzocyeeixy/Index.noindex/DataStore @/Users/khanghnguyen/Library/Developer/Xcode/DerivedData/Wishie-gavmeupfwiyxzhaiqkwzocyeeixy/Build/Intermediates.noindex/leveldb.build/Debug-iphoneos/leveldb.build/Objects-normal/arm64/82b82416624d2658e5098eb0a28c15c5-common-args.resp -MMD -MT dependencies -MF /Users/khanghnguyen/Library/Developer/Xcode/DerivedData/Wishie-gavmeupfwiyxzhaiqkwzocyeeixy/Build/Intermediates.noindex/leveldb.build/Debug-iphoneos/leveldb.build/Objects-normal/arm64/dumpfile.d --serialize-diagnostics /Users/khanghnguyen/Library/Developer/Xcode/DerivedData/Wishie-gavmeupfwiyxzhaiqkwzocyeeixy/Build/Intermediates.noindex/leveldb.build/Debug-iphoneos/leveldb.build/Objects-normal/arm64/dumpfile.dia -c /Users/khanghnguyen/Library/Developer/Xcode/DerivedData/Wishie-gavmeupfwiyxzhaiqkwzocyeeixy/SourcePackages/checkouts/leveldb/db/dumpfile.cc -o /Users/khanghnguyen/Library/Developer/Xcode/DerivedData/Wishie-gavmeupfwiyxzhaiqkwzocyeeixy/Build/Intermediates.noindex/leveldb.build/Debug-iphoneos/leveldb.build/Objects-normal/arm64/dumpfile.o -index-unit-output-path /leveldb.build/Debug-iphoneos/leveldb.build/Objects-normal/arm64/dumpfile.o

CompileC /Users/khanghnguyen/Library/Developer/Xcode/DerivedData/Wishie-gavmeupfwiyxzhaiqkwzocyeeixy/Build/Intermediates.noindex/leveldb.build/Debug-iphoneos/leveldb.build/Objects-normal/arm64/dbformat.o /Users/khanghnguyen/Library/Developer/Xcode/DerivedData/Wishie-gavmeupfwiyxzhaiqkwzocyeeixy/SourcePackages/checkouts/leveldb/db/dbformat.cc normal arm64 c++ com.apple.compilers.llvm.clang.1_0.compiler (in target 'leveldb' from project 'leveldb')
    cd /Users/khanghnguyen/Downloads/Wishie/Wishie.xcodeproj
    
    Using response file: /Users/khanghnguyen/Library/Developer/Xcode/DerivedData/Wishie-gavmeupfwiyxzhaiqkwzocyeeixy/Build/Intermediates.noindex/leveldb.build/Debug-iphoneos/leveldb.build/Objects-normal/arm64/82b82416624d2658e5098eb0a28c15c5-common-args.resp
    
    /Applications/Xcode.app/Contents/Developer/Toolchains/XcodeDefault.xctoolchain/usr/bin/clang -x c++ -ivfsstatcache /Users/khanghnguyen/Library/Developer/Xcode/DerivedData/SDKStatCaches.noindex/iphoneos26.2-23C57-3794476bd08197c3e2abd9bb477ef7f7.sdkstatcache -fmessage-length\=0 -fdiagnostics-show-note-include-stack -fmacro-backtrace-limit\=0 -fno-color-diagnostics -fmodules-prune-interval\=86400 -fmodules-prune-after\=345600 -fbuild-session-file\=/Users/khanghnguyen/Library/Developer/Xcode/DerivedData/ModuleCache.noindex/Session.modulevalidation -fmodules-validate-once-per-build-session -Wnon-modular-include-in-framework-module -Werror\=non-modular-include-in-framework-module -Wno-trigraphs -Wno-missing-field-initializers -Wno-missing-prototypes -Wno-return-type -Wno-non-virtual-dtor -Wno-overloaded-virtual -Wno-exit-time-destructors -Wno-missing-braces -Wparentheses -Wswitch -Wno-unused-function -Wno-unused-label -Wno-unused-parameter -Wno-unused-variable -Wunused-value -Wno-empty-body -Wno-uninitialized -Wno-unknown-pragmas -w -Wno-shadow -Wno-four-char-constants -Wno-conversion -Wno-constant-conversion -Wno-int-conversion -Wno-bool-conversion -Wno-enum-conversion -Wno-float-conversion -Wno-non-literal-null-conversion -Wno-objc-literal-conversion -Wshorten-64-to-32 -Wno-newline-eof -Wno-c++11-extensions -Wno-implicit-fallthrough -fstrict-aliasing -Wdeprecated-declarations -Winvalid-offsetof -Wno-sign-conversion -Wno-infinite-recursion -Wno-move -Wno-comma -Wno-block-capture-autoreleasing -Wno-strict-prototypes -Wno-range-loop-analysis -Wno-semicolon-before-method-body -index-store-path /Users/khanghnguyen/Library/Developer/Xcode/DerivedData/Wishie-gavmeupfwiyxzhaiqkwzocyeeixy/Index.noindex/DataStore @/Users/khanghnguyen/Library/Developer/Xcode/DerivedData/Wishie-gavmeupfwiyxzhaiqkwzocyeeixy/Build/Intermediates.noindex/leveldb.build/Debug-iphoneos/leveldb.build/Objects-normal/arm64/82b82416624d2658e5098eb0a28c15c5-common-args.resp -MMD -MT dependencies -MF /Users/khanghnguyen/Library/Developer/Xcode/DerivedData/Wishie-gavmeupfwiyxzhaiqkwzocyeeixy/Build/Intermediates.noindex/leveldb.build/Debug-iphoneos/leveldb.build/Objects-normal/arm64/dbformat.d --serialize-diagnostics /Users/khanghnguyen/Library/Developer/Xcode/DerivedData/Wishie-gavmeupfwiyxzhaiqkwzocyeeixy/Build/Intermediates.noindex/leveldb.build/Debug-iphoneos/leveldb.build/Objects-normal/arm64/dbformat.dia -c /Users/khanghnguyen/Library/Developer/Xcode/DerivedData/Wishie-gavmeupfwiyxzhaiqkwzocyeeixy/SourcePackages/checkouts/leveldb/db/dbformat.cc -o /Users/khanghnguyen/Library/Developer/Xcode/DerivedData/Wishie-gavmeupfwiyxzhaiqkwzocyeeixy/Build/Intermediates.noindex/leveldb.build/Debug-iphoneos/leveldb.build/Objects-normal/arm64/dbformat.o -index-unit-output-path /leveldb.build/Debug-iphoneos/leveldb.build/Objects-normal/arm64/dbformat.o

SwiftMergeGeneratedHeaders /Users/khanghnguyen/Library/Developer/Xcode/DerivedData/Wishie-gavmeupfwiyxzhaiqkwzocyeeixy/Build/Intermediates.noindex/GeneratedModuleMaps-iphoneos/HTTPTypes-Swift.h /Users/khanghnguyen/Library/Developer/Xcode/DerivedData/Wishie-gavmeupfwiyxzhaiqkwzocyeeixy/Build/Intermediates.noindex/swift-http-types.build/Debug-iphoneos/HTTPTypes.build/Objects-normal/arm64/HTTPTypes-Swift.h (in target 'HTTPTypes' from project 'swift-http-types')
    cd /Users/khanghnguyen/Library/Developer/Xcode/DerivedData/Wishie-gavmeupfwiyxzhaiqkwzocyeeixy/SourcePackages/checkouts/swift-http-types
    builtin-swiftHeaderTool -arch arm64 /Users/khanghnguyen/Library/Developer/Xcode/DerivedData/Wishie-gavmeupfwiyxzhaiqkwzocyeeixy/Build/Intermediates.noindex/swift-http-types.build/Debug-iphoneos/HTTPTypes.build/Objects-normal/arm64/HTTPTypes-Swift.h -o /Users/khanghnguyen/Library/Developer/Xcode/DerivedData/Wishie-gavmeupfwiyxzhaiqkwzocyeeixy/Build/Intermediates.noindex/GeneratedModuleMaps-iphoneos/HTTPTypes-Swift.h

SwiftMergeGeneratedHeaders /Users/khanghnguyen/Library/Developer/Xcode/DerivedData/Wishie-gavmeupfwiyxzhaiqkwzocyeeixy/Build/Intermediates.noindex/GeneratedModuleMaps-iphoneos/FirebaseSharedSwift-Swift.h /Users/khanghnguyen/Library/Developer/Xcode/DerivedData/Wishie-gavmeupfwiyxzhaiqkwzocyeeixy/Build/Intermediates.noindex/Firebase.build/Debug-iphoneos/FirebaseSharedSwift.build/Objects-normal/arm64/FirebaseSharedSwift-Swift.h (in target 'FirebaseSharedSwift' from project 'Firebase')
    cd /Users/khanghnguyen/Library/Developer/Xcode/DerivedData/Wishie-gavmeupfwiyxzhaiqkwzocyeeixy/SourcePackages/checkouts/firebase-ios-sdk
    builtin-swiftHeaderTool -arch arm64 /Users/khanghnguyen/Library/Developer/Xcode/DerivedData/Wishie-gavmeupfwiyxzhaiqkwzocyeeixy/Build/Intermediates.noindex/Firebase.build/Debug-iphoneos/FirebaseSharedSwift.build/Objects-normal/arm64/FirebaseSharedSwift-Swift.h -o /Users/khanghnguyen/Library/Developer/Xcode/DerivedData/Wishie-gavmeupfwiyxzhaiqkwzocyeeixy/Build/Intermediates.noindex/GeneratedModuleMaps-iphoneos/FirebaseSharedSwift-Swift.h

SwiftMergeGeneratedHeaders /Users/khanghnguyen/Library/Developer/Xcode/DerivedData/Wishie-gavmeupfwiyxzhaiqkwzocyeeixy/Build/Intermediates.noindex/GeneratedModuleMaps-iphoneos/Crypto-Swift.h /Users/khanghnguyen/Library/Developer/Xcode/DerivedData/Wishie-gavmeupfwiyxzhaiqkwzocyeeixy/Build/Intermediates.noindex/swift-crypto.build/Debug-iphoneos/Crypto.build/Objects-normal/arm64/Crypto-Swift.h (in target 'Crypto' from project 'swift-crypto')
    cd /Users/khanghnguyen/Library/Developer/Xcode/DerivedData/Wishie-gavmeupfwiyxzhaiqkwzocyeeixy/SourcePackages/checkouts/swift-crypto
    builtin-swiftHeaderTool -arch arm64 /Users/khanghnguyen/Library/Developer/Xcode/DerivedData/Wishie-gavmeupfwiyxzhaiqkwzocyeeixy/Build/Intermediates.noindex/swift-crypto.build/Debug-iphoneos/Crypto.build/Objects-normal/arm64/Crypto-Swift.h -o /Users/khanghnguyen/Library/Developer/Xcode/DerivedData/Wishie-gavmeupfwiyxzhaiqkwzocyeeixy/Build/Intermediates.noindex/GeneratedModuleMaps-iphoneos/Crypto-Swift.h

SwiftMergeGeneratedHeaders /Users/khanghnguyen/Library/Developer/Xcode/DerivedData/Wishie-gavmeupfwiyxzhaiqkwzocyeeixy/Build/Intermediates.noindex/GeneratedModuleMaps-iphoneos/ConcurrencyExtras-Swift.h /Users/khanghnguyen/Library/Developer/Xcode/DerivedData/Wishie-gavmeupfwiyxzhaiqkwzocyeeixy/Build/Intermediates.noindex/swift-concurrency-extras.build/Debug-iphoneos/ConcurrencyExtras.build/Objects-normal/arm64/ConcurrencyExtras-Swift.h (in target 'ConcurrencyExtras' from project 'swift-concurrency-extras')
    cd /Users/khanghnguyen/Library/Developer/Xcode/DerivedData/Wishie-gavmeupfwiyxzhaiqkwzocyeeixy/SourcePackages/checkouts/swift-concurrency-extras
    builtin-swiftHeaderTool -arch arm64 /Users/khanghnguyen/Library/Developer/Xcode/DerivedData/Wishie-gavmeupfwiyxzhaiqkwzocyeeixy/Build/Intermediates.noindex/swift-concurrency-extras.build/Debug-iphoneos/ConcurrencyExtras.build/Objects-normal/arm64/ConcurrencyExtras-Swift.h -o /Users/khanghnguyen/Library/Developer/Xcode/DerivedData/Wishie-gavmeupfwiyxzhaiqkwzocyeeixy/Build/Intermediates.noindex/GeneratedModuleMaps-iphoneos/ConcurrencyExtras-Swift.h

CompileC /Users/khanghnguyen/Library/Developer/Xcode/DerivedData/Wishie-gavmeupfwiyxzhaiqkwzocyeeixy/Build/Intermediates.noindex/leveldb.build/Debug-iphoneos/leveldb.build/Objects-normal/arm64/db_iter.o /Users/khanghnguyen/Library/Developer/Xcode/DerivedData/Wishie-gavmeupfwiyxzhaiqkwzocyeeixy/SourcePackages/checkouts/leveldb/db/db_iter.cc normal arm64 c++ com.apple.compilers.llvm.clang.1_0.compiler (in target 'leveldb' from project 'leveldb')
    cd /Users/khanghnguyen/Downloads/Wishie/Wishie.xcodeproj
    
    Using response file: /Users/khanghnguyen/Library/Developer/Xcode/DerivedData/Wishie-gavmeupfwiyxzhaiqkwzocyeeixy/Build/Intermediates.noindex/leveldb.build/Debug-iphoneos/leveldb.build/Objects-normal/arm64/82b82416624d2658e5098eb0a28c15c5-common-args.resp
    
    /Applications/Xcode.app/Contents/Developer/Toolchains/XcodeDefault.xctoolchain/usr/bin/clang -x c++ -ivfsstatcache /Users/khanghnguyen/Library/Developer/Xcode/DerivedData/SDKStatCaches.noindex/iphoneos26.2-23C57-3794476bd08197c3e2abd9bb477ef7f7.sdkstatcache -fmessage-length\=0 -fdiagnostics-show-note-include-stack -fmacro-backtrace-limit\=0 -fno-color-diagnostics -fmodules-prune-interval\=86400 -fmodules-prune-after\=345600 -fbuild-session-file\=/Users/khanghnguyen/Library/Developer/Xcode/DerivedData/ModuleCache.noindex/Session.modulevalidation -fmodules-validate-once-per-build-session -Wnon-modular-include-in-framework-module -Werror\=non-modular-include-in-framework-module -Wno-trigraphs -Wno-missing-field-initializers -Wno-missing-prototypes -Wno-return-type -Wno-non-virtual-dtor -Wno-overloaded-virtual -Wno-exit-time-destructors -Wno-missing-braces -Wparentheses -Wswitch -Wno-unused-function -Wno-unused-label -Wno-unused-parameter -Wno-unused-variable -Wunused-value -Wno-empty-body -Wno-uninitialized -Wno-unknown-pragmas -w -Wno-shadow -Wno-four-char-constants -Wno-conversion -Wno-constant-conversion -Wno-int-conversion -Wno-bool-conversion -Wno-enum-conversion -Wno-float-conversion -Wno-non-literal-null-conversion -Wno-objc-literal-conversion -Wshorten-64-to-32 -Wno-newline-eof -Wno-c++11-extensions -Wno-implicit-fallthrough -fstrict-aliasing -Wdeprecated-declarations -Winvalid-offsetof -Wno-sign-conversion -Wno-infinite-recursion -Wno-move -Wno-comma -Wno-block-capture-autoreleasing -Wno-strict-prototypes -Wno-range-loop-analysis -Wno-semicolon-before-method-body -index-store-path /Users/khanghnguyen/Library/Developer/Xcode/DerivedData/Wishie-gavmeupfwiyxzhaiqkwzocyeeixy/Index.noindex/DataStore @/Users/khanghnguyen/Library/Developer/Xcode/DerivedData/Wishie-gavmeupfwiyxzhaiqkwzocyeeixy/Build/Intermediates.noindex/leveldb.build/Debug-iphoneos/leveldb.build/Objects-normal/arm64/82b82416624d2658e5098eb0a28c15c5-common-args.resp -MMD -MT dependencies -MF /Users/khanghnguyen/Library/Developer/Xcode/DerivedData/Wishie-gavmeupfwiyxzhaiqkwzocyeeixy/Build/Intermediates.noindex/leveldb.build/Debug-iphoneos/leveldb.build/Objects-normal/arm64/db_iter.d --serialize-diagnostics /Users/khanghnguyen/Library/Developer/Xcode/DerivedData/Wishie-gavmeupfwiyxzhaiqkwzocyeeixy/Build/Intermediates.noindex/leveldb.build/Debug-iphoneos/leveldb.build/Objects-normal/arm64/db_iter.dia -c /Users/khanghnguyen/Library/Developer/Xcode/DerivedData/Wishie-gavmeupfwiyxzhaiqkwzocyeeixy/SourcePackages/checkouts/leveldb/db/db_iter.cc -o /Users/khanghnguyen/Library/Developer/Xcode/DerivedData/Wishie-gavmeupfwiyxzhaiqkwzocyeeixy/Build/Intermediates.noindex/leveldb.build/Debug-iphoneos/leveldb.build/Objects-normal/arm64/db_iter.o -index-unit-output-path /leveldb.build/Debug-iphoneos/leveldb.build/Objects-normal/arm64/db_iter.o

CompileC /Users/khanghnguyen/Library/Developer/Xcode/DerivedData/Wishie-gavmeupfwiyxzhaiqkwzocyeeixy/Build/Intermediates.noindex/leveldb.build/Debug-iphoneos/leveldb.build/Objects-normal/arm64/db_impl.o /Users/khanghnguyen/Library/Developer/Xcode/DerivedData/Wishie-gavmeupfwiyxzhaiqkwzocyeeixy/SourcePackages/checkouts/leveldb/db/db_impl.cc normal arm64 c++ com.apple.compilers.llvm.clang.1_0.compiler (in target 'leveldb' from project 'leveldb')
    cd /Users/khanghnguyen/Downloads/Wishie/Wishie.xcodeproj
    
    Using response file: /Users/khanghnguyen/Library/Developer/Xcode/DerivedData/Wishie-gavmeupfwiyxzhaiqkwzocyeeixy/Build/Intermediates.noindex/leveldb.build/Debug-iphoneos/leveldb.build/Objects-normal/arm64/82b82416624d2658e5098eb0a28c15c5-common-args.resp
    
    /Applications/Xcode.app/Contents/Developer/Toolchains/XcodeDefault.xctoolchain/usr/bin/clang -x c++ -ivfsstatcache /Users/khanghnguyen/Library/Developer/Xcode/DerivedData/SDKStatCaches.noindex/iphoneos26.2-23C57-3794476bd08197c3e2abd9bb477ef7f7.sdkstatcache -fmessage-length\=0 -fdiagnostics-show-note-include-stack -fmacro-backtrace-limit\=0 -fno-color-diagnostics -fmodules-prune-interval\=86400 -fmodules-prune-after\=345600 -fbuild-session-file\=/Users/khanghnguyen/Library/Developer/Xcode/DerivedData/ModuleCache.noindex/Session.modulevalidation -fmodules-validate-once-per-build-session -Wnon-modular-include-in-framework-module -Werror\=non-modular-include-in-framework-module -Wno-trigraphs -Wno-missing-field-initializers -Wno-missing-prototypes -Wno-return-type -Wno-non-virtual-dtor -Wno-overloaded-virtual -Wno-exit-time-destructors -Wno-missing-braces -Wparentheses -Wswitch -Wno-unused-function -Wno-unused-label -Wno-unused-parameter -Wno-unused-variable -Wunused-value -Wno-empty-body -Wno-uninitialized -Wno-unknown-pragmas -w -Wno-shadow -Wno-four-char-constants -Wno-conversion -Wno-constant-conversion -Wno-int-conversion -Wno-bool-conversion -Wno-enum-conversion -Wno-float-conversion -Wno-non-literal-null-conversion -Wno-objc-literal-conversion -Wshorten-64-to-32 -Wno-newline-eof -Wno-c++11-extensions -Wno-implicit-fallthrough -fstrict-aliasing -Wdeprecated-declarations -Winvalid-offsetof -Wno-sign-conversion -Wno-infinite-recursion -Wno-move -Wno-comma -Wno-block-capture-autoreleasing -Wno-strict-prototypes -Wno-range-loop-analysis -Wno-semicolon-before-method-body -index-store-path /Users/khanghnguyen/Library/Developer/Xcode/DerivedData/Wishie-gavmeupfwiyxzhaiqkwzocyeeixy/Index.noindex/DataStore @/Users/khanghnguyen/Library/Developer/Xcode/DerivedData/Wishie-gavmeupfwiyxzhaiqkwzocyeeixy/Build/Intermediates.noindex/leveldb.build/Debug-iphoneos/leveldb.build/Objects-normal/arm64/82b82416624d2658e5098eb0a28c15c5-common-args.resp -MMD -MT dependencies -MF /Users/khanghnguyen/Library/Developer/Xcode/DerivedData/Wishie-gavmeupfwiyxzhaiqkwzocyeeixy/Build/Intermediates.noindex/leveldb.build/Debug-iphoneos/leveldb.build/Objects-normal/arm64/db_impl.d --serialize-diagnostics /Users/khanghnguyen/Library/Developer/Xcode/DerivedData/Wishie-gavmeupfwiyxzhaiqkwzocyeeixy/Build/Intermediates.noindex/leveldb.build/Debug-iphoneos/leveldb.build/Objects-normal/arm64/db_impl.dia -c /Users/khanghnguyen/Library/Developer/Xcode/DerivedData/Wishie-gavmeupfwiyxzhaiqkwzocyeeixy/SourcePackages/checkouts/leveldb/db/db_impl.cc -o /Users/khanghnguyen/Library/Developer/Xcode/DerivedData/Wishie-gavmeupfwiyxzhaiqkwzocyeeixy/Build/Intermediates.noindex/leveldb.build/Debug-iphoneos/leveldb.build/Objects-normal/arm64/db_impl.o -index-unit-output-path /leveldb.build/Debug-iphoneos/leveldb.build/Objects-normal/arm64/db_impl.o

CompileC /Users/khanghnguyen/Library/Developer/Xcode/DerivedData/Wishie-gavmeupfwiyxzhaiqkwzocyeeixy/Build/Intermediates.noindex/leveldb.build/Debug-iphoneos/leveldb.build/Objects-normal/arm64/crc32c.o /Users/khanghnguyen/Library/Developer/Xcode/DerivedData/Wishie-gavmeupfwiyxzhaiqkwzocyeeixy/SourcePackages/checkouts/leveldb/util/crc32c.cc normal arm64 c++ com.apple.compilers.llvm.clang.1_0.compiler (in target 'leveldb' from project 'leveldb')
    cd /Users/khanghnguyen/Downloads/Wishie/Wishie.xcodeproj
    
    Using response file: /Users/khanghnguyen/Library/Developer/Xcode/DerivedData/Wishie-gavmeupfwiyxzhaiqkwzocyeeixy/Build/Intermediates.noindex/leveldb.build/Debug-iphoneos/leveldb.build/Objects-normal/arm64/82b82416624d2658e5098eb0a28c15c5-common-args.resp
    
    /Applications/Xcode.app/Contents/Developer/Toolchains/XcodeDefault.xctoolchain/usr/bin/clang -x c++ -ivfsstatcache /Users/khanghnguyen/Library/Developer/Xcode/DerivedData/SDKStatCaches.noindex/iphoneos26.2-23C57-3794476bd08197c3e2abd9bb477ef7f7.sdkstatcache -fmessage-length\=0 -fdiagnostics-show-note-include-stack -fmacro-backtrace-limit\=0 -fno-color-diagnostics -fmodules-prune-interval\=86400 -fmodules-prune-after\=345600 -fbuild-session-file\=/Users/khanghnguyen/Library/Developer/Xcode/DerivedData/ModuleCache.noindex/Session.modulevalidation -fmodules-validate-once-per-build-session -Wnon-modular-include-in-framework-module -Werror\=non-modular-include-in-framework-module -Wno-trigraphs -Wno-missing-field-initializers -Wno-missing-prototypes -Wno-return-type -Wno-non-virtual-dtor -Wno-overloaded-virtual -Wno-exit-time-destructors -Wno-missing-braces -Wparentheses -Wswitch -Wno-unused-function -Wno-unused-label -Wno-unused-parameter -Wno-unused-variable -Wunused-value -Wno-empty-body -Wno-uninitialized -Wno-unknown-pragmas -w -Wno-shadow -Wno-four-char-constants -Wno-conversion -Wno-constant-conversion -Wno-int-conversion -Wno-bool-conversion -Wno-enum-conversion -Wno-float-conversion -Wno-non-literal-null-conversion -Wno-objc-literal-conversion -Wshorten-64-to-32 -Wno-newline-eof -Wno-c++11-extensions -Wno-implicit-fallthrough -fstrict-aliasing -Wdeprecated-declarations -Winvalid-offsetof -Wno-sign-conversion -Wno-infinite-recursion -Wno-move -Wno-comma -Wno-block-capture-autoreleasing -Wno-strict-prototypes -Wno-range-loop-analysis -Wno-semicolon-before-method-body -index-store-path /Users/khanghnguyen/Library/Developer/Xcode/DerivedData/Wishie-gavmeupfwiyxzhaiqkwzocyeeixy/Index.noindex/DataStore @/Users/khanghnguyen/Library/Developer/Xcode/DerivedData/Wishie-gavmeupfwiyxzhaiqkwzocyeeixy/Build/Intermediates.noindex/leveldb.build/Debug-iphoneos/leveldb.build/Objects-normal/arm64/82b82416624d2658e5098eb0a28c15c5-common-args.resp -MMD -MT dependencies -MF /Users/khanghnguyen/Library/Developer/Xcode/DerivedData/Wishie-gavmeupfwiyxzhaiqkwzocyeeixy/Build/Intermediates.noindex/leveldb.build/Debug-iphoneos/leveldb.build/Objects-normal/arm64/crc32c.d --serialize-diagnostics /Users/khanghnguyen/Library/Developer/Xcode/DerivedData/Wishie-gavmeupfwiyxzhaiqkwzocyeeixy/Build/Intermediates.noindex/leveldb.build/Debug-iphoneos/leveldb.build/Objects-normal/arm64/crc32c.dia -c /Users/khanghnguyen/Library/Developer/Xcode/DerivedData/Wishie-gavmeupfwiyxzhaiqkwzocyeeixy/SourcePackages/checkouts/leveldb/util/crc32c.cc -o /Users/khanghnguyen/Library/Developer/Xcode/DerivedData/Wishie-gavmeupfwiyxzhaiqkwzocyeeixy/Build/Intermediates.noindex/leveldb.build/Debug-iphoneos/leveldb.build/Objects-normal/arm64/crc32c.o -index-unit-output-path /leveldb.build/Debug-iphoneos/leveldb.build/Objects-normal/arm64/crc32c.o

CompileC /Users/khanghnguyen/Library/Developer/Xcode/DerivedData/Wishie-gavmeupfwiyxzhaiqkwzocyeeixy/Build/Intermediates.noindex/leveldb.build/Debug-iphoneos/leveldb.build/Objects-normal/arm64/comparator.o /Users/khanghnguyen/Library/Developer/Xcode/DerivedData/Wishie-gavmeupfwiyxzhaiqkwzocyeeixy/SourcePackages/checkouts/leveldb/util/comparator.cc normal arm64 c++ com.apple.compilers.llvm.clang.1_0.compiler (in target 'leveldb' from project 'leveldb')
    cd /Users/khanghnguyen/Downloads/Wishie/Wishie.xcodeproj
    
    Using response file: /Users/khanghnguyen/Library/Developer/Xcode/DerivedData/Wishie-gavmeupfwiyxzhaiqkwzocyeeixy/Build/Intermediates.noindex/leveldb.build/Debug-iphoneos/leveldb.build/Objects-normal/arm64/82b82416624d2658e5098eb0a28c15c5-common-args.resp
    
    /Applications/Xcode.app/Contents/Developer/Toolchains/XcodeDefault.xctoolchain/usr/bin/clang -x c++ -ivfsstatcache /Users/khanghnguyen/Library/Developer/Xcode/DerivedData/SDKStatCaches.noindex/iphoneos26.2-23C57-3794476bd08197c3e2abd9bb477ef7f7.sdkstatcache -fmessage-length\=0 -fdiagnostics-show-note-include-stack -fmacro-backtrace-limit\=0 -fno-color-diagnostics -fmodules-prune-interval\=86400 -fmodules-prune-after\=345600 -fbuild-session-file\=/Users/khanghnguyen/Library/Developer/Xcode/DerivedData/ModuleCache.noindex/Session.modulevalidation -fmodules-validate-once-per-build-session -Wnon-modular-include-in-framework-module -Werror\=non-modular-include-in-framework-module -Wno-trigraphs -Wno-missing-field-initializers -Wno-missing-prototypes -Wno-return-type -Wno-non-virtual-dtor -Wno-overloaded-virtual -Wno-exit-time-destructors -Wno-missing-braces -Wparentheses -Wswitch -Wno-unused-function -Wno-unused-label -Wno-unused-parameter -Wno-unused-variable -Wunused-value -Wno-empty-body -Wno-uninitialized -Wno-unknown-pragmas -w -Wno-shadow -Wno-four-char-constants -Wno-conversion -Wno-constant-conversion -Wno-int-conversion -Wno-bool-conversion -Wno-enum-conversion -Wno-float-conversion -Wno-non-literal-null-conversion -Wno-objc-literal-conversion -Wshorten-64-to-32 -Wno-newline-eof -Wno-c++11-extensions -Wno-implicit-fallthrough -fstrict-aliasing -Wdeprecated-declarations -Winvalid-offsetof -Wno-sign-conversion -Wno-infinite-recursion -Wno-move -Wno-comma -Wno-block-capture-autoreleasing -Wno-strict-prototypes -Wno-range-loop-analysis -Wno-semicolon-before-method-body -index-store-path /Users/khanghnguyen/Library/Developer/Xcode/DerivedData/Wishie-gavmeupfwiyxzhaiqkwzocyeeixy/Index.noindex/DataStore @/Users/khanghnguyen/Library/Developer/Xcode/DerivedData/Wishie-gavmeupfwiyxzhaiqkwzocyeeixy/Build/Intermediates.noindex/leveldb.build/Debug-iphoneos/leveldb.build/Objects-normal/arm64/82b82416624d2658e5098eb0a28c15c5-common-args.resp -MMD -MT dependencies -MF /Users/khanghnguyen/Library/Developer/Xcode/DerivedData/Wishie-gavmeupfwiyxzhaiqkwzocyeeixy/Build/Intermediates.noindex/leveldb.build/Debug-iphoneos/leveldb.build/Objects-normal/arm64/comparator.d --serialize-diagnostics /Users/khanghnguyen/Library/Developer/Xcode/DerivedData/Wishie-gavmeupfwiyxzhaiqkwzocyeeixy/Build/Intermediates.noindex/leveldb.build/Debug-iphoneos/leveldb.build/Objects-normal/arm64/comparator.dia -c /Users/khanghnguyen/Library/Developer/Xcode/DerivedData/Wishie-gavmeupfwiyxzhaiqkwzocyeeixy/SourcePackages/checkouts/leveldb/util/comparator.cc -o /Users/khanghnguyen/Library/Developer/Xcode/DerivedData/Wishie-gavmeupfwiyxzhaiqkwzocyeeixy/Build/Intermediates.noindex/leveldb.build/Debug-iphoneos/leveldb.build/Objects-normal/arm64/comparator.o -index-unit-output-path /leveldb.build/Debug-iphoneos/leveldb.build/Objects-normal/arm64/comparator.o

CompileC /Users/khanghnguyen/Library/Developer/Xcode/DerivedData/Wishie-gavmeupfwiyxzhaiqkwzocyeeixy/Build/Intermediates.noindex/leveldb.build/Debug-iphoneos/leveldb.build/Objects-normal/arm64/coding.o /Users/khanghnguyen/Library/Developer/Xcode/DerivedData/Wishie-gavmeupfwiyxzhaiqkwzocyeeixy/SourcePackages/checkouts/leveldb/util/coding.cc normal arm64 c++ com.apple.compilers.llvm.clang.1_0.compiler (in target 'leveldb' from project 'leveldb')
    cd /Users/khanghnguyen/Downloads/Wishie/Wishie.xcodeproj
    
    Using response file: /Users/khanghnguyen/Library/Developer/Xcode/DerivedData/Wishie-gavmeupfwiyxzhaiqkwzocyeeixy/Build/Intermediates.noindex/leveldb.build/Debug-iphoneos/leveldb.build/Objects-normal/arm64/82b82416624d2658e5098eb0a28c15c5-common-args.resp
    
    /Applications/Xcode.app/Contents/Developer/Toolchains/XcodeDefault.xctoolchain/usr/bin/clang -x c++ -ivfsstatcache /Users/khanghnguyen/Library/Developer/Xcode/DerivedData/SDKStatCaches.noindex/iphoneos26.2-23C57-3794476bd08197c3e2abd9bb477ef7f7.sdkstatcache -fmessage-length\=0 -fdiagnostics-show-note-include-stack -fmacro-backtrace-limit\=0 -fno-color-diagnostics -fmodules-prune-interval\=86400 -fmodules-prune-after\=345600 -fbuild-session-file\=/Users/khanghnguyen/Library/Developer/Xcode/DerivedData/ModuleCache.noindex/Session.modulevalidation -fmodules-validate-once-per-build-session -Wnon-modular-include-in-framework-module -Werror\=non-modular-include-in-framework-module -Wno-trigraphs -Wno-missing-field-initializers -Wno-missing-prototypes -Wno-return-type -Wno-non-virtual-dtor -Wno-overloaded-virtual -Wno-exit-time-destructors -Wno-missing-braces -Wparentheses -Wswitch -Wno-unused-function -Wno-unused-label -Wno-unused-parameter -Wno-unused-variable -Wunused-value -Wno-empty-body -Wno-uninitialized -Wno-unknown-pragmas -w -Wno-shadow -Wno-four-char-constants -Wno-conversion -Wno-constant-conversion -Wno-int-conversion -Wno-bool-conversion -Wno-enum-conversion -Wno-float-conversion -Wno-non-literal-null-conversion -Wno-objc-literal-conversion -Wshorten-64-to-32 -Wno-newline-eof -Wno-c++11-extensions -Wno-implicit-fallthrough -fstrict-aliasing -Wdeprecated-declarations -Winvalid-offsetof -Wno-sign-conversion -Wno-infinite-recursion -Wno-move -Wno-comma -Wno-block-capture-autoreleasing -Wno-strict-prototypes -Wno-range-loop-analysis -Wno-semicolon-before-method-body -index-store-path /Users/khanghnguyen/Library/Developer/Xcode/DerivedData/Wishie-gavmeupfwiyxzhaiqkwzocyeeixy/Index.noindex/DataStore @/Users/khanghnguyen/Library/Developer/Xcode/DerivedData/Wishie-gavmeupfwiyxzhaiqkwzocyeeixy/Build/Intermediates.noindex/leveldb.build/Debug-iphoneos/leveldb.build/Objects-normal/arm64/82b82416624d2658e5098eb0a28c15c5-common-args.resp -MMD -MT dependencies -MF /Users/khanghnguyen/Library/Developer/Xcode/DerivedData/Wishie-gavmeupfwiyxzhaiqkwzocyeeixy/Build/Intermediates.noindex/leveldb.build/Debug-iphoneos/leveldb.build/Objects-normal/arm64/coding.d --serialize-diagnostics /Users/khanghnguyen/Library/Developer/Xcode/DerivedData/Wishie-gavmeupfwiyxzhaiqkwzocyeeixy/Build/Intermediates.noindex/leveldb.build/Debug-iphoneos/leveldb.build/Objects-normal/arm64/coding.dia -c /Users/khanghnguyen/Library/Developer/Xcode/DerivedData/Wishie-gavmeupfwiyxzhaiqkwzocyeeixy/SourcePackages/checkouts/leveldb/util/coding.cc -o /Users/khanghnguyen/Library/Developer/Xcode/DerivedData/Wishie-gavmeupfwiyxzhaiqkwzocyeeixy/Build/Intermediates.noindex/leveldb.build/Debug-iphoneos/leveldb.build/Objects-normal/arm64/coding.o -index-unit-output-path /leveldb.build/Debug-iphoneos/leveldb.build/Objects-normal/arm64/coding.o

Copy /Users/khanghnguyen/Library/Developer/Xcode/DerivedData/Wishie-gavmeupfwiyxzhaiqkwzocyeeixy/Build/Products/Debug-iphoneos/HTTPTypes.swiftmodule/arm64-apple-ios.swiftmodule /Users/khanghnguyen/Library/Developer/Xcode/DerivedData/Wishie-gavmeupfwiyxzhaiqkwzocyeeixy/Build/Intermediates.noindex/swift-http-types.build/Debug-iphoneos/HTTPTypes.build/Objects-normal/arm64/HTTPTypes.swiftmodule (in target 'HTTPTypes' from project 'swift-http-types')
    cd /Users/khanghnguyen/Library/Developer/Xcode/DerivedData/Wishie-gavmeupfwiyxzhaiqkwzocyeeixy/SourcePackages/checkouts/swift-http-types
    builtin-copy -exclude .DS_Store -exclude CVS -exclude .svn -exclude .git -exclude .hg -resolve-src-symlinks -rename /Users/khanghnguyen/Library/Developer/Xcode/DerivedData/Wishie-gavmeupfwiyxzhaiqkwzocyeeixy/Build/Intermediates.noindex/swift-http-types.build/Debug-iphoneos/HTTPTypes.build/Objects-normal/arm64/HTTPTypes.swiftmodule /Users/khanghnguyen/Library/Developer/Xcode/DerivedData/Wishie-gavmeupfwiyxzhaiqkwzocyeeixy/Build/Products/Debug-iphoneos/HTTPTypes.swiftmodule/arm64-apple-ios.swiftmodule

Copy /Users/khanghnguyen/Library/Developer/Xcode/DerivedData/Wishie-gavmeupfwiyxzhaiqkwzocyeeixy/Build/Products/Debug-iphoneos/HTTPTypes.swiftmodule/arm64-apple-ios.swiftdoc /Users/khanghnguyen/Library/Developer/Xcode/DerivedData/Wishie-gavmeupfwiyxzhaiqkwzocyeeixy/Build/Intermediates.noindex/swift-http-types.build/Debug-iphoneos/HTTPTypes.build/Objects-normal/arm64/HTTPTypes.swiftdoc (in target 'HTTPTypes' from project 'swift-http-types')
    cd /Users/khanghnguyen/Library/Developer/Xcode/DerivedData/Wishie-gavmeupfwiyxzhaiqkwzocyeeixy/SourcePackages/checkouts/swift-http-types
    builtin-copy -exclude .DS_Store -exclude CVS -exclude .svn -exclude .git -exclude .hg -resolve-src-symlinks -rename /Users/khanghnguyen/Library/Developer/Xcode/DerivedData/Wishie-gavmeupfwiyxzhaiqkwzocyeeixy/Build/Intermediates.noindex/swift-http-types.build/Debug-iphoneos/HTTPTypes.build/Objects-normal/arm64/HTTPTypes.swiftdoc /Users/khanghnguyen/Library/Developer/Xcode/DerivedData/Wishie-gavmeupfwiyxzhaiqkwzocyeeixy/Build/Products/Debug-iphoneos/HTTPTypes.swiftmodule/arm64-apple-ios.swiftdoc

Copy /Users/khanghnguyen/Library/Developer/Xcode/DerivedData/Wishie-gavmeupfwiyxzhaiqkwzocyeeixy/Build/Products/Debug-iphoneos/HTTPTypes.swiftmodule/arm64-apple-ios.abi.json /Users/khanghnguyen/Library/Developer/Xcode/DerivedData/Wishie-gavmeupfwiyxzhaiqkwzocyeeixy/Build/Intermediates.noindex/swift-http-types.build/Debug-iphoneos/HTTPTypes.build/Objects-normal/arm64/HTTPTypes.abi.json (in target 'HTTPTypes' from project 'swift-http-types')
    cd /Users/khanghnguyen/Library/Developer/Xcode/DerivedData/Wishie-gavmeupfwiyxzhaiqkwzocyeeixy/SourcePackages/checkouts/swift-http-types
    builtin-copy -exclude .DS_Store -exclude CVS -exclude .svn -exclude .git -exclude .hg -resolve-src-symlinks -rename /Users/khanghnguyen/Library/Developer/Xcode/DerivedData/Wishie-gavmeupfwiyxzhaiqkwzocyeeixy/Build/Intermediates.noindex/swift-http-types.build/Debug-iphoneos/HTTPTypes.build/Objects-normal/arm64/HTTPTypes.abi.json /Users/khanghnguyen/Library/Developer/Xcode/DerivedData/Wishie-gavmeupfwiyxzhaiqkwzocyeeixy/Build/Products/Debug-iphoneos/HTTPTypes.swiftmodule/arm64-apple-ios.abi.json

Copy /Users/khanghnguyen/Library/Developer/Xcode/DerivedData/Wishie-gavmeupfwiyxzhaiqkwzocyeeixy/Build/Products/Debug-iphoneos/HTTPTypes.swiftmodule/Project/arm64-apple-ios.swiftsourceinfo /Users/khanghnguyen/Library/Developer/Xcode/DerivedData/Wishie-gavmeupfwiyxzhaiqkwzocyeeixy/Build/Intermediates.noindex/swift-http-types.build/Debug-iphoneos/HTTPTypes.build/Objects-normal/arm64/HTTPTypes.swiftsourceinfo (in target 'HTTPTypes' from project 'swift-http-types')
    cd /Users/khanghnguyen/Library/Developer/Xcode/DerivedData/Wishie-gavmeupfwiyxzhaiqkwzocyeeixy/SourcePackages/checkouts/swift-http-types
    builtin-copy -exclude .DS_Store -exclude CVS -exclude .svn -exclude .git -exclude .hg -resolve-src-symlinks -rename /Users/khanghnguyen/Library/Developer/Xcode/DerivedData/Wishie-gavmeupfwiyxzhaiqkwzocyeeixy/Build/Intermediates.noindex/swift-http-types.build/Debug-iphoneos/HTTPTypes.build/Objects-normal/arm64/HTTPTypes.swiftsourceinfo /Users/khanghnguyen/Library/Developer/Xcode/DerivedData/Wishie-gavmeupfwiyxzhaiqkwzocyeeixy/Build/Products/Debug-iphoneos/HTTPTypes.swiftmodule/Project/arm64-apple-ios.swiftsourceinfo

Copy /Users/khanghnguyen/Library/Developer/Xcode/DerivedData/Wishie-gavmeupfwiyxzhaiqkwzocyeeixy/Build/Products/Debug-iphoneos/FirebaseSharedSwift.swiftmodule/arm64-apple-ios.swiftmodule /Users/khanghnguyen/Library/Developer/Xcode/DerivedData/Wishie-gavmeupfwiyxzhaiqkwzocyeeixy/Build/Intermediates.noindex/Firebase.build/Debug-iphoneos/FirebaseSharedSwift.build/Objects-normal/arm64/FirebaseSharedSwift.swiftmodule (in target 'FirebaseSharedSwift' from project 'Firebase')
    cd /Users/khanghnguyen/Library/Developer/Xcode/DerivedData/Wishie-gavmeupfwiyxzhaiqkwzocyeeixy/SourcePackages/checkouts/firebase-ios-sdk
    builtin-copy -exclude .DS_Store -exclude CVS -exclude .svn -exclude .git -exclude .hg -resolve-src-symlinks -rename /Users/khanghnguyen/Library/Developer/Xcode/DerivedData/Wishie-gavmeupfwiyxzhaiqkwzocyeeixy/Build/Intermediates.noindex/Firebase.build/Debug-iphoneos/FirebaseSharedSwift.build/Objects-normal/arm64/FirebaseSharedSwift.swiftmodule /Users/khanghnguyen/Library/Developer/Xcode/DerivedData/Wishie-gavmeupfwiyxzhaiqkwzocyeeixy/Build/Products/Debug-iphoneos/FirebaseSharedSwift.swiftmodule/arm64-apple-ios.swiftmodule

Copy /Users/khanghnguyen/Library/Developer/Xcode/DerivedData/Wishie-gavmeupfwiyxzhaiqkwzocyeeixy/Build/Products/Debug-iphoneos/FirebaseSharedSwift.swiftmodule/arm64-apple-ios.swiftdoc /Users/khanghnguyen/Library/Developer/Xcode/DerivedData/Wishie-gavmeupfwiyxzhaiqkwzocyeeixy/Build/Intermediates.noindex/Firebase.build/Debug-iphoneos/FirebaseSharedSwift.build/Objects-normal/arm64/FirebaseSharedSwift.swiftdoc (in target 'FirebaseSharedSwift' from project 'Firebase')
    cd /Users/khanghnguyen/Library/Developer/Xcode/DerivedData/Wishie-gavmeupfwiyxzhaiqkwzocyeeixy/SourcePackages/checkouts/firebase-ios-sdk
    builtin-copy -exclude .DS_Store -exclude CVS -exclude .svn -exclude .git -exclude .hg -resolve-src-symlinks -rename /Users/khanghnguyen/Library/Developer/Xcode/DerivedData/Wishie-gavmeupfwiyxzhaiqkwzocyeeixy/Build/Intermediates.noindex/Firebase.build/Debug-iphoneos/FirebaseSharedSwift.build/Objects-normal/arm64/FirebaseSharedSwift.swiftdoc /Users/khanghnguyen/Library/Developer/Xcode/DerivedData/Wishie-gavmeupfwiyxzhaiqkwzocyeeixy/Build/Products/Debug-iphoneos/FirebaseSharedSwift.swiftmodule/arm64-apple-ios.swiftdoc

Copy /Users/khanghnguyen/Library/Developer/Xcode/DerivedData/Wishie-gavmeupfwiyxzhaiqkwzocyeeixy/Build/Products/Debug-iphoneos/FirebaseSharedSwift.swiftmodule/arm64-apple-ios.abi.json /Users/khanghnguyen/Library/Developer/Xcode/DerivedData/Wishie-gavmeupfwiyxzhaiqkwzocyeeixy/Build/Intermediates.noindex/Firebase.build/Debug-iphoneos/FirebaseSharedSwift.build/Objects-normal/arm64/FirebaseSharedSwift.abi.json (in target 'FirebaseSharedSwift' from project 'Firebase')
    cd /Users/khanghnguyen/Library/Developer/Xcode/DerivedData/Wishie-gavmeupfwiyxzhaiqkwzocyeeixy/SourcePackages/checkouts/firebase-ios-sdk
    builtin-copy -exclude .DS_Store -exclude CVS -exclude .svn -exclude .git -exclude .hg -resolve-src-symlinks -rename /Users/khanghnguyen/Library/Developer/Xcode/DerivedData/Wishie-gavmeupfwiyxzhaiqkwzocyeeixy/Build/Intermediates.noindex/Firebase.build/Debug-iphoneos/FirebaseSharedSwift.build/Objects-normal/arm64/FirebaseSharedSwift.abi.json /Users/khanghnguyen/Library/Developer/Xcode/DerivedData/Wishie-gavmeupfwiyxzhaiqkwzocyeeixy/Build/Products/Debug-iphoneos/FirebaseSharedSwift.swiftmodule/arm64-apple-ios.abi.json

Copy /Users/khanghnguyen/Library/Developer/Xcode/DerivedData/Wishie-gavmeupfwiyxzhaiqkwzocyeeixy/Build/Products/Debug-iphoneos/FirebaseSharedSwift.swiftmodule/Project/arm64-apple-ios.swiftsourceinfo /Users/khanghnguyen/Library/Developer/Xcode/DerivedData/Wishie-gavmeupfwiyxzhaiqkwzocyeeixy/Build/Intermediates.noindex/Firebase.build/Debug-iphoneos/FirebaseSharedSwift.build/Objects-normal/arm64/FirebaseSharedSwift.swiftsourceinfo (in target 'FirebaseSharedSwift' from project 'Firebase')
    cd /Users/khanghnguyen/Library/Developer/Xcode/DerivedData/Wishie-gavmeupfwiyxzhaiqkwzocyeeixy/SourcePackages/checkouts/firebase-ios-sdk
    builtin-copy -exclude .DS_Store -exclude CVS -exclude .svn -exclude .git -exclude .hg -resolve-src-symlinks -rename /Users/khanghnguyen/Library/Developer/Xcode/DerivedData/Wishie-gavmeupfwiyxzhaiqkwzocyeeixy/Build/Intermediates.noindex/Firebase.build/Debug-iphoneos/FirebaseSharedSwift.build/Objects-normal/arm64/FirebaseSharedSwift.swiftsourceinfo /Users/khanghnguyen/Library/Developer/Xcode/DerivedData/Wishie-gavmeupfwiyxzhaiqkwzocyeeixy/Build/Products/Debug-iphoneos/FirebaseSharedSwift.swiftmodule/Project/arm64-apple-ios.swiftsourceinfo

Copy /Users/khanghnguyen/Library/Developer/Xcode/DerivedData/Wishie-gavmeupfwiyxzhaiqkwzocyeeixy/Build/Products/Debug-iphoneos/Crypto.swiftmodule/arm64-apple-ios.swiftmodule /Users/khanghnguyen/Library/Developer/Xcode/DerivedData/Wishie-gavmeupfwiyxzhaiqkwzocyeeixy/Build/Intermediates.noindex/swift-crypto.build/Debug-iphoneos/Crypto.build/Objects-normal/arm64/Crypto.swiftmodule (in target 'Crypto' from project 'swift-crypto')
    cd /Users/khanghnguyen/Library/Developer/Xcode/DerivedData/Wishie-gavmeupfwiyxzhaiqkwzocyeeixy/SourcePackages/checkouts/swift-crypto
    builtin-copy -exclude .DS_Store -exclude CVS -exclude .svn -exclude .git -exclude .hg -resolve-src-symlinks -rename /Users/khanghnguyen/Library/Developer/Xcode/DerivedData/Wishie-gavmeupfwiyxzhaiqkwzocyeeixy/Build/Intermediates.noindex/swift-crypto.build/Debug-iphoneos/Crypto.build/Objects-normal/arm64/Crypto.swiftmodule /Users/khanghnguyen/Library/Developer/Xcode/DerivedData/Wishie-gavmeupfwiyxzhaiqkwzocyeeixy/Build/Products/Debug-iphoneos/Crypto.swiftmodule/arm64-apple-ios.swiftmodule

Copy /Users/khanghnguyen/Library/Developer/Xcode/DerivedData/Wishie-gavmeupfwiyxzhaiqkwzocyeeixy/Build/Products/Debug-iphoneos/Crypto.swiftmodule/arm64-apple-ios.swiftdoc /Users/khanghnguyen/Library/Developer/Xcode/DerivedData/Wishie-gavmeupfwiyxzhaiqkwzocyeeixy/Build/Intermediates.noindex/swift-crypto.build/Debug-iphoneos/Crypto.build/Objects-normal/arm64/Crypto.swiftdoc (in target 'Crypto' from project 'swift-crypto')
    cd /Users/khanghnguyen/Library/Developer/Xcode/DerivedData/Wishie-gavmeupfwiyxzhaiqkwzocyeeixy/SourcePackages/checkouts/swift-crypto
    builtin-copy -exclude .DS_Store -exclude CVS -exclude .svn -exclude .git -exclude .hg -resolve-src-symlinks -rename /Users/khanghnguyen/Library/Developer/Xcode/DerivedData/Wishie-gavmeupfwiyxzhaiqkwzocyeeixy/Build/Intermediates.noindex/swift-crypto.build/Debug-iphoneos/Crypto.build/Objects-normal/arm64/Crypto.swiftdoc /Users/khanghnguyen/Library/Developer/Xcode/DerivedData/Wishie-gavmeupfwiyxzhaiqkwzocyeeixy/Build/Products/Debug-iphoneos/Crypto.swiftmodule/arm64-apple-ios.swiftdoc

Copy /Users/khanghnguyen/Library/Developer/Xcode/DerivedData/Wishie-gavmeupfwiyxzhaiqkwzocyeeixy/Build/Products/Debug-iphoneos/Crypto.swiftmodule/arm64-apple-ios.abi.json /Users/khanghnguyen/Library/Developer/Xcode/DerivedData/Wishie-gavmeupfwiyxzhaiqkwzocyeeixy/Build/Intermediates.noindex/swift-crypto.build/Debug-iphoneos/Crypto.build/Objects-normal/arm64/Crypto.abi.json (in target 'Crypto' from project 'swift-crypto')
    cd /Users/khanghnguyen/Library/Developer/Xcode/DerivedData/Wishie-gavmeupfwiyxzhaiqkwzocyeeixy/SourcePackages/checkouts/swift-crypto
    builtin-copy -exclude .DS_Store -exclude CVS -exclude .svn -exclude .git -exclude .hg -resolve-src-symlinks -rename /Users/khanghnguyen/Library/Developer/Xcode/DerivedData/Wishie-gavmeupfwiyxzhaiqkwzocyeeixy/Build/Intermediates.noindex/swift-crypto.build/Debug-iphoneos/Crypto.build/Objects-normal/arm64/Crypto.abi.json /Users/khanghnguyen/Library/Developer/Xcode/DerivedData/Wishie-gavmeupfwiyxzhaiqkwzocyeeixy/Build/Products/Debug-iphoneos/Crypto.swiftmodule/arm64-apple-ios.abi.json

Copy /Users/khanghnguyen/Library/Developer/Xcode/DerivedData/Wishie-gavmeupfwiyxzhaiqkwzocyeeixy/Build/Products/Debug-iphoneos/Crypto.swiftmodule/Project/arm64-apple-ios.swiftsourceinfo /Users/khanghnguyen/Library/Developer/Xcode/DerivedData/Wishie-gavmeupfwiyxzhaiqkwzocyeeixy/Build/Intermediates.noindex/swift-crypto.build/Debug-iphoneos/Crypto.build/Objects-normal/arm64/Crypto.swiftsourceinfo (in target 'Crypto' from project 'swift-crypto')
    cd /Users/khanghnguyen/Library/Developer/Xcode/DerivedData/Wishie-gavmeupfwiyxzhaiqkwzocyeeixy/SourcePackages/checkouts/swift-crypto
    builtin-copy -exclude .DS_Store -exclude CVS -exclude .svn -exclude .git -exclude .hg -resolve-src-symlinks -rename /Users/khanghnguyen/Library/Developer/Xcode/DerivedData/Wishie-gavmeupfwiyxzhaiqkwzocyeeixy/Build/Intermediates.noindex/swift-crypto.build/Debug-iphoneos/Crypto.build/Objects-normal/arm64/Crypto.swiftsourceinfo /Users/khanghnguyen/Library/Developer/Xcode/DerivedData/Wishie-gavmeupfwiyxzhaiqkwzocyeeixy/Build/Products/Debug-iphoneos/Crypto.swiftmodule/Project/arm64-apple-ios.swiftsourceinfo

Copy /Users/khanghnguyen/Library/Developer/Xcode/DerivedData/Wishie-gavmeupfwiyxzhaiqkwzocyeeixy/Build/Products/Debug-iphoneos/ConcurrencyExtras.swiftmodule/arm64-apple-ios.swiftmodule /Users/khanghnguyen/Library/Developer/Xcode/DerivedData/Wishie-gavmeupfwiyxzhaiqkwzocyeeixy/Build/Intermediates.noindex/swift-concurrency-extras.build/Debug-iphoneos/ConcurrencyExtras.build/Objects-normal/arm64/ConcurrencyExtras.swiftmodule (in target 'ConcurrencyExtras' from project 'swift-concurrency-extras')
    cd /Users/khanghnguyen/Library/Developer/Xcode/DerivedData/Wishie-gavmeupfwiyxzhaiqkwzocyeeixy/SourcePackages/checkouts/swift-concurrency-extras
    builtin-copy -exclude .DS_Store -exclude CVS -exclude .svn -exclude .git -exclude .hg -resolve-src-symlinks -rename /Users/khanghnguyen/Library/Developer/Xcode/DerivedData/Wishie-gavmeupfwiyxzhaiqkwzocyeeixy/Build/Intermediates.noindex/swift-concurrency-extras.build/Debug-iphoneos/ConcurrencyExtras.build/Objects-normal/arm64/ConcurrencyExtras.swiftmodule /Users/khanghnguyen/Library/Developer/Xcode/DerivedData/Wishie-gavmeupfwiyxzhaiqkwzocyeeixy/Build/Products/Debug-iphoneos/ConcurrencyExtras.swiftmodule/arm64-apple-ios.swiftmodule

Copy /Users/khanghnguyen/Library/Developer/Xcode/DerivedData/Wishie-gavmeupfwiyxzhaiqkwzocyeeixy/Build/Products/Debug-iphoneos/ConcurrencyExtras.swiftmodule/arm64-apple-ios.swiftdoc /Users/khanghnguyen/Library/Developer/Xcode/DerivedData/Wishie-gavmeupfwiyxzhaiqkwzocyeeixy/Build/Intermediates.noindex/swift-concurrency-extras.build/Debug-iphoneos/ConcurrencyExtras.build/Objects-normal/arm64/ConcurrencyExtras.swiftdoc (in target 'ConcurrencyExtras' from project 'swift-concurrency-extras')
    cd /Users/khanghnguyen/Library/Developer/Xcode/DerivedData/Wishie-gavmeupfwiyxzhaiqkwzocyeeixy/SourcePackages/checkouts/swift-concurrency-extras
    builtin-copy -exclude .DS_Store -exclude CVS -exclude .svn -exclude .git -exclude .hg -resolve-src-symlinks -rename /Users/khanghnguyen/Library/Developer/Xcode/DerivedData/Wishie-gavmeupfwiyxzhaiqkwzocyeeixy/Build/Intermediates.noindex/swift-concurrency-extras.build/Debug-iphoneos/ConcurrencyExtras.build/Objects-normal/arm64/ConcurrencyExtras.swiftdoc /Users/khanghnguyen/Library/Developer/Xcode/DerivedData/Wishie-gavmeupfwiyxzhaiqkwzocyeeixy/Build/Products/Debug-iphoneos/ConcurrencyExtras.swiftmodule/arm64-apple-ios.swiftdoc

Copy /Users/khanghnguyen/Library/Developer/Xcode/DerivedData/Wishie-gavmeupfwiyxzhaiqkwzocyeeixy/Build/Products/Debug-iphoneos/ConcurrencyExtras.swiftmodule/arm64-apple-ios.abi.json /Users/khanghnguyen/Library/Developer/Xcode/DerivedData/Wishie-gavmeupfwiyxzhaiqkwzocyeeixy/Build/Intermediates.noindex/swift-concurrency-extras.build/Debug-iphoneos/ConcurrencyExtras.build/Objects-normal/arm64/ConcurrencyExtras.abi.json (in target 'ConcurrencyExtras' from project 'swift-concurrency-extras')
    cd /Users/khanghnguyen/Library/Developer/Xcode/DerivedData/Wishie-gavmeupfwiyxzhaiqkwzocyeeixy/SourcePackages/checkouts/swift-concurrency-extras
    builtin-copy -exclude .DS_Store -exclude CVS -exclude .svn -exclude .git -exclude .hg -resolve-src-symlinks -rename /Users/khanghnguyen/Library/Developer/Xcode/DerivedData/Wishie-gavmeupfwiyxzhaiqkwzocyeeixy/Build/Intermediates.noindex/swift-concurrency-extras.build/Debug-iphoneos/ConcurrencyExtras.build/Objects-normal/arm64/ConcurrencyExtras.abi.json /Users/khanghnguyen/Library/Developer/Xcode/DerivedData/Wishie-gavmeupfwiyxzhaiqkwzocyeeixy/Build/Products/Debug-iphoneos/ConcurrencyExtras.swiftmodule/arm64-apple-ios.abi.json

Copy /Users/khanghnguyen/Library/Developer/Xcode/DerivedData/Wishie-gavmeupfwiyxzhaiqkwzocyeeixy/Build/Products/Debug-iphoneos/ConcurrencyExtras.swiftmodule/Project/arm64-apple-ios.swiftsourceinfo /Users/khanghnguyen/Library/Developer/Xcode/DerivedData/Wishie-gavmeupfwiyxzhaiqkwzocyeeixy/Build/Intermediates.noindex/swift-concurrency-extras.build/Debug-iphoneos/ConcurrencyExtras.build/Objects-normal/arm64/ConcurrencyExtras.swiftsourceinfo (in target 'ConcurrencyExtras' from project 'swift-concurrency-extras')
    cd /Users/khanghnguyen/Library/Developer/Xcode/DerivedData/Wishie-gavmeupfwiyxzhaiqkwzocyeeixy/SourcePackages/checkouts/swift-concurrency-extras
    builtin-copy -exclude .DS_Store -exclude CVS -exclude .svn -exclude .git -exclude .hg -resolve-src-symlinks -rename /Users/khanghnguyen/Library/Developer/Xcode/DerivedData/Wishie-gavmeupfwiyxzhaiqkwzocyeeixy/Build/Intermediates.noindex/swift-concurrency-extras.build/Debug-iphoneos/ConcurrencyExtras.build/Objects-normal/arm64/ConcurrencyExtras.swiftsourceinfo /Users/khanghnguyen/Library/Developer/Xcode/DerivedData/Wishie-gavmeupfwiyxzhaiqkwzocyeeixy/Build/Products/Debug-iphoneos/ConcurrencyExtras.swiftmodule/Project/arm64-apple-ios.swiftsourceinfo

CompileC /Users/khanghnguyen/Library/Developer/Xcode/DerivedData/Wishie-gavmeupfwiyxzhaiqkwzocyeeixy/Build/Intermediates.noindex/leveldb.build/Debug-iphoneos/leveldb.build/Objects-normal/arm64/cache.o /Users/khanghnguyen/Library/Developer/Xcode/DerivedData/Wishie-gavmeupfwiyxzhaiqkwzocyeeixy/SourcePackages/checkouts/leveldb/util/cache.cc normal arm64 c++ com.apple.compilers.llvm.clang.1_0.compiler (in target 'leveldb' from project 'leveldb')
    cd /Users/khanghnguyen/Downloads/Wishie/Wishie.xcodeproj
    
    Using response file: /Users/khanghnguyen/Library/Developer/Xcode/DerivedData/Wishie-gavmeupfwiyxzhaiqkwzocyeeixy/Build/Intermediates.noindex/leveldb.build/Debug-iphoneos/leveldb.build/Objects-normal/arm64/82b82416624d2658e5098eb0a28c15c5-common-args.resp
    
    /Applications/Xcode.app/Contents/Developer/Toolchains/XcodeDefault.xctoolchain/usr/bin/clang -x c++ -ivfsstatcache /Users/khanghnguyen/Library/Developer/Xcode/DerivedData/SDKStatCaches.noindex/iphoneos26.2-23C57-3794476bd08197c3e2abd9bb477ef7f7.sdkstatcache -fmessage-length\=0 -fdiagnostics-show-note-include-stack -fmacro-backtrace-limit\=0 -fno-color-diagnostics -fmodules-prune-interval\=86400 -fmodules-prune-after\=345600 -fbuild-session-file\=/Users/khanghnguyen/Library/Developer/Xcode/DerivedData/ModuleCache.noindex/Session.modulevalidation -fmodules-validate-once-per-build-session -Wnon-modular-include-in-framework-module -Werror\=non-modular-include-in-framework-module -Wno-trigraphs -Wno-missing-field-initializers -Wno-missing-prototypes -Wno-return-type -Wno-non-virtual-dtor -Wno-overloaded-virtual -Wno-exit-time-destructors -Wno-missing-braces -Wparentheses -Wswitch -Wno-unused-function -Wno-unused-label -Wno-unused-parameter -Wno-unused-variable -Wunused-value -Wno-empty-body -Wno-uninitialized -Wno-unknown-pragmas -w -Wno-shadow -Wno-four-char-constants -Wno-conversion -Wno-constant-conversion -Wno-int-conversion -Wno-bool-conversion -Wno-enum-conversion -Wno-float-conversion -Wno-non-literal-null-conversion -Wno-objc-literal-conversion -Wshorten-64-to-32 -Wno-newline-eof -Wno-c++11-extensions -Wno-implicit-fallthrough -fstrict-aliasing -Wdeprecated-declarations -Winvalid-offsetof -Wno-sign-conversion -Wno-infinite-recursion -Wno-move -Wno-comma -Wno-block-capture-autoreleasing -Wno-strict-prototypes -Wno-range-loop-analysis -Wno-semicolon-before-method-body -index-store-path /Users/khanghnguyen/Library/Developer/Xcode/DerivedData/Wishie-gavmeupfwiyxzhaiqkwzocyeeixy/Index.noindex/DataStore @/Users/khanghnguyen/Library/Developer/Xcode/DerivedData/Wishie-gavmeupfwiyxzhaiqkwzocyeeixy/Build/Intermediates.noindex/leveldb.build/Debug-iphoneos/leveldb.build/Objects-normal/arm64/82b82416624d2658e5098eb0a28c15c5-common-args.resp -MMD -MT dependencies -MF /Users/khanghnguyen/Library/Developer/Xcode/DerivedData/Wishie-gavmeupfwiyxzhaiqkwzocyeeixy/Build/Intermediates.noindex/leveldb.build/Debug-iphoneos/leveldb.build/Objects-normal/arm64/cache.d --serialize-diagnostics /Users/khanghnguyen/Library/Developer/Xcode/DerivedData/Wishie-gavmeupfwiyxzhaiqkwzocyeeixy/Build/Intermediates.noindex/leveldb.build/Debug-iphoneos/leveldb.build/Objects-normal/arm64/cache.dia -c /Users/khanghnguyen/Library/Developer/Xcode/DerivedData/Wishie-gavmeupfwiyxzhaiqkwzocyeeixy/SourcePackages/checkouts/leveldb/util/cache.cc -o /Users/khanghnguyen/Library/Developer/Xcode/DerivedData/Wishie-gavmeupfwiyxzhaiqkwzocyeeixy/Build/Intermediates.noindex/leveldb.build/Debug-iphoneos/leveldb.build/Objects-normal/arm64/cache.o -index-unit-output-path /leveldb.build/Debug-iphoneos/leveldb.build/Objects-normal/arm64/cache.o

CompileC /Users/khanghnguyen/Library/Developer/Xcode/DerivedData/Wishie-gavmeupfwiyxzhaiqkwzocyeeixy/Build/Intermediates.noindex/leveldb.build/Debug-iphoneos/leveldb.build/Objects-normal/arm64/c.o /Users/khanghnguyen/Library/Developer/Xcode/DerivedData/Wishie-gavmeupfwiyxzhaiqkwzocyeeixy/SourcePackages/checkouts/leveldb/db/c.cc normal arm64 c++ com.apple.compilers.llvm.clang.1_0.compiler (in target 'leveldb' from project 'leveldb')
    cd /Users/khanghnguyen/Downloads/Wishie/Wishie.xcodeproj
    
    Using response file: /Users/khanghnguyen/Library/Developer/Xcode/DerivedData/Wishie-gavmeupfwiyxzhaiqkwzocyeeixy/Build/Intermediates.noindex/leveldb.build/Debug-iphoneos/leveldb.build/Objects-normal/arm64/82b82416624d2658e5098eb0a28c15c5-common-args.resp
    
    /Applications/Xcode.app/Contents/Developer/Toolchains/XcodeDefault.xctoolchain/usr/bin/clang -x c++ -ivfsstatcache /Users/khanghnguyen/Library/Developer/Xcode/DerivedData/SDKStatCaches.noindex/iphoneos26.2-23C57-3794476bd08197c3e2abd9bb477ef7f7.sdkstatcache -fmessage-length\=0 -fdiagnostics-show-note-include-stack -fmacro-backtrace-limit\=0 -fno-color-diagnostics -fmodules-prune-interval\=86400 -fmodules-prune-after\=345600 -fbuild-session-file\=/Users/khanghnguyen/Library/Developer/Xcode/DerivedData/ModuleCache.noindex/Session.modulevalidation -fmodules-validate-once-per-build-session -Wnon-modular-include-in-framework-module -Werror\=non-modular-include-in-framework-module -Wno-trigraphs -Wno-missing-field-initializers -Wno-missing-prototypes -Wno-return-type -Wno-non-virtual-dtor -Wno-overloaded-virtual -Wno-exit-time-destructors -Wno-missing-braces -Wparentheses -Wswitch -Wno-unused-function -Wno-unused-label -Wno-unused-parameter -Wno-unused-variable -Wunused-value -Wno-empty-body -Wno-uninitialized -Wno-unknown-pragmas -w -Wno-shadow -Wno-four-char-constants -Wno-conversion -Wno-constant-conversion -Wno-int-conversion -Wno-bool-conversion -Wno-enum-conversion -Wno-float-conversion -Wno-non-literal-null-conversion -Wno-objc-literal-conversion -Wshorten-64-to-32 -Wno-newline-eof -Wno-c++11-extensions -Wno-implicit-fallthrough -fstrict-aliasing -Wdeprecated-declarations -Winvalid-offsetof -Wno-sign-conversion -Wno-infinite-recursion -Wno-move -Wno-comma -Wno-block-capture-autoreleasing -Wno-strict-prototypes -Wno-range-loop-analysis -Wno-semicolon-before-method-body -index-store-path /Users/khanghnguyen/Library/Developer/Xcode/DerivedData/Wishie-gavmeupfwiyxzhaiqkwzocyeeixy/Index.noindex/DataStore @/Users/khanghnguyen/Library/Developer/Xcode/DerivedData/Wishie-gavmeupfwiyxzhaiqkwzocyeeixy/Build/Intermediates.noindex/leveldb.build/Debug-iphoneos/leveldb.build/Objects-normal/arm64/82b82416624d2658e5098eb0a28c15c5-common-args.resp -MMD -MT dependencies -MF /Users/khanghnguyen/Library/Developer/Xcode/DerivedData/Wishie-gavmeupfwiyxzhaiqkwzocyeeixy/Build/Intermediates.noindex/leveldb.build/Debug-iphoneos/leveldb.build/Objects-normal/arm64/c.d --serialize-diagnostics /Users/khanghnguyen/Library/Developer/Xcode/DerivedData/Wishie-gavmeupfwiyxzhaiqkwzocyeeixy/Build/Intermediates.noindex/leveldb.build/Debug-iphoneos/leveldb.build/Objects-normal/arm64/c.dia -c /Users/khanghnguyen/Library/Developer/Xcode/DerivedData/Wishie-gavmeupfwiyxzhaiqkwzocyeeixy/SourcePackages/checkouts/leveldb/db/c.cc -o /Users/khanghnguyen/Library/Developer/Xcode/DerivedData/Wishie-gavmeupfwiyxzhaiqkwzocyeeixy/Build/Intermediates.noindex/leveldb.build/Debug-iphoneos/leveldb.build/Objects-normal/arm64/c.o -index-unit-output-path /leveldb.build/Debug-iphoneos/leveldb.build/Objects-normal/arm64/c.o

CompileC /Users/khanghnguyen/Library/Developer/Xcode/DerivedData/Wishie-gavmeupfwiyxzhaiqkwzocyeeixy/Build/Intermediates.noindex/leveldb.build/Debug-iphoneos/leveldb.build/Objects-normal/arm64/builder.o /Users/khanghnguyen/Library/Developer/Xcode/DerivedData/Wishie-gavmeupfwiyxzhaiqkwzocyeeixy/SourcePackages/checkouts/leveldb/db/builder.cc normal arm64 c++ com.apple.compilers.llvm.clang.1_0.compiler (in target 'leveldb' from project 'leveldb')
    cd /Users/khanghnguyen/Downloads/Wishie/Wishie.xcodeproj
    
    Using response file: /Users/khanghnguyen/Library/Developer/Xcode/DerivedData/Wishie-gavmeupfwiyxzhaiqkwzocyeeixy/Build/Intermediates.noindex/leveldb.build/Debug-iphoneos/leveldb.build/Objects-normal/arm64/82b82416624d2658e5098eb0a28c15c5-common-args.resp
    
    /Applications/Xcode.app/Contents/Developer/Toolchains/XcodeDefault.xctoolchain/usr/bin/clang -x c++ -ivfsstatcache /Users/khanghnguyen/Library/Developer/Xcode/DerivedData/SDKStatCaches.noindex/iphoneos26.2-23C57-3794476bd08197c3e2abd9bb477ef7f7.sdkstatcache -fmessage-length\=0 -fdiagnostics-show-note-include-stack -fmacro-backtrace-limit\=0 -fno-color-diagnostics -fmodules-prune-interval\=86400 -fmodules-prune-after\=345600 -fbuild-session-file\=/Users/khanghnguyen/Library/Developer/Xcode/DerivedData/ModuleCache.noindex/Session.modulevalidation -fmodules-validate-once-per-build-session -Wnon-modular-include-in-framework-module -Werror\=non-modular-include-in-framework-module -Wno-trigraphs -Wno-missing-field-initializers -Wno-missing-prototypes -Wno-return-type -Wno-non-virtual-dtor -Wno-overloaded-virtual -Wno-exit-time-destructors -Wno-missing-braces -Wparentheses -Wswitch -Wno-unused-function -Wno-unused-label -Wno-unused-parameter -Wno-unused-variable -Wunused-value -Wno-empty-body -Wno-uninitialized -Wno-unknown-pragmas -w -Wno-shadow -Wno-four-char-constants -Wno-conversion -Wno-constant-conversion -Wno-int-conversion -Wno-bool-conversion -Wno-enum-conversion -Wno-float-conversion -Wno-non-literal-null-conversion -Wno-objc-literal-conversion -Wshorten-64-to-32 -Wno-newline-eof -Wno-c++11-extensions -Wno-implicit-fallthrough -fstrict-aliasing -Wdeprecated-declarations -Winvalid-offsetof -Wno-sign-conversion -Wno-infinite-recursion -Wno-move -Wno-comma -Wno-block-capture-autoreleasing -Wno-strict-prototypes -Wno-range-loop-analysis -Wno-semicolon-before-method-body -index-store-path /Users/khanghnguyen/Library/Developer/Xcode/DerivedData/Wishie-gavmeupfwiyxzhaiqkwzocyeeixy/Index.noindex/DataStore @/Users/khanghnguyen/Library/Developer/Xcode/DerivedData/Wishie-gavmeupfwiyxzhaiqkwzocyeeixy/Build/Intermediates.noindex/leveldb.build/Debug-iphoneos/leveldb.build/Objects-normal/arm64/82b82416624d2658e5098eb0a28c15c5-common-args.resp -MMD -MT dependencies -MF /Users/khanghnguyen/Library/Developer/Xcode/DerivedData/Wishie-gavmeupfwiyxzhaiqkwzocyeeixy/Build/Intermediates.noindex/leveldb.build/Debug-iphoneos/leveldb.build/Objects-normal/arm64/builder.d --serialize-diagnostics /Users/khanghnguyen/Library/Developer/Xcode/DerivedData/Wishie-gavmeupfwiyxzhaiqkwzocyeeixy/Build/Intermediates.noindex/leveldb.build/Debug-iphoneos/leveldb.build/Objects-normal/arm64/builder.dia -c /Users/khanghnguyen/Library/Developer/Xcode/DerivedData/Wishie-gavmeupfwiyxzhaiqkwzocyeeixy/SourcePackages/checkouts/leveldb/db/builder.cc -o /Users/khanghnguyen/Library/Developer/Xcode/DerivedData/Wishie-gavmeupfwiyxzhaiqkwzocyeeixy/Build/Intermediates.noindex/leveldb.build/Debug-iphoneos/leveldb.build/Objects-normal/arm64/builder.o -index-unit-output-path /leveldb.build/Debug-iphoneos/leveldb.build/Objects-normal/arm64/builder.o

CompileC /Users/khanghnguyen/Library/Developer/Xcode/DerivedData/Wishie-gavmeupfwiyxzhaiqkwzocyeeixy/Build/Intermediates.noindex/leveldb.build/Debug-iphoneos/leveldb.build/Objects-normal/arm64/bloom.o /Users/khanghnguyen/Library/Developer/Xcode/DerivedData/Wishie-gavmeupfwiyxzhaiqkwzocyeeixy/SourcePackages/checkouts/leveldb/util/bloom.cc normal arm64 c++ com.apple.compilers.llvm.clang.1_0.compiler (in target 'leveldb' from project 'leveldb')
    cd /Users/khanghnguyen/Downloads/Wishie/Wishie.xcodeproj
    
    Using response file: /Users/khanghnguyen/Library/Developer/Xcode/DerivedData/Wishie-gavmeupfwiyxzhaiqkwzocyeeixy/Build/Intermediates.noindex/leveldb.build/Debug-iphoneos/leveldb.build/Objects-normal/arm64/82b82416624d2658e5098eb0a28c15c5-common-args.resp
    
    /Applications/Xcode.app/Contents/Developer/Toolchains/XcodeDefault.xctoolchain/usr/bin/clang -x c++ -ivfsstatcache /Users/khanghnguyen/Library/Developer/Xcode/DerivedData/SDKStatCaches.noindex/iphoneos26.2-23C57-3794476bd08197c3e2abd9bb477ef7f7.sdkstatcache -fmessage-length\=0 -fdiagnostics-show-note-include-stack -fmacro-backtrace-limit\=0 -fno-color-diagnostics -fmodules-prune-interval\=86400 -fmodules-prune-after\=345600 -fbuild-session-file\=/Users/khanghnguyen/Library/Developer/Xcode/DerivedData/ModuleCache.noindex/Session.modulevalidation -fmodules-validate-once-per-build-session -Wnon-modular-include-in-framework-module -Werror\=non-modular-include-in-framework-module -Wno-trigraphs -Wno-missing-field-initializers -Wno-missing-prototypes -Wno-return-type -Wno-non-virtual-dtor -Wno-overloaded-virtual -Wno-exit-time-destructors -Wno-missing-braces -Wparentheses -Wswitch -Wno-unused-function -Wno-unused-label -Wno-unused-parameter -Wno-unused-variable -Wunused-value -Wno-empty-body -Wno-uninitialized -Wno-unknown-pragmas -w -Wno-shadow -Wno-four-char-constants -Wno-conversion -Wno-constant-conversion -Wno-int-conversion -Wno-bool-conversion -Wno-enum-conversion -Wno-float-conversion -Wno-non-literal-null-conversion -Wno-objc-literal-conversion -Wshorten-64-to-32 -Wno-newline-eof -Wno-c++11-extensions -Wno-implicit-fallthrough -fstrict-aliasing -Wdeprecated-declarations -Winvalid-offsetof -Wno-sign-conversion -Wno-infinite-recursion -Wno-move -Wno-comma -Wno-block-capture-autoreleasing -Wno-strict-prototypes -Wno-range-loop-analysis -Wno-semicolon-before-method-body -index-store-path /Users/khanghnguyen/Library/Developer/Xcode/DerivedData/Wishie-gavmeupfwiyxzhaiqkwzocyeeixy/Index.noindex/DataStore @/Users/khanghnguyen/Library/Developer/Xcode/DerivedData/Wishie-gavmeupfwiyxzhaiqkwzocyeeixy/Build/Intermediates.noindex/leveldb.build/Debug-iphoneos/leveldb.build/Objects-normal/arm64/82b82416624d2658e5098eb0a28c15c5-common-args.resp -MMD -MT dependencies -MF /Users/khanghnguyen/Library/Developer/Xcode/DerivedData/Wishie-gavmeupfwiyxzhaiqkwzocyeeixy/Build/Intermediates.noindex/leveldb.build/Debug-iphoneos/leveldb.build/Objects-normal/arm64/bloom.d --serialize-diagnostics /Users/khanghnguyen/Library/Developer/Xcode/DerivedData/Wishie-gavmeupfwiyxzhaiqkwzocyeeixy/Build/Intermediates.noindex/leveldb.build/Debug-iphoneos/leveldb.build/Objects-normal/arm64/bloom.dia -c /Users/khanghnguyen/Library/Developer/Xcode/DerivedData/Wishie-gavmeupfwiyxzhaiqkwzocyeeixy/SourcePackages/checkouts/leveldb/util/bloom.cc -o /Users/khanghnguyen/Library/Developer/Xcode/DerivedData/Wishie-gavmeupfwiyxzhaiqkwzocyeeixy/Build/Intermediates.noindex/leveldb.build/Debug-iphoneos/leveldb.build/Objects-normal/arm64/bloom.o -index-unit-output-path /leveldb.build/Debug-iphoneos/leveldb.build/Objects-normal/arm64/bloom.o

CompileC /Users/khanghnguyen/Library/Developer/Xcode/DerivedData/Wishie-gavmeupfwiyxzhaiqkwzocyeeixy/Build/Intermediates.noindex/leveldb.build/Debug-iphoneos/leveldb.build/Objects-normal/arm64/block_builder.o /Users/khanghnguyen/Library/Developer/Xcode/DerivedData/Wishie-gavmeupfwiyxzhaiqkwzocyeeixy/SourcePackages/checkouts/leveldb/table/block_builder.cc normal arm64 c++ com.apple.compilers.llvm.clang.1_0.compiler (in target 'leveldb' from project 'leveldb')
    cd /Users/khanghnguyen/Downloads/Wishie/Wishie.xcodeproj
    
    Using response file: /Users/khanghnguyen/Library/Developer/Xcode/DerivedData/Wishie-gavmeupfwiyxzhaiqkwzocyeeixy/Build/Intermediates.noindex/leveldb.build/Debug-iphoneos/leveldb.build/Objects-normal/arm64/82b82416624d2658e5098eb0a28c15c5-common-args.resp
    
    /Applications/Xcode.app/Contents/Developer/Toolchains/XcodeDefault.xctoolchain/usr/bin/clang -x c++ -ivfsstatcache /Users/khanghnguyen/Library/Developer/Xcode/DerivedData/SDKStatCaches.noindex/iphoneos26.2-23C57-3794476bd08197c3e2abd9bb477ef7f7.sdkstatcache -fmessage-length\=0 -fdiagnostics-show-note-include-stack -fmacro-backtrace-limit\=0 -fno-color-diagnostics -fmodules-prune-interval\=86400 -fmodules-prune-after\=345600 -fbuild-session-file\=/Users/khanghnguyen/Library/Developer/Xcode/DerivedData/ModuleCache.noindex/Session.modulevalidation -fmodules-validate-once-per-build-session -Wnon-modular-include-in-framework-module -Werror\=non-modular-include-in-framework-module -Wno-trigraphs -Wno-missing-field-initializers -Wno-missing-prototypes -Wno-return-type -Wno-non-virtual-dtor -Wno-overloaded-virtual -Wno-exit-time-destructors -Wno-missing-braces -Wparentheses -Wswitch -Wno-unused-function -Wno-unused-label -Wno-unused-parameter -Wno-unused-variable -Wunused-value -Wno-empty-body -Wno-uninitialized -Wno-unknown-pragmas -w -Wno-shadow -Wno-four-char-constants -Wno-conversion -Wno-constant-conversion -Wno-int-conversion -Wno-bool-conversion -Wno-enum-conversion -Wno-float-conversion -Wno-non-literal-null-conversion -Wno-objc-literal-conversion -Wshorten-64-to-32 -Wno-newline-eof -Wno-c++11-extensions -Wno-implicit-fallthrough -fstrict-aliasing -Wdeprecated-declarations -Winvalid-offsetof -Wno-sign-conversion -Wno-infinite-recursion -Wno-move -Wno-comma -Wno-block-capture-autoreleasing -Wno-strict-prototypes -Wno-range-loop-analysis -Wno-semicolon-before-method-body -index-store-path /Users/khanghnguyen/Library/Developer/Xcode/DerivedData/Wishie-gavmeupfwiyxzhaiqkwzocyeeixy/Index.noindex/DataStore @/Users/khanghnguyen/Library/Developer/Xcode/DerivedData/Wishie-gavmeupfwiyxzhaiqkwzocyeeixy/Build/Intermediates.noindex/leveldb.build/Debug-iphoneos/leveldb.build/Objects-normal/arm64/82b82416624d2658e5098eb0a28c15c5-common-args.resp -MMD -MT dependencies -MF /Users/khanghnguyen/Library/Developer/Xcode/DerivedData/Wishie-gavmeupfwiyxzhaiqkwzocyeeixy/Build/Intermediates.noindex/leveldb.build/Debug-iphoneos/leveldb.build/Objects-normal/arm64/block_builder.d --serialize-diagnostics /Users/khanghnguyen/Library/Developer/Xcode/DerivedData/Wishie-gavmeupfwiyxzhaiqkwzocyeeixy/Build/Intermediates.noindex/leveldb.build/Debug-iphoneos/leveldb.build/Objects-normal/arm64/block_builder.dia -c /Users/khanghnguyen/Library/Developer/Xcode/DerivedData/Wishie-gavmeupfwiyxzhaiqkwzocyeeixy/SourcePackages/checkouts/leveldb/table/block_builder.cc -o /Users/khanghnguyen/Library/Developer/Xcode/DerivedData/Wishie-gavmeupfwiyxzhaiqkwzocyeeixy/Build/Intermediates.noindex/leveldb.build/Debug-iphoneos/leveldb.build/Objects-normal/arm64/block_builder.o -index-unit-output-path /leveldb.build/Debug-iphoneos/leveldb.build/Objects-normal/arm64/block_builder.o

CompileC /Users/khanghnguyen/Library/Developer/Xcode/DerivedData/Wishie-gavmeupfwiyxzhaiqkwzocyeeixy/Build/Intermediates.noindex/leveldb.build/Debug-iphoneos/leveldb.build/Objects-normal/arm64/block.o /Users/khanghnguyen/Library/Developer/Xcode/DerivedData/Wishie-gavmeupfwiyxzhaiqkwzocyeeixy/SourcePackages/checkouts/leveldb/table/block.cc normal arm64 c++ com.apple.compilers.llvm.clang.1_0.compiler (in target 'leveldb' from project 'leveldb')
    cd /Users/khanghnguyen/Downloads/Wishie/Wishie.xcodeproj
    
    Using response file: /Users/khanghnguyen/Library/Developer/Xcode/DerivedData/Wishie-gavmeupfwiyxzhaiqkwzocyeeixy/Build/Intermediates.noindex/leveldb.build/Debug-iphoneos/leveldb.build/Objects-normal/arm64/82b82416624d2658e5098eb0a28c15c5-common-args.resp
    
    /Applications/Xcode.app/Contents/Developer/Toolchains/XcodeDefault.xctoolchain/usr/bin/clang -x c++ -ivfsstatcache /Users/khanghnguyen/Library/Developer/Xcode/DerivedData/SDKStatCaches.noindex/iphoneos26.2-23C57-3794476bd08197c3e2abd9bb477ef7f7.sdkstatcache -fmessage-length\=0 -fdiagnostics-show-note-include-stack -fmacro-backtrace-limit\=0 -fno-color-diagnostics -fmodules-prune-interval\=86400 -fmodules-prune-after\=345600 -fbuild-session-file\=/Users/khanghnguyen/Library/Developer/Xcode/DerivedData/ModuleCache.noindex/Session.modulevalidation -fmodules-validate-once-per-build-session -Wnon-modular-include-in-framework-module -Werror\=non-modular-include-in-framework-module -Wno-trigraphs -Wno-missing-field-initializers -Wno-missing-prototypes -Wno-return-type -Wno-non-virtual-dtor -Wno-overloaded-virtual -Wno-exit-time-destructors -Wno-missing-braces -Wparentheses -Wswitch -Wno-unused-function -Wno-unused-label -Wno-unused-parameter -Wno-unused-variable -Wunused-value -Wno-empty-body -Wno-uninitialized -Wno-unknown-pragmas -w -Wno-shadow -Wno-four-char-constants -Wno-conversion -Wno-constant-conversion -Wno-int-conversion -Wno-bool-conversion -Wno-enum-conversion -Wno-float-conversion -Wno-non-literal-null-conversion -Wno-objc-literal-conversion -Wshorten-64-to-32 -Wno-newline-eof -Wno-c++11-extensions -Wno-implicit-fallthrough -fstrict-aliasing -Wdeprecated-declarations -Winvalid-offsetof -Wno-sign-conversion -Wno-infinite-recursion -Wno-move -Wno-comma -Wno-block-capture-autoreleasing -Wno-strict-prototypes -Wno-range-loop-analysis -Wno-semicolon-before-method-body -index-store-path /Users/khanghnguyen/Library/Developer/Xcode/DerivedData/Wishie-gavmeupfwiyxzhaiqkwzocyeeixy/Index.noindex/DataStore @/Users/khanghnguyen/Library/Developer/Xcode/DerivedData/Wishie-gavmeupfwiyxzhaiqkwzocyeeixy/Build/Intermediates.noindex/leveldb.build/Debug-iphoneos/leveldb.build/Objects-normal/arm64/82b82416624d2658e5098eb0a28c15c5-common-args.resp -MMD -MT dependencies -MF /Users/khanghnguyen/Library/Developer/Xcode/DerivedData/Wishie-gavmeupfwiyxzhaiqkwzocyeeixy/Build/Intermediates.noindex/leveldb.build/Debug-iphoneos/leveldb.build/Objects-normal/arm64/block.d --serialize-diagnostics /Users/khanghnguyen/Library/Developer/Xcode/DerivedData/Wishie-gavmeupfwiyxzhaiqkwzocyeeixy/Build/Intermediates.noindex/leveldb.build/Debug-iphoneos/leveldb.build/Objects-normal/arm64/block.dia -c /Users/khanghnguyen/Library/Developer/Xcode/DerivedData/Wishie-gavmeupfwiyxzhaiqkwzocyeeixy/SourcePackages/checkouts/leveldb/table/block.cc -o /Users/khanghnguyen/Library/Developer/Xcode/DerivedData/Wishie-gavmeupfwiyxzhaiqkwzocyeeixy/Build/Intermediates.noindex/leveldb.build/Debug-iphoneos/leveldb.build/Objects-normal/arm64/block.o -index-unit-output-path /leveldb.build/Debug-iphoneos/leveldb.build/Objects-normal/arm64/block.o

CompileC /Users/khanghnguyen/Library/Developer/Xcode/DerivedData/Wishie-gavmeupfwiyxzhaiqkwzocyeeixy/Build/Intermediates.noindex/leveldb.build/Debug-iphoneos/leveldb.build/Objects-normal/arm64/arena.o /Users/khanghnguyen/Library/Developer/Xcode/DerivedData/Wishie-gavmeupfwiyxzhaiqkwzocyeeixy/SourcePackages/checkouts/leveldb/util/arena.cc normal arm64 c++ com.apple.compilers.llvm.clang.1_0.compiler (in target 'leveldb' from project 'leveldb')
    cd /Users/khanghnguyen/Downloads/Wishie/Wishie.xcodeproj
    
    Using response file: /Users/khanghnguyen/Library/Developer/Xcode/DerivedData/Wishie-gavmeupfwiyxzhaiqkwzocyeeixy/Build/Intermediates.noindex/leveldb.build/Debug-iphoneos/leveldb.build/Objects-normal/arm64/82b82416624d2658e5098eb0a28c15c5-common-args.resp
    
    /Applications/Xcode.app/Contents/Developer/Toolchains/XcodeDefault.xctoolchain/usr/bin/clang -x c++ -ivfsstatcache /Users/khanghnguyen/Library/Developer/Xcode/DerivedData/SDKStatCaches.noindex/iphoneos26.2-23C57-3794476bd08197c3e2abd9bb477ef7f7.sdkstatcache -fmessage-length\=0 -fdiagnostics-show-note-include-stack -fmacro-backtrace-limit\=0 -fno-color-diagnostics -fmodules-prune-interval\=86400 -fmodules-prune-after\=345600 -fbuild-session-file\=/Users/khanghnguyen/Library/Developer/Xcode/DerivedData/ModuleCache.noindex/Session.modulevalidation -fmodules-validate-once-per-build-session -Wnon-modular-include-in-framework-module -Werror\=non-modular-include-in-framework-module -Wno-trigraphs -Wno-missing-field-initializers -Wno-missing-prototypes -Wno-return-type -Wno-non-virtual-dtor -Wno-overloaded-virtual -Wno-exit-time-destructors -Wno-missing-braces -Wparentheses -Wswitch -Wno-unused-function -Wno-unused-label -Wno-unused-parameter -Wno-unused-variable -Wunused-value -Wno-empty-body -Wno-uninitialized -Wno-unknown-pragmas -w -Wno-shadow -Wno-four-char-constants -Wno-conversion -Wno-constant-conversion -Wno-int-conversion -Wno-bool-conversion -Wno-enum-conversion -Wno-float-conversion -Wno-non-literal-null-conversion -Wno-objc-literal-conversion -Wshorten-64-to-32 -Wno-newline-eof -Wno-c++11-extensions -Wno-implicit-fallthrough -fstrict-aliasing -Wdeprecated-declarations -Winvalid-offsetof -Wno-sign-conversion -Wno-infinite-recursion -Wno-move -Wno-comma -Wno-block-capture-autoreleasing -Wno-strict-prototypes -Wno-range-loop-analysis -Wno-semicolon-before-method-body -index-store-path /Users/khanghnguyen/Library/Developer/Xcode/DerivedData/Wishie-gavmeupfwiyxzhaiqkwzocyeeixy/Index.noindex/DataStore @/Users/khanghnguyen/Library/Developer/Xcode/DerivedData/Wishie-gavmeupfwiyxzhaiqkwzocyeeixy/Build/Intermediates.noindex/leveldb.build/Debug-iphoneos/leveldb.build/Objects-normal/arm64/82b82416624d2658e5098eb0a28c15c5-common-args.resp -MMD -MT dependencies -MF /Users/khanghnguyen/Library/Developer/Xcode/DerivedData/Wishie-gavmeupfwiyxzhaiqkwzocyeeixy/Build/Intermediates.noindex/leveldb.build/Debug-iphoneos/leveldb.build/Objects-normal/arm64/arena.d --serialize-diagnostics /Users/khanghnguyen/Library/Developer/Xcode/DerivedData/Wishie-gavmeupfwiyxzhaiqkwzocyeeixy/Build/Intermediates.noindex/leveldb.build/Debug-iphoneos/leveldb.build/Objects-normal/arm64/arena.dia -c /Users/khanghnguyen/Library/Developer/Xcode/DerivedData/Wishie-gavmeupfwiyxzhaiqkwzocyeeixy/SourcePackages/checkouts/leveldb/util/arena.cc -o /Users/khanghnguyen/Library/Developer/Xcode/DerivedData/Wishie-gavmeupfwiyxzhaiqkwzocyeeixy/Build/Intermediates.noindex/leveldb.build/Debug-iphoneos/leveldb.build/Objects-normal/arm64/arena.o -index-unit-output-path /leveldb.build/Debug-iphoneos/leveldb.build/Objects-normal/arm64/arena.o

PrecompileModule /Users/khanghnguyen/Library/Developer/Xcode/DerivedData/Wishie-gavmeupfwiyxzhaiqkwzocyeeixy/Build/Intermediates.noindex/ExplicitPrecompiledModules/ptrcheck-DD8TEOJYIXTTGEZMO5E4BRHS0.scan
    cd /
    builtin-precompileModule /Users/khanghnguyen/Library/Developer/Xcode/DerivedData/Wishie-gavmeupfwiyxzhaiqkwzocyeeixy/Build/Intermediates.noindex/ExplicitPrecompiledModules/ptrcheck-DD8TEOJYIXTTGEZMO5E4BRHS0.scan

PrecompileModule /Users/khanghnguyen/Library/Developer/Xcode/DerivedData/Wishie-gavmeupfwiyxzhaiqkwzocyeeixy/Build/Intermediates.noindex/ExplicitPrecompiledModules/_Builtin_stdbool-AL7QVVQDROL08SBLZFL0GM08C.scan
    cd /
    builtin-precompileModule /Users/khanghnguyen/Library/Developer/Xcode/DerivedData/Wishie-gavmeupfwiyxzhaiqkwzocyeeixy/Build/Intermediates.noindex/ExplicitPrecompiledModules/_Builtin_stdbool-AL7QVVQDROL08SBLZFL0GM08C.scan

PrecompileModule /Users/khanghnguyen/Library/Developer/Xcode/DerivedData/Wishie-gavmeupfwiyxzhaiqkwzocyeeixy/Build/Intermediates.noindex/ExplicitPrecompiledModules/_Builtin_stddef-C8RNMVLQZ98XVX9ZNHY9C8PBC.scan
    cd /
    builtin-precompileModule /Users/khanghnguyen/Library/Developer/Xcode/DerivedData/Wishie-gavmeupfwiyxzhaiqkwzocyeeixy/Build/Intermediates.noindex/ExplicitPrecompiledModules/_Builtin_stddef-C8RNMVLQZ98XVX9ZNHY9C8PBC.scan

PrecompileModule /Users/khanghnguyen/Library/Developer/Xcode/DerivedData/Wishie-gavmeupfwiyxzhaiqkwzocyeeixy/Build/Intermediates.noindex/ExplicitPrecompiledModules/_Builtin_stdarg-AE25V0QCQVWEO2PHF483VC4V3.scan
    cd /
    builtin-precompileModule /Users/khanghnguyen/Library/Developer/Xcode/DerivedData/Wishie-gavmeupfwiyxzhaiqkwzocyeeixy/Build/Intermediates.noindex/ExplicitPrecompiledModules/_Builtin_stdarg-AE25V0QCQVWEO2PHF483VC4V3.scan

PrecompileModule /Users/khanghnguyen/Library/Developer/Xcode/DerivedData/Wishie-gavmeupfwiyxzhaiqkwzocyeeixy/Build/Intermediates.noindex/ExplicitPrecompiledModules/_AvailabilityInternal-2L2R9FLEUXEO5O84JSY4RQWQ2.scan
    cd /
    builtin-precompileModule /Users/khanghnguyen/Library/Developer/Xcode/DerivedData/Wishie-gavmeupfwiyxzhaiqkwzocyeeixy/Build/Intermediates.noindex/ExplicitPrecompiledModules/_AvailabilityInternal-2L2R9FLEUXEO5O84JSY4RQWQ2.scan

ScanDependencies /Users/khanghnguyen/Library/Developer/Xcode/DerivedData/Wishie-gavmeupfwiyxzhaiqkwzocyeeixy/Build/Intermediates.noindex/nanopb.build/Debug-iphoneos/nanopb.build/Objects-normal/arm64/resource_bundle_accessor.o /Users/khanghnguyen/Library/Developer/Xcode/DerivedData/Wishie-gavmeupfwiyxzhaiqkwzocyeeixy/Build/Intermediates.noindex/nanopb.build/Debug-iphoneos/nanopb.build/DerivedSources/resource_bundle_accessor.m normal arm64 objective-c com.apple.compilers.llvm.clang.1_0.compiler (in target 'nanopb' from project 'nanopb')
    cd /Users/khanghnguyen/Downloads/Wishie/Wishie.xcodeproj
    
    Using response file: /Users/khanghnguyen/Library/Developer/Xcode/DerivedData/Wishie-gavmeupfwiyxzhaiqkwzocyeeixy/Build/Intermediates.noindex/nanopb.build/Debug-iphoneos/nanopb.build/Objects-normal/arm64/e6072d4f65d7061329687fe24e3d63a7-common-args.resp
    
    builtin-ScanDependencies -o /Users/khanghnguyen/Library/Developer/Xcode/DerivedData/Wishie-gavmeupfwiyxzhaiqkwzocyeeixy/Build/Intermediates.noindex/nanopb.build/Debug-iphoneos/nanopb.build/Objects-normal/arm64/resource_bundle_accessor.o.scan -- /Applications/Xcode.app/Contents/Developer/Toolchains/XcodeDefault.xctoolchain/usr/bin/clang -x objective-c -ivfsstatcache /Users/khanghnguyen/Library/Developer/Xcode/DerivedData/SDKStatCaches.noindex/iphoneos26.2-23C57-3794476bd08197c3e2abd9bb477ef7f7.sdkstatcache -fmessage-length\=0 -fdiagnostics-show-note-include-stack -fmacro-backtrace-limit\=0 -fno-color-diagnostics -fmodules-prune-interval\=86400 -fmodules-prune-after\=345600 -fbuild-session-file\=/Users/khanghnguyen/Library/Developer/Xcode/DerivedData/ModuleCache.noindex/Session.modulevalidation -fmodules-validate-once-per-build-session -Wnon-modular-include-in-framework-module -Werror\=non-modular-include-in-framework-module -Wno-trigraphs -Wno-missing-field-initializers -Wno-missing-prototypes -Wno-return-type -Wno-implicit-atomic-properties -Wno-objc-interface-ivars -Wno-arc-repeated-use-of-weak -Wno-missing-braces -Wparentheses -Wswitch -Wno-unused-function -Wno-unused-label -Wno-unused-parameter -Wno-unused-variable -Wunused-value -Wno-empty-body -Wno-uninitialized -Wno-unknown-pragmas -w -Wno-shadow -Wno-four-char-constants -Wno-conversion -Wno-constant-conversion -Wno-int-conversion -Wno-bool-conversion -Wno-enum-conversion -Wno-float-conversion -Wno-non-literal-null-conversion -Wno-objc-literal-conversion -Wshorten-64-to-32 -Wpointer-sign -Wno-newline-eof -Wno-selector -Wno-strict-selector-match -Wno-undeclared-selector -Wno-deprecated-implementations -Wno-implicit-fallthrough -fstrict-aliasing -Wprotocol -Wdeprecated-declarations -Wno-sign-conversion -Wno-infinite-recursion -Wno-comma -Wno-block-capture-autoreleasing -Wno-strict-prototypes -Wno-semicolon-before-method-body -index-store-path /Users/khanghnguyen/Library/Developer/Xcode/DerivedData/Wishie-gavmeupfwiyxzhaiqkwzocyeeixy/Index.noindex/DataStore @/Users/khanghnguyen/Library/Developer/Xcode/DerivedData/Wishie-gavmeupfwiyxzhaiqkwzocyeeixy/Build/Intermediates.noindex/nanopb.build/Debug-iphoneos/nanopb.build/Objects-normal/arm64/e6072d4f65d7061329687fe24e3d63a7-common-args.resp -include /Users/khanghnguyen/Library/Developer/Xcode/DerivedData/Wishie-gavmeupfwiyxzhaiqkwzocyeeixy/Build/Intermediates.noindex/nanopb.build/Debug-iphoneos/nanopb.build/DerivedSources/resource_bundle_accessor.h -MMD -MT dependencies -MF /Users/khanghnguyen/Library/Developer/Xcode/DerivedData/Wishie-gavmeupfwiyxzhaiqkwzocyeeixy/Build/Intermediates.noindex/nanopb.build/Debug-iphoneos/nanopb.build/Objects-normal/arm64/resource_bundle_accessor.d --serialize-diagnostics /Users/khanghnguyen/Library/Developer/Xcode/DerivedData/Wishie-gavmeupfwiyxzhaiqkwzocyeeixy/Build/Intermediates.noindex/nanopb.build/Debug-iphoneos/nanopb.build/Objects-normal/arm64/resource_bundle_accessor.dia -c /Users/khanghnguyen/Library/Developer/Xcode/DerivedData/Wishie-gavmeupfwiyxzhaiqkwzocyeeixy/Build/Intermediates.noindex/nanopb.build/Debug-iphoneos/nanopb.build/DerivedSources/resource_bundle_accessor.m -o /Users/khanghnguyen/Library/Developer/Xcode/DerivedData/Wishie-gavmeupfwiyxzhaiqkwzocyeeixy/Build/Intermediates.noindex/nanopb.build/Debug-iphoneos/nanopb.build/Objects-normal/arm64/resource_bundle_accessor.o -index-unit-output-path /nanopb.build/Debug-iphoneos/nanopb.build/Objects-normal/arm64/resource_bundle_accessor.o

ScanDependencies /Users/khanghnguyen/Library/Developer/Xcode/DerivedData/Wishie-gavmeupfwiyxzhaiqkwzocyeeixy/Build/Intermediates.noindex/nanopb.build/Debug-iphoneos/nanopb.build/Objects-normal/arm64/pb_encode.o /Users/khanghnguyen/Library/Developer/Xcode/DerivedData/Wishie-gavmeupfwiyxzhaiqkwzocyeeixy/SourcePackages/checkouts/nanopb/pb_encode.c normal arm64 c com.apple.compilers.llvm.clang.1_0.compiler (in target 'nanopb' from project 'nanopb')
    cd /Users/khanghnguyen/Downloads/Wishie/Wishie.xcodeproj
    
    Using response file: /Users/khanghnguyen/Library/Developer/Xcode/DerivedData/Wishie-gavmeupfwiyxzhaiqkwzocyeeixy/Build/Intermediates.noindex/nanopb.build/Debug-iphoneos/nanopb.build/Objects-normal/arm64/7187679823f38a2a940e0043cdf9d637-common-args.resp
    
    builtin-ScanDependencies -o /Users/khanghnguyen/Library/Developer/Xcode/DerivedData/Wishie-gavmeupfwiyxzhaiqkwzocyeeixy/Build/Intermediates.noindex/nanopb.build/Debug-iphoneos/nanopb.build/Objects-normal/arm64/pb_encode.o.scan -- /Applications/Xcode.app/Contents/Developer/Toolchains/XcodeDefault.xctoolchain/usr/bin/clang -x c -ivfsstatcache /Users/khanghnguyen/Library/Developer/Xcode/DerivedData/SDKStatCaches.noindex/iphoneos26.2-23C57-3794476bd08197c3e2abd9bb477ef7f7.sdkstatcache -fmessage-length\=0 -fdiagnostics-show-note-include-stack -fmacro-backtrace-limit\=0 -fno-color-diagnostics -fmodules-prune-interval\=86400 -fmodules-prune-after\=345600 -fbuild-session-file\=/Users/khanghnguyen/Library/Developer/Xcode/DerivedData/ModuleCache.noindex/Session.modulevalidation -fmodules-validate-once-per-build-session -Wnon-modular-include-in-framework-module -Werror\=non-modular-include-in-framework-module -Wno-trigraphs -Wno-missing-field-initializers -Wno-missing-prototypes -Wno-return-type -Wno-missing-braces -Wparentheses -Wswitch -Wno-unused-function -Wno-unused-label -Wno-unused-parameter -Wno-unused-variable -Wunused-value -Wno-empty-body -Wno-uninitialized -Wno-unknown-pragmas -w -Wno-shadow -Wno-four-char-constants -Wno-conversion -Wno-constant-conversion -Wno-int-conversion -Wno-bool-conversion -Wno-enum-conversion -Wno-float-conversion -Wno-non-literal-null-conversion -Wno-objc-literal-conversion -Wshorten-64-to-32 -Wpointer-sign -Wno-newline-eof -Wno-implicit-fallthrough -fstrict-aliasing -Wdeprecated-declarations -Wno-sign-conversion -Wno-infinite-recursion -Wno-comma -Wno-block-capture-autoreleasing -Wno-strict-prototypes -Wno-semicolon-before-method-body -index-store-path /Users/khanghnguyen/Library/Developer/Xcode/DerivedData/Wishie-gavmeupfwiyxzhaiqkwzocyeeixy/Index.noindex/DataStore @/Users/khanghnguyen/Library/Developer/Xcode/DerivedData/Wishie-gavmeupfwiyxzhaiqkwzocyeeixy/Build/Intermediates.noindex/nanopb.build/Debug-iphoneos/nanopb.build/Objects-normal/arm64/7187679823f38a2a940e0043cdf9d637-common-args.resp -MMD -MT dependencies -MF /Users/khanghnguyen/Library/Developer/Xcode/DerivedData/Wishie-gavmeupfwiyxzhaiqkwzocyeeixy/Build/Intermediates.noindex/nanopb.build/Debug-iphoneos/nanopb.build/Objects-normal/arm64/pb_encode.d --serialize-diagnostics /Users/khanghnguyen/Library/Developer/Xcode/DerivedData/Wishie-gavmeupfwiyxzhaiqkwzocyeeixy/Build/Intermediates.noindex/nanopb.build/Debug-iphoneos/nanopb.build/Objects-normal/arm64/pb_encode.dia -c /Users/khanghnguyen/Library/Developer/Xcode/DerivedData/Wishie-gavmeupfwiyxzhaiqkwzocyeeixy/SourcePackages/checkouts/nanopb/pb_encode.c -o /Users/khanghnguyen/Library/Developer/Xcode/DerivedData/Wishie-gavmeupfwiyxzhaiqkwzocyeeixy/Build/Intermediates.noindex/nanopb.build/Debug-iphoneos/nanopb.build/Objects-normal/arm64/pb_encode.o -index-unit-output-path /nanopb.build/Debug-iphoneos/nanopb.build/Objects-normal/arm64/pb_encode.o

ScanDependencies /Users/khanghnguyen/Library/Developer/Xcode/DerivedData/Wishie-gavmeupfwiyxzhaiqkwzocyeeixy/Build/Intermediates.noindex/nanopb.build/Debug-iphoneos/nanopb.build/Objects-normal/arm64/pb_decode.o /Users/khanghnguyen/Library/Developer/Xcode/DerivedData/Wishie-gavmeupfwiyxzhaiqkwzocyeeixy/SourcePackages/checkouts/nanopb/pb_decode.c normal arm64 c com.apple.compilers.llvm.clang.1_0.compiler (in target 'nanopb' from project 'nanopb')
    cd /Users/khanghnguyen/Downloads/Wishie/Wishie.xcodeproj
    
    Using response file: /Users/khanghnguyen/Library/Developer/Xcode/DerivedData/Wishie-gavmeupfwiyxzhaiqkwzocyeeixy/Build/Intermediates.noindex/nanopb.build/Debug-iphoneos/nanopb.build/Objects-normal/arm64/7187679823f38a2a940e0043cdf9d637-common-args.resp
    
    builtin-ScanDependencies -o /Users/khanghnguyen/Library/Developer/Xcode/DerivedData/Wishie-gavmeupfwiyxzhaiqkwzocyeeixy/Build/Intermediates.noindex/nanopb.build/Debug-iphoneos/nanopb.build/Objects-normal/arm64/pb_decode.o.scan -- /Applications/Xcode.app/Contents/Developer/Toolchains/XcodeDefault.xctoolchain/usr/bin/clang -x c -ivfsstatcache /Users/khanghnguyen/Library/Developer/Xcode/DerivedData/SDKStatCaches.noindex/iphoneos26.2-23C57-3794476bd08197c3e2abd9bb477ef7f7.sdkstatcache -fmessage-length\=0 -fdiagnostics-show-note-include-stack -fmacro-backtrace-limit\=0 -fno-color-diagnostics -fmodules-prune-interval\=86400 -fmodules-prune-after\=345600 -fbuild-session-file\=/Users/khanghnguyen/Library/Developer/Xcode/DerivedData/ModuleCache.noindex/Session.modulevalidation -fmodules-validate-once-per-build-session -Wnon-modular-include-in-framework-module -Werror\=non-modular-include-in-framework-module -Wno-trigraphs -Wno-missing-field-initializers -Wno-missing-prototypes -Wno-return-type -Wno-missing-braces -Wparentheses -Wswitch -Wno-unused-function -Wno-unused-label -Wno-unused-parameter -Wno-unused-variable -Wunused-value -Wno-empty-body -Wno-uninitialized -Wno-unknown-pragmas -w -Wno-shadow -Wno-four-char-constants -Wno-conversion -Wno-constant-conversion -Wno-int-conversion -Wno-bool-conversion -Wno-enum-conversion -Wno-float-conversion -Wno-non-literal-null-conversion -Wno-objc-literal-conversion -Wshorten-64-to-32 -Wpointer-sign -Wno-newline-eof -Wno-implicit-fallthrough -fstrict-aliasing -Wdeprecated-declarations -Wno-sign-conversion -Wno-infinite-recursion -Wno-comma -Wno-block-capture-autoreleasing -Wno-strict-prototypes -Wno-semicolon-before-method-body -index-store-path /Users/khanghnguyen/Library/Developer/Xcode/DerivedData/Wishie-gavmeupfwiyxzhaiqkwzocyeeixy/Index.noindex/DataStore @/Users/khanghnguyen/Library/Developer/Xcode/DerivedData/Wishie-gavmeupfwiyxzhaiqkwzocyeeixy/Build/Intermediates.noindex/nanopb.build/Debug-iphoneos/nanopb.build/Objects-normal/arm64/7187679823f38a2a940e0043cdf9d637-common-args.resp -MMD -MT dependencies -MF /Users/khanghnguyen/Library/Developer/Xcode/DerivedData/Wishie-gavmeupfwiyxzhaiqkwzocyeeixy/Build/Intermediates.noindex/nanopb.build/Debug-iphoneos/nanopb.build/Objects-normal/arm64/pb_decode.d --serialize-diagnostics /Users/khanghnguyen/Library/Developer/Xcode/DerivedData/Wishie-gavmeupfwiyxzhaiqkwzocyeeixy/Build/Intermediates.noindex/nanopb.build/Debug-iphoneos/nanopb.build/Objects-normal/arm64/pb_decode.dia -c /Users/khanghnguyen/Library/Developer/Xcode/DerivedData/Wishie-gavmeupfwiyxzhaiqkwzocyeeixy/SourcePackages/checkouts/nanopb/pb_decode.c -o /Users/khanghnguyen/Library/Developer/Xcode/DerivedData/Wishie-gavmeupfwiyxzhaiqkwzocyeeixy/Build/Intermediates.noindex/nanopb.build/Debug-iphoneos/nanopb.build/Objects-normal/arm64/pb_decode.o -index-unit-output-path /nanopb.build/Debug-iphoneos/nanopb.build/Objects-normal/arm64/pb_decode.o

PrecompileModule /Users/khanghnguyen/Library/Developer/Xcode/DerivedData/Wishie-gavmeupfwiyxzhaiqkwzocyeeixy/Build/Intermediates.noindex/ExplicitPrecompiledModules/_DarwinFoundation1-9CJFD3BCY8M1CAW3BA4HU5RRP.scan
    cd /
    builtin-precompileModule /Users/khanghnguyen/Library/Developer/Xcode/DerivedData/Wishie-gavmeupfwiyxzhaiqkwzocyeeixy/Build/Intermediates.noindex/ExplicitPrecompiledModules/_DarwinFoundation1-9CJFD3BCY8M1CAW3BA4HU5RRP.scan

ScanDependencies /Users/khanghnguyen/Library/Developer/Xcode/DerivedData/Wishie-gavmeupfwiyxzhaiqkwzocyeeixy/Build/Intermediates.noindex/nanopb.build/Debug-iphoneos/nanopb.build/Objects-normal/arm64/pb_common.o /Users/khanghnguyen/Library/Developer/Xcode/DerivedData/Wishie-gavmeupfwiyxzhaiqkwzocyeeixy/SourcePackages/checkouts/nanopb/pb_common.c normal arm64 c com.apple.compilers.llvm.clang.1_0.compiler (in target 'nanopb' from project 'nanopb')
    cd /Users/khanghnguyen/Downloads/Wishie/Wishie.xcodeproj
    
    Using response file: /Users/khanghnguyen/Library/Developer/Xcode/DerivedData/Wishie-gavmeupfwiyxzhaiqkwzocyeeixy/Build/Intermediates.noindex/nanopb.build/Debug-iphoneos/nanopb.build/Objects-normal/arm64/7187679823f38a2a940e0043cdf9d637-common-args.resp
    
    builtin-ScanDependencies -o /Users/khanghnguyen/Library/Developer/Xcode/DerivedData/Wishie-gavmeupfwiyxzhaiqkwzocyeeixy/Build/Intermediates.noindex/nanopb.build/Debug-iphoneos/nanopb.build/Objects-normal/arm64/pb_common.o.scan -- /Applications/Xcode.app/Contents/Developer/Toolchains/XcodeDefault.xctoolchain/usr/bin/clang -x c -ivfsstatcache /Users/khanghnguyen/Library/Developer/Xcode/DerivedData/SDKStatCaches.noindex/iphoneos26.2-23C57-3794476bd08197c3e2abd9bb477ef7f7.sdkstatcache -fmessage-length\=0 -fdiagnostics-show-note-include-stack -fmacro-backtrace-limit\=0 -fno-color-diagnostics -fmodules-prune-interval\=86400 -fmodules-prune-after\=345600 -fbuild-session-file\=/Users/khanghnguyen/Library/Developer/Xcode/DerivedData/ModuleCache.noindex/Session.modulevalidation -fmodules-validate-once-per-build-session -Wnon-modular-include-in-framework-module -Werror\=non-modular-include-in-framework-module -Wno-trigraphs -Wno-missing-field-initializers -Wno-missing-prototypes -Wno-return-type -Wno-missing-braces -Wparentheses -Wswitch -Wno-unused-function -Wno-unused-label -Wno-unused-parameter -Wno-unused-variable -Wunused-value -Wno-empty-body -Wno-uninitialized -Wno-unknown-pragmas -w -Wno-shadow -Wno-four-char-constants -Wno-conversion -Wno-constant-conversion -Wno-int-conversion -Wno-bool-conversion -Wno-enum-conversion -Wno-float-conversion -Wno-non-literal-null-conversion -Wno-objc-literal-conversion -Wshorten-64-to-32 -Wpointer-sign -Wno-newline-eof -Wno-implicit-fallthrough -fstrict-aliasing -Wdeprecated-declarations -Wno-sign-conversion -Wno-infinite-recursion -Wno-comma -Wno-block-capture-autoreleasing -Wno-strict-prototypes -Wno-semicolon-before-method-body -index-store-path /Users/khanghnguyen/Library/Developer/Xcode/DerivedData/Wishie-gavmeupfwiyxzhaiqkwzocyeeixy/Index.noindex/DataStore @/Users/khanghnguyen/Library/Developer/Xcode/DerivedData/Wishie-gavmeupfwiyxzhaiqkwzocyeeixy/Build/Intermediates.noindex/nanopb.build/Debug-iphoneos/nanopb.build/Objects-normal/arm64/7187679823f38a2a940e0043cdf9d637-common-args.resp -MMD -MT dependencies -MF /Users/khanghnguyen/Library/Developer/Xcode/DerivedData/Wishie-gavmeupfwiyxzhaiqkwzocyeeixy/Build/Intermediates.noindex/nanopb.build/Debug-iphoneos/nanopb.build/Objects-normal/arm64/pb_common.d --serialize-diagnostics /Users/khanghnguyen/Library/Developer/Xcode/DerivedData/Wishie-gavmeupfwiyxzhaiqkwzocyeeixy/Build/Intermediates.noindex/nanopb.build/Debug-iphoneos/nanopb.build/Objects-normal/arm64/pb_common.dia -c /Users/khanghnguyen/Library/Developer/Xcode/DerivedData/Wishie-gavmeupfwiyxzhaiqkwzocyeeixy/SourcePackages/checkouts/nanopb/pb_common.c -o /Users/khanghnguyen/Library/Developer/Xcode/DerivedData/Wishie-gavmeupfwiyxzhaiqkwzocyeeixy/Build/Intermediates.noindex/nanopb.build/Debug-iphoneos/nanopb.build/Objects-normal/arm64/pb_common.o -index-unit-output-path /nanopb.build/Debug-iphoneos/nanopb.build/Objects-normal/arm64/pb_common.o

ScanDependencies /Users/khanghnguyen/Library/Developer/Xcode/DerivedData/Wishie-gavmeupfwiyxzhaiqkwzocyeeixy/Build/Intermediates.noindex/leveldb.build/Debug-iphoneos/leveldb.build/Objects-normal/arm64/resource_bundle_accessor.o /Users/khanghnguyen/Library/Developer/Xcode/DerivedData/Wishie-gavmeupfwiyxzhaiqkwzocyeeixy/Build/Intermediates.noindex/leveldb.build/Debug-iphoneos/leveldb.build/DerivedSources/resource_bundle_accessor.m normal arm64 objective-c com.apple.compilers.llvm.clang.1_0.compiler (in target 'leveldb' from project 'leveldb')
    cd /Users/khanghnguyen/Downloads/Wishie/Wishie.xcodeproj
    
    Using response file: /Users/khanghnguyen/Library/Developer/Xcode/DerivedData/Wishie-gavmeupfwiyxzhaiqkwzocyeeixy/Build/Intermediates.noindex/leveldb.build/Debug-iphoneos/leveldb.build/Objects-normal/arm64/e6072d4f65d7061329687fe24e3d63a7-common-args.resp
    
    builtin-ScanDependencies -o /Users/khanghnguyen/Library/Developer/Xcode/DerivedData/Wishie-gavmeupfwiyxzhaiqkwzocyeeixy/Build/Intermediates.noindex/leveldb.build/Debug-iphoneos/leveldb.build/Objects-normal/arm64/resource_bundle_accessor.o.scan -- /Applications/Xcode.app/Contents/Developer/Toolchains/XcodeDefault.xctoolchain/usr/bin/clang -x objective-c -ivfsstatcache /Users/khanghnguyen/Library/Developer/Xcode/DerivedData/SDKStatCaches.noindex/iphoneos26.2-23C57-3794476bd08197c3e2abd9bb477ef7f7.sdkstatcache -fmessage-length\=0 -fdiagnostics-show-note-include-stack -fmacro-backtrace-limit\=0 -fno-color-diagnostics -fmodules-prune-interval\=86400 -fmodules-prune-after\=345600 -fbuild-session-file\=/Users/khanghnguyen/Library/Developer/Xcode/DerivedData/ModuleCache.noindex/Session.modulevalidation -fmodules-validate-once-per-build-session -Wnon-modular-include-in-framework-module -Werror\=non-modular-include-in-framework-module -Wno-trigraphs -Wno-missing-field-initializers -Wno-missing-prototypes -Wno-return-type -Wno-implicit-atomic-properties -Wno-objc-interface-ivars -Wno-arc-repeated-use-of-weak -Wno-missing-braces -Wparentheses -Wswitch -Wno-unused-function -Wno-unused-label -Wno-unused-parameter -Wno-unused-variable -Wunused-value -Wno-empty-body -Wno-uninitialized -Wno-unknown-pragmas -w -Wno-shadow -Wno-four-char-constants -Wno-conversion -Wno-constant-conversion -Wno-int-conversion -Wno-bool-conversion -Wno-enum-conversion -Wno-float-conversion -Wno-non-literal-null-conversion -Wno-objc-literal-conversion -Wshorten-64-to-32 -Wpointer-sign -Wno-newline-eof -Wno-selector -Wno-strict-selector-match -Wno-undeclared-selector -Wno-deprecated-implementations -Wno-implicit-fallthrough -fstrict-aliasing -Wprotocol -Wdeprecated-declarations -Wno-sign-conversion -Wno-infinite-recursion -Wno-comma -Wno-block-capture-autoreleasing -Wno-strict-prototypes -Wno-semicolon-before-method-body -index-store-path /Users/khanghnguyen/Library/Developer/Xcode/DerivedData/Wishie-gavmeupfwiyxzhaiqkwzocyeeixy/Index.noindex/DataStore @/Users/khanghnguyen/Library/Developer/Xcode/DerivedData/Wishie-gavmeupfwiyxzhaiqkwzocyeeixy/Build/Intermediates.noindex/leveldb.build/Debug-iphoneos/leveldb.build/Objects-normal/arm64/e6072d4f65d7061329687fe24e3d63a7-common-args.resp -include /Users/khanghnguyen/Library/Developer/Xcode/DerivedData/Wishie-gavmeupfwiyxzhaiqkwzocyeeixy/Build/Intermediates.noindex/leveldb.build/Debug-iphoneos/leveldb.build/DerivedSources/resource_bundle_accessor.h -MMD -MT dependencies -MF /Users/khanghnguyen/Library/Developer/Xcode/DerivedData/Wishie-gavmeupfwiyxzhaiqkwzocyeeixy/Build/Intermediates.noindex/leveldb.build/Debug-iphoneos/leveldb.build/Objects-normal/arm64/resource_bundle_accessor.d --serialize-diagnostics /Users/khanghnguyen/Library/Developer/Xcode/DerivedData/Wishie-gavmeupfwiyxzhaiqkwzocyeeixy/Build/Intermediates.noindex/leveldb.build/Debug-iphoneos/leveldb.build/Objects-normal/arm64/resource_bundle_accessor.dia -c /Users/khanghnguyen/Library/Developer/Xcode/DerivedData/Wishie-gavmeupfwiyxzhaiqkwzocyeeixy/Build/Intermediates.noindex/leveldb.build/Debug-iphoneos/leveldb.build/DerivedSources/resource_bundle_accessor.m -o /Users/khanghnguyen/Library/Developer/Xcode/DerivedData/Wishie-gavmeupfwiyxzhaiqkwzocyeeixy/Build/Intermediates.noindex/leveldb.build/Debug-iphoneos/leveldb.build/Objects-normal/arm64/resource_bundle_accessor.o -index-unit-output-path /leveldb.build/Debug-iphoneos/leveldb.build/Objects-normal/arm64/resource_bundle_accessor.o

ScanDependencies /Users/khanghnguyen/Library/Developer/Xcode/DerivedData/Wishie-gavmeupfwiyxzhaiqkwzocyeeixy/Build/Intermediates.noindex/SDWebImage.build/Debug-iphoneos/SDWebImage.build/Objects-normal/arm64/resource_bundle_accessor.o /Users/khanghnguyen/Library/Developer/Xcode/DerivedData/Wishie-gavmeupfwiyxzhaiqkwzocyeeixy/Build/Intermediates.noindex/SDWebImage.build/Debug-iphoneos/SDWebImage.build/DerivedSources/resource_bundle_accessor.m normal arm64 objective-c com.apple.compilers.llvm.clang.1_0.compiler (in target 'SDWebImage' from project 'SDWebImage')
    cd /Users/khanghnguyen/Downloads/Wishie/Wishie.xcodeproj
    
    Using response file: /Users/khanghnguyen/Library/Developer/Xcode/DerivedData/Wishie-gavmeupfwiyxzhaiqkwzocyeeixy/Build/Intermediates.noindex/SDWebImage.build/Debug-iphoneos/SDWebImage.build/Objects-normal/arm64/e6072d4f65d7061329687fe24e3d63a7-common-args.resp
    
    builtin-ScanDependencies -o /Users/khanghnguyen/Library/Developer/Xcode/DerivedData/Wishie-gavmeupfwiyxzhaiqkwzocyeeixy/Build/Intermediates.noindex/SDWebImage.build/Debug-iphoneos/SDWebImage.build/Objects-normal/arm64/resource_bundle_accessor.o.scan -- /Applications/Xcode.app/Contents/Developer/Toolchains/XcodeDefault.xctoolchain/usr/bin/clang -x objective-c -ivfsstatcache /Users/khanghnguyen/Library/Developer/Xcode/DerivedData/SDKStatCaches.noindex/iphoneos26.2-23C57-3794476bd08197c3e2abd9bb477ef7f7.sdkstatcache -fmessage-length\=0 -fdiagnostics-show-note-include-stack -fmacro-backtrace-limit\=0 -fno-color-diagnostics -fmodules-prune-interval\=86400 -fmodules-prune-after\=345600 -fbuild-session-file\=/Users/khanghnguyen/Library/Developer/Xcode/DerivedData/ModuleCache.noindex/Session.modulevalidation -fmodules-validate-once-per-build-session -Wnon-modular-include-in-framework-module -Werror\=non-modular-include-in-framework-module -Wno-trigraphs -Wno-missing-field-initializers -Wno-missing-prototypes -Wno-return-type -Wno-implicit-atomic-properties -Wno-objc-interface-ivars -Wno-arc-repeated-use-of-weak -Wno-missing-braces -Wparentheses -Wswitch -Wno-unused-function -Wno-unused-label -Wno-unused-parameter -Wno-unused-variable -Wunused-value -Wno-empty-body -Wno-uninitialized -Wno-unknown-pragmas -w -Wno-shadow -Wno-four-char-constants -Wno-conversion -Wno-constant-conversion -Wno-int-conversion -Wno-bool-conversion -Wno-enum-conversion -Wno-float-conversion -Wno-non-literal-null-conversion -Wno-objc-literal-conversion -Wshorten-64-to-32 -Wpointer-sign -Wno-newline-eof -Wno-selector -Wno-strict-selector-match -Wno-undeclared-selector -Wno-deprecated-implementations -Wno-implicit-fallthrough -fstrict-aliasing -Wprotocol -Wdeprecated-declarations -Wno-sign-conversion -Wno-infinite-recursion -Wno-comma -Wno-block-capture-autoreleasing -Wno-strict-prototypes -Wno-semicolon-before-method-body -index-store-path /Users/khanghnguyen/Library/Developer/Xcode/DerivedData/Wishie-gavmeupfwiyxzhaiqkwzocyeeixy/Index.noindex/DataStore @/Users/khanghnguyen/Library/Developer/Xcode/DerivedData/Wishie-gavmeupfwiyxzhaiqkwzocyeeixy/Build/Intermediates.noindex/SDWebImage.build/Debug-iphoneos/SDWebImage.build/Objects-normal/arm64/e6072d4f65d7061329687fe24e3d63a7-common-args.resp -include /Users/khanghnguyen/Library/Developer/Xcode/DerivedData/Wishie-gavmeupfwiyxzhaiqkwzocyeeixy/Build/Intermediates.noindex/SDWebImage.build/Debug-iphoneos/SDWebImage.build/DerivedSources/resource_bundle_accessor.h -MMD -MT dependencies -MF /Users/khanghnguyen/Library/Developer/Xcode/DerivedData/Wishie-gavmeupfwiyxzhaiqkwzocyeeixy/Build/Intermediates.noindex/SDWebImage.build/Debug-iphoneos/SDWebImage.build/Objects-normal/arm64/resource_bundle_accessor.d --serialize-diagnostics /Users/khanghnguyen/Library/Developer/Xcode/DerivedData/Wishie-gavmeupfwiyxzhaiqkwzocyeeixy/Build/Intermediates.noindex/SDWebImage.build/Debug-iphoneos/SDWebImage.build/Objects-normal/arm64/resource_bundle_accessor.dia -c /Users/khanghnguyen/Library/Developer/Xcode/DerivedData/Wishie-gavmeupfwiyxzhaiqkwzocyeeixy/Build/Intermediates.noindex/SDWebImage.build/Debug-iphoneos/SDWebImage.build/DerivedSources/resource_bundle_accessor.m -o /Users/khanghnguyen/Library/Developer/Xcode/DerivedData/Wishie-gavmeupfwiyxzhaiqkwzocyeeixy/Build/Intermediates.noindex/SDWebImage.build/Debug-iphoneos/SDWebImage.build/Objects-normal/arm64/resource_bundle_accessor.o -index-unit-output-path /SDWebImage.build/Debug-iphoneos/SDWebImage.build/Objects-normal/arm64/resource_bundle_accessor.o

ScanDependencies /Users/khanghnguyen/Library/Developer/Xcode/DerivedData/Wishie-gavmeupfwiyxzhaiqkwzocyeeixy/Build/Intermediates.noindex/SDWebImage.build/Debug-iphoneos/SDWebImage.build/Objects-normal/arm64/UIView+WebCacheState.o /Users/khanghnguyen/Library/Developer/Xcode/DerivedData/Wishie-gavmeupfwiyxzhaiqkwzocyeeixy/SourcePackages/checkouts/SDWebImage/SDWebImage/Core/UIView+WebCacheState.m normal arm64 objective-c com.apple.compilers.llvm.clang.1_0.compiler (in target 'SDWebImage' from project 'SDWebImage')
    cd /Users/khanghnguyen/Downloads/Wishie/Wishie.xcodeproj
    
    Using response file: /Users/khanghnguyen/Library/Developer/Xcode/DerivedData/Wishie-gavmeupfwiyxzhaiqkwzocyeeixy/Build/Intermediates.noindex/SDWebImage.build/Debug-iphoneos/SDWebImage.build/Objects-normal/arm64/e6072d4f65d7061329687fe24e3d63a7-common-args.resp
    
    builtin-ScanDependencies -o /Users/khanghnguyen/Library/Developer/Xcode/DerivedData/Wishie-gavmeupfwiyxzhaiqkwzocyeeixy/Build/Intermediates.noindex/SDWebImage.build/Debug-iphoneos/SDWebImage.build/Objects-normal/arm64/UIView+WebCacheState.o.scan -- /Applications/Xcode.app/Contents/Developer/Toolchains/XcodeDefault.xctoolchain/usr/bin/clang -x objective-c -ivfsstatcache /Users/khanghnguyen/Library/Developer/Xcode/DerivedData/SDKStatCaches.noindex/iphoneos26.2-23C57-3794476bd08197c3e2abd9bb477ef7f7.sdkstatcache -fmessage-length\=0 -fdiagnostics-show-note-include-stack -fmacro-backtrace-limit\=0 -fno-color-diagnostics -fmodules-prune-interval\=86400 -fmodules-prune-after\=345600 -fbuild-session-file\=/Users/khanghnguyen/Library/Developer/Xcode/DerivedData/ModuleCache.noindex/Session.modulevalidation -fmodules-validate-once-per-build-session -Wnon-modular-include-in-framework-module -Werror\=non-modular-include-in-framework-module -Wno-trigraphs -Wno-missing-field-initializers -Wno-missing-prototypes -Wno-return-type -Wno-implicit-atomic-properties -Wno-objc-interface-ivars -Wno-arc-repeated-use-of-weak -Wno-missing-braces -Wparentheses -Wswitch -Wno-unused-function -Wno-unused-label -Wno-unused-parameter -Wno-unused-variable -Wunused-value -Wno-empty-body -Wno-uninitialized -Wno-unknown-pragmas -w -Wno-shadow -Wno-four-char-constants -Wno-conversion -Wno-constant-conversion -Wno-int-conversion -Wno-bool-conversion -Wno-enum-conversion -Wno-float-conversion -Wno-non-literal-null-conversion -Wno-objc-literal-conversion -Wshorten-64-to-32 -Wpointer-sign -Wno-newline-eof -Wno-selector -Wno-strict-selector-match -Wno-undeclared-selector -Wno-deprecated-implementations -Wno-implicit-fallthrough -fstrict-aliasing -Wprotocol -Wdeprecated-declarations -Wno-sign-conversion -Wno-infinite-recursion -Wno-comma -Wno-block-capture-autoreleasing -Wno-strict-prototypes -Wno-semicolon-before-method-body -index-store-path /Users/khanghnguyen/Library/Developer/Xcode/DerivedData/Wishie-gavmeupfwiyxzhaiqkwzocyeeixy/Index.noindex/DataStore @/Users/khanghnguyen/Library/Developer/Xcode/DerivedData/Wishie-gavmeupfwiyxzhaiqkwzocyeeixy/Build/Intermediates.noindex/SDWebImage.build/Debug-iphoneos/SDWebImage.build/Objects-normal/arm64/e6072d4f65d7061329687fe24e3d63a7-common-args.resp -include /Users/khanghnguyen/Library/Developer/Xcode/DerivedData/Wishie-gavmeupfwiyxzhaiqkwzocyeeixy/Build/Intermediates.noindex/SDWebImage.build/Debug-iphoneos/SDWebImage.build/DerivedSources/resource_bundle_accessor.h -MMD -MT dependencies -MF /Users/khanghnguyen/Library/Developer/Xcode/DerivedData/Wishie-gavmeupfwiyxzhaiqkwzocyeeixy/Build/Intermediates.noindex/SDWebImage.build/Debug-iphoneos/SDWebImage.build/Objects-normal/arm64/UIView+WebCacheState.d --serialize-diagnostics /Users/khanghnguyen/Library/Developer/Xcode/DerivedData/Wishie-gavmeupfwiyxzhaiqkwzocyeeixy/Build/Intermediates.noindex/SDWebImage.build/Debug-iphoneos/SDWebImage.build/Objects-normal/arm64/UIView+WebCacheState.dia -c /Users/khanghnguyen/Library/Developer/Xcode/DerivedData/Wishie-gavmeupfwiyxzhaiqkwzocyeeixy/SourcePackages/checkouts/SDWebImage/SDWebImage/Core/UIView+WebCacheState.m -o /Users/khanghnguyen/Library/Developer/Xcode/DerivedData/Wishie-gavmeupfwiyxzhaiqkwzocyeeixy/Build/Intermediates.noindex/SDWebImage.build/Debug-iphoneos/SDWebImage.build/Objects-normal/arm64/UIView+WebCacheState.o -index-unit-output-path /SDWebImage.build/Debug-iphoneos/SDWebImage.build/Objects-normal/arm64/UIView+WebCacheState.o

PrecompileModule /Users/khanghnguyen/Library/Developer/Xcode/DerivedData/Wishie-gavmeupfwiyxzhaiqkwzocyeeixy/Build/Intermediates.noindex/ExplicitPrecompiledModules/_Builtin_stddef-E5NF0MQ95KWZ1PSM0L1PPGNAZ.scan
    cd /
    builtin-precompileModule /Users/khanghnguyen/Library/Developer/Xcode/DerivedData/Wishie-gavmeupfwiyxzhaiqkwzocyeeixy/Build/Intermediates.noindex/ExplicitPrecompiledModules/_Builtin_stddef-E5NF0MQ95KWZ1PSM0L1PPGNAZ.scan

PrecompileModule /Users/khanghnguyen/Library/Developer/Xcode/DerivedData/Wishie-gavmeupfwiyxzhaiqkwzocyeeixy/Build/Intermediates.noindex/ExplicitPrecompiledModules/ptrcheck-BXI5BNL8HEEQN95M5S0442IR3.scan
    cd /
    builtin-precompileModule /Users/khanghnguyen/Library/Developer/Xcode/DerivedData/Wishie-gavmeupfwiyxzhaiqkwzocyeeixy/Build/Intermediates.noindex/ExplicitPrecompiledModules/ptrcheck-BXI5BNL8HEEQN95M5S0442IR3.scan

PrecompileModule /Users/khanghnguyen/Library/Developer/Xcode/DerivedData/Wishie-gavmeupfwiyxzhaiqkwzocyeeixy/Build/Intermediates.noindex/ExplicitPrecompiledModules/_DarwinFoundation2-AYDEETNLGU40XEPCJ0RDINMHV.scan
    cd /
    builtin-precompileModule /Users/khanghnguyen/Library/Developer/Xcode/DerivedData/Wishie-gavmeupfwiyxzhaiqkwzocyeeixy/Build/Intermediates.noindex/ExplicitPrecompiledModules/_DarwinFoundation2-AYDEETNLGU40XEPCJ0RDINMHV.scan

PrecompileModule /Users/khanghnguyen/Library/Developer/Xcode/DerivedData/Wishie-gavmeupfwiyxzhaiqkwzocyeeixy/Build/Intermediates.noindex/ExplicitPrecompiledModules/_Builtin_stdbool-669DHAC4X4M3I7YAS5PJAUYOL.scan
    cd /
    builtin-precompileModule /Users/khanghnguyen/Library/Developer/Xcode/DerivedData/Wishie-gavmeupfwiyxzhaiqkwzocyeeixy/Build/Intermediates.noindex/ExplicitPrecompiledModules/_Builtin_stdbool-669DHAC4X4M3I7YAS5PJAUYOL.scan

PrecompileModule /Users/khanghnguyen/Library/Developer/Xcode/DerivedData/Wishie-gavmeupfwiyxzhaiqkwzocyeeixy/Build/Intermediates.noindex/ExplicitPrecompiledModules/_Builtin_limits-7BOEEJER2RR2NX4BELTRLMOIZ.scan
    cd /
    builtin-precompileModule /Users/khanghnguyen/Library/Developer/Xcode/DerivedData/Wishie-gavmeupfwiyxzhaiqkwzocyeeixy/Build/Intermediates.noindex/ExplicitPrecompiledModules/_Builtin_limits-7BOEEJER2RR2NX4BELTRLMOIZ.scan

PrecompileModule /Users/khanghnguyen/Library/Developer/Xcode/DerivedData/Wishie-gavmeupfwiyxzhaiqkwzocyeeixy/Build/Intermediates.noindex/ExplicitPrecompiledModules/_AvailabilityInternal-1NA3P3ZLWR84021UKUR79HI68.scan
    cd /
    builtin-precompileModule /Users/khanghnguyen/Library/Developer/Xcode/DerivedData/Wishie-gavmeupfwiyxzhaiqkwzocyeeixy/Build/Intermediates.noindex/ExplicitPrecompiledModules/_AvailabilityInternal-1NA3P3ZLWR84021UKUR79HI68.scan

PrecompileModule /Users/khanghnguyen/Library/Developer/Xcode/DerivedData/Wishie-gavmeupfwiyxzhaiqkwzocyeeixy/Build/Intermediates.noindex/ExplicitPrecompiledModules/_Builtin_stdarg-7RTRM6U937PFCQOQOQPZ4ZLAL.scan
    cd /
    builtin-precompileModule /Users/khanghnguyen/Library/Developer/Xcode/DerivedData/Wishie-gavmeupfwiyxzhaiqkwzocyeeixy/Build/Intermediates.noindex/ExplicitPrecompiledModules/_Builtin_stdarg-7RTRM6U937PFCQOQOQPZ4ZLAL.scan

ScanDependencies /Users/khanghnguyen/Library/Developer/Xcode/DerivedData/Wishie-gavmeupfwiyxzhaiqkwzocyeeixy/Build/Intermediates.noindex/SDWebImage.build/Debug-iphoneos/SDWebImage.build/Objects-normal/arm64/UIView+WebCacheOperation.o /Users/khanghnguyen/Library/Developer/Xcode/DerivedData/Wishie-gavmeupfwiyxzhaiqkwzocyeeixy/SourcePackages/checkouts/SDWebImage/SDWebImage/Core/UIView+WebCacheOperation.m normal arm64 objective-c com.apple.compilers.llvm.clang.1_0.compiler (in target 'SDWebImage' from project 'SDWebImage')
    cd /Users/khanghnguyen/Downloads/Wishie/Wishie.xcodeproj
    
    Using response file: /Users/khanghnguyen/Library/Developer/Xcode/DerivedData/Wishie-gavmeupfwiyxzhaiqkwzocyeeixy/Build/Intermediates.noindex/SDWebImage.build/Debug-iphoneos/SDWebImage.build/Objects-normal/arm64/e6072d4f65d7061329687fe24e3d63a7-common-args.resp
    
    builtin-ScanDependencies -o /Users/khanghnguyen/Library/Developer/Xcode/DerivedData/Wishie-gavmeupfwiyxzhaiqkwzocyeeixy/Build/Intermediates.noindex/SDWebImage.build/Debug-iphoneos/SDWebImage.build/Objects-normal/arm64/UIView+WebCacheOperation.o.scan -- /Applications/Xcode.app/Contents/Developer/Toolchains/XcodeDefault.xctoolchain/usr/bin/clang -x objective-c -ivfsstatcache /Users/khanghnguyen/Library/Developer/Xcode/DerivedData/SDKStatCaches.noindex/iphoneos26.2-23C57-3794476bd08197c3e2abd9bb477ef7f7.sdkstatcache -fmessage-length\=0 -fdiagnostics-show-note-include-stack -fmacro-backtrace-limit\=0 -fno-color-diagnostics -fmodules-prune-interval\=86400 -fmodules-prune-after\=345600 -fbuild-session-file\=/Users/khanghnguyen/Library/Developer/Xcode/DerivedData/ModuleCache.noindex/Session.modulevalidation -fmodules-validate-once-per-build-session -Wnon-modular-include-in-framework-module -Werror\=non-modular-include-in-framework-module -Wno-trigraphs -Wno-missing-field-initializers -Wno-missing-prototypes -Wno-return-type -Wno-implicit-atomic-properties -Wno-objc-interface-ivars -Wno-arc-repeated-use-of-weak -Wno-missing-braces -Wparentheses -Wswitch -Wno-unused-function -Wno-unused-label -Wno-unused-parameter -Wno-unused-variable -Wunused-value -Wno-empty-body -Wno-uninitialized -Wno-unknown-pragmas -w -Wno-shadow -Wno-four-char-constants -Wno-conversion -Wno-constant-conversion -Wno-int-conversion -Wno-bool-conversion -Wno-enum-conversion -Wno-float-conversion -Wno-non-literal-null-conversion -Wno-objc-literal-conversion -Wshorten-64-to-32 -Wpointer-sign -Wno-newline-eof -Wno-selector -Wno-strict-selector-match -Wno-undeclared-selector -Wno-deprecated-implementations -Wno-implicit-fallthrough -fstrict-aliasing -Wprotocol -Wdeprecated-declarations -Wno-sign-conversion -Wno-infinite-recursion -Wno-comma -Wno-block-capture-autoreleasing -Wno-strict-prototypes -Wno-semicolon-before-method-body -index-store-path /Users/khanghnguyen/Library/Developer/Xcode/DerivedData/Wishie-gavmeupfwiyxzhaiqkwzocyeeixy/Index.noindex/DataStore @/Users/khanghnguyen/Library/Developer/Xcode/DerivedData/Wishie-gavmeupfwiyxzhaiqkwzocyeeixy/Build/Intermediates.noindex/SDWebImage.build/Debug-iphoneos/SDWebImage.build/Objects-normal/arm64/e6072d4f65d7061329687fe24e3d63a7-common-args.resp -include /Users/khanghnguyen/Library/Developer/Xcode/DerivedData/Wishie-gavmeupfwiyxzhaiqkwzocyeeixy/Build/Intermediates.noindex/SDWebImage.build/Debug-iphoneos/SDWebImage.build/DerivedSources/resource_bundle_accessor.h -MMD -MT dependencies -MF /Users/khanghnguyen/Library/Developer/Xcode/DerivedData/Wishie-gavmeupfwiyxzhaiqkwzocyeeixy/Build/Intermediates.noindex/SDWebImage.build/Debug-iphoneos/SDWebImage.build/Objects-normal/arm64/UIView+WebCacheOperation.d --serialize-diagnostics /Users/khanghnguyen/Library/Developer/Xcode/DerivedData/Wishie-gavmeupfwiyxzhaiqkwzocyeeixy/Build/Intermediates.noindex/SDWebImage.build/Debug-iphoneos/SDWebImage.build/Objects-normal/arm64/UIView+WebCacheOperation.dia -c /Users/khanghnguyen/Library/Developer/Xcode/DerivedData/Wishie-gavmeupfwiyxzhaiqkwzocyeeixy/SourcePackages/checkouts/SDWebImage/SDWebImage/Core/UIView+WebCacheOperation.m -o /Users/khanghnguyen/Library/Developer/Xcode/DerivedData/Wishie-gavmeupfwiyxzhaiqkwzocyeeixy/Build/Intermediates.noindex/SDWebImage.build/Debug-iphoneos/SDWebImage.build/Objects-normal/arm64/UIView+WebCacheOperation.o -index-unit-output-path /SDWebImage.build/Debug-iphoneos/SDWebImage.build/Objects-normal/arm64/UIView+WebCacheOperation.o

PrecompileModule /Users/khanghnguyen/Library/Developer/Xcode/DerivedData/Wishie-gavmeupfwiyxzhaiqkwzocyeeixy/Build/Intermediates.noindex/ExplicitPrecompiledModules/_DarwinFoundation1-5FYSKKUQUD5GUMAK626C4TOKA.scan
    cd /
    builtin-precompileModule /Users/khanghnguyen/Library/Developer/Xcode/DerivedData/Wishie-gavmeupfwiyxzhaiqkwzocyeeixy/Build/Intermediates.noindex/ExplicitPrecompiledModules/_DarwinFoundation1-5FYSKKUQUD5GUMAK626C4TOKA.scan

ScanDependencies /Users/khanghnguyen/Library/Developer/Xcode/DerivedData/Wishie-gavmeupfwiyxzhaiqkwzocyeeixy/Build/Intermediates.noindex/SDWebImage.build/Debug-iphoneos/SDWebImage.build/Objects-normal/arm64/UIView+WebCache.o /Users/khanghnguyen/Library/Developer/Xcode/DerivedData/Wishie-gavmeupfwiyxzhaiqkwzocyeeixy/SourcePackages/checkouts/SDWebImage/SDWebImage/Core/UIView+WebCache.m normal arm64 objective-c com.apple.compilers.llvm.clang.1_0.compiler (in target 'SDWebImage' from project 'SDWebImage')
    cd /Users/khanghnguyen/Downloads/Wishie/Wishie.xcodeproj
    
    Using response file: /Users/khanghnguyen/Library/Developer/Xcode/DerivedData/Wishie-gavmeupfwiyxzhaiqkwzocyeeixy/Build/Intermediates.noindex/SDWebImage.build/Debug-iphoneos/SDWebImage.build/Objects-normal/arm64/e6072d4f65d7061329687fe24e3d63a7-common-args.resp
    
    builtin-ScanDependencies -o /Users/khanghnguyen/Library/Developer/Xcode/DerivedData/Wishie-gavmeupfwiyxzhaiqkwzocyeeixy/Build/Intermediates.noindex/SDWebImage.build/Debug-iphoneos/SDWebImage.build/Objects-normal/arm64/UIView+WebCache.o.scan -- /Applications/Xcode.app/Contents/Developer/Toolchains/XcodeDefault.xctoolchain/usr/bin/clang -x objective-c -ivfsstatcache /Users/khanghnguyen/Library/Developer/Xcode/DerivedData/SDKStatCaches.noindex/iphoneos26.2-23C57-3794476bd08197c3e2abd9bb477ef7f7.sdkstatcache -fmessage-length\=0 -fdiagnostics-show-note-include-stack -fmacro-backtrace-limit\=0 -fno-color-diagnostics -fmodules-prune-interval\=86400 -fmodules-prune-after\=345600 -fbuild-session-file\=/Users/khanghnguyen/Library/Developer/Xcode/DerivedData/ModuleCache.noindex/Session.modulevalidation -fmodules-validate-once-per-build-session -Wnon-modular-include-in-framework-module -Werror\=non-modular-include-in-framework-module -Wno-trigraphs -Wno-missing-field-initializers -Wno-missing-prototypes -Wno-return-type -Wno-implicit-atomic-properties -Wno-objc-interface-ivars -Wno-arc-repeated-use-of-weak -Wno-missing-braces -Wparentheses -Wswitch -Wno-unused-function -Wno-unused-label -Wno-unused-parameter -Wno-unused-variable -Wunused-value -Wno-empty-body -Wno-uninitialized -Wno-unknown-pragmas -w -Wno-shadow -Wno-four-char-constants -Wno-conversion -Wno-constant-conversion -Wno-int-conversion -Wno-bool-conversion -Wno-enum-conversion -Wno-float-conversion -Wno-non-literal-null-conversion -Wno-objc-literal-conversion -Wshorten-64-to-32 -Wpointer-sign -Wno-newline-eof -Wno-selector -Wno-strict-selector-match -Wno-undeclared-selector -Wno-deprecated-implementations -Wno-implicit-fallthrough -fstrict-aliasing -Wprotocol -Wdeprecated-declarations -Wno-sign-conversion -Wno-infinite-recursion -Wno-comma -Wno-block-capture-autoreleasing -Wno-strict-prototypes -Wno-semicolon-before-method-body -index-store-path /Users/khanghnguyen/Library/Developer/Xcode/DerivedData/Wishie-gavmeupfwiyxzhaiqkwzocyeeixy/Index.noindex/DataStore @/Users/khanghnguyen/Library/Developer/Xcode/DerivedData/Wishie-gavmeupfwiyxzhaiqkwzocyeeixy/Build/Intermediates.noindex/SDWebImage.build/Debug-iphoneos/SDWebImage.build/Objects-normal/arm64/e6072d4f65d7061329687fe24e3d63a7-common-args.resp -include /Users/khanghnguyen/Library/Developer/Xcode/DerivedData/Wishie-gavmeupfwiyxzhaiqkwzocyeeixy/Build/Intermediates.noindex/SDWebImage.build/Debug-iphoneos/SDWebImage.build/DerivedSources/resource_bundle_accessor.h -MMD -MT dependencies -MF /Users/khanghnguyen/Library/Developer/Xcode/DerivedData/Wishie-gavmeupfwiyxzhaiqkwzocyeeixy/Build/Intermediates.noindex/SDWebImage.build/Debug-iphoneos/SDWebImage.build/Objects-normal/arm64/UIView+WebCache.d --serialize-diagnostics /Users/khanghnguyen/Library/Developer/Xcode/DerivedData/Wishie-gavmeupfwiyxzhaiqkwzocyeeixy/Build/Intermediates.noindex/SDWebImage.build/Debug-iphoneos/SDWebImage.build/Objects-normal/arm64/UIView+WebCache.dia -c /Users/khanghnguyen/Library/Developer/Xcode/DerivedData/Wishie-gavmeupfwiyxzhaiqkwzocyeeixy/SourcePackages/checkouts/SDWebImage/SDWebImage/Core/UIView+WebCache.m -o /Users/khanghnguyen/Library/Developer/Xcode/DerivedData/Wishie-gavmeupfwiyxzhaiqkwzocyeeixy/Build/Intermediates.noindex/SDWebImage.build/Debug-iphoneos/SDWebImage.build/Objects-normal/arm64/UIView+WebCache.o -index-unit-output-path /SDWebImage.build/Debug-iphoneos/SDWebImage.build/Objects-normal/arm64/UIView+WebCache.o

PrecompileModule /Users/khanghnguyen/Library/Developer/Xcode/DerivedData/Wishie-gavmeupfwiyxzhaiqkwzocyeeixy/Build/Intermediates.noindex/ExplicitPrecompiledModules/_Builtin_stdint-23WYV5YU1DUFFC86WA4NTSBS5.scan
    cd /
    builtin-precompileModule /Users/khanghnguyen/Library/Developer/Xcode/DerivedData/Wishie-gavmeupfwiyxzhaiqkwzocyeeixy/Build/Intermediates.noindex/ExplicitPrecompiledModules/_Builtin_stdint-23WYV5YU1DUFFC86WA4NTSBS5.scan

PrecompileModule /Users/khanghnguyen/Library/Developer/Xcode/DerivedData/Wishie-gavmeupfwiyxzhaiqkwzocyeeixy/Build/Intermediates.noindex/ExplicitPrecompiledModules/_DarwinFoundation2-CVSSKP2OJBATQ4M7UQF6628R9.scan
    cd /
    builtin-precompileModule /Users/khanghnguyen/Library/Developer/Xcode/DerivedData/Wishie-gavmeupfwiyxzhaiqkwzocyeeixy/Build/Intermediates.noindex/ExplicitPrecompiledModules/_DarwinFoundation2-CVSSKP2OJBATQ4M7UQF6628R9.scan

PrecompileModule /Users/khanghnguyen/Library/Developer/Xcode/DerivedData/Wishie-gavmeupfwiyxzhaiqkwzocyeeixy/Build/Intermediates.noindex/ExplicitPrecompiledModules/_DarwinFoundation3-60VT6V8PXZNBM65U1SHBXQSJ5.scan
    cd /
    builtin-precompileModule /Users/khanghnguyen/Library/Developer/Xcode/DerivedData/Wishie-gavmeupfwiyxzhaiqkwzocyeeixy/Build/Intermediates.noindex/ExplicitPrecompiledModules/_DarwinFoundation3-60VT6V8PXZNBM65U1SHBXQSJ5.scan

ScanDependencies /Users/khanghnguyen/Library/Developer/Xcode/DerivedData/Wishie-gavmeupfwiyxzhaiqkwzocyeeixy/Build/Intermediates.noindex/SDWebImage.build/Debug-iphoneos/SDWebImage.build/Objects-normal/arm64/UIImageView+WebCache.o /Users/khanghnguyen/Library/Developer/Xcode/DerivedData/Wishie-gavmeupfwiyxzhaiqkwzocyeeixy/SourcePackages/checkouts/SDWebImage/SDWebImage/Core/UIImageView+WebCache.m normal arm64 objective-c com.apple.compilers.llvm.clang.1_0.compiler (in target 'SDWebImage' from project 'SDWebImage')
    cd /Users/khanghnguyen/Downloads/Wishie/Wishie.xcodeproj
    
    Using response file: /Users/khanghnguyen/Library/Developer/Xcode/DerivedData/Wishie-gavmeupfwiyxzhaiqkwzocyeeixy/Build/Intermediates.noindex/SDWebImage.build/Debug-iphoneos/SDWebImage.build/Objects-normal/arm64/e6072d4f65d7061329687fe24e3d63a7-common-args.resp
    
    builtin-ScanDependencies -o /Users/khanghnguyen/Library/Developer/Xcode/DerivedData/Wishie-gavmeupfwiyxzhaiqkwzocyeeixy/Build/Intermediates.noindex/SDWebImage.build/Debug-iphoneos/SDWebImage.build/Objects-normal/arm64/UIImageView+WebCache.o.scan -- /Applications/Xcode.app/Contents/Developer/Toolchains/XcodeDefault.xctoolchain/usr/bin/clang -x objective-c -ivfsstatcache /Users/khanghnguyen/Library/Developer/Xcode/DerivedData/SDKStatCaches.noindex/iphoneos26.2-23C57-3794476bd08197c3e2abd9bb477ef7f7.sdkstatcache -fmessage-length\=0 -fdiagnostics-show-note-include-stack -fmacro-backtrace-limit\=0 -fno-color-diagnostics -fmodules-prune-interval\=86400 -fmodules-prune-after\=345600 -fbuild-session-file\=/Users/khanghnguyen/Library/Developer/Xcode/DerivedData/ModuleCache.noindex/Session.modulevalidation -fmodules-validate-once-per-build-session -Wnon-modular-include-in-framework-module -Werror\=non-modular-include-in-framework-module -Wno-trigraphs -Wno-missing-field-initializers -Wno-missing-prototypes -Wno-return-type -Wno-implicit-atomic-properties -Wno-objc-interface-ivars -Wno-arc-repeated-use-of-weak -Wno-missing-braces -Wparentheses -Wswitch -Wno-unused-function -Wno-unused-label -Wno-unused-parameter -Wno-unused-variable -Wunused-value -Wno-empty-body -Wno-uninitialized -Wno-unknown-pragmas -w -Wno-shadow -Wno-four-char-constants -Wno-conversion -Wno-constant-conversion -Wno-int-conversion -Wno-bool-conversion -Wno-enum-conversion -Wno-float-conversion -Wno-non-literal-null-conversion -Wno-objc-literal-conversion -Wshorten-64-to-32 -Wpointer-sign -Wno-newline-eof -Wno-selector -Wno-strict-selector-match -Wno-undeclared-selector -Wno-deprecated-implementations -Wno-implicit-fallthrough -fstrict-aliasing -Wprotocol -Wdeprecated-declarations -Wno-sign-conversion -Wno-infinite-recursion -Wno-comma -Wno-block-capture-autoreleasing -Wno-strict-prototypes -Wno-semicolon-before-method-body -index-store-path /Users/khanghnguyen/Library/Developer/Xcode/DerivedData/Wishie-gavmeupfwiyxzhaiqkwzocyeeixy/Index.noindex/DataStore @/Users/khanghnguyen/Library/Developer/Xcode/DerivedData/Wishie-gavmeupfwiyxzhaiqkwzocyeeixy/Build/Intermediates.noindex/SDWebImage.build/Debug-iphoneos/SDWebImage.build/Objects-normal/arm64/e6072d4f65d7061329687fe24e3d63a7-common-args.resp -include /Users/khanghnguyen/Library/Developer/Xcode/DerivedData/Wishie-gavmeupfwiyxzhaiqkwzocyeeixy/Build/Intermediates.noindex/SDWebImage.build/Debug-iphoneos/SDWebImage.build/DerivedSources/resource_bundle_accessor.h -MMD -MT dependencies -MF /Users/khanghnguyen/Library/Developer/Xcode/DerivedData/Wishie-gavmeupfwiyxzhaiqkwzocyeeixy/Build/Intermediates.noindex/SDWebImage.build/Debug-iphoneos/SDWebImage.build/Objects-normal/arm64/UIImageView+WebCache.d --serialize-diagnostics /Users/khanghnguyen/Library/Developer/Xcode/DerivedData/Wishie-gavmeupfwiyxzhaiqkwzocyeeixy/Build/Intermediates.noindex/SDWebImage.build/Debug-iphoneos/SDWebImage.build/Objects-normal/arm64/UIImageView+WebCache.dia -c /Users/khanghnguyen/Library/Developer/Xcode/DerivedData/Wishie-gavmeupfwiyxzhaiqkwzocyeeixy/SourcePackages/checkouts/SDWebImage/SDWebImage/Core/UIImageView+WebCache.m -o /Users/khanghnguyen/Library/Developer/Xcode/DerivedData/Wishie-gavmeupfwiyxzhaiqkwzocyeeixy/Build/Intermediates.noindex/SDWebImage.build/Debug-iphoneos/SDWebImage.build/Objects-normal/arm64/UIImageView+WebCache.o -index-unit-output-path /SDWebImage.build/Debug-iphoneos/SDWebImage.build/Objects-normal/arm64/UIImageView+WebCache.o

ScanDependencies /Users/khanghnguyen/Library/Developer/Xcode/DerivedData/Wishie-gavmeupfwiyxzhaiqkwzocyeeixy/Build/Intermediates.noindex/SDWebImage.build/Debug-iphoneos/SDWebImage.build/Objects-normal/arm64/UIImageView+HighlightedWebCache.o /Users/khanghnguyen/Library/Developer/Xcode/DerivedData/Wishie-gavmeupfwiyxzhaiqkwzocyeeixy/SourcePackages/checkouts/SDWebImage/SDWebImage/Core/UIImageView+HighlightedWebCache.m normal arm64 objective-c com.apple.compilers.llvm.clang.1_0.compiler (in target 'SDWebImage' from project 'SDWebImage')
    cd /Users/khanghnguyen/Downloads/Wishie/Wishie.xcodeproj
    
    Using response file: /Users/khanghnguyen/Library/Developer/Xcode/DerivedData/Wishie-gavmeupfwiyxzhaiqkwzocyeeixy/Build/Intermediates.noindex/SDWebImage.build/Debug-iphoneos/SDWebImage.build/Objects-normal/arm64/e6072d4f65d7061329687fe24e3d63a7-common-args.resp
    
    builtin-ScanDependencies -o /Users/khanghnguyen/Library/Developer/Xcode/DerivedData/Wishie-gavmeupfwiyxzhaiqkwzocyeeixy/Build/Intermediates.noindex/SDWebImage.build/Debug-iphoneos/SDWebImage.build/Objects-normal/arm64/UIImageView+HighlightedWebCache.o.scan -- /Applications/Xcode.app/Contents/Developer/Toolchains/XcodeDefault.xctoolchain/usr/bin/clang -x objective-c -ivfsstatcache /Users/khanghnguyen/Library/Developer/Xcode/DerivedData/SDKStatCaches.noindex/iphoneos26.2-23C57-3794476bd08197c3e2abd9bb477ef7f7.sdkstatcache -fmessage-length\=0 -fdiagnostics-show-note-include-stack -fmacro-backtrace-limit\=0 -fno-color-diagnostics -fmodules-prune-interval\=86400 -fmodules-prune-after\=345600 -fbuild-session-file\=/Users/khanghnguyen/Library/Developer/Xcode/DerivedData/ModuleCache.noindex/Session.modulevalidation -fmodules-validate-once-per-build-session -Wnon-modular-include-in-framework-module -Werror\=non-modular-include-in-framework-module -Wno-trigraphs -Wno-missing-field-initializers -Wno-missing-prototypes -Wno-return-type -Wno-implicit-atomic-properties -Wno-objc-interface-ivars -Wno-arc-repeated-use-of-weak -Wno-missing-braces -Wparentheses -Wswitch -Wno-unused-function -Wno-unused-label -Wno-unused-parameter -Wno-unused-variable -Wunused-value -Wno-empty-body -Wno-uninitialized -Wno-unknown-pragmas -w -Wno-shadow -Wno-four-char-constants -Wno-conversion -Wno-constant-conversion -Wno-int-conversion -Wno-bool-conversion -Wno-enum-conversion -Wno-float-conversion -Wno-non-literal-null-conversion -Wno-objc-literal-conversion -Wshorten-64-to-32 -Wpointer-sign -Wno-newline-eof -Wno-selector -Wno-strict-selector-match -Wno-undeclared-selector -Wno-deprecated-implementations -Wno-implicit-fallthrough -fstrict-aliasing -Wprotocol -Wdeprecated-declarations -Wno-sign-conversion -Wno-infinite-recursion -Wno-comma -Wno-block-capture-autoreleasing -Wno-strict-prototypes -Wno-semicolon-before-method-body -index-store-path /Users/khanghnguyen/Library/Developer/Xcode/DerivedData/Wishie-gavmeupfwiyxzhaiqkwzocyeeixy/Index.noindex/DataStore @/Users/khanghnguyen/Library/Developer/Xcode/DerivedData/Wishie-gavmeupfwiyxzhaiqkwzocyeeixy/Build/Intermediates.noindex/SDWebImage.build/Debug-iphoneos/SDWebImage.build/Objects-normal/arm64/e6072d4f65d7061329687fe24e3d63a7-common-args.resp -include /Users/khanghnguyen/Library/Developer/Xcode/DerivedData/Wishie-gavmeupfwiyxzhaiqkwzocyeeixy/Build/Intermediates.noindex/SDWebImage.build/Debug-iphoneos/SDWebImage.build/DerivedSources/resource_bundle_accessor.h -MMD -MT dependencies -MF /Users/khanghnguyen/Library/Developer/Xcode/DerivedData/Wishie-gavmeupfwiyxzhaiqkwzocyeeixy/Build/Intermediates.noindex/SDWebImage.build/Debug-iphoneos/SDWebImage.build/Objects-normal/arm64/UIImageView+HighlightedWebCache.d --serialize-diagnostics /Users/khanghnguyen/Library/Developer/Xcode/DerivedData/Wishie-gavmeupfwiyxzhaiqkwzocyeeixy/Build/Intermediates.noindex/SDWebImage.build/Debug-iphoneos/SDWebImage.build/Objects-normal/arm64/UIImageView+HighlightedWebCache.dia -c /Users/khanghnguyen/Library/Developer/Xcode/DerivedData/Wishie-gavmeupfwiyxzhaiqkwzocyeeixy/SourcePackages/checkouts/SDWebImage/SDWebImage/Core/UIImageView+HighlightedWebCache.m -o /Users/khanghnguyen/Library/Developer/Xcode/DerivedData/Wishie-gavmeupfwiyxzhaiqkwzocyeeixy/Build/Intermediates.noindex/SDWebImage.build/Debug-iphoneos/SDWebImage.build/Objects-normal/arm64/UIImageView+HighlightedWebCache.o -index-unit-output-path /SDWebImage.build/Debug-iphoneos/SDWebImage.build/Objects-normal/arm64/UIImageView+HighlightedWebCache.o

PrecompileModule /Users/khanghnguyen/Library/Developer/Xcode/DerivedData/Wishie-gavmeupfwiyxzhaiqkwzocyeeixy/Build/Intermediates.noindex/ExplicitPrecompiledModules/_Builtin_stdbool-EEUUEC0K0N2Q6GRHR0JQ0XK5R.scan
    cd /
    builtin-precompileModule /Users/khanghnguyen/Library/Developer/Xcode/DerivedData/Wishie-gavmeupfwiyxzhaiqkwzocyeeixy/Build/Intermediates.noindex/ExplicitPrecompiledModules/_Builtin_stdbool-EEUUEC0K0N2Q6GRHR0JQ0XK5R.scan

PrecompileModule /Users/khanghnguyen/Library/Developer/Xcode/DerivedData/Wishie-gavmeupfwiyxzhaiqkwzocyeeixy/Build/Intermediates.noindex/ExplicitPrecompiledModules/ptrauth-8BREV0E1FWA6CXE8LF7HOAWC8.scan
    cd /
    builtin-precompileModule /Users/khanghnguyen/Library/Developer/Xcode/DerivedData/Wishie-gavmeupfwiyxzhaiqkwzocyeeixy/Build/Intermediates.noindex/ExplicitPrecompiledModules/ptrauth-8BREV0E1FWA6CXE8LF7HOAWC8.scan

PrecompileModule /Users/khanghnguyen/Library/Developer/Xcode/DerivedData/Wishie-gavmeupfwiyxzhaiqkwzocyeeixy/Build/Intermediates.noindex/ExplicitPrecompiledModules/_Builtin_float-29LV36RSXCQJ5M330IGXQWJZY.scan
    cd /
    builtin-precompileModule /Users/khanghnguyen/Library/Developer/Xcode/DerivedData/Wishie-gavmeupfwiyxzhaiqkwzocyeeixy/Build/Intermediates.noindex/ExplicitPrecompiledModules/_Builtin_float-29LV36RSXCQJ5M330IGXQWJZY.scan

PrecompileModule /Users/khanghnguyen/Library/Developer/Xcode/DerivedData/Wishie-gavmeupfwiyxzhaiqkwzocyeeixy/Build/Intermediates.noindex/ExplicitPrecompiledModules/_Builtin_float-BDV2V9FLX6C6WTZ8JAFBPNVZ6.scan
    cd /
    builtin-precompileModule /Users/khanghnguyen/Library/Developer/Xcode/DerivedData/Wishie-gavmeupfwiyxzhaiqkwzocyeeixy/Build/Intermediates.noindex/ExplicitPrecompiledModules/_Builtin_float-BDV2V9FLX6C6WTZ8JAFBPNVZ6.scan

PrecompileModule /Users/khanghnguyen/Library/Developer/Xcode/DerivedData/Wishie-gavmeupfwiyxzhaiqkwzocyeeixy/Build/Intermediates.noindex/ExplicitPrecompiledModules/_Builtin_stdint-ESG9TXVRB0GI3PKWXV5AW51VK.scan
    cd /
    builtin-precompileModule /Users/khanghnguyen/Library/Developer/Xcode/DerivedData/Wishie-gavmeupfwiyxzhaiqkwzocyeeixy/Build/Intermediates.noindex/ExplicitPrecompiledModules/_Builtin_stdint-ESG9TXVRB0GI3PKWXV5AW51VK.scan

PrecompileModule /Users/khanghnguyen/Library/Developer/Xcode/DerivedData/Wishie-gavmeupfwiyxzhaiqkwzocyeeixy/Build/Intermediates.noindex/ExplicitPrecompiledModules/_Builtin_stdbool-1LBESWURNAJJGOGNAVDK4L0U0.scan
    cd /
    builtin-precompileModule /Users/khanghnguyen/Library/Developer/Xcode/DerivedData/Wishie-gavmeupfwiyxzhaiqkwzocyeeixy/Build/Intermediates.noindex/ExplicitPrecompiledModules/_Builtin_stdbool-1LBESWURNAJJGOGNAVDK4L0U0.scan

PrecompileModule /Users/khanghnguyen/Library/Developer/Xcode/DerivedData/Wishie-gavmeupfwiyxzhaiqkwzocyeeixy/Build/Intermediates.noindex/ExplicitPrecompiledModules/_Builtin_stdarg-3RNGQEORVNIHRI7TTOBJAH8Q8.scan
    cd /
    builtin-precompileModule /Users/khanghnguyen/Library/Developer/Xcode/DerivedData/Wishie-gavmeupfwiyxzhaiqkwzocyeeixy/Build/Intermediates.noindex/ExplicitPrecompiledModules/_Builtin_stdarg-3RNGQEORVNIHRI7TTOBJAH8Q8.scan

PrecompileModule /Users/khanghnguyen/Library/Developer/Xcode/DerivedData/Wishie-gavmeupfwiyxzhaiqkwzocyeeixy/Build/Intermediates.noindex/ExplicitPrecompiledModules/ptrauth-33GWAS7B0N61HR5WPI9YEPJGP.scan
    cd /
    builtin-precompileModule /Users/khanghnguyen/Library/Developer/Xcode/DerivedData/Wishie-gavmeupfwiyxzhaiqkwzocyeeixy/Build/Intermediates.noindex/ExplicitPrecompiledModules/ptrauth-33GWAS7B0N61HR5WPI9YEPJGP.scan

PrecompileModule /Users/khanghnguyen/Library/Developer/Xcode/DerivedData/Wishie-gavmeupfwiyxzhaiqkwzocyeeixy/Build/Intermediates.noindex/ExplicitPrecompiledModules/_Builtin_float-BEEYUQX2BQ6I4GJQG35QXER6A.scan
    cd /
    builtin-precompileModule /Users/khanghnguyen/Library/Developer/Xcode/DerivedData/Wishie-gavmeupfwiyxzhaiqkwzocyeeixy/Build/Intermediates.noindex/ExplicitPrecompiledModules/_Builtin_float-BEEYUQX2BQ6I4GJQG35QXER6A.scan

PrecompileModule /Users/khanghnguyen/Library/Developer/Xcode/DerivedData/Wishie-gavmeupfwiyxzhaiqkwzocyeeixy/Build/Intermediates.noindex/ExplicitPrecompiledModules/_Builtin_stdarg-4M8JLM0Q3OQXJOF0RRY0J39NG.scan
    cd /
    builtin-precompileModule /Users/khanghnguyen/Library/Developer/Xcode/DerivedData/Wishie-gavmeupfwiyxzhaiqkwzocyeeixy/Build/Intermediates.noindex/ExplicitPrecompiledModules/_Builtin_stdarg-4M8JLM0Q3OQXJOF0RRY0J39NG.scan

PrecompileModule /Users/khanghnguyen/Library/Developer/Xcode/DerivedData/Wishie-gavmeupfwiyxzhaiqkwzocyeeixy/Build/Intermediates.noindex/ExplicitPrecompiledModules/_Builtin_stddef-BPL579T2E5BOLFD2ZY0LPJVPR.scan
    cd /
    builtin-precompileModule /Users/khanghnguyen/Library/Developer/Xcode/DerivedData/Wishie-gavmeupfwiyxzhaiqkwzocyeeixy/Build/Intermediates.noindex/ExplicitPrecompiledModules/_Builtin_stddef-BPL579T2E5BOLFD2ZY0LPJVPR.scan

PrecompileModule /Users/khanghnguyen/Library/Developer/Xcode/DerivedData/Wishie-gavmeupfwiyxzhaiqkwzocyeeixy/Build/Intermediates.noindex/ExplicitPrecompiledModules/_Builtin_stddef-7C71RO5BCWYP6DQHNH3LBZMW5.scan
    cd /
    builtin-precompileModule /Users/khanghnguyen/Library/Developer/Xcode/DerivedData/Wishie-gavmeupfwiyxzhaiqkwzocyeeixy/Build/Intermediates.noindex/ExplicitPrecompiledModules/_Builtin_stddef-7C71RO5BCWYP6DQHNH3LBZMW5.scan

PrecompileModule /Users/khanghnguyen/Library/Developer/Xcode/DerivedData/Wishie-gavmeupfwiyxzhaiqkwzocyeeixy/Build/Intermediates.noindex/ExplicitPrecompiledModules/_Builtin_stddef-ADER5KH9NY91JQA35V5XRPJ66.scan
    cd /
    builtin-precompileModule /Users/khanghnguyen/Library/Developer/Xcode/DerivedData/Wishie-gavmeupfwiyxzhaiqkwzocyeeixy/Build/Intermediates.noindex/ExplicitPrecompiledModules/_Builtin_stddef-ADER5KH9NY91JQA35V5XRPJ66.scan

PrecompileModule /Users/khanghnguyen/Library/Developer/Xcode/DerivedData/Wishie-gavmeupfwiyxzhaiqkwzocyeeixy/Build/Intermediates.noindex/ExplicitPrecompiledModules/_Builtin_stdbool-AL4IAAOOB8UE0FSAA7DDUR0M8.scan
    cd /
    builtin-precompileModule /Users/khanghnguyen/Library/Developer/Xcode/DerivedData/Wishie-gavmeupfwiyxzhaiqkwzocyeeixy/Build/Intermediates.noindex/ExplicitPrecompiledModules/_Builtin_stdbool-AL4IAAOOB8UE0FSAA7DDUR0M8.scan

PrecompileModule /Users/khanghnguyen/Library/Developer/Xcode/DerivedData/Wishie-gavmeupfwiyxzhaiqkwzocyeeixy/Build/Intermediates.noindex/ExplicitPrecompiledModules/_AvailabilityInternal-F3MYXQPG29A6P9B60VZ08OGJ1.scan
    cd /
    builtin-precompileModule /Users/khanghnguyen/Library/Developer/Xcode/DerivedData/Wishie-gavmeupfwiyxzhaiqkwzocyeeixy/Build/Intermediates.noindex/ExplicitPrecompiledModules/_AvailabilityInternal-F3MYXQPG29A6P9B60VZ08OGJ1.scan

PrecompileModule /Users/khanghnguyen/Library/Developer/Xcode/DerivedData/Wishie-gavmeupfwiyxzhaiqkwzocyeeixy/Build/Intermediates.noindex/ExplicitPrecompiledModules/ptrauth-DMHG4I5U6UJEYS919432BSOAW.scan
    cd /
    builtin-precompileModule /Users/khanghnguyen/Library/Developer/Xcode/DerivedData/Wishie-gavmeupfwiyxzhaiqkwzocyeeixy/Build/Intermediates.noindex/ExplicitPrecompiledModules/ptrauth-DMHG4I5U6UJEYS919432BSOAW.scan

PrecompileModule /Users/khanghnguyen/Library/Developer/Xcode/DerivedData/Wishie-gavmeupfwiyxzhaiqkwzocyeeixy/Build/Intermediates.noindex/ExplicitPrecompiledModules/_DarwinFoundation3-15IQMCFDF29LRYMHCBLOJCZSR.scan
    cd /
    builtin-precompileModule /Users/khanghnguyen/Library/Developer/Xcode/DerivedData/Wishie-gavmeupfwiyxzhaiqkwzocyeeixy/Build/Intermediates.noindex/ExplicitPrecompiledModules/_DarwinFoundation3-15IQMCFDF29LRYMHCBLOJCZSR.scan

PrecompileModule /Users/khanghnguyen/Library/Developer/Xcode/DerivedData/Wishie-gavmeupfwiyxzhaiqkwzocyeeixy/Build/Intermediates.noindex/ExplicitPrecompiledModules/_AvailabilityInternal-4XCJZRUVVM6BZ7I7KS6BKMPZZ.scan
    cd /
    builtin-precompileModule /Users/khanghnguyen/Library/Developer/Xcode/DerivedData/Wishie-gavmeupfwiyxzhaiqkwzocyeeixy/Build/Intermediates.noindex/ExplicitPrecompiledModules/_AvailabilityInternal-4XCJZRUVVM6BZ7I7KS6BKMPZZ.scan

PrecompileModule /Users/khanghnguyen/Library/Developer/Xcode/DerivedData/Wishie-gavmeupfwiyxzhaiqkwzocyeeixy/Build/Intermediates.noindex/ExplicitPrecompiledModules/ptrcheck-5CPWCG8AG1QPFLLHN8W7MSSN4.scan
    cd /
    builtin-precompileModule /Users/khanghnguyen/Library/Developer/Xcode/DerivedData/Wishie-gavmeupfwiyxzhaiqkwzocyeeixy/Build/Intermediates.noindex/ExplicitPrecompiledModules/ptrcheck-5CPWCG8AG1QPFLLHN8W7MSSN4.scan

PrecompileModule /Users/khanghnguyen/Library/Developer/Xcode/DerivedData/Wishie-gavmeupfwiyxzhaiqkwzocyeeixy/Build/Intermediates.noindex/ExplicitPrecompiledModules/_Builtin_inttypes-AWOAZMNMUMD9TJ0UXEMAUWJM7.scan
    cd /
    builtin-precompileModule /Users/khanghnguyen/Library/Developer/Xcode/DerivedData/Wishie-gavmeupfwiyxzhaiqkwzocyeeixy/Build/Intermediates.noindex/ExplicitPrecompiledModules/_Builtin_inttypes-AWOAZMNMUMD9TJ0UXEMAUWJM7.scan

PrecompileModule /Users/khanghnguyen/Library/Developer/Xcode/DerivedData/Wishie-gavmeupfwiyxzhaiqkwzocyeeixy/Build/Intermediates.noindex/ExplicitPrecompiledModules/_DarwinFoundation1-D6XERUK83FR9XJRRBVT6TS1ST.scan
    cd /
    builtin-precompileModule /Users/khanghnguyen/Library/Developer/Xcode/DerivedData/Wishie-gavmeupfwiyxzhaiqkwzocyeeixy/Build/Intermediates.noindex/ExplicitPrecompiledModules/_DarwinFoundation1-D6XERUK83FR9XJRRBVT6TS1ST.scan

PrecompileModule /Users/khanghnguyen/Library/Developer/Xcode/DerivedData/Wishie-gavmeupfwiyxzhaiqkwzocyeeixy/Build/Intermediates.noindex/ExplicitPrecompiledModules/_AvailabilityInternal-D6FVBD2S1FPV5NOEF8DZPEFZX.scan
    cd /
    builtin-precompileModule /Users/khanghnguyen/Library/Developer/Xcode/DerivedData/Wishie-gavmeupfwiyxzhaiqkwzocyeeixy/Build/Intermediates.noindex/ExplicitPrecompiledModules/_AvailabilityInternal-D6FVBD2S1FPV5NOEF8DZPEFZX.scan

CompileC /Users/khanghnguyen/Library/Developer/Xcode/DerivedData/Wishie-gavmeupfwiyxzhaiqkwzocyeeixy/Build/Intermediates.noindex/nanopb.build/Debug-iphoneos/nanopb.build/Objects-normal/arm64/pb_encode.o /Users/khanghnguyen/Library/Developer/Xcode/DerivedData/Wishie-gavmeupfwiyxzhaiqkwzocyeeixy/SourcePackages/checkouts/nanopb/pb_encode.c normal arm64 c com.apple.compilers.llvm.clang.1_0.compiler (in target 'nanopb' from project 'nanopb')
    cd /Users/khanghnguyen/Downloads/Wishie/Wishie.xcodeproj
    
    Using response file: /Users/khanghnguyen/Library/Developer/Xcode/DerivedData/Wishie-gavmeupfwiyxzhaiqkwzocyeeixy/Build/Intermediates.noindex/nanopb.build/Debug-iphoneos/nanopb.build/Objects-normal/arm64/7187679823f38a2a940e0043cdf9d637-common-args.resp
    
    /Applications/Xcode.app/Contents/Developer/Toolchains/XcodeDefault.xctoolchain/usr/bin/clang -x c -ivfsstatcache /Users/khanghnguyen/Library/Developer/Xcode/DerivedData/SDKStatCaches.noindex/iphoneos26.2-23C57-3794476bd08197c3e2abd9bb477ef7f7.sdkstatcache -fmessage-length\=0 -fdiagnostics-show-note-include-stack -fmacro-backtrace-limit\=0 -fno-color-diagnostics -fmodules-prune-interval\=86400 -fmodules-prune-after\=345600 -fbuild-session-file\=/Users/khanghnguyen/Library/Developer/Xcode/DerivedData/ModuleCache.noindex/Session.modulevalidation -fmodules-validate-once-per-build-session -Wnon-modular-include-in-framework-module -Werror\=non-modular-include-in-framework-module -Wno-trigraphs -Wno-missing-field-initializers -Wno-missing-prototypes -Wno-return-type -Wno-missing-braces -Wparentheses -Wswitch -Wno-unused-function -Wno-unused-label -Wno-unused-parameter -Wno-unused-variable -Wunused-value -Wno-empty-body -Wno-uninitialized -Wno-unknown-pragmas -w -Wno-shadow -Wno-four-char-constants -Wno-conversion -Wno-constant-conversion -Wno-int-conversion -Wno-bool-conversion -Wno-enum-conversion -Wno-float-conversion -Wno-non-literal-null-conversion -Wno-objc-literal-conversion -Wshorten-64-to-32 -Wpointer-sign -Wno-newline-eof -Wno-implicit-fallthrough -fstrict-aliasing -Wdeprecated-declarations -Wno-sign-conversion -Wno-infinite-recursion -Wno-comma -Wno-block-capture-autoreleasing -Wno-strict-prototypes -Wno-semicolon-before-method-body -index-store-path /Users/khanghnguyen/Library/Developer/Xcode/DerivedData/Wishie-gavmeupfwiyxzhaiqkwzocyeeixy/Index.noindex/DataStore @/Users/khanghnguyen/Library/Developer/Xcode/DerivedData/Wishie-gavmeupfwiyxzhaiqkwzocyeeixy/Build/Intermediates.noindex/nanopb.build/Debug-iphoneos/nanopb.build/Objects-normal/arm64/7187679823f38a2a940e0043cdf9d637-common-args.resp -MMD -MT dependencies -MF /Users/khanghnguyen/Library/Developer/Xcode/DerivedData/Wishie-gavmeupfwiyxzhaiqkwzocyeeixy/Build/Intermediates.noindex/nanopb.build/Debug-iphoneos/nanopb.build/Objects-normal/arm64/pb_encode.d --serialize-diagnostics /Users/khanghnguyen/Library/Developer/Xcode/DerivedData/Wishie-gavmeupfwiyxzhaiqkwzocyeeixy/Build/Intermediates.noindex/nanopb.build/Debug-iphoneos/nanopb.build/Objects-normal/arm64/pb_encode.dia -c /Users/khanghnguyen/Library/Developer/Xcode/DerivedData/Wishie-gavmeupfwiyxzhaiqkwzocyeeixy/SourcePackages/checkouts/nanopb/pb_encode.c -o /Users/khanghnguyen/Library/Developer/Xcode/DerivedData/Wishie-gavmeupfwiyxzhaiqkwzocyeeixy/Build/Intermediates.noindex/nanopb.build/Debug-iphoneos/nanopb.build/Objects-normal/arm64/pb_encode.o -index-unit-output-path /nanopb.build/Debug-iphoneos/nanopb.build/Objects-normal/arm64/pb_encode.o

CompileC /Users/khanghnguyen/Library/Developer/Xcode/DerivedData/Wishie-gavmeupfwiyxzhaiqkwzocyeeixy/Build/Intermediates.noindex/nanopb.build/Debug-iphoneos/nanopb.build/Objects-normal/arm64/pb_decode.o /Users/khanghnguyen/Library/Developer/Xcode/DerivedData/Wishie-gavmeupfwiyxzhaiqkwzocyeeixy/SourcePackages/checkouts/nanopb/pb_decode.c normal arm64 c com.apple.compilers.llvm.clang.1_0.compiler (in target 'nanopb' from project 'nanopb')
    cd /Users/khanghnguyen/Downloads/Wishie/Wishie.xcodeproj
    
    Using response file: /Users/khanghnguyen/Library/Developer/Xcode/DerivedData/Wishie-gavmeupfwiyxzhaiqkwzocyeeixy/Build/Intermediates.noindex/nanopb.build/Debug-iphoneos/nanopb.build/Objects-normal/arm64/7187679823f38a2a940e0043cdf9d637-common-args.resp
    
    /Applications/Xcode.app/Contents/Developer/Toolchains/XcodeDefault.xctoolchain/usr/bin/clang -x c -ivfsstatcache /Users/khanghnguyen/Library/Developer/Xcode/DerivedData/SDKStatCaches.noindex/iphoneos26.2-23C57-3794476bd08197c3e2abd9bb477ef7f7.sdkstatcache -fmessage-length\=0 -fdiagnostics-show-note-include-stack -fmacro-backtrace-limit\=0 -fno-color-diagnostics -fmodules-prune-interval\=86400 -fmodules-prune-after\=345600 -fbuild-session-file\=/Users/khanghnguyen/Library/Developer/Xcode/DerivedData/ModuleCache.noindex/Session.modulevalidation -fmodules-validate-once-per-build-session -Wnon-modular-include-in-framework-module -Werror\=non-modular-include-in-framework-module -Wno-trigraphs -Wno-missing-field-initializers -Wno-missing-prototypes -Wno-return-type -Wno-missing-braces -Wparentheses -Wswitch -Wno-unused-function -Wno-unused-label -Wno-unused-parameter -Wno-unused-variable -Wunused-value -Wno-empty-body -Wno-uninitialized -Wno-unknown-pragmas -w -Wno-shadow -Wno-four-char-constants -Wno-conversion -Wno-constant-conversion -Wno-int-conversion -Wno-bool-conversion -Wno-enum-conversion -Wno-float-conversion -Wno-non-literal-null-conversion -Wno-objc-literal-conversion -Wshorten-64-to-32 -Wpointer-sign -Wno-newline-eof -Wno-implicit-fallthrough -fstrict-aliasing -Wdeprecated-declarations -Wno-sign-conversion -Wno-infinite-recursion -Wno-comma -Wno-block-capture-autoreleasing -Wno-strict-prototypes -Wno-semicolon-before-method-body -index-store-path /Users/khanghnguyen/Library/Developer/Xcode/DerivedData/Wishie-gavmeupfwiyxzhaiqkwzocyeeixy/Index.noindex/DataStore @/Users/khanghnguyen/Library/Developer/Xcode/DerivedData/Wishie-gavmeupfwiyxzhaiqkwzocyeeixy/Build/Intermediates.noindex/nanopb.build/Debug-iphoneos/nanopb.build/Objects-normal/arm64/7187679823f38a2a940e0043cdf9d637-common-args.resp -MMD -MT dependencies -MF /Users/khanghnguyen/Library/Developer/Xcode/DerivedData/Wishie-gavmeupfwiyxzhaiqkwzocyeeixy/Build/Intermediates.noindex/nanopb.build/Debug-iphoneos/nanopb.build/Objects-normal/arm64/pb_decode.d --serialize-diagnostics /Users/khanghnguyen/Library/Developer/Xcode/DerivedData/Wishie-gavmeupfwiyxzhaiqkwzocyeeixy/Build/Intermediates.noindex/nanopb.build/Debug-iphoneos/nanopb.build/Objects-normal/arm64/pb_decode.dia -c /Users/khanghnguyen/Library/Developer/Xcode/DerivedData/Wishie-gavmeupfwiyxzhaiqkwzocyeeixy/SourcePackages/checkouts/nanopb/pb_decode.c -o /Users/khanghnguyen/Library/Developer/Xcode/DerivedData/Wishie-gavmeupfwiyxzhaiqkwzocyeeixy/Build/Intermediates.noindex/nanopb.build/Debug-iphoneos/nanopb.build/Objects-normal/arm64/pb_decode.o -index-unit-output-path /nanopb.build/Debug-iphoneos/nanopb.build/Objects-normal/arm64/pb_decode.o

CompileC /Users/khanghnguyen/Library/Developer/Xcode/DerivedData/Wishie-gavmeupfwiyxzhaiqkwzocyeeixy/Build/Intermediates.noindex/nanopb.build/Debug-iphoneos/nanopb.build/Objects-normal/arm64/pb_common.o /Users/khanghnguyen/Library/Developer/Xcode/DerivedData/Wishie-gavmeupfwiyxzhaiqkwzocyeeixy/SourcePackages/checkouts/nanopb/pb_common.c normal arm64 c com.apple.compilers.llvm.clang.1_0.compiler (in target 'nanopb' from project 'nanopb')
    cd /Users/khanghnguyen/Downloads/Wishie/Wishie.xcodeproj
    
    Using response file: /Users/khanghnguyen/Library/Developer/Xcode/DerivedData/Wishie-gavmeupfwiyxzhaiqkwzocyeeixy/Build/Intermediates.noindex/nanopb.build/Debug-iphoneos/nanopb.build/Objects-normal/arm64/7187679823f38a2a940e0043cdf9d637-common-args.resp
    
    /Applications/Xcode.app/Contents/Developer/Toolchains/XcodeDefault.xctoolchain/usr/bin/clang -x c -ivfsstatcache /Users/khanghnguyen/Library/Developer/Xcode/DerivedData/SDKStatCaches.noindex/iphoneos26.2-23C57-3794476bd08197c3e2abd9bb477ef7f7.sdkstatcache -fmessage-length\=0 -fdiagnostics-show-note-include-stack -fmacro-backtrace-limit\=0 -fno-color-diagnostics -fmodules-prune-interval\=86400 -fmodules-prune-after\=345600 -fbuild-session-file\=/Users/khanghnguyen/Library/Developer/Xcode/DerivedData/ModuleCache.noindex/Session.modulevalidation -fmodules-validate-once-per-build-session -Wnon-modular-include-in-framework-module -Werror\=non-modular-include-in-framework-module -Wno-trigraphs -Wno-missing-field-initializers -Wno-missing-prototypes -Wno-return-type -Wno-missing-braces -Wparentheses -Wswitch -Wno-unused-function -Wno-unused-label -Wno-unused-parameter -Wno-unused-variable -Wunused-value -Wno-empty-body -Wno-uninitialized -Wno-unknown-pragmas -w -Wno-shadow -Wno-four-char-constants -Wno-conversion -Wno-constant-conversion -Wno-int-conversion -Wno-bool-conversion -Wno-enum-conversion -Wno-float-conversion -Wno-non-literal-null-conversion -Wno-objc-literal-conversion -Wshorten-64-to-32 -Wpointer-sign -Wno-newline-eof -Wno-implicit-fallthrough -fstrict-aliasing -Wdeprecated-declarations -Wno-sign-conversion -Wno-infinite-recursion -Wno-comma -Wno-block-capture-autoreleasing -Wno-strict-prototypes -Wno-semicolon-before-method-body -index-store-path /Users/khanghnguyen/Library/Developer/Xcode/DerivedData/Wishie-gavmeupfwiyxzhaiqkwzocyeeixy/Index.noindex/DataStore @/Users/khanghnguyen/Library/Developer/Xcode/DerivedData/Wishie-gavmeupfwiyxzhaiqkwzocyeeixy/Build/Intermediates.noindex/nanopb.build/Debug-iphoneos/nanopb.build/Objects-normal/arm64/7187679823f38a2a940e0043cdf9d637-common-args.resp -MMD -MT dependencies -MF /Users/khanghnguyen/Library/Developer/Xcode/DerivedData/Wishie-gavmeupfwiyxzhaiqkwzocyeeixy/Build/Intermediates.noindex/nanopb.build/Debug-iphoneos/nanopb.build/Objects-normal/arm64/pb_common.d --serialize-diagnostics /Users/khanghnguyen/Library/Developer/Xcode/DerivedData/Wishie-gavmeupfwiyxzhaiqkwzocyeeixy/Build/Intermediates.noindex/nanopb.build/Debug-iphoneos/nanopb.build/Objects-normal/arm64/pb_common.dia -c /Users/khanghnguyen/Library/Developer/Xcode/DerivedData/Wishie-gavmeupfwiyxzhaiqkwzocyeeixy/SourcePackages/checkouts/nanopb/pb_common.c -o /Users/khanghnguyen/Library/Developer/Xcode/DerivedData/Wishie-gavmeupfwiyxzhaiqkwzocyeeixy/Build/Intermediates.noindex/nanopb.build/Debug-iphoneos/nanopb.build/Objects-normal/arm64/pb_common.o -index-unit-output-path /nanopb.build/Debug-iphoneos/nanopb.build/Objects-normal/arm64/pb_common.o

PrecompileModule /Users/khanghnguyen/Library/Developer/Xcode/DerivedData/Wishie-gavmeupfwiyxzhaiqkwzocyeeixy/Build/Intermediates.noindex/ExplicitPrecompiledModules/Darwin-7EFTXWCSYJ7TGD4CNRU89SAUO.scan
    cd /
    builtin-precompileModule /Users/khanghnguyen/Library/Developer/Xcode/DerivedData/Wishie-gavmeupfwiyxzhaiqkwzocyeeixy/Build/Intermediates.noindex/ExplicitPrecompiledModules/Darwin-7EFTXWCSYJ7TGD4CNRU89SAUO.scan

PrecompileModule /Users/khanghnguyen/Library/Developer/Xcode/DerivedData/Wishie-gavmeupfwiyxzhaiqkwzocyeeixy/Build/Intermediates.noindex/ExplicitPrecompiledModules/_Builtin_limits-ACFF88MBNXDS10YNHCT99KH35.scan
    cd /
    builtin-precompileModule /Users/khanghnguyen/Library/Developer/Xcode/DerivedData/Wishie-gavmeupfwiyxzhaiqkwzocyeeixy/Build/Intermediates.noindex/ExplicitPrecompiledModules/_Builtin_limits-ACFF88MBNXDS10YNHCT99KH35.scan

PrecompileModule /Users/khanghnguyen/Library/Developer/Xcode/DerivedData/Wishie-gavmeupfwiyxzhaiqkwzocyeeixy/Build/Intermediates.noindex/ExplicitPrecompiledModules/ptrcheck-4HLNEH6HH24IPRGYK85I1OAIN.scan
    cd /
    builtin-precompileModule /Users/khanghnguyen/Library/Developer/Xcode/DerivedData/Wishie-gavmeupfwiyxzhaiqkwzocyeeixy/Build/Intermediates.noindex/ExplicitPrecompiledModules/ptrcheck-4HLNEH6HH24IPRGYK85I1OAIN.scan

PrecompileModule /Users/khanghnguyen/Library/Developer/Xcode/DerivedData/Wishie-gavmeupfwiyxzhaiqkwzocyeeixy/Build/Intermediates.noindex/ExplicitPrecompiledModules/_Builtin_stdarg-7GF067G61M9B4NU32KQXNKNKG.scan
    cd /
    builtin-precompileModule /Users/khanghnguyen/Library/Developer/Xcode/DerivedData/Wishie-gavmeupfwiyxzhaiqkwzocyeeixy/Build/Intermediates.noindex/ExplicitPrecompiledModules/_Builtin_stdarg-7GF067G61M9B4NU32KQXNKNKG.scan

PrecompileModule /Users/khanghnguyen/Library/Developer/Xcode/DerivedData/Wishie-gavmeupfwiyxzhaiqkwzocyeeixy/Build/Intermediates.noindex/ExplicitPrecompiledModules/ptrcheck-3NX926MA11UMDICK6LEKY9IK1.scan
    cd /
    builtin-precompileModule /Users/khanghnguyen/Library/Developer/Xcode/DerivedData/Wishie-gavmeupfwiyxzhaiqkwzocyeeixy/Build/Intermediates.noindex/ExplicitPrecompiledModules/ptrcheck-3NX926MA11UMDICK6LEKY9IK1.scan

PrecompileModule /Users/khanghnguyen/Library/Developer/Xcode/DerivedData/Wishie-gavmeupfwiyxzhaiqkwzocyeeixy/Build/Intermediates.noindex/ExplicitPrecompiledModules/_DarwinFoundation1-B6D5TZSF1ZZX4RJ1RHTFJGDHL.scan
    cd /
    builtin-precompileModule /Users/khanghnguyen/Library/Developer/Xcode/DerivedData/Wishie-gavmeupfwiyxzhaiqkwzocyeeixy/Build/Intermediates.noindex/ExplicitPrecompiledModules/_DarwinFoundation1-B6D5TZSF1ZZX4RJ1RHTFJGDHL.scan

PrecompileModule /Users/khanghnguyen/Library/Developer/Xcode/DerivedData/Wishie-gavmeupfwiyxzhaiqkwzocyeeixy/Build/Intermediates.noindex/ExplicitPrecompiledModules/_DarwinFoundation2-A3O636AO7PVRH5XUM9WR4V4MO.scan
    cd /
    builtin-precompileModule /Users/khanghnguyen/Library/Developer/Xcode/DerivedData/Wishie-gavmeupfwiyxzhaiqkwzocyeeixy/Build/Intermediates.noindex/ExplicitPrecompiledModules/_DarwinFoundation2-A3O636AO7PVRH5XUM9WR4V4MO.scan

PrecompileModule /Users/khanghnguyen/Library/Developer/Xcode/DerivedData/Wishie-gavmeupfwiyxzhaiqkwzocyeeixy/Build/Intermediates.noindex/ExplicitPrecompiledModules/_DarwinFoundation1-2E3SP6VVYP6RZO85JAR07QU5U.scan
    cd /
    builtin-precompileModule /Users/khanghnguyen/Library/Developer/Xcode/DerivedData/Wishie-gavmeupfwiyxzhaiqkwzocyeeixy/Build/Intermediates.noindex/ExplicitPrecompiledModules/_DarwinFoundation1-2E3SP6VVYP6RZO85JAR07QU5U.scan

PrecompileModule /Users/khanghnguyen/Library/Developer/Xcode/DerivedData/Wishie-gavmeupfwiyxzhaiqkwzocyeeixy/Build/Intermediates.noindex/ExplicitPrecompiledModules/_Builtin_limits-2F5UW3Z7K4E5Y77L68LP2K9Y0.scan
    cd /
    builtin-precompileModule /Users/khanghnguyen/Library/Developer/Xcode/DerivedData/Wishie-gavmeupfwiyxzhaiqkwzocyeeixy/Build/Intermediates.noindex/ExplicitPrecompiledModules/_Builtin_limits-2F5UW3Z7K4E5Y77L68LP2K9Y0.scan

PrecompileModule /Users/khanghnguyen/Library/Developer/Xcode/DerivedData/Wishie-gavmeupfwiyxzhaiqkwzocyeeixy/Build/Intermediates.noindex/ExplicitPrecompiledModules/_DarwinFoundation2-6POHGPXFXJ6M6II2B4QG84KEN.scan
    cd /
    builtin-precompileModule /Users/khanghnguyen/Library/Developer/Xcode/DerivedData/Wishie-gavmeupfwiyxzhaiqkwzocyeeixy/Build/Intermediates.noindex/ExplicitPrecompiledModules/_DarwinFoundation2-6POHGPXFXJ6M6II2B4QG84KEN.scan

ScanDependencies /Users/khanghnguyen/Library/Developer/Xcode/DerivedData/Wishie-gavmeupfwiyxzhaiqkwzocyeeixy/Build/Intermediates.noindex/SDWebImage.build/Debug-iphoneos/SDWebImage.build/Objects-normal/arm64/UIImage+Transform.o /Users/khanghnguyen/Library/Developer/Xcode/DerivedData/Wishie-gavmeupfwiyxzhaiqkwzocyeeixy/SourcePackages/checkouts/SDWebImage/SDWebImage/Core/UIImage+Transform.m normal arm64 objective-c com.apple.compilers.llvm.clang.1_0.compiler (in target 'SDWebImage' from project 'SDWebImage')
    cd /Users/khanghnguyen/Downloads/Wishie/Wishie.xcodeproj
    
    Using response file: /Users/khanghnguyen/Library/Developer/Xcode/DerivedData/Wishie-gavmeupfwiyxzhaiqkwzocyeeixy/Build/Intermediates.noindex/SDWebImage.build/Debug-iphoneos/SDWebImage.build/Objects-normal/arm64/e6072d4f65d7061329687fe24e3d63a7-common-args.resp
    
    builtin-ScanDependencies -o /Users/khanghnguyen/Library/Developer/Xcode/DerivedData/Wishie-gavmeupfwiyxzhaiqkwzocyeeixy/Build/Intermediates.noindex/SDWebImage.build/Debug-iphoneos/SDWebImage.build/Objects-normal/arm64/UIImage+Transform.o.scan -- /Applications/Xcode.app/Contents/Developer/Toolchains/XcodeDefault.xctoolchain/usr/bin/clang -x objective-c -ivfsstatcache /Users/khanghnguyen/Library/Developer/Xcode/DerivedData/SDKStatCaches.noindex/iphoneos26.2-23C57-3794476bd08197c3e2abd9bb477ef7f7.sdkstatcache -fmessage-length\=0 -fdiagnostics-show-note-include-stack -fmacro-backtrace-limit\=0 -fno-color-diagnostics -fmodules-prune-interval\=86400 -fmodules-prune-after\=345600 -fbuild-session-file\=/Users/khanghnguyen/Library/Developer/Xcode/DerivedData/ModuleCache.noindex/Session.modulevalidation -fmodules-validate-once-per-build-session -Wnon-modular-include-in-framework-module -Werror\=non-modular-include-in-framework-module -Wno-trigraphs -Wno-missing-field-initializers -Wno-missing-prototypes -Wno-return-type -Wno-implicit-atomic-properties -Wno-objc-interface-ivars -Wno-arc-repeated-use-of-weak -Wno-missing-braces -Wparentheses -Wswitch -Wno-unused-function -Wno-unused-label -Wno-unused-parameter -Wno-unused-variable -Wunused-value -Wno-empty-body -Wno-uninitialized -Wno-unknown-pragmas -w -Wno-shadow -Wno-four-char-constants -Wno-conversion -Wno-constant-conversion -Wno-int-conversion -Wno-bool-conversion -Wno-enum-conversion -Wno-float-conversion -Wno-non-literal-null-conversion -Wno-objc-literal-conversion -Wshorten-64-to-32 -Wpointer-sign -Wno-newline-eof -Wno-selector -Wno-strict-selector-match -Wno-undeclared-selector -Wno-deprecated-implementations -Wno-implicit-fallthrough -fstrict-aliasing -Wprotocol -Wdeprecated-declarations -Wno-sign-conversion -Wno-infinite-recursion -Wno-comma -Wno-block-capture-autoreleasing -Wno-strict-prototypes -Wno-semicolon-before-method-body -index-store-path /Users/khanghnguyen/Library/Developer/Xcode/DerivedData/Wishie-gavmeupfwiyxzhaiqkwzocyeeixy/Index.noindex/DataStore @/Users/khanghnguyen/Library/Developer/Xcode/DerivedData/Wishie-gavmeupfwiyxzhaiqkwzocyeeixy/Build/Intermediates.noindex/SDWebImage.build/Debug-iphoneos/SDWebImage.build/Objects-normal/arm64/e6072d4f65d7061329687fe24e3d63a7-common-args.resp -include /Users/khanghnguyen/Library/Developer/Xcode/DerivedData/Wishie-gavmeupfwiyxzhaiqkwzocyeeixy/Build/Intermediates.noindex/SDWebImage.build/Debug-iphoneos/SDWebImage.build/DerivedSources/resource_bundle_accessor.h -MMD -MT dependencies -MF /Users/khanghnguyen/Library/Developer/Xcode/DerivedData/Wishie-gavmeupfwiyxzhaiqkwzocyeeixy/Build/Intermediates.noindex/SDWebImage.build/Debug-iphoneos/SDWebImage.build/Objects-normal/arm64/UIImage+Transform.d --serialize-diagnostics /Users/khanghnguyen/Library/Developer/Xcode/DerivedData/Wishie-gavmeupfwiyxzhaiqkwzocyeeixy/Build/Intermediates.noindex/SDWebImage.build/Debug-iphoneos/SDWebImage.build/Objects-normal/arm64/UIImage+Transform.dia -c /Users/khanghnguyen/Library/Developer/Xcode/DerivedData/Wishie-gavmeupfwiyxzhaiqkwzocyeeixy/SourcePackages/checkouts/SDWebImage/SDWebImage/Core/UIImage+Transform.m -o /Users/khanghnguyen/Library/Developer/Xcode/DerivedData/Wishie-gavmeupfwiyxzhaiqkwzocyeeixy/Build/Intermediates.noindex/SDWebImage.build/Debug-iphoneos/SDWebImage.build/Objects-normal/arm64/UIImage+Transform.o -index-unit-output-path /SDWebImage.build/Debug-iphoneos/SDWebImage.build/Objects-normal/arm64/UIImage+Transform.o

ScanDependencies /Users/khanghnguyen/Library/Developer/Xcode/DerivedData/Wishie-gavmeupfwiyxzhaiqkwzocyeeixy/Build/Intermediates.noindex/SDWebImage.build/Debug-iphoneos/SDWebImage.build/Objects-normal/arm64/UIImage+MultiFormat.o /Users/khanghnguyen/Library/Developer/Xcode/DerivedData/Wishie-gavmeupfwiyxzhaiqkwzocyeeixy/SourcePackages/checkouts/SDWebImage/SDWebImage/Core/UIImage+MultiFormat.m normal arm64 objective-c com.apple.compilers.llvm.clang.1_0.compiler (in target 'SDWebImage' from project 'SDWebImage')
    cd /Users/khanghnguyen/Downloads/Wishie/Wishie.xcodeproj
    
    Using response file: /Users/khanghnguyen/Library/Developer/Xcode/DerivedData/Wishie-gavmeupfwiyxzhaiqkwzocyeeixy/Build/Intermediates.noindex/SDWebImage.build/Debug-iphoneos/SDWebImage.build/Objects-normal/arm64/e6072d4f65d7061329687fe24e3d63a7-common-args.resp
    
    builtin-ScanDependencies -o /Users/khanghnguyen/Library/Developer/Xcode/DerivedData/Wishie-gavmeupfwiyxzhaiqkwzocyeeixy/Build/Intermediates.noindex/SDWebImage.build/Debug-iphoneos/SDWebImage.build/Objects-normal/arm64/UIImage+MultiFormat.o.scan -- /Applications/Xcode.app/Contents/Developer/Toolchains/XcodeDefault.xctoolchain/usr/bin/clang -x objective-c -ivfsstatcache /Users/khanghnguyen/Library/Developer/Xcode/DerivedData/SDKStatCaches.noindex/iphoneos26.2-23C57-3794476bd08197c3e2abd9bb477ef7f7.sdkstatcache -fmessage-length\=0 -fdiagnostics-show-note-include-stack -fmacro-backtrace-limit\=0 -fno-color-diagnostics -fmodules-prune-interval\=86400 -fmodules-prune-after\=345600 -fbuild-session-file\=/Users/khanghnguyen/Library/Developer/Xcode/DerivedData/ModuleCache.noindex/Session.modulevalidation -fmodules-validate-once-per-build-session -Wnon-modular-include-in-framework-module -Werror\=non-modular-include-in-framework-module -Wno-trigraphs -Wno-missing-field-initializers -Wno-missing-prototypes -Wno-return-type -Wno-implicit-atomic-properties -Wno-objc-interface-ivars -Wno-arc-repeated-use-of-weak -Wno-missing-braces -Wparentheses -Wswitch -Wno-unused-function -Wno-unused-label -Wno-unused-parameter -Wno-unused-variable -Wunused-value -Wno-empty-body -Wno-uninitialized -Wno-unknown-pragmas -w -Wno-shadow -Wno-four-char-constants -Wno-conversion -Wno-constant-conversion -Wno-int-conversion -Wno-bool-conversion -Wno-enum-conversion -Wno-float-conversion -Wno-non-literal-null-conversion -Wno-objc-literal-conversion -Wshorten-64-to-32 -Wpointer-sign -Wno-newline-eof -Wno-selector -Wno-strict-selector-match -Wno-undeclared-selector -Wno-deprecated-implementations -Wno-implicit-fallthrough -fstrict-aliasing -Wprotocol -Wdeprecated-declarations -Wno-sign-conversion -Wno-infinite-recursion -Wno-comma -Wno-block-capture-autoreleasing -Wno-strict-prototypes -Wno-semicolon-before-method-body -index-store-path /Users/khanghnguyen/Library/Developer/Xcode/DerivedData/Wishie-gavmeupfwiyxzhaiqkwzocyeeixy/Index.noindex/DataStore @/Users/khanghnguyen/Library/Developer/Xcode/DerivedData/Wishie-gavmeupfwiyxzhaiqkwzocyeeixy/Build/Intermediates.noindex/SDWebImage.build/Debug-iphoneos/SDWebImage.build/Objects-normal/arm64/e6072d4f65d7061329687fe24e3d63a7-common-args.resp -include /Users/khanghnguyen/Library/Developer/Xcode/DerivedData/Wishie-gavmeupfwiyxzhaiqkwzocyeeixy/Build/Intermediates.noindex/SDWebImage.build/Debug-iphoneos/SDWebImage.build/DerivedSources/resource_bundle_accessor.h -MMD -MT dependencies -MF /Users/khanghnguyen/Library/Developer/Xcode/DerivedData/Wishie-gavmeupfwiyxzhaiqkwzocyeeixy/Build/Intermediates.noindex/SDWebImage.build/Debug-iphoneos/SDWebImage.build/Objects-normal/arm64/UIImage+MultiFormat.d --serialize-diagnostics /Users/khanghnguyen/Library/Developer/Xcode/DerivedData/Wishie-gavmeupfwiyxzhaiqkwzocyeeixy/Build/Intermediates.noindex/SDWebImage.build/Debug-iphoneos/SDWebImage.build/Objects-normal/arm64/UIImage+MultiFormat.dia -c /Users/khanghnguyen/Library/Developer/Xcode/DerivedData/Wishie-gavmeupfwiyxzhaiqkwzocyeeixy/SourcePackages/checkouts/SDWebImage/SDWebImage/Core/UIImage+MultiFormat.m -o /Users/khanghnguyen/Library/Developer/Xcode/DerivedData/Wishie-gavmeupfwiyxzhaiqkwzocyeeixy/Build/Intermediates.noindex/SDWebImage.build/Debug-iphoneos/SDWebImage.build/Objects-normal/arm64/UIImage+MultiFormat.o -index-unit-output-path /SDWebImage.build/Debug-iphoneos/SDWebImage.build/Objects-normal/arm64/UIImage+MultiFormat.o

ScanDependencies /Users/khanghnguyen/Library/Developer/Xcode/DerivedData/Wishie-gavmeupfwiyxzhaiqkwzocyeeixy/Build/Intermediates.noindex/SDWebImage.build/Debug-iphoneos/SDWebImage.build/Objects-normal/arm64/UIImage+Metadata.o /Users/khanghnguyen/Library/Developer/Xcode/DerivedData/Wishie-gavmeupfwiyxzhaiqkwzocyeeixy/SourcePackages/checkouts/SDWebImage/SDWebImage/Core/UIImage+Metadata.m normal arm64 objective-c com.apple.compilers.llvm.clang.1_0.compiler (in target 'SDWebImage' from project 'SDWebImage')
    cd /Users/khanghnguyen/Downloads/Wishie/Wishie.xcodeproj
    
    Using response file: /Users/khanghnguyen/Library/Developer/Xcode/DerivedData/Wishie-gavmeupfwiyxzhaiqkwzocyeeixy/Build/Intermediates.noindex/SDWebImage.build/Debug-iphoneos/SDWebImage.build/Objects-normal/arm64/e6072d4f65d7061329687fe24e3d63a7-common-args.resp
    
    builtin-ScanDependencies -o /Users/khanghnguyen/Library/Developer/Xcode/DerivedData/Wishie-gavmeupfwiyxzhaiqkwzocyeeixy/Build/Intermediates.noindex/SDWebImage.build/Debug-iphoneos/SDWebImage.build/Objects-normal/arm64/UIImage+Metadata.o.scan -- /Applications/Xcode.app/Contents/Developer/Toolchains/XcodeDefault.xctoolchain/usr/bin/clang -x objective-c -ivfsstatcache /Users/khanghnguyen/Library/Developer/Xcode/DerivedData/SDKStatCaches.noindex/iphoneos26.2-23C57-3794476bd08197c3e2abd9bb477ef7f7.sdkstatcache -fmessage-length\=0 -fdiagnostics-show-note-include-stack -fmacro-backtrace-limit\=0 -fno-color-diagnostics -fmodules-prune-interval\=86400 -fmodules-prune-after\=345600 -fbuild-session-file\=/Users/khanghnguyen/Library/Developer/Xcode/DerivedData/ModuleCache.noindex/Session.modulevalidation -fmodules-validate-once-per-build-session -Wnon-modular-include-in-framework-module -Werror\=non-modular-include-in-framework-module -Wno-trigraphs -Wno-missing-field-initializers -Wno-missing-prototypes -Wno-return-type -Wno-implicit-atomic-properties -Wno-objc-interface-ivars -Wno-arc-repeated-use-of-weak -Wno-missing-braces -Wparentheses -Wswitch -Wno-unused-function -Wno-unused-label -Wno-unused-parameter -Wno-unused-variable -Wunused-value -Wno-empty-body -Wno-uninitialized -Wno-unknown-pragmas -w -Wno-shadow -Wno-four-char-constants -Wno-conversion -Wno-constant-conversion -Wno-int-conversion -Wno-bool-conversion -Wno-enum-conversion -Wno-float-conversion -Wno-non-literal-null-conversion -Wno-objc-literal-conversion -Wshorten-64-to-32 -Wpointer-sign -Wno-newline-eof -Wno-selector -Wno-strict-selector-match -Wno-undeclared-selector -Wno-deprecated-implementations -Wno-implicit-fallthrough -fstrict-aliasing -Wprotocol -Wdeprecated-declarations -Wno-sign-conversion -Wno-infinite-recursion -Wno-comma -Wno-block-capture-autoreleasing -Wno-strict-prototypes -Wno-semicolon-before-method-body -index-store-path /Users/khanghnguyen/Library/Developer/Xcode/DerivedData/Wishie-gavmeupfwiyxzhaiqkwzocyeeixy/Index.noindex/DataStore @/Users/khanghnguyen/Library/Developer/Xcode/DerivedData/Wishie-gavmeupfwiyxzhaiqkwzocyeeixy/Build/Intermediates.noindex/SDWebImage.build/Debug-iphoneos/SDWebImage.build/Objects-normal/arm64/e6072d4f65d7061329687fe24e3d63a7-common-args.resp -include /Users/khanghnguyen/Library/Developer/Xcode/DerivedData/Wishie-gavmeupfwiyxzhaiqkwzocyeeixy/Build/Intermediates.noindex/SDWebImage.build/Debug-iphoneos/SDWebImage.build/DerivedSources/resource_bundle_accessor.h -MMD -MT dependencies -MF /Users/khanghnguyen/Library/Developer/Xcode/DerivedData/Wishie-gavmeupfwiyxzhaiqkwzocyeeixy/Build/Intermediates.noindex/SDWebImage.build/Debug-iphoneos/SDWebImage.build/Objects-normal/arm64/UIImage+Metadata.d --serialize-diagnostics /Users/khanghnguyen/Library/Developer/Xcode/DerivedData/Wishie-gavmeupfwiyxzhaiqkwzocyeeixy/Build/Intermediates.noindex/SDWebImage.build/Debug-iphoneos/SDWebImage.build/Objects-normal/arm64/UIImage+Metadata.dia -c /Users/khanghnguyen/Library/Developer/Xcode/DerivedData/Wishie-gavmeupfwiyxzhaiqkwzocyeeixy/SourcePackages/checkouts/SDWebImage/SDWebImage/Core/UIImage+Metadata.m -o /Users/khanghnguyen/Library/Developer/Xcode/DerivedData/Wishie-gavmeupfwiyxzhaiqkwzocyeeixy/Build/Intermediates.noindex/SDWebImage.build/Debug-iphoneos/SDWebImage.build/Objects-normal/arm64/UIImage+Metadata.o -index-unit-output-path /SDWebImage.build/Debug-iphoneos/SDWebImage.build/Objects-normal/arm64/UIImage+Metadata.o

PrecompileModule /Users/khanghnguyen/Library/Developer/Xcode/DerivedData/Wishie-gavmeupfwiyxzhaiqkwzocyeeixy/Build/Intermediates.noindex/ExplicitPrecompiledModules/_DarwinFoundation2-EGDVMIX0GHUDSJE79VE85B3I0.scan
    cd /
    builtin-precompileModule /Users/khanghnguyen/Library/Developer/Xcode/DerivedData/Wishie-gavmeupfwiyxzhaiqkwzocyeeixy/Build/Intermediates.noindex/ExplicitPrecompiledModules/_DarwinFoundation2-EGDVMIX0GHUDSJE79VE85B3I0.scan

PrecompileModule /Users/khanghnguyen/Library/Developer/Xcode/DerivedData/Wishie-gavmeupfwiyxzhaiqkwzocyeeixy/Build/Intermediates.noindex/ExplicitPrecompiledModules/_Builtin_stdint-SPYST9CQYB90H5HDC3KYOUM6.scan
    cd /
    builtin-precompileModule /Users/khanghnguyen/Library/Developer/Xcode/DerivedData/Wishie-gavmeupfwiyxzhaiqkwzocyeeixy/Build/Intermediates.noindex/ExplicitPrecompiledModules/_Builtin_stdint-SPYST9CQYB90H5HDC3KYOUM6.scan

PrecompileModule /Users/khanghnguyen/Library/Developer/Xcode/DerivedData/Wishie-gavmeupfwiyxzhaiqkwzocyeeixy/Build/Intermediates.noindex/ExplicitPrecompiledModules/_Builtin_limits-B7HOXE1OZU9SM1SQKHISXH7RA.scan
    cd /
    builtin-precompileModule /Users/khanghnguyen/Library/Developer/Xcode/DerivedData/Wishie-gavmeupfwiyxzhaiqkwzocyeeixy/Build/Intermediates.noindex/ExplicitPrecompiledModules/_Builtin_limits-B7HOXE1OZU9SM1SQKHISXH7RA.scan

ScanDependencies /Users/khanghnguyen/Library/Developer/Xcode/DerivedData/Wishie-gavmeupfwiyxzhaiqkwzocyeeixy/Build/Intermediates.noindex/SDWebImage.build/Debug-iphoneos/SDWebImage.build/Objects-normal/arm64/UIImage+MemoryCacheCost.o /Users/khanghnguyen/Library/Developer/Xcode/DerivedData/Wishie-gavmeupfwiyxzhaiqkwzocyeeixy/SourcePackages/checkouts/SDWebImage/SDWebImage/Core/UIImage+MemoryCacheCost.m normal arm64 objective-c com.apple.compilers.llvm.clang.1_0.compiler (in target 'SDWebImage' from project 'SDWebImage')
    cd /Users/khanghnguyen/Downloads/Wishie/Wishie.xcodeproj
    
    Using response file: /Users/khanghnguyen/Library/Developer/Xcode/DerivedData/Wishie-gavmeupfwiyxzhaiqkwzocyeeixy/Build/Intermediates.noindex/SDWebImage.build/Debug-iphoneos/SDWebImage.build/Objects-normal/arm64/e6072d4f65d7061329687fe24e3d63a7-common-args.resp
    
    builtin-ScanDependencies -o /Users/khanghnguyen/Library/Developer/Xcode/DerivedData/Wishie-gavmeupfwiyxzhaiqkwzocyeeixy/Build/Intermediates.noindex/SDWebImage.build/Debug-iphoneos/SDWebImage.build/Objects-normal/arm64/UIImage+MemoryCacheCost.o.scan -- /Applications/Xcode.app/Contents/Developer/Toolchains/XcodeDefault.xctoolchain/usr/bin/clang -x objective-c -ivfsstatcache /Users/khanghnguyen/Library/Developer/Xcode/DerivedData/SDKStatCaches.noindex/iphoneos26.2-23C57-3794476bd08197c3e2abd9bb477ef7f7.sdkstatcache -fmessage-length\=0 -fdiagnostics-show-note-include-stack -fmacro-backtrace-limit\=0 -fno-color-diagnostics -fmodules-prune-interval\=86400 -fmodules-prune-after\=345600 -fbuild-session-file\=/Users/khanghnguyen/Library/Developer/Xcode/DerivedData/ModuleCache.noindex/Session.modulevalidation -fmodules-validate-once-per-build-session -Wnon-modular-include-in-framework-module -Werror\=non-modular-include-in-framework-module -Wno-trigraphs -Wno-missing-field-initializers -Wno-missing-prototypes -Wno-return-type -Wno-implicit-atomic-properties -Wno-objc-interface-ivars -Wno-arc-repeated-use-of-weak -Wno-missing-braces -Wparentheses -Wswitch -Wno-unused-function -Wno-unused-label -Wno-unused-parameter -Wno-unused-variable -Wunused-value -Wno-empty-body -Wno-uninitialized -Wno-unknown-pragmas -w -Wno-shadow -Wno-four-char-constants -Wno-conversion -Wno-constant-conversion -Wno-int-conversion -Wno-bool-conversion -Wno-enum-conversion -Wno-float-conversion -Wno-non-literal-null-conversion -Wno-objc-literal-conversion -Wshorten-64-to-32 -Wpointer-sign -Wno-newline-eof -Wno-selector -Wno-strict-selector-match -Wno-undeclared-selector -Wno-deprecated-implementations -Wno-implicit-fallthrough -fstrict-aliasing -Wprotocol -Wdeprecated-declarations -Wno-sign-conversion -Wno-infinite-recursion -Wno-comma -Wno-block-capture-autoreleasing -Wno-strict-prototypes -Wno-semicolon-before-method-body -index-store-path /Users/khanghnguyen/Library/Developer/Xcode/DerivedData/Wishie-gavmeupfwiyxzhaiqkwzocyeeixy/Index.noindex/DataStore @/Users/khanghnguyen/Library/Developer/Xcode/DerivedData/Wishie-gavmeupfwiyxzhaiqkwzocyeeixy/Build/Intermediates.noindex/SDWebImage.build/Debug-iphoneos/SDWebImage.build/Objects-normal/arm64/e6072d4f65d7061329687fe24e3d63a7-common-args.resp -include /Users/khanghnguyen/Library/Developer/Xcode/DerivedData/Wishie-gavmeupfwiyxzhaiqkwzocyeeixy/Build/Intermediates.noindex/SDWebImage.build/Debug-iphoneos/SDWebImage.build/DerivedSources/resource_bundle_accessor.h -MMD -MT dependencies -MF /Users/khanghnguyen/Library/Developer/Xcode/DerivedData/Wishie-gavmeupfwiyxzhaiqkwzocyeeixy/Build/Intermediates.noindex/SDWebImage.build/Debug-iphoneos/SDWebImage.build/Objects-normal/arm64/UIImage+MemoryCacheCost.d --serialize-diagnostics /Users/khanghnguyen/Library/Developer/Xcode/DerivedData/Wishie-gavmeupfwiyxzhaiqkwzocyeeixy/Build/Intermediates.noindex/SDWebImage.build/Debug-iphoneos/SDWebImage.build/Objects-normal/arm64/UIImage+MemoryCacheCost.dia -c /Users/khanghnguyen/Library/Developer/Xcode/DerivedData/Wishie-gavmeupfwiyxzhaiqkwzocyeeixy/SourcePackages/checkouts/SDWebImage/SDWebImage/Core/UIImage+MemoryCacheCost.m -o /Users/khanghnguyen/Library/Developer/Xcode/DerivedData/Wishie-gavmeupfwiyxzhaiqkwzocyeeixy/Build/Intermediates.noindex/SDWebImage.build/Debug-iphoneos/SDWebImage.build/Objects-normal/arm64/UIImage+MemoryCacheCost.o -index-unit-output-path /SDWebImage.build/Debug-iphoneos/SDWebImage.build/Objects-normal/arm64/UIImage+MemoryCacheCost.o

ScanDependencies /Users/khanghnguyen/Library/Developer/Xcode/DerivedData/Wishie-gavmeupfwiyxzhaiqkwzocyeeixy/Build/Intermediates.noindex/SDWebImage.build/Debug-iphoneos/SDWebImage.build/Objects-normal/arm64/UIImage+GIF.o /Users/khanghnguyen/Library/Developer/Xcode/DerivedData/Wishie-gavmeupfwiyxzhaiqkwzocyeeixy/SourcePackages/checkouts/SDWebImage/SDWebImage/Core/UIImage+GIF.m normal arm64 objective-c com.apple.compilers.llvm.clang.1_0.compiler (in target 'SDWebImage' from project 'SDWebImage')
    cd /Users/khanghnguyen/Downloads/Wishie/Wishie.xcodeproj
    
    Using response file: /Users/khanghnguyen/Library/Developer/Xcode/DerivedData/Wishie-gavmeupfwiyxzhaiqkwzocyeeixy/Build/Intermediates.noindex/SDWebImage.build/Debug-iphoneos/SDWebImage.build/Objects-normal/arm64/e6072d4f65d7061329687fe24e3d63a7-common-args.resp
    
    builtin-ScanDependencies -o /Users/khanghnguyen/Library/Developer/Xcode/DerivedData/Wishie-gavmeupfwiyxzhaiqkwzocyeeixy/Build/Intermediates.noindex/SDWebImage.build/Debug-iphoneos/SDWebImage.build/Objects-normal/arm64/UIImage+GIF.o.scan -- /Applications/Xcode.app/Contents/Developer/Toolchains/XcodeDefault.xctoolchain/usr/bin/clang -x objective-c -ivfsstatcache /Users/khanghnguyen/Library/Developer/Xcode/DerivedData/SDKStatCaches.noindex/iphoneos26.2-23C57-3794476bd08197c3e2abd9bb477ef7f7.sdkstatcache -fmessage-length\=0 -fdiagnostics-show-note-include-stack -fmacro-backtrace-limit\=0 -fno-color-diagnostics -fmodules-prune-interval\=86400 -fmodules-prune-after\=345600 -fbuild-session-file\=/Users/khanghnguyen/Library/Developer/Xcode/DerivedData/ModuleCache.noindex/Session.modulevalidation -fmodules-validate-once-per-build-session -Wnon-modular-include-in-framework-module -Werror\=non-modular-include-in-framework-module -Wno-trigraphs -Wno-missing-field-initializers -Wno-missing-prototypes -Wno-return-type -Wno-implicit-atomic-properties -Wno-objc-interface-ivars -Wno-arc-repeated-use-of-weak -Wno-missing-braces -Wparentheses -Wswitch -Wno-unused-function -Wno-unused-label -Wno-unused-parameter -Wno-unused-variable -Wunused-value -Wno-empty-body -Wno-uninitialized -Wno-unknown-pragmas -w -Wno-shadow -Wno-four-char-constants -Wno-conversion -Wno-constant-conversion -Wno-int-conversion -Wno-bool-conversion -Wno-enum-conversion -Wno-float-conversion -Wno-non-literal-null-conversion -Wno-objc-literal-conversion -Wshorten-64-to-32 -Wpointer-sign -Wno-newline-eof -Wno-selector -Wno-strict-selector-match -Wno-undeclared-selector -Wno-deprecated-implementations -Wno-implicit-fallthrough -fstrict-aliasing -Wprotocol -Wdeprecated-declarations -Wno-sign-conversion -Wno-infinite-recursion -Wno-comma -Wno-block-capture-autoreleasing -Wno-strict-prototypes -Wno-semicolon-before-method-body -index-store-path /Users/khanghnguyen/Library/Developer/Xcode/DerivedData/Wishie-gavmeupfwiyxzhaiqkwzocyeeixy/Index.noindex/DataStore @/Users/khanghnguyen/Library/Developer/Xcode/DerivedData/Wishie-gavmeupfwiyxzhaiqkwzocyeeixy/Build/Intermediates.noindex/SDWebImage.build/Debug-iphoneos/SDWebImage.build/Objects-normal/arm64/e6072d4f65d7061329687fe24e3d63a7-common-args.resp -include /Users/khanghnguyen/Library/Developer/Xcode/DerivedData/Wishie-gavmeupfwiyxzhaiqkwzocyeeixy/Build/Intermediates.noindex/SDWebImage.build/Debug-iphoneos/SDWebImage.build/DerivedSources/resource_bundle_accessor.h -MMD -MT dependencies -MF /Users/khanghnguyen/Library/Developer/Xcode/DerivedData/Wishie-gavmeupfwiyxzhaiqkwzocyeeixy/Build/Intermediates.noindex/SDWebImage.build/Debug-iphoneos/SDWebImage.build/Objects-normal/arm64/UIImage+GIF.d --serialize-diagnostics /Users/khanghnguyen/Library/Developer/Xcode/DerivedData/Wishie-gavmeupfwiyxzhaiqkwzocyeeixy/Build/Intermediates.noindex/SDWebImage.build/Debug-iphoneos/SDWebImage.build/Objects-normal/arm64/UIImage+GIF.dia -c /Users/khanghnguyen/Library/Developer/Xcode/DerivedData/Wishie-gavmeupfwiyxzhaiqkwzocyeeixy/SourcePackages/checkouts/SDWebImage/SDWebImage/Core/UIImage+GIF.m -o /Users/khanghnguyen/Library/Developer/Xcode/DerivedData/Wishie-gavmeupfwiyxzhaiqkwzocyeeixy/Build/Intermediates.noindex/SDWebImage.build/Debug-iphoneos/SDWebImage.build/Objects-normal/arm64/UIImage+GIF.o -index-unit-output-path /SDWebImage.build/Debug-iphoneos/SDWebImage.build/Objects-normal/arm64/UIImage+GIF.o

ScanDependencies /Users/khanghnguyen/Library/Developer/Xcode/DerivedData/Wishie-gavmeupfwiyxzhaiqkwzocyeeixy/Build/Intermediates.noindex/SDWebImage.build/Debug-iphoneos/SDWebImage.build/Objects-normal/arm64/UIImage+ForceDecode.o /Users/khanghnguyen/Library/Developer/Xcode/DerivedData/Wishie-gavmeupfwiyxzhaiqkwzocyeeixy/SourcePackages/checkouts/SDWebImage/SDWebImage/Core/UIImage+ForceDecode.m normal arm64 objective-c com.apple.compilers.llvm.clang.1_0.compiler (in target 'SDWebImage' from project 'SDWebImage')
    cd /Users/khanghnguyen/Downloads/Wishie/Wishie.xcodeproj
    
    Using response file: /Users/khanghnguyen/Library/Developer/Xcode/DerivedData/Wishie-gavmeupfwiyxzhaiqkwzocyeeixy/Build/Intermediates.noindex/SDWebImage.build/Debug-iphoneos/SDWebImage.build/Objects-normal/arm64/e6072d4f65d7061329687fe24e3d63a7-common-args.resp
    
    builtin-ScanDependencies -o /Users/khanghnguyen/Library/Developer/Xcode/DerivedData/Wishie-gavmeupfwiyxzhaiqkwzocyeeixy/Build/Intermediates.noindex/SDWebImage.build/Debug-iphoneos/SDWebImage.build/Objects-normal/arm64/UIImage+ForceDecode.o.scan -- /Applications/Xcode.app/Contents/Developer/Toolchains/XcodeDefault.xctoolchain/usr/bin/clang -x objective-c -ivfsstatcache /Users/khanghnguyen/Library/Developer/Xcode/DerivedData/SDKStatCaches.noindex/iphoneos26.2-23C57-3794476bd08197c3e2abd9bb477ef7f7.sdkstatcache -fmessage-length\=0 -fdiagnostics-show-note-include-stack -fmacro-backtrace-limit\=0 -fno-color-diagnostics -fmodules-prune-interval\=86400 -fmodules-prune-after\=345600 -fbuild-session-file\=/Users/khanghnguyen/Library/Developer/Xcode/DerivedData/ModuleCache.noindex/Session.modulevalidation -fmodules-validate-once-per-build-session -Wnon-modular-include-in-framework-module -Werror\=non-modular-include-in-framework-module -Wno-trigraphs -Wno-missing-field-initializers -Wno-missing-prototypes -Wno-return-type -Wno-implicit-atomic-properties -Wno-objc-interface-ivars -Wno-arc-repeated-use-of-weak -Wno-missing-braces -Wparentheses -Wswitch -Wno-unused-function -Wno-unused-label -Wno-unused-parameter -Wno-unused-variable -Wunused-value -Wno-empty-body -Wno-uninitialized -Wno-unknown-pragmas -w -Wno-shadow -Wno-four-char-constants -Wno-conversion -Wno-constant-conversion -Wno-int-conversion -Wno-bool-conversion -Wno-enum-conversion -Wno-float-conversion -Wno-non-literal-null-conversion -Wno-objc-literal-conversion -Wshorten-64-to-32 -Wpointer-sign -Wno-newline-eof -Wno-selector -Wno-strict-selector-match -Wno-undeclared-selector -Wno-deprecated-implementations -Wno-implicit-fallthrough -fstrict-aliasing -Wprotocol -Wdeprecated-declarations -Wno-sign-conversion -Wno-infinite-recursion -Wno-comma -Wno-block-capture-autoreleasing -Wno-strict-prototypes -Wno-semicolon-before-method-body -index-store-path /Users/khanghnguyen/Library/Developer/Xcode/DerivedData/Wishie-gavmeupfwiyxzhaiqkwzocyeeixy/Index.noindex/DataStore @/Users/khanghnguyen/Library/Developer/Xcode/DerivedData/Wishie-gavmeupfwiyxzhaiqkwzocyeeixy/Build/Intermediates.noindex/SDWebImage.build/Debug-iphoneos/SDWebImage.build/Objects-normal/arm64/e6072d4f65d7061329687fe24e3d63a7-common-args.resp -include /Users/khanghnguyen/Library/Developer/Xcode/DerivedData/Wishie-gavmeupfwiyxzhaiqkwzocyeeixy/Build/Intermediates.noindex/SDWebImage.build/Debug-iphoneos/SDWebImage.build/DerivedSources/resource_bundle_accessor.h -MMD -MT dependencies -MF /Users/khanghnguyen/Library/Developer/Xcode/DerivedData/Wishie-gavmeupfwiyxzhaiqkwzocyeeixy/Build/Intermediates.noindex/SDWebImage.build/Debug-iphoneos/SDWebImage.build/Objects-normal/arm64/UIImage+ForceDecode.d --serialize-diagnostics /Users/khanghnguyen/Library/Developer/Xcode/DerivedData/Wishie-gavmeupfwiyxzhaiqkwzocyeeixy/Build/Intermediates.noindex/SDWebImage.build/Debug-iphoneos/SDWebImage.build/Objects-normal/arm64/UIImage+ForceDecode.dia -c /Users/khanghnguyen/Library/Developer/Xcode/DerivedData/Wishie-gavmeupfwiyxzhaiqkwzocyeeixy/SourcePackages/checkouts/SDWebImage/SDWebImage/Core/UIImage+ForceDecode.m -o /Users/khanghnguyen/Library/Developer/Xcode/DerivedData/Wishie-gavmeupfwiyxzhaiqkwzocyeeixy/Build/Intermediates.noindex/SDWebImage.build/Debug-iphoneos/SDWebImage.build/Objects-normal/arm64/UIImage+ForceDecode.o -index-unit-output-path /SDWebImage.build/Debug-iphoneos/SDWebImage.build/Objects-normal/arm64/UIImage+ForceDecode.o

PrecompileModule /Users/khanghnguyen/Library/Developer/Xcode/DerivedData/Wishie-gavmeupfwiyxzhaiqkwzocyeeixy/Build/Intermediates.noindex/ExplicitPrecompiledModules/_DarwinFoundation3-AV8DDJP8V2EDEHHY65NLQTN8B.scan
    cd /
    builtin-precompileModule /Users/khanghnguyen/Library/Developer/Xcode/DerivedData/Wishie-gavmeupfwiyxzhaiqkwzocyeeixy/Build/Intermediates.noindex/ExplicitPrecompiledModules/_DarwinFoundation3-AV8DDJP8V2EDEHHY65NLQTN8B.scan

PrecompileModule /Users/khanghnguyen/Library/Developer/Xcode/DerivedData/Wishie-gavmeupfwiyxzhaiqkwzocyeeixy/Build/Intermediates.noindex/ExplicitPrecompiledModules/_Builtin_stdatomic-9KFAZ4YAX5K1A6PV9UEWCFSM9.scan
    cd /
    builtin-precompileModule /Users/khanghnguyen/Library/Developer/Xcode/DerivedData/Wishie-gavmeupfwiyxzhaiqkwzocyeeixy/Build/Intermediates.noindex/ExplicitPrecompiledModules/_Builtin_stdatomic-9KFAZ4YAX5K1A6PV9UEWCFSM9.scan

ScanDependencies /Users/khanghnguyen/Library/Developer/Xcode/DerivedData/Wishie-gavmeupfwiyxzhaiqkwzocyeeixy/Build/Intermediates.noindex/SDWebImage.build/Debug-iphoneos/SDWebImage.build/Objects-normal/arm64/UIImage+ExtendedCacheData.o /Users/khanghnguyen/Library/Developer/Xcode/DerivedData/Wishie-gavmeupfwiyxzhaiqkwzocyeeixy/SourcePackages/checkouts/SDWebImage/SDWebImage/Core/UIImage+ExtendedCacheData.m normal arm64 objective-c com.apple.compilers.llvm.clang.1_0.compiler (in target 'SDWebImage' from project 'SDWebImage')
    cd /Users/khanghnguyen/Downloads/Wishie/Wishie.xcodeproj
    
    Using response file: /Users/khanghnguyen/Library/Developer/Xcode/DerivedData/Wishie-gavmeupfwiyxzhaiqkwzocyeeixy/Build/Intermediates.noindex/SDWebImage.build/Debug-iphoneos/SDWebImage.build/Objects-normal/arm64/e6072d4f65d7061329687fe24e3d63a7-common-args.resp
    
    builtin-ScanDependencies -o /Users/khanghnguyen/Library/Developer/Xcode/DerivedData/Wishie-gavmeupfwiyxzhaiqkwzocyeeixy/Build/Intermediates.noindex/SDWebImage.build/Debug-iphoneos/SDWebImage.build/Objects-normal/arm64/UIImage+ExtendedCacheData.o.scan -- /Applications/Xcode.app/Contents/Developer/Toolchains/XcodeDefault.xctoolchain/usr/bin/clang -x objective-c -ivfsstatcache /Users/khanghnguyen/Library/Developer/Xcode/DerivedData/SDKStatCaches.noindex/iphoneos26.2-23C57-3794476bd08197c3e2abd9bb477ef7f7.sdkstatcache -fmessage-length\=0 -fdiagnostics-show-note-include-stack -fmacro-backtrace-limit\=0 -fno-color-diagnostics -fmodules-prune-interval\=86400 -fmodules-prune-after\=345600 -fbuild-session-file\=/Users/khanghnguyen/Library/Developer/Xcode/DerivedData/ModuleCache.noindex/Session.modulevalidation -fmodules-validate-once-per-build-session -Wnon-modular-include-in-framework-module -Werror\=non-modular-include-in-framework-module -Wno-trigraphs -Wno-missing-field-initializers -Wno-missing-prototypes -Wno-return-type -Wno-implicit-atomic-properties -Wno-objc-interface-ivars -Wno-arc-repeated-use-of-weak -Wno-missing-braces -Wparentheses -Wswitch -Wno-unused-function -Wno-unused-label -Wno-unused-parameter -Wno-unused-variable -Wunused-value -Wno-empty-body -Wno-uninitialized -Wno-unknown-pragmas -w -Wno-shadow -Wno-four-char-constants -Wno-conversion -Wno-constant-conversion -Wno-int-conversion -Wno-bool-conversion -Wno-enum-conversion -Wno-float-conversion -Wno-non-literal-null-conversion -Wno-objc-literal-conversion -Wshorten-64-to-32 -Wpointer-sign -Wno-newline-eof -Wno-selector -Wno-strict-selector-match -Wno-undeclared-selector -Wno-deprecated-implementations -Wno-implicit-fallthrough -fstrict-aliasing -Wprotocol -Wdeprecated-declarations -Wno-sign-conversion -Wno-infinite-recursion -Wno-comma -Wno-block-capture-autoreleasing -Wno-strict-prototypes -Wno-semicolon-before-method-body -index-store-path /Users/khanghnguyen/Library/Developer/Xcode/DerivedData/Wishie-gavmeupfwiyxzhaiqkwzocyeeixy/Index.noindex/DataStore @/Users/khanghnguyen/Library/Developer/Xcode/DerivedData/Wishie-gavmeupfwiyxzhaiqkwzocyeeixy/Build/Intermediates.noindex/SDWebImage.build/Debug-iphoneos/SDWebImage.build/Objects-normal/arm64/e6072d4f65d7061329687fe24e3d63a7-common-args.resp -include /Users/khanghnguyen/Library/Developer/Xcode/DerivedData/Wishie-gavmeupfwiyxzhaiqkwzocyeeixy/Build/Intermediates.noindex/SDWebImage.build/Debug-iphoneos/SDWebImage.build/DerivedSources/resource_bundle_accessor.h -MMD -MT dependencies -MF /Users/khanghnguyen/Library/Developer/Xcode/DerivedData/Wishie-gavmeupfwiyxzhaiqkwzocyeeixy/Build/Intermediates.noindex/SDWebImage.build/Debug-iphoneos/SDWebImage.build/Objects-normal/arm64/UIImage+ExtendedCacheData.d --serialize-diagnostics /Users/khanghnguyen/Library/Developer/Xcode/DerivedData/Wishie-gavmeupfwiyxzhaiqkwzocyeeixy/Build/Intermediates.noindex/SDWebImage.build/Debug-iphoneos/SDWebImage.build/Objects-normal/arm64/UIImage+ExtendedCacheData.dia -c /Users/khanghnguyen/Library/Developer/Xcode/DerivedData/Wishie-gavmeupfwiyxzhaiqkwzocyeeixy/SourcePackages/checkouts/SDWebImage/SDWebImage/Core/UIImage+ExtendedCacheData.m -o /Users/khanghnguyen/Library/Developer/Xcode/DerivedData/Wishie-gavmeupfwiyxzhaiqkwzocyeeixy/Build/Intermediates.noindex/SDWebImage.build/Debug-iphoneos/SDWebImage.build/Objects-normal/arm64/UIImage+ExtendedCacheData.o -index-unit-output-path /SDWebImage.build/Debug-iphoneos/SDWebImage.build/Objects-normal/arm64/UIImage+ExtendedCacheData.o

ScanDependencies /Users/khanghnguyen/Library/Developer/Xcode/DerivedData/Wishie-gavmeupfwiyxzhaiqkwzocyeeixy/Build/Intermediates.noindex/SDWebImage.build/Debug-iphoneos/SDWebImage.build/Objects-normal/arm64/UIColor+SDHexString.o /Users/khanghnguyen/Library/Developer/Xcode/DerivedData/Wishie-gavmeupfwiyxzhaiqkwzocyeeixy/SourcePackages/checkouts/SDWebImage/SDWebImage/Private/UIColor+SDHexString.m normal arm64 objective-c com.apple.compilers.llvm.clang.1_0.compiler (in target 'SDWebImage' from project 'SDWebImage')
    cd /Users/khanghnguyen/Downloads/Wishie/Wishie.xcodeproj
    
    Using response file: /Users/khanghnguyen/Library/Developer/Xcode/DerivedData/Wishie-gavmeupfwiyxzhaiqkwzocyeeixy/Build/Intermediates.noindex/SDWebImage.build/Debug-iphoneos/SDWebImage.build/Objects-normal/arm64/e6072d4f65d7061329687fe24e3d63a7-common-args.resp
    
    builtin-ScanDependencies -o /Users/khanghnguyen/Library/Developer/Xcode/DerivedData/Wishie-gavmeupfwiyxzhaiqkwzocyeeixy/Build/Intermediates.noindex/SDWebImage.build/Debug-iphoneos/SDWebImage.build/Objects-normal/arm64/UIColor+SDHexString.o.scan -- /Applications/Xcode.app/Contents/Developer/Toolchains/XcodeDefault.xctoolchain/usr/bin/clang -x objective-c -ivfsstatcache /Users/khanghnguyen/Library/Developer/Xcode/DerivedData/SDKStatCaches.noindex/iphoneos26.2-23C57-3794476bd08197c3e2abd9bb477ef7f7.sdkstatcache -fmessage-length\=0 -fdiagnostics-show-note-include-stack -fmacro-backtrace-limit\=0 -fno-color-diagnostics -fmodules-prune-interval\=86400 -fmodules-prune-after\=345600 -fbuild-session-file\=/Users/khanghnguyen/Library/Developer/Xcode/DerivedData/ModuleCache.noindex/Session.modulevalidation -fmodules-validate-once-per-build-session -Wnon-modular-include-in-framework-module -Werror\=non-modular-include-in-framework-module -Wno-trigraphs -Wno-missing-field-initializers -Wno-missing-prototypes -Wno-return-type -Wno-implicit-atomic-properties -Wno-objc-interface-ivars -Wno-arc-repeated-use-of-weak -Wno-missing-braces -Wparentheses -Wswitch -Wno-unused-function -Wno-unused-label -Wno-unused-parameter -Wno-unused-variable -Wunused-value -Wno-empty-body -Wno-uninitialized -Wno-unknown-pragmas -w -Wno-shadow -Wno-four-char-constants -Wno-conversion -Wno-constant-conversion -Wno-int-conversion -Wno-bool-conversion -Wno-enum-conversion -Wno-float-conversion -Wno-non-literal-null-conversion -Wno-objc-literal-conversion -Wshorten-64-to-32 -Wpointer-sign -Wno-newline-eof -Wno-selector -Wno-strict-selector-match -Wno-undeclared-selector -Wno-deprecated-implementations -Wno-implicit-fallthrough -fstrict-aliasing -Wprotocol -Wdeprecated-declarations -Wno-sign-conversion -Wno-infinite-recursion -Wno-comma -Wno-block-capture-autoreleasing -Wno-strict-prototypes -Wno-semicolon-before-method-body -index-store-path /Users/khanghnguyen/Library/Developer/Xcode/DerivedData/Wishie-gavmeupfwiyxzhaiqkwzocyeeixy/Index.noindex/DataStore @/Users/khanghnguyen/Library/Developer/Xcode/DerivedData/Wishie-gavmeupfwiyxzhaiqkwzocyeeixy/Build/Intermediates.noindex/SDWebImage.build/Debug-iphoneos/SDWebImage.build/Objects-normal/arm64/e6072d4f65d7061329687fe24e3d63a7-common-args.resp -include /Users/khanghnguyen/Library/Developer/Xcode/DerivedData/Wishie-gavmeupfwiyxzhaiqkwzocyeeixy/Build/Intermediates.noindex/SDWebImage.build/Debug-iphoneos/SDWebImage.build/DerivedSources/resource_bundle_accessor.h -MMD -MT dependencies -MF /Users/khanghnguyen/Library/Developer/Xcode/DerivedData/Wishie-gavmeupfwiyxzhaiqkwzocyeeixy/Build/Intermediates.noindex/SDWebImage.build/Debug-iphoneos/SDWebImage.build/Objects-normal/arm64/UIColor+SDHexString.d --serialize-diagnostics /Users/khanghnguyen/Library/Developer/Xcode/DerivedData/Wishie-gavmeupfwiyxzhaiqkwzocyeeixy/Build/Intermediates.noindex/SDWebImage.build/Debug-iphoneos/SDWebImage.build/Objects-normal/arm64/UIColor+SDHexString.dia -c /Users/khanghnguyen/Library/Developer/Xcode/DerivedData/Wishie-gavmeupfwiyxzhaiqkwzocyeeixy/SourcePackages/checkouts/SDWebImage/SDWebImage/Private/UIColor+SDHexString.m -o /Users/khanghnguyen/Library/Developer/Xcode/DerivedData/Wishie-gavmeupfwiyxzhaiqkwzocyeeixy/Build/Intermediates.noindex/SDWebImage.build/Debug-iphoneos/SDWebImage.build/Objects-normal/arm64/UIColor+SDHexString.o -index-unit-output-path /SDWebImage.build/Debug-iphoneos/SDWebImage.build/Objects-normal/arm64/UIColor+SDHexString.o

ScanDependencies /Users/khanghnguyen/Library/Developer/Xcode/DerivedData/Wishie-gavmeupfwiyxzhaiqkwzocyeeixy/Build/Intermediates.noindex/SDWebImage.build/Debug-iphoneos/SDWebImage.build/Objects-normal/arm64/UIButton+WebCache.o /Users/khanghnguyen/Library/Developer/Xcode/DerivedData/Wishie-gavmeupfwiyxzhaiqkwzocyeeixy/SourcePackages/checkouts/SDWebImage/SDWebImage/Core/UIButton+WebCache.m normal arm64 objective-c com.apple.compilers.llvm.clang.1_0.compiler (in target 'SDWebImage' from project 'SDWebImage')
    cd /Users/khanghnguyen/Downloads/Wishie/Wishie.xcodeproj
    
    Using response file: /Users/khanghnguyen/Library/Developer/Xcode/DerivedData/Wishie-gavmeupfwiyxzhaiqkwzocyeeixy/Build/Intermediates.noindex/SDWebImage.build/Debug-iphoneos/SDWebImage.build/Objects-normal/arm64/e6072d4f65d7061329687fe24e3d63a7-common-args.resp
    
    builtin-ScanDependencies -o /Users/khanghnguyen/Library/Developer/Xcode/DerivedData/Wishie-gavmeupfwiyxzhaiqkwzocyeeixy/Build/Intermediates.noindex/SDWebImage.build/Debug-iphoneos/SDWebImage.build/Objects-normal/arm64/UIButton+WebCache.o.scan -- /Applications/Xcode.app/Contents/Developer/Toolchains/XcodeDefault.xctoolchain/usr/bin/clang -x objective-c -ivfsstatcache /Users/khanghnguyen/Library/Developer/Xcode/DerivedData/SDKStatCaches.noindex/iphoneos26.2-23C57-3794476bd08197c3e2abd9bb477ef7f7.sdkstatcache -fmessage-length\=0 -fdiagnostics-show-note-include-stack -fmacro-backtrace-limit\=0 -fno-color-diagnostics -fmodules-prune-interval\=86400 -fmodules-prune-after\=345600 -fbuild-session-file\=/Users/khanghnguyen/Library/Developer/Xcode/DerivedData/ModuleCache.noindex/Session.modulevalidation -fmodules-validate-once-per-build-session -Wnon-modular-include-in-framework-module -Werror\=non-modular-include-in-framework-module -Wno-trigraphs -Wno-missing-field-initializers -Wno-missing-prototypes -Wno-return-type -Wno-implicit-atomic-properties -Wno-objc-interface-ivars -Wno-arc-repeated-use-of-weak -Wno-missing-braces -Wparentheses -Wswitch -Wno-unused-function -Wno-unused-label -Wno-unused-parameter -Wno-unused-variable -Wunused-value -Wno-empty-body -Wno-uninitialized -Wno-unknown-pragmas -w -Wno-shadow -Wno-four-char-constants -Wno-conversion -Wno-constant-conversion -Wno-int-conversion -Wno-bool-conversion -Wno-enum-conversion -Wno-float-conversion -Wno-non-literal-null-conversion -Wno-objc-literal-conversion -Wshorten-64-to-32 -Wpointer-sign -Wno-newline-eof -Wno-selector -Wno-strict-selector-match -Wno-undeclared-selector -Wno-deprecated-implementations -Wno-implicit-fallthrough -fstrict-aliasing -Wprotocol -Wdeprecated-declarations -Wno-sign-conversion -Wno-infinite-recursion -Wno-comma -Wno-block-capture-autoreleasing -Wno-strict-prototypes -Wno-semicolon-before-method-body -index-store-path /Users/khanghnguyen/Library/Developer/Xcode/DerivedData/Wishie-gavmeupfwiyxzhaiqkwzocyeeixy/Index.noindex/DataStore @/Users/khanghnguyen/Library/Developer/Xcode/DerivedData/Wishie-gavmeupfwiyxzhaiqkwzocyeeixy/Build/Intermediates.noindex/SDWebImage.build/Debug-iphoneos/SDWebImage.build/Objects-normal/arm64/e6072d4f65d7061329687fe24e3d63a7-common-args.resp -include /Users/khanghnguyen/Library/Developer/Xcode/DerivedData/Wishie-gavmeupfwiyxzhaiqkwzocyeeixy/Build/Intermediates.noindex/SDWebImage.build/Debug-iphoneos/SDWebImage.build/DerivedSources/resource_bundle_accessor.h -MMD -MT dependencies -MF /Users/khanghnguyen/Library/Developer/Xcode/DerivedData/Wishie-gavmeupfwiyxzhaiqkwzocyeeixy/Build/Intermediates.noindex/SDWebImage.build/Debug-iphoneos/SDWebImage.build/Objects-normal/arm64/UIButton+WebCache.d --serialize-diagnostics /Users/khanghnguyen/Library/Developer/Xcode/DerivedData/Wishie-gavmeupfwiyxzhaiqkwzocyeeixy/Build/Intermediates.noindex/SDWebImage.build/Debug-iphoneos/SDWebImage.build/Objects-normal/arm64/UIButton+WebCache.dia -c /Users/khanghnguyen/Library/Developer/Xcode/DerivedData/Wishie-gavmeupfwiyxzhaiqkwzocyeeixy/SourcePackages/checkouts/SDWebImage/SDWebImage/Core/UIButton+WebCache.m -o /Users/khanghnguyen/Library/Developer/Xcode/DerivedData/Wishie-gavmeupfwiyxzhaiqkwzocyeeixy/Build/Intermediates.noindex/SDWebImage.build/Debug-iphoneos/SDWebImage.build/Objects-normal/arm64/UIButton+WebCache.o -index-unit-output-path /SDWebImage.build/Debug-iphoneos/SDWebImage.build/Objects-normal/arm64/UIButton+WebCache.o

PrecompileModule /Users/khanghnguyen/Library/Developer/Xcode/DerivedData/Wishie-gavmeupfwiyxzhaiqkwzocyeeixy/Build/Intermediates.noindex/ExplicitPrecompiledModules/MachO-8D8YSRIBD5AC37X4A8IVZD994.scan
    cd /
    builtin-precompileModule /Users/khanghnguyen/Library/Developer/Xcode/DerivedData/Wishie-gavmeupfwiyxzhaiqkwzocyeeixy/Build/Intermediates.noindex/ExplicitPrecompiledModules/MachO-8D8YSRIBD5AC37X4A8IVZD994.scan

PrecompileModule /Users/khanghnguyen/Library/Developer/Xcode/DerivedData/Wishie-gavmeupfwiyxzhaiqkwzocyeeixy/Build/Intermediates.noindex/ExplicitPrecompiledModules/_Builtin_stdint-8XQEV3M50JDFGXUT51AXVTH38.scan
    cd /
    builtin-precompileModule /Users/khanghnguyen/Library/Developer/Xcode/DerivedData/Wishie-gavmeupfwiyxzhaiqkwzocyeeixy/Build/Intermediates.noindex/ExplicitPrecompiledModules/_Builtin_stdint-8XQEV3M50JDFGXUT51AXVTH38.scan

PrecompileModule /Users/khanghnguyen/Library/Developer/Xcode/DerivedData/Wishie-gavmeupfwiyxzhaiqkwzocyeeixy/Build/Intermediates.noindex/ExplicitPrecompiledModules/_Builtin_stdint-7WA6OJZ7EAT4F22FGXQ9FHXA8.scan
    cd /
    builtin-precompileModule /Users/khanghnguyen/Library/Developer/Xcode/DerivedData/Wishie-gavmeupfwiyxzhaiqkwzocyeeixy/Build/Intermediates.noindex/ExplicitPrecompiledModules/_Builtin_stdint-7WA6OJZ7EAT4F22FGXQ9FHXA8.scan

PrecompileModule /Users/khanghnguyen/Library/Developer/Xcode/DerivedData/Wishie-gavmeupfwiyxzhaiqkwzocyeeixy/Build/Intermediates.noindex/ExplicitPrecompiledModules/ObjectiveC-6W74Z0DTFKN9P77Z0DU4Y5PGY.scan
    cd /
    builtin-precompileModule /Users/khanghnguyen/Library/Developer/Xcode/DerivedData/Wishie-gavmeupfwiyxzhaiqkwzocyeeixy/Build/Intermediates.noindex/ExplicitPrecompiledModules/ObjectiveC-6W74Z0DTFKN9P77Z0DU4Y5PGY.scan

ScanDependencies /Users/khanghnguyen/Library/Developer/Xcode/DerivedData/Wishie-gavmeupfwiyxzhaiqkwzocyeeixy/Build/Intermediates.noindex/SDWebImage.build/Debug-iphoneos/SDWebImage.build/Objects-normal/arm64/SDWebImageTransition.o /Users/khanghnguyen/Library/Developer/Xcode/DerivedData/Wishie-gavmeupfwiyxzhaiqkwzocyeeixy/SourcePackages/checkouts/SDWebImage/SDWebImage/Core/SDWebImageTransition.m normal arm64 objective-c com.apple.compilers.llvm.clang.1_0.compiler (in target 'SDWebImage' from project 'SDWebImage')
    cd /Users/khanghnguyen/Downloads/Wishie/Wishie.xcodeproj
    
    Using response file: /Users/khanghnguyen/Library/Developer/Xcode/DerivedData/Wishie-gavmeupfwiyxzhaiqkwzocyeeixy/Build/Intermediates.noindex/SDWebImage.build/Debug-iphoneos/SDWebImage.build/Objects-normal/arm64/e6072d4f65d7061329687fe24e3d63a7-common-args.resp
    
    builtin-ScanDependencies -o /Users/khanghnguyen/Library/Developer/Xcode/DerivedData/Wishie-gavmeupfwiyxzhaiqkwzocyeeixy/Build/Intermediates.noindex/SDWebImage.build/Debug-iphoneos/SDWebImage.build/Objects-normal/arm64/SDWebImageTransition.o.scan -- /Applications/Xcode.app/Contents/Developer/Toolchains/XcodeDefault.xctoolchain/usr/bin/clang -x objective-c -ivfsstatcache /Users/khanghnguyen/Library/Developer/Xcode/DerivedData/SDKStatCaches.noindex/iphoneos26.2-23C57-3794476bd08197c3e2abd9bb477ef7f7.sdkstatcache -fmessage-length\=0 -fdiagnostics-show-note-include-stack -fmacro-backtrace-limit\=0 -fno-color-diagnostics -fmodules-prune-interval\=86400 -fmodules-prune-after\=345600 -fbuild-session-file\=/Users/khanghnguyen/Library/Developer/Xcode/DerivedData/ModuleCache.noindex/Session.modulevalidation -fmodules-validate-once-per-build-session -Wnon-modular-include-in-framework-module -Werror\=non-modular-include-in-framework-module -Wno-trigraphs -Wno-missing-field-initializers -Wno-missing-prototypes -Wno-return-type -Wno-implicit-atomic-properties -Wno-objc-interface-ivars -Wno-arc-repeated-use-of-weak -Wno-missing-braces -Wparentheses -Wswitch -Wno-unused-function -Wno-unused-label -Wno-unused-parameter -Wno-unused-variable -Wunused-value -Wno-empty-body -Wno-uninitialized -Wno-unknown-pragmas -w -Wno-shadow -Wno-four-char-constants -Wno-conversion -Wno-constant-conversion -Wno-int-conversion -Wno-bool-conversion -Wno-enum-conversion -Wno-float-conversion -Wno-non-literal-null-conversion -Wno-objc-literal-conversion -Wshorten-64-to-32 -Wpointer-sign -Wno-newline-eof -Wno-selector -Wno-strict-selector-match -Wno-undeclared-selector -Wno-deprecated-implementations -Wno-implicit-fallthrough -fstrict-aliasing -Wprotocol -Wdeprecated-declarations -Wno-sign-conversion -Wno-infinite-recursion -Wno-comma -Wno-block-capture-autoreleasing -Wno-strict-prototypes -Wno-semicolon-before-method-body -index-store-path /Users/khanghnguyen/Library/Developer/Xcode/DerivedData/Wishie-gavmeupfwiyxzhaiqkwzocyeeixy/Index.noindex/DataStore @/Users/khanghnguyen/Library/Developer/Xcode/DerivedData/Wishie-gavmeupfwiyxzhaiqkwzocyeeixy/Build/Intermediates.noindex/SDWebImage.build/Debug-iphoneos/SDWebImage.build/Objects-normal/arm64/e6072d4f65d7061329687fe24e3d63a7-common-args.resp -include /Users/khanghnguyen/Library/Developer/Xcode/DerivedData/Wishie-gavmeupfwiyxzhaiqkwzocyeeixy/Build/Intermediates.noindex/SDWebImage.build/Debug-iphoneos/SDWebImage.build/DerivedSources/resource_bundle_accessor.h -MMD -MT dependencies -MF /Users/khanghnguyen/Library/Developer/Xcode/DerivedData/Wishie-gavmeupfwiyxzhaiqkwzocyeeixy/Build/Intermediates.noindex/SDWebImage.build/Debug-iphoneos/SDWebImage.build/Objects-normal/arm64/SDWebImageTransition.d --serialize-diagnostics /Users/khanghnguyen/Library/Developer/Xcode/DerivedData/Wishie-gavmeupfwiyxzhaiqkwzocyeeixy/Build/Intermediates.noindex/SDWebImage.build/Debug-iphoneos/SDWebImage.build/Objects-normal/arm64/SDWebImageTransition.dia -c /Users/khanghnguyen/Library/Developer/Xcode/DerivedData/Wishie-gavmeupfwiyxzhaiqkwzocyeeixy/SourcePackages/checkouts/SDWebImage/SDWebImage/Core/SDWebImageTransition.m -o /Users/khanghnguyen/Library/Developer/Xcode/DerivedData/Wishie-gavmeupfwiyxzhaiqkwzocyeeixy/Build/Intermediates.noindex/SDWebImage.build/Debug-iphoneos/SDWebImage.build/Objects-normal/arm64/SDWebImageTransition.o -index-unit-output-path /SDWebImage.build/Debug-iphoneos/SDWebImage.build/Objects-normal/arm64/SDWebImageTransition.o

ScanDependencies /Users/khanghnguyen/Library/Developer/Xcode/DerivedData/Wishie-gavmeupfwiyxzhaiqkwzocyeeixy/Build/Intermediates.noindex/SDWebImage.build/Debug-iphoneos/SDWebImage.build/Objects-normal/arm64/SDWebImagePrefetcher.o /Users/khanghnguyen/Library/Developer/Xcode/DerivedData/Wishie-gavmeupfwiyxzhaiqkwzocyeeixy/SourcePackages/checkouts/SDWebImage/SDWebImage/Core/SDWebImagePrefetcher.m normal arm64 objective-c com.apple.compilers.llvm.clang.1_0.compiler (in target 'SDWebImage' from project 'SDWebImage')
    cd /Users/khanghnguyen/Downloads/Wishie/Wishie.xcodeproj
    
    Using response file: /Users/khanghnguyen/Library/Developer/Xcode/DerivedData/Wishie-gavmeupfwiyxzhaiqkwzocyeeixy/Build/Intermediates.noindex/SDWebImage.build/Debug-iphoneos/SDWebImage.build/Objects-normal/arm64/e6072d4f65d7061329687fe24e3d63a7-common-args.resp
    
    builtin-ScanDependencies -o /Users/khanghnguyen/Library/Developer/Xcode/DerivedData/Wishie-gavmeupfwiyxzhaiqkwzocyeeixy/Build/Intermediates.noindex/SDWebImage.build/Debug-iphoneos/SDWebImage.build/Objects-normal/arm64/SDWebImagePrefetcher.o.scan -- /Applications/Xcode.app/Contents/Developer/Toolchains/XcodeDefault.xctoolchain/usr/bin/clang -x objective-c -ivfsstatcache /Users/khanghnguyen/Library/Developer/Xcode/DerivedData/SDKStatCaches.noindex/iphoneos26.2-23C57-3794476bd08197c3e2abd9bb477ef7f7.sdkstatcache -fmessage-length\=0 -fdiagnostics-show-note-include-stack -fmacro-backtrace-limit\=0 -fno-color-diagnostics -fmodules-prune-interval\=86400 -fmodules-prune-after\=345600 -fbuild-session-file\=/Users/khanghnguyen/Library/Developer/Xcode/DerivedData/ModuleCache.noindex/Session.modulevalidation -fmodules-validate-once-per-build-session -Wnon-modular-include-in-framework-module -Werror\=non-modular-include-in-framework-module -Wno-trigraphs -Wno-missing-field-initializers -Wno-missing-prototypes -Wno-return-type -Wno-implicit-atomic-properties -Wno-objc-interface-ivars -Wno-arc-repeated-use-of-weak -Wno-missing-braces -Wparentheses -Wswitch -Wno-unused-function -Wno-unused-label -Wno-unused-parameter -Wno-unused-variable -Wunused-value -Wno-empty-body -Wno-uninitialized -Wno-unknown-pragmas -w -Wno-shadow -Wno-four-char-constants -Wno-conversion -Wno-constant-conversion -Wno-int-conversion -Wno-bool-conversion -Wno-enum-conversion -Wno-float-conversion -Wno-non-literal-null-conversion -Wno-objc-literal-conversion -Wshorten-64-to-32 -Wpointer-sign -Wno-newline-eof -Wno-selector -Wno-strict-selector-match -Wno-undeclared-selector -Wno-deprecated-implementations -Wno-implicit-fallthrough -fstrict-aliasing -Wprotocol -Wdeprecated-declarations -Wno-sign-conversion -Wno-infinite-recursion -Wno-comma -Wno-block-capture-autoreleasing -Wno-strict-prototypes -Wno-semicolon-before-method-body -index-store-path /Users/khanghnguyen/Library/Developer/Xcode/DerivedData/Wishie-gavmeupfwiyxzhaiqkwzocyeeixy/Index.noindex/DataStore @/Users/khanghnguyen/Library/Developer/Xcode/DerivedData/Wishie-gavmeupfwiyxzhaiqkwzocyeeixy/Build/Intermediates.noindex/SDWebImage.build/Debug-iphoneos/SDWebImage.build/Objects-normal/arm64/e6072d4f65d7061329687fe24e3d63a7-common-args.resp -include /Users/khanghnguyen/Library/Developer/Xcode/DerivedData/Wishie-gavmeupfwiyxzhaiqkwzocyeeixy/Build/Intermediates.noindex/SDWebImage.build/Debug-iphoneos/SDWebImage.build/DerivedSources/resource_bundle_accessor.h -MMD -MT dependencies -MF /Users/khanghnguyen/Library/Developer/Xcode/DerivedData/Wishie-gavmeupfwiyxzhaiqkwzocyeeixy/Build/Intermediates.noindex/SDWebImage.build/Debug-iphoneos/SDWebImage.build/Objects-normal/arm64/SDWebImagePrefetcher.d --serialize-diagnostics /Users/khanghnguyen/Library/Developer/Xcode/DerivedData/Wishie-gavmeupfwiyxzhaiqkwzocyeeixy/Build/Intermediates.noindex/SDWebImage.build/Debug-iphoneos/SDWebImage.build/Objects-normal/arm64/SDWebImagePrefetcher.dia -c /Users/khanghnguyen/Library/Developer/Xcode/DerivedData/Wishie-gavmeupfwiyxzhaiqkwzocyeeixy/SourcePackages/checkouts/SDWebImage/SDWebImage/Core/SDWebImagePrefetcher.m -o /Users/khanghnguyen/Library/Developer/Xcode/DerivedData/Wishie-gavmeupfwiyxzhaiqkwzocyeeixy/Build/Intermediates.noindex/SDWebImage.build/Debug-iphoneos/SDWebImage.build/Objects-normal/arm64/SDWebImagePrefetcher.o -index-unit-output-path /SDWebImage.build/Debug-iphoneos/SDWebImage.build/Objects-normal/arm64/SDWebImagePrefetcher.o

PrecompileModule /Users/khanghnguyen/Library/Developer/Xcode/DerivedData/Wishie-gavmeupfwiyxzhaiqkwzocyeeixy/Build/Intermediates.noindex/ExplicitPrecompiledModules/_Builtin_intrinsics-CC0H5Q8NZQ0ADC8MRINRDXBEM.scan
    cd /
    builtin-precompileModule /Users/khanghnguyen/Library/Developer/Xcode/DerivedData/Wishie-gavmeupfwiyxzhaiqkwzocyeeixy/Build/Intermediates.noindex/ExplicitPrecompiledModules/_Builtin_intrinsics-CC0H5Q8NZQ0ADC8MRINRDXBEM.scan

ScanDependencies /Users/khanghnguyen/Library/Developer/Xcode/DerivedData/Wishie-gavmeupfwiyxzhaiqkwzocyeeixy/Build/Intermediates.noindex/SDWebImage.build/Debug-iphoneos/SDWebImage.build/Objects-normal/arm64/SDWebImageOptionsProcessor.o /Users/khanghnguyen/Library/Developer/Xcode/DerivedData/Wishie-gavmeupfwiyxzhaiqkwzocyeeixy/SourcePackages/checkouts/SDWebImage/SDWebImage/Core/SDWebImageOptionsProcessor.m normal arm64 objective-c com.apple.compilers.llvm.clang.1_0.compiler (in target 'SDWebImage' from project 'SDWebImage')
    cd /Users/khanghnguyen/Downloads/Wishie/Wishie.xcodeproj
    
    Using response file: /Users/khanghnguyen/Library/Developer/Xcode/DerivedData/Wishie-gavmeupfwiyxzhaiqkwzocyeeixy/Build/Intermediates.noindex/SDWebImage.build/Debug-iphoneos/SDWebImage.build/Objects-normal/arm64/e6072d4f65d7061329687fe24e3d63a7-common-args.resp
    
    builtin-ScanDependencies -o /Users/khanghnguyen/Library/Developer/Xcode/DerivedData/Wishie-gavmeupfwiyxzhaiqkwzocyeeixy/Build/Intermediates.noindex/SDWebImage.build/Debug-iphoneos/SDWebImage.build/Objects-normal/arm64/SDWebImageOptionsProcessor.o.scan -- /Applications/Xcode.app/Contents/Developer/Toolchains/XcodeDefault.xctoolchain/usr/bin/clang -x objective-c -ivfsstatcache /Users/khanghnguyen/Library/Developer/Xcode/DerivedData/SDKStatCaches.noindex/iphoneos26.2-23C57-3794476bd08197c3e2abd9bb477ef7f7.sdkstatcache -fmessage-length\=0 -fdiagnostics-show-note-include-stack -fmacro-backtrace-limit\=0 -fno-color-diagnostics -fmodules-prune-interval\=86400 -fmodules-prune-after\=345600 -fbuild-session-file\=/Users/khanghnguyen/Library/Developer/Xcode/DerivedData/ModuleCache.noindex/Session.modulevalidation -fmodules-validate-once-per-build-session -Wnon-modular-include-in-framework-module -Werror\=non-modular-include-in-framework-module -Wno-trigraphs -Wno-missing-field-initializers -Wno-missing-prototypes -Wno-return-type -Wno-implicit-atomic-properties -Wno-objc-interface-ivars -Wno-arc-repeated-use-of-weak -Wno-missing-braces -Wparentheses -Wswitch -Wno-unused-function -Wno-unused-label -Wno-unused-parameter -Wno-unused-variable -Wunused-value -Wno-empty-body -Wno-uninitialized -Wno-unknown-pragmas -w -Wno-shadow -Wno-four-char-constants -Wno-conversion -Wno-constant-conversion -Wno-int-conversion -Wno-bool-conversion -Wno-enum-conversion -Wno-float-conversion -Wno-non-literal-null-conversion -Wno-objc-literal-conversion -Wshorten-64-to-32 -Wpointer-sign -Wno-newline-eof -Wno-selector -Wno-strict-selector-match -Wno-undeclared-selector -Wno-deprecated-implementations -Wno-implicit-fallthrough -fstrict-aliasing -Wprotocol -Wdeprecated-declarations -Wno-sign-conversion -Wno-infinite-recursion -Wno-comma -Wno-block-capture-autoreleasing -Wno-strict-prototypes -Wno-semicolon-before-method-body -index-store-path /Users/khanghnguyen/Library/Developer/Xcode/DerivedData/Wishie-gavmeupfwiyxzhaiqkwzocyeeixy/Index.noindex/DataStore @/Users/khanghnguyen/Library/Developer/Xcode/DerivedData/Wishie-gavmeupfwiyxzhaiqkwzocyeeixy/Build/Intermediates.noindex/SDWebImage.build/Debug-iphoneos/SDWebImage.build/Objects-normal/arm64/e6072d4f65d7061329687fe24e3d63a7-common-args.resp -include /Users/khanghnguyen/Library/Developer/Xcode/DerivedData/Wishie-gavmeupfwiyxzhaiqkwzocyeeixy/Build/Intermediates.noindex/SDWebImage.build/Debug-iphoneos/SDWebImage.build/DerivedSources/resource_bundle_accessor.h -MMD -MT dependencies -MF /Users/khanghnguyen/Library/Developer/Xcode/DerivedData/Wishie-gavmeupfwiyxzhaiqkwzocyeeixy/Build/Intermediates.noindex/SDWebImage.build/Debug-iphoneos/SDWebImage.build/Objects-normal/arm64/SDWebImageOptionsProcessor.d --serialize-diagnostics /Users/khanghnguyen/Library/Developer/Xcode/DerivedData/Wishie-gavmeupfwiyxzhaiqkwzocyeeixy/Build/Intermediates.noindex/SDWebImage.build/Debug-iphoneos/SDWebImage.build/Objects-normal/arm64/SDWebImageOptionsProcessor.dia -c /Users/khanghnguyen/Library/Developer/Xcode/DerivedData/Wishie-gavmeupfwiyxzhaiqkwzocyeeixy/SourcePackages/checkouts/SDWebImage/SDWebImage/Core/SDWebImageOptionsProcessor.m -o /Users/khanghnguyen/Library/Developer/Xcode/DerivedData/Wishie-gavmeupfwiyxzhaiqkwzocyeeixy/Build/Intermediates.noindex/SDWebImage.build/Debug-iphoneos/SDWebImage.build/Objects-normal/arm64/SDWebImageOptionsProcessor.o -index-unit-output-path /SDWebImage.build/Debug-iphoneos/SDWebImage.build/Objects-normal/arm64/SDWebImageOptionsProcessor.o

PrecompileModule /Users/khanghnguyen/Library/Developer/Xcode/DerivedData/Wishie-gavmeupfwiyxzhaiqkwzocyeeixy/Build/Intermediates.noindex/ExplicitPrecompiledModules/_Builtin_inttypes-3ACNVT8JZ6GQALY9QN4FMOI4F.scan
    cd /
    builtin-precompileModule /Users/khanghnguyen/Library/Developer/Xcode/DerivedData/Wishie-gavmeupfwiyxzhaiqkwzocyeeixy/Build/Intermediates.noindex/ExplicitPrecompiledModules/_Builtin_inttypes-3ACNVT8JZ6GQALY9QN4FMOI4F.scan

PrecompileModule /Users/khanghnguyen/Library/Developer/Xcode/DerivedData/Wishie-gavmeupfwiyxzhaiqkwzocyeeixy/Build/Intermediates.noindex/ExplicitPrecompiledModules/_DarwinFoundation3-3AYK0755N1ILMBVXKXDK0K7P3.scan
    cd /
    builtin-precompileModule /Users/khanghnguyen/Library/Developer/Xcode/DerivedData/Wishie-gavmeupfwiyxzhaiqkwzocyeeixy/Build/Intermediates.noindex/ExplicitPrecompiledModules/_DarwinFoundation3-3AYK0755N1ILMBVXKXDK0K7P3.scan

ScanDependencies /Users/khanghnguyen/Library/Developer/Xcode/DerivedData/Wishie-gavmeupfwiyxzhaiqkwzocyeeixy/Build/Intermediates.noindex/SDWebImage.build/Debug-iphoneos/SDWebImage.build/Objects-normal/arm64/SDWebImageOperation.o /Users/khanghnguyen/Library/Developer/Xcode/DerivedData/Wishie-gavmeupfwiyxzhaiqkwzocyeeixy/SourcePackages/checkouts/SDWebImage/SDWebImage/Core/SDWebImageOperation.m normal arm64 objective-c com.apple.compilers.llvm.clang.1_0.compiler (in target 'SDWebImage' from project 'SDWebImage')
    cd /Users/khanghnguyen/Downloads/Wishie/Wishie.xcodeproj
    
    Using response file: /Users/khanghnguyen/Library/Developer/Xcode/DerivedData/Wishie-gavmeupfwiyxzhaiqkwzocyeeixy/Build/Intermediates.noindex/SDWebImage.build/Debug-iphoneos/SDWebImage.build/Objects-normal/arm64/e6072d4f65d7061329687fe24e3d63a7-common-args.resp
    
    builtin-ScanDependencies -o /Users/khanghnguyen/Library/Developer/Xcode/DerivedData/Wishie-gavmeupfwiyxzhaiqkwzocyeeixy/Build/Intermediates.noindex/SDWebImage.build/Debug-iphoneos/SDWebImage.build/Objects-normal/arm64/SDWebImageOperation.o.scan -- /Applications/Xcode.app/Contents/Developer/Toolchains/XcodeDefault.xctoolchain/usr/bin/clang -x objective-c -ivfsstatcache /Users/khanghnguyen/Library/Developer/Xcode/DerivedData/SDKStatCaches.noindex/iphoneos26.2-23C57-3794476bd08197c3e2abd9bb477ef7f7.sdkstatcache -fmessage-length\=0 -fdiagnostics-show-note-include-stack -fmacro-backtrace-limit\=0 -fno-color-diagnostics -fmodules-prune-interval\=86400 -fmodules-prune-after\=345600 -fbuild-session-file\=/Users/khanghnguyen/Library/Developer/Xcode/DerivedData/ModuleCache.noindex/Session.modulevalidation -fmodules-validate-once-per-build-session -Wnon-modular-include-in-framework-module -Werror\=non-modular-include-in-framework-module -Wno-trigraphs -Wno-missing-field-initializers -Wno-missing-prototypes -Wno-return-type -Wno-implicit-atomic-properties -Wno-objc-interface-ivars -Wno-arc-repeated-use-of-weak -Wno-missing-braces -Wparentheses -Wswitch -Wno-unused-function -Wno-unused-label -Wno-unused-parameter -Wno-unused-variable -Wunused-value -Wno-empty-body -Wno-uninitialized -Wno-unknown-pragmas -w -Wno-shadow -Wno-four-char-constants -Wno-conversion -Wno-constant-conversion -Wno-int-conversion -Wno-bool-conversion -Wno-enum-conversion -Wno-float-conversion -Wno-non-literal-null-conversion -Wno-objc-literal-conversion -Wshorten-64-to-32 -Wpointer-sign -Wno-newline-eof -Wno-selector -Wno-strict-selector-match -Wno-undeclared-selector -Wno-deprecated-implementations -Wno-implicit-fallthrough -fstrict-aliasing -Wprotocol -Wdeprecated-declarations -Wno-sign-conversion -Wno-infinite-recursion -Wno-comma -Wno-block-capture-autoreleasing -Wno-strict-prototypes -Wno-semicolon-before-method-body -index-store-path /Users/khanghnguyen/Library/Developer/Xcode/DerivedData/Wishie-gavmeupfwiyxzhaiqkwzocyeeixy/Index.noindex/DataStore @/Users/khanghnguyen/Library/Developer/Xcode/DerivedData/Wishie-gavmeupfwiyxzhaiqkwzocyeeixy/Build/Intermediates.noindex/SDWebImage.build/Debug-iphoneos/SDWebImage.build/Objects-normal/arm64/e6072d4f65d7061329687fe24e3d63a7-common-args.resp -include /Users/khanghnguyen/Library/Developer/Xcode/DerivedData/Wishie-gavmeupfwiyxzhaiqkwzocyeeixy/Build/Intermediates.noindex/SDWebImage.build/Debug-iphoneos/SDWebImage.build/DerivedSources/resource_bundle_accessor.h -MMD -MT dependencies -MF /Users/khanghnguyen/Library/Developer/Xcode/DerivedData/Wishie-gavmeupfwiyxzhaiqkwzocyeeixy/Build/Intermediates.noindex/SDWebImage.build/Debug-iphoneos/SDWebImage.build/Objects-normal/arm64/SDWebImageOperation.d --serialize-diagnostics /Users/khanghnguyen/Library/Developer/Xcode/DerivedData/Wishie-gavmeupfwiyxzhaiqkwzocyeeixy/Build/Intermediates.noindex/SDWebImage.build/Debug-iphoneos/SDWebImage.build/Objects-normal/arm64/SDWebImageOperation.dia -c /Users/khanghnguyen/Library/Developer/Xcode/DerivedData/Wishie-gavmeupfwiyxzhaiqkwzocyeeixy/SourcePackages/checkouts/SDWebImage/SDWebImage/Core/SDWebImageOperation.m -o /Users/khanghnguyen/Library/Developer/Xcode/DerivedData/Wishie-gavmeupfwiyxzhaiqkwzocyeeixy/Build/Intermediates.noindex/SDWebImage.build/Debug-iphoneos/SDWebImage.build/Objects-normal/arm64/SDWebImageOperation.o -index-unit-output-path /SDWebImage.build/Debug-iphoneos/SDWebImage.build/Objects-normal/arm64/SDWebImageOperation.o

PrecompileModule /Users/khanghnguyen/Library/Developer/Xcode/DerivedData/Wishie-gavmeupfwiyxzhaiqkwzocyeeixy/Build/Intermediates.noindex/ExplicitPrecompiledModules/_DarwinFoundation3-8I1RL8X4DN47CQLKEOXQJNKK9.scan
    cd /
    builtin-precompileModule /Users/khanghnguyen/Library/Developer/Xcode/DerivedData/Wishie-gavmeupfwiyxzhaiqkwzocyeeixy/Build/Intermediates.noindex/ExplicitPrecompiledModules/_DarwinFoundation3-8I1RL8X4DN47CQLKEOXQJNKK9.scan

ScanDependencies /Users/khanghnguyen/Library/Developer/Xcode/DerivedData/Wishie-gavmeupfwiyxzhaiqkwzocyeeixy/Build/Intermediates.noindex/SDWebImage.build/Debug-iphoneos/SDWebImage.build/Objects-normal/arm64/SDWebImageManager.o /Users/khanghnguyen/Library/Developer/Xcode/DerivedData/Wishie-gavmeupfwiyxzhaiqkwzocyeeixy/SourcePackages/checkouts/SDWebImage/SDWebImage/Core/SDWebImageManager.m normal arm64 objective-c com.apple.compilers.llvm.clang.1_0.compiler (in target 'SDWebImage' from project 'SDWebImage')
    cd /Users/khanghnguyen/Downloads/Wishie/Wishie.xcodeproj
    
    Using response file: /Users/khanghnguyen/Library/Developer/Xcode/DerivedData/Wishie-gavmeupfwiyxzhaiqkwzocyeeixy/Build/Intermediates.noindex/SDWebImage.build/Debug-iphoneos/SDWebImage.build/Objects-normal/arm64/e6072d4f65d7061329687fe24e3d63a7-common-args.resp
    
    builtin-ScanDependencies -o /Users/khanghnguyen/Library/Developer/Xcode/DerivedData/Wishie-gavmeupfwiyxzhaiqkwzocyeeixy/Build/Intermediates.noindex/SDWebImage.build/Debug-iphoneos/SDWebImage.build/Objects-normal/arm64/SDWebImageManager.o.scan -- /Applications/Xcode.app/Contents/Developer/Toolchains/XcodeDefault.xctoolchain/usr/bin/clang -x objective-c -ivfsstatcache /Users/khanghnguyen/Library/Developer/Xcode/DerivedData/SDKStatCaches.noindex/iphoneos26.2-23C57-3794476bd08197c3e2abd9bb477ef7f7.sdkstatcache -fmessage-length\=0 -fdiagnostics-show-note-include-stack -fmacro-backtrace-limit\=0 -fno-color-diagnostics -fmodules-prune-interval\=86400 -fmodules-prune-after\=345600 -fbuild-session-file\=/Users/khanghnguyen/Library/Developer/Xcode/DerivedData/ModuleCache.noindex/Session.modulevalidation -fmodules-validate-once-per-build-session -Wnon-modular-include-in-framework-module -Werror\=non-modular-include-in-framework-module -Wno-trigraphs -Wno-missing-field-initializers -Wno-missing-prototypes -Wno-return-type -Wno-implicit-atomic-properties -Wno-objc-interface-ivars -Wno-arc-repeated-use-of-weak -Wno-missing-braces -Wparentheses -Wswitch -Wno-unused-function -Wno-unused-label -Wno-unused-parameter -Wno-unused-variable -Wunused-value -Wno-empty-body -Wno-uninitialized -Wno-unknown-pragmas -w -Wno-shadow -Wno-four-char-constants -Wno-conversion -Wno-constant-conversion -Wno-int-conversion -Wno-bool-conversion -Wno-enum-conversion -Wno-float-conversion -Wno-non-literal-null-conversion -Wno-objc-literal-conversion -Wshorten-64-to-32 -Wpointer-sign -Wno-newline-eof -Wno-selector -Wno-strict-selector-match -Wno-undeclared-selector -Wno-deprecated-implementations -Wno-implicit-fallthrough -fstrict-aliasing -Wprotocol -Wdeprecated-declarations -Wno-sign-conversion -Wno-infinite-recursion -Wno-comma -Wno-block-capture-autoreleasing -Wno-strict-prototypes -Wno-semicolon-before-method-body -index-store-path /Users/khanghnguyen/Library/Developer/Xcode/DerivedData/Wishie-gavmeupfwiyxzhaiqkwzocyeeixy/Index.noindex/DataStore @/Users/khanghnguyen/Library/Developer/Xcode/DerivedData/Wishie-gavmeupfwiyxzhaiqkwzocyeeixy/Build/Intermediates.noindex/SDWebImage.build/Debug-iphoneos/SDWebImage.build/Objects-normal/arm64/e6072d4f65d7061329687fe24e3d63a7-common-args.resp -include /Users/khanghnguyen/Library/Developer/Xcode/DerivedData/Wishie-gavmeupfwiyxzhaiqkwzocyeeixy/Build/Intermediates.noindex/SDWebImage.build/Debug-iphoneos/SDWebImage.build/DerivedSources/resource_bundle_accessor.h -MMD -MT dependencies -MF /Users/khanghnguyen/Library/Developer/Xcode/DerivedData/Wishie-gavmeupfwiyxzhaiqkwzocyeeixy/Build/Intermediates.noindex/SDWebImage.build/Debug-iphoneos/SDWebImage.build/Objects-normal/arm64/SDWebImageManager.d --serialize-diagnostics /Users/khanghnguyen/Library/Developer/Xcode/DerivedData/Wishie-gavmeupfwiyxzhaiqkwzocyeeixy/Build/Intermediates.noindex/SDWebImage.build/Debug-iphoneos/SDWebImage.build/Objects-normal/arm64/SDWebImageManager.dia -c /Users/khanghnguyen/Library/Developer/Xcode/DerivedData/Wishie-gavmeupfwiyxzhaiqkwzocyeeixy/SourcePackages/checkouts/SDWebImage/SDWebImage/Core/SDWebImageManager.m -o /Users/khanghnguyen/Library/Developer/Xcode/DerivedData/Wishie-gavmeupfwiyxzhaiqkwzocyeeixy/Build/Intermediates.noindex/SDWebImage.build/Debug-iphoneos/SDWebImage.build/Objects-normal/arm64/SDWebImageManager.o -index-unit-output-path /SDWebImage.build/Debug-iphoneos/SDWebImage.build/Objects-normal/arm64/SDWebImageManager.o

ScanDependencies /Users/khanghnguyen/Library/Developer/Xcode/DerivedData/Wishie-gavmeupfwiyxzhaiqkwzocyeeixy/Build/Intermediates.noindex/SDWebImage.build/Debug-iphoneos/SDWebImage.build/Objects-normal/arm64/SDWebImageIndicator.o /Users/khanghnguyen/Library/Developer/Xcode/DerivedData/Wishie-gavmeupfwiyxzhaiqkwzocyeeixy/SourcePackages/checkouts/SDWebImage/SDWebImage/Core/SDWebImageIndicator.m normal arm64 objective-c com.apple.compilers.llvm.clang.1_0.compiler (in target 'SDWebImage' from project 'SDWebImage')
    cd /Users/khanghnguyen/Downloads/Wishie/Wishie.xcodeproj
    
    Using response file: /Users/khanghnguyen/Library/Developer/Xcode/DerivedData/Wishie-gavmeupfwiyxzhaiqkwzocyeeixy/Build/Intermediates.noindex/SDWebImage.build/Debug-iphoneos/SDWebImage.build/Objects-normal/arm64/e6072d4f65d7061329687fe24e3d63a7-common-args.resp
    
    builtin-ScanDependencies -o /Users/khanghnguyen/Library/Developer/Xcode/DerivedData/Wishie-gavmeupfwiyxzhaiqkwzocyeeixy/Build/Intermediates.noindex/SDWebImage.build/Debug-iphoneos/SDWebImage.build/Objects-normal/arm64/SDWebImageIndicator.o.scan -- /Applications/Xcode.app/Contents/Developer/Toolchains/XcodeDefault.xctoolchain/usr/bin/clang -x objective-c -ivfsstatcache /Users/khanghnguyen/Library/Developer/Xcode/DerivedData/SDKStatCaches.noindex/iphoneos26.2-23C57-3794476bd08197c3e2abd9bb477ef7f7.sdkstatcache -fmessage-length\=0 -fdiagnostics-show-note-include-stack -fmacro-backtrace-limit\=0 -fno-color-diagnostics -fmodules-prune-interval\=86400 -fmodules-prune-after\=345600 -fbuild-session-file\=/Users/khanghnguyen/Library/Developer/Xcode/DerivedData/ModuleCache.noindex/Session.modulevalidation -fmodules-validate-once-per-build-session -Wnon-modular-include-in-framework-module -Werror\=non-modular-include-in-framework-module -Wno-trigraphs -Wno-missing-field-initializers -Wno-missing-prototypes -Wno-return-type -Wno-implicit-atomic-properties -Wno-objc-interface-ivars -Wno-arc-repeated-use-of-weak -Wno-missing-braces -Wparentheses -Wswitch -Wno-unused-function -Wno-unused-label -Wno-unused-parameter -Wno-unused-variable -Wunused-value -Wno-empty-body -Wno-uninitialized -Wno-unknown-pragmas -w -Wno-shadow -Wno-four-char-constants -Wno-conversion -Wno-constant-conversion -Wno-int-conversion -Wno-bool-conversion -Wno-enum-conversion -Wno-float-conversion -Wno-non-literal-null-conversion -Wno-objc-literal-conversion -Wshorten-64-to-32 -Wpointer-sign -Wno-newline-eof -Wno-selector -Wno-strict-selector-match -Wno-undeclared-selector -Wno-deprecated-implementations -Wno-implicit-fallthrough -fstrict-aliasing -Wprotocol -Wdeprecated-declarations -Wno-sign-conversion -Wno-infinite-recursion -Wno-comma -Wno-block-capture-autoreleasing -Wno-strict-prototypes -Wno-semicolon-before-method-body -index-store-path /Users/khanghnguyen/Library/Developer/Xcode/DerivedData/Wishie-gavmeupfwiyxzhaiqkwzocyeeixy/Index.noindex/DataStore @/Users/khanghnguyen/Library/Developer/Xcode/DerivedData/Wishie-gavmeupfwiyxzhaiqkwzocyeeixy/Build/Intermediates.noindex/SDWebImage.build/Debug-iphoneos/SDWebImage.build/Objects-normal/arm64/e6072d4f65d7061329687fe24e3d63a7-common-args.resp -include /Users/khanghnguyen/Library/Developer/Xcode/DerivedData/Wishie-gavmeupfwiyxzhaiqkwzocyeeixy/Build/Intermediates.noindex/SDWebImage.build/Debug-iphoneos/SDWebImage.build/DerivedSources/resource_bundle_accessor.h -MMD -MT dependencies -MF /Users/khanghnguyen/Library/Developer/Xcode/DerivedData/Wishie-gavmeupfwiyxzhaiqkwzocyeeixy/Build/Intermediates.noindex/SDWebImage.build/Debug-iphoneos/SDWebImage.build/Objects-normal/arm64/SDWebImageIndicator.d --serialize-diagnostics /Users/khanghnguyen/Library/Developer/Xcode/DerivedData/Wishie-gavmeupfwiyxzhaiqkwzocyeeixy/Build/Intermediates.noindex/SDWebImage.build/Debug-iphoneos/SDWebImage.build/Objects-normal/arm64/SDWebImageIndicator.dia -c /Users/khanghnguyen/Library/Developer/Xcode/DerivedData/Wishie-gavmeupfwiyxzhaiqkwzocyeeixy/SourcePackages/checkouts/SDWebImage/SDWebImage/Core/SDWebImageIndicator.m -o /Users/khanghnguyen/Library/Developer/Xcode/DerivedData/Wishie-gavmeupfwiyxzhaiqkwzocyeeixy/Build/Intermediates.noindex/SDWebImage.build/Debug-iphoneos/SDWebImage.build/Objects-normal/arm64/SDWebImageIndicator.o -index-unit-output-path /SDWebImage.build/Debug-iphoneos/SDWebImage.build/Objects-normal/arm64/SDWebImageIndicator.o

ScanDependencies /Users/khanghnguyen/Library/Developer/Xcode/DerivedData/Wishie-gavmeupfwiyxzhaiqkwzocyeeixy/Build/Intermediates.noindex/SDWebImage.build/Debug-iphoneos/SDWebImage.build/Objects-normal/arm64/SDWebImageError.o /Users/khanghnguyen/Library/Developer/Xcode/DerivedData/Wishie-gavmeupfwiyxzhaiqkwzocyeeixy/SourcePackages/checkouts/SDWebImage/SDWebImage/Core/SDWebImageError.m normal arm64 objective-c com.apple.compilers.llvm.clang.1_0.compiler (in target 'SDWebImage' from project 'SDWebImage')
    cd /Users/khanghnguyen/Downloads/Wishie/Wishie.xcodeproj
    
    Using response file: /Users/khanghnguyen/Library/Developer/Xcode/DerivedData/Wishie-gavmeupfwiyxzhaiqkwzocyeeixy/Build/Intermediates.noindex/SDWebImage.build/Debug-iphoneos/SDWebImage.build/Objects-normal/arm64/e6072d4f65d7061329687fe24e3d63a7-common-args.resp
    
    builtin-ScanDependencies -o /Users/khanghnguyen/Library/Developer/Xcode/DerivedData/Wishie-gavmeupfwiyxzhaiqkwzocyeeixy/Build/Intermediates.noindex/SDWebImage.build/Debug-iphoneos/SDWebImage.build/Objects-normal/arm64/SDWebImageError.o.scan -- /Applications/Xcode.app/Contents/Developer/Toolchains/XcodeDefault.xctoolchain/usr/bin/clang -x objective-c -ivfsstatcache /Users/khanghnguyen/Library/Developer/Xcode/DerivedData/SDKStatCaches.noindex/iphoneos26.2-23C57-3794476bd08197c3e2abd9bb477ef7f7.sdkstatcache -fmessage-length\=0 -fdiagnostics-show-note-include-stack -fmacro-backtrace-limit\=0 -fno-color-diagnostics -fmodules-prune-interval\=86400 -fmodules-prune-after\=345600 -fbuild-session-file\=/Users/khanghnguyen/Library/Developer/Xcode/DerivedData/ModuleCache.noindex/Session.modulevalidation -fmodules-validate-once-per-build-session -Wnon-modular-include-in-framework-module -Werror\=non-modular-include-in-framework-module -Wno-trigraphs -Wno-missing-field-initializers -Wno-missing-prototypes -Wno-return-type -Wno-implicit-atomic-properties -Wno-objc-interface-ivars -Wno-arc-repeated-use-of-weak -Wno-missing-braces -Wparentheses -Wswitch -Wno-unused-function -Wno-unused-label -Wno-unused-parameter -Wno-unused-variable -Wunused-value -Wno-empty-body -Wno-uninitialized -Wno-unknown-pragmas -w -Wno-shadow -Wno-four-char-constants -Wno-conversion -Wno-constant-conversion -Wno-int-conversion -Wno-bool-conversion -Wno-enum-conversion -Wno-float-conversion -Wno-non-literal-null-conversion -Wno-objc-literal-conversion -Wshorten-64-to-32 -Wpointer-sign -Wno-newline-eof -Wno-selector -Wno-strict-selector-match -Wno-undeclared-selector -Wno-deprecated-implementations -Wno-implicit-fallthrough -fstrict-aliasing -Wprotocol -Wdeprecated-declarations -Wno-sign-conversion -Wno-infinite-recursion -Wno-comma -Wno-block-capture-autoreleasing -Wno-strict-prototypes -Wno-semicolon-before-method-body -index-store-path /Users/khanghnguyen/Library/Developer/Xcode/DerivedData/Wishie-gavmeupfwiyxzhaiqkwzocyeeixy/Index.noindex/DataStore @/Users/khanghnguyen/Library/Developer/Xcode/DerivedData/Wishie-gavmeupfwiyxzhaiqkwzocyeeixy/Build/Intermediates.noindex/SDWebImage.build/Debug-iphoneos/SDWebImage.build/Objects-normal/arm64/e6072d4f65d7061329687fe24e3d63a7-common-args.resp -include /Users/khanghnguyen/Library/Developer/Xcode/DerivedData/Wishie-gavmeupfwiyxzhaiqkwzocyeeixy/Build/Intermediates.noindex/SDWebImage.build/Debug-iphoneos/SDWebImage.build/DerivedSources/resource_bundle_accessor.h -MMD -MT dependencies -MF /Users/khanghnguyen/Library/Developer/Xcode/DerivedData/Wishie-gavmeupfwiyxzhaiqkwzocyeeixy/Build/Intermediates.noindex/SDWebImage.build/Debug-iphoneos/SDWebImage.build/Objects-normal/arm64/SDWebImageError.d --serialize-diagnostics /Users/khanghnguyen/Library/Developer/Xcode/DerivedData/Wishie-gavmeupfwiyxzhaiqkwzocyeeixy/Build/Intermediates.noindex/SDWebImage.build/Debug-iphoneos/SDWebImage.build/Objects-normal/arm64/SDWebImageError.dia -c /Users/khanghnguyen/Library/Developer/Xcode/DerivedData/Wishie-gavmeupfwiyxzhaiqkwzocyeeixy/SourcePackages/checkouts/SDWebImage/SDWebImage/Core/SDWebImageError.m -o /Users/khanghnguyen/Library/Developer/Xcode/DerivedData/Wishie-gavmeupfwiyxzhaiqkwzocyeeixy/Build/Intermediates.noindex/SDWebImage.build/Debug-iphoneos/SDWebImage.build/Objects-normal/arm64/SDWebImageError.o -index-unit-output-path /SDWebImage.build/Debug-iphoneos/SDWebImage.build/Objects-normal/arm64/SDWebImageError.o

ScanDependencies /Users/khanghnguyen/Library/Developer/Xcode/DerivedData/Wishie-gavmeupfwiyxzhaiqkwzocyeeixy/Build/Intermediates.noindex/SDWebImage.build/Debug-iphoneos/SDWebImage.build/Objects-normal/arm64/SDWebImageDownloaderResponseModifier.o /Users/khanghnguyen/Library/Developer/Xcode/DerivedData/Wishie-gavmeupfwiyxzhaiqkwzocyeeixy/SourcePackages/checkouts/SDWebImage/SDWebImage/Core/SDWebImageDownloaderResponseModifier.m normal arm64 objective-c com.apple.compilers.llvm.clang.1_0.compiler (in target 'SDWebImage' from project 'SDWebImage')
    cd /Users/khanghnguyen/Downloads/Wishie/Wishie.xcodeproj
    
    Using response file: /Users/khanghnguyen/Library/Developer/Xcode/DerivedData/Wishie-gavmeupfwiyxzhaiqkwzocyeeixy/Build/Intermediates.noindex/SDWebImage.build/Debug-iphoneos/SDWebImage.build/Objects-normal/arm64/e6072d4f65d7061329687fe24e3d63a7-common-args.resp
    
    builtin-ScanDependencies -o /Users/khanghnguyen/Library/Developer/Xcode/DerivedData/Wishie-gavmeupfwiyxzhaiqkwzocyeeixy/Build/Intermediates.noindex/SDWebImage.build/Debug-iphoneos/SDWebImage.build/Objects-normal/arm64/SDWebImageDownloaderResponseModifier.o.scan -- /Applications/Xcode.app/Contents/Developer/Toolchains/XcodeDefault.xctoolchain/usr/bin/clang -x objective-c -ivfsstatcache /Users/khanghnguyen/Library/Developer/Xcode/DerivedData/SDKStatCaches.noindex/iphoneos26.2-23C57-3794476bd08197c3e2abd9bb477ef7f7.sdkstatcache -fmessage-length\=0 -fdiagnostics-show-note-include-stack -fmacro-backtrace-limit\=0 -fno-color-diagnostics -fmodules-prune-interval\=86400 -fmodules-prune-after\=345600 -fbuild-session-file\=/Users/khanghnguyen/Library/Developer/Xcode/DerivedData/ModuleCache.noindex/Session.modulevalidation -fmodules-validate-once-per-build-session -Wnon-modular-include-in-framework-module -Werror\=non-modular-include-in-framework-module -Wno-trigraphs -Wno-missing-field-initializers -Wno-missing-prototypes -Wno-return-type -Wno-implicit-atomic-properties -Wno-objc-interface-ivars -Wno-arc-repeated-use-of-weak -Wno-missing-braces -Wparentheses -Wswitch -Wno-unused-function -Wno-unused-label -Wno-unused-parameter -Wno-unused-variable -Wunused-value -Wno-empty-body -Wno-uninitialized -Wno-unknown-pragmas -w -Wno-shadow -Wno-four-char-constants -Wno-conversion -Wno-constant-conversion -Wno-int-conversion -Wno-bool-conversion -Wno-enum-conversion -Wno-float-conversion -Wno-non-literal-null-conversion -Wno-objc-literal-conversion -Wshorten-64-to-32 -Wpointer-sign -Wno-newline-eof -Wno-selector -Wno-strict-selector-match -Wno-undeclared-selector -Wno-deprecated-implementations -Wno-implicit-fallthrough -fstrict-aliasing -Wprotocol -Wdeprecated-declarations -Wno-sign-conversion -Wno-infinite-recursion -Wno-comma -Wno-block-capture-autoreleasing -Wno-strict-prototypes -Wno-semicolon-before-method-body -index-store-path /Users/khanghnguyen/Library/Developer/Xcode/DerivedData/Wishie-gavmeupfwiyxzhaiqkwzocyeeixy/Index.noindex/DataStore @/Users/khanghnguyen/Library/Developer/Xcode/DerivedData/Wishie-gavmeupfwiyxzhaiqkwzocyeeixy/Build/Intermediates.noindex/SDWebImage.build/Debug-iphoneos/SDWebImage.build/Objects-normal/arm64/e6072d4f65d7061329687fe24e3d63a7-common-args.resp -include /Users/khanghnguyen/Library/Developer/Xcode/DerivedData/Wishie-gavmeupfwiyxzhaiqkwzocyeeixy/Build/Intermediates.noindex/SDWebImage.build/Debug-iphoneos/SDWebImage.build/DerivedSources/resource_bundle_accessor.h -MMD -MT dependencies -MF /Users/khanghnguyen/Library/Developer/Xcode/DerivedData/Wishie-gavmeupfwiyxzhaiqkwzocyeeixy/Build/Intermediates.noindex/SDWebImage.build/Debug-iphoneos/SDWebImage.build/Objects-normal/arm64/SDWebImageDownloaderResponseModifier.d --serialize-diagnostics /Users/khanghnguyen/Library/Developer/Xcode/DerivedData/Wishie-gavmeupfwiyxzhaiqkwzocyeeixy/Build/Intermediates.noindex/SDWebImage.build/Debug-iphoneos/SDWebImage.build/Objects-normal/arm64/SDWebImageDownloaderResponseModifier.dia -c /Users/khanghnguyen/Library/Developer/Xcode/DerivedData/Wishie-gavmeupfwiyxzhaiqkwzocyeeixy/SourcePackages/checkouts/SDWebImage/SDWebImage/Core/SDWebImageDownloaderResponseModifier.m -o /Users/khanghnguyen/Library/Developer/Xcode/DerivedData/Wishie-gavmeupfwiyxzhaiqkwzocyeeixy/Build/Intermediates.noindex/SDWebImage.build/Debug-iphoneos/SDWebImage.build/Objects-normal/arm64/SDWebImageDownloaderResponseModifier.o -index-unit-output-path /SDWebImage.build/Debug-iphoneos/SDWebImage.build/Objects-normal/arm64/SDWebImageDownloaderResponseModifier.o

CompileC /Users/khanghnguyen/Library/Developer/Xcode/DerivedData/Wishie-gavmeupfwiyxzhaiqkwzocyeeixy/Build/Intermediates.noindex/GoogleUtilities.build/Debug-iphoneos/third-party-IsAppEncrypted.build/Objects-normal/arm64/IsAppEncrypted.o /Users/khanghnguyen/Library/Developer/Xcode/DerivedData/Wishie-gavmeupfwiyxzhaiqkwzocyeeixy/SourcePackages/checkouts/GoogleUtilities/third_party/IsAppEncrypted/IsAppEncrypted.m normal arm64 objective-c com.apple.compilers.llvm.clang.1_0.compiler (in target 'third-party-IsAppEncrypted' from project 'GoogleUtilities')
    cd /Users/khanghnguyen/Downloads/Wishie/Wishie.xcodeproj
    
    Using response file: /Users/khanghnguyen/Library/Developer/Xcode/DerivedData/Wishie-gavmeupfwiyxzhaiqkwzocyeeixy/Build/Intermediates.noindex/GoogleUtilities.build/Debug-iphoneos/third-party-IsAppEncrypted.build/Objects-normal/arm64/e6072d4f65d7061329687fe24e3d63a7-common-args.resp
    
    /Applications/Xcode.app/Contents/Developer/Toolchains/XcodeDefault.xctoolchain/usr/bin/clang -x objective-c -ivfsstatcache /Users/khanghnguyen/Library/Developer/Xcode/DerivedData/SDKStatCaches.noindex/iphoneos26.2-23C57-3794476bd08197c3e2abd9bb477ef7f7.sdkstatcache -fmessage-length\=0 -fdiagnostics-show-note-include-stack -fmacro-backtrace-limit\=0 -fno-color-diagnostics -fmodules-prune-interval\=86400 -fmodules-prune-after\=345600 -fbuild-session-file\=/Users/khanghnguyen/Library/Developer/Xcode/DerivedData/ModuleCache.noindex/Session.modulevalidation -fmodules-validate-once-per-build-session -Wnon-modular-include-in-framework-module -Werror\=non-modular-include-in-framework-module -Wno-trigraphs -Wno-missing-field-initializers -Wno-missing-prototypes -Wno-return-type -Wno-implicit-atomic-properties -Wno-objc-interface-ivars -Wno-arc-repeated-use-of-weak -Wno-missing-braces -Wparentheses -Wswitch -Wno-unused-function -Wno-unused-label -Wno-unused-parameter -Wno-unused-variable -Wunused-value -Wno-empty-body -Wno-uninitialized -Wno-unknown-pragmas -w -Wno-shadow -Wno-four-char-constants -Wno-conversion -Wno-constant-conversion -Wno-int-conversion -Wno-bool-conversion -Wno-enum-conversion -Wno-float-conversion -Wno-non-literal-null-conversion -Wno-objc-literal-conversion -Wshorten-64-to-32 -Wpointer-sign -Wno-newline-eof -Wno-selector -Wno-strict-selector-match -Wno-undeclared-selector -Wno-deprecated-implementations -Wno-implicit-fallthrough -fstrict-aliasing -Wprotocol -Wdeprecated-declarations -Wno-sign-conversion -Wno-infinite-recursion -Wno-comma -Wno-block-capture-autoreleasing -Wno-strict-prototypes -Wno-semicolon-before-method-body -index-store-path /Users/khanghnguyen/Library/Developer/Xcode/DerivedData/Wishie-gavmeupfwiyxzhaiqkwzocyeeixy/Index.noindex/DataStore @/Users/khanghnguyen/Library/Developer/Xcode/DerivedData/Wishie-gavmeupfwiyxzhaiqkwzocyeeixy/Build/Intermediates.noindex/GoogleUtilities.build/Debug-iphoneos/third-party-IsAppEncrypted.build/Objects-normal/arm64/e6072d4f65d7061329687fe24e3d63a7-common-args.resp -MMD -MT dependencies -MF /Users/khanghnguyen/Library/Developer/Xcode/DerivedData/Wishie-gavmeupfwiyxzhaiqkwzocyeeixy/Build/Intermediates.noindex/GoogleUtilities.build/Debug-iphoneos/third-party-IsAppEncrypted.build/Objects-normal/arm64/IsAppEncrypted.d --serialize-diagnostics /Users/khanghnguyen/Library/Developer/Xcode/DerivedData/Wishie-gavmeupfwiyxzhaiqkwzocyeeixy/Build/Intermediates.noindex/GoogleUtilities.build/Debug-iphoneos/third-party-IsAppEncrypted.build/Objects-normal/arm64/IsAppEncrypted.dia -c /Users/khanghnguyen/Library/Developer/Xcode/DerivedData/Wishie-gavmeupfwiyxzhaiqkwzocyeeixy/SourcePackages/checkouts/GoogleUtilities/third_party/IsAppEncrypted/IsAppEncrypted.m -o /Users/khanghnguyen/Library/Developer/Xcode/DerivedData/Wishie-gavmeupfwiyxzhaiqkwzocyeeixy/Build/Intermediates.noindex/GoogleUtilities.build/Debug-iphoneos/third-party-IsAppEncrypted.build/Objects-normal/arm64/IsAppEncrypted.o -index-unit-output-path /GoogleUtilities.build/Debug-iphoneos/third-party-IsAppEncrypted.build/Objects-normal/arm64/IsAppEncrypted.o

PrecompileModule /Users/khanghnguyen/Library/Developer/Xcode/DerivedData/Wishie-gavmeupfwiyxzhaiqkwzocyeeixy/Build/Intermediates.noindex/ExplicitPrecompiledModules/Darwin-3Q18P8EG3LLHLZ9SEJTASDLS8.scan
    cd /
    builtin-precompileModule /Users/khanghnguyen/Library/Developer/Xcode/DerivedData/Wishie-gavmeupfwiyxzhaiqkwzocyeeixy/Build/Intermediates.noindex/ExplicitPrecompiledModules/Darwin-3Q18P8EG3LLHLZ9SEJTASDLS8.scan

ScanDependencies /Users/khanghnguyen/Library/Developer/Xcode/DerivedData/Wishie-gavmeupfwiyxzhaiqkwzocyeeixy/Build/Intermediates.noindex/SDWebImage.build/Debug-iphoneos/SDWebImage.build/Objects-normal/arm64/SDWebImageDownloaderRequestModifier.o /Users/khanghnguyen/Library/Developer/Xcode/DerivedData/Wishie-gavmeupfwiyxzhaiqkwzocyeeixy/SourcePackages/checkouts/SDWebImage/SDWebImage/Core/SDWebImageDownloaderRequestModifier.m normal arm64 objective-c com.apple.compilers.llvm.clang.1_0.compiler (in target 'SDWebImage' from project 'SDWebImage')
    cd /Users/khanghnguyen/Downloads/Wishie/Wishie.xcodeproj
    
    Using response file: /Users/khanghnguyen/Library/Developer/Xcode/DerivedData/Wishie-gavmeupfwiyxzhaiqkwzocyeeixy/Build/Intermediates.noindex/SDWebImage.build/Debug-iphoneos/SDWebImage.build/Objects-normal/arm64/e6072d4f65d7061329687fe24e3d63a7-common-args.resp
    
    builtin-ScanDependencies -o /Users/khanghnguyen/Library/Developer/Xcode/DerivedData/Wishie-gavmeupfwiyxzhaiqkwzocyeeixy/Build/Intermediates.noindex/SDWebImage.build/Debug-iphoneos/SDWebImage.build/Objects-normal/arm64/SDWebImageDownloaderRequestModifier.o.scan -- /Applications/Xcode.app/Contents/Developer/Toolchains/XcodeDefault.xctoolchain/usr/bin/clang -x objective-c -ivfsstatcache /Users/khanghnguyen/Library/Developer/Xcode/DerivedData/SDKStatCaches.noindex/iphoneos26.2-23C57-3794476bd08197c3e2abd9bb477ef7f7.sdkstatcache -fmessage-length\=0 -fdiagnostics-show-note-include-stack -fmacro-backtrace-limit\=0 -fno-color-diagnostics -fmodules-prune-interval\=86400 -fmodules-prune-after\=345600 -fbuild-session-file\=/Users/khanghnguyen/Library/Developer/Xcode/DerivedData/ModuleCache.noindex/Session.modulevalidation -fmodules-validate-once-per-build-session -Wnon-modular-include-in-framework-module -Werror\=non-modular-include-in-framework-module -Wno-trigraphs -Wno-missing-field-initializers -Wno-missing-prototypes -Wno-return-type -Wno-implicit-atomic-properties -Wno-objc-interface-ivars -Wno-arc-repeated-use-of-weak -Wno-missing-braces -Wparentheses -Wswitch -Wno-unused-function -Wno-unused-label -Wno-unused-parameter -Wno-unused-variable -Wunused-value -Wno-empty-body -Wno-uninitialized -Wno-unknown-pragmas -w -Wno-shadow -Wno-four-char-constants -Wno-conversion -Wno-constant-conversion -Wno-int-conversion -Wno-bool-conversion -Wno-enum-conversion -Wno-float-conversion -Wno-non-literal-null-conversion -Wno-objc-literal-conversion -Wshorten-64-to-32 -Wpointer-sign -Wno-newline-eof -Wno-selector -Wno-strict-selector-match -Wno-undeclared-selector -Wno-deprecated-implementations -Wno-implicit-fallthrough -fstrict-aliasing -Wprotocol -Wdeprecated-declarations -Wno-sign-conversion -Wno-infinite-recursion -Wno-comma -Wno-block-capture-autoreleasing -Wno-strict-prototypes -Wno-semicolon-before-method-body -index-store-path /Users/khanghnguyen/Library/Developer/Xcode/DerivedData/Wishie-gavmeupfwiyxzhaiqkwzocyeeixy/Index.noindex/DataStore @/Users/khanghnguyen/Library/Developer/Xcode/DerivedData/Wishie-gavmeupfwiyxzhaiqkwzocyeeixy/Build/Intermediates.noindex/SDWebImage.build/Debug-iphoneos/SDWebImage.build/Objects-normal/arm64/e6072d4f65d7061329687fe24e3d63a7-common-args.resp -include /Users/khanghnguyen/Library/Developer/Xcode/DerivedData/Wishie-gavmeupfwiyxzhaiqkwzocyeeixy/Build/Intermediates.noindex/SDWebImage.build/Debug-iphoneos/SDWebImage.build/DerivedSources/resource_bundle_accessor.h -MMD -MT dependencies -MF /Users/khanghnguyen/Library/Developer/Xcode/DerivedData/Wishie-gavmeupfwiyxzhaiqkwzocyeeixy/Build/Intermediates.noindex/SDWebImage.build/Debug-iphoneos/SDWebImage.build/Objects-normal/arm64/SDWebImageDownloaderRequestModifier.d --serialize-diagnostics /Users/khanghnguyen/Library/Developer/Xcode/DerivedData/Wishie-gavmeupfwiyxzhaiqkwzocyeeixy/Build/Intermediates.noindex/SDWebImage.build/Debug-iphoneos/SDWebImage.build/Objects-normal/arm64/SDWebImageDownloaderRequestModifier.dia -c /Users/khanghnguyen/Library/Developer/Xcode/DerivedData/Wishie-gavmeupfwiyxzhaiqkwzocyeeixy/SourcePackages/checkouts/SDWebImage/SDWebImage/Core/SDWebImageDownloaderRequestModifier.m -o /Users/khanghnguyen/Library/Developer/Xcode/DerivedData/Wishie-gavmeupfwiyxzhaiqkwzocyeeixy/Build/Intermediates.noindex/SDWebImage.build/Debug-iphoneos/SDWebImage.build/Objects-normal/arm64/SDWebImageDownloaderRequestModifier.o -index-unit-output-path /SDWebImage.build/Debug-iphoneos/SDWebImage.build/Objects-normal/arm64/SDWebImageDownloaderRequestModifier.o

ScanDependencies /Users/khanghnguyen/Library/Developer/Xcode/DerivedData/Wishie-gavmeupfwiyxzhaiqkwzocyeeixy/Build/Intermediates.noindex/SDWebImage.build/Debug-iphoneos/SDWebImage.build/Objects-normal/arm64/SDWebImageDownloaderOperation.o /Users/khanghnguyen/Library/Developer/Xcode/DerivedData/Wishie-gavmeupfwiyxzhaiqkwzocyeeixy/SourcePackages/checkouts/SDWebImage/SDWebImage/Core/SDWebImageDownloaderOperation.m normal arm64 objective-c com.apple.compilers.llvm.clang.1_0.compiler (in target 'SDWebImage' from project 'SDWebImage')
    cd /Users/khanghnguyen/Downloads/Wishie/Wishie.xcodeproj
    
    Using response file: /Users/khanghnguyen/Library/Developer/Xcode/DerivedData/Wishie-gavmeupfwiyxzhaiqkwzocyeeixy/Build/Intermediates.noindex/SDWebImage.build/Debug-iphoneos/SDWebImage.build/Objects-normal/arm64/e6072d4f65d7061329687fe24e3d63a7-common-args.resp
    
    builtin-ScanDependencies -o /Users/khanghnguyen/Library/Developer/Xcode/DerivedData/Wishie-gavmeupfwiyxzhaiqkwzocyeeixy/Build/Intermediates.noindex/SDWebImage.build/Debug-iphoneos/SDWebImage.build/Objects-normal/arm64/SDWebImageDownloaderOperation.o.scan -- /Applications/Xcode.app/Contents/Developer/Toolchains/XcodeDefault.xctoolchain/usr/bin/clang -x objective-c -ivfsstatcache /Users/khanghnguyen/Library/Developer/Xcode/DerivedData/SDKStatCaches.noindex/iphoneos26.2-23C57-3794476bd08197c3e2abd9bb477ef7f7.sdkstatcache -fmessage-length\=0 -fdiagnostics-show-note-include-stack -fmacro-backtrace-limit\=0 -fno-color-diagnostics -fmodules-prune-interval\=86400 -fmodules-prune-after\=345600 -fbuild-session-file\=/Users/khanghnguyen/Library/Developer/Xcode/DerivedData/ModuleCache.noindex/Session.modulevalidation -fmodules-validate-once-per-build-session -Wnon-modular-include-in-framework-module -Werror\=non-modular-include-in-framework-module -Wno-trigraphs -Wno-missing-field-initializers -Wno-missing-prototypes -Wno-return-type -Wno-implicit-atomic-properties -Wno-objc-interface-ivars -Wno-arc-repeated-use-of-weak -Wno-missing-braces -Wparentheses -Wswitch -Wno-unused-function -Wno-unused-label -Wno-unused-parameter -Wno-unused-variable -Wunused-value -Wno-empty-body -Wno-uninitialized -Wno-unknown-pragmas -w -Wno-shadow -Wno-four-char-constants -Wno-conversion -Wno-constant-conversion -Wno-int-conversion -Wno-bool-conversion -Wno-enum-conversion -Wno-float-conversion -Wno-non-literal-null-conversion -Wno-objc-literal-conversion -Wshorten-64-to-32 -Wpointer-sign -Wno-newline-eof -Wno-selector -Wno-strict-selector-match -Wno-undeclared-selector -Wno-deprecated-implementations -Wno-implicit-fallthrough -fstrict-aliasing -Wprotocol -Wdeprecated-declarations -Wno-sign-conversion -Wno-infinite-recursion -Wno-comma -Wno-block-capture-autoreleasing -Wno-strict-prototypes -Wno-semicolon-before-method-body -index-store-path /Users/khanghnguyen/Library/Developer/Xcode/DerivedData/Wishie-gavmeupfwiyxzhaiqkwzocyeeixy/Index.noindex/DataStore @/Users/khanghnguyen/Library/Developer/Xcode/DerivedData/Wishie-gavmeupfwiyxzhaiqkwzocyeeixy/Build/Intermediates.noindex/SDWebImage.build/Debug-iphoneos/SDWebImage.build/Objects-normal/arm64/e6072d4f65d7061329687fe24e3d63a7-common-args.resp -include /Users/khanghnguyen/Library/Developer/Xcode/DerivedData/Wishie-gavmeupfwiyxzhaiqkwzocyeeixy/Build/Intermediates.noindex/SDWebImage.build/Debug-iphoneos/SDWebImage.build/DerivedSources/resource_bundle_accessor.h -MMD -MT dependencies -MF /Users/khanghnguyen/Library/Developer/Xcode/DerivedData/Wishie-gavmeupfwiyxzhaiqkwzocyeeixy/Build/Intermediates.noindex/SDWebImage.build/Debug-iphoneos/SDWebImage.build/Objects-normal/arm64/SDWebImageDownloaderOperation.d --serialize-diagnostics /Users/khanghnguyen/Library/Developer/Xcode/DerivedData/Wishie-gavmeupfwiyxzhaiqkwzocyeeixy/Build/Intermediates.noindex/SDWebImage.build/Debug-iphoneos/SDWebImage.build/Objects-normal/arm64/SDWebImageDownloaderOperation.dia -c /Users/khanghnguyen/Library/Developer/Xcode/DerivedData/Wishie-gavmeupfwiyxzhaiqkwzocyeeixy/SourcePackages/checkouts/SDWebImage/SDWebImage/Core/SDWebImageDownloaderOperation.m -o /Users/khanghnguyen/Library/Developer/Xcode/DerivedData/Wishie-gavmeupfwiyxzhaiqkwzocyeeixy/Build/Intermediates.noindex/SDWebImage.build/Debug-iphoneos/SDWebImage.build/Objects-normal/arm64/SDWebImageDownloaderOperation.o -index-unit-output-path /SDWebImage.build/Debug-iphoneos/SDWebImage.build/Objects-normal/arm64/SDWebImageDownloaderOperation.o

ScanDependencies /Users/khanghnguyen/Library/Developer/Xcode/DerivedData/Wishie-gavmeupfwiyxzhaiqkwzocyeeixy/Build/Intermediates.noindex/SDWebImage.build/Debug-iphoneos/SDWebImage.build/Objects-normal/arm64/SDWebImageDownloaderDecryptor.o /Users/khanghnguyen/Library/Developer/Xcode/DerivedData/Wishie-gavmeupfwiyxzhaiqkwzocyeeixy/SourcePackages/checkouts/SDWebImage/SDWebImage/Core/SDWebImageDownloaderDecryptor.m normal arm64 objective-c com.apple.compilers.llvm.clang.1_0.compiler (in target 'SDWebImage' from project 'SDWebImage')
    cd /Users/khanghnguyen/Downloads/Wishie/Wishie.xcodeproj
    
    Using response file: /Users/khanghnguyen/Library/Developer/Xcode/DerivedData/Wishie-gavmeupfwiyxzhaiqkwzocyeeixy/Build/Intermediates.noindex/SDWebImage.build/Debug-iphoneos/SDWebImage.build/Objects-normal/arm64/e6072d4f65d7061329687fe24e3d63a7-common-args.resp
    
    builtin-ScanDependencies -o /Users/khanghnguyen/Library/Developer/Xcode/DerivedData/Wishie-gavmeupfwiyxzhaiqkwzocyeeixy/Build/Intermediates.noindex/SDWebImage.build/Debug-iphoneos/SDWebImage.build/Objects-normal/arm64/SDWebImageDownloaderDecryptor.o.scan -- /Applications/Xcode.app/Contents/Developer/Toolchains/XcodeDefault.xctoolchain/usr/bin/clang -x objective-c -ivfsstatcache /Users/khanghnguyen/Library/Developer/Xcode/DerivedData/SDKStatCaches.noindex/iphoneos26.2-23C57-3794476bd08197c3e2abd9bb477ef7f7.sdkstatcache -fmessage-length\=0 -fdiagnostics-show-note-include-stack -fmacro-backtrace-limit\=0 -fno-color-diagnostics -fmodules-prune-interval\=86400 -fmodules-prune-after\=345600 -fbuild-session-file\=/Users/khanghnguyen/Library/Developer/Xcode/DerivedData/ModuleCache.noindex/Session.modulevalidation -fmodules-validate-once-per-build-session -Wnon-modular-include-in-framework-module -Werror\=non-modular-include-in-framework-module -Wno-trigraphs -Wno-missing-field-initializers -Wno-missing-prototypes -Wno-return-type -Wno-implicit-atomic-properties -Wno-objc-interface-ivars -Wno-arc-repeated-use-of-weak -Wno-missing-braces -Wparentheses -Wswitch -Wno-unused-function -Wno-unused-label -Wno-unused-parameter -Wno-unused-variable -Wunused-value -Wno-empty-body -Wno-uninitialized -Wno-unknown-pragmas -w -Wno-shadow -Wno-four-char-constants -Wno-conversion -Wno-constant-conversion -Wno-int-conversion -Wno-bool-conversion -Wno-enum-conversion -Wno-float-conversion -Wno-non-literal-null-conversion -Wno-objc-literal-conversion -Wshorten-64-to-32 -Wpointer-sign -Wno-newline-eof -Wno-selector -Wno-strict-selector-match -Wno-undeclared-selector -Wno-deprecated-implementations -Wno-implicit-fallthrough -fstrict-aliasing -Wprotocol -Wdeprecated-declarations -Wno-sign-conversion -Wno-infinite-recursion -Wno-comma -Wno-block-capture-autoreleasing -Wno-strict-prototypes -Wno-semicolon-before-method-body -index-store-path /Users/khanghnguyen/Library/Developer/Xcode/DerivedData/Wishie-gavmeupfwiyxzhaiqkwzocyeeixy/Index.noindex/DataStore @/Users/khanghnguyen/Library/Developer/Xcode/DerivedData/Wishie-gavmeupfwiyxzhaiqkwzocyeeixy/Build/Intermediates.noindex/SDWebImage.build/Debug-iphoneos/SDWebImage.build/Objects-normal/arm64/e6072d4f65d7061329687fe24e3d63a7-common-args.resp -include /Users/khanghnguyen/Library/Developer/Xcode/DerivedData/Wishie-gavmeupfwiyxzhaiqkwzocyeeixy/Build/Intermediates.noindex/SDWebImage.build/Debug-iphoneos/SDWebImage.build/DerivedSources/resource_bundle_accessor.h -MMD -MT dependencies -MF /Users/khanghnguyen/Library/Developer/Xcode/DerivedData/Wishie-gavmeupfwiyxzhaiqkwzocyeeixy/Build/Intermediates.noindex/SDWebImage.build/Debug-iphoneos/SDWebImage.build/Objects-normal/arm64/SDWebImageDownloaderDecryptor.d --serialize-diagnostics /Users/khanghnguyen/Library/Developer/Xcode/DerivedData/Wishie-gavmeupfwiyxzhaiqkwzocyeeixy/Build/Intermediates.noindex/SDWebImage.build/Debug-iphoneos/SDWebImage.build/Objects-normal/arm64/SDWebImageDownloaderDecryptor.dia -c /Users/khanghnguyen/Library/Developer/Xcode/DerivedData/Wishie-gavmeupfwiyxzhaiqkwzocyeeixy/SourcePackages/checkouts/SDWebImage/SDWebImage/Core/SDWebImageDownloaderDecryptor.m -o /Users/khanghnguyen/Library/Developer/Xcode/DerivedData/Wishie-gavmeupfwiyxzhaiqkwzocyeeixy/Build/Intermediates.noindex/SDWebImage.build/Debug-iphoneos/SDWebImage.build/Objects-normal/arm64/SDWebImageDownloaderDecryptor.o -index-unit-output-path /SDWebImage.build/Debug-iphoneos/SDWebImage.build/Objects-normal/arm64/SDWebImageDownloaderDecryptor.o

ScanDependencies /Users/khanghnguyen/Library/Developer/Xcode/DerivedData/Wishie-gavmeupfwiyxzhaiqkwzocyeeixy/Build/Intermediates.noindex/SDWebImage.build/Debug-iphoneos/SDWebImage.build/Objects-normal/arm64/SDWebImageDownloaderConfig.o /Users/khanghnguyen/Library/Developer/Xcode/DerivedData/Wishie-gavmeupfwiyxzhaiqkwzocyeeixy/SourcePackages/checkouts/SDWebImage/SDWebImage/Core/SDWebImageDownloaderConfig.m normal arm64 objective-c com.apple.compilers.llvm.clang.1_0.compiler (in target 'SDWebImage' from project 'SDWebImage')
    cd /Users/khanghnguyen/Downloads/Wishie/Wishie.xcodeproj
    
    Using response file: /Users/khanghnguyen/Library/Developer/Xcode/DerivedData/Wishie-gavmeupfwiyxzhaiqkwzocyeeixy/Build/Intermediates.noindex/SDWebImage.build/Debug-iphoneos/SDWebImage.build/Objects-normal/arm64/e6072d4f65d7061329687fe24e3d63a7-common-args.resp
    
    builtin-ScanDependencies -o /Users/khanghnguyen/Library/Developer/Xcode/DerivedData/Wishie-gavmeupfwiyxzhaiqkwzocyeeixy/Build/Intermediates.noindex/SDWebImage.build/Debug-iphoneos/SDWebImage.build/Objects-normal/arm64/SDWebImageDownloaderConfig.o.scan -- /Applications/Xcode.app/Contents/Developer/Toolchains/XcodeDefault.xctoolchain/usr/bin/clang -x objective-c -ivfsstatcache /Users/khanghnguyen/Library/Developer/Xcode/DerivedData/SDKStatCaches.noindex/iphoneos26.2-23C57-3794476bd08197c3e2abd9bb477ef7f7.sdkstatcache -fmessage-length\=0 -fdiagnostics-show-note-include-stack -fmacro-backtrace-limit\=0 -fno-color-diagnostics -fmodules-prune-interval\=86400 -fmodules-prune-after\=345600 -fbuild-session-file\=/Users/khanghnguyen/Library/Developer/Xcode/DerivedData/ModuleCache.noindex/Session.modulevalidation -fmodules-validate-once-per-build-session -Wnon-modular-include-in-framework-module -Werror\=non-modular-include-in-framework-module -Wno-trigraphs -Wno-missing-field-initializers -Wno-missing-prototypes -Wno-return-type -Wno-implicit-atomic-properties -Wno-objc-interface-ivars -Wno-arc-repeated-use-of-weak -Wno-missing-braces -Wparentheses -Wswitch -Wno-unused-function -Wno-unused-label -Wno-unused-parameter -Wno-unused-variable -Wunused-value -Wno-empty-body -Wno-uninitialized -Wno-unknown-pragmas -w -Wno-shadow -Wno-four-char-constants -Wno-conversion -Wno-constant-conversion -Wno-int-conversion -Wno-bool-conversion -Wno-enum-conversion -Wno-float-conversion -Wno-non-literal-null-conversion -Wno-objc-literal-conversion -Wshorten-64-to-32 -Wpointer-sign -Wno-newline-eof -Wno-selector -Wno-strict-selector-match -Wno-undeclared-selector -Wno-deprecated-implementations -Wno-implicit-fallthrough -fstrict-aliasing -Wprotocol -Wdeprecated-declarations -Wno-sign-conversion -Wno-infinite-recursion -Wno-comma -Wno-block-capture-autoreleasing -Wno-strict-prototypes -Wno-semicolon-before-method-body -index-store-path /Users/khanghnguyen/Library/Developer/Xcode/DerivedData/Wishie-gavmeupfwiyxzhaiqkwzocyeeixy/Index.noindex/DataStore @/Users/khanghnguyen/Library/Developer/Xcode/DerivedData/Wishie-gavmeupfwiyxzhaiqkwzocyeeixy/Build/Intermediates.noindex/SDWebImage.build/Debug-iphoneos/SDWebImage.build/Objects-normal/arm64/e6072d4f65d7061329687fe24e3d63a7-common-args.resp -include /Users/khanghnguyen/Library/Developer/Xcode/DerivedData/Wishie-gavmeupfwiyxzhaiqkwzocyeeixy/Build/Intermediates.noindex/SDWebImage.build/Debug-iphoneos/SDWebImage.build/DerivedSources/resource_bundle_accessor.h -MMD -MT dependencies -MF /Users/khanghnguyen/Library/Developer/Xcode/DerivedData/Wishie-gavmeupfwiyxzhaiqkwzocyeeixy/Build/Intermediates.noindex/SDWebImage.build/Debug-iphoneos/SDWebImage.build/Objects-normal/arm64/SDWebImageDownloaderConfig.d --serialize-diagnostics /Users/khanghnguyen/Library/Developer/Xcode/DerivedData/Wishie-gavmeupfwiyxzhaiqkwzocyeeixy/Build/Intermediates.noindex/SDWebImage.build/Debug-iphoneos/SDWebImage.build/Objects-normal/arm64/SDWebImageDownloaderConfig.dia -c /Users/khanghnguyen/Library/Developer/Xcode/DerivedData/Wishie-gavmeupfwiyxzhaiqkwzocyeeixy/SourcePackages/checkouts/SDWebImage/SDWebImage/Core/SDWebImageDownloaderConfig.m -o /Users/khanghnguyen/Library/Developer/Xcode/DerivedData/Wishie-gavmeupfwiyxzhaiqkwzocyeeixy/Build/Intermediates.noindex/SDWebImage.build/Debug-iphoneos/SDWebImage.build/Objects-normal/arm64/SDWebImageDownloaderConfig.o -index-unit-output-path /SDWebImage.build/Debug-iphoneos/SDWebImage.build/Objects-normal/arm64/SDWebImageDownloaderConfig.o

PrecompileModule /Users/khanghnguyen/Library/Developer/Xcode/DerivedData/Wishie-gavmeupfwiyxzhaiqkwzocyeeixy/Build/Intermediates.noindex/ExplicitPrecompiledModules/_Builtin_inttypes-9X618U34P51LH7OS32RMT47PG.scan
    cd /
    builtin-precompileModule /Users/khanghnguyen/Library/Developer/Xcode/DerivedData/Wishie-gavmeupfwiyxzhaiqkwzocyeeixy/Build/Intermediates.noindex/ExplicitPrecompiledModules/_Builtin_inttypes-9X618U34P51LH7OS32RMT47PG.scan

Ld /Users/khanghnguyen/Library/Developer/Xcode/DerivedData/Wishie-gavmeupfwiyxzhaiqkwzocyeeixy/Build/Products/Debug-iphoneos/third-party-IsAppEncrypted.o normal (in target 'third-party-IsAppEncrypted' from project 'GoogleUtilities')
    cd /Users/khanghnguyen/Library/Developer/Xcode/DerivedData/Wishie-gavmeupfwiyxzhaiqkwzocyeeixy/SourcePackages/checkouts/GoogleUtilities
    /Applications/Xcode.app/Contents/Developer/Toolchains/XcodeDefault.xctoolchain/usr/bin/clang -Xlinker -reproducible -target arm64-apple-ios12.0 -r -isysroot /Applications/Xcode.app/Contents/Developer/Platforms/iPhoneOS.platform/Developer/SDKs/iPhoneOS26.2.sdk -O0 -w -L/Users/khanghnguyen/Library/Developer/Xcode/DerivedData/Wishie-gavmeupfwiyxzhaiqkwzocyeeixy/Build/Intermediates.noindex/EagerLinkingTBDs/Debug-iphoneos -L/Users/khanghnguyen/Library/Developer/Xcode/DerivedData/Wishie-gavmeupfwiyxzhaiqkwzocyeeixy/Build/Products/Debug-iphoneos -L/Applications/Xcode.app/Contents/Developer/Platforms/iPhoneOS.platform/Developer/usr/lib -F/Users/khanghnguyen/Library/Developer/Xcode/DerivedData/Wishie-gavmeupfwiyxzhaiqkwzocyeeixy/Build/Intermediates.noindex/EagerLinkingTBDs/Debug-iphoneos -F/Users/khanghnguyen/Library/Developer/Xcode/DerivedData/Wishie-gavmeupfwiyxzhaiqkwzocyeeixy/Build/Products/Debug-iphoneos -iframework /Applications/Xcode.app/Contents/Developer/Platforms/iPhoneOS.platform/Developer/Library/Frameworks -iframework /Applications/Xcode.app/Contents/Developer/Platforms/iPhoneOS.platform/Developer/SDKs/iPhoneOS26.2.sdk/Developer/Library/Frameworks -filelist /Users/khanghnguyen/Library/Developer/Xcode/DerivedData/Wishie-gavmeupfwiyxzhaiqkwzocyeeixy/Build/Intermediates.noindex/GoogleUtilities.build/Debug-iphoneos/third-party-IsAppEncrypted.build/Objects-normal/arm64/third-party-IsAppEncrypted.LinkFileList -nostdlib -Xlinker -object_path_lto -Xlinker /Users/khanghnguyen/Library/Developer/Xcode/DerivedData/Wishie-gavmeupfwiyxzhaiqkwzocyeeixy/Build/Intermediates.noindex/GoogleUtilities.build/Debug-iphoneos/third-party-IsAppEncrypted.build/Objects-normal/arm64/third-party-IsAppEncrypted_lto.o -rdynamic -Xlinker -no_deduplicate -Xlinker -debug_variant -Xlinker -dependency_info -Xlinker /Users/khanghnguyen/Library/Developer/Xcode/DerivedData/Wishie-gavmeupfwiyxzhaiqkwzocyeeixy/Build/Intermediates.noindex/GoogleUtilities.build/Debug-iphoneos/third-party-IsAppEncrypted.build/Objects-normal/arm64/third-party-IsAppEncrypted_dependency_info.dat -fobjc-arc -fobjc-link-runtime -o /Users/khanghnguyen/Library/Developer/Xcode/DerivedData/Wishie-gavmeupfwiyxzhaiqkwzocyeeixy/Build/Products/Debug-iphoneos/third-party-IsAppEncrypted.o

ScanDependencies /Users/khanghnguyen/Library/Developer/Xcode/DerivedData/Wishie-gavmeupfwiyxzhaiqkwzocyeeixy/Build/Intermediates.noindex/SDWebImage.build/Debug-iphoneos/SDWebImage.build/Objects-normal/arm64/SDWebImageDownloader.o /Users/khanghnguyen/Library/Developer/Xcode/DerivedData/Wishie-gavmeupfwiyxzhaiqkwzocyeeixy/SourcePackages/checkouts/SDWebImage/SDWebImage/Core/SDWebImageDownloader.m normal arm64 objective-c com.apple.compilers.llvm.clang.1_0.compiler (in target 'SDWebImage' from project 'SDWebImage')
    cd /Users/khanghnguyen/Downloads/Wishie/Wishie.xcodeproj
    
    Using response file: /Users/khanghnguyen/Library/Developer/Xcode/DerivedData/Wishie-gavmeupfwiyxzhaiqkwzocyeeixy/Build/Intermediates.noindex/SDWebImage.build/Debug-iphoneos/SDWebImage.build/Objects-normal/arm64/e6072d4f65d7061329687fe24e3d63a7-common-args.resp
    
    builtin-ScanDependencies -o /Users/khanghnguyen/Library/Developer/Xcode/DerivedData/Wishie-gavmeupfwiyxzhaiqkwzocyeeixy/Build/Intermediates.noindex/SDWebImage.build/Debug-iphoneos/SDWebImage.build/Objects-normal/arm64/SDWebImageDownloader.o.scan -- /Applications/Xcode.app/Contents/Developer/Toolchains/XcodeDefault.xctoolchain/usr/bin/clang -x objective-c -ivfsstatcache /Users/khanghnguyen/Library/Developer/Xcode/DerivedData/SDKStatCaches.noindex/iphoneos26.2-23C57-3794476bd08197c3e2abd9bb477ef7f7.sdkstatcache -fmessage-length\=0 -fdiagnostics-show-note-include-stack -fmacro-backtrace-limit\=0 -fno-color-diagnostics -fmodules-prune-interval\=86400 -fmodules-prune-after\=345600 -fbuild-session-file\=/Users/khanghnguyen/Library/Developer/Xcode/DerivedData/ModuleCache.noindex/Session.modulevalidation -fmodules-validate-once-per-build-session -Wnon-modular-include-in-framework-module -Werror\=non-modular-include-in-framework-module -Wno-trigraphs -Wno-missing-field-initializers -Wno-missing-prototypes -Wno-return-type -Wno-implicit-atomic-properties -Wno-objc-interface-ivars -Wno-arc-repeated-use-of-weak -Wno-missing-braces -Wparentheses -Wswitch -Wno-unused-function -Wno-unused-label -Wno-unused-parameter -Wno-unused-variable -Wunused-value -Wno-empty-body -Wno-uninitialized -Wno-unknown-pragmas -w -Wno-shadow -Wno-four-char-constants -Wno-conversion -Wno-constant-conversion -Wno-int-conversion -Wno-bool-conversion -Wno-enum-conversion -Wno-float-conversion -Wno-non-literal-null-conversion -Wno-objc-literal-conversion -Wshorten-64-to-32 -Wpointer-sign -Wno-newline-eof -Wno-selector -Wno-strict-selector-match -Wno-undeclared-selector -Wno-deprecated-implementations -Wno-implicit-fallthrough -fstrict-aliasing -Wprotocol -Wdeprecated-declarations -Wno-sign-conversion -Wno-infinite-recursion -Wno-comma -Wno-block-capture-autoreleasing -Wno-strict-prototypes -Wno-semicolon-before-method-body -index-store-path /Users/khanghnguyen/Library/Developer/Xcode/DerivedData/Wishie-gavmeupfwiyxzhaiqkwzocyeeixy/Index.noindex/DataStore @/Users/khanghnguyen/Library/Developer/Xcode/DerivedData/Wishie-gavmeupfwiyxzhaiqkwzocyeeixy/Build/Intermediates.noindex/SDWebImage.build/Debug-iphoneos/SDWebImage.build/Objects-normal/arm64/e6072d4f65d7061329687fe24e3d63a7-common-args.resp -include /Users/khanghnguyen/Library/Developer/Xcode/DerivedData/Wishie-gavmeupfwiyxzhaiqkwzocyeeixy/Build/Intermediates.noindex/SDWebImage.build/Debug-iphoneos/SDWebImage.build/DerivedSources/resource_bundle_accessor.h -MMD -MT dependencies -MF /Users/khanghnguyen/Library/Developer/Xcode/DerivedData/Wishie-gavmeupfwiyxzhaiqkwzocyeeixy/Build/Intermediates.noindex/SDWebImage.build/Debug-iphoneos/SDWebImage.build/Objects-normal/arm64/SDWebImageDownloader.d --serialize-diagnostics /Users/khanghnguyen/Library/Developer/Xcode/DerivedData/Wishie-gavmeupfwiyxzhaiqkwzocyeeixy/Build/Intermediates.noindex/SDWebImage.build/Debug-iphoneos/SDWebImage.build/Objects-normal/arm64/SDWebImageDownloader.dia -c /Users/khanghnguyen/Library/Developer/Xcode/DerivedData/Wishie-gavmeupfwiyxzhaiqkwzocyeeixy/SourcePackages/checkouts/SDWebImage/SDWebImage/Core/SDWebImageDownloader.m -o /Users/khanghnguyen/Library/Developer/Xcode/DerivedData/Wishie-gavmeupfwiyxzhaiqkwzocyeeixy/Build/Intermediates.noindex/SDWebImage.build/Debug-iphoneos/SDWebImage.build/Objects-normal/arm64/SDWebImageDownloader.o -index-unit-output-path /SDWebImage.build/Debug-iphoneos/SDWebImage.build/Objects-normal/arm64/SDWebImageDownloader.o

PrecompileModule /Users/khanghnguyen/Library/Developer/Xcode/DerivedData/Wishie-gavmeupfwiyxzhaiqkwzocyeeixy/Build/Intermediates.noindex/ExplicitPrecompiledModules/_Builtin_inttypes-CZ0P69T32PP2A25335ACCPBRU.scan
    cd /
    builtin-precompileModule /Users/khanghnguyen/Library/Developer/Xcode/DerivedData/Wishie-gavmeupfwiyxzhaiqkwzocyeeixy/Build/Intermediates.noindex/ExplicitPrecompiledModules/_Builtin_inttypes-CZ0P69T32PP2A25335ACCPBRU.scan

ScanDependencies /Users/khanghnguyen/Library/Developer/Xcode/DerivedData/Wishie-gavmeupfwiyxzhaiqkwzocyeeixy/Build/Intermediates.noindex/SDWebImage.build/Debug-iphoneos/SDWebImage.build/Objects-normal/arm64/SDWebImageDefine.o /Users/khanghnguyen/Library/Developer/Xcode/DerivedData/Wishie-gavmeupfwiyxzhaiqkwzocyeeixy/SourcePackages/checkouts/SDWebImage/SDWebImage/Core/SDWebImageDefine.m normal arm64 objective-c com.apple.compilers.llvm.clang.1_0.compiler (in target 'SDWebImage' from project 'SDWebImage')
    cd /Users/khanghnguyen/Downloads/Wishie/Wishie.xcodeproj
    
    Using response file: /Users/khanghnguyen/Library/Developer/Xcode/DerivedData/Wishie-gavmeupfwiyxzhaiqkwzocyeeixy/Build/Intermediates.noindex/SDWebImage.build/Debug-iphoneos/SDWebImage.build/Objects-normal/arm64/e6072d4f65d7061329687fe24e3d63a7-common-args.resp
    
    builtin-ScanDependencies -o /Users/khanghnguyen/Library/Developer/Xcode/DerivedData/Wishie-gavmeupfwiyxzhaiqkwzocyeeixy/Build/Intermediates.noindex/SDWebImage.build/Debug-iphoneos/SDWebImage.build/Objects-normal/arm64/SDWebImageDefine.o.scan -- /Applications/Xcode.app/Contents/Developer/Toolchains/XcodeDefault.xctoolchain/usr/bin/clang -x objective-c -ivfsstatcache /Users/khanghnguyen/Library/Developer/Xcode/DerivedData/SDKStatCaches.noindex/iphoneos26.2-23C57-3794476bd08197c3e2abd9bb477ef7f7.sdkstatcache -fmessage-length\=0 -fdiagnostics-show-note-include-stack -fmacro-backtrace-limit\=0 -fno-color-diagnostics -fmodules-prune-interval\=86400 -fmodules-prune-after\=345600 -fbuild-session-file\=/Users/khanghnguyen/Library/Developer/Xcode/DerivedData/ModuleCache.noindex/Session.modulevalidation -fmodules-validate-once-per-build-session -Wnon-modular-include-in-framework-module -Werror\=non-modular-include-in-framework-module -Wno-trigraphs -Wno-missing-field-initializers -Wno-missing-prototypes -Wno-return-type -Wno-implicit-atomic-properties -Wno-objc-interface-ivars -Wno-arc-repeated-use-of-weak -Wno-missing-braces -Wparentheses -Wswitch -Wno-unused-function -Wno-unused-label -Wno-unused-parameter -Wno-unused-variable -Wunused-value -Wno-empty-body -Wno-uninitialized -Wno-unknown-pragmas -w -Wno-shadow -Wno-four-char-constants -Wno-conversion -Wno-constant-conversion -Wno-int-conversion -Wno-bool-conversion -Wno-enum-conversion -Wno-float-conversion -Wno-non-literal-null-conversion -Wno-objc-literal-conversion -Wshorten-64-to-32 -Wpointer-sign -Wno-newline-eof -Wno-selector -Wno-strict-selector-match -Wno-undeclared-selector -Wno-deprecated-implementations -Wno-implicit-fallthrough -fstrict-aliasing -Wprotocol -Wdeprecated-declarations -Wno-sign-conversion -Wno-infinite-recursion -Wno-comma -Wno-block-capture-autoreleasing -Wno-strict-prototypes -Wno-semicolon-before-method-body -index-store-path /Users/khanghnguyen/Library/Developer/Xcode/DerivedData/Wishie-gavmeupfwiyxzhaiqkwzocyeeixy/Index.noindex/DataStore @/Users/khanghnguyen/Library/Developer/Xcode/DerivedData/Wishie-gavmeupfwiyxzhaiqkwzocyeeixy/Build/Intermediates.noindex/SDWebImage.build/Debug-iphoneos/SDWebImage.build/Objects-normal/arm64/e6072d4f65d7061329687fe24e3d63a7-common-args.resp -include /Users/khanghnguyen/Library/Developer/Xcode/DerivedData/Wishie-gavmeupfwiyxzhaiqkwzocyeeixy/Build/Intermediates.noindex/SDWebImage.build/Debug-iphoneos/SDWebImage.build/DerivedSources/resource_bundle_accessor.h -MMD -MT dependencies -MF /Users/khanghnguyen/Library/Developer/Xcode/DerivedData/Wishie-gavmeupfwiyxzhaiqkwzocyeeixy/Build/Intermediates.noindex/SDWebImage.build/Debug-iphoneos/SDWebImage.build/Objects-normal/arm64/SDWebImageDefine.d --serialize-diagnostics /Users/khanghnguyen/Library/Developer/Xcode/DerivedData/Wishie-gavmeupfwiyxzhaiqkwzocyeeixy/Build/Intermediates.noindex/SDWebImage.build/Debug-iphoneos/SDWebImage.build/Objects-normal/arm64/SDWebImageDefine.dia -c /Users/khanghnguyen/Library/Developer/Xcode/DerivedData/Wishie-gavmeupfwiyxzhaiqkwzocyeeixy/SourcePackages/checkouts/SDWebImage/SDWebImage/Core/SDWebImageDefine.m -o /Users/khanghnguyen/Library/Developer/Xcode/DerivedData/Wishie-gavmeupfwiyxzhaiqkwzocyeeixy/Build/Intermediates.noindex/SDWebImage.build/Debug-iphoneos/SDWebImage.build/Objects-normal/arm64/SDWebImageDefine.o -index-unit-output-path /SDWebImage.build/Debug-iphoneos/SDWebImage.build/Objects-normal/arm64/SDWebImageDefine.o

ScanDependencies /Users/khanghnguyen/Library/Developer/Xcode/DerivedData/Wishie-gavmeupfwiyxzhaiqkwzocyeeixy/Build/Intermediates.noindex/SDWebImage.build/Debug-iphoneos/SDWebImage.build/Objects-normal/arm64/SDWebImageCompat.o /Users/khanghnguyen/Library/Developer/Xcode/DerivedData/Wishie-gavmeupfwiyxzhaiqkwzocyeeixy/SourcePackages/checkouts/SDWebImage/SDWebImage/Core/SDWebImageCompat.m normal arm64 objective-c com.apple.compilers.llvm.clang.1_0.compiler (in target 'SDWebImage' from project 'SDWebImage')
    cd /Users/khanghnguyen/Downloads/Wishie/Wishie.xcodeproj
    
    Using response file: /Users/khanghnguyen/Library/Developer/Xcode/DerivedData/Wishie-gavmeupfwiyxzhaiqkwzocyeeixy/Build/Intermediates.noindex/SDWebImage.build/Debug-iphoneos/SDWebImage.build/Objects-normal/arm64/e6072d4f65d7061329687fe24e3d63a7-common-args.resp
    
    builtin-ScanDependencies -o /Users/khanghnguyen/Library/Developer/Xcode/DerivedData/Wishie-gavmeupfwiyxzhaiqkwzocyeeixy/Build/Intermediates.noindex/SDWebImage.build/Debug-iphoneos/SDWebImage.build/Objects-normal/arm64/SDWebImageCompat.o.scan -- /Applications/Xcode.app/Contents/Developer/Toolchains/XcodeDefault.xctoolchain/usr/bin/clang -x objective-c -ivfsstatcache /Users/khanghnguyen/Library/Developer/Xcode/DerivedData/SDKStatCaches.noindex/iphoneos26.2-23C57-3794476bd08197c3e2abd9bb477ef7f7.sdkstatcache -fmessage-length\=0 -fdiagnostics-show-note-include-stack -fmacro-backtrace-limit\=0 -fno-color-diagnostics -fmodules-prune-interval\=86400 -fmodules-prune-after\=345600 -fbuild-session-file\=/Users/khanghnguyen/Library/Developer/Xcode/DerivedData/ModuleCache.noindex/Session.modulevalidation -fmodules-validate-once-per-build-session -Wnon-modular-include-in-framework-module -Werror\=non-modular-include-in-framework-module -Wno-trigraphs -Wno-missing-field-initializers -Wno-missing-prototypes -Wno-return-type -Wno-implicit-atomic-properties -Wno-objc-interface-ivars -Wno-arc-repeated-use-of-weak -Wno-missing-braces -Wparentheses -Wswitch -Wno-unused-function -Wno-unused-label -Wno-unused-parameter -Wno-unused-variable -Wunused-value -Wno-empty-body -Wno-uninitialized -Wno-unknown-pragmas -w -Wno-shadow -Wno-four-char-constants -Wno-conversion -Wno-constant-conversion -Wno-int-conversion -Wno-bool-conversion -Wno-enum-conversion -Wno-float-conversion -Wno-non-literal-null-conversion -Wno-objc-literal-conversion -Wshorten-64-to-32 -Wpointer-sign -Wno-newline-eof -Wno-selector -Wno-strict-selector-match -Wno-undeclared-selector -Wno-deprecated-implementations -Wno-implicit-fallthrough -fstrict-aliasing -Wprotocol -Wdeprecated-declarations -Wno-sign-conversion -Wno-infinite-recursion -Wno-comma -Wno-block-capture-autoreleasing -Wno-strict-prototypes -Wno-semicolon-before-method-body -index-store-path /Users/khanghnguyen/Library/Developer/Xcode/DerivedData/Wishie-gavmeupfwiyxzhaiqkwzocyeeixy/Index.noindex/DataStore @/Users/khanghnguyen/Library/Developer/Xcode/DerivedData/Wishie-gavmeupfwiyxzhaiqkwzocyeeixy/Build/Intermediates.noindex/SDWebImage.build/Debug-iphoneos/SDWebImage.build/Objects-normal/arm64/e6072d4f65d7061329687fe24e3d63a7-common-args.resp -include /Users/khanghnguyen/Library/Developer/Xcode/DerivedData/Wishie-gavmeupfwiyxzhaiqkwzocyeeixy/Build/Intermediates.noindex/SDWebImage.build/Debug-iphoneos/SDWebImage.build/DerivedSources/resource_bundle_accessor.h -MMD -MT dependencies -MF /Users/khanghnguyen/Library/Developer/Xcode/DerivedData/Wishie-gavmeupfwiyxzhaiqkwzocyeeixy/Build/Intermediates.noindex/SDWebImage.build/Debug-iphoneos/SDWebImage.build/Objects-normal/arm64/SDWebImageCompat.d --serialize-diagnostics /Users/khanghnguyen/Library/Developer/Xcode/DerivedData/Wishie-gavmeupfwiyxzhaiqkwzocyeeixy/Build/Intermediates.noindex/SDWebImage.build/Debug-iphoneos/SDWebImage.build/Objects-normal/arm64/SDWebImageCompat.dia -c /Users/khanghnguyen/Library/Developer/Xcode/DerivedData/Wishie-gavmeupfwiyxzhaiqkwzocyeeixy/SourcePackages/checkouts/SDWebImage/SDWebImage/Core/SDWebImageCompat.m -o /Users/khanghnguyen/Library/Developer/Xcode/DerivedData/Wishie-gavmeupfwiyxzhaiqkwzocyeeixy/Build/Intermediates.noindex/SDWebImage.build/Debug-iphoneos/SDWebImage.build/Objects-normal/arm64/SDWebImageCompat.o -index-unit-output-path /SDWebImage.build/Debug-iphoneos/SDWebImage.build/Objects-normal/arm64/SDWebImageCompat.o

ScanDependencies /Users/khanghnguyen/Library/Developer/Xcode/DerivedData/Wishie-gavmeupfwiyxzhaiqkwzocyeeixy/Build/Intermediates.noindex/SDWebImage.build/Debug-iphoneos/SDWebImage.build/Objects-normal/arm64/SDWebImageCacheSerializer.o /Users/khanghnguyen/Library/Developer/Xcode/DerivedData/Wishie-gavmeupfwiyxzhaiqkwzocyeeixy/SourcePackages/checkouts/SDWebImage/SDWebImage/Core/SDWebImageCacheSerializer.m normal arm64 objective-c com.apple.compilers.llvm.clang.1_0.compiler (in target 'SDWebImage' from project 'SDWebImage')
    cd /Users/khanghnguyen/Downloads/Wishie/Wishie.xcodeproj
    
    Using response file: /Users/khanghnguyen/Library/Developer/Xcode/DerivedData/Wishie-gavmeupfwiyxzhaiqkwzocyeeixy/Build/Intermediates.noindex/SDWebImage.build/Debug-iphoneos/SDWebImage.build/Objects-normal/arm64/e6072d4f65d7061329687fe24e3d63a7-common-args.resp
    
    builtin-ScanDependencies -o /Users/khanghnguyen/Library/Developer/Xcode/DerivedData/Wishie-gavmeupfwiyxzhaiqkwzocyeeixy/Build/Intermediates.noindex/SDWebImage.build/Debug-iphoneos/SDWebImage.build/Objects-normal/arm64/SDWebImageCacheSerializer.o.scan -- /Applications/Xcode.app/Contents/Developer/Toolchains/XcodeDefault.xctoolchain/usr/bin/clang -x objective-c -ivfsstatcache /Users/khanghnguyen/Library/Developer/Xcode/DerivedData/SDKStatCaches.noindex/iphoneos26.2-23C57-3794476bd08197c3e2abd9bb477ef7f7.sdkstatcache -fmessage-length\=0 -fdiagnostics-show-note-include-stack -fmacro-backtrace-limit\=0 -fno-color-diagnostics -fmodules-prune-interval\=86400 -fmodules-prune-after\=345600 -fbuild-session-file\=/Users/khanghnguyen/Library/Developer/Xcode/DerivedData/ModuleCache.noindex/Session.modulevalidation -fmodules-validate-once-per-build-session -Wnon-modular-include-in-framework-module -Werror\=non-modular-include-in-framework-module -Wno-trigraphs -Wno-missing-field-initializers -Wno-missing-prototypes -Wno-return-type -Wno-implicit-atomic-properties -Wno-objc-interface-ivars -Wno-arc-repeated-use-of-weak -Wno-missing-braces -Wparentheses -Wswitch -Wno-unused-function -Wno-unused-label -Wno-unused-parameter -Wno-unused-variable -Wunused-value -Wno-empty-body -Wno-uninitialized -Wno-unknown-pragmas -w -Wno-shadow -Wno-four-char-constants -Wno-conversion -Wno-constant-conversion -Wno-int-conversion -Wno-bool-conversion -Wno-enum-conversion -Wno-float-conversion -Wno-non-literal-null-conversion -Wno-objc-literal-conversion -Wshorten-64-to-32 -Wpointer-sign -Wno-newline-eof -Wno-selector -Wno-strict-selector-match -Wno-undeclared-selector -Wno-deprecated-implementations -Wno-implicit-fallthrough -fstrict-aliasing -Wprotocol -Wdeprecated-declarations -Wno-sign-conversion -Wno-infinite-recursion -Wno-comma -Wno-block-capture-autoreleasing -Wno-strict-prototypes -Wno-semicolon-before-method-body -index-store-path /Users/khanghnguyen/Library/Developer/Xcode/DerivedData/Wishie-gavmeupfwiyxzhaiqkwzocyeeixy/Index.noindex/DataStore @/Users/khanghnguyen/Library/Developer/Xcode/DerivedData/Wishie-gavmeupfwiyxzhaiqkwzocyeeixy/Build/Intermediates.noindex/SDWebImage.build/Debug-iphoneos/SDWebImage.build/Objects-normal/arm64/e6072d4f65d7061329687fe24e3d63a7-common-args.resp -include /Users/khanghnguyen/Library/Developer/Xcode/DerivedData/Wishie-gavmeupfwiyxzhaiqkwzocyeeixy/Build/Intermediates.noindex/SDWebImage.build/Debug-iphoneos/SDWebImage.build/DerivedSources/resource_bundle_accessor.h -MMD -MT dependencies -MF /Users/khanghnguyen/Library/Developer/Xcode/DerivedData/Wishie-gavmeupfwiyxzhaiqkwzocyeeixy/Build/Intermediates.noindex/SDWebImage.build/Debug-iphoneos/SDWebImage.build/Objects-normal/arm64/SDWebImageCacheSerializer.d --serialize-diagnostics /Users/khanghnguyen/Library/Developer/Xcode/DerivedData/Wishie-gavmeupfwiyxzhaiqkwzocyeeixy/Build/Intermediates.noindex/SDWebImage.build/Debug-iphoneos/SDWebImage.build/Objects-normal/arm64/SDWebImageCacheSerializer.dia -c /Users/khanghnguyen/Library/Developer/Xcode/DerivedData/Wishie-gavmeupfwiyxzhaiqkwzocyeeixy/SourcePackages/checkouts/SDWebImage/SDWebImage/Core/SDWebImageCacheSerializer.m -o /Users/khanghnguyen/Library/Developer/Xcode/DerivedData/Wishie-gavmeupfwiyxzhaiqkwzocyeeixy/Build/Intermediates.noindex/SDWebImage.build/Debug-iphoneos/SDWebImage.build/Objects-normal/arm64/SDWebImageCacheSerializer.o -index-unit-output-path /SDWebImage.build/Debug-iphoneos/SDWebImage.build/Objects-normal/arm64/SDWebImageCacheSerializer.o

ScanDependencies /Users/khanghnguyen/Library/Developer/Xcode/DerivedData/Wishie-gavmeupfwiyxzhaiqkwzocyeeixy/Build/Intermediates.noindex/SDWebImage.build/Debug-iphoneos/SDWebImage.build/Objects-normal/arm64/SDWebImageCacheKeyFilter.o /Users/khanghnguyen/Library/Developer/Xcode/DerivedData/Wishie-gavmeupfwiyxzhaiqkwzocyeeixy/SourcePackages/checkouts/SDWebImage/SDWebImage/Core/SDWebImageCacheKeyFilter.m normal arm64 objective-c com.apple.compilers.llvm.clang.1_0.compiler (in target 'SDWebImage' from project 'SDWebImage')
    cd /Users/khanghnguyen/Downloads/Wishie/Wishie.xcodeproj
    
    Using response file: /Users/khanghnguyen/Library/Developer/Xcode/DerivedData/Wishie-gavmeupfwiyxzhaiqkwzocyeeixy/Build/Intermediates.noindex/SDWebImage.build/Debug-iphoneos/SDWebImage.build/Objects-normal/arm64/e6072d4f65d7061329687fe24e3d63a7-common-args.resp
    
    builtin-ScanDependencies -o /Users/khanghnguyen/Library/Developer/Xcode/DerivedData/Wishie-gavmeupfwiyxzhaiqkwzocyeeixy/Build/Intermediates.noindex/SDWebImage.build/Debug-iphoneos/SDWebImage.build/Objects-normal/arm64/SDWebImageCacheKeyFilter.o.scan -- /Applications/Xcode.app/Contents/Developer/Toolchains/XcodeDefault.xctoolchain/usr/bin/clang -x objective-c -ivfsstatcache /Users/khanghnguyen/Library/Developer/Xcode/DerivedData/SDKStatCaches.noindex/iphoneos26.2-23C57-3794476bd08197c3e2abd9bb477ef7f7.sdkstatcache -fmessage-length\=0 -fdiagnostics-show-note-include-stack -fmacro-backtrace-limit\=0 -fno-color-diagnostics -fmodules-prune-interval\=86400 -fmodules-prune-after\=345600 -fbuild-session-file\=/Users/khanghnguyen/Library/Developer/Xcode/DerivedData/ModuleCache.noindex/Session.modulevalidation -fmodules-validate-once-per-build-session -Wnon-modular-include-in-framework-module -Werror\=non-modular-include-in-framework-module -Wno-trigraphs -Wno-missing-field-initializers -Wno-missing-prototypes -Wno-return-type -Wno-implicit-atomic-properties -Wno-objc-interface-ivars -Wno-arc-repeated-use-of-weak -Wno-missing-braces -Wparentheses -Wswitch -Wno-unused-function -Wno-unused-label -Wno-unused-parameter -Wno-unused-variable -Wunused-value -Wno-empty-body -Wno-uninitialized -Wno-unknown-pragmas -w -Wno-shadow -Wno-four-char-constants -Wno-conversion -Wno-constant-conversion -Wno-int-conversion -Wno-bool-conversion -Wno-enum-conversion -Wno-float-conversion -Wno-non-literal-null-conversion -Wno-objc-literal-conversion -Wshorten-64-to-32 -Wpointer-sign -Wno-newline-eof -Wno-selector -Wno-strict-selector-match -Wno-undeclared-selector -Wno-deprecated-implementations -Wno-implicit-fallthrough -fstrict-aliasing -Wprotocol -Wdeprecated-declarations -Wno-sign-conversion -Wno-infinite-recursion -Wno-comma -Wno-block-capture-autoreleasing -Wno-strict-prototypes -Wno-semicolon-before-method-body -index-store-path /Users/khanghnguyen/Library/Developer/Xcode/DerivedData/Wishie-gavmeupfwiyxzhaiqkwzocyeeixy/Index.noindex/DataStore @/Users/khanghnguyen/Library/Developer/Xcode/DerivedData/Wishie-gavmeupfwiyxzhaiqkwzocyeeixy/Build/Intermediates.noindex/SDWebImage.build/Debug-iphoneos/SDWebImage.build/Objects-normal/arm64/e6072d4f65d7061329687fe24e3d63a7-common-args.resp -include /Users/khanghnguyen/Library/Developer/Xcode/DerivedData/Wishie-gavmeupfwiyxzhaiqkwzocyeeixy/Build/Intermediates.noindex/SDWebImage.build/Debug-iphoneos/SDWebImage.build/DerivedSources/resource_bundle_accessor.h -MMD -MT dependencies -MF /Users/khanghnguyen/Library/Developer/Xcode/DerivedData/Wishie-gavmeupfwiyxzhaiqkwzocyeeixy/Build/Intermediates.noindex/SDWebImage.build/Debug-iphoneos/SDWebImage.build/Objects-normal/arm64/SDWebImageCacheKeyFilter.d --serialize-diagnostics /Users/khanghnguyen/Library/Developer/Xcode/DerivedData/Wishie-gavmeupfwiyxzhaiqkwzocyeeixy/Build/Intermediates.noindex/SDWebImage.build/Debug-iphoneos/SDWebImage.build/Objects-normal/arm64/SDWebImageCacheKeyFilter.dia -c /Users/khanghnguyen/Library/Developer/Xcode/DerivedData/Wishie-gavmeupfwiyxzhaiqkwzocyeeixy/SourcePackages/checkouts/SDWebImage/SDWebImage/Core/SDWebImageCacheKeyFilter.m -o /Users/khanghnguyen/Library/Developer/Xcode/DerivedData/Wishie-gavmeupfwiyxzhaiqkwzocyeeixy/Build/Intermediates.noindex/SDWebImage.build/Debug-iphoneos/SDWebImage.build/Objects-normal/arm64/SDWebImageCacheKeyFilter.o -index-unit-output-path /SDWebImage.build/Debug-iphoneos/SDWebImage.build/Objects-normal/arm64/SDWebImageCacheKeyFilter.o

PrecompileModule /Users/khanghnguyen/Library/Developer/Xcode/DerivedData/Wishie-gavmeupfwiyxzhaiqkwzocyeeixy/Build/Intermediates.noindex/ExplicitPrecompiledModules/Darwin-EUPAENXCM4DKQMPAQEJZPE9H3.scan
    cd /
    builtin-precompileModule /Users/khanghnguyen/Library/Developer/Xcode/DerivedData/Wishie-gavmeupfwiyxzhaiqkwzocyeeixy/Build/Intermediates.noindex/ExplicitPrecompiledModules/Darwin-EUPAENXCM4DKQMPAQEJZPE9H3.scan

ScanDependencies /Users/khanghnguyen/Library/Developer/Xcode/DerivedData/Wishie-gavmeupfwiyxzhaiqkwzocyeeixy/Build/Intermediates.noindex/SDWebImage.build/Debug-iphoneos/SDWebImage.build/Objects-normal/arm64/SDWeakProxy.o /Users/khanghnguyen/Library/Developer/Xcode/DerivedData/Wishie-gavmeupfwiyxzhaiqkwzocyeeixy/SourcePackages/checkouts/SDWebImage/SDWebImage/Private/SDWeakProxy.m normal arm64 objective-c com.apple.compilers.llvm.clang.1_0.compiler (in target 'SDWebImage' from project 'SDWebImage')
    cd /Users/khanghnguyen/Downloads/Wishie/Wishie.xcodeproj
    
    Using response file: /Users/khanghnguyen/Library/Developer/Xcode/DerivedData/Wishie-gavmeupfwiyxzhaiqkwzocyeeixy/Build/Intermediates.noindex/SDWebImage.build/Debug-iphoneos/SDWebImage.build/Objects-normal/arm64/e6072d4f65d7061329687fe24e3d63a7-common-args.resp
    
    builtin-ScanDependencies -o /Users/khanghnguyen/Library/Developer/Xcode/DerivedData/Wishie-gavmeupfwiyxzhaiqkwzocyeeixy/Build/Intermediates.noindex/SDWebImage.build/Debug-iphoneos/SDWebImage.build/Objects-normal/arm64/SDWeakProxy.o.scan -- /Applications/Xcode.app/Contents/Developer/Toolchains/XcodeDefault.xctoolchain/usr/bin/clang -x objective-c -ivfsstatcache /Users/khanghnguyen/Library/Developer/Xcode/DerivedData/SDKStatCaches.noindex/iphoneos26.2-23C57-3794476bd08197c3e2abd9bb477ef7f7.sdkstatcache -fmessage-length\=0 -fdiagnostics-show-note-include-stack -fmacro-backtrace-limit\=0 -fno-color-diagnostics -fmodules-prune-interval\=86400 -fmodules-prune-after\=345600 -fbuild-session-file\=/Users/khanghnguyen/Library/Developer/Xcode/DerivedData/ModuleCache.noindex/Session.modulevalidation -fmodules-validate-once-per-build-session -Wnon-modular-include-in-framework-module -Werror\=non-modular-include-in-framework-module -Wno-trigraphs -Wno-missing-field-initializers -Wno-missing-prototypes -Wno-return-type -Wno-implicit-atomic-properties -Wno-objc-interface-ivars -Wno-arc-repeated-use-of-weak -Wno-missing-braces -Wparentheses -Wswitch -Wno-unused-function -Wno-unused-label -Wno-unused-parameter -Wno-unused-variable -Wunused-value -Wno-empty-body -Wno-uninitialized -Wno-unknown-pragmas -w -Wno-shadow -Wno-four-char-constants -Wno-conversion -Wno-constant-conversion -Wno-int-conversion -Wno-bool-conversion -Wno-enum-conversion -Wno-float-conversion -Wno-non-literal-null-conversion -Wno-objc-literal-conversion -Wshorten-64-to-32 -Wpointer-sign -Wno-newline-eof -Wno-selector -Wno-strict-selector-match -Wno-undeclared-selector -Wno-deprecated-implementations -Wno-implicit-fallthrough -fstrict-aliasing -Wprotocol -Wdeprecated-declarations -Wno-sign-conversion -Wno-infinite-recursion -Wno-comma -Wno-block-capture-autoreleasing -Wno-strict-prototypes -Wno-semicolon-before-method-body -index-store-path /Users/khanghnguyen/Library/Developer/Xcode/DerivedData/Wishie-gavmeupfwiyxzhaiqkwzocyeeixy/Index.noindex/DataStore @/Users/khanghnguyen/Library/Developer/Xcode/DerivedData/Wishie-gavmeupfwiyxzhaiqkwzocyeeixy/Build/Intermediates.noindex/SDWebImage.build/Debug-iphoneos/SDWebImage.build/Objects-normal/arm64/e6072d4f65d7061329687fe24e3d63a7-common-args.resp -include /Users/khanghnguyen/Library/Developer/Xcode/DerivedData/Wishie-gavmeupfwiyxzhaiqkwzocyeeixy/Build/Intermediates.noindex/SDWebImage.build/Debug-iphoneos/SDWebImage.build/DerivedSources/resource_bundle_accessor.h -MMD -MT dependencies -MF /Users/khanghnguyen/Library/Developer/Xcode/DerivedData/Wishie-gavmeupfwiyxzhaiqkwzocyeeixy/Build/Intermediates.noindex/SDWebImage.build/Debug-iphoneos/SDWebImage.build/Objects-normal/arm64/SDWeakProxy.d --serialize-diagnostics /Users/khanghnguyen/Library/Developer/Xcode/DerivedData/Wishie-gavmeupfwiyxzhaiqkwzocyeeixy/Build/Intermediates.noindex/SDWebImage.build/Debug-iphoneos/SDWebImage.build/Objects-normal/arm64/SDWeakProxy.dia -c /Users/khanghnguyen/Library/Developer/Xcode/DerivedData/Wishie-gavmeupfwiyxzhaiqkwzocyeeixy/SourcePackages/checkouts/SDWebImage/SDWebImage/Private/SDWeakProxy.m -o /Users/khanghnguyen/Library/Developer/Xcode/DerivedData/Wishie-gavmeupfwiyxzhaiqkwzocyeeixy/Build/Intermediates.noindex/SDWebImage.build/Debug-iphoneos/SDWebImage.build/Objects-normal/arm64/SDWeakProxy.o -index-unit-output-path /SDWebImage.build/Debug-iphoneos/SDWebImage.build/Objects-normal/arm64/SDWeakProxy.o

ScanDependencies /Users/khanghnguyen/Library/Developer/Xcode/DerivedData/Wishie-gavmeupfwiyxzhaiqkwzocyeeixy/Build/Intermediates.noindex/SDWebImage.build/Debug-iphoneos/SDWebImage.build/Objects-normal/arm64/SDMemoryCache.o /Users/khanghnguyen/Library/Developer/Xcode/DerivedData/Wishie-gavmeupfwiyxzhaiqkwzocyeeixy/SourcePackages/checkouts/SDWebImage/SDWebImage/Core/SDMemoryCache.m normal arm64 objective-c com.apple.compilers.llvm.clang.1_0.compiler (in target 'SDWebImage' from project 'SDWebImage')
    cd /Users/khanghnguyen/Downloads/Wishie/Wishie.xcodeproj
    
    Using response file: /Users/khanghnguyen/Library/Developer/Xcode/DerivedData/Wishie-gavmeupfwiyxzhaiqkwzocyeeixy/Build/Intermediates.noindex/SDWebImage.build/Debug-iphoneos/SDWebImage.build/Objects-normal/arm64/e6072d4f65d7061329687fe24e3d63a7-common-args.resp
    
    builtin-ScanDependencies -o /Users/khanghnguyen/Library/Developer/Xcode/DerivedData/Wishie-gavmeupfwiyxzhaiqkwzocyeeixy/Build/Intermediates.noindex/SDWebImage.build/Debug-iphoneos/SDWebImage.build/Objects-normal/arm64/SDMemoryCache.o.scan -- /Applications/Xcode.app/Contents/Developer/Toolchains/XcodeDefault.xctoolchain/usr/bin/clang -x objective-c -ivfsstatcache /Users/khanghnguyen/Library/Developer/Xcode/DerivedData/SDKStatCaches.noindex/iphoneos26.2-23C57-3794476bd08197c3e2abd9bb477ef7f7.sdkstatcache -fmessage-length\=0 -fdiagnostics-show-note-include-stack -fmacro-backtrace-limit\=0 -fno-color-diagnostics -fmodules-prune-interval\=86400 -fmodules-prune-after\=345600 -fbuild-session-file\=/Users/khanghnguyen/Library/Developer/Xcode/DerivedData/ModuleCache.noindex/Session.modulevalidation -fmodules-validate-once-per-build-session -Wnon-modular-include-in-framework-module -Werror\=non-modular-include-in-framework-module -Wno-trigraphs -Wno-missing-field-initializers -Wno-missing-prototypes -Wno-return-type -Wno-implicit-atomic-properties -Wno-objc-interface-ivars -Wno-arc-repeated-use-of-weak -Wno-missing-braces -Wparentheses -Wswitch -Wno-unused-function -Wno-unused-label -Wno-unused-parameter -Wno-unused-variable -Wunused-value -Wno-empty-body -Wno-uninitialized -Wno-unknown-pragmas -w -Wno-shadow -Wno-four-char-constants -Wno-conversion -Wno-constant-conversion -Wno-int-conversion -Wno-bool-conversion -Wno-enum-conversion -Wno-float-conversion -Wno-non-literal-null-conversion -Wno-objc-literal-conversion -Wshorten-64-to-32 -Wpointer-sign -Wno-newline-eof -Wno-selector -Wno-strict-selector-match -Wno-undeclared-selector -Wno-deprecated-implementations -Wno-implicit-fallthrough -fstrict-aliasing -Wprotocol -Wdeprecated-declarations -Wno-sign-conversion -Wno-infinite-recursion -Wno-comma -Wno-block-capture-autoreleasing -Wno-strict-prototypes -Wno-semicolon-before-method-body -index-store-path /Users/khanghnguyen/Library/Developer/Xcode/DerivedData/Wishie-gavmeupfwiyxzhaiqkwzocyeeixy/Index.noindex/DataStore @/Users/khanghnguyen/Library/Developer/Xcode/DerivedData/Wishie-gavmeupfwiyxzhaiqkwzocyeeixy/Build/Intermediates.noindex/SDWebImage.build/Debug-iphoneos/SDWebImage.build/Objects-normal/arm64/e6072d4f65d7061329687fe24e3d63a7-common-args.resp -include /Users/khanghnguyen/Library/Developer/Xcode/DerivedData/Wishie-gavmeupfwiyxzhaiqkwzocyeeixy/Build/Intermediates.noindex/SDWebImage.build/Debug-iphoneos/SDWebImage.build/DerivedSources/resource_bundle_accessor.h -MMD -MT dependencies -MF /Users/khanghnguyen/Library/Developer/Xcode/DerivedData/Wishie-gavmeupfwiyxzhaiqkwzocyeeixy/Build/Intermediates.noindex/SDWebImage.build/Debug-iphoneos/SDWebImage.build/Objects-normal/arm64/SDMemoryCache.d --serialize-diagnostics /Users/khanghnguyen/Library/Developer/Xcode/DerivedData/Wishie-gavmeupfwiyxzhaiqkwzocyeeixy/Build/Intermediates.noindex/SDWebImage.build/Debug-iphoneos/SDWebImage.build/Objects-normal/arm64/SDMemoryCache.dia -c /Users/khanghnguyen/Library/Developer/Xcode/DerivedData/Wishie-gavmeupfwiyxzhaiqkwzocyeeixy/SourcePackages/checkouts/SDWebImage/SDWebImage/Core/SDMemoryCache.m -o /Users/khanghnguyen/Library/Developer/Xcode/DerivedData/Wishie-gavmeupfwiyxzhaiqkwzocyeeixy/Build/Intermediates.noindex/SDWebImage.build/Debug-iphoneos/SDWebImage.build/Objects-normal/arm64/SDMemoryCache.o -index-unit-output-path /SDWebImage.build/Debug-iphoneos/SDWebImage.build/Objects-normal/arm64/SDMemoryCache.o

PrecompileModule /Users/khanghnguyen/Library/Developer/Xcode/DerivedData/Wishie-gavmeupfwiyxzhaiqkwzocyeeixy/Build/Intermediates.noindex/ExplicitPrecompiledModules/Darwin-DND98PHTIOAQOCTZ51HY4Z791.scan
    cd /
    builtin-precompileModule /Users/khanghnguyen/Library/Developer/Xcode/DerivedData/Wishie-gavmeupfwiyxzhaiqkwzocyeeixy/Build/Intermediates.noindex/ExplicitPrecompiledModules/Darwin-DND98PHTIOAQOCTZ51HY4Z791.scan

ScanDependencies /Users/khanghnguyen/Library/Developer/Xcode/DerivedData/Wishie-gavmeupfwiyxzhaiqkwzocyeeixy/Build/Intermediates.noindex/SDWebImage.build/Debug-iphoneos/SDWebImage.build/Objects-normal/arm64/SDInternalMacros.o /Users/khanghnguyen/Library/Developer/Xcode/DerivedData/Wishie-gavmeupfwiyxzhaiqkwzocyeeixy/SourcePackages/checkouts/SDWebImage/SDWebImage/Private/SDInternalMacros.m normal arm64 objective-c com.apple.compilers.llvm.clang.1_0.compiler (in target 'SDWebImage' from project 'SDWebImage')
    cd /Users/khanghnguyen/Downloads/Wishie/Wishie.xcodeproj
    
    Using response file: /Users/khanghnguyen/Library/Developer/Xcode/DerivedData/Wishie-gavmeupfwiyxzhaiqkwzocyeeixy/Build/Intermediates.noindex/SDWebImage.build/Debug-iphoneos/SDWebImage.build/Objects-normal/arm64/e6072d4f65d7061329687fe24e3d63a7-common-args.resp
    
    builtin-ScanDependencies -o /Users/khanghnguyen/Library/Developer/Xcode/DerivedData/Wishie-gavmeupfwiyxzhaiqkwzocyeeixy/Build/Intermediates.noindex/SDWebImage.build/Debug-iphoneos/SDWebImage.build/Objects-normal/arm64/SDInternalMacros.o.scan -- /Applications/Xcode.app/Contents/Developer/Toolchains/XcodeDefault.xctoolchain/usr/bin/clang -x objective-c -ivfsstatcache /Users/khanghnguyen/Library/Developer/Xcode/DerivedData/SDKStatCaches.noindex/iphoneos26.2-23C57-3794476bd08197c3e2abd9bb477ef7f7.sdkstatcache -fmessage-length\=0 -fdiagnostics-show-note-include-stack -fmacro-backtrace-limit\=0 -fno-color-diagnostics -fmodules-prune-interval\=86400 -fmodules-prune-after\=345600 -fbuild-session-file\=/Users/khanghnguyen/Library/Developer/Xcode/DerivedData/ModuleCache.noindex/Session.modulevalidation -fmodules-validate-once-per-build-session -Wnon-modular-include-in-framework-module -Werror\=non-modular-include-in-framework-module -Wno-trigraphs -Wno-missing-field-initializers -Wno-missing-prototypes -Wno-return-type -Wno-implicit-atomic-properties -Wno-objc-interface-ivars -Wno-arc-repeated-use-of-weak -Wno-missing-braces -Wparentheses -Wswitch -Wno-unused-function -Wno-unused-label -Wno-unused-parameter -Wno-unused-variable -Wunused-value -Wno-empty-body -Wno-uninitialized -Wno-unknown-pragmas -w -Wno-shadow -Wno-four-char-constants -Wno-conversion -Wno-constant-conversion -Wno-int-conversion -Wno-bool-conversion -Wno-enum-conversion -Wno-float-conversion -Wno-non-literal-null-conversion -Wno-objc-literal-conversion -Wshorten-64-to-32 -Wpointer-sign -Wno-newline-eof -Wno-selector -Wno-strict-selector-match -Wno-undeclared-selector -Wno-deprecated-implementations -Wno-implicit-fallthrough -fstrict-aliasing -Wprotocol -Wdeprecated-declarations -Wno-sign-conversion -Wno-infinite-recursion -Wno-comma -Wno-block-capture-autoreleasing -Wno-strict-prototypes -Wno-semicolon-before-method-body -index-store-path /Users/khanghnguyen/Library/Developer/Xcode/DerivedData/Wishie-gavmeupfwiyxzhaiqkwzocyeeixy/Index.noindex/DataStore @/Users/khanghnguyen/Library/Developer/Xcode/DerivedData/Wishie-gavmeupfwiyxzhaiqkwzocyeeixy/Build/Intermediates.noindex/SDWebImage.build/Debug-iphoneos/SDWebImage.build/Objects-normal/arm64/e6072d4f65d7061329687fe24e3d63a7-common-args.resp -include /Users/khanghnguyen/Library/Developer/Xcode/DerivedData/Wishie-gavmeupfwiyxzhaiqkwzocyeeixy/Build/Intermediates.noindex/SDWebImage.build/Debug-iphoneos/SDWebImage.build/DerivedSources/resource_bundle_accessor.h -MMD -MT dependencies -MF /Users/khanghnguyen/Library/Developer/Xcode/DerivedData/Wishie-gavmeupfwiyxzhaiqkwzocyeeixy/Build/Intermediates.noindex/SDWebImage.build/Debug-iphoneos/SDWebImage.build/Objects-normal/arm64/SDInternalMacros.d --serialize-diagnostics /Users/khanghnguyen/Library/Developer/Xcode/DerivedData/Wishie-gavmeupfwiyxzhaiqkwzocyeeixy/Build/Intermediates.noindex/SDWebImage.build/Debug-iphoneos/SDWebImage.build/Objects-normal/arm64/SDInternalMacros.dia -c /Users/khanghnguyen/Library/Developer/Xcode/DerivedData/Wishie-gavmeupfwiyxzhaiqkwzocyeeixy/SourcePackages/checkouts/SDWebImage/SDWebImage/Private/SDInternalMacros.m -o /Users/khanghnguyen/Library/Developer/Xcode/DerivedData/Wishie-gavmeupfwiyxzhaiqkwzocyeeixy/Build/Intermediates.noindex/SDWebImage.build/Debug-iphoneos/SDWebImage.build/Objects-normal/arm64/SDInternalMacros.o -index-unit-output-path /SDWebImage.build/Debug-iphoneos/SDWebImage.build/Objects-normal/arm64/SDInternalMacros.o

ScanDependencies /Users/khanghnguyen/Library/Developer/Xcode/DerivedData/Wishie-gavmeupfwiyxzhaiqkwzocyeeixy/Build/Intermediates.noindex/SDWebImage.build/Debug-iphoneos/SDWebImage.build/Objects-normal/arm64/SDImageTransformer.o /Users/khanghnguyen/Library/Developer/Xcode/DerivedData/Wishie-gavmeupfwiyxzhaiqkwzocyeeixy/SourcePackages/checkouts/SDWebImage/SDWebImage/Core/SDImageTransformer.m normal arm64 objective-c com.apple.compilers.llvm.clang.1_0.compiler (in target 'SDWebImage' from project 'SDWebImage')
    cd /Users/khanghnguyen/Downloads/Wishie/Wishie.xcodeproj
    
    Using response file: /Users/khanghnguyen/Library/Developer/Xcode/DerivedData/Wishie-gavmeupfwiyxzhaiqkwzocyeeixy/Build/Intermediates.noindex/SDWebImage.build/Debug-iphoneos/SDWebImage.build/Objects-normal/arm64/e6072d4f65d7061329687fe24e3d63a7-common-args.resp
    
    builtin-ScanDependencies -o /Users/khanghnguyen/Library/Developer/Xcode/DerivedData/Wishie-gavmeupfwiyxzhaiqkwzocyeeixy/Build/Intermediates.noindex/SDWebImage.build/Debug-iphoneos/SDWebImage.build/Objects-normal/arm64/SDImageTransformer.o.scan -- /Applications/Xcode.app/Contents/Developer/Toolchains/XcodeDefault.xctoolchain/usr/bin/clang -x objective-c -ivfsstatcache /Users/khanghnguyen/Library/Developer/Xcode/DerivedData/SDKStatCaches.noindex/iphoneos26.2-23C57-3794476bd08197c3e2abd9bb477ef7f7.sdkstatcache -fmessage-length\=0 -fdiagnostics-show-note-include-stack -fmacro-backtrace-limit\=0 -fno-color-diagnostics -fmodules-prune-interval\=86400 -fmodules-prune-after\=345600 -fbuild-session-file\=/Users/khanghnguyen/Library/Developer/Xcode/DerivedData/ModuleCache.noindex/Session.modulevalidation -fmodules-validate-once-per-build-session -Wnon-modular-include-in-framework-module -Werror\=non-modular-include-in-framework-module -Wno-trigraphs -Wno-missing-field-initializers -Wno-missing-prototypes -Wno-return-type -Wno-implicit-atomic-properties -Wno-objc-interface-ivars -Wno-arc-repeated-use-of-weak -Wno-missing-braces -Wparentheses -Wswitch -Wno-unused-function -Wno-unused-label -Wno-unused-parameter -Wno-unused-variable -Wunused-value -Wno-empty-body -Wno-uninitialized -Wno-unknown-pragmas -w -Wno-shadow -Wno-four-char-constants -Wno-conversion -Wno-constant-conversion -Wno-int-conversion -Wno-bool-conversion -Wno-enum-conversion -Wno-float-conversion -Wno-non-literal-null-conversion -Wno-objc-literal-conversion -Wshorten-64-to-32 -Wpointer-sign -Wno-newline-eof -Wno-selector -Wno-strict-selector-match -Wno-undeclared-selector -Wno-deprecated-implementations -Wno-implicit-fallthrough -fstrict-aliasing -Wprotocol -Wdeprecated-declarations -Wno-sign-conversion -Wno-infinite-recursion -Wno-comma -Wno-block-capture-autoreleasing -Wno-strict-prototypes -Wno-semicolon-before-method-body -index-store-path /Users/khanghnguyen/Library/Developer/Xcode/DerivedData/Wishie-gavmeupfwiyxzhaiqkwzocyeeixy/Index.noindex/DataStore @/Users/khanghnguyen/Library/Developer/Xcode/DerivedData/Wishie-gavmeupfwiyxzhaiqkwzocyeeixy/Build/Intermediates.noindex/SDWebImage.build/Debug-iphoneos/SDWebImage.build/Objects-normal/arm64/e6072d4f65d7061329687fe24e3d63a7-common-args.resp -include /Users/khanghnguyen/Library/Developer/Xcode/DerivedData/Wishie-gavmeupfwiyxzhaiqkwzocyeeixy/Build/Intermediates.noindex/SDWebImage.build/Debug-iphoneos/SDWebImage.build/DerivedSources/resource_bundle_accessor.h -MMD -MT dependencies -MF /Users/khanghnguyen/Library/Developer/Xcode/DerivedData/Wishie-gavmeupfwiyxzhaiqkwzocyeeixy/Build/Intermediates.noindex/SDWebImage.build/Debug-iphoneos/SDWebImage.build/Objects-normal/arm64/SDImageTransformer.d --serialize-diagnostics /Users/khanghnguyen/Library/Developer/Xcode/DerivedData/Wishie-gavmeupfwiyxzhaiqkwzocyeeixy/Build/Intermediates.noindex/SDWebImage.build/Debug-iphoneos/SDWebImage.build/Objects-normal/arm64/SDImageTransformer.dia -c /Users/khanghnguyen/Library/Developer/Xcode/DerivedData/Wishie-gavmeupfwiyxzhaiqkwzocyeeixy/SourcePackages/checkouts/SDWebImage/SDWebImage/Core/SDImageTransformer.m -o /Users/khanghnguyen/Library/Developer/Xcode/DerivedData/Wishie-gavmeupfwiyxzhaiqkwzocyeeixy/Build/Intermediates.noindex/SDWebImage.build/Debug-iphoneos/SDWebImage.build/Objects-normal/arm64/SDImageTransformer.o -index-unit-output-path /SDWebImage.build/Debug-iphoneos/SDWebImage.build/Objects-normal/arm64/SDImageTransformer.o

ScanDependencies /Users/khanghnguyen/Library/Developer/Xcode/DerivedData/Wishie-gavmeupfwiyxzhaiqkwzocyeeixy/Build/Intermediates.noindex/SDWebImage.build/Debug-iphoneos/SDWebImage.build/Objects-normal/arm64/SDImageLoadersManager.o /Users/khanghnguyen/Library/Developer/Xcode/DerivedData/Wishie-gavmeupfwiyxzhaiqkwzocyeeixy/SourcePackages/checkouts/SDWebImage/SDWebImage/Core/SDImageLoadersManager.m normal arm64 objective-c com.apple.compilers.llvm.clang.1_0.compiler (in target 'SDWebImage' from project 'SDWebImage')
    cd /Users/khanghnguyen/Downloads/Wishie/Wishie.xcodeproj
    
    Using response file: /Users/khanghnguyen/Library/Developer/Xcode/DerivedData/Wishie-gavmeupfwiyxzhaiqkwzocyeeixy/Build/Intermediates.noindex/SDWebImage.build/Debug-iphoneos/SDWebImage.build/Objects-normal/arm64/e6072d4f65d7061329687fe24e3d63a7-common-args.resp
    
    builtin-ScanDependencies -o /Users/khanghnguyen/Library/Developer/Xcode/DerivedData/Wishie-gavmeupfwiyxzhaiqkwzocyeeixy/Build/Intermediates.noindex/SDWebImage.build/Debug-iphoneos/SDWebImage.build/Objects-normal/arm64/SDImageLoadersManager.o.scan -- /Applications/Xcode.app/Contents/Developer/Toolchains/XcodeDefault.xctoolchain/usr/bin/clang -x objective-c -ivfsstatcache /Users/khanghnguyen/Library/Developer/Xcode/DerivedData/SDKStatCaches.noindex/iphoneos26.2-23C57-3794476bd08197c3e2abd9bb477ef7f7.sdkstatcache -fmessage-length\=0 -fdiagnostics-show-note-include-stack -fmacro-backtrace-limit\=0 -fno-color-diagnostics -fmodules-prune-interval\=86400 -fmodules-prune-after\=345600 -fbuild-session-file\=/Users/khanghnguyen/Library/Developer/Xcode/DerivedData/ModuleCache.noindex/Session.modulevalidation -fmodules-validate-once-per-build-session -Wnon-modular-include-in-framework-module -Werror\=non-modular-include-in-framework-module -Wno-trigraphs -Wno-missing-field-initializers -Wno-missing-prototypes -Wno-return-type -Wno-implicit-atomic-properties -Wno-objc-interface-ivars -Wno-arc-repeated-use-of-weak -Wno-missing-braces -Wparentheses -Wswitch -Wno-unused-function -Wno-unused-label -Wno-unused-parameter -Wno-unused-variable -Wunused-value -Wno-empty-body -Wno-uninitialized -Wno-unknown-pragmas -w -Wno-shadow -Wno-four-char-constants -Wno-conversion -Wno-constant-conversion -Wno-int-conversion -Wno-bool-conversion -Wno-enum-conversion -Wno-float-conversion -Wno-non-literal-null-conversion -Wno-objc-literal-conversion -Wshorten-64-to-32 -Wpointer-sign -Wno-newline-eof -Wno-selector -Wno-strict-selector-match -Wno-undeclared-selector -Wno-deprecated-implementations -Wno-implicit-fallthrough -fstrict-aliasing -Wprotocol -Wdeprecated-declarations -Wno-sign-conversion -Wno-infinite-recursion -Wno-comma -Wno-block-capture-autoreleasing -Wno-strict-prototypes -Wno-semicolon-before-method-body -index-store-path /Users/khanghnguyen/Library/Developer/Xcode/DerivedData/Wishie-gavmeupfwiyxzhaiqkwzocyeeixy/Index.noindex/DataStore @/Users/khanghnguyen/Library/Developer/Xcode/DerivedData/Wishie-gavmeupfwiyxzhaiqkwzocyeeixy/Build/Intermediates.noindex/SDWebImage.build/Debug-iphoneos/SDWebImage.build/Objects-normal/arm64/e6072d4f65d7061329687fe24e3d63a7-common-args.resp -include /Users/khanghnguyen/Library/Developer/Xcode/DerivedData/Wishie-gavmeupfwiyxzhaiqkwzocyeeixy/Build/Intermediates.noindex/SDWebImage.build/Debug-iphoneos/SDWebImage.build/DerivedSources/resource_bundle_accessor.h -MMD -MT dependencies -MF /Users/khanghnguyen/Library/Developer/Xcode/DerivedData/Wishie-gavmeupfwiyxzhaiqkwzocyeeixy/Build/Intermediates.noindex/SDWebImage.build/Debug-iphoneos/SDWebImage.build/Objects-normal/arm64/SDImageLoadersManager.d --serialize-diagnostics /Users/khanghnguyen/Library/Developer/Xcode/DerivedData/Wishie-gavmeupfwiyxzhaiqkwzocyeeixy/Build/Intermediates.noindex/SDWebImage.build/Debug-iphoneos/SDWebImage.build/Objects-normal/arm64/SDImageLoadersManager.dia -c /Users/khanghnguyen/Library/Developer/Xcode/DerivedData/Wishie-gavmeupfwiyxzhaiqkwzocyeeixy/SourcePackages/checkouts/SDWebImage/SDWebImage/Core/SDImageLoadersManager.m -o /Users/khanghnguyen/Library/Developer/Xcode/DerivedData/Wishie-gavmeupfwiyxzhaiqkwzocyeeixy/Build/Intermediates.noindex/SDWebImage.build/Debug-iphoneos/SDWebImage.build/Objects-normal/arm64/SDImageLoadersManager.o -index-unit-output-path /SDWebImage.build/Debug-iphoneos/SDWebImage.build/Objects-normal/arm64/SDImageLoadersManager.o

ScanDependencies /Users/khanghnguyen/Library/Developer/Xcode/DerivedData/Wishie-gavmeupfwiyxzhaiqkwzocyeeixy/Build/Intermediates.noindex/SDWebImage.build/Debug-iphoneos/SDWebImage.build/Objects-normal/arm64/SDImageLoader.o /Users/khanghnguyen/Library/Developer/Xcode/DerivedData/Wishie-gavmeupfwiyxzhaiqkwzocyeeixy/SourcePackages/checkouts/SDWebImage/SDWebImage/Core/SDImageLoader.m normal arm64 objective-c com.apple.compilers.llvm.clang.1_0.compiler (in target 'SDWebImage' from project 'SDWebImage')
    cd /Users/khanghnguyen/Downloads/Wishie/Wishie.xcodeproj
    
    Using response file: /Users/khanghnguyen/Library/Developer/Xcode/DerivedData/Wishie-gavmeupfwiyxzhaiqkwzocyeeixy/Build/Intermediates.noindex/SDWebImage.build/Debug-iphoneos/SDWebImage.build/Objects-normal/arm64/e6072d4f65d7061329687fe24e3d63a7-common-args.resp
    
    builtin-ScanDependencies -o /Users/khanghnguyen/Library/Developer/Xcode/DerivedData/Wishie-gavmeupfwiyxzhaiqkwzocyeeixy/Build/Intermediates.noindex/SDWebImage.build/Debug-iphoneos/SDWebImage.build/Objects-normal/arm64/SDImageLoader.o.scan -- /Applications/Xcode.app/Contents/Developer/Toolchains/XcodeDefault.xctoolchain/usr/bin/clang -x objective-c -ivfsstatcache /Users/khanghnguyen/Library/Developer/Xcode/DerivedData/SDKStatCaches.noindex/iphoneos26.2-23C57-3794476bd08197c3e2abd9bb477ef7f7.sdkstatcache -fmessage-length\=0 -fdiagnostics-show-note-include-stack -fmacro-backtrace-limit\=0 -fno-color-diagnostics -fmodules-prune-interval\=86400 -fmodules-prune-after\=345600 -fbuild-session-file\=/Users/khanghnguyen/Library/Developer/Xcode/DerivedData/ModuleCache.noindex/Session.modulevalidation -fmodules-validate-once-per-build-session -Wnon-modular-include-in-framework-module -Werror\=non-modular-include-in-framework-module -Wno-trigraphs -Wno-missing-field-initializers -Wno-missing-prototypes -Wno-return-type -Wno-implicit-atomic-properties -Wno-objc-interface-ivars -Wno-arc-repeated-use-of-weak -Wno-missing-braces -Wparentheses -Wswitch -Wno-unused-function -Wno-unused-label -Wno-unused-parameter -Wno-unused-variable -Wunused-value -Wno-empty-body -Wno-uninitialized -Wno-unknown-pragmas -w -Wno-shadow -Wno-four-char-constants -Wno-conversion -Wno-constant-conversion -Wno-int-conversion -Wno-bool-conversion -Wno-enum-conversion -Wno-float-conversion -Wno-non-literal-null-conversion -Wno-objc-literal-conversion -Wshorten-64-to-32 -Wpointer-sign -Wno-newline-eof -Wno-selector -Wno-strict-selector-match -Wno-undeclared-selector -Wno-deprecated-implementations -Wno-implicit-fallthrough -fstrict-aliasing -Wprotocol -Wdeprecated-declarations -Wno-sign-conversion -Wno-infinite-recursion -Wno-comma -Wno-block-capture-autoreleasing -Wno-strict-prototypes -Wno-semicolon-before-method-body -index-store-path /Users/khanghnguyen/Library/Developer/Xcode/DerivedData/Wishie-gavmeupfwiyxzhaiqkwzocyeeixy/Index.noindex/DataStore @/Users/khanghnguyen/Library/Developer/Xcode/DerivedData/Wishie-gavmeupfwiyxzhaiqkwzocyeeixy/Build/Intermediates.noindex/SDWebImage.build/Debug-iphoneos/SDWebImage.build/Objects-normal/arm64/e6072d4f65d7061329687fe24e3d63a7-common-args.resp -include /Users/khanghnguyen/Library/Developer/Xcode/DerivedData/Wishie-gavmeupfwiyxzhaiqkwzocyeeixy/Build/Intermediates.noindex/SDWebImage.build/Debug-iphoneos/SDWebImage.build/DerivedSources/resource_bundle_accessor.h -MMD -MT dependencies -MF /Users/khanghnguyen/Library/Developer/Xcode/DerivedData/Wishie-gavmeupfwiyxzhaiqkwzocyeeixy/Build/Intermediates.noindex/SDWebImage.build/Debug-iphoneos/SDWebImage.build/Objects-normal/arm64/SDImageLoader.d --serialize-diagnostics /Users/khanghnguyen/Library/Developer/Xcode/DerivedData/Wishie-gavmeupfwiyxzhaiqkwzocyeeixy/Build/Intermediates.noindex/SDWebImage.build/Debug-iphoneos/SDWebImage.build/Objects-normal/arm64/SDImageLoader.dia -c /Users/khanghnguyen/Library/Developer/Xcode/DerivedData/Wishie-gavmeupfwiyxzhaiqkwzocyeeixy/SourcePackages/checkouts/SDWebImage/SDWebImage/Core/SDImageLoader.m -o /Users/khanghnguyen/Library/Developer/Xcode/DerivedData/Wishie-gavmeupfwiyxzhaiqkwzocyeeixy/Build/Intermediates.noindex/SDWebImage.build/Debug-iphoneos/SDWebImage.build/Objects-normal/arm64/SDImageLoader.o -index-unit-output-path /SDWebImage.build/Debug-iphoneos/SDWebImage.build/Objects-normal/arm64/SDImageLoader.o

ScanDependencies /Users/khanghnguyen/Library/Developer/Xcode/DerivedData/Wishie-gavmeupfwiyxzhaiqkwzocyeeixy/Build/Intermediates.noindex/SDWebImage.build/Debug-iphoneos/SDWebImage.build/Objects-normal/arm64/SDImageIOCoder.o /Users/khanghnguyen/Library/Developer/Xcode/DerivedData/Wishie-gavmeupfwiyxzhaiqkwzocyeeixy/SourcePackages/checkouts/SDWebImage/SDWebImage/Core/SDImageIOCoder.m normal arm64 objective-c com.apple.compilers.llvm.clang.1_0.compiler (in target 'SDWebImage' from project 'SDWebImage')
    cd /Users/khanghnguyen/Downloads/Wishie/Wishie.xcodeproj
    
    Using response file: /Users/khanghnguyen/Library/Developer/Xcode/DerivedData/Wishie-gavmeupfwiyxzhaiqkwzocyeeixy/Build/Intermediates.noindex/SDWebImage.build/Debug-iphoneos/SDWebImage.build/Objects-normal/arm64/e6072d4f65d7061329687fe24e3d63a7-common-args.resp
    
    builtin-ScanDependencies -o /Users/khanghnguyen/Library/Developer/Xcode/DerivedData/Wishie-gavmeupfwiyxzhaiqkwzocyeeixy/Build/Intermediates.noindex/SDWebImage.build/Debug-iphoneos/SDWebImage.build/Objects-normal/arm64/SDImageIOCoder.o.scan -- /Applications/Xcode.app/Contents/Developer/Toolchains/XcodeDefault.xctoolchain/usr/bin/clang -x objective-c -ivfsstatcache /Users/khanghnguyen/Library/Developer/Xcode/DerivedData/SDKStatCaches.noindex/iphoneos26.2-23C57-3794476bd08197c3e2abd9bb477ef7f7.sdkstatcache -fmessage-length\=0 -fdiagnostics-show-note-include-stack -fmacro-backtrace-limit\=0 -fno-color-diagnostics -fmodules-prune-interval\=86400 -fmodules-prune-after\=345600 -fbuild-session-file\=/Users/khanghnguyen/Library/Developer/Xcode/DerivedData/ModuleCache.noindex/Session.modulevalidation -fmodules-validate-once-per-build-session -Wnon-modular-include-in-framework-module -Werror\=non-modular-include-in-framework-module -Wno-trigraphs -Wno-missing-field-initializers -Wno-missing-prototypes -Wno-return-type -Wno-implicit-atomic-properties -Wno-objc-interface-ivars -Wno-arc-repeated-use-of-weak -Wno-missing-braces -Wparentheses -Wswitch -Wno-unused-function -Wno-unused-label -Wno-unused-parameter -Wno-unused-variable -Wunused-value -Wno-empty-body -Wno-uninitialized -Wno-unknown-pragmas -w -Wno-shadow -Wno-four-char-constants -Wno-conversion -Wno-constant-conversion -Wno-int-conversion -Wno-bool-conversion -Wno-enum-conversion -Wno-float-conversion -Wno-non-literal-null-conversion -Wno-objc-literal-conversion -Wshorten-64-to-32 -Wpointer-sign -Wno-newline-eof -Wno-selector -Wno-strict-selector-match -Wno-undeclared-selector -Wno-deprecated-implementations -Wno-implicit-fallthrough -fstrict-aliasing -Wprotocol -Wdeprecated-declarations -Wno-sign-conversion -Wno-infinite-recursion -Wno-comma -Wno-block-capture-autoreleasing -Wno-strict-prototypes -Wno-semicolon-before-method-body -index-store-path /Users/khanghnguyen/Library/Developer/Xcode/DerivedData/Wishie-gavmeupfwiyxzhaiqkwzocyeeixy/Index.noindex/DataStore @/Users/khanghnguyen/Library/Developer/Xcode/DerivedData/Wishie-gavmeupfwiyxzhaiqkwzocyeeixy/Build/Intermediates.noindex/SDWebImage.build/Debug-iphoneos/SDWebImage.build/Objects-normal/arm64/e6072d4f65d7061329687fe24e3d63a7-common-args.resp -include /Users/khanghnguyen/Library/Developer/Xcode/DerivedData/Wishie-gavmeupfwiyxzhaiqkwzocyeeixy/Build/Intermediates.noindex/SDWebImage.build/Debug-iphoneos/SDWebImage.build/DerivedSources/resource_bundle_accessor.h -MMD -MT dependencies -MF /Users/khanghnguyen/Library/Developer/Xcode/DerivedData/Wishie-gavmeupfwiyxzhaiqkwzocyeeixy/Build/Intermediates.noindex/SDWebImage.build/Debug-iphoneos/SDWebImage.build/Objects-normal/arm64/SDImageIOCoder.d --serialize-diagnostics /Users/khanghnguyen/Library/Developer/Xcode/DerivedData/Wishie-gavmeupfwiyxzhaiqkwzocyeeixy/Build/Intermediates.noindex/SDWebImage.build/Debug-iphoneos/SDWebImage.build/Objects-normal/arm64/SDImageIOCoder.dia -c /Users/khanghnguyen/Library/Developer/Xcode/DerivedData/Wishie-gavmeupfwiyxzhaiqkwzocyeeixy/SourcePackages/checkouts/SDWebImage/SDWebImage/Core/SDImageIOCoder.m -o /Users/khanghnguyen/Library/Developer/Xcode/DerivedData/Wishie-gavmeupfwiyxzhaiqkwzocyeeixy/Build/Intermediates.noindex/SDWebImage.build/Debug-iphoneos/SDWebImage.build/Objects-normal/arm64/SDImageIOCoder.o -index-unit-output-path /SDWebImage.build/Debug-iphoneos/SDWebImage.build/Objects-normal/arm64/SDImageIOCoder.o

ScanDependencies /Users/khanghnguyen/Library/Developer/Xcode/DerivedData/Wishie-gavmeupfwiyxzhaiqkwzocyeeixy/Build/Intermediates.noindex/SDWebImage.build/Debug-iphoneos/SDWebImage.build/Objects-normal/arm64/SDImageIOAnimatedCoder.o /Users/khanghnguyen/Library/Developer/Xcode/DerivedData/Wishie-gavmeupfwiyxzhaiqkwzocyeeixy/SourcePackages/checkouts/SDWebImage/SDWebImage/Core/SDImageIOAnimatedCoder.m normal arm64 objective-c com.apple.compilers.llvm.clang.1_0.compiler (in target 'SDWebImage' from project 'SDWebImage')
    cd /Users/khanghnguyen/Downloads/Wishie/Wishie.xcodeproj
    
    Using response file: /Users/khanghnguyen/Library/Developer/Xcode/DerivedData/Wishie-gavmeupfwiyxzhaiqkwzocyeeixy/Build/Intermediates.noindex/SDWebImage.build/Debug-iphoneos/SDWebImage.build/Objects-normal/arm64/e6072d4f65d7061329687fe24e3d63a7-common-args.resp
    
    builtin-ScanDependencies -o /Users/khanghnguyen/Library/Developer/Xcode/DerivedData/Wishie-gavmeupfwiyxzhaiqkwzocyeeixy/Build/Intermediates.noindex/SDWebImage.build/Debug-iphoneos/SDWebImage.build/Objects-normal/arm64/SDImageIOAnimatedCoder.o.scan -- /Applications/Xcode.app/Contents/Developer/Toolchains/XcodeDefault.xctoolchain/usr/bin/clang -x objective-c -ivfsstatcache /Users/khanghnguyen/Library/Developer/Xcode/DerivedData/SDKStatCaches.noindex/iphoneos26.2-23C57-3794476bd08197c3e2abd9bb477ef7f7.sdkstatcache -fmessage-length\=0 -fdiagnostics-show-note-include-stack -fmacro-backtrace-limit\=0 -fno-color-diagnostics -fmodules-prune-interval\=86400 -fmodules-prune-after\=345600 -fbuild-session-file\=/Users/khanghnguyen/Library/Developer/Xcode/DerivedData/ModuleCache.noindex/Session.modulevalidation -fmodules-validate-once-per-build-session -Wnon-modular-include-in-framework-module -Werror\=non-modular-include-in-framework-module -Wno-trigraphs -Wno-missing-field-initializers -Wno-missing-prototypes -Wno-return-type -Wno-implicit-atomic-properties -Wno-objc-interface-ivars -Wno-arc-repeated-use-of-weak -Wno-missing-braces -Wparentheses -Wswitch -Wno-unused-function -Wno-unused-label -Wno-unused-parameter -Wno-unused-variable -Wunused-value -Wno-empty-body -Wno-uninitialized -Wno-unknown-pragmas -w -Wno-shadow -Wno-four-char-constants -Wno-conversion -Wno-constant-conversion -Wno-int-conversion -Wno-bool-conversion -Wno-enum-conversion -Wno-float-conversion -Wno-non-literal-null-conversion -Wno-objc-literal-conversion -Wshorten-64-to-32 -Wpointer-sign -Wno-newline-eof -Wno-selector -Wno-strict-selector-match -Wno-undeclared-selector -Wno-deprecated-implementations -Wno-implicit-fallthrough -fstrict-aliasing -Wprotocol -Wdeprecated-declarations -Wno-sign-conversion -Wno-infinite-recursion -Wno-comma -Wno-block-capture-autoreleasing -Wno-strict-prototypes -Wno-semicolon-before-method-body -index-store-path /Users/khanghnguyen/Library/Developer/Xcode/DerivedData/Wishie-gavmeupfwiyxzhaiqkwzocyeeixy/Index.noindex/DataStore @/Users/khanghnguyen/Library/Developer/Xcode/DerivedData/Wishie-gavmeupfwiyxzhaiqkwzocyeeixy/Build/Intermediates.noindex/SDWebImage.build/Debug-iphoneos/SDWebImage.build/Objects-normal/arm64/e6072d4f65d7061329687fe24e3d63a7-common-args.resp -include /Users/khanghnguyen/Library/Developer/Xcode/DerivedData/Wishie-gavmeupfwiyxzhaiqkwzocyeeixy/Build/Intermediates.noindex/SDWebImage.build/Debug-iphoneos/SDWebImage.build/DerivedSources/resource_bundle_accessor.h -MMD -MT dependencies -MF /Users/khanghnguyen/Library/Developer/Xcode/DerivedData/Wishie-gavmeupfwiyxzhaiqkwzocyeeixy/Build/Intermediates.noindex/SDWebImage.build/Debug-iphoneos/SDWebImage.build/Objects-normal/arm64/SDImageIOAnimatedCoder.d --serialize-diagnostics /Users/khanghnguyen/Library/Developer/Xcode/DerivedData/Wishie-gavmeupfwiyxzhaiqkwzocyeeixy/Build/Intermediates.noindex/SDWebImage.build/Debug-iphoneos/SDWebImage.build/Objects-normal/arm64/SDImageIOAnimatedCoder.dia -c /Users/khanghnguyen/Library/Developer/Xcode/DerivedData/Wishie-gavmeupfwiyxzhaiqkwzocyeeixy/SourcePackages/checkouts/SDWebImage/SDWebImage/Core/SDImageIOAnimatedCoder.m -o /Users/khanghnguyen/Library/Developer/Xcode/DerivedData/Wishie-gavmeupfwiyxzhaiqkwzocyeeixy/Build/Intermediates.noindex/SDWebImage.build/Debug-iphoneos/SDWebImage.build/Objects-normal/arm64/SDImageIOAnimatedCoder.o -index-unit-output-path /SDWebImage.build/Debug-iphoneos/SDWebImage.build/Objects-normal/arm64/SDImageIOAnimatedCoder.o

ScanDependencies /Users/khanghnguyen/Library/Developer/Xcode/DerivedData/Wishie-gavmeupfwiyxzhaiqkwzocyeeixy/Build/Intermediates.noindex/SDWebImage.build/Debug-iphoneos/SDWebImage.build/Objects-normal/arm64/SDImageHEICCoder.o /Users/khanghnguyen/Library/Developer/Xcode/DerivedData/Wishie-gavmeupfwiyxzhaiqkwzocyeeixy/SourcePackages/checkouts/SDWebImage/SDWebImage/Core/SDImageHEICCoder.m normal arm64 objective-c com.apple.compilers.llvm.clang.1_0.compiler (in target 'SDWebImage' from project 'SDWebImage')
    cd /Users/khanghnguyen/Downloads/Wishie/Wishie.xcodeproj
    
    Using response file: /Users/khanghnguyen/Library/Developer/Xcode/DerivedData/Wishie-gavmeupfwiyxzhaiqkwzocyeeixy/Build/Intermediates.noindex/SDWebImage.build/Debug-iphoneos/SDWebImage.build/Objects-normal/arm64/e6072d4f65d7061329687fe24e3d63a7-common-args.resp
    
    builtin-ScanDependencies -o /Users/khanghnguyen/Library/Developer/Xcode/DerivedData/Wishie-gavmeupfwiyxzhaiqkwzocyeeixy/Build/Intermediates.noindex/SDWebImage.build/Debug-iphoneos/SDWebImage.build/Objects-normal/arm64/SDImageHEICCoder.o.scan -- /Applications/Xcode.app/Contents/Developer/Toolchains/XcodeDefault.xctoolchain/usr/bin/clang -x objective-c -ivfsstatcache /Users/khanghnguyen/Library/Developer/Xcode/DerivedData/SDKStatCaches.noindex/iphoneos26.2-23C57-3794476bd08197c3e2abd9bb477ef7f7.sdkstatcache -fmessage-length\=0 -fdiagnostics-show-note-include-stack -fmacro-backtrace-limit\=0 -fno-color-diagnostics -fmodules-prune-interval\=86400 -fmodules-prune-after\=345600 -fbuild-session-file\=/Users/khanghnguyen/Library/Developer/Xcode/DerivedData/ModuleCache.noindex/Session.modulevalidation -fmodules-validate-once-per-build-session -Wnon-modular-include-in-framework-module -Werror\=non-modular-include-in-framework-module -Wno-trigraphs -Wno-missing-field-initializers -Wno-missing-prototypes -Wno-return-type -Wno-implicit-atomic-properties -Wno-objc-interface-ivars -Wno-arc-repeated-use-of-weak -Wno-missing-braces -Wparentheses -Wswitch -Wno-unused-function -Wno-unused-label -Wno-unused-parameter -Wno-unused-variable -Wunused-value -Wno-empty-body -Wno-uninitialized -Wno-unknown-pragmas -w -Wno-shadow -Wno-four-char-constants -Wno-conversion -Wno-constant-conversion -Wno-int-conversion -Wno-bool-conversion -Wno-enum-conversion -Wno-float-conversion -Wno-non-literal-null-conversion -Wno-objc-literal-conversion -Wshorten-64-to-32 -Wpointer-sign -Wno-newline-eof -Wno-selector -Wno-strict-selector-match -Wno-undeclared-selector -Wno-deprecated-implementations -Wno-implicit-fallthrough -fstrict-aliasing -Wprotocol -Wdeprecated-declarations -Wno-sign-conversion -Wno-infinite-recursion -Wno-comma -Wno-block-capture-autoreleasing -Wno-strict-prototypes -Wno-semicolon-before-method-body -index-store-path /Users/khanghnguyen/Library/Developer/Xcode/DerivedData/Wishie-gavmeupfwiyxzhaiqkwzocyeeixy/Index.noindex/DataStore @/Users/khanghnguyen/Library/Developer/Xcode/DerivedData/Wishie-gavmeupfwiyxzhaiqkwzocyeeixy/Build/Intermediates.noindex/SDWebImage.build/Debug-iphoneos/SDWebImage.build/Objects-normal/arm64/e6072d4f65d7061329687fe24e3d63a7-common-args.resp -include /Users/khanghnguyen/Library/Developer/Xcode/DerivedData/Wishie-gavmeupfwiyxzhaiqkwzocyeeixy/Build/Intermediates.noindex/SDWebImage.build/Debug-iphoneos/SDWebImage.build/DerivedSources/resource_bundle_accessor.h -MMD -MT dependencies -MF /Users/khanghnguyen/Library/Developer/Xcode/DerivedData/Wishie-gavmeupfwiyxzhaiqkwzocyeeixy/Build/Intermediates.noindex/SDWebImage.build/Debug-iphoneos/SDWebImage.build/Objects-normal/arm64/SDImageHEICCoder.d --serialize-diagnostics /Users/khanghnguyen/Library/Developer/Xcode/DerivedData/Wishie-gavmeupfwiyxzhaiqkwzocyeeixy/Build/Intermediates.noindex/SDWebImage.build/Debug-iphoneos/SDWebImage.build/Objects-normal/arm64/SDImageHEICCoder.dia -c /Users/khanghnguyen/Library/Developer/Xcode/DerivedData/Wishie-gavmeupfwiyxzhaiqkwzocyeeixy/SourcePackages/checkouts/SDWebImage/SDWebImage/Core/SDImageHEICCoder.m -o /Users/khanghnguyen/Library/Developer/Xcode/DerivedData/Wishie-gavmeupfwiyxzhaiqkwzocyeeixy/Build/Intermediates.noindex/SDWebImage.build/Debug-iphoneos/SDWebImage.build/Objects-normal/arm64/SDImageHEICCoder.o -index-unit-output-path /SDWebImage.build/Debug-iphoneos/SDWebImage.build/Objects-normal/arm64/SDImageHEICCoder.o

ScanDependencies /Users/khanghnguyen/Library/Developer/Xcode/DerivedData/Wishie-gavmeupfwiyxzhaiqkwzocyeeixy/Build/Intermediates.noindex/SDWebImage.build/Debug-iphoneos/SDWebImage.build/Objects-normal/arm64/SDImageGraphics.o /Users/khanghnguyen/Library/Developer/Xcode/DerivedData/Wishie-gavmeupfwiyxzhaiqkwzocyeeixy/SourcePackages/checkouts/SDWebImage/SDWebImage/Core/SDImageGraphics.m normal arm64 objective-c com.apple.compilers.llvm.clang.1_0.compiler (in target 'SDWebImage' from project 'SDWebImage')
    cd /Users/khanghnguyen/Downloads/Wishie/Wishie.xcodeproj
    
    Using response file: /Users/khanghnguyen/Library/Developer/Xcode/DerivedData/Wishie-gavmeupfwiyxzhaiqkwzocyeeixy/Build/Intermediates.noindex/SDWebImage.build/Debug-iphoneos/SDWebImage.build/Objects-normal/arm64/e6072d4f65d7061329687fe24e3d63a7-common-args.resp
    
    builtin-ScanDependencies -o /Users/khanghnguyen/Library/Developer/Xcode/DerivedData/Wishie-gavmeupfwiyxzhaiqkwzocyeeixy/Build/Intermediates.noindex/SDWebImage.build/Debug-iphoneos/SDWebImage.build/Objects-normal/arm64/SDImageGraphics.o.scan -- /Applications/Xcode.app/Contents/Developer/Toolchains/XcodeDefault.xctoolchain/usr/bin/clang -x objective-c -ivfsstatcache /Users/khanghnguyen/Library/Developer/Xcode/DerivedData/SDKStatCaches.noindex/iphoneos26.2-23C57-3794476bd08197c3e2abd9bb477ef7f7.sdkstatcache -fmessage-length\=0 -fdiagnostics-show-note-include-stack -fmacro-backtrace-limit\=0 -fno-color-diagnostics -fmodules-prune-interval\=86400 -fmodules-prune-after\=345600 -fbuild-session-file\=/Users/khanghnguyen/Library/Developer/Xcode/DerivedData/ModuleCache.noindex/Session.modulevalidation -fmodules-validate-once-per-build-session -Wnon-modular-include-in-framework-module -Werror\=non-modular-include-in-framework-module -Wno-trigraphs -Wno-missing-field-initializers -Wno-missing-prototypes -Wno-return-type -Wno-implicit-atomic-properties -Wno-objc-interface-ivars -Wno-arc-repeated-use-of-weak -Wno-missing-braces -Wparentheses -Wswitch -Wno-unused-function -Wno-unused-label -Wno-unused-parameter -Wno-unused-variable -Wunused-value -Wno-empty-body -Wno-uninitialized -Wno-unknown-pragmas -w -Wno-shadow -Wno-four-char-constants -Wno-conversion -Wno-constant-conversion -Wno-int-conversion -Wno-bool-conversion -Wno-enum-conversion -Wno-float-conversion -Wno-non-literal-null-conversion -Wno-objc-literal-conversion -Wshorten-64-to-32 -Wpointer-sign -Wno-newline-eof -Wno-selector -Wno-strict-selector-match -Wno-undeclared-selector -Wno-deprecated-implementations -Wno-implicit-fallthrough -fstrict-aliasing -Wprotocol -Wdeprecated-declarations -Wno-sign-conversion -Wno-infinite-recursion -Wno-comma -Wno-block-capture-autoreleasing -Wno-strict-prototypes -Wno-semicolon-before-method-body -index-store-path /Users/khanghnguyen/Library/Developer/Xcode/DerivedData/Wishie-gavmeupfwiyxzhaiqkwzocyeeixy/Index.noindex/DataStore @/Users/khanghnguyen/Library/Developer/Xcode/DerivedData/Wishie-gavmeupfwiyxzhaiqkwzocyeeixy/Build/Intermediates.noindex/SDWebImage.build/Debug-iphoneos/SDWebImage.build/Objects-normal/arm64/e6072d4f65d7061329687fe24e3d63a7-common-args.resp -include /Users/khanghnguyen/Library/Developer/Xcode/DerivedData/Wishie-gavmeupfwiyxzhaiqkwzocyeeixy/Build/Intermediates.noindex/SDWebImage.build/Debug-iphoneos/SDWebImage.build/DerivedSources/resource_bundle_accessor.h -MMD -MT dependencies -MF /Users/khanghnguyen/Library/Developer/Xcode/DerivedData/Wishie-gavmeupfwiyxzhaiqkwzocyeeixy/Build/Intermediates.noindex/SDWebImage.build/Debug-iphoneos/SDWebImage.build/Objects-normal/arm64/SDImageGraphics.d --serialize-diagnostics /Users/khanghnguyen/Library/Developer/Xcode/DerivedData/Wishie-gavmeupfwiyxzhaiqkwzocyeeixy/Build/Intermediates.noindex/SDWebImage.build/Debug-iphoneos/SDWebImage.build/Objects-normal/arm64/SDImageGraphics.dia -c /Users/khanghnguyen/Library/Developer/Xcode/DerivedData/Wishie-gavmeupfwiyxzhaiqkwzocyeeixy/SourcePackages/checkouts/SDWebImage/SDWebImage/Core/SDImageGraphics.m -o /Users/khanghnguyen/Library/Developer/Xcode/DerivedData/Wishie-gavmeupfwiyxzhaiqkwzocyeeixy/Build/Intermediates.noindex/SDWebImage.build/Debug-iphoneos/SDWebImage.build/Objects-normal/arm64/SDImageGraphics.o -index-unit-output-path /SDWebImage.build/Debug-iphoneos/SDWebImage.build/Objects-normal/arm64/SDImageGraphics.o

ScanDependencies /Users/khanghnguyen/Library/Developer/Xcode/DerivedData/Wishie-gavmeupfwiyxzhaiqkwzocyeeixy/Build/Intermediates.noindex/SDWebImage.build/Debug-iphoneos/SDWebImage.build/Objects-normal/arm64/SDImageGIFCoder.o /Users/khanghnguyen/Library/Developer/Xcode/DerivedData/Wishie-gavmeupfwiyxzhaiqkwzocyeeixy/SourcePackages/checkouts/SDWebImage/SDWebImage/Core/SDImageGIFCoder.m normal arm64 objective-c com.apple.compilers.llvm.clang.1_0.compiler (in target 'SDWebImage' from project 'SDWebImage')
    cd /Users/khanghnguyen/Downloads/Wishie/Wishie.xcodeproj
    
    Using response file: /Users/khanghnguyen/Library/Developer/Xcode/DerivedData/Wishie-gavmeupfwiyxzhaiqkwzocyeeixy/Build/Intermediates.noindex/SDWebImage.build/Debug-iphoneos/SDWebImage.build/Objects-normal/arm64/e6072d4f65d7061329687fe24e3d63a7-common-args.resp
    
    builtin-ScanDependencies -o /Users/khanghnguyen/Library/Developer/Xcode/DerivedData/Wishie-gavmeupfwiyxzhaiqkwzocyeeixy/Build/Intermediates.noindex/SDWebImage.build/Debug-iphoneos/SDWebImage.build/Objects-normal/arm64/SDImageGIFCoder.o.scan -- /Applications/Xcode.app/Contents/Developer/Toolchains/XcodeDefault.xctoolchain/usr/bin/clang -x objective-c -ivfsstatcache /Users/khanghnguyen/Library/Developer/Xcode/DerivedData/SDKStatCaches.noindex/iphoneos26.2-23C57-3794476bd08197c3e2abd9bb477ef7f7.sdkstatcache -fmessage-length\=0 -fdiagnostics-show-note-include-stack -fmacro-backtrace-limit\=0 -fno-color-diagnostics -fmodules-prune-interval\=86400 -fmodules-prune-after\=345600 -fbuild-session-file\=/Users/khanghnguyen/Library/Developer/Xcode/DerivedData/ModuleCache.noindex/Session.modulevalidation -fmodules-validate-once-per-build-session -Wnon-modular-include-in-framework-module -Werror\=non-modular-include-in-framework-module -Wno-trigraphs -Wno-missing-field-initializers -Wno-missing-prototypes -Wno-return-type -Wno-implicit-atomic-properties -Wno-objc-interface-ivars -Wno-arc-repeated-use-of-weak -Wno-missing-braces -Wparentheses -Wswitch -Wno-unused-function -Wno-unused-label -Wno-unused-parameter -Wno-unused-variable -Wunused-value -Wno-empty-body -Wno-uninitialized -Wno-unknown-pragmas -w -Wno-shadow -Wno-four-char-constants -Wno-conversion -Wno-constant-conversion -Wno-int-conversion -Wno-bool-conversion -Wno-enum-conversion -Wno-float-conversion -Wno-non-literal-null-conversion -Wno-objc-literal-conversion -Wshorten-64-to-32 -Wpointer-sign -Wno-newline-eof -Wno-selector -Wno-strict-selector-match -Wno-undeclared-selector -Wno-deprecated-implementations -Wno-implicit-fallthrough -fstrict-aliasing -Wprotocol -Wdeprecated-declarations -Wno-sign-conversion -Wno-infinite-recursion -Wno-comma -Wno-block-capture-autoreleasing -Wno-strict-prototypes -Wno-semicolon-before-method-body -index-store-path /Users/khanghnguyen/Library/Developer/Xcode/DerivedData/Wishie-gavmeupfwiyxzhaiqkwzocyeeixy/Index.noindex/DataStore @/Users/khanghnguyen/Library/Developer/Xcode/DerivedData/Wishie-gavmeupfwiyxzhaiqkwzocyeeixy/Build/Intermediates.noindex/SDWebImage.build/Debug-iphoneos/SDWebImage.build/Objects-normal/arm64/e6072d4f65d7061329687fe24e3d63a7-common-args.resp -include /Users/khanghnguyen/Library/Developer/Xcode/DerivedData/Wishie-gavmeupfwiyxzhaiqkwzocyeeixy/Build/Intermediates.noindex/SDWebImage.build/Debug-iphoneos/SDWebImage.build/DerivedSources/resource_bundle_accessor.h -MMD -MT dependencies -MF /Users/khanghnguyen/Library/Developer/Xcode/DerivedData/Wishie-gavmeupfwiyxzhaiqkwzocyeeixy/Build/Intermediates.noindex/SDWebImage.build/Debug-iphoneos/SDWebImage.build/Objects-normal/arm64/SDImageGIFCoder.d --serialize-diagnostics /Users/khanghnguyen/Library/Developer/Xcode/DerivedData/Wishie-gavmeupfwiyxzhaiqkwzocyeeixy/Build/Intermediates.noindex/SDWebImage.build/Debug-iphoneos/SDWebImage.build/Objects-normal/arm64/SDImageGIFCoder.dia -c /Users/khanghnguyen/Library/Developer/Xcode/DerivedData/Wishie-gavmeupfwiyxzhaiqkwzocyeeixy/SourcePackages/checkouts/SDWebImage/SDWebImage/Core/SDImageGIFCoder.m -o /Users/khanghnguyen/Library/Developer/Xcode/DerivedData/Wishie-gavmeupfwiyxzhaiqkwzocyeeixy/Build/Intermediates.noindex/SDWebImage.build/Debug-iphoneos/SDWebImage.build/Objects-normal/arm64/SDImageGIFCoder.o -index-unit-output-path /SDWebImage.build/Debug-iphoneos/SDWebImage.build/Objects-normal/arm64/SDImageGIFCoder.o

ScanDependencies /Users/khanghnguyen/Library/Developer/Xcode/DerivedData/Wishie-gavmeupfwiyxzhaiqkwzocyeeixy/Build/Intermediates.noindex/SDWebImage.build/Debug-iphoneos/SDWebImage.build/Objects-normal/arm64/SDImageFramePool.o /Users/khanghnguyen/Library/Developer/Xcode/DerivedData/Wishie-gavmeupfwiyxzhaiqkwzocyeeixy/SourcePackages/checkouts/SDWebImage/SDWebImage/Private/SDImageFramePool.m normal arm64 objective-c com.apple.compilers.llvm.clang.1_0.compiler (in target 'SDWebImage' from project 'SDWebImage')
    cd /Users/khanghnguyen/Downloads/Wishie/Wishie.xcodeproj
    
    Using response file: /Users/khanghnguyen/Library/Developer/Xcode/DerivedData/Wishie-gavmeupfwiyxzhaiqkwzocyeeixy/Build/Intermediates.noindex/SDWebImage.build/Debug-iphoneos/SDWebImage.build/Objects-normal/arm64/e6072d4f65d7061329687fe24e3d63a7-common-args.resp
    
    builtin-ScanDependencies -o /Users/khanghnguyen/Library/Developer/Xcode/DerivedData/Wishie-gavmeupfwiyxzhaiqkwzocyeeixy/Build/Intermediates.noindex/SDWebImage.build/Debug-iphoneos/SDWebImage.build/Objects-normal/arm64/SDImageFramePool.o.scan -- /Applications/Xcode.app/Contents/Developer/Toolchains/XcodeDefault.xctoolchain/usr/bin/clang -x objective-c -ivfsstatcache /Users/khanghnguyen/Library/Developer/Xcode/DerivedData/SDKStatCaches.noindex/iphoneos26.2-23C57-3794476bd08197c3e2abd9bb477ef7f7.sdkstatcache -fmessage-length\=0 -fdiagnostics-show-note-include-stack -fmacro-backtrace-limit\=0 -fno-color-diagnostics -fmodules-prune-interval\=86400 -fmodules-prune-after\=345600 -fbuild-session-file\=/Users/khanghnguyen/Library/Developer/Xcode/DerivedData/ModuleCache.noindex/Session.modulevalidation -fmodules-validate-once-per-build-session -Wnon-modular-include-in-framework-module -Werror\=non-modular-include-in-framework-module -Wno-trigraphs -Wno-missing-field-initializers -Wno-missing-prototypes -Wno-return-type -Wno-implicit-atomic-properties -Wno-objc-interface-ivars -Wno-arc-repeated-use-of-weak -Wno-missing-braces -Wparentheses -Wswitch -Wno-unused-function -Wno-unused-label -Wno-unused-parameter -Wno-unused-variable -Wunused-value -Wno-empty-body -Wno-uninitialized -Wno-unknown-pragmas -w -Wno-shadow -Wno-four-char-constants -Wno-conversion -Wno-constant-conversion -Wno-int-conversion -Wno-bool-conversion -Wno-enum-conversion -Wno-float-conversion -Wno-non-literal-null-conversion -Wno-objc-literal-conversion -Wshorten-64-to-32 -Wpointer-sign -Wno-newline-eof -Wno-selector -Wno-strict-selector-match -Wno-undeclared-selector -Wno-deprecated-implementations -Wno-implicit-fallthrough -fstrict-aliasing -Wprotocol -Wdeprecated-declarations -Wno-sign-conversion -Wno-infinite-recursion -Wno-comma -Wno-block-capture-autoreleasing -Wno-strict-prototypes -Wno-semicolon-before-method-body -index-store-path /Users/khanghnguyen/Library/Developer/Xcode/DerivedData/Wishie-gavmeupfwiyxzhaiqkwzocyeeixy/Index.noindex/DataStore @/Users/khanghnguyen/Library/Developer/Xcode/DerivedData/Wishie-gavmeupfwiyxzhaiqkwzocyeeixy/Build/Intermediates.noindex/SDWebImage.build/Debug-iphoneos/SDWebImage.build/Objects-normal/arm64/e6072d4f65d7061329687fe24e3d63a7-common-args.resp -include /Users/khanghnguyen/Library/Developer/Xcode/DerivedData/Wishie-gavmeupfwiyxzhaiqkwzocyeeixy/Build/Intermediates.noindex/SDWebImage.build/Debug-iphoneos/SDWebImage.build/DerivedSources/resource_bundle_accessor.h -MMD -MT dependencies -MF /Users/khanghnguyen/Library/Developer/Xcode/DerivedData/Wishie-gavmeupfwiyxzhaiqkwzocyeeixy/Build/Intermediates.noindex/SDWebImage.build/Debug-iphoneos/SDWebImage.build/Objects-normal/arm64/SDImageFramePool.d --serialize-diagnostics /Users/khanghnguyen/Library/Developer/Xcode/DerivedData/Wishie-gavmeupfwiyxzhaiqkwzocyeeixy/Build/Intermediates.noindex/SDWebImage.build/Debug-iphoneos/SDWebImage.build/Objects-normal/arm64/SDImageFramePool.dia -c /Users/khanghnguyen/Library/Developer/Xcode/DerivedData/Wishie-gavmeupfwiyxzhaiqkwzocyeeixy/SourcePackages/checkouts/SDWebImage/SDWebImage/Private/SDImageFramePool.m -o /Users/khanghnguyen/Library/Developer/Xcode/DerivedData/Wishie-gavmeupfwiyxzhaiqkwzocyeeixy/Build/Intermediates.noindex/SDWebImage.build/Debug-iphoneos/SDWebImage.build/Objects-normal/arm64/SDImageFramePool.o -index-unit-output-path /SDWebImage.build/Debug-iphoneos/SDWebImage.build/Objects-normal/arm64/SDImageFramePool.o

ScanDependencies /Users/khanghnguyen/Library/Developer/Xcode/DerivedData/Wishie-gavmeupfwiyxzhaiqkwzocyeeixy/Build/Intermediates.noindex/SDWebImage.build/Debug-iphoneos/SDWebImage.build/Objects-normal/arm64/SDImageFrame.o /Users/khanghnguyen/Library/Developer/Xcode/DerivedData/Wishie-gavmeupfwiyxzhaiqkwzocyeeixy/SourcePackages/checkouts/SDWebImage/SDWebImage/Core/SDImageFrame.m normal arm64 objective-c com.apple.compilers.llvm.clang.1_0.compiler (in target 'SDWebImage' from project 'SDWebImage')
    cd /Users/khanghnguyen/Downloads/Wishie/Wishie.xcodeproj
    
    Using response file: /Users/khanghnguyen/Library/Developer/Xcode/DerivedData/Wishie-gavmeupfwiyxzhaiqkwzocyeeixy/Build/Intermediates.noindex/SDWebImage.build/Debug-iphoneos/SDWebImage.build/Objects-normal/arm64/e6072d4f65d7061329687fe24e3d63a7-common-args.resp
    
    builtin-ScanDependencies -o /Users/khanghnguyen/Library/Developer/Xcode/DerivedData/Wishie-gavmeupfwiyxzhaiqkwzocyeeixy/Build/Intermediates.noindex/SDWebImage.build/Debug-iphoneos/SDWebImage.build/Objects-normal/arm64/SDImageFrame.o.scan -- /Applications/Xcode.app/Contents/Developer/Toolchains/XcodeDefault.xctoolchain/usr/bin/clang -x objective-c -ivfsstatcache /Users/khanghnguyen/Library/Developer/Xcode/DerivedData/SDKStatCaches.noindex/iphoneos26.2-23C57-3794476bd08197c3e2abd9bb477ef7f7.sdkstatcache -fmessage-length\=0 -fdiagnostics-show-note-include-stack -fmacro-backtrace-limit\=0 -fno-color-diagnostics -fmodules-prune-interval\=86400 -fmodules-prune-after\=345600 -fbuild-session-file\=/Users/khanghnguyen/Library/Developer/Xcode/DerivedData/ModuleCache.noindex/Session.modulevalidation -fmodules-validate-once-per-build-session -Wnon-modular-include-in-framework-module -Werror\=non-modular-include-in-framework-module -Wno-trigraphs -Wno-missing-field-initializers -Wno-missing-prototypes -Wno-return-type -Wno-implicit-atomic-properties -Wno-objc-interface-ivars -Wno-arc-repeated-use-of-weak -Wno-missing-braces -Wparentheses -Wswitch -Wno-unused-function -Wno-unused-label -Wno-unused-parameter -Wno-unused-variable -Wunused-value -Wno-empty-body -Wno-uninitialized -Wno-unknown-pragmas -w -Wno-shadow -Wno-four-char-constants -Wno-conversion -Wno-constant-conversion -Wno-int-conversion -Wno-bool-conversion -Wno-enum-conversion -Wno-float-conversion -Wno-non-literal-null-conversion -Wno-objc-literal-conversion -Wshorten-64-to-32 -Wpointer-sign -Wno-newline-eof -Wno-selector -Wno-strict-selector-match -Wno-undeclared-selector -Wno-deprecated-implementations -Wno-implicit-fallthrough -fstrict-aliasing -Wprotocol -Wdeprecated-declarations -Wno-sign-conversion -Wno-infinite-recursion -Wno-comma -Wno-block-capture-autoreleasing -Wno-strict-prototypes -Wno-semicolon-before-method-body -index-store-path /Users/khanghnguyen/Library/Developer/Xcode/DerivedData/Wishie-gavmeupfwiyxzhaiqkwzocyeeixy/Index.noindex/DataStore @/Users/khanghnguyen/Library/Developer/Xcode/DerivedData/Wishie-gavmeupfwiyxzhaiqkwzocyeeixy/Build/Intermediates.noindex/SDWebImage.build/Debug-iphoneos/SDWebImage.build/Objects-normal/arm64/e6072d4f65d7061329687fe24e3d63a7-common-args.resp -include /Users/khanghnguyen/Library/Developer/Xcode/DerivedData/Wishie-gavmeupfwiyxzhaiqkwzocyeeixy/Build/Intermediates.noindex/SDWebImage.build/Debug-iphoneos/SDWebImage.build/DerivedSources/resource_bundle_accessor.h -MMD -MT dependencies -MF /Users/khanghnguyen/Library/Developer/Xcode/DerivedData/Wishie-gavmeupfwiyxzhaiqkwzocyeeixy/Build/Intermediates.noindex/SDWebImage.build/Debug-iphoneos/SDWebImage.build/Objects-normal/arm64/SDImageFrame.d --serialize-diagnostics /Users/khanghnguyen/Library/Developer/Xcode/DerivedData/Wishie-gavmeupfwiyxzhaiqkwzocyeeixy/Build/Intermediates.noindex/SDWebImage.build/Debug-iphoneos/SDWebImage.build/Objects-normal/arm64/SDImageFrame.dia -c /Users/khanghnguyen/Library/Developer/Xcode/DerivedData/Wishie-gavmeupfwiyxzhaiqkwzocyeeixy/SourcePackages/checkouts/SDWebImage/SDWebImage/Core/SDImageFrame.m -o /Users/khanghnguyen/Library/Developer/Xcode/DerivedData/Wishie-gavmeupfwiyxzhaiqkwzocyeeixy/Build/Intermediates.noindex/SDWebImage.build/Debug-iphoneos/SDWebImage.build/Objects-normal/arm64/SDImageFrame.o -index-unit-output-path /SDWebImage.build/Debug-iphoneos/SDWebImage.build/Objects-normal/arm64/SDImageFrame.o

ScanDependencies /Users/khanghnguyen/Library/Developer/Xcode/DerivedData/Wishie-gavmeupfwiyxzhaiqkwzocyeeixy/Build/Intermediates.noindex/SDWebImage.build/Debug-iphoneos/SDWebImage.build/Objects-normal/arm64/SDImageCodersManager.o /Users/khanghnguyen/Library/Developer/Xcode/DerivedData/Wishie-gavmeupfwiyxzhaiqkwzocyeeixy/SourcePackages/checkouts/SDWebImage/SDWebImage/Core/SDImageCodersManager.m normal arm64 objective-c com.apple.compilers.llvm.clang.1_0.compiler (in target 'SDWebImage' from project 'SDWebImage')
    cd /Users/khanghnguyen/Downloads/Wishie/Wishie.xcodeproj
    
    Using response file: /Users/khanghnguyen/Library/Developer/Xcode/DerivedData/Wishie-gavmeupfwiyxzhaiqkwzocyeeixy/Build/Intermediates.noindex/SDWebImage.build/Debug-iphoneos/SDWebImage.build/Objects-normal/arm64/e6072d4f65d7061329687fe24e3d63a7-common-args.resp
    
    builtin-ScanDependencies -o /Users/khanghnguyen/Library/Developer/Xcode/DerivedData/Wishie-gavmeupfwiyxzhaiqkwzocyeeixy/Build/Intermediates.noindex/SDWebImage.build/Debug-iphoneos/SDWebImage.build/Objects-normal/arm64/SDImageCodersManager.o.scan -- /Applications/Xcode.app/Contents/Developer/Toolchains/XcodeDefault.xctoolchain/usr/bin/clang -x objective-c -ivfsstatcache /Users/khanghnguyen/Library/Developer/Xcode/DerivedData/SDKStatCaches.noindex/iphoneos26.2-23C57-3794476bd08197c3e2abd9bb477ef7f7.sdkstatcache -fmessage-length\=0 -fdiagnostics-show-note-include-stack -fmacro-backtrace-limit\=0 -fno-color-diagnostics -fmodules-prune-interval\=86400 -fmodules-prune-after\=345600 -fbuild-session-file\=/Users/khanghnguyen/Library/Developer/Xcode/DerivedData/ModuleCache.noindex/Session.modulevalidation -fmodules-validate-once-per-build-session -Wnon-modular-include-in-framework-module -Werror\=non-modular-include-in-framework-module -Wno-trigraphs -Wno-missing-field-initializers -Wno-missing-prototypes -Wno-return-type -Wno-implicit-atomic-properties -Wno-objc-interface-ivars -Wno-arc-repeated-use-of-weak -Wno-missing-braces -Wparentheses -Wswitch -Wno-unused-function -Wno-unused-label -Wno-unused-parameter -Wno-unused-variable -Wunused-value -Wno-empty-body -Wno-uninitialized -Wno-unknown-pragmas -w -Wno-shadow -Wno-four-char-constants -Wno-conversion -Wno-constant-conversion -Wno-int-conversion -Wno-bool-conversion -Wno-enum-conversion -Wno-float-conversion -Wno-non-literal-null-conversion -Wno-objc-literal-conversion -Wshorten-64-to-32 -Wpointer-sign -Wno-newline-eof -Wno-selector -Wno-strict-selector-match -Wno-undeclared-selector -Wno-deprecated-implementations -Wno-implicit-fallthrough -fstrict-aliasing -Wprotocol -Wdeprecated-declarations -Wno-sign-conversion -Wno-infinite-recursion -Wno-comma -Wno-block-capture-autoreleasing -Wno-strict-prototypes -Wno-semicolon-before-method-body -index-store-path /Users/khanghnguyen/Library/Developer/Xcode/DerivedData/Wishie-gavmeupfwiyxzhaiqkwzocyeeixy/Index.noindex/DataStore @/Users/khanghnguyen/Library/Developer/Xcode/DerivedData/Wishie-gavmeupfwiyxzhaiqkwzocyeeixy/Build/Intermediates.noindex/SDWebImage.build/Debug-iphoneos/SDWebImage.build/Objects-normal/arm64/e6072d4f65d7061329687fe24e3d63a7-common-args.resp -include /Users/khanghnguyen/Library/Developer/Xcode/DerivedData/Wishie-gavmeupfwiyxzhaiqkwzocyeeixy/Build/Intermediates.noindex/SDWebImage.build/Debug-iphoneos/SDWebImage.build/DerivedSources/resource_bundle_accessor.h -MMD -MT dependencies -MF /Users/khanghnguyen/Library/Developer/Xcode/DerivedData/Wishie-gavmeupfwiyxzhaiqkwzocyeeixy/Build/Intermediates.noindex/SDWebImage.build/Debug-iphoneos/SDWebImage.build/Objects-normal/arm64/SDImageCodersManager.d --serialize-diagnostics /Users/khanghnguyen/Library/Developer/Xcode/DerivedData/Wishie-gavmeupfwiyxzhaiqkwzocyeeixy/Build/Intermediates.noindex/SDWebImage.build/Debug-iphoneos/SDWebImage.build/Objects-normal/arm64/SDImageCodersManager.dia -c /Users/khanghnguyen/Library/Developer/Xcode/DerivedData/Wishie-gavmeupfwiyxzhaiqkwzocyeeixy/SourcePackages/checkouts/SDWebImage/SDWebImage/Core/SDImageCodersManager.m -o /Users/khanghnguyen/Library/Developer/Xcode/DerivedData/Wishie-gavmeupfwiyxzhaiqkwzocyeeixy/Build/Intermediates.noindex/SDWebImage.build/Debug-iphoneos/SDWebImage.build/Objects-normal/arm64/SDImageCodersManager.o -index-unit-output-path /SDWebImage.build/Debug-iphoneos/SDWebImage.build/Objects-normal/arm64/SDImageCodersManager.o

ScanDependencies /Users/khanghnguyen/Library/Developer/Xcode/DerivedData/Wishie-gavmeupfwiyxzhaiqkwzocyeeixy/Build/Intermediates.noindex/SDWebImage.build/Debug-iphoneos/SDWebImage.build/Objects-normal/arm64/SDImageCoderHelper.o /Users/khanghnguyen/Library/Developer/Xcode/DerivedData/Wishie-gavmeupfwiyxzhaiqkwzocyeeixy/SourcePackages/checkouts/SDWebImage/SDWebImage/Core/SDImageCoderHelper.m normal arm64 objective-c com.apple.compilers.llvm.clang.1_0.compiler (in target 'SDWebImage' from project 'SDWebImage')
    cd /Users/khanghnguyen/Downloads/Wishie/Wishie.xcodeproj
    
    Using response file: /Users/khanghnguyen/Library/Developer/Xcode/DerivedData/Wishie-gavmeupfwiyxzhaiqkwzocyeeixy/Build/Intermediates.noindex/SDWebImage.build/Debug-iphoneos/SDWebImage.build/Objects-normal/arm64/e6072d4f65d7061329687fe24e3d63a7-common-args.resp
    
    builtin-ScanDependencies -o /Users/khanghnguyen/Library/Developer/Xcode/DerivedData/Wishie-gavmeupfwiyxzhaiqkwzocyeeixy/Build/Intermediates.noindex/SDWebImage.build/Debug-iphoneos/SDWebImage.build/Objects-normal/arm64/SDImageCoderHelper.o.scan -- /Applications/Xcode.app/Contents/Developer/Toolchains/XcodeDefault.xctoolchain/usr/bin/clang -x objective-c -ivfsstatcache /Users/khanghnguyen/Library/Developer/Xcode/DerivedData/SDKStatCaches.noindex/iphoneos26.2-23C57-3794476bd08197c3e2abd9bb477ef7f7.sdkstatcache -fmessage-length\=0 -fdiagnostics-show-note-include-stack -fmacro-backtrace-limit\=0 -fno-color-diagnostics -fmodules-prune-interval\=86400 -fmodules-prune-after\=345600 -fbuild-session-file\=/Users/khanghnguyen/Library/Developer/Xcode/DerivedData/ModuleCache.noindex/Session.modulevalidation -fmodules-validate-once-per-build-session -Wnon-modular-include-in-framework-module -Werror\=non-modular-include-in-framework-module -Wno-trigraphs -Wno-missing-field-initializers -Wno-missing-prototypes -Wno-return-type -Wno-implicit-atomic-properties -Wno-objc-interface-ivars -Wno-arc-repeated-use-of-weak -Wno-missing-braces -Wparentheses -Wswitch -Wno-unused-function -Wno-unused-label -Wno-unused-parameter -Wno-unused-variable -Wunused-value -Wno-empty-body -Wno-uninitialized -Wno-unknown-pragmas -w -Wno-shadow -Wno-four-char-constants -Wno-conversion -Wno-constant-conversion -Wno-int-conversion -Wno-bool-conversion -Wno-enum-conversion -Wno-float-conversion -Wno-non-literal-null-conversion -Wno-objc-literal-conversion -Wshorten-64-to-32 -Wpointer-sign -Wno-newline-eof -Wno-selector -Wno-strict-selector-match -Wno-undeclared-selector -Wno-deprecated-implementations -Wno-implicit-fallthrough -fstrict-aliasing -Wprotocol -Wdeprecated-declarations -Wno-sign-conversion -Wno-infinite-recursion -Wno-comma -Wno-block-capture-autoreleasing -Wno-strict-prototypes -Wno-semicolon-before-method-body -index-store-path /Users/khanghnguyen/Library/Developer/Xcode/DerivedData/Wishie-gavmeupfwiyxzhaiqkwzocyeeixy/Index.noindex/DataStore @/Users/khanghnguyen/Library/Developer/Xcode/DerivedData/Wishie-gavmeupfwiyxzhaiqkwzocyeeixy/Build/Intermediates.noindex/SDWebImage.build/Debug-iphoneos/SDWebImage.build/Objects-normal/arm64/e6072d4f65d7061329687fe24e3d63a7-common-args.resp -include /Users/khanghnguyen/Library/Developer/Xcode/DerivedData/Wishie-gavmeupfwiyxzhaiqkwzocyeeixy/Build/Intermediates.noindex/SDWebImage.build/Debug-iphoneos/SDWebImage.build/DerivedSources/resource_bundle_accessor.h -MMD -MT dependencies -MF /Users/khanghnguyen/Library/Developer/Xcode/DerivedData/Wishie-gavmeupfwiyxzhaiqkwzocyeeixy/Build/Intermediates.noindex/SDWebImage.build/Debug-iphoneos/SDWebImage.build/Objects-normal/arm64/SDImageCoderHelper.d --serialize-diagnostics /Users/khanghnguyen/Library/Developer/Xcode/DerivedData/Wishie-gavmeupfwiyxzhaiqkwzocyeeixy/Build/Intermediates.noindex/SDWebImage.build/Debug-iphoneos/SDWebImage.build/Objects-normal/arm64/SDImageCoderHelper.dia -c /Users/khanghnguyen/Library/Developer/Xcode/DerivedData/Wishie-gavmeupfwiyxzhaiqkwzocyeeixy/SourcePackages/checkouts/SDWebImage/SDWebImage/Core/SDImageCoderHelper.m -o /Users/khanghnguyen/Library/Developer/Xcode/DerivedData/Wishie-gavmeupfwiyxzhaiqkwzocyeeixy/Build/Intermediates.noindex/SDWebImage.build/Debug-iphoneos/SDWebImage.build/Objects-normal/arm64/SDImageCoderHelper.o -index-unit-output-path /SDWebImage.build/Debug-iphoneos/SDWebImage.build/Objects-normal/arm64/SDImageCoderHelper.o

ScanDependencies /Users/khanghnguyen/Library/Developer/Xcode/DerivedData/Wishie-gavmeupfwiyxzhaiqkwzocyeeixy/Build/Intermediates.noindex/SDWebImage.build/Debug-iphoneos/SDWebImage.build/Objects-normal/arm64/SDImageCoder.o /Users/khanghnguyen/Library/Developer/Xcode/DerivedData/Wishie-gavmeupfwiyxzhaiqkwzocyeeixy/SourcePackages/checkouts/SDWebImage/SDWebImage/Core/SDImageCoder.m normal arm64 objective-c com.apple.compilers.llvm.clang.1_0.compiler (in target 'SDWebImage' from project 'SDWebImage')
    cd /Users/khanghnguyen/Downloads/Wishie/Wishie.xcodeproj
    
    Using response file: /Users/khanghnguyen/Library/Developer/Xcode/DerivedData/Wishie-gavmeupfwiyxzhaiqkwzocyeeixy/Build/Intermediates.noindex/SDWebImage.build/Debug-iphoneos/SDWebImage.build/Objects-normal/arm64/e6072d4f65d7061329687fe24e3d63a7-common-args.resp
    
    builtin-ScanDependencies -o /Users/khanghnguyen/Library/Developer/Xcode/DerivedData/Wishie-gavmeupfwiyxzhaiqkwzocyeeixy/Build/Intermediates.noindex/SDWebImage.build/Debug-iphoneos/SDWebImage.build/Objects-normal/arm64/SDImageCoder.o.scan -- /Applications/Xcode.app/Contents/Developer/Toolchains/XcodeDefault.xctoolchain/usr/bin/clang -x objective-c -ivfsstatcache /Users/khanghnguyen/Library/Developer/Xcode/DerivedData/SDKStatCaches.noindex/iphoneos26.2-23C57-3794476bd08197c3e2abd9bb477ef7f7.sdkstatcache -fmessage-length\=0 -fdiagnostics-show-note-include-stack -fmacro-backtrace-limit\=0 -fno-color-diagnostics -fmodules-prune-interval\=86400 -fmodules-prune-after\=345600 -fbuild-session-file\=/Users/khanghnguyen/Library/Developer/Xcode/DerivedData/ModuleCache.noindex/Session.modulevalidation -fmodules-validate-once-per-build-session -Wnon-modular-include-in-framework-module -Werror\=non-modular-include-in-framework-module -Wno-trigraphs -Wno-missing-field-initializers -Wno-missing-prototypes -Wno-return-type -Wno-implicit-atomic-properties -Wno-objc-interface-ivars -Wno-arc-repeated-use-of-weak -Wno-missing-braces -Wparentheses -Wswitch -Wno-unused-function -Wno-unused-label -Wno-unused-parameter -Wno-unused-variable -Wunused-value -Wno-empty-body -Wno-uninitialized -Wno-unknown-pragmas -w -Wno-shadow -Wno-four-char-constants -Wno-conversion -Wno-constant-conversion -Wno-int-conversion -Wno-bool-conversion -Wno-enum-conversion -Wno-float-conversion -Wno-non-literal-null-conversion -Wno-objc-literal-conversion -Wshorten-64-to-32 -Wpointer-sign -Wno-newline-eof -Wno-selector -Wno-strict-selector-match -Wno-undeclared-selector -Wno-deprecated-implementations -Wno-implicit-fallthrough -fstrict-aliasing -Wprotocol -Wdeprecated-declarations -Wno-sign-conversion -Wno-infinite-recursion -Wno-comma -Wno-block-capture-autoreleasing -Wno-strict-prototypes -Wno-semicolon-before-method-body -index-store-path /Users/khanghnguyen/Library/Developer/Xcode/DerivedData/Wishie-gavmeupfwiyxzhaiqkwzocyeeixy/Index.noindex/DataStore @/Users/khanghnguyen/Library/Developer/Xcode/DerivedData/Wishie-gavmeupfwiyxzhaiqkwzocyeeixy/Build/Intermediates.noindex/SDWebImage.build/Debug-iphoneos/SDWebImage.build/Objects-normal/arm64/e6072d4f65d7061329687fe24e3d63a7-common-args.resp -include /Users/khanghnguyen/Library/Developer/Xcode/DerivedData/Wishie-gavmeupfwiyxzhaiqkwzocyeeixy/Build/Intermediates.noindex/SDWebImage.build/Debug-iphoneos/SDWebImage.build/DerivedSources/resource_bundle_accessor.h -MMD -MT dependencies -MF /Users/khanghnguyen/Library/Developer/Xcode/DerivedData/Wishie-gavmeupfwiyxzhaiqkwzocyeeixy/Build/Intermediates.noindex/SDWebImage.build/Debug-iphoneos/SDWebImage.build/Objects-normal/arm64/SDImageCoder.d --serialize-diagnostics /Users/khanghnguyen/Library/Developer/Xcode/DerivedData/Wishie-gavmeupfwiyxzhaiqkwzocyeeixy/Build/Intermediates.noindex/SDWebImage.build/Debug-iphoneos/SDWebImage.build/Objects-normal/arm64/SDImageCoder.dia -c /Users/khanghnguyen/Library/Developer/Xcode/DerivedData/Wishie-gavmeupfwiyxzhaiqkwzocyeeixy/SourcePackages/checkouts/SDWebImage/SDWebImage/Core/SDImageCoder.m -o /Users/khanghnguyen/Library/Developer/Xcode/DerivedData/Wishie-gavmeupfwiyxzhaiqkwzocyeeixy/Build/Intermediates.noindex/SDWebImage.build/Debug-iphoneos/SDWebImage.build/Objects-normal/arm64/SDImageCoder.o -index-unit-output-path /SDWebImage.build/Debug-iphoneos/SDWebImage.build/Objects-normal/arm64/SDImageCoder.o

ScanDependencies /Users/khanghnguyen/Library/Developer/Xcode/DerivedData/Wishie-gavmeupfwiyxzhaiqkwzocyeeixy/Build/Intermediates.noindex/SDWebImage.build/Debug-iphoneos/SDWebImage.build/Objects-normal/arm64/SDImageCachesManagerOperation.o /Users/khanghnguyen/Library/Developer/Xcode/DerivedData/Wishie-gavmeupfwiyxzhaiqkwzocyeeixy/SourcePackages/checkouts/SDWebImage/SDWebImage/Private/SDImageCachesManagerOperation.m normal arm64 objective-c com.apple.compilers.llvm.clang.1_0.compiler (in target 'SDWebImage' from project 'SDWebImage')
    cd /Users/khanghnguyen/Downloads/Wishie/Wishie.xcodeproj
    
    Using response file: /Users/khanghnguyen/Library/Developer/Xcode/DerivedData/Wishie-gavmeupfwiyxzhaiqkwzocyeeixy/Build/Intermediates.noindex/SDWebImage.build/Debug-iphoneos/SDWebImage.build/Objects-normal/arm64/e6072d4f65d7061329687fe24e3d63a7-common-args.resp
    
    builtin-ScanDependencies -o /Users/khanghnguyen/Library/Developer/Xcode/DerivedData/Wishie-gavmeupfwiyxzhaiqkwzocyeeixy/Build/Intermediates.noindex/SDWebImage.build/Debug-iphoneos/SDWebImage.build/Objects-normal/arm64/SDImageCachesManagerOperation.o.scan -- /Applications/Xcode.app/Contents/Developer/Toolchains/XcodeDefault.xctoolchain/usr/bin/clang -x objective-c -ivfsstatcache /Users/khanghnguyen/Library/Developer/Xcode/DerivedData/SDKStatCaches.noindex/iphoneos26.2-23C57-3794476bd08197c3e2abd9bb477ef7f7.sdkstatcache -fmessage-length\=0 -fdiagnostics-show-note-include-stack -fmacro-backtrace-limit\=0 -fno-color-diagnostics -fmodules-prune-interval\=86400 -fmodules-prune-after\=345600 -fbuild-session-file\=/Users/khanghnguyen/Library/Developer/Xcode/DerivedData/ModuleCache.noindex/Session.modulevalidation -fmodules-validate-once-per-build-session -Wnon-modular-include-in-framework-module -Werror\=non-modular-include-in-framework-module -Wno-trigraphs -Wno-missing-field-initializers -Wno-missing-prototypes -Wno-return-type -Wno-implicit-atomic-properties -Wno-objc-interface-ivars -Wno-arc-repeated-use-of-weak -Wno-missing-braces -Wparentheses -Wswitch -Wno-unused-function -Wno-unused-label -Wno-unused-parameter -Wno-unused-variable -Wunused-value -Wno-empty-body -Wno-uninitialized -Wno-unknown-pragmas -w -Wno-shadow -Wno-four-char-constants -Wno-conversion -Wno-constant-conversion -Wno-int-conversion -Wno-bool-conversion -Wno-enum-conversion -Wno-float-conversion -Wno-non-literal-null-conversion -Wno-objc-literal-conversion -Wshorten-64-to-32 -Wpointer-sign -Wno-newline-eof -Wno-selector -Wno-strict-selector-match -Wno-undeclared-selector -Wno-deprecated-implementations -Wno-implicit-fallthrough -fstrict-aliasing -Wprotocol -Wdeprecated-declarations -Wno-sign-conversion -Wno-infinite-recursion -Wno-comma -Wno-block-capture-autoreleasing -Wno-strict-prototypes -Wno-semicolon-before-method-body -index-store-path /Users/khanghnguyen/Library/Developer/Xcode/DerivedData/Wishie-gavmeupfwiyxzhaiqkwzocyeeixy/Index.noindex/DataStore @/Users/khanghnguyen/Library/Developer/Xcode/DerivedData/Wishie-gavmeupfwiyxzhaiqkwzocyeeixy/Build/Intermediates.noindex/SDWebImage.build/Debug-iphoneos/SDWebImage.build/Objects-normal/arm64/e6072d4f65d7061329687fe24e3d63a7-common-args.resp -include /Users/khanghnguyen/Library/Developer/Xcode/DerivedData/Wishie-gavmeupfwiyxzhaiqkwzocyeeixy/Build/Intermediates.noindex/SDWebImage.build/Debug-iphoneos/SDWebImage.build/DerivedSources/resource_bundle_accessor.h -MMD -MT dependencies -MF /Users/khanghnguyen/Library/Developer/Xcode/DerivedData/Wishie-gavmeupfwiyxzhaiqkwzocyeeixy/Build/Intermediates.noindex/SDWebImage.build/Debug-iphoneos/SDWebImage.build/Objects-normal/arm64/SDImageCachesManagerOperation.d --serialize-diagnostics /Users/khanghnguyen/Library/Developer/Xcode/DerivedData/Wishie-gavmeupfwiyxzhaiqkwzocyeeixy/Build/Intermediates.noindex/SDWebImage.build/Debug-iphoneos/SDWebImage.build/Objects-normal/arm64/SDImageCachesManagerOperation.dia -c /Users/khanghnguyen/Library/Developer/Xcode/DerivedData/Wishie-gavmeupfwiyxzhaiqkwzocyeeixy/SourcePackages/checkouts/SDWebImage/SDWebImage/Private/SDImageCachesManagerOperation.m -o /Users/khanghnguyen/Library/Developer/Xcode/DerivedData/Wishie-gavmeupfwiyxzhaiqkwzocyeeixy/Build/Intermediates.noindex/SDWebImage.build/Debug-iphoneos/SDWebImage.build/Objects-normal/arm64/SDImageCachesManagerOperation.o -index-unit-output-path /SDWebImage.build/Debug-iphoneos/SDWebImage.build/Objects-normal/arm64/SDImageCachesManagerOperation.o

ScanDependencies /Users/khanghnguyen/Library/Developer/Xcode/DerivedData/Wishie-gavmeupfwiyxzhaiqkwzocyeeixy/Build/Intermediates.noindex/SDWebImage.build/Debug-iphoneos/SDWebImage.build/Objects-normal/arm64/SDImageCachesManager.o /Users/khanghnguyen/Library/Developer/Xcode/DerivedData/Wishie-gavmeupfwiyxzhaiqkwzocyeeixy/SourcePackages/checkouts/SDWebImage/SDWebImage/Core/SDImageCachesManager.m normal arm64 objective-c com.apple.compilers.llvm.clang.1_0.compiler (in target 'SDWebImage' from project 'SDWebImage')
    cd /Users/khanghnguyen/Downloads/Wishie/Wishie.xcodeproj
    
    Using response file: /Users/khanghnguyen/Library/Developer/Xcode/DerivedData/Wishie-gavmeupfwiyxzhaiqkwzocyeeixy/Build/Intermediates.noindex/SDWebImage.build/Debug-iphoneos/SDWebImage.build/Objects-normal/arm64/e6072d4f65d7061329687fe24e3d63a7-common-args.resp
    
    builtin-ScanDependencies -o /Users/khanghnguyen/Library/Developer/Xcode/DerivedData/Wishie-gavmeupfwiyxzhaiqkwzocyeeixy/Build/Intermediates.noindex/SDWebImage.build/Debug-iphoneos/SDWebImage.build/Objects-normal/arm64/SDImageCachesManager.o.scan -- /Applications/Xcode.app/Contents/Developer/Toolchains/XcodeDefault.xctoolchain/usr/bin/clang -x objective-c -ivfsstatcache /Users/khanghnguyen/Library/Developer/Xcode/DerivedData/SDKStatCaches.noindex/iphoneos26.2-23C57-3794476bd08197c3e2abd9bb477ef7f7.sdkstatcache -fmessage-length\=0 -fdiagnostics-show-note-include-stack -fmacro-backtrace-limit\=0 -fno-color-diagnostics -fmodules-prune-interval\=86400 -fmodules-prune-after\=345600 -fbuild-session-file\=/Users/khanghnguyen/Library/Developer/Xcode/DerivedData/ModuleCache.noindex/Session.modulevalidation -fmodules-validate-once-per-build-session -Wnon-modular-include-in-framework-module -Werror\=non-modular-include-in-framework-module -Wno-trigraphs -Wno-missing-field-initializers -Wno-missing-prototypes -Wno-return-type -Wno-implicit-atomic-properties -Wno-objc-interface-ivars -Wno-arc-repeated-use-of-weak -Wno-missing-braces -Wparentheses -Wswitch -Wno-unused-function -Wno-unused-label -Wno-unused-parameter -Wno-unused-variable -Wunused-value -Wno-empty-body -Wno-uninitialized -Wno-unknown-pragmas -w -Wno-shadow -Wno-four-char-constants -Wno-conversion -Wno-constant-conversion -Wno-int-conversion -Wno-bool-conversion -Wno-enum-conversion -Wno-float-conversion -Wno-non-literal-null-conversion -Wno-objc-literal-conversion -Wshorten-64-to-32 -Wpointer-sign -Wno-newline-eof -Wno-selector -Wno-strict-selector-match -Wno-undeclared-selector -Wno-deprecated-implementations -Wno-implicit-fallthrough -fstrict-aliasing -Wprotocol -Wdeprecated-declarations -Wno-sign-conversion -Wno-infinite-recursion -Wno-comma -Wno-block-capture-autoreleasing -Wno-strict-prototypes -Wno-semicolon-before-method-body -index-store-path /Users/khanghnguyen/Library/Developer/Xcode/DerivedData/Wishie-gavmeupfwiyxzhaiqkwzocyeeixy/Index.noindex/DataStore @/Users/khanghnguyen/Library/Developer/Xcode/DerivedData/Wishie-gavmeupfwiyxzhaiqkwzocyeeixy/Build/Intermediates.noindex/SDWebImage.build/Debug-iphoneos/SDWebImage.build/Objects-normal/arm64/e6072d4f65d7061329687fe24e3d63a7-common-args.resp -include /Users/khanghnguyen/Library/Developer/Xcode/DerivedData/Wishie-gavmeupfwiyxzhaiqkwzocyeeixy/Build/Intermediates.noindex/SDWebImage.build/Debug-iphoneos/SDWebImage.build/DerivedSources/resource_bundle_accessor.h -MMD -MT dependencies -MF /Users/khanghnguyen/Library/Developer/Xcode/DerivedData/Wishie-gavmeupfwiyxzhaiqkwzocyeeixy/Build/Intermediates.noindex/SDWebImage.build/Debug-iphoneos/SDWebImage.build/Objects-normal/arm64/SDImageCachesManager.d --serialize-diagnostics /Users/khanghnguyen/Library/Developer/Xcode/DerivedData/Wishie-gavmeupfwiyxzhaiqkwzocyeeixy/Build/Intermediates.noindex/SDWebImage.build/Debug-iphoneos/SDWebImage.build/Objects-normal/arm64/SDImageCachesManager.dia -c /Users/khanghnguyen/Library/Developer/Xcode/DerivedData/Wishie-gavmeupfwiyxzhaiqkwzocyeeixy/SourcePackages/checkouts/SDWebImage/SDWebImage/Core/SDImageCachesManager.m -o /Users/khanghnguyen/Library/Developer/Xcode/DerivedData/Wishie-gavmeupfwiyxzhaiqkwzocyeeixy/Build/Intermediates.noindex/SDWebImage.build/Debug-iphoneos/SDWebImage.build/Objects-normal/arm64/SDImageCachesManager.o -index-unit-output-path /SDWebImage.build/Debug-iphoneos/SDWebImage.build/Objects-normal/arm64/SDImageCachesManager.o

ScanDependencies /Users/khanghnguyen/Library/Developer/Xcode/DerivedData/Wishie-gavmeupfwiyxzhaiqkwzocyeeixy/Build/Intermediates.noindex/SDWebImage.build/Debug-iphoneos/SDWebImage.build/Objects-normal/arm64/SDImageCacheDefine.o /Users/khanghnguyen/Library/Developer/Xcode/DerivedData/Wishie-gavmeupfwiyxzhaiqkwzocyeeixy/SourcePackages/checkouts/SDWebImage/SDWebImage/Core/SDImageCacheDefine.m normal arm64 objective-c com.apple.compilers.llvm.clang.1_0.compiler (in target 'SDWebImage' from project 'SDWebImage')
    cd /Users/khanghnguyen/Downloads/Wishie/Wishie.xcodeproj
    
    Using response file: /Users/khanghnguyen/Library/Developer/Xcode/DerivedData/Wishie-gavmeupfwiyxzhaiqkwzocyeeixy/Build/Intermediates.noindex/SDWebImage.build/Debug-iphoneos/SDWebImage.build/Objects-normal/arm64/e6072d4f65d7061329687fe24e3d63a7-common-args.resp
    
    builtin-ScanDependencies -o /Users/khanghnguyen/Library/Developer/Xcode/DerivedData/Wishie-gavmeupfwiyxzhaiqkwzocyeeixy/Build/Intermediates.noindex/SDWebImage.build/Debug-iphoneos/SDWebImage.build/Objects-normal/arm64/SDImageCacheDefine.o.scan -- /Applications/Xcode.app/Contents/Developer/Toolchains/XcodeDefault.xctoolchain/usr/bin/clang -x objective-c -ivfsstatcache /Users/khanghnguyen/Library/Developer/Xcode/DerivedData/SDKStatCaches.noindex/iphoneos26.2-23C57-3794476bd08197c3e2abd9bb477ef7f7.sdkstatcache -fmessage-length\=0 -fdiagnostics-show-note-include-stack -fmacro-backtrace-limit\=0 -fno-color-diagnostics -fmodules-prune-interval\=86400 -fmodules-prune-after\=345600 -fbuild-session-file\=/Users/khanghnguyen/Library/Developer/Xcode/DerivedData/ModuleCache.noindex/Session.modulevalidation -fmodules-validate-once-per-build-session -Wnon-modular-include-in-framework-module -Werror\=non-modular-include-in-framework-module -Wno-trigraphs -Wno-missing-field-initializers -Wno-missing-prototypes -Wno-return-type -Wno-implicit-atomic-properties -Wno-objc-interface-ivars -Wno-arc-repeated-use-of-weak -Wno-missing-braces -Wparentheses -Wswitch -Wno-unused-function -Wno-unused-label -Wno-unused-parameter -Wno-unused-variable -Wunused-value -Wno-empty-body -Wno-uninitialized -Wno-unknown-pragmas -w -Wno-shadow -Wno-four-char-constants -Wno-conversion -Wno-constant-conversion -Wno-int-conversion -Wno-bool-conversion -Wno-enum-conversion -Wno-float-conversion -Wno-non-literal-null-conversion -Wno-objc-literal-conversion -Wshorten-64-to-32 -Wpointer-sign -Wno-newline-eof -Wno-selector -Wno-strict-selector-match -Wno-undeclared-selector -Wno-deprecated-implementations -Wno-implicit-fallthrough -fstrict-aliasing -Wprotocol -Wdeprecated-declarations -Wno-sign-conversion -Wno-infinite-recursion -Wno-comma -Wno-block-capture-autoreleasing -Wno-strict-prototypes -Wno-semicolon-before-method-body -index-store-path /Users/khanghnguyen/Library/Developer/Xcode/DerivedData/Wishie-gavmeupfwiyxzhaiqkwzocyeeixy/Index.noindex/DataStore @/Users/khanghnguyen/Library/Developer/Xcode/DerivedData/Wishie-gavmeupfwiyxzhaiqkwzocyeeixy/Build/Intermediates.noindex/SDWebImage.build/Debug-iphoneos/SDWebImage.build/Objects-normal/arm64/e6072d4f65d7061329687fe24e3d63a7-common-args.resp -include /Users/khanghnguyen/Library/Developer/Xcode/DerivedData/Wishie-gavmeupfwiyxzhaiqkwzocyeeixy/Build/Intermediates.noindex/SDWebImage.build/Debug-iphoneos/SDWebImage.build/DerivedSources/resource_bundle_accessor.h -MMD -MT dependencies -MF /Users/khanghnguyen/Library/Developer/Xcode/DerivedData/Wishie-gavmeupfwiyxzhaiqkwzocyeeixy/Build/Intermediates.noindex/SDWebImage.build/Debug-iphoneos/SDWebImage.build/Objects-normal/arm64/SDImageCacheDefine.d --serialize-diagnostics /Users/khanghnguyen/Library/Developer/Xcode/DerivedData/Wishie-gavmeupfwiyxzhaiqkwzocyeeixy/Build/Intermediates.noindex/SDWebImage.build/Debug-iphoneos/SDWebImage.build/Objects-normal/arm64/SDImageCacheDefine.dia -c /Users/khanghnguyen/Library/Developer/Xcode/DerivedData/Wishie-gavmeupfwiyxzhaiqkwzocyeeixy/SourcePackages/checkouts/SDWebImage/SDWebImage/Core/SDImageCacheDefine.m -o /Users/khanghnguyen/Library/Developer/Xcode/DerivedData/Wishie-gavmeupfwiyxzhaiqkwzocyeeixy/Build/Intermediates.noindex/SDWebImage.build/Debug-iphoneos/SDWebImage.build/Objects-normal/arm64/SDImageCacheDefine.o -index-unit-output-path /SDWebImage.build/Debug-iphoneos/SDWebImage.build/Objects-normal/arm64/SDImageCacheDefine.o

ScanDependencies /Users/khanghnguyen/Library/Developer/Xcode/DerivedData/Wishie-gavmeupfwiyxzhaiqkwzocyeeixy/Build/Intermediates.noindex/SDWebImage.build/Debug-iphoneos/SDWebImage.build/Objects-normal/arm64/SDImageCacheConfig.o /Users/khanghnguyen/Library/Developer/Xcode/DerivedData/Wishie-gavmeupfwiyxzhaiqkwzocyeeixy/SourcePackages/checkouts/SDWebImage/SDWebImage/Core/SDImageCacheConfig.m normal arm64 objective-c com.apple.compilers.llvm.clang.1_0.compiler (in target 'SDWebImage' from project 'SDWebImage')
    cd /Users/khanghnguyen/Downloads/Wishie/Wishie.xcodeproj
    
    Using response file: /Users/khanghnguyen/Library/Developer/Xcode/DerivedData/Wishie-gavmeupfwiyxzhaiqkwzocyeeixy/Build/Intermediates.noindex/SDWebImage.build/Debug-iphoneos/SDWebImage.build/Objects-normal/arm64/e6072d4f65d7061329687fe24e3d63a7-common-args.resp
    
    builtin-ScanDependencies -o /Users/khanghnguyen/Library/Developer/Xcode/DerivedData/Wishie-gavmeupfwiyxzhaiqkwzocyeeixy/Build/Intermediates.noindex/SDWebImage.build/Debug-iphoneos/SDWebImage.build/Objects-normal/arm64/SDImageCacheConfig.o.scan -- /Applications/Xcode.app/Contents/Developer/Toolchains/XcodeDefault.xctoolchain/usr/bin/clang -x objective-c -ivfsstatcache /Users/khanghnguyen/Library/Developer/Xcode/DerivedData/SDKStatCaches.noindex/iphoneos26.2-23C57-3794476bd08197c3e2abd9bb477ef7f7.sdkstatcache -fmessage-length\=0 -fdiagnostics-show-note-include-stack -fmacro-backtrace-limit\=0 -fno-color-diagnostics -fmodules-prune-interval\=86400 -fmodules-prune-after\=345600 -fbuild-session-file\=/Users/khanghnguyen/Library/Developer/Xcode/DerivedData/ModuleCache.noindex/Session.modulevalidation -fmodules-validate-once-per-build-session -Wnon-modular-include-in-framework-module -Werror\=non-modular-include-in-framework-module -Wno-trigraphs -Wno-missing-field-initializers -Wno-missing-prototypes -Wno-return-type -Wno-implicit-atomic-properties -Wno-objc-interface-ivars -Wno-arc-repeated-use-of-weak -Wno-missing-braces -Wparentheses -Wswitch -Wno-unused-function -Wno-unused-label -Wno-unused-parameter -Wno-unused-variable -Wunused-value -Wno-empty-body -Wno-uninitialized -Wno-unknown-pragmas -w -Wno-shadow -Wno-four-char-constants -Wno-conversion -Wno-constant-conversion -Wno-int-conversion -Wno-bool-conversion -Wno-enum-conversion -Wno-float-conversion -Wno-non-literal-null-conversion -Wno-objc-literal-conversion -Wshorten-64-to-32 -Wpointer-sign -Wno-newline-eof -Wno-selector -Wno-strict-selector-match -Wno-undeclared-selector -Wno-deprecated-implementations -Wno-implicit-fallthrough -fstrict-aliasing -Wprotocol -Wdeprecated-declarations -Wno-sign-conversion -Wno-infinite-recursion -Wno-comma -Wno-block-capture-autoreleasing -Wno-strict-prototypes -Wno-semicolon-before-method-body -index-store-path /Users/khanghnguyen/Library/Developer/Xcode/DerivedData/Wishie-gavmeupfwiyxzhaiqkwzocyeeixy/Index.noindex/DataStore @/Users/khanghnguyen/Library/Developer/Xcode/DerivedData/Wishie-gavmeupfwiyxzhaiqkwzocyeeixy/Build/Intermediates.noindex/SDWebImage.build/Debug-iphoneos/SDWebImage.build/Objects-normal/arm64/e6072d4f65d7061329687fe24e3d63a7-common-args.resp -include /Users/khanghnguyen/Library/Developer/Xcode/DerivedData/Wishie-gavmeupfwiyxzhaiqkwzocyeeixy/Build/Intermediates.noindex/SDWebImage.build/Debug-iphoneos/SDWebImage.build/DerivedSources/resource_bundle_accessor.h -MMD -MT dependencies -MF /Users/khanghnguyen/Library/Developer/Xcode/DerivedData/Wishie-gavmeupfwiyxzhaiqkwzocyeeixy/Build/Intermediates.noindex/SDWebImage.build/Debug-iphoneos/SDWebImage.build/Objects-normal/arm64/SDImageCacheConfig.d --serialize-diagnostics /Users/khanghnguyen/Library/Developer/Xcode/DerivedData/Wishie-gavmeupfwiyxzhaiqkwzocyeeixy/Build/Intermediates.noindex/SDWebImage.build/Debug-iphoneos/SDWebImage.build/Objects-normal/arm64/SDImageCacheConfig.dia -c /Users/khanghnguyen/Library/Developer/Xcode/DerivedData/Wishie-gavmeupfwiyxzhaiqkwzocyeeixy/SourcePackages/checkouts/SDWebImage/SDWebImage/Core/SDImageCacheConfig.m -o /Users/khanghnguyen/Library/Developer/Xcode/DerivedData/Wishie-gavmeupfwiyxzhaiqkwzocyeeixy/Build/Intermediates.noindex/SDWebImage.build/Debug-iphoneos/SDWebImage.build/Objects-normal/arm64/SDImageCacheConfig.o -index-unit-output-path /SDWebImage.build/Debug-iphoneos/SDWebImage.build/Objects-normal/arm64/SDImageCacheConfig.o

ScanDependencies /Users/khanghnguyen/Library/Developer/Xcode/DerivedData/Wishie-gavmeupfwiyxzhaiqkwzocyeeixy/Build/Intermediates.noindex/SDWebImage.build/Debug-iphoneos/SDWebImage.build/Objects-normal/arm64/SDImageCache.o /Users/khanghnguyen/Library/Developer/Xcode/DerivedData/Wishie-gavmeupfwiyxzhaiqkwzocyeeixy/SourcePackages/checkouts/SDWebImage/SDWebImage/Core/SDImageCache.m normal arm64 objective-c com.apple.compilers.llvm.clang.1_0.compiler (in target 'SDWebImage' from project 'SDWebImage')
    cd /Users/khanghnguyen/Downloads/Wishie/Wishie.xcodeproj
    
    Using response file: /Users/khanghnguyen/Library/Developer/Xcode/DerivedData/Wishie-gavmeupfwiyxzhaiqkwzocyeeixy/Build/Intermediates.noindex/SDWebImage.build/Debug-iphoneos/SDWebImage.build/Objects-normal/arm64/e6072d4f65d7061329687fe24e3d63a7-common-args.resp
    
    builtin-ScanDependencies -o /Users/khanghnguyen/Library/Developer/Xcode/DerivedData/Wishie-gavmeupfwiyxzhaiqkwzocyeeixy/Build/Intermediates.noindex/SDWebImage.build/Debug-iphoneos/SDWebImage.build/Objects-normal/arm64/SDImageCache.o.scan -- /Applications/Xcode.app/Contents/Developer/Toolchains/XcodeDefault.xctoolchain/usr/bin/clang -x objective-c -ivfsstatcache /Users/khanghnguyen/Library/Developer/Xcode/DerivedData/SDKStatCaches.noindex/iphoneos26.2-23C57-3794476bd08197c3e2abd9bb477ef7f7.sdkstatcache -fmessage-length\=0 -fdiagnostics-show-note-include-stack -fmacro-backtrace-limit\=0 -fno-color-diagnostics -fmodules-prune-interval\=86400 -fmodules-prune-after\=345600 -fbuild-session-file\=/Users/khanghnguyen/Library/Developer/Xcode/DerivedData/ModuleCache.noindex/Session.modulevalidation -fmodules-validate-once-per-build-session -Wnon-modular-include-in-framework-module -Werror\=non-modular-include-in-framework-module -Wno-trigraphs -Wno-missing-field-initializers -Wno-missing-prototypes -Wno-return-type -Wno-implicit-atomic-properties -Wno-objc-interface-ivars -Wno-arc-repeated-use-of-weak -Wno-missing-braces -Wparentheses -Wswitch -Wno-unused-function -Wno-unused-label -Wno-unused-parameter -Wno-unused-variable -Wunused-value -Wno-empty-body -Wno-uninitialized -Wno-unknown-pragmas -w -Wno-shadow -Wno-four-char-constants -Wno-conversion -Wno-constant-conversion -Wno-int-conversion -Wno-bool-conversion -Wno-enum-conversion -Wno-float-conversion -Wno-non-literal-null-conversion -Wno-objc-literal-conversion -Wshorten-64-to-32 -Wpointer-sign -Wno-newline-eof -Wno-selector -Wno-strict-selector-match -Wno-undeclared-selector -Wno-deprecated-implementations -Wno-implicit-fallthrough -fstrict-aliasing -Wprotocol -Wdeprecated-declarations -Wno-sign-conversion -Wno-infinite-recursion -Wno-comma -Wno-block-capture-autoreleasing -Wno-strict-prototypes -Wno-semicolon-before-method-body -index-store-path /Users/khanghnguyen/Library/Developer/Xcode/DerivedData/Wishie-gavmeupfwiyxzhaiqkwzocyeeixy/Index.noindex/DataStore @/Users/khanghnguyen/Library/Developer/Xcode/DerivedData/Wishie-gavmeupfwiyxzhaiqkwzocyeeixy/Build/Intermediates.noindex/SDWebImage.build/Debug-iphoneos/SDWebImage.build/Objects-normal/arm64/e6072d4f65d7061329687fe24e3d63a7-common-args.resp -include /Users/khanghnguyen/Library/Developer/Xcode/DerivedData/Wishie-gavmeupfwiyxzhaiqkwzocyeeixy/Build/Intermediates.noindex/SDWebImage.build/Debug-iphoneos/SDWebImage.build/DerivedSources/resource_bundle_accessor.h -MMD -MT dependencies -MF /Users/khanghnguyen/Library/Developer/Xcode/DerivedData/Wishie-gavmeupfwiyxzhaiqkwzocyeeixy/Build/Intermediates.noindex/SDWebImage.build/Debug-iphoneos/SDWebImage.build/Objects-normal/arm64/SDImageCache.d --serialize-diagnostics /Users/khanghnguyen/Library/Developer/Xcode/DerivedData/Wishie-gavmeupfwiyxzhaiqkwzocyeeixy/Build/Intermediates.noindex/SDWebImage.build/Debug-iphoneos/SDWebImage.build/Objects-normal/arm64/SDImageCache.dia -c /Users/khanghnguyen/Library/Developer/Xcode/DerivedData/Wishie-gavmeupfwiyxzhaiqkwzocyeeixy/SourcePackages/checkouts/SDWebImage/SDWebImage/Core/SDImageCache.m -o /Users/khanghnguyen/Library/Developer/Xcode/DerivedData/Wishie-gavmeupfwiyxzhaiqkwzocyeeixy/Build/Intermediates.noindex/SDWebImage.build/Debug-iphoneos/SDWebImage.build/Objects-normal/arm64/SDImageCache.o -index-unit-output-path /SDWebImage.build/Debug-iphoneos/SDWebImage.build/Objects-normal/arm64/SDImageCache.o

ScanDependencies /Users/khanghnguyen/Library/Developer/Xcode/DerivedData/Wishie-gavmeupfwiyxzhaiqkwzocyeeixy/Build/Intermediates.noindex/SDWebImage.build/Debug-iphoneos/SDWebImage.build/Objects-normal/arm64/SDImageAssetManager.o /Users/khanghnguyen/Library/Developer/Xcode/DerivedData/Wishie-gavmeupfwiyxzhaiqkwzocyeeixy/SourcePackages/checkouts/SDWebImage/SDWebImage/Private/SDImageAssetManager.m normal arm64 objective-c com.apple.compilers.llvm.clang.1_0.compiler (in target 'SDWebImage' from project 'SDWebImage')
    cd /Users/khanghnguyen/Downloads/Wishie/Wishie.xcodeproj
    
    Using response file: /Users/khanghnguyen/Library/Developer/Xcode/DerivedData/Wishie-gavmeupfwiyxzhaiqkwzocyeeixy/Build/Intermediates.noindex/SDWebImage.build/Debug-iphoneos/SDWebImage.build/Objects-normal/arm64/e6072d4f65d7061329687fe24e3d63a7-common-args.resp
    
    builtin-ScanDependencies -o /Users/khanghnguyen/Library/Developer/Xcode/DerivedData/Wishie-gavmeupfwiyxzhaiqkwzocyeeixy/Build/Intermediates.noindex/SDWebImage.build/Debug-iphoneos/SDWebImage.build/Objects-normal/arm64/SDImageAssetManager.o.scan -- /Applications/Xcode.app/Contents/Developer/Toolchains/XcodeDefault.xctoolchain/usr/bin/clang -x objective-c -ivfsstatcache /Users/khanghnguyen/Library/Developer/Xcode/DerivedData/SDKStatCaches.noindex/iphoneos26.2-23C57-3794476bd08197c3e2abd9bb477ef7f7.sdkstatcache -fmessage-length\=0 -fdiagnostics-show-note-include-stack -fmacro-backtrace-limit\=0 -fno-color-diagnostics -fmodules-prune-interval\=86400 -fmodules-prune-after\=345600 -fbuild-session-file\=/Users/khanghnguyen/Library/Developer/Xcode/DerivedData/ModuleCache.noindex/Session.modulevalidation -fmodules-validate-once-per-build-session -Wnon-modular-include-in-framework-module -Werror\=non-modular-include-in-framework-module -Wno-trigraphs -Wno-missing-field-initializers -Wno-missing-prototypes -Wno-return-type -Wno-implicit-atomic-properties -Wno-objc-interface-ivars -Wno-arc-repeated-use-of-weak -Wno-missing-braces -Wparentheses -Wswitch -Wno-unused-function -Wno-unused-label -Wno-unused-parameter -Wno-unused-variable -Wunused-value -Wno-empty-body -Wno-uninitialized -Wno-unknown-pragmas -w -Wno-shadow -Wno-four-char-constants -Wno-conversion -Wno-constant-conversion -Wno-int-conversion -Wno-bool-conversion -Wno-enum-conversion -Wno-float-conversion -Wno-non-literal-null-conversion -Wno-objc-literal-conversion -Wshorten-64-to-32 -Wpointer-sign -Wno-newline-eof -Wno-selector -Wno-strict-selector-match -Wno-undeclared-selector -Wno-deprecated-implementations -Wno-implicit-fallthrough -fstrict-aliasing -Wprotocol -Wdeprecated-declarations -Wno-sign-conversion -Wno-infinite-recursion -Wno-comma -Wno-block-capture-autoreleasing -Wno-strict-prototypes -Wno-semicolon-before-method-body -index-store-path /Users/khanghnguyen/Library/Developer/Xcode/DerivedData/Wishie-gavmeupfwiyxzhaiqkwzocyeeixy/Index.noindex/DataStore @/Users/khanghnguyen/Library/Developer/Xcode/DerivedData/Wishie-gavmeupfwiyxzhaiqkwzocyeeixy/Build/Intermediates.noindex/SDWebImage.build/Debug-iphoneos/SDWebImage.build/Objects-normal/arm64/e6072d4f65d7061329687fe24e3d63a7-common-args.resp -include /Users/khanghnguyen/Library/Developer/Xcode/DerivedData/Wishie-gavmeupfwiyxzhaiqkwzocyeeixy/Build/Intermediates.noindex/SDWebImage.build/Debug-iphoneos/SDWebImage.build/DerivedSources/resource_bundle_accessor.h -MMD -MT dependencies -MF /Users/khanghnguyen/Library/Developer/Xcode/DerivedData/Wishie-gavmeupfwiyxzhaiqkwzocyeeixy/Build/Intermediates.noindex/SDWebImage.build/Debug-iphoneos/SDWebImage.build/Objects-normal/arm64/SDImageAssetManager.d --serialize-diagnostics /Users/khanghnguyen/Library/Developer/Xcode/DerivedData/Wishie-gavmeupfwiyxzhaiqkwzocyeeixy/Build/Intermediates.noindex/SDWebImage.build/Debug-iphoneos/SDWebImage.build/Objects-normal/arm64/SDImageAssetManager.dia -c /Users/khanghnguyen/Library/Developer/Xcode/DerivedData/Wishie-gavmeupfwiyxzhaiqkwzocyeeixy/SourcePackages/checkouts/SDWebImage/SDWebImage/Private/SDImageAssetManager.m -o /Users/khanghnguyen/Library/Developer/Xcode/DerivedData/Wishie-gavmeupfwiyxzhaiqkwzocyeeixy/Build/Intermediates.noindex/SDWebImage.build/Debug-iphoneos/SDWebImage.build/Objects-normal/arm64/SDImageAssetManager.o -index-unit-output-path /SDWebImage.build/Debug-iphoneos/SDWebImage.build/Objects-normal/arm64/SDImageAssetManager.o

ScanDependencies /Users/khanghnguyen/Library/Developer/Xcode/DerivedData/Wishie-gavmeupfwiyxzhaiqkwzocyeeixy/Build/Intermediates.noindex/SDWebImage.build/Debug-iphoneos/SDWebImage.build/Objects-normal/arm64/SDImageAWebPCoder.o /Users/khanghnguyen/Library/Developer/Xcode/DerivedData/Wishie-gavmeupfwiyxzhaiqkwzocyeeixy/SourcePackages/checkouts/SDWebImage/SDWebImage/Core/SDImageAWebPCoder.m normal arm64 objective-c com.apple.compilers.llvm.clang.1_0.compiler (in target 'SDWebImage' from project 'SDWebImage')
    cd /Users/khanghnguyen/Downloads/Wishie/Wishie.xcodeproj
    
    Using response file: /Users/khanghnguyen/Library/Developer/Xcode/DerivedData/Wishie-gavmeupfwiyxzhaiqkwzocyeeixy/Build/Intermediates.noindex/SDWebImage.build/Debug-iphoneos/SDWebImage.build/Objects-normal/arm64/e6072d4f65d7061329687fe24e3d63a7-common-args.resp
    
    builtin-ScanDependencies -o /Users/khanghnguyen/Library/Developer/Xcode/DerivedData/Wishie-gavmeupfwiyxzhaiqkwzocyeeixy/Build/Intermediates.noindex/SDWebImage.build/Debug-iphoneos/SDWebImage.build/Objects-normal/arm64/SDImageAWebPCoder.o.scan -- /Applications/Xcode.app/Contents/Developer/Toolchains/XcodeDefault.xctoolchain/usr/bin/clang -x objective-c -ivfsstatcache /Users/khanghnguyen/Library/Developer/Xcode/DerivedData/SDKStatCaches.noindex/iphoneos26.2-23C57-3794476bd08197c3e2abd9bb477ef7f7.sdkstatcache -fmessage-length\=0 -fdiagnostics-show-note-include-stack -fmacro-backtrace-limit\=0 -fno-color-diagnostics -fmodules-prune-interval\=86400 -fmodules-prune-after\=345600 -fbuild-session-file\=/Users/khanghnguyen/Library/Developer/Xcode/DerivedData/ModuleCache.noindex/Session.modulevalidation -fmodules-validate-once-per-build-session -Wnon-modular-include-in-framework-module -Werror\=non-modular-include-in-framework-module -Wno-trigraphs -Wno-missing-field-initializers -Wno-missing-prototypes -Wno-return-type -Wno-implicit-atomic-properties -Wno-objc-interface-ivars -Wno-arc-repeated-use-of-weak -Wno-missing-braces -Wparentheses -Wswitch -Wno-unused-function -Wno-unused-label -Wno-unused-parameter -Wno-unused-variable -Wunused-value -Wno-empty-body -Wno-uninitialized -Wno-unknown-pragmas -w -Wno-shadow -Wno-four-char-constants -Wno-conversion -Wno-constant-conversion -Wno-int-conversion -Wno-bool-conversion -Wno-enum-conversion -Wno-float-conversion -Wno-non-literal-null-conversion -Wno-objc-literal-conversion -Wshorten-64-to-32 -Wpointer-sign -Wno-newline-eof -Wno-selector -Wno-strict-selector-match -Wno-undeclared-selector -Wno-deprecated-implementations -Wno-implicit-fallthrough -fstrict-aliasing -Wprotocol -Wdeprecated-declarations -Wno-sign-conversion -Wno-infinite-recursion -Wno-comma -Wno-block-capture-autoreleasing -Wno-strict-prototypes -Wno-semicolon-before-method-body -index-store-path /Users/khanghnguyen/Library/Developer/Xcode/DerivedData/Wishie-gavmeupfwiyxzhaiqkwzocyeeixy/Index.noindex/DataStore @/Users/khanghnguyen/Library/Developer/Xcode/DerivedData/Wishie-gavmeupfwiyxzhaiqkwzocyeeixy/Build/Intermediates.noindex/SDWebImage.build/Debug-iphoneos/SDWebImage.build/Objects-normal/arm64/e6072d4f65d7061329687fe24e3d63a7-common-args.resp -include /Users/khanghnguyen/Library/Developer/Xcode/DerivedData/Wishie-gavmeupfwiyxzhaiqkwzocyeeixy/Build/Intermediates.noindex/SDWebImage.build/Debug-iphoneos/SDWebImage.build/DerivedSources/resource_bundle_accessor.h -MMD -MT dependencies -MF /Users/khanghnguyen/Library/Developer/Xcode/DerivedData/Wishie-gavmeupfwiyxzhaiqkwzocyeeixy/Build/Intermediates.noindex/SDWebImage.build/Debug-iphoneos/SDWebImage.build/Objects-normal/arm64/SDImageAWebPCoder.d --serialize-diagnostics /Users/khanghnguyen/Library/Developer/Xcode/DerivedData/Wishie-gavmeupfwiyxzhaiqkwzocyeeixy/Build/Intermediates.noindex/SDWebImage.build/Debug-iphoneos/SDWebImage.build/Objects-normal/arm64/SDImageAWebPCoder.dia -c /Users/khanghnguyen/Library/Developer/Xcode/DerivedData/Wishie-gavmeupfwiyxzhaiqkwzocyeeixy/SourcePackages/checkouts/SDWebImage/SDWebImage/Core/SDImageAWebPCoder.m -o /Users/khanghnguyen/Library/Developer/Xcode/DerivedData/Wishie-gavmeupfwiyxzhaiqkwzocyeeixy/Build/Intermediates.noindex/SDWebImage.build/Debug-iphoneos/SDWebImage.build/Objects-normal/arm64/SDImageAWebPCoder.o -index-unit-output-path /SDWebImage.build/Debug-iphoneos/SDWebImage.build/Objects-normal/arm64/SDImageAWebPCoder.o

ScanDependencies /Users/khanghnguyen/Library/Developer/Xcode/DerivedData/Wishie-gavmeupfwiyxzhaiqkwzocyeeixy/Build/Intermediates.noindex/SDWebImage.build/Debug-iphoneos/SDWebImage.build/Objects-normal/arm64/SDImageAPNGCoder.o /Users/khanghnguyen/Library/Developer/Xcode/DerivedData/Wishie-gavmeupfwiyxzhaiqkwzocyeeixy/SourcePackages/checkouts/SDWebImage/SDWebImage/Core/SDImageAPNGCoder.m normal arm64 objective-c com.apple.compilers.llvm.clang.1_0.compiler (in target 'SDWebImage' from project 'SDWebImage')
    cd /Users/khanghnguyen/Downloads/Wishie/Wishie.xcodeproj
    
    Using response file: /Users/khanghnguyen/Library/Developer/Xcode/DerivedData/Wishie-gavmeupfwiyxzhaiqkwzocyeeixy/Build/Intermediates.noindex/SDWebImage.build/Debug-iphoneos/SDWebImage.build/Objects-normal/arm64/e6072d4f65d7061329687fe24e3d63a7-common-args.resp
    
    builtin-ScanDependencies -o /Users/khanghnguyen/Library/Developer/Xcode/DerivedData/Wishie-gavmeupfwiyxzhaiqkwzocyeeixy/Build/Intermediates.noindex/SDWebImage.build/Debug-iphoneos/SDWebImage.build/Objects-normal/arm64/SDImageAPNGCoder.o.scan -- /Applications/Xcode.app/Contents/Developer/Toolchains/XcodeDefault.xctoolchain/usr/bin/clang -x objective-c -ivfsstatcache /Users/khanghnguyen/Library/Developer/Xcode/DerivedData/SDKStatCaches.noindex/iphoneos26.2-23C57-3794476bd08197c3e2abd9bb477ef7f7.sdkstatcache -fmessage-length\=0 -fdiagnostics-show-note-include-stack -fmacro-backtrace-limit\=0 -fno-color-diagnostics -fmodules-prune-interval\=86400 -fmodules-prune-after\=345600 -fbuild-session-file\=/Users/khanghnguyen/Library/Developer/Xcode/DerivedData/ModuleCache.noindex/Session.modulevalidation -fmodules-validate-once-per-build-session -Wnon-modular-include-in-framework-module -Werror\=non-modular-include-in-framework-module -Wno-trigraphs -Wno-missing-field-initializers -Wno-missing-prototypes -Wno-return-type -Wno-implicit-atomic-properties -Wno-objc-interface-ivars -Wno-arc-repeated-use-of-weak -Wno-missing-braces -Wparentheses -Wswitch -Wno-unused-function -Wno-unused-label -Wno-unused-parameter -Wno-unused-variable -Wunused-value -Wno-empty-body -Wno-uninitialized -Wno-unknown-pragmas -w -Wno-shadow -Wno-four-char-constants -Wno-conversion -Wno-constant-conversion -Wno-int-conversion -Wno-bool-conversion -Wno-enum-conversion -Wno-float-conversion -Wno-non-literal-null-conversion -Wno-objc-literal-conversion -Wshorten-64-to-32 -Wpointer-sign -Wno-newline-eof -Wno-selector -Wno-strict-selector-match -Wno-undeclared-selector -Wno-deprecated-implementations -Wno-implicit-fallthrough -fstrict-aliasing -Wprotocol -Wdeprecated-declarations -Wno-sign-conversion -Wno-infinite-recursion -Wno-comma -Wno-block-capture-autoreleasing -Wno-strict-prototypes -Wno-semicolon-before-method-body -index-store-path /Users/khanghnguyen/Library/Developer/Xcode/DerivedData/Wishie-gavmeupfwiyxzhaiqkwzocyeeixy/Index.noindex/DataStore @/Users/khanghnguyen/Library/Developer/Xcode/DerivedData/Wishie-gavmeupfwiyxzhaiqkwzocyeeixy/Build/Intermediates.noindex/SDWebImage.build/Debug-iphoneos/SDWebImage.build/Objects-normal/arm64/e6072d4f65d7061329687fe24e3d63a7-common-args.resp -include /Users/khanghnguyen/Library/Developer/Xcode/DerivedData/Wishie-gavmeupfwiyxzhaiqkwzocyeeixy/Build/Intermediates.noindex/SDWebImage.build/Debug-iphoneos/SDWebImage.build/DerivedSources/resource_bundle_accessor.h -MMD -MT dependencies -MF /Users/khanghnguyen/Library/Developer/Xcode/DerivedData/Wishie-gavmeupfwiyxzhaiqkwzocyeeixy/Build/Intermediates.noindex/SDWebImage.build/Debug-iphoneos/SDWebImage.build/Objects-normal/arm64/SDImageAPNGCoder.d --serialize-diagnostics /Users/khanghnguyen/Library/Developer/Xcode/DerivedData/Wishie-gavmeupfwiyxzhaiqkwzocyeeixy/Build/Intermediates.noindex/SDWebImage.build/Debug-iphoneos/SDWebImage.build/Objects-normal/arm64/SDImageAPNGCoder.dia -c /Users/khanghnguyen/Library/Developer/Xcode/DerivedData/Wishie-gavmeupfwiyxzhaiqkwzocyeeixy/SourcePackages/checkouts/SDWebImage/SDWebImage/Core/SDImageAPNGCoder.m -o /Users/khanghnguyen/Library/Developer/Xcode/DerivedData/Wishie-gavmeupfwiyxzhaiqkwzocyeeixy/Build/Intermediates.noindex/SDWebImage.build/Debug-iphoneos/SDWebImage.build/Objects-normal/arm64/SDImageAPNGCoder.o -index-unit-output-path /SDWebImage.build/Debug-iphoneos/SDWebImage.build/Objects-normal/arm64/SDImageAPNGCoder.o

ScanDependencies /Users/khanghnguyen/Library/Developer/Xcode/DerivedData/Wishie-gavmeupfwiyxzhaiqkwzocyeeixy/Build/Intermediates.noindex/SDWebImage.build/Debug-iphoneos/SDWebImage.build/Objects-normal/arm64/SDGraphicsImageRenderer.o /Users/khanghnguyen/Library/Developer/Xcode/DerivedData/Wishie-gavmeupfwiyxzhaiqkwzocyeeixy/SourcePackages/checkouts/SDWebImage/SDWebImage/Core/SDGraphicsImageRenderer.m normal arm64 objective-c com.apple.compilers.llvm.clang.1_0.compiler (in target 'SDWebImage' from project 'SDWebImage')
    cd /Users/khanghnguyen/Downloads/Wishie/Wishie.xcodeproj
    
    Using response file: /Users/khanghnguyen/Library/Developer/Xcode/DerivedData/Wishie-gavmeupfwiyxzhaiqkwzocyeeixy/Build/Intermediates.noindex/SDWebImage.build/Debug-iphoneos/SDWebImage.build/Objects-normal/arm64/e6072d4f65d7061329687fe24e3d63a7-common-args.resp
    
    builtin-ScanDependencies -o /Users/khanghnguyen/Library/Developer/Xcode/DerivedData/Wishie-gavmeupfwiyxzhaiqkwzocyeeixy/Build/Intermediates.noindex/SDWebImage.build/Debug-iphoneos/SDWebImage.build/Objects-normal/arm64/SDGraphicsImageRenderer.o.scan -- /Applications/Xcode.app/Contents/Developer/Toolchains/XcodeDefault.xctoolchain/usr/bin/clang -x objective-c -ivfsstatcache /Users/khanghnguyen/Library/Developer/Xcode/DerivedData/SDKStatCaches.noindex/iphoneos26.2-23C57-3794476bd08197c3e2abd9bb477ef7f7.sdkstatcache -fmessage-length\=0 -fdiagnostics-show-note-include-stack -fmacro-backtrace-limit\=0 -fno-color-diagnostics -fmodules-prune-interval\=86400 -fmodules-prune-after\=345600 -fbuild-session-file\=/Users/khanghnguyen/Library/Developer/Xcode/DerivedData/ModuleCache.noindex/Session.modulevalidation -fmodules-validate-once-per-build-session -Wnon-modular-include-in-framework-module -Werror\=non-modular-include-in-framework-module -Wno-trigraphs -Wno-missing-field-initializers -Wno-missing-prototypes -Wno-return-type -Wno-implicit-atomic-properties -Wno-objc-interface-ivars -Wno-arc-repeated-use-of-weak -Wno-missing-braces -Wparentheses -Wswitch -Wno-unused-function -Wno-unused-label -Wno-unused-parameter -Wno-unused-variable -Wunused-value -Wno-empty-body -Wno-uninitialized -Wno-unknown-pragmas -w -Wno-shadow -Wno-four-char-constants -Wno-conversion -Wno-constant-conversion -Wno-int-conversion -Wno-bool-conversion -Wno-enum-conversion -Wno-float-conversion -Wno-non-literal-null-conversion -Wno-objc-literal-conversion -Wshorten-64-to-32 -Wpointer-sign -Wno-newline-eof -Wno-selector -Wno-strict-selector-match -Wno-undeclared-selector -Wno-deprecated-implementations -Wno-implicit-fallthrough -fstrict-aliasing -Wprotocol -Wdeprecated-declarations -Wno-sign-conversion -Wno-infinite-recursion -Wno-comma -Wno-block-capture-autoreleasing -Wno-strict-prototypes -Wno-semicolon-before-method-body -index-store-path /Users/khanghnguyen/Library/Developer/Xcode/DerivedData/Wishie-gavmeupfwiyxzhaiqkwzocyeeixy/Index.noindex/DataStore @/Users/khanghnguyen/Library/Developer/Xcode/DerivedData/Wishie-gavmeupfwiyxzhaiqkwzocyeeixy/Build/Intermediates.noindex/SDWebImage.build/Debug-iphoneos/SDWebImage.build/Objects-normal/arm64/e6072d4f65d7061329687fe24e3d63a7-common-args.resp -include /Users/khanghnguyen/Library/Developer/Xcode/DerivedData/Wishie-gavmeupfwiyxzhaiqkwzocyeeixy/Build/Intermediates.noindex/SDWebImage.build/Debug-iphoneos/SDWebImage.build/DerivedSources/resource_bundle_accessor.h -MMD -MT dependencies -MF /Users/khanghnguyen/Library/Developer/Xcode/DerivedData/Wishie-gavmeupfwiyxzhaiqkwzocyeeixy/Build/Intermediates.noindex/SDWebImage.build/Debug-iphoneos/SDWebImage.build/Objects-normal/arm64/SDGraphicsImageRenderer.d --serialize-diagnostics /Users/khanghnguyen/Library/Developer/Xcode/DerivedData/Wishie-gavmeupfwiyxzhaiqkwzocyeeixy/Build/Intermediates.noindex/SDWebImage.build/Debug-iphoneos/SDWebImage.build/Objects-normal/arm64/SDGraphicsImageRenderer.dia -c /Users/khanghnguyen/Library/Developer/Xcode/DerivedData/Wishie-gavmeupfwiyxzhaiqkwzocyeeixy/SourcePackages/checkouts/SDWebImage/SDWebImage/Core/SDGraphicsImageRenderer.m -o /Users/khanghnguyen/Library/Developer/Xcode/DerivedData/Wishie-gavmeupfwiyxzhaiqkwzocyeeixy/Build/Intermediates.noindex/SDWebImage.build/Debug-iphoneos/SDWebImage.build/Objects-normal/arm64/SDGraphicsImageRenderer.o -index-unit-output-path /SDWebImage.build/Debug-iphoneos/SDWebImage.build/Objects-normal/arm64/SDGraphicsImageRenderer.o

ScanDependencies /Users/khanghnguyen/Library/Developer/Xcode/DerivedData/Wishie-gavmeupfwiyxzhaiqkwzocyeeixy/Build/Intermediates.noindex/SDWebImage.build/Debug-iphoneos/SDWebImage.build/Objects-normal/arm64/SDFileAttributeHelper.o /Users/khanghnguyen/Library/Developer/Xcode/DerivedData/Wishie-gavmeupfwiyxzhaiqkwzocyeeixy/SourcePackages/checkouts/SDWebImage/SDWebImage/Private/SDFileAttributeHelper.m normal arm64 objective-c com.apple.compilers.llvm.clang.1_0.compiler (in target 'SDWebImage' from project 'SDWebImage')
    cd /Users/khanghnguyen/Downloads/Wishie/Wishie.xcodeproj
    
    Using response file: /Users/khanghnguyen/Library/Developer/Xcode/DerivedData/Wishie-gavmeupfwiyxzhaiqkwzocyeeixy/Build/Intermediates.noindex/SDWebImage.build/Debug-iphoneos/SDWebImage.build/Objects-normal/arm64/e6072d4f65d7061329687fe24e3d63a7-common-args.resp
    
    builtin-ScanDependencies -o /Users/khanghnguyen/Library/Developer/Xcode/DerivedData/Wishie-gavmeupfwiyxzhaiqkwzocyeeixy/Build/Intermediates.noindex/SDWebImage.build/Debug-iphoneos/SDWebImage.build/Objects-normal/arm64/SDFileAttributeHelper.o.scan -- /Applications/Xcode.app/Contents/Developer/Toolchains/XcodeDefault.xctoolchain/usr/bin/clang -x objective-c -ivfsstatcache /Users/khanghnguyen/Library/Developer/Xcode/DerivedData/SDKStatCaches.noindex/iphoneos26.2-23C57-3794476bd08197c3e2abd9bb477ef7f7.sdkstatcache -fmessage-length\=0 -fdiagnostics-show-note-include-stack -fmacro-backtrace-limit\=0 -fno-color-diagnostics -fmodules-prune-interval\=86400 -fmodules-prune-after\=345600 -fbuild-session-file\=/Users/khanghnguyen/Library/Developer/Xcode/DerivedData/ModuleCache.noindex/Session.modulevalidation -fmodules-validate-once-per-build-session -Wnon-modular-include-in-framework-module -Werror\=non-modular-include-in-framework-module -Wno-trigraphs -Wno-missing-field-initializers -Wno-missing-prototypes -Wno-return-type -Wno-implicit-atomic-properties -Wno-objc-interface-ivars -Wno-arc-repeated-use-of-weak -Wno-missing-braces -Wparentheses -Wswitch -Wno-unused-function -Wno-unused-label -Wno-unused-parameter -Wno-unused-variable -Wunused-value -Wno-empty-body -Wno-uninitialized -Wno-unknown-pragmas -w -Wno-shadow -Wno-four-char-constants -Wno-conversion -Wno-constant-conversion -Wno-int-conversion -Wno-bool-conversion -Wno-enum-conversion -Wno-float-conversion -Wno-non-literal-null-conversion -Wno-objc-literal-conversion -Wshorten-64-to-32 -Wpointer-sign -Wno-newline-eof -Wno-selector -Wno-strict-selector-match -Wno-undeclared-selector -Wno-deprecated-implementations -Wno-implicit-fallthrough -fstrict-aliasing -Wprotocol -Wdeprecated-declarations -Wno-sign-conversion -Wno-infinite-recursion -Wno-comma -Wno-block-capture-autoreleasing -Wno-strict-prototypes -Wno-semicolon-before-method-body -index-store-path /Users/khanghnguyen/Library/Developer/Xcode/DerivedData/Wishie-gavmeupfwiyxzhaiqkwzocyeeixy/Index.noindex/DataStore @/Users/khanghnguyen/Library/Developer/Xcode/DerivedData/Wishie-gavmeupfwiyxzhaiqkwzocyeeixy/Build/Intermediates.noindex/SDWebImage.build/Debug-iphoneos/SDWebImage.build/Objects-normal/arm64/e6072d4f65d7061329687fe24e3d63a7-common-args.resp -include /Users/khanghnguyen/Library/Developer/Xcode/DerivedData/Wishie-gavmeupfwiyxzhaiqkwzocyeeixy/Build/Intermediates.noindex/SDWebImage.build/Debug-iphoneos/SDWebImage.build/DerivedSources/resource_bundle_accessor.h -MMD -MT dependencies -MF /Users/khanghnguyen/Library/Developer/Xcode/DerivedData/Wishie-gavmeupfwiyxzhaiqkwzocyeeixy/Build/Intermediates.noindex/SDWebImage.build/Debug-iphoneos/SDWebImage.build/Objects-normal/arm64/SDFileAttributeHelper.d --serialize-diagnostics /Users/khanghnguyen/Library/Developer/Xcode/DerivedData/Wishie-gavmeupfwiyxzhaiqkwzocyeeixy/Build/Intermediates.noindex/SDWebImage.build/Debug-iphoneos/SDWebImage.build/Objects-normal/arm64/SDFileAttributeHelper.dia -c /Users/khanghnguyen/Library/Developer/Xcode/DerivedData/Wishie-gavmeupfwiyxzhaiqkwzocyeeixy/SourcePackages/checkouts/SDWebImage/SDWebImage/Private/SDFileAttributeHelper.m -o /Users/khanghnguyen/Library/Developer/Xcode/DerivedData/Wishie-gavmeupfwiyxzhaiqkwzocyeeixy/Build/Intermediates.noindex/SDWebImage.build/Debug-iphoneos/SDWebImage.build/Objects-normal/arm64/SDFileAttributeHelper.o -index-unit-output-path /SDWebImage.build/Debug-iphoneos/SDWebImage.build/Objects-normal/arm64/SDFileAttributeHelper.o

ScanDependencies /Users/khanghnguyen/Library/Developer/Xcode/DerivedData/Wishie-gavmeupfwiyxzhaiqkwzocyeeixy/Build/Intermediates.noindex/SDWebImage.build/Debug-iphoneos/SDWebImage.build/Objects-normal/arm64/SDDisplayLink.o /Users/khanghnguyen/Library/Developer/Xcode/DerivedData/Wishie-gavmeupfwiyxzhaiqkwzocyeeixy/SourcePackages/checkouts/SDWebImage/SDWebImage/Private/SDDisplayLink.m normal arm64 objective-c com.apple.compilers.llvm.clang.1_0.compiler (in target 'SDWebImage' from project 'SDWebImage')
    cd /Users/khanghnguyen/Downloads/Wishie/Wishie.xcodeproj
    
    Using response file: /Users/khanghnguyen/Library/Developer/Xcode/DerivedData/Wishie-gavmeupfwiyxzhaiqkwzocyeeixy/Build/Intermediates.noindex/SDWebImage.build/Debug-iphoneos/SDWebImage.build/Objects-normal/arm64/e6072d4f65d7061329687fe24e3d63a7-common-args.resp
    
    builtin-ScanDependencies -o /Users/khanghnguyen/Library/Developer/Xcode/DerivedData/Wishie-gavmeupfwiyxzhaiqkwzocyeeixy/Build/Intermediates.noindex/SDWebImage.build/Debug-iphoneos/SDWebImage.build/Objects-normal/arm64/SDDisplayLink.o.scan -- /Applications/Xcode.app/Contents/Developer/Toolchains/XcodeDefault.xctoolchain/usr/bin/clang -x objective-c -ivfsstatcache /Users/khanghnguyen/Library/Developer/Xcode/DerivedData/SDKStatCaches.noindex/iphoneos26.2-23C57-3794476bd08197c3e2abd9bb477ef7f7.sdkstatcache -fmessage-length\=0 -fdiagnostics-show-note-include-stack -fmacro-backtrace-limit\=0 -fno-color-diagnostics -fmodules-prune-interval\=86400 -fmodules-prune-after\=345600 -fbuild-session-file\=/Users/khanghnguyen/Library/Developer/Xcode/DerivedData/ModuleCache.noindex/Session.modulevalidation -fmodules-validate-once-per-build-session -Wnon-modular-include-in-framework-module -Werror\=non-modular-include-in-framework-module -Wno-trigraphs -Wno-missing-field-initializers -Wno-missing-prototypes -Wno-return-type -Wno-implicit-atomic-properties -Wno-objc-interface-ivars -Wno-arc-repeated-use-of-weak -Wno-missing-braces -Wparentheses -Wswitch -Wno-unused-function -Wno-unused-label -Wno-unused-parameter -Wno-unused-variable -Wunused-value -Wno-empty-body -Wno-uninitialized -Wno-unknown-pragmas -w -Wno-shadow -Wno-four-char-constants -Wno-conversion -Wno-constant-conversion -Wno-int-conversion -Wno-bool-conversion -Wno-enum-conversion -Wno-float-conversion -Wno-non-literal-null-conversion -Wno-objc-literal-conversion -Wshorten-64-to-32 -Wpointer-sign -Wno-newline-eof -Wno-selector -Wno-strict-selector-match -Wno-undeclared-selector -Wno-deprecated-implementations -Wno-implicit-fallthrough -fstrict-aliasing -Wprotocol -Wdeprecated-declarations -Wno-sign-conversion -Wno-infinite-recursion -Wno-comma -Wno-block-capture-autoreleasing -Wno-strict-prototypes -Wno-semicolon-before-method-body -index-store-path /Users/khanghnguyen/Library/Developer/Xcode/DerivedData/Wishie-gavmeupfwiyxzhaiqkwzocyeeixy/Index.noindex/DataStore @/Users/khanghnguyen/Library/Developer/Xcode/DerivedData/Wishie-gavmeupfwiyxzhaiqkwzocyeeixy/Build/Intermediates.noindex/SDWebImage.build/Debug-iphoneos/SDWebImage.build/Objects-normal/arm64/e6072d4f65d7061329687fe24e3d63a7-common-args.resp -include /Users/khanghnguyen/Library/Developer/Xcode/DerivedData/Wishie-gavmeupfwiyxzhaiqkwzocyeeixy/Build/Intermediates.noindex/SDWebImage.build/Debug-iphoneos/SDWebImage.build/DerivedSources/resource_bundle_accessor.h -MMD -MT dependencies -MF /Users/khanghnguyen/Library/Developer/Xcode/DerivedData/Wishie-gavmeupfwiyxzhaiqkwzocyeeixy/Build/Intermediates.noindex/SDWebImage.build/Debug-iphoneos/SDWebImage.build/Objects-normal/arm64/SDDisplayLink.d --serialize-diagnostics /Users/khanghnguyen/Library/Developer/Xcode/DerivedData/Wishie-gavmeupfwiyxzhaiqkwzocyeeixy/Build/Intermediates.noindex/SDWebImage.build/Debug-iphoneos/SDWebImage.build/Objects-normal/arm64/SDDisplayLink.dia -c /Users/khanghnguyen/Library/Developer/Xcode/DerivedData/Wishie-gavmeupfwiyxzhaiqkwzocyeeixy/SourcePackages/checkouts/SDWebImage/SDWebImage/Private/SDDisplayLink.m -o /Users/khanghnguyen/Library/Developer/Xcode/DerivedData/Wishie-gavmeupfwiyxzhaiqkwzocyeeixy/Build/Intermediates.noindex/SDWebImage.build/Debug-iphoneos/SDWebImage.build/Objects-normal/arm64/SDDisplayLink.o -index-unit-output-path /SDWebImage.build/Debug-iphoneos/SDWebImage.build/Objects-normal/arm64/SDDisplayLink.o

PrecompileModule /Users/khanghnguyen/Library/Developer/Xcode/DerivedData/Wishie-gavmeupfwiyxzhaiqkwzocyeeixy/Build/Intermediates.noindex/ExplicitPrecompiledModules/MachO-E0BGGIROUHF6IZ3C3B440RW3Q.scan
    cd /
    builtin-precompileModule /Users/khanghnguyen/Library/Developer/Xcode/DerivedData/Wishie-gavmeupfwiyxzhaiqkwzocyeeixy/Build/Intermediates.noindex/ExplicitPrecompiledModules/MachO-E0BGGIROUHF6IZ3C3B440RW3Q.scan

PrecompileModule /Users/khanghnguyen/Library/Developer/Xcode/DerivedData/Wishie-gavmeupfwiyxzhaiqkwzocyeeixy/Build/Intermediates.noindex/ExplicitPrecompiledModules/ObjectiveC-8FP2O6G5V3N6C4CYLD5Z13I0Y.scan
    cd /
    builtin-precompileModule /Users/khanghnguyen/Library/Developer/Xcode/DerivedData/Wishie-gavmeupfwiyxzhaiqkwzocyeeixy/Build/Intermediates.noindex/ExplicitPrecompiledModules/ObjectiveC-8FP2O6G5V3N6C4CYLD5Z13I0Y.scan

ScanDependencies /Users/khanghnguyen/Library/Developer/Xcode/DerivedData/Wishie-gavmeupfwiyxzhaiqkwzocyeeixy/Build/Intermediates.noindex/SDWebImage.build/Debug-iphoneos/SDWebImage.build/Objects-normal/arm64/SDDiskCache.o /Users/khanghnguyen/Library/Developer/Xcode/DerivedData/Wishie-gavmeupfwiyxzhaiqkwzocyeeixy/SourcePackages/checkouts/SDWebImage/SDWebImage/Core/SDDiskCache.m normal arm64 objective-c com.apple.compilers.llvm.clang.1_0.compiler (in target 'SDWebImage' from project 'SDWebImage')
    cd /Users/khanghnguyen/Downloads/Wishie/Wishie.xcodeproj
    
    Using response file: /Users/khanghnguyen/Library/Developer/Xcode/DerivedData/Wishie-gavmeupfwiyxzhaiqkwzocyeeixy/Build/Intermediates.noindex/SDWebImage.build/Debug-iphoneos/SDWebImage.build/Objects-normal/arm64/e6072d4f65d7061329687fe24e3d63a7-common-args.resp
    
    builtin-ScanDependencies -o /Users/khanghnguyen/Library/Developer/Xcode/DerivedData/Wishie-gavmeupfwiyxzhaiqkwzocyeeixy/Build/Intermediates.noindex/SDWebImage.build/Debug-iphoneos/SDWebImage.build/Objects-normal/arm64/SDDiskCache.o.scan -- /Applications/Xcode.app/Contents/Developer/Toolchains/XcodeDefault.xctoolchain/usr/bin/clang -x objective-c -ivfsstatcache /Users/khanghnguyen/Library/Developer/Xcode/DerivedData/SDKStatCaches.noindex/iphoneos26.2-23C57-3794476bd08197c3e2abd9bb477ef7f7.sdkstatcache -fmessage-length\=0 -fdiagnostics-show-note-include-stack -fmacro-backtrace-limit\=0 -fno-color-diagnostics -fmodules-prune-interval\=86400 -fmodules-prune-after\=345600 -fbuild-session-file\=/Users/khanghnguyen/Library/Developer/Xcode/DerivedData/ModuleCache.noindex/Session.modulevalidation -fmodules-validate-once-per-build-session -Wnon-modular-include-in-framework-module -Werror\=non-modular-include-in-framework-module -Wno-trigraphs -Wno-missing-field-initializers -Wno-missing-prototypes -Wno-return-type -Wno-implicit-atomic-properties -Wno-objc-interface-ivars -Wno-arc-repeated-use-of-weak -Wno-missing-braces -Wparentheses -Wswitch -Wno-unused-function -Wno-unused-label -Wno-unused-parameter -Wno-unused-variable -Wunused-value -Wno-empty-body -Wno-uninitialized -Wno-unknown-pragmas -w -Wno-shadow -Wno-four-char-constants -Wno-conversion -Wno-constant-conversion -Wno-int-conversion -Wno-bool-conversion -Wno-enum-conversion -Wno-float-conversion -Wno-non-literal-null-conversion -Wno-objc-literal-conversion -Wshorten-64-to-32 -Wpointer-sign -Wno-newline-eof -Wno-selector -Wno-strict-selector-match -Wno-undeclared-selector -Wno-deprecated-implementations -Wno-implicit-fallthrough -fstrict-aliasing -Wprotocol -Wdeprecated-declarations -Wno-sign-conversion -Wno-infinite-recursion -Wno-comma -Wno-block-capture-autoreleasing -Wno-strict-prototypes -Wno-semicolon-before-method-body -index-store-path /Users/khanghnguyen/Library/Developer/Xcode/DerivedData/Wishie-gavmeupfwiyxzhaiqkwzocyeeixy/Index.noindex/DataStore @/Users/khanghnguyen/Library/Developer/Xcode/DerivedData/Wishie-gavmeupfwiyxzhaiqkwzocyeeixy/Build/Intermediates.noindex/SDWebImage.build/Debug-iphoneos/SDWebImage.build/Objects-normal/arm64/e6072d4f65d7061329687fe24e3d63a7-common-args.resp -include /Users/khanghnguyen/Library/Developer/Xcode/DerivedData/Wishie-gavmeupfwiyxzhaiqkwzocyeeixy/Build/Intermediates.noindex/SDWebImage.build/Debug-iphoneos/SDWebImage.build/DerivedSources/resource_bundle_accessor.h -MMD -MT dependencies -MF /Users/khanghnguyen/Library/Developer/Xcode/DerivedData/Wishie-gavmeupfwiyxzhaiqkwzocyeeixy/Build/Intermediates.noindex/SDWebImage.build/Debug-iphoneos/SDWebImage.build/Objects-normal/arm64/SDDiskCache.d --serialize-diagnostics /Users/khanghnguyen/Library/Developer/Xcode/DerivedData/Wishie-gavmeupfwiyxzhaiqkwzocyeeixy/Build/Intermediates.noindex/SDWebImage.build/Debug-iphoneos/SDWebImage.build/Objects-normal/arm64/SDDiskCache.dia -c /Users/khanghnguyen/Library/Developer/Xcode/DerivedData/Wishie-gavmeupfwiyxzhaiqkwzocyeeixy/SourcePackages/checkouts/SDWebImage/SDWebImage/Core/SDDiskCache.m -o /Users/khanghnguyen/Library/Developer/Xcode/DerivedData/Wishie-gavmeupfwiyxzhaiqkwzocyeeixy/Build/Intermediates.noindex/SDWebImage.build/Debug-iphoneos/SDWebImage.build/Objects-normal/arm64/SDDiskCache.o -index-unit-output-path /SDWebImage.build/Debug-iphoneos/SDWebImage.build/Objects-normal/arm64/SDDiskCache.o

ScanDependencies /Users/khanghnguyen/Library/Developer/Xcode/DerivedData/Wishie-gavmeupfwiyxzhaiqkwzocyeeixy/Build/Intermediates.noindex/SDWebImage.build/Debug-iphoneos/SDWebImage.build/Objects-normal/arm64/SDDeviceHelper.o /Users/khanghnguyen/Library/Developer/Xcode/DerivedData/Wishie-gavmeupfwiyxzhaiqkwzocyeeixy/SourcePackages/checkouts/SDWebImage/SDWebImage/Private/SDDeviceHelper.m normal arm64 objective-c com.apple.compilers.llvm.clang.1_0.compiler (in target 'SDWebImage' from project 'SDWebImage')
    cd /Users/khanghnguyen/Downloads/Wishie/Wishie.xcodeproj
    
    Using response file: /Users/khanghnguyen/Library/Developer/Xcode/DerivedData/Wishie-gavmeupfwiyxzhaiqkwzocyeeixy/Build/Intermediates.noindex/SDWebImage.build/Debug-iphoneos/SDWebImage.build/Objects-normal/arm64/e6072d4f65d7061329687fe24e3d63a7-common-args.resp
    
    builtin-ScanDependencies -o /Users/khanghnguyen/Library/Developer/Xcode/DerivedData/Wishie-gavmeupfwiyxzhaiqkwzocyeeixy/Build/Intermediates.noindex/SDWebImage.build/Debug-iphoneos/SDWebImage.build/Objects-normal/arm64/SDDeviceHelper.o.scan -- /Applications/Xcode.app/Contents/Developer/Toolchains/XcodeDefault.xctoolchain/usr/bin/clang -x objective-c -ivfsstatcache /Users/khanghnguyen/Library/Developer/Xcode/DerivedData/SDKStatCaches.noindex/iphoneos26.2-23C57-3794476bd08197c3e2abd9bb477ef7f7.sdkstatcache -fmessage-length\=0 -fdiagnostics-show-note-include-stack -fmacro-backtrace-limit\=0 -fno-color-diagnostics -fmodules-prune-interval\=86400 -fmodules-prune-after\=345600 -fbuild-session-file\=/Users/khanghnguyen/Library/Developer/Xcode/DerivedData/ModuleCache.noindex/Session.modulevalidation -fmodules-validate-once-per-build-session -Wnon-modular-include-in-framework-module -Werror\=non-modular-include-in-framework-module -Wno-trigraphs -Wno-missing-field-initializers -Wno-missing-prototypes -Wno-return-type -Wno-implicit-atomic-properties -Wno-objc-interface-ivars -Wno-arc-repeated-use-of-weak -Wno-missing-braces -Wparentheses -Wswitch -Wno-unused-function -Wno-unused-label -Wno-unused-parameter -Wno-unused-variable -Wunused-value -Wno-empty-body -Wno-uninitialized -Wno-unknown-pragmas -w -Wno-shadow -Wno-four-char-constants -Wno-conversion -Wno-constant-conversion -Wno-int-conversion -Wno-bool-conversion -Wno-enum-conversion -Wno-float-conversion -Wno-non-literal-null-conversion -Wno-objc-literal-conversion -Wshorten-64-to-32 -Wpointer-sign -Wno-newline-eof -Wno-selector -Wno-strict-selector-match -Wno-undeclared-selector -Wno-deprecated-implementations -Wno-implicit-fallthrough -fstrict-aliasing -Wprotocol -Wdeprecated-declarations -Wno-sign-conversion -Wno-infinite-recursion -Wno-comma -Wno-block-capture-autoreleasing -Wno-strict-prototypes -Wno-semicolon-before-method-body -index-store-path /Users/khanghnguyen/Library/Developer/Xcode/DerivedData/Wishie-gavmeupfwiyxzhaiqkwzocyeeixy/Index.noindex/DataStore @/Users/khanghnguyen/Library/Developer/Xcode/DerivedData/Wishie-gavmeupfwiyxzhaiqkwzocyeeixy/Build/Intermediates.noindex/SDWebImage.build/Debug-iphoneos/SDWebImage.build/Objects-normal/arm64/e6072d4f65d7061329687fe24e3d63a7-common-args.resp -include /Users/khanghnguyen/Library/Developer/Xcode/DerivedData/Wishie-gavmeupfwiyxzhaiqkwzocyeeixy/Build/Intermediates.noindex/SDWebImage.build/Debug-iphoneos/SDWebImage.build/DerivedSources/resource_bundle_accessor.h -MMD -MT dependencies -MF /Users/khanghnguyen/Library/Developer/Xcode/DerivedData/Wishie-gavmeupfwiyxzhaiqkwzocyeeixy/Build/Intermediates.noindex/SDWebImage.build/Debug-iphoneos/SDWebImage.build/Objects-normal/arm64/SDDeviceHelper.d --serialize-diagnostics /Users/khanghnguyen/Library/Developer/Xcode/DerivedData/Wishie-gavmeupfwiyxzhaiqkwzocyeeixy/Build/Intermediates.noindex/SDWebImage.build/Debug-iphoneos/SDWebImage.build/Objects-normal/arm64/SDDeviceHelper.dia -c /Users/khanghnguyen/Library/Developer/Xcode/DerivedData/Wishie-gavmeupfwiyxzhaiqkwzocyeeixy/SourcePackages/checkouts/SDWebImage/SDWebImage/Private/SDDeviceHelper.m -o /Users/khanghnguyen/Library/Developer/Xcode/DerivedData/Wishie-gavmeupfwiyxzhaiqkwzocyeeixy/Build/Intermediates.noindex/SDWebImage.build/Debug-iphoneos/SDWebImage.build/Objects-normal/arm64/SDDeviceHelper.o -index-unit-output-path /SDWebImage.build/Debug-iphoneos/SDWebImage.build/Objects-normal/arm64/SDDeviceHelper.o

ScanDependencies /Users/khanghnguyen/Library/Developer/Xcode/DerivedData/Wishie-gavmeupfwiyxzhaiqkwzocyeeixy/Build/Intermediates.noindex/SDWebImage.build/Debug-iphoneos/SDWebImage.build/Objects-normal/arm64/SDCallbackQueue.o /Users/khanghnguyen/Library/Developer/Xcode/DerivedData/Wishie-gavmeupfwiyxzhaiqkwzocyeeixy/SourcePackages/checkouts/SDWebImage/SDWebImage/Core/SDCallbackQueue.m normal arm64 objective-c com.apple.compilers.llvm.clang.1_0.compiler (in target 'SDWebImage' from project 'SDWebImage')
    cd /Users/khanghnguyen/Downloads/Wishie/Wishie.xcodeproj
    
    Using response file: /Users/khanghnguyen/Library/Developer/Xcode/DerivedData/Wishie-gavmeupfwiyxzhaiqkwzocyeeixy/Build/Intermediates.noindex/SDWebImage.build/Debug-iphoneos/SDWebImage.build/Objects-normal/arm64/e6072d4f65d7061329687fe24e3d63a7-common-args.resp
    
    builtin-ScanDependencies -o /Users/khanghnguyen/Library/Developer/Xcode/DerivedData/Wishie-gavmeupfwiyxzhaiqkwzocyeeixy/Build/Intermediates.noindex/SDWebImage.build/Debug-iphoneos/SDWebImage.build/Objects-normal/arm64/SDCallbackQueue.o.scan -- /Applications/Xcode.app/Contents/Developer/Toolchains/XcodeDefault.xctoolchain/usr/bin/clang -x objective-c -ivfsstatcache /Users/khanghnguyen/Library/Developer/Xcode/DerivedData/SDKStatCaches.noindex/iphoneos26.2-23C57-3794476bd08197c3e2abd9bb477ef7f7.sdkstatcache -fmessage-length\=0 -fdiagnostics-show-note-include-stack -fmacro-backtrace-limit\=0 -fno-color-diagnostics -fmodules-prune-interval\=86400 -fmodules-prune-after\=345600 -fbuild-session-file\=/Users/khanghnguyen/Library/Developer/Xcode/DerivedData/ModuleCache.noindex/Session.modulevalidation -fmodules-validate-once-per-build-session -Wnon-modular-include-in-framework-module -Werror\=non-modular-include-in-framework-module -Wno-trigraphs -Wno-missing-field-initializers -Wno-missing-prototypes -Wno-return-type -Wno-implicit-atomic-properties -Wno-objc-interface-ivars -Wno-arc-repeated-use-of-weak -Wno-missing-braces -Wparentheses -Wswitch -Wno-unused-function -Wno-unused-label -Wno-unused-parameter -Wno-unused-variable -Wunused-value -Wno-empty-body -Wno-uninitialized -Wno-unknown-pragmas -w -Wno-shadow -Wno-four-char-constants -Wno-conversion -Wno-constant-conversion -Wno-int-conversion -Wno-bool-conversion -Wno-enum-conversion -Wno-float-conversion -Wno-non-literal-null-conversion -Wno-objc-literal-conversion -Wshorten-64-to-32 -Wpointer-sign -Wno-newline-eof -Wno-selector -Wno-strict-selector-match -Wno-undeclared-selector -Wno-deprecated-implementations -Wno-implicit-fallthrough -fstrict-aliasing -Wprotocol -Wdeprecated-declarations -Wno-sign-conversion -Wno-infinite-recursion -Wno-comma -Wno-block-capture-autoreleasing -Wno-strict-prototypes -Wno-semicolon-before-method-body -index-store-path /Users/khanghnguyen/Library/Developer/Xcode/DerivedData/Wishie-gavmeupfwiyxzhaiqkwzocyeeixy/Index.noindex/DataStore @/Users/khanghnguyen/Library/Developer/Xcode/DerivedData/Wishie-gavmeupfwiyxzhaiqkwzocyeeixy/Build/Intermediates.noindex/SDWebImage.build/Debug-iphoneos/SDWebImage.build/Objects-normal/arm64/e6072d4f65d7061329687fe24e3d63a7-common-args.resp -include /Users/khanghnguyen/Library/Developer/Xcode/DerivedData/Wishie-gavmeupfwiyxzhaiqkwzocyeeixy/Build/Intermediates.noindex/SDWebImage.build/Debug-iphoneos/SDWebImage.build/DerivedSources/resource_bundle_accessor.h -MMD -MT dependencies -MF /Users/khanghnguyen/Library/Developer/Xcode/DerivedData/Wishie-gavmeupfwiyxzhaiqkwzocyeeixy/Build/Intermediates.noindex/SDWebImage.build/Debug-iphoneos/SDWebImage.build/Objects-normal/arm64/SDCallbackQueue.d --serialize-diagnostics /Users/khanghnguyen/Library/Developer/Xcode/DerivedData/Wishie-gavmeupfwiyxzhaiqkwzocyeeixy/Build/Intermediates.noindex/SDWebImage.build/Debug-iphoneos/SDWebImage.build/Objects-normal/arm64/SDCallbackQueue.dia -c /Users/khanghnguyen/Library/Developer/Xcode/DerivedData/Wishie-gavmeupfwiyxzhaiqkwzocyeeixy/SourcePackages/checkouts/SDWebImage/SDWebImage/Core/SDCallbackQueue.m -o /Users/khanghnguyen/Library/Developer/Xcode/DerivedData/Wishie-gavmeupfwiyxzhaiqkwzocyeeixy/Build/Intermediates.noindex/SDWebImage.build/Debug-iphoneos/SDWebImage.build/Objects-normal/arm64/SDCallbackQueue.o -index-unit-output-path /SDWebImage.build/Debug-iphoneos/SDWebImage.build/Objects-normal/arm64/SDCallbackQueue.o

ScanDependencies /Users/khanghnguyen/Library/Developer/Xcode/DerivedData/Wishie-gavmeupfwiyxzhaiqkwzocyeeixy/Build/Intermediates.noindex/SDWebImage.build/Debug-iphoneos/SDWebImage.build/Objects-normal/arm64/SDAsyncBlockOperation.o /Users/khanghnguyen/Library/Developer/Xcode/DerivedData/Wishie-gavmeupfwiyxzhaiqkwzocyeeixy/SourcePackages/checkouts/SDWebImage/SDWebImage/Private/SDAsyncBlockOperation.m normal arm64 objective-c com.apple.compilers.llvm.clang.1_0.compiler (in target 'SDWebImage' from project 'SDWebImage')
    cd /Users/khanghnguyen/Downloads/Wishie/Wishie.xcodeproj
    
    Using response file: /Users/khanghnguyen/Library/Developer/Xcode/DerivedData/Wishie-gavmeupfwiyxzhaiqkwzocyeeixy/Build/Intermediates.noindex/SDWebImage.build/Debug-iphoneos/SDWebImage.build/Objects-normal/arm64/e6072d4f65d7061329687fe24e3d63a7-common-args.resp
    
    builtin-ScanDependencies -o /Users/khanghnguyen/Library/Developer/Xcode/DerivedData/Wishie-gavmeupfwiyxzhaiqkwzocyeeixy/Build/Intermediates.noindex/SDWebImage.build/Debug-iphoneos/SDWebImage.build/Objects-normal/arm64/SDAsyncBlockOperation.o.scan -- /Applications/Xcode.app/Contents/Developer/Toolchains/XcodeDefault.xctoolchain/usr/bin/clang -x objective-c -ivfsstatcache /Users/khanghnguyen/Library/Developer/Xcode/DerivedData/SDKStatCaches.noindex/iphoneos26.2-23C57-3794476bd08197c3e2abd9bb477ef7f7.sdkstatcache -fmessage-length\=0 -fdiagnostics-show-note-include-stack -fmacro-backtrace-limit\=0 -fno-color-diagnostics -fmodules-prune-interval\=86400 -fmodules-prune-after\=345600 -fbuild-session-file\=/Users/khanghnguyen/Library/Developer/Xcode/DerivedData/ModuleCache.noindex/Session.modulevalidation -fmodules-validate-once-per-build-session -Wnon-modular-include-in-framework-module -Werror\=non-modular-include-in-framework-module -Wno-trigraphs -Wno-missing-field-initializers -Wno-missing-prototypes -Wno-return-type -Wno-implicit-atomic-properties -Wno-objc-interface-ivars -Wno-arc-repeated-use-of-weak -Wno-missing-braces -Wparentheses -Wswitch -Wno-unused-function -Wno-unused-label -Wno-unused-parameter -Wno-unused-variable -Wunused-value -Wno-empty-body -Wno-uninitialized -Wno-unknown-pragmas -w -Wno-shadow -Wno-four-char-constants -Wno-conversion -Wno-constant-conversion -Wno-int-conversion -Wno-bool-conversion -Wno-enum-conversion -Wno-float-conversion -Wno-non-literal-null-conversion -Wno-objc-literal-conversion -Wshorten-64-to-32 -Wpointer-sign -Wno-newline-eof -Wno-selector -Wno-strict-selector-match -Wno-undeclared-selector -Wno-deprecated-implementations -Wno-implicit-fallthrough -fstrict-aliasing -Wprotocol -Wdeprecated-declarations -Wno-sign-conversion -Wno-infinite-recursion -Wno-comma -Wno-block-capture-autoreleasing -Wno-strict-prototypes -Wno-semicolon-before-method-body -index-store-path /Users/khanghnguyen/Library/Developer/Xcode/DerivedData/Wishie-gavmeupfwiyxzhaiqkwzocyeeixy/Index.noindex/DataStore @/Users/khanghnguyen/Library/Developer/Xcode/DerivedData/Wishie-gavmeupfwiyxzhaiqkwzocyeeixy/Build/Intermediates.noindex/SDWebImage.build/Debug-iphoneos/SDWebImage.build/Objects-normal/arm64/e6072d4f65d7061329687fe24e3d63a7-common-args.resp -include /Users/khanghnguyen/Library/Developer/Xcode/DerivedData/Wishie-gavmeupfwiyxzhaiqkwzocyeeixy/Build/Intermediates.noindex/SDWebImage.build/Debug-iphoneos/SDWebImage.build/DerivedSources/resource_bundle_accessor.h -MMD -MT dependencies -MF /Users/khanghnguyen/Library/Developer/Xcode/DerivedData/Wishie-gavmeupfwiyxzhaiqkwzocyeeixy/Build/Intermediates.noindex/SDWebImage.build/Debug-iphoneos/SDWebImage.build/Objects-normal/arm64/SDAsyncBlockOperation.d --serialize-diagnostics /Users/khanghnguyen/Library/Developer/Xcode/DerivedData/Wishie-gavmeupfwiyxzhaiqkwzocyeeixy/Build/Intermediates.noindex/SDWebImage.build/Debug-iphoneos/SDWebImage.build/Objects-normal/arm64/SDAsyncBlockOperation.dia -c /Users/khanghnguyen/Library/Developer/Xcode/DerivedData/Wishie-gavmeupfwiyxzhaiqkwzocyeeixy/SourcePackages/checkouts/SDWebImage/SDWebImage/Private/SDAsyncBlockOperation.m -o /Users/khanghnguyen/Library/Developer/Xcode/DerivedData/Wishie-gavmeupfwiyxzhaiqkwzocyeeixy/Build/Intermediates.noindex/SDWebImage.build/Debug-iphoneos/SDWebImage.build/Objects-normal/arm64/SDAsyncBlockOperation.o -index-unit-output-path /SDWebImage.build/Debug-iphoneos/SDWebImage.build/Objects-normal/arm64/SDAsyncBlockOperation.o

ScanDependencies /Users/khanghnguyen/Library/Developer/Xcode/DerivedData/Wishie-gavmeupfwiyxzhaiqkwzocyeeixy/Build/Intermediates.noindex/SDWebImage.build/Debug-iphoneos/SDWebImage.build/Objects-normal/arm64/SDAssociatedObject.o /Users/khanghnguyen/Library/Developer/Xcode/DerivedData/Wishie-gavmeupfwiyxzhaiqkwzocyeeixy/SourcePackages/checkouts/SDWebImage/SDWebImage/Private/SDAssociatedObject.m normal arm64 objective-c com.apple.compilers.llvm.clang.1_0.compiler (in target 'SDWebImage' from project 'SDWebImage')
    cd /Users/khanghnguyen/Downloads/Wishie/Wishie.xcodeproj
    
    Using response file: /Users/khanghnguyen/Library/Developer/Xcode/DerivedData/Wishie-gavmeupfwiyxzhaiqkwzocyeeixy/Build/Intermediates.noindex/SDWebImage.build/Debug-iphoneos/SDWebImage.build/Objects-normal/arm64/e6072d4f65d7061329687fe24e3d63a7-common-args.resp
    
    builtin-ScanDependencies -o /Users/khanghnguyen/Library/Developer/Xcode/DerivedData/Wishie-gavmeupfwiyxzhaiqkwzocyeeixy/Build/Intermediates.noindex/SDWebImage.build/Debug-iphoneos/SDWebImage.build/Objects-normal/arm64/SDAssociatedObject.o.scan -- /Applications/Xcode.app/Contents/Developer/Toolchains/XcodeDefault.xctoolchain/usr/bin/clang -x objective-c -ivfsstatcache /Users/khanghnguyen/Library/Developer/Xcode/DerivedData/SDKStatCaches.noindex/iphoneos26.2-23C57-3794476bd08197c3e2abd9bb477ef7f7.sdkstatcache -fmessage-length\=0 -fdiagnostics-show-note-include-stack -fmacro-backtrace-limit\=0 -fno-color-diagnostics -fmodules-prune-interval\=86400 -fmodules-prune-after\=345600 -fbuild-session-file\=/Users/khanghnguyen/Library/Developer/Xcode/DerivedData/ModuleCache.noindex/Session.modulevalidation -fmodules-validate-once-per-build-session -Wnon-modular-include-in-framework-module -Werror\=non-modular-include-in-framework-module -Wno-trigraphs -Wno-missing-field-initializers -Wno-missing-prototypes -Wno-return-type -Wno-implicit-atomic-properties -Wno-objc-interface-ivars -Wno-arc-repeated-use-of-weak -Wno-missing-braces -Wparentheses -Wswitch -Wno-unused-function -Wno-unused-label -Wno-unused-parameter -Wno-unused-variable -Wunused-value -Wno-empty-body -Wno-uninitialized -Wno-unknown-pragmas -w -Wno-shadow -Wno-four-char-constants -Wno-conversion -Wno-constant-conversion -Wno-int-conversion -Wno-bool-conversion -Wno-enum-conversion -Wno-float-conversion -Wno-non-literal-null-conversion -Wno-objc-literal-conversion -Wshorten-64-to-32 -Wpointer-sign -Wno-newline-eof -Wno-selector -Wno-strict-selector-match -Wno-undeclared-selector -Wno-deprecated-implementations -Wno-implicit-fallthrough -fstrict-aliasing -Wprotocol -Wdeprecated-declarations -Wno-sign-conversion -Wno-infinite-recursion -Wno-comma -Wno-block-capture-autoreleasing -Wno-strict-prototypes -Wno-semicolon-before-method-body -index-store-path /Users/khanghnguyen/Library/Developer/Xcode/DerivedData/Wishie-gavmeupfwiyxzhaiqkwzocyeeixy/Index.noindex/DataStore @/Users/khanghnguyen/Library/Developer/Xcode/DerivedData/Wishie-gavmeupfwiyxzhaiqkwzocyeeixy/Build/Intermediates.noindex/SDWebImage.build/Debug-iphoneos/SDWebImage.build/Objects-normal/arm64/e6072d4f65d7061329687fe24e3d63a7-common-args.resp -include /Users/khanghnguyen/Library/Developer/Xcode/DerivedData/Wishie-gavmeupfwiyxzhaiqkwzocyeeixy/Build/Intermediates.noindex/SDWebImage.build/Debug-iphoneos/SDWebImage.build/DerivedSources/resource_bundle_accessor.h -MMD -MT dependencies -MF /Users/khanghnguyen/Library/Developer/Xcode/DerivedData/Wishie-gavmeupfwiyxzhaiqkwzocyeeixy/Build/Intermediates.noindex/SDWebImage.build/Debug-iphoneos/SDWebImage.build/Objects-normal/arm64/SDAssociatedObject.d --serialize-diagnostics /Users/khanghnguyen/Library/Developer/Xcode/DerivedData/Wishie-gavmeupfwiyxzhaiqkwzocyeeixy/Build/Intermediates.noindex/SDWebImage.build/Debug-iphoneos/SDWebImage.build/Objects-normal/arm64/SDAssociatedObject.dia -c /Users/khanghnguyen/Library/Developer/Xcode/DerivedData/Wishie-gavmeupfwiyxzhaiqkwzocyeeixy/SourcePackages/checkouts/SDWebImage/SDWebImage/Private/SDAssociatedObject.m -o /Users/khanghnguyen/Library/Developer/Xcode/DerivedData/Wishie-gavmeupfwiyxzhaiqkwzocyeeixy/Build/Intermediates.noindex/SDWebImage.build/Debug-iphoneos/SDWebImage.build/Objects-normal/arm64/SDAssociatedObject.o -index-unit-output-path /SDWebImage.build/Debug-iphoneos/SDWebImage.build/Objects-normal/arm64/SDAssociatedObject.o

ScanDependencies /Users/khanghnguyen/Library/Developer/Xcode/DerivedData/Wishie-gavmeupfwiyxzhaiqkwzocyeeixy/Build/Intermediates.noindex/SDWebImage.build/Debug-iphoneos/SDWebImage.build/Objects-normal/arm64/SDAnimatedImageView.o /Users/khanghnguyen/Library/Developer/Xcode/DerivedData/Wishie-gavmeupfwiyxzhaiqkwzocyeeixy/SourcePackages/checkouts/SDWebImage/SDWebImage/Core/SDAnimatedImageView.m normal arm64 objective-c com.apple.compilers.llvm.clang.1_0.compiler (in target 'SDWebImage' from project 'SDWebImage')
    cd /Users/khanghnguyen/Downloads/Wishie/Wishie.xcodeproj
    
    Using response file: /Users/khanghnguyen/Library/Developer/Xcode/DerivedData/Wishie-gavmeupfwiyxzhaiqkwzocyeeixy/Build/Intermediates.noindex/SDWebImage.build/Debug-iphoneos/SDWebImage.build/Objects-normal/arm64/e6072d4f65d7061329687fe24e3d63a7-common-args.resp
    
    builtin-ScanDependencies -o /Users/khanghnguyen/Library/Developer/Xcode/DerivedData/Wishie-gavmeupfwiyxzhaiqkwzocyeeixy/Build/Intermediates.noindex/SDWebImage.build/Debug-iphoneos/SDWebImage.build/Objects-normal/arm64/SDAnimatedImageView.o.scan -- /Applications/Xcode.app/Contents/Developer/Toolchains/XcodeDefault.xctoolchain/usr/bin/clang -x objective-c -ivfsstatcache /Users/khanghnguyen/Library/Developer/Xcode/DerivedData/SDKStatCaches.noindex/iphoneos26.2-23C57-3794476bd08197c3e2abd9bb477ef7f7.sdkstatcache -fmessage-length\=0 -fdiagnostics-show-note-include-stack -fmacro-backtrace-limit\=0 -fno-color-diagnostics -fmodules-prune-interval\=86400 -fmodules-prune-after\=345600 -fbuild-session-file\=/Users/khanghnguyen/Library/Developer/Xcode/DerivedData/ModuleCache.noindex/Session.modulevalidation -fmodules-validate-once-per-build-session -Wnon-modular-include-in-framework-module -Werror\=non-modular-include-in-framework-module -Wno-trigraphs -Wno-missing-field-initializers -Wno-missing-prototypes -Wno-return-type -Wno-implicit-atomic-properties -Wno-objc-interface-ivars -Wno-arc-repeated-use-of-weak -Wno-missing-braces -Wparentheses -Wswitch -Wno-unused-function -Wno-unused-label -Wno-unused-parameter -Wno-unused-variable -Wunused-value -Wno-empty-body -Wno-uninitialized -Wno-unknown-pragmas -w -Wno-shadow -Wno-four-char-constants -Wno-conversion -Wno-constant-conversion -Wno-int-conversion -Wno-bool-conversion -Wno-enum-conversion -Wno-float-conversion -Wno-non-literal-null-conversion -Wno-objc-literal-conversion -Wshorten-64-to-32 -Wpointer-sign -Wno-newline-eof -Wno-selector -Wno-strict-selector-match -Wno-undeclared-selector -Wno-deprecated-implementations -Wno-implicit-fallthrough -fstrict-aliasing -Wprotocol -Wdeprecated-declarations -Wno-sign-conversion -Wno-infinite-recursion -Wno-comma -Wno-block-capture-autoreleasing -Wno-strict-prototypes -Wno-semicolon-before-method-body -index-store-path /Users/khanghnguyen/Library/Developer/Xcode/DerivedData/Wishie-gavmeupfwiyxzhaiqkwzocyeeixy/Index.noindex/DataStore @/Users/khanghnguyen/Library/Developer/Xcode/DerivedData/Wishie-gavmeupfwiyxzhaiqkwzocyeeixy/Build/Intermediates.noindex/SDWebImage.build/Debug-iphoneos/SDWebImage.build/Objects-normal/arm64/e6072d4f65d7061329687fe24e3d63a7-common-args.resp -include /Users/khanghnguyen/Library/Developer/Xcode/DerivedData/Wishie-gavmeupfwiyxzhaiqkwzocyeeixy/Build/Intermediates.noindex/SDWebImage.build/Debug-iphoneos/SDWebImage.build/DerivedSources/resource_bundle_accessor.h -MMD -MT dependencies -MF /Users/khanghnguyen/Library/Developer/Xcode/DerivedData/Wishie-gavmeupfwiyxzhaiqkwzocyeeixy/Build/Intermediates.noindex/SDWebImage.build/Debug-iphoneos/SDWebImage.build/Objects-normal/arm64/SDAnimatedImageView.d --serialize-diagnostics /Users/khanghnguyen/Library/Developer/Xcode/DerivedData/Wishie-gavmeupfwiyxzhaiqkwzocyeeixy/Build/Intermediates.noindex/SDWebImage.build/Debug-iphoneos/SDWebImage.build/Objects-normal/arm64/SDAnimatedImageView.dia -c /Users/khanghnguyen/Library/Developer/Xcode/DerivedData/Wishie-gavmeupfwiyxzhaiqkwzocyeeixy/SourcePackages/checkouts/SDWebImage/SDWebImage/Core/SDAnimatedImageView.m -o /Users/khanghnguyen/Library/Developer/Xcode/DerivedData/Wishie-gavmeupfwiyxzhaiqkwzocyeeixy/Build/Intermediates.noindex/SDWebImage.build/Debug-iphoneos/SDWebImage.build/Objects-normal/arm64/SDAnimatedImageView.o -index-unit-output-path /SDWebImage.build/Debug-iphoneos/SDWebImage.build/Objects-normal/arm64/SDAnimatedImageView.o

ScanDependencies /Users/khanghnguyen/Library/Developer/Xcode/DerivedData/Wishie-gavmeupfwiyxzhaiqkwzocyeeixy/Build/Intermediates.noindex/SDWebImage.build/Debug-iphoneos/SDWebImage.build/Objects-normal/arm64/SDAnimatedImageView+WebCache.o /Users/khanghnguyen/Library/Developer/Xcode/DerivedData/Wishie-gavmeupfwiyxzhaiqkwzocyeeixy/SourcePackages/checkouts/SDWebImage/SDWebImage/Core/SDAnimatedImageView+WebCache.m normal arm64 objective-c com.apple.compilers.llvm.clang.1_0.compiler (in target 'SDWebImage' from project 'SDWebImage')
    cd /Users/khanghnguyen/Downloads/Wishie/Wishie.xcodeproj
    
    Using response file: /Users/khanghnguyen/Library/Developer/Xcode/DerivedData/Wishie-gavmeupfwiyxzhaiqkwzocyeeixy/Build/Intermediates.noindex/SDWebImage.build/Debug-iphoneos/SDWebImage.build/Objects-normal/arm64/e6072d4f65d7061329687fe24e3d63a7-common-args.resp
    
    builtin-ScanDependencies -o /Users/khanghnguyen/Library/Developer/Xcode/DerivedData/Wishie-gavmeupfwiyxzhaiqkwzocyeeixy/Build/Intermediates.noindex/SDWebImage.build/Debug-iphoneos/SDWebImage.build/Objects-normal/arm64/SDAnimatedImageView+WebCache.o.scan -- /Applications/Xcode.app/Contents/Developer/Toolchains/XcodeDefault.xctoolchain/usr/bin/clang -x objective-c -ivfsstatcache /Users/khanghnguyen/Library/Developer/Xcode/DerivedData/SDKStatCaches.noindex/iphoneos26.2-23C57-3794476bd08197c3e2abd9bb477ef7f7.sdkstatcache -fmessage-length\=0 -fdiagnostics-show-note-include-stack -fmacro-backtrace-limit\=0 -fno-color-diagnostics -fmodules-prune-interval\=86400 -fmodules-prune-after\=345600 -fbuild-session-file\=/Users/khanghnguyen/Library/Developer/Xcode/DerivedData/ModuleCache.noindex/Session.modulevalidation -fmodules-validate-once-per-build-session -Wnon-modular-include-in-framework-module -Werror\=non-modular-include-in-framework-module -Wno-trigraphs -Wno-missing-field-initializers -Wno-missing-prototypes -Wno-return-type -Wno-implicit-atomic-properties -Wno-objc-interface-ivars -Wno-arc-repeated-use-of-weak -Wno-missing-braces -Wparentheses -Wswitch -Wno-unused-function -Wno-unused-label -Wno-unused-parameter -Wno-unused-variable -Wunused-value -Wno-empty-body -Wno-uninitialized -Wno-unknown-pragmas -w -Wno-shadow -Wno-four-char-constants -Wno-conversion -Wno-constant-conversion -Wno-int-conversion -Wno-bool-conversion -Wno-enum-conversion -Wno-float-conversion -Wno-non-literal-null-conversion -Wno-objc-literal-conversion -Wshorten-64-to-32 -Wpointer-sign -Wno-newline-eof -Wno-selector -Wno-strict-selector-match -Wno-undeclared-selector -Wno-deprecated-implementations -Wno-implicit-fallthrough -fstrict-aliasing -Wprotocol -Wdeprecated-declarations -Wno-sign-conversion -Wno-infinite-recursion -Wno-comma -Wno-block-capture-autoreleasing -Wno-strict-prototypes -Wno-semicolon-before-method-body -index-store-path /Users/khanghnguyen/Library/Developer/Xcode/DerivedData/Wishie-gavmeupfwiyxzhaiqkwzocyeeixy/Index.noindex/DataStore @/Users/khanghnguyen/Library/Developer/Xcode/DerivedData/Wishie-gavmeupfwiyxzhaiqkwzocyeeixy/Build/Intermediates.noindex/SDWebImage.build/Debug-iphoneos/SDWebImage.build/Objects-normal/arm64/e6072d4f65d7061329687fe24e3d63a7-common-args.resp -include /Users/khanghnguyen/Library/Developer/Xcode/DerivedData/Wishie-gavmeupfwiyxzhaiqkwzocyeeixy/Build/Intermediates.noindex/SDWebImage.build/Debug-iphoneos/SDWebImage.build/DerivedSources/resource_bundle_accessor.h -MMD -MT dependencies -MF /Users/khanghnguyen/Library/Developer/Xcode/DerivedData/Wishie-gavmeupfwiyxzhaiqkwzocyeeixy/Build/Intermediates.noindex/SDWebImage.build/Debug-iphoneos/SDWebImage.build/Objects-normal/arm64/SDAnimatedImageView+WebCache.d --serialize-diagnostics /Users/khanghnguyen/Library/Developer/Xcode/DerivedData/Wishie-gavmeupfwiyxzhaiqkwzocyeeixy/Build/Intermediates.noindex/SDWebImage.build/Debug-iphoneos/SDWebImage.build/Objects-normal/arm64/SDAnimatedImageView+WebCache.dia -c /Users/khanghnguyen/Library/Developer/Xcode/DerivedData/Wishie-gavmeupfwiyxzhaiqkwzocyeeixy/SourcePackages/checkouts/SDWebImage/SDWebImage/Core/SDAnimatedImageView+WebCache.m -o /Users/khanghnguyen/Library/Developer/Xcode/DerivedData/Wishie-gavmeupfwiyxzhaiqkwzocyeeixy/Build/Intermediates.noindex/SDWebImage.build/Debug-iphoneos/SDWebImage.build/Objects-normal/arm64/SDAnimatedImageView+WebCache.o -index-unit-output-path /SDWebImage.build/Debug-iphoneos/SDWebImage.build/Objects-normal/arm64/SDAnimatedImageView+WebCache.o

PrecompileModule /Users/khanghnguyen/Library/Developer/Xcode/DerivedData/Wishie-gavmeupfwiyxzhaiqkwzocyeeixy/Build/Intermediates.noindex/ExplicitPrecompiledModules/ObjectiveC-1HMFXVU9SBQ8TGFKHOC640UCW.scan
    cd /
    builtin-precompileModule /Users/khanghnguyen/Library/Developer/Xcode/DerivedData/Wishie-gavmeupfwiyxzhaiqkwzocyeeixy/Build/Intermediates.noindex/ExplicitPrecompiledModules/ObjectiveC-1HMFXVU9SBQ8TGFKHOC640UCW.scan

PrecompileModule /Users/khanghnguyen/Library/Developer/Xcode/DerivedData/Wishie-gavmeupfwiyxzhaiqkwzocyeeixy/Build/Intermediates.noindex/ExplicitPrecompiledModules/CommonCrypto-AL530EWR138PUUM1DMP17C1HW.scan
    cd /
    builtin-precompileModule /Users/khanghnguyen/Library/Developer/Xcode/DerivedData/Wishie-gavmeupfwiyxzhaiqkwzocyeeixy/Build/Intermediates.noindex/ExplicitPrecompiledModules/CommonCrypto-AL530EWR138PUUM1DMP17C1HW.scan

ScanDependencies /Users/khanghnguyen/Library/Developer/Xcode/DerivedData/Wishie-gavmeupfwiyxzhaiqkwzocyeeixy/Build/Intermediates.noindex/SDWebImage.build/Debug-iphoneos/SDWebImage.build/Objects-normal/arm64/SDAnimatedImageRep.o /Users/khanghnguyen/Library/Developer/Xcode/DerivedData/Wishie-gavmeupfwiyxzhaiqkwzocyeeixy/SourcePackages/checkouts/SDWebImage/SDWebImage/Core/SDAnimatedImageRep.m normal arm64 objective-c com.apple.compilers.llvm.clang.1_0.compiler (in target 'SDWebImage' from project 'SDWebImage')
    cd /Users/khanghnguyen/Downloads/Wishie/Wishie.xcodeproj
    
    Using response file: /Users/khanghnguyen/Library/Developer/Xcode/DerivedData/Wishie-gavmeupfwiyxzhaiqkwzocyeeixy/Build/Intermediates.noindex/SDWebImage.build/Debug-iphoneos/SDWebImage.build/Objects-normal/arm64/e6072d4f65d7061329687fe24e3d63a7-common-args.resp
    
    builtin-ScanDependencies -o /Users/khanghnguyen/Library/Developer/Xcode/DerivedData/Wishie-gavmeupfwiyxzhaiqkwzocyeeixy/Build/Intermediates.noindex/SDWebImage.build/Debug-iphoneos/SDWebImage.build/Objects-normal/arm64/SDAnimatedImageRep.o.scan -- /Applications/Xcode.app/Contents/Developer/Toolchains/XcodeDefault.xctoolchain/usr/bin/clang -x objective-c -ivfsstatcache /Users/khanghnguyen/Library/Developer/Xcode/DerivedData/SDKStatCaches.noindex/iphoneos26.2-23C57-3794476bd08197c3e2abd9bb477ef7f7.sdkstatcache -fmessage-length\=0 -fdiagnostics-show-note-include-stack -fmacro-backtrace-limit\=0 -fno-color-diagnostics -fmodules-prune-interval\=86400 -fmodules-prune-after\=345600 -fbuild-session-file\=/Users/khanghnguyen/Library/Developer/Xcode/DerivedData/ModuleCache.noindex/Session.modulevalidation -fmodules-validate-once-per-build-session -Wnon-modular-include-in-framework-module -Werror\=non-modular-include-in-framework-module -Wno-trigraphs -Wno-missing-field-initializers -Wno-missing-prototypes -Wno-return-type -Wno-implicit-atomic-properties -Wno-objc-interface-ivars -Wno-arc-repeated-use-of-weak -Wno-missing-braces -Wparentheses -Wswitch -Wno-unused-function -Wno-unused-label -Wno-unused-parameter -Wno-unused-variable -Wunused-value -Wno-empty-body -Wno-uninitialized -Wno-unknown-pragmas -w -Wno-shadow -Wno-four-char-constants -Wno-conversion -Wno-constant-conversion -Wno-int-conversion -Wno-bool-conversion -Wno-enum-conversion -Wno-float-conversion -Wno-non-literal-null-conversion -Wno-objc-literal-conversion -Wshorten-64-to-32 -Wpointer-sign -Wno-newline-eof -Wno-selector -Wno-strict-selector-match -Wno-undeclared-selector -Wno-deprecated-implementations -Wno-implicit-fallthrough -fstrict-aliasing -Wprotocol -Wdeprecated-declarations -Wno-sign-conversion -Wno-infinite-recursion -Wno-comma -Wno-block-capture-autoreleasing -Wno-strict-prototypes -Wno-semicolon-before-method-body -index-store-path /Users/khanghnguyen/Library/Developer/Xcode/DerivedData/Wishie-gavmeupfwiyxzhaiqkwzocyeeixy/Index.noindex/DataStore @/Users/khanghnguyen/Library/Developer/Xcode/DerivedData/Wishie-gavmeupfwiyxzhaiqkwzocyeeixy/Build/Intermediates.noindex/SDWebImage.build/Debug-iphoneos/SDWebImage.build/Objects-normal/arm64/e6072d4f65d7061329687fe24e3d63a7-common-args.resp -include /Users/khanghnguyen/Library/Developer/Xcode/DerivedData/Wishie-gavmeupfwiyxzhaiqkwzocyeeixy/Build/Intermediates.noindex/SDWebImage.build/Debug-iphoneos/SDWebImage.build/DerivedSources/resource_bundle_accessor.h -MMD -MT dependencies -MF /Users/khanghnguyen/Library/Developer/Xcode/DerivedData/Wishie-gavmeupfwiyxzhaiqkwzocyeeixy/Build/Intermediates.noindex/SDWebImage.build/Debug-iphoneos/SDWebImage.build/Objects-normal/arm64/SDAnimatedImageRep.d --serialize-diagnostics /Users/khanghnguyen/Library/Developer/Xcode/DerivedData/Wishie-gavmeupfwiyxzhaiqkwzocyeeixy/Build/Intermediates.noindex/SDWebImage.build/Debug-iphoneos/SDWebImage.build/Objects-normal/arm64/SDAnimatedImageRep.dia -c /Users/khanghnguyen/Library/Developer/Xcode/DerivedData/Wishie-gavmeupfwiyxzhaiqkwzocyeeixy/SourcePackages/checkouts/SDWebImage/SDWebImage/Core/SDAnimatedImageRep.m -o /Users/khanghnguyen/Library/Developer/Xcode/DerivedData/Wishie-gavmeupfwiyxzhaiqkwzocyeeixy/Build/Intermediates.noindex/SDWebImage.build/Debug-iphoneos/SDWebImage.build/Objects-normal/arm64/SDAnimatedImageRep.o -index-unit-output-path /SDWebImage.build/Debug-iphoneos/SDWebImage.build/Objects-normal/arm64/SDAnimatedImageRep.o

PrecompileModule /Users/khanghnguyen/Library/Developer/Xcode/DerivedData/Wishie-gavmeupfwiyxzhaiqkwzocyeeixy/Build/Intermediates.noindex/ExplicitPrecompiledModules/ObjectiveC-DQ7AXB6ZXGMCMYMHBEBTVW8NC.scan
    cd /
    builtin-precompileModule /Users/khanghnguyen/Library/Developer/Xcode/DerivedData/Wishie-gavmeupfwiyxzhaiqkwzocyeeixy/Build/Intermediates.noindex/ExplicitPrecompiledModules/ObjectiveC-DQ7AXB6ZXGMCMYMHBEBTVW8NC.scan

ScanDependencies /Users/khanghnguyen/Library/Developer/Xcode/DerivedData/Wishie-gavmeupfwiyxzhaiqkwzocyeeixy/Build/Intermediates.noindex/SDWebImage.build/Debug-iphoneos/SDWebImage.build/Objects-normal/arm64/SDAnimatedImagePlayer.o /Users/khanghnguyen/Library/Developer/Xcode/DerivedData/Wishie-gavmeupfwiyxzhaiqkwzocyeeixy/SourcePackages/checkouts/SDWebImage/SDWebImage/Core/SDAnimatedImagePlayer.m normal arm64 objective-c com.apple.compilers.llvm.clang.1_0.compiler (in target 'SDWebImage' from project 'SDWebImage')
    cd /Users/khanghnguyen/Downloads/Wishie/Wishie.xcodeproj
    
    Using response file: /Users/khanghnguyen/Library/Developer/Xcode/DerivedData/Wishie-gavmeupfwiyxzhaiqkwzocyeeixy/Build/Intermediates.noindex/SDWebImage.build/Debug-iphoneos/SDWebImage.build/Objects-normal/arm64/e6072d4f65d7061329687fe24e3d63a7-common-args.resp
    
    builtin-ScanDependencies -o /Users/khanghnguyen/Library/Developer/Xcode/DerivedData/Wishie-gavmeupfwiyxzhaiqkwzocyeeixy/Build/Intermediates.noindex/SDWebImage.build/Debug-iphoneos/SDWebImage.build/Objects-normal/arm64/SDAnimatedImagePlayer.o.scan -- /Applications/Xcode.app/Contents/Developer/Toolchains/XcodeDefault.xctoolchain/usr/bin/clang -x objective-c -ivfsstatcache /Users/khanghnguyen/Library/Developer/Xcode/DerivedData/SDKStatCaches.noindex/iphoneos26.2-23C57-3794476bd08197c3e2abd9bb477ef7f7.sdkstatcache -fmessage-length\=0 -fdiagnostics-show-note-include-stack -fmacro-backtrace-limit\=0 -fno-color-diagnostics -fmodules-prune-interval\=86400 -fmodules-prune-after\=345600 -fbuild-session-file\=/Users/khanghnguyen/Library/Developer/Xcode/DerivedData/ModuleCache.noindex/Session.modulevalidation -fmodules-validate-once-per-build-session -Wnon-modular-include-in-framework-module -Werror\=non-modular-include-in-framework-module -Wno-trigraphs -Wno-missing-field-initializers -Wno-missing-prototypes -Wno-return-type -Wno-implicit-atomic-properties -Wno-objc-interface-ivars -Wno-arc-repeated-use-of-weak -Wno-missing-braces -Wparentheses -Wswitch -Wno-unused-function -Wno-unused-label -Wno-unused-parameter -Wno-unused-variable -Wunused-value -Wno-empty-body -Wno-uninitialized -Wno-unknown-pragmas -w -Wno-shadow -Wno-four-char-constants -Wno-conversion -Wno-constant-conversion -Wno-int-conversion -Wno-bool-conversion -Wno-enum-conversion -Wno-float-conversion -Wno-non-literal-null-conversion -Wno-objc-literal-conversion -Wshorten-64-to-32 -Wpointer-sign -Wno-newline-eof -Wno-selector -Wno-strict-selector-match -Wno-undeclared-selector -Wno-deprecated-implementations -Wno-implicit-fallthrough -fstrict-aliasing -Wprotocol -Wdeprecated-declarations -Wno-sign-conversion -Wno-infinite-recursion -Wno-comma -Wno-block-capture-autoreleasing -Wno-strict-prototypes -Wno-semicolon-before-method-body -index-store-path /Users/khanghnguyen/Library/Developer/Xcode/DerivedData/Wishie-gavmeupfwiyxzhaiqkwzocyeeixy/Index.noindex/DataStore @/Users/khanghnguyen/Library/Developer/Xcode/DerivedData/Wishie-gavmeupfwiyxzhaiqkwzocyeeixy/Build/Intermediates.noindex/SDWebImage.build/Debug-iphoneos/SDWebImage.build/Objects-normal/arm64/e6072d4f65d7061329687fe24e3d63a7-common-args.resp -include /Users/khanghnguyen/Library/Developer/Xcode/DerivedData/Wishie-gavmeupfwiyxzhaiqkwzocyeeixy/Build/Intermediates.noindex/SDWebImage.build/Debug-iphoneos/SDWebImage.build/DerivedSources/resource_bundle_accessor.h -MMD -MT dependencies -MF /Users/khanghnguyen/Library/Developer/Xcode/DerivedData/Wishie-gavmeupfwiyxzhaiqkwzocyeeixy/Build/Intermediates.noindex/SDWebImage.build/Debug-iphoneos/SDWebImage.build/Objects-normal/arm64/SDAnimatedImagePlayer.d --serialize-diagnostics /Users/khanghnguyen/Library/Developer/Xcode/DerivedData/Wishie-gavmeupfwiyxzhaiqkwzocyeeixy/Build/Intermediates.noindex/SDWebImage.build/Debug-iphoneos/SDWebImage.build/Objects-normal/arm64/SDAnimatedImagePlayer.dia -c /Users/khanghnguyen/Library/Developer/Xcode/DerivedData/Wishie-gavmeupfwiyxzhaiqkwzocyeeixy/SourcePackages/checkouts/SDWebImage/SDWebImage/Core/SDAnimatedImagePlayer.m -o /Users/khanghnguyen/Library/Developer/Xcode/DerivedData/Wishie-gavmeupfwiyxzhaiqkwzocyeeixy/Build/Intermediates.noindex/SDWebImage.build/Debug-iphoneos/SDWebImage.build/Objects-normal/arm64/SDAnimatedImagePlayer.o -index-unit-output-path /SDWebImage.build/Debug-iphoneos/SDWebImage.build/Objects-normal/arm64/SDAnimatedImagePlayer.o

PrecompileModule /Users/khanghnguyen/Library/Developer/Xcode/DerivedData/Wishie-gavmeupfwiyxzhaiqkwzocyeeixy/Build/Intermediates.noindex/ExplicitPrecompiledModules/os_object-DDR7JXL117G4SOFHDHJTL21MW.scan
    cd /
    builtin-precompileModule /Users/khanghnguyen/Library/Developer/Xcode/DerivedData/Wishie-gavmeupfwiyxzhaiqkwzocyeeixy/Build/Intermediates.noindex/ExplicitPrecompiledModules/os_object-DDR7JXL117G4SOFHDHJTL21MW.scan

ScanDependencies /Users/khanghnguyen/Library/Developer/Xcode/DerivedData/Wishie-gavmeupfwiyxzhaiqkwzocyeeixy/Build/Intermediates.noindex/SDWebImage.build/Debug-iphoneos/SDWebImage.build/Objects-normal/arm64/SDAnimatedImage.o /Users/khanghnguyen/Library/Developer/Xcode/DerivedData/Wishie-gavmeupfwiyxzhaiqkwzocyeeixy/SourcePackages/checkouts/SDWebImage/SDWebImage/Core/SDAnimatedImage.m normal arm64 objective-c com.apple.compilers.llvm.clang.1_0.compiler (in target 'SDWebImage' from project 'SDWebImage')
    cd /Users/khanghnguyen/Downloads/Wishie/Wishie.xcodeproj
    
    Using response file: /Users/khanghnguyen/Library/Developer/Xcode/DerivedData/Wishie-gavmeupfwiyxzhaiqkwzocyeeixy/Build/Intermediates.noindex/SDWebImage.build/Debug-iphoneos/SDWebImage.build/Objects-normal/arm64/e6072d4f65d7061329687fe24e3d63a7-common-args.resp
    
    builtin-ScanDependencies -o /Users/khanghnguyen/Library/Developer/Xcode/DerivedData/Wishie-gavmeupfwiyxzhaiqkwzocyeeixy/Build/Intermediates.noindex/SDWebImage.build/Debug-iphoneos/SDWebImage.build/Objects-normal/arm64/SDAnimatedImage.o.scan -- /Applications/Xcode.app/Contents/Developer/Toolchains/XcodeDefault.xctoolchain/usr/bin/clang -x objective-c -ivfsstatcache /Users/khanghnguyen/Library/Developer/Xcode/DerivedData/SDKStatCaches.noindex/iphoneos26.2-23C57-3794476bd08197c3e2abd9bb477ef7f7.sdkstatcache -fmessage-length\=0 -fdiagnostics-show-note-include-stack -fmacro-backtrace-limit\=0 -fno-color-diagnostics -fmodules-prune-interval\=86400 -fmodules-prune-after\=345600 -fbuild-session-file\=/Users/khanghnguyen/Library/Developer/Xcode/DerivedData/ModuleCache.noindex/Session.modulevalidation -fmodules-validate-once-per-build-session -Wnon-modular-include-in-framework-module -Werror\=non-modular-include-in-framework-module -Wno-trigraphs -Wno-missing-field-initializers -Wno-missing-prototypes -Wno-return-type -Wno-implicit-atomic-properties -Wno-objc-interface-ivars -Wno-arc-repeated-use-of-weak -Wno-missing-braces -Wparentheses -Wswitch -Wno-unused-function -Wno-unused-label -Wno-unused-parameter -Wno-unused-variable -Wunused-value -Wno-empty-body -Wno-uninitialized -Wno-unknown-pragmas -w -Wno-shadow -Wno-four-char-constants -Wno-conversion -Wno-constant-conversion -Wno-int-conversion -Wno-bool-conversion -Wno-enum-conversion -Wno-float-conversion -Wno-non-literal-null-conversion -Wno-objc-literal-conversion -Wshorten-64-to-32 -Wpointer-sign -Wno-newline-eof -Wno-selector -Wno-strict-selector-match -Wno-undeclared-selector -Wno-deprecated-implementations -Wno-implicit-fallthrough -fstrict-aliasing -Wprotocol -Wdeprecated-declarations -Wno-sign-conversion -Wno-infinite-recursion -Wno-comma -Wno-block-capture-autoreleasing -Wno-strict-prototypes -Wno-semicolon-before-method-body -index-store-path /Users/khanghnguyen/Library/Developer/Xcode/DerivedData/Wishie-gavmeupfwiyxzhaiqkwzocyeeixy/Index.noindex/DataStore @/Users/khanghnguyen/Library/Developer/Xcode/DerivedData/Wishie-gavmeupfwiyxzhaiqkwzocyeeixy/Build/Intermediates.noindex/SDWebImage.build/Debug-iphoneos/SDWebImage.build/Objects-normal/arm64/e6072d4f65d7061329687fe24e3d63a7-common-args.resp -include /Users/khanghnguyen/Library/Developer/Xcode/DerivedData/Wishie-gavmeupfwiyxzhaiqkwzocyeeixy/Build/Intermediates.noindex/SDWebImage.build/Debug-iphoneos/SDWebImage.build/DerivedSources/resource_bundle_accessor.h -MMD -MT dependencies -MF /Users/khanghnguyen/Library/Developer/Xcode/DerivedData/Wishie-gavmeupfwiyxzhaiqkwzocyeeixy/Build/Intermediates.noindex/SDWebImage.build/Debug-iphoneos/SDWebImage.build/Objects-normal/arm64/SDAnimatedImage.d --serialize-diagnostics /Users/khanghnguyen/Library/Developer/Xcode/DerivedData/Wishie-gavmeupfwiyxzhaiqkwzocyeeixy/Build/Intermediates.noindex/SDWebImage.build/Debug-iphoneos/SDWebImage.build/Objects-normal/arm64/SDAnimatedImage.dia -c /Users/khanghnguyen/Library/Developer/Xcode/DerivedData/Wishie-gavmeupfwiyxzhaiqkwzocyeeixy/SourcePackages/checkouts/SDWebImage/SDWebImage/Core/SDAnimatedImage.m -o /Users/khanghnguyen/Library/Developer/Xcode/DerivedData/Wishie-gavmeupfwiyxzhaiqkwzocyeeixy/Build/Intermediates.noindex/SDWebImage.build/Debug-iphoneos/SDWebImage.build/Objects-normal/arm64/SDAnimatedImage.o -index-unit-output-path /SDWebImage.build/Debug-iphoneos/SDWebImage.build/Objects-normal/arm64/SDAnimatedImage.o

ScanDependencies /Users/khanghnguyen/Library/Developer/Xcode/DerivedData/Wishie-gavmeupfwiyxzhaiqkwzocyeeixy/Build/Intermediates.noindex/SDWebImage.build/Debug-iphoneos/SDWebImage.build/Objects-normal/arm64/NSImage+Compatibility.o /Users/khanghnguyen/Library/Developer/Xcode/DerivedData/Wishie-gavmeupfwiyxzhaiqkwzocyeeixy/SourcePackages/checkouts/SDWebImage/SDWebImage/Core/NSImage+Compatibility.m normal arm64 objective-c com.apple.compilers.llvm.clang.1_0.compiler (in target 'SDWebImage' from project 'SDWebImage')
    cd /Users/khanghnguyen/Downloads/Wishie/Wishie.xcodeproj
    
    Using response file: /Users/khanghnguyen/Library/Developer/Xcode/DerivedData/Wishie-gavmeupfwiyxzhaiqkwzocyeeixy/Build/Intermediates.noindex/SDWebImage.build/Debug-iphoneos/SDWebImage.build/Objects-normal/arm64/e6072d4f65d7061329687fe24e3d63a7-common-args.resp
    
    builtin-ScanDependencies -o /Users/khanghnguyen/Library/Developer/Xcode/DerivedData/Wishie-gavmeupfwiyxzhaiqkwzocyeeixy/Build/Intermediates.noindex/SDWebImage.build/Debug-iphoneos/SDWebImage.build/Objects-normal/arm64/NSImage+Compatibility.o.scan -- /Applications/Xcode.app/Contents/Developer/Toolchains/XcodeDefault.xctoolchain/usr/bin/clang -x objective-c -ivfsstatcache /Users/khanghnguyen/Library/Developer/Xcode/DerivedData/SDKStatCaches.noindex/iphoneos26.2-23C57-3794476bd08197c3e2abd9bb477ef7f7.sdkstatcache -fmessage-length\=0 -fdiagnostics-show-note-include-stack -fmacro-backtrace-limit\=0 -fno-color-diagnostics -fmodules-prune-interval\=86400 -fmodules-prune-after\=345600 -fbuild-session-file\=/Users/khanghnguyen/Library/Developer/Xcode/DerivedData/ModuleCache.noindex/Session.modulevalidation -fmodules-validate-once-per-build-session -Wnon-modular-include-in-framework-module -Werror\=non-modular-include-in-framework-module -Wno-trigraphs -Wno-missing-field-initializers -Wno-missing-prototypes -Wno-return-type -Wno-implicit-atomic-properties -Wno-objc-interface-ivars -Wno-arc-repeated-use-of-weak -Wno-missing-braces -Wparentheses -Wswitch -Wno-unused-function -Wno-unused-label -Wno-unused-parameter -Wno-unused-variable -Wunused-value -Wno-empty-body -Wno-uninitialized -Wno-unknown-pragmas -w -Wno-shadow -Wno-four-char-constants -Wno-conversion -Wno-constant-conversion -Wno-int-conversion -Wno-bool-conversion -Wno-enum-conversion -Wno-float-conversion -Wno-non-literal-null-conversion -Wno-objc-literal-conversion -Wshorten-64-to-32 -Wpointer-sign -Wno-newline-eof -Wno-selector -Wno-strict-selector-match -Wno-undeclared-selector -Wno-deprecated-implementations -Wno-implicit-fallthrough -fstrict-aliasing -Wprotocol -Wdeprecated-declarations -Wno-sign-conversion -Wno-infinite-recursion -Wno-comma -Wno-block-capture-autoreleasing -Wno-strict-prototypes -Wno-semicolon-before-method-body -index-store-path /Users/khanghnguyen/Library/Developer/Xcode/DerivedData/Wishie-gavmeupfwiyxzhaiqkwzocyeeixy/Index.noindex/DataStore @/Users/khanghnguyen/Library/Developer/Xcode/DerivedData/Wishie-gavmeupfwiyxzhaiqkwzocyeeixy/Build/Intermediates.noindex/SDWebImage.build/Debug-iphoneos/SDWebImage.build/Objects-normal/arm64/e6072d4f65d7061329687fe24e3d63a7-common-args.resp -include /Users/khanghnguyen/Library/Developer/Xcode/DerivedData/Wishie-gavmeupfwiyxzhaiqkwzocyeeixy/Build/Intermediates.noindex/SDWebImage.build/Debug-iphoneos/SDWebImage.build/DerivedSources/resource_bundle_accessor.h -MMD -MT dependencies -MF /Users/khanghnguyen/Library/Developer/Xcode/DerivedData/Wishie-gavmeupfwiyxzhaiqkwzocyeeixy/Build/Intermediates.noindex/SDWebImage.build/Debug-iphoneos/SDWebImage.build/Objects-normal/arm64/NSImage+Compatibility.d --serialize-diagnostics /Users/khanghnguyen/Library/Developer/Xcode/DerivedData/Wishie-gavmeupfwiyxzhaiqkwzocyeeixy/Build/Intermediates.noindex/SDWebImage.build/Debug-iphoneos/SDWebImage.build/Objects-normal/arm64/NSImage+Compatibility.dia -c /Users/khanghnguyen/Library/Developer/Xcode/DerivedData/Wishie-gavmeupfwiyxzhaiqkwzocyeeixy/SourcePackages/checkouts/SDWebImage/SDWebImage/Core/NSImage+Compatibility.m -o /Users/khanghnguyen/Library/Developer/Xcode/DerivedData/Wishie-gavmeupfwiyxzhaiqkwzocyeeixy/Build/Intermediates.noindex/SDWebImage.build/Debug-iphoneos/SDWebImage.build/Objects-normal/arm64/NSImage+Compatibility.o -index-unit-output-path /SDWebImage.build/Debug-iphoneos/SDWebImage.build/Objects-normal/arm64/NSImage+Compatibility.o

ScanDependencies /Users/khanghnguyen/Library/Developer/Xcode/DerivedData/Wishie-gavmeupfwiyxzhaiqkwzocyeeixy/Build/Intermediates.noindex/SDWebImage.build/Debug-iphoneos/SDWebImage.build/Objects-normal/arm64/NSData+ImageContentType.o /Users/khanghnguyen/Library/Developer/Xcode/DerivedData/Wishie-gavmeupfwiyxzhaiqkwzocyeeixy/SourcePackages/checkouts/SDWebImage/SDWebImage/Core/NSData+ImageContentType.m normal arm64 objective-c com.apple.compilers.llvm.clang.1_0.compiler (in target 'SDWebImage' from project 'SDWebImage')
    cd /Users/khanghnguyen/Downloads/Wishie/Wishie.xcodeproj
    
    Using response file: /Users/khanghnguyen/Library/Developer/Xcode/DerivedData/Wishie-gavmeupfwiyxzhaiqkwzocyeeixy/Build/Intermediates.noindex/SDWebImage.build/Debug-iphoneos/SDWebImage.build/Objects-normal/arm64/e6072d4f65d7061329687fe24e3d63a7-common-args.resp
    
    builtin-ScanDependencies -o /Users/khanghnguyen/Library/Developer/Xcode/DerivedData/Wishie-gavmeupfwiyxzhaiqkwzocyeeixy/Build/Intermediates.noindex/SDWebImage.build/Debug-iphoneos/SDWebImage.build/Objects-normal/arm64/NSData+ImageContentType.o.scan -- /Applications/Xcode.app/Contents/Developer/Toolchains/XcodeDefault.xctoolchain/usr/bin/clang -x objective-c -ivfsstatcache /Users/khanghnguyen/Library/Developer/Xcode/DerivedData/SDKStatCaches.noindex/iphoneos26.2-23C57-3794476bd08197c3e2abd9bb477ef7f7.sdkstatcache -fmessage-length\=0 -fdiagnostics-show-note-include-stack -fmacro-backtrace-limit\=0 -fno-color-diagnostics -fmodules-prune-interval\=86400 -fmodules-prune-after\=345600 -fbuild-session-file\=/Users/khanghnguyen/Library/Developer/Xcode/DerivedData/ModuleCache.noindex/Session.modulevalidation -fmodules-validate-once-per-build-session -Wnon-modular-include-in-framework-module -Werror\=non-modular-include-in-framework-module -Wno-trigraphs -Wno-missing-field-initializers -Wno-missing-prototypes -Wno-return-type -Wno-implicit-atomic-properties -Wno-objc-interface-ivars -Wno-arc-repeated-use-of-weak -Wno-missing-braces -Wparentheses -Wswitch -Wno-unused-function -Wno-unused-label -Wno-unused-parameter -Wno-unused-variable -Wunused-value -Wno-empty-body -Wno-uninitialized -Wno-unknown-pragmas -w -Wno-shadow -Wno-four-char-constants -Wno-conversion -Wno-constant-conversion -Wno-int-conversion -Wno-bool-conversion -Wno-enum-conversion -Wno-float-conversion -Wno-non-literal-null-conversion -Wno-objc-literal-conversion -Wshorten-64-to-32 -Wpointer-sign -Wno-newline-eof -Wno-selector -Wno-strict-selector-match -Wno-undeclared-selector -Wno-deprecated-implementations -Wno-implicit-fallthrough -fstrict-aliasing -Wprotocol -Wdeprecated-declarations -Wno-sign-conversion -Wno-infinite-recursion -Wno-comma -Wno-block-capture-autoreleasing -Wno-strict-prototypes -Wno-semicolon-before-method-body -index-store-path /Users/khanghnguyen/Library/Developer/Xcode/DerivedData/Wishie-gavmeupfwiyxzhaiqkwzocyeeixy/Index.noindex/DataStore @/Users/khanghnguyen/Library/Developer/Xcode/DerivedData/Wishie-gavmeupfwiyxzhaiqkwzocyeeixy/Build/Intermediates.noindex/SDWebImage.build/Debug-iphoneos/SDWebImage.build/Objects-normal/arm64/e6072d4f65d7061329687fe24e3d63a7-common-args.resp -include /Users/khanghnguyen/Library/Developer/Xcode/DerivedData/Wishie-gavmeupfwiyxzhaiqkwzocyeeixy/Build/Intermediates.noindex/SDWebImage.build/Debug-iphoneos/SDWebImage.build/DerivedSources/resource_bundle_accessor.h -MMD -MT dependencies -MF /Users/khanghnguyen/Library/Developer/Xcode/DerivedData/Wishie-gavmeupfwiyxzhaiqkwzocyeeixy/Build/Intermediates.noindex/SDWebImage.build/Debug-iphoneos/SDWebImage.build/Objects-normal/arm64/NSData+ImageContentType.d --serialize-diagnostics /Users/khanghnguyen/Library/Developer/Xcode/DerivedData/Wishie-gavmeupfwiyxzhaiqkwzocyeeixy/Build/Intermediates.noindex/SDWebImage.build/Debug-iphoneos/SDWebImage.build/Objects-normal/arm64/NSData+ImageContentType.dia -c /Users/khanghnguyen/Library/Developer/Xcode/DerivedData/Wishie-gavmeupfwiyxzhaiqkwzocyeeixy/SourcePackages/checkouts/SDWebImage/SDWebImage/Core/NSData+ImageContentType.m -o /Users/khanghnguyen/Library/Developer/Xcode/DerivedData/Wishie-gavmeupfwiyxzhaiqkwzocyeeixy/Build/Intermediates.noindex/SDWebImage.build/Debug-iphoneos/SDWebImage.build/Objects-normal/arm64/NSData+ImageContentType.o -index-unit-output-path /SDWebImage.build/Debug-iphoneos/SDWebImage.build/Objects-normal/arm64/NSData+ImageContentType.o

ScanDependencies /Users/khanghnguyen/Library/Developer/Xcode/DerivedData/Wishie-gavmeupfwiyxzhaiqkwzocyeeixy/Build/Intermediates.noindex/SDWebImage.build/Debug-iphoneos/SDWebImage.build/Objects-normal/arm64/NSButton+WebCache.o /Users/khanghnguyen/Library/Developer/Xcode/DerivedData/Wishie-gavmeupfwiyxzhaiqkwzocyeeixy/SourcePackages/checkouts/SDWebImage/SDWebImage/Core/NSButton+WebCache.m normal arm64 objective-c com.apple.compilers.llvm.clang.1_0.compiler (in target 'SDWebImage' from project 'SDWebImage')
    cd /Users/khanghnguyen/Downloads/Wishie/Wishie.xcodeproj
    
    Using response file: /Users/khanghnguyen/Library/Developer/Xcode/DerivedData/Wishie-gavmeupfwiyxzhaiqkwzocyeeixy/Build/Intermediates.noindex/SDWebImage.build/Debug-iphoneos/SDWebImage.build/Objects-normal/arm64/e6072d4f65d7061329687fe24e3d63a7-common-args.resp
    
    builtin-ScanDependencies -o /Users/khanghnguyen/Library/Developer/Xcode/DerivedData/Wishie-gavmeupfwiyxzhaiqkwzocyeeixy/Build/Intermediates.noindex/SDWebImage.build/Debug-iphoneos/SDWebImage.build/Objects-normal/arm64/NSButton+WebCache.o.scan -- /Applications/Xcode.app/Contents/Developer/Toolchains/XcodeDefault.xctoolchain/usr/bin/clang -x objective-c -ivfsstatcache /Users/khanghnguyen/Library/Developer/Xcode/DerivedData/SDKStatCaches.noindex/iphoneos26.2-23C57-3794476bd08197c3e2abd9bb477ef7f7.sdkstatcache -fmessage-length\=0 -fdiagnostics-show-note-include-stack -fmacro-backtrace-limit\=0 -fno-color-diagnostics -fmodules-prune-interval\=86400 -fmodules-prune-after\=345600 -fbuild-session-file\=/Users/khanghnguyen/Library/Developer/Xcode/DerivedData/ModuleCache.noindex/Session.modulevalidation -fmodules-validate-once-per-build-session -Wnon-modular-include-in-framework-module -Werror\=non-modular-include-in-framework-module -Wno-trigraphs -Wno-missing-field-initializers -Wno-missing-prototypes -Wno-return-type -Wno-implicit-atomic-properties -Wno-objc-interface-ivars -Wno-arc-repeated-use-of-weak -Wno-missing-braces -Wparentheses -Wswitch -Wno-unused-function -Wno-unused-label -Wno-unused-parameter -Wno-unused-variable -Wunused-value -Wno-empty-body -Wno-uninitialized -Wno-unknown-pragmas -w -Wno-shadow -Wno-four-char-constants -Wno-conversion -Wno-constant-conversion -Wno-int-conversion -Wno-bool-conversion -Wno-enum-conversion -Wno-float-conversion -Wno-non-literal-null-conversion -Wno-objc-literal-conversion -Wshorten-64-to-32 -Wpointer-sign -Wno-newline-eof -Wno-selector -Wno-strict-selector-match -Wno-undeclared-selector -Wno-deprecated-implementations -Wno-implicit-fallthrough -fstrict-aliasing -Wprotocol -Wdeprecated-declarations -Wno-sign-conversion -Wno-infinite-recursion -Wno-comma -Wno-block-capture-autoreleasing -Wno-strict-prototypes -Wno-semicolon-before-method-body -index-store-path /Users/khanghnguyen/Library/Developer/Xcode/DerivedData/Wishie-gavmeupfwiyxzhaiqkwzocyeeixy/Index.noindex/DataStore @/Users/khanghnguyen/Library/Developer/Xcode/DerivedData/Wishie-gavmeupfwiyxzhaiqkwzocyeeixy/Build/Intermediates.noindex/SDWebImage.build/Debug-iphoneos/SDWebImage.build/Objects-normal/arm64/e6072d4f65d7061329687fe24e3d63a7-common-args.resp -include /Users/khanghnguyen/Library/Developer/Xcode/DerivedData/Wishie-gavmeupfwiyxzhaiqkwzocyeeixy/Build/Intermediates.noindex/SDWebImage.build/Debug-iphoneos/SDWebImage.build/DerivedSources/resource_bundle_accessor.h -MMD -MT dependencies -MF /Users/khanghnguyen/Library/Developer/Xcode/DerivedData/Wishie-gavmeupfwiyxzhaiqkwzocyeeixy/Build/Intermediates.noindex/SDWebImage.build/Debug-iphoneos/SDWebImage.build/Objects-normal/arm64/NSButton+WebCache.d --serialize-diagnostics /Users/khanghnguyen/Library/Developer/Xcode/DerivedData/Wishie-gavmeupfwiyxzhaiqkwzocyeeixy/Build/Intermediates.noindex/SDWebImage.build/Debug-iphoneos/SDWebImage.build/Objects-normal/arm64/NSButton+WebCache.dia -c /Users/khanghnguyen/Library/Developer/Xcode/DerivedData/Wishie-gavmeupfwiyxzhaiqkwzocyeeixy/SourcePackages/checkouts/SDWebImage/SDWebImage/Core/NSButton+WebCache.m -o /Users/khanghnguyen/Library/Developer/Xcode/DerivedData/Wishie-gavmeupfwiyxzhaiqkwzocyeeixy/Build/Intermediates.noindex/SDWebImage.build/Debug-iphoneos/SDWebImage.build/Objects-normal/arm64/NSButton+WebCache.o -index-unit-output-path /SDWebImage.build/Debug-iphoneos/SDWebImage.build/Objects-normal/arm64/NSButton+WebCache.o

PrecompileModule /Users/khanghnguyen/Library/Developer/Xcode/DerivedData/Wishie-gavmeupfwiyxzhaiqkwzocyeeixy/Build/Intermediates.noindex/ExplicitPrecompiledModules/os_object-C4SH8GEQUO59IOKN8ZQ3Q5CH9.scan
    cd /
    builtin-precompileModule /Users/khanghnguyen/Library/Developer/Xcode/DerivedData/Wishie-gavmeupfwiyxzhaiqkwzocyeeixy/Build/Intermediates.noindex/ExplicitPrecompiledModules/os_object-C4SH8GEQUO59IOKN8ZQ3Q5CH9.scan

ScanDependencies /Users/khanghnguyen/Library/Developer/Xcode/DerivedData/Wishie-gavmeupfwiyxzhaiqkwzocyeeixy/Build/Intermediates.noindex/SDWebImage.build/Debug-iphoneos/SDWebImage.build/Objects-normal/arm64/NSBezierPath+SDRoundedCorners.o /Users/khanghnguyen/Library/Developer/Xcode/DerivedData/Wishie-gavmeupfwiyxzhaiqkwzocyeeixy/SourcePackages/checkouts/SDWebImage/SDWebImage/Private/NSBezierPath+SDRoundedCorners.m normal arm64 objective-c com.apple.compilers.llvm.clang.1_0.compiler (in target 'SDWebImage' from project 'SDWebImage')
    cd /Users/khanghnguyen/Downloads/Wishie/Wishie.xcodeproj
    
    Using response file: /Users/khanghnguyen/Library/Developer/Xcode/DerivedData/Wishie-gavmeupfwiyxzhaiqkwzocyeeixy/Build/Intermediates.noindex/SDWebImage.build/Debug-iphoneos/SDWebImage.build/Objects-normal/arm64/e6072d4f65d7061329687fe24e3d63a7-common-args.resp
    
    builtin-ScanDependencies -o /Users/khanghnguyen/Library/Developer/Xcode/DerivedData/Wishie-gavmeupfwiyxzhaiqkwzocyeeixy/Build/Intermediates.noindex/SDWebImage.build/Debug-iphoneos/SDWebImage.build/Objects-normal/arm64/NSBezierPath+SDRoundedCorners.o.scan -- /Applications/Xcode.app/Contents/Developer/Toolchains/XcodeDefault.xctoolchain/usr/bin/clang -x objective-c -ivfsstatcache /Users/khanghnguyen/Library/Developer/Xcode/DerivedData/SDKStatCaches.noindex/iphoneos26.2-23C57-3794476bd08197c3e2abd9bb477ef7f7.sdkstatcache -fmessage-length\=0 -fdiagnostics-show-note-include-stack -fmacro-backtrace-limit\=0 -fno-color-diagnostics -fmodules-prune-interval\=86400 -fmodules-prune-after\=345600 -fbuild-session-file\=/Users/khanghnguyen/Library/Developer/Xcode/DerivedData/ModuleCache.noindex/Session.modulevalidation -fmodules-validate-once-per-build-session -Wnon-modular-include-in-framework-module -Werror\=non-modular-include-in-framework-module -Wno-trigraphs -Wno-missing-field-initializers -Wno-missing-prototypes -Wno-return-type -Wno-implicit-atomic-properties -Wno-objc-interface-ivars -Wno-arc-repeated-use-of-weak -Wno-missing-braces -Wparentheses -Wswitch -Wno-unused-function -Wno-unused-label -Wno-unused-parameter -Wno-unused-variable -Wunused-value -Wno-empty-body -Wno-uninitialized -Wno-unknown-pragmas -w -Wno-shadow -Wno-four-char-constants -Wno-conversion -Wno-constant-conversion -Wno-int-conversion -Wno-bool-conversion -Wno-enum-conversion -Wno-float-conversion -Wno-non-literal-null-conversion -Wno-objc-literal-conversion -Wshorten-64-to-32 -Wpointer-sign -Wno-newline-eof -Wno-selector -Wno-strict-selector-match -Wno-undeclared-selector -Wno-deprecated-implementations -Wno-implicit-fallthrough -fstrict-aliasing -Wprotocol -Wdeprecated-declarations -Wno-sign-conversion -Wno-infinite-recursion -Wno-comma -Wno-block-capture-autoreleasing -Wno-strict-prototypes -Wno-semicolon-before-method-body -index-store-path /Users/khanghnguyen/Library/Developer/Xcode/DerivedData/Wishie-gavmeupfwiyxzhaiqkwzocyeeixy/Index.noindex/DataStore @/Users/khanghnguyen/Library/Developer/Xcode/DerivedData/Wishie-gavmeupfwiyxzhaiqkwzocyeeixy/Build/Intermediates.noindex/SDWebImage.build/Debug-iphoneos/SDWebImage.build/Objects-normal/arm64/e6072d4f65d7061329687fe24e3d63a7-common-args.resp -include /Users/khanghnguyen/Library/Developer/Xcode/DerivedData/Wishie-gavmeupfwiyxzhaiqkwzocyeeixy/Build/Intermediates.noindex/SDWebImage.build/Debug-iphoneos/SDWebImage.build/DerivedSources/resource_bundle_accessor.h -MMD -MT dependencies -MF /Users/khanghnguyen/Library/Developer/Xcode/DerivedData/Wishie-gavmeupfwiyxzhaiqkwzocyeeixy/Build/Intermediates.noindex/SDWebImage.build/Debug-iphoneos/SDWebImage.build/Objects-normal/arm64/NSBezierPath+SDRoundedCorners.d --serialize-diagnostics /Users/khanghnguyen/Library/Developer/Xcode/DerivedData/Wishie-gavmeupfwiyxzhaiqkwzocyeeixy/Build/Intermediates.noindex/SDWebImage.build/Debug-iphoneos/SDWebImage.build/Objects-normal/arm64/NSBezierPath+SDRoundedCorners.dia -c /Users/khanghnguyen/Library/Developer/Xcode/DerivedData/Wishie-gavmeupfwiyxzhaiqkwzocyeeixy/SourcePackages/checkouts/SDWebImage/SDWebImage/Private/NSBezierPath+SDRoundedCorners.m -o /Users/khanghnguyen/Library/Developer/Xcode/DerivedData/Wishie-gavmeupfwiyxzhaiqkwzocyeeixy/Build/Intermediates.noindex/SDWebImage.build/Debug-iphoneos/SDWebImage.build/Objects-normal/arm64/NSBezierPath+SDRoundedCorners.o -index-unit-output-path /SDWebImage.build/Debug-iphoneos/SDWebImage.build/Objects-normal/arm64/NSBezierPath+SDRoundedCorners.o

SwiftCompile normal arm64 Compiling\ _Test.swift /Users/khanghnguyen/Library/Developer/Xcode/DerivedData/Wishie-gavmeupfwiyxzhaiqkwzocyeeixy/SourcePackages/checkouts/xctest-dynamic-overlay/Sources/IssueReportingPackageSupport/_Test.swift (in target 'IssueReportingPackageSupport' from project 'xctest-dynamic-overlay')

SwiftCompile normal arm64 /Users/khanghnguyen/Library/Developer/Xcode/DerivedData/Wishie-gavmeupfwiyxzhaiqkwzocyeeixy/SourcePackages/checkouts/xctest-dynamic-overlay/Sources/IssueReportingPackageSupport/_Test.swift (in target 'IssueReportingPackageSupport' from project 'xctest-dynamic-overlay')
    cd /Users/khanghnguyen/Downloads/Wishie/Wishie.xcodeproj
    

SwiftCompile normal arm64 Compiling\ HTTPField.swift,\ HTTPFieldName.swift /Users/khanghnguyen/Library/Developer/Xcode/DerivedData/Wishie-gavmeupfwiyxzhaiqkwzocyeeixy/SourcePackages/checkouts/swift-http-types/Sources/HTTPTypes/HTTPField.swift /Users/khanghnguyen/Library/Developer/Xcode/DerivedData/Wishie-gavmeupfwiyxzhaiqkwzocyeeixy/SourcePackages/checkouts/swift-http-types/Sources/HTTPTypes/HTTPFieldName.swift (in target 'HTTPTypes' from project 'swift-http-types')
SwiftCompile normal arm64 /Users/khanghnguyen/Library/Developer/Xcode/DerivedData/Wishie-gavmeupfwiyxzhaiqkwzocyeeixy/SourcePackages/checkouts/swift-http-types/Sources/HTTPTypes/HTTPField.swift (in target 'HTTPTypes' from project 'swift-http-types')
    cd /Users/khanghnguyen/Downloads/Wishie/Wishie.xcodeproj
    

SwiftCompile normal arm64 /Users/khanghnguyen/Library/Developer/Xcode/DerivedData/Wishie-gavmeupfwiyxzhaiqkwzocyeeixy/SourcePackages/checkouts/swift-http-types/Sources/HTTPTypes/HTTPFieldName.swift (in target 'HTTPTypes' from project 'swift-http-types')
    cd /Users/khanghnguyen/Downloads/Wishie/Wishie.xcodeproj
    

PrecompileModule /Users/khanghnguyen/Library/Developer/Xcode/DerivedData/Wishie-gavmeupfwiyxzhaiqkwzocyeeixy/Build/Intermediates.noindex/ExplicitPrecompiledModules/os_object-8DOKWQWTNT6KMCFN1RUNE0BSS.scan
    cd /
    builtin-precompileModule /Users/khanghnguyen/Library/Developer/Xcode/DerivedData/Wishie-gavmeupfwiyxzhaiqkwzocyeeixy/Build/Intermediates.noindex/ExplicitPrecompiledModules/os_object-8DOKWQWTNT6KMCFN1RUNE0BSS.scan

SwiftCompile normal arm64 Compiling\ NIOLock.swift /Users/khanghnguyen/Library/Developer/Xcode/DerivedData/Wishie-gavmeupfwiyxzhaiqkwzocyeeixy/SourcePackages/checkouts/swift-http-types/Sources/HTTPTypes/NIOLock.swift (in target 'HTTPTypes' from project 'swift-http-types')

SwiftCompile normal arm64 /Users/khanghnguyen/Library/Developer/Xcode/DerivedData/Wishie-gavmeupfwiyxzhaiqkwzocyeeixy/SourcePackages/checkouts/swift-http-types/Sources/HTTPTypes/NIOLock.swift (in target 'HTTPTypes' from project 'swift-http-types')
    cd /Users/khanghnguyen/Downloads/Wishie/Wishie.xcodeproj
    

SwiftCompile normal arm64 Compiling\ HTTPFields.swift /Users/khanghnguyen/Library/Developer/Xcode/DerivedData/Wishie-gavmeupfwiyxzhaiqkwzocyeeixy/SourcePackages/checkouts/swift-http-types/Sources/HTTPTypes/HTTPFields.swift (in target 'HTTPTypes' from project 'swift-http-types')
SwiftCompile normal arm64 /Users/khanghnguyen/Library/Developer/Xcode/DerivedData/Wishie-gavmeupfwiyxzhaiqkwzocyeeixy/SourcePackages/checkouts/swift-http-types/Sources/HTTPTypes/HTTPFields.swift (in target 'HTTPTypes' from project 'swift-http-types')
    cd /Users/khanghnguyen/Downloads/Wishie/Wishie.xcodeproj
    

SwiftCompile normal arm64 Compiling\ HTTPRequest+URL.swift /Users/khanghnguyen/Library/Developer/Xcode/DerivedData/Wishie-gavmeupfwiyxzhaiqkwzocyeeixy/SourcePackages/checkouts/swift-http-types/Sources/HTTPTypes/HTTPRequest+URL.swift (in target 'HTTPTypes' from project 'swift-http-types')

SwiftCompile normal arm64 /Users/khanghnguyen/Library/Developer/Xcode/DerivedData/Wishie-gavmeupfwiyxzhaiqkwzocyeeixy/SourcePackages/checkouts/swift-http-types/Sources/HTTPTypes/HTTPRequest+URL.swift (in target 'HTTPTypes' from project 'swift-http-types')
    cd /Users/khanghnguyen/Downloads/Wishie/Wishie.xcodeproj
    

SwiftCompile normal arm64 Compiling\ HTTPParsedFields.swift /Users/khanghnguyen/Library/Developer/Xcode/DerivedData/Wishie-gavmeupfwiyxzhaiqkwzocyeeixy/SourcePackages/checkouts/swift-http-types/Sources/HTTPTypes/HTTPParsedFields.swift (in target 'HTTPTypes' from project 'swift-http-types')

SwiftCompile normal arm64 /Users/khanghnguyen/Library/Developer/Xcode/DerivedData/Wishie-gavmeupfwiyxzhaiqkwzocyeeixy/SourcePackages/checkouts/swift-http-types/Sources/HTTPTypes/HTTPParsedFields.swift (in target 'HTTPTypes' from project 'swift-http-types')
    cd /Users/khanghnguyen/Downloads/Wishie/Wishie.xcodeproj
    

PrecompileModule /Users/khanghnguyen/Library/Developer/Xcode/DerivedData/Wishie-gavmeupfwiyxzhaiqkwzocyeeixy/Build/Intermediates.noindex/ExplicitPrecompiledModules/os_workgroup-8Z78X9DVIIRMTT8V59KQK64U7.scan
    cd /
    builtin-precompileModule /Users/khanghnguyen/Library/Developer/Xcode/DerivedData/Wishie-gavmeupfwiyxzhaiqkwzocyeeixy/Build/Intermediates.noindex/ExplicitPrecompiledModules/os_workgroup-8Z78X9DVIIRMTT8V59KQK64U7.scan

PrecompileModule /Users/khanghnguyen/Library/Developer/Xcode/DerivedData/Wishie-gavmeupfwiyxzhaiqkwzocyeeixy/Build/Intermediates.noindex/ExplicitPrecompiledModules/os_workgroup-D6NKR57SIC40FVZN62IAFCBX1.scan
    cd /
    builtin-precompileModule /Users/khanghnguyen/Library/Developer/Xcode/DerivedData/Wishie-gavmeupfwiyxzhaiqkwzocyeeixy/Build/Intermediates.noindex/ExplicitPrecompiledModules/os_workgroup-D6NKR57SIC40FVZN62IAFCBX1.scan

PrecompileModule /Users/khanghnguyen/Library/Developer/Xcode/DerivedData/Wishie-gavmeupfwiyxzhaiqkwzocyeeixy/Build/Intermediates.noindex/ExplicitPrecompiledModules/os_workgroup-AQ3HV675RZLCEUSBE2XEW5X9G.scan
    cd /
    builtin-precompileModule /Users/khanghnguyen/Library/Developer/Xcode/DerivedData/Wishie-gavmeupfwiyxzhaiqkwzocyeeixy/Build/Intermediates.noindex/ExplicitPrecompiledModules/os_workgroup-AQ3HV675RZLCEUSBE2XEW5X9G.scan

PrecompileModule /Users/khanghnguyen/Library/Developer/Xcode/DerivedData/Wishie-gavmeupfwiyxzhaiqkwzocyeeixy/Build/Intermediates.noindex/ExplicitPrecompiledModules/Dispatch-6SJFRITNDSUT52ZPQDCO47CWV.scan
    cd /
    builtin-precompileModule /Users/khanghnguyen/Library/Developer/Xcode/DerivedData/Wishie-gavmeupfwiyxzhaiqkwzocyeeixy/Build/Intermediates.noindex/ExplicitPrecompiledModules/Dispatch-6SJFRITNDSUT52ZPQDCO47CWV.scan

SwiftDriverJobDiscovery normal arm64 Compiling _Test.swift (in target 'IssueReportingPackageSupport' from project 'xctest-dynamic-overlay')

SwiftDriver\ Compilation IssueReportingPackageSupport normal arm64 com.apple.xcode.tools.swift.compiler (in target 'IssueReportingPackageSupport' from project 'xctest-dynamic-overlay')
    cd /Users/khanghnguyen/Downloads/Wishie/Wishie.xcodeproj
    builtin-Swift-Compilation -- /Applications/Xcode.app/Contents/Developer/Toolchains/XcodeDefault.xctoolchain/usr/bin/swiftc -module-name IssueReportingPackageSupport -Onone -enforce-exclusivity\=checked @/Users/khanghnguyen/Library/Developer/Xcode/DerivedData/Wishie-gavmeupfwiyxzhaiqkwzocyeeixy/Build/Intermediates.noindex/xctest-dynamic-overlay.build/Debug-iphoneos/IssueReportingPackageSupport.build/Objects-normal/arm64/IssueReportingPackageSupport.SwiftFileList -DSWIFT_PACKAGE -DDEBUG -DSWIFT_MODULE_RESOURCE_BUNDLE_UNAVAILABLE -DXcode -plugin-path /Applications/Xcode.app/Contents/Developer/Toolchains/XcodeDefault.xctoolchain/usr/lib/swift/host/plugins/testing -enable-experimental-feature DebugDescriptionMacro -sdk /Applications/Xcode.app/Contents/Developer/Platforms/iPhoneOS.platform/Developer/SDKs/iPhoneOS26.2.sdk -target arm64-apple-ios13.0 -g -module-cache-path /Users/khanghnguyen/Library/Developer/Xcode/DerivedData/ModuleCache.noindex -Xfrontend -serialize-debugging-options -profile-coverage-mapping -profile-generate -enable-testing -suppress-warnings -index-store-path /Users/khanghnguyen/Library/Developer/Xcode/DerivedData/Wishie-gavmeupfwiyxzhaiqkwzocyeeixy/Index.noindex/DataStore -Xcc -D_LIBCPP_HARDENING_MODE\=_LIBCPP_HARDENING_MODE_DEBUG -swift-version 6 -I /Users/khanghnguyen/Library/Developer/Xcode/DerivedData/Wishie-gavmeupfwiyxzhaiqkwzocyeeixy/Build/Products/Debug-iphoneos -Isystem /Applications/Xcode.app/Contents/Developer/Platforms/iPhoneOS.platform/Developer/usr/lib -F /Users/khanghnguyen/Library/Developer/Xcode/DerivedData/Wishie-gavmeupfwiyxzhaiqkwzocyeeixy/Build/Products/Debug-iphoneos -F /Applications/Xcode.app/Contents/Developer/Platforms/iPhoneOS.platform/Developer/Library/Frameworks -F /Applications/Xcode.app/Contents/Developer/Platforms/iPhoneOS.platform/Developer/SDKs/iPhoneOS26.2.sdk/Developer/Library/Frameworks -parse-as-library -c -j8 -enable-batch-mode -incremental -Xcc -ivfsstatcache -Xcc /Users/khanghnguyen/Library/Developer/Xcode/DerivedData/SDKStatCaches.noindex/iphoneos26.2-23C57-3794476bd08197c3e2abd9bb477ef7f7.sdkstatcache -output-file-map /Users/khanghnguyen/Library/Developer/Xcode/DerivedData/Wishie-gavmeupfwiyxzhaiqkwzocyeeixy/Build/Intermediates.noindex/xctest-dynamic-overlay.build/Debug-iphoneos/IssueReportingPackageSupport.build/Objects-normal/arm64/IssueReportingPackageSupport-OutputFileMap.json -use-frontend-parseable-output -save-temps -no-color-diagnostics -explicit-module-build -module-cache-path /Users/khanghnguyen/Library/Developer/Xcode/DerivedData/Wishie-gavmeupfwiyxzhaiqkwzocyeeixy/Build/Intermediates.noindex/SwiftExplicitPrecompiledModules -clang-scanner-module-cache-path /Users/khanghnguyen/Library/Developer/Xcode/DerivedData/ModuleCache.noindex -sdk-module-cache-path /Users/khanghnguyen/Library/Developer/Xcode/DerivedData/ModuleCache.noindex -serialize-diagnostics -emit-dependencies -emit-module -emit-module-path /Users/khanghnguyen/Library/Developer/Xcode/DerivedData/Wishie-gavmeupfwiyxzhaiqkwzocyeeixy/Build/Intermediates.noindex/xctest-dynamic-overlay.build/Debug-iphoneos/IssueReportingPackageSupport.build/Objects-normal/arm64/IssueReportingPackageSupport.swiftmodule -user-module-version 1.8.0 -validate-clang-modules-once -clang-build-session-file /Users/khanghnguyen/Library/Developer/Xcode/DerivedData/ModuleCache.noindex/Session.modulevalidation -package-name xctest_dynamic_overlay -Xcc -I/Users/khanghnguyen/Library/Developer/Xcode/DerivedData/Wishie-gavmeupfwiyxzhaiqkwzocyeeixy/Build/Intermediates.noindex/xctest-dynamic-overlay.build/Debug-iphoneos/IssueReportingPackageSupport.build/swift-overrides.hmap -emit-const-values -Xfrontend -const-gather-protocols-file -Xfrontend /Users/khanghnguyen/Library/Developer/Xcode/DerivedData/Wishie-gavmeupfwiyxzhaiqkwzocyeeixy/Build/Intermediates.noindex/xctest-dynamic-overlay.build/Debug-iphoneos/IssueReportingPackageSupport.build/Objects-normal/arm64/IssueReportingPackageSupport_const_extract_protocols.json -Xcc -I/Users/khanghnguyen/Library/Developer/Xcode/DerivedData/Wishie-gavmeupfwiyxzhaiqkwzocyeeixy/Build/Products/Debug-iphoneos/include -Xcc -I/Users/khanghnguyen/Library/Developer/Xcode/DerivedData/Wishie-gavmeupfwiyxzhaiqkwzocyeeixy/Build/Intermediates.noindex/xctest-dynamic-overlay.build/Debug-iphoneos/IssueReportingPackageSupport.build/DerivedSources-normal/arm64 -Xcc -I/Users/khanghnguyen/Library/Developer/Xcode/DerivedData/Wishie-gavmeupfwiyxzhaiqkwzocyeeixy/Build/Intermediates.noindex/xctest-dynamic-overlay.build/Debug-iphoneos/IssueReportingPackageSupport.build/DerivedSources/arm64 -Xcc -I/Users/khanghnguyen/Library/Developer/Xcode/DerivedData/Wishie-gavmeupfwiyxzhaiqkwzocyeeixy/Build/Intermediates.noindex/xctest-dynamic-overlay.build/Debug-iphoneos/IssueReportingPackageSupport.build/DerivedSources -Xcc -DSWIFT_PACKAGE -Xcc -DDEBUG\=1 -emit-objc-header -emit-objc-header-path /Users/khanghnguyen/Library/Developer/Xcode/DerivedData/Wishie-gavmeupfwiyxzhaiqkwzocyeeixy/Build/Intermediates.noindex/xctest-dynamic-overlay.build/Debug-iphoneos/IssueReportingPackageSupport.build/Objects-normal/arm64/IssueReportingPackageSupport-Swift.h -working-directory /Users/khanghnguyen/Downloads/Wishie/Wishie.xcodeproj -experimental-emit-module-separately -disable-cmo

PrecompileModule /Users/khanghnguyen/Library/Developer/Xcode/DerivedData/Wishie-gavmeupfwiyxzhaiqkwzocyeeixy/Build/Intermediates.noindex/ExplicitPrecompiledModules/Dispatch-9PUF1SXH6U610NF0ZEI24QVIY.scan
    cd /
    builtin-precompileModule /Users/khanghnguyen/Library/Developer/Xcode/DerivedData/Wishie-gavmeupfwiyxzhaiqkwzocyeeixy/Build/Intermediates.noindex/ExplicitPrecompiledModules/Dispatch-9PUF1SXH6U610NF0ZEI24QVIY.scan

SwiftCompile normal arm64 Compiling\ ISOLatin1String.swift /Users/khanghnguyen/Library/Developer/Xcode/DerivedData/Wishie-gavmeupfwiyxzhaiqkwzocyeeixy/SourcePackages/checkouts/swift-http-types/Sources/HTTPTypes/ISOLatin1String.swift (in target 'HTTPTypes' from project 'swift-http-types')

SwiftCompile normal arm64 /Users/khanghnguyen/Library/Developer/Xcode/DerivedData/Wishie-gavmeupfwiyxzhaiqkwzocyeeixy/SourcePackages/checkouts/swift-http-types/Sources/HTTPTypes/ISOLatin1String.swift (in target 'HTTPTypes' from project 'swift-http-types')
    cd /Users/khanghnguyen/Downloads/Wishie/Wishie.xcodeproj
    

PrecompileModule /Users/khanghnguyen/Library/Developer/Xcode/DerivedData/Wishie-gavmeupfwiyxzhaiqkwzocyeeixy/Build/Intermediates.noindex/ExplicitPrecompiledModules/Dispatch-6AFSYJZIXVVENJFE1MNGKHW29.scan
    cd /
    builtin-precompileModule /Users/khanghnguyen/Library/Developer/Xcode/DerivedData/Wishie-gavmeupfwiyxzhaiqkwzocyeeixy/Build/Intermediates.noindex/ExplicitPrecompiledModules/Dispatch-6AFSYJZIXVVENJFE1MNGKHW29.scan

PrecompileModule /Users/khanghnguyen/Library/Developer/Xcode/DerivedData/Wishie-gavmeupfwiyxzhaiqkwzocyeeixy/Build/Intermediates.noindex/ExplicitPrecompiledModules/CoreFoundation-403JHWIIVQ2YIJBPC6NE3FMK2.scan
    cd /
    builtin-precompileModule /Users/khanghnguyen/Library/Developer/Xcode/DerivedData/Wishie-gavmeupfwiyxzhaiqkwzocyeeixy/Build/Intermediates.noindex/ExplicitPrecompiledModules/CoreFoundation-403JHWIIVQ2YIJBPC6NE3FMK2.scan

PrecompileModule /Users/khanghnguyen/Library/Developer/Xcode/DerivedData/Wishie-gavmeupfwiyxzhaiqkwzocyeeixy/Build/Intermediates.noindex/ExplicitPrecompiledModules/XPC-5I0CPLI2EH23VSKU281RW5YQX.scan
    cd /
    builtin-precompileModule /Users/khanghnguyen/Library/Developer/Xcode/DerivedData/Wishie-gavmeupfwiyxzhaiqkwzocyeeixy/Build/Intermediates.noindex/ExplicitPrecompiledModules/XPC-5I0CPLI2EH23VSKU281RW5YQX.scan

PrecompileModule /Users/khanghnguyen/Library/Developer/Xcode/DerivedData/Wishie-gavmeupfwiyxzhaiqkwzocyeeixy/Build/Intermediates.noindex/ExplicitPrecompiledModules/XPC-ANKNR7Z0DXL090KYBH3KXZYM3.scan
    cd /
    builtin-precompileModule /Users/khanghnguyen/Library/Developer/Xcode/DerivedData/Wishie-gavmeupfwiyxzhaiqkwzocyeeixy/Build/Intermediates.noindex/ExplicitPrecompiledModules/XPC-ANKNR7Z0DXL090KYBH3KXZYM3.scan

SwiftDriverJobDiscovery normal arm64 Compiling NIOLock.swift (in target 'HTTPTypes' from project 'swift-http-types')

PrecompileModule /Users/khanghnguyen/Library/Developer/Xcode/DerivedData/Wishie-gavmeupfwiyxzhaiqkwzocyeeixy/Build/Intermediates.noindex/ExplicitPrecompiledModules/CoreFoundation-BW8GAPVJTF78YCHKFCKO7USCL.scan
    cd /
    builtin-precompileModule /Users/khanghnguyen/Library/Developer/Xcode/DerivedData/Wishie-gavmeupfwiyxzhaiqkwzocyeeixy/Build/Intermediates.noindex/ExplicitPrecompiledModules/CoreFoundation-BW8GAPVJTF78YCHKFCKO7USCL.scan

PrecompileModule /Users/khanghnguyen/Library/Developer/Xcode/DerivedData/Wishie-gavmeupfwiyxzhaiqkwzocyeeixy/Build/Intermediates.noindex/ExplicitPrecompiledModules/XPC-CRJ8FFH7ALHTJPRM8Y6FAURCY.scan
    cd /
    builtin-precompileModule /Users/khanghnguyen/Library/Developer/Xcode/DerivedData/Wishie-gavmeupfwiyxzhaiqkwzocyeeixy/Build/Intermediates.noindex/ExplicitPrecompiledModules/XPC-CRJ8FFH7ALHTJPRM8Y6FAURCY.scan

SwiftDriverJobDiscovery normal arm64 Compiling HTTPParsedFields.swift (in target 'HTTPTypes' from project 'swift-http-types')

PrecompileModule /Users/khanghnguyen/Library/Developer/Xcode/DerivedData/Wishie-gavmeupfwiyxzhaiqkwzocyeeixy/Build/Intermediates.noindex/ExplicitPrecompiledModules/CoreFoundation-AYMPT0ET1A25PBMC2O14PHWM9.scan
    cd /
    builtin-precompileModule /Users/khanghnguyen/Library/Developer/Xcode/DerivedData/Wishie-gavmeupfwiyxzhaiqkwzocyeeixy/Build/Intermediates.noindex/ExplicitPrecompiledModules/CoreFoundation-AYMPT0ET1A25PBMC2O14PHWM9.scan

PrecompileModule /Users/khanghnguyen/Library/Developer/Xcode/DerivedData/Wishie-gavmeupfwiyxzhaiqkwzocyeeixy/Build/Intermediates.noindex/ExplicitPrecompiledModules/os-20DT9IRLA8YHAD5U1UV11J50F.scan
    cd /
    builtin-precompileModule /Users/khanghnguyen/Library/Developer/Xcode/DerivedData/Wishie-gavmeupfwiyxzhaiqkwzocyeeixy/Build/Intermediates.noindex/ExplicitPrecompiledModules/os-20DT9IRLA8YHAD5U1UV11J50F.scan

PrecompileModule /Users/khanghnguyen/Library/Developer/Xcode/DerivedData/Wishie-gavmeupfwiyxzhaiqkwzocyeeixy/Build/Intermediates.noindex/ExplicitPrecompiledModules/Security-5F5B7NK0DWS54LHSAPD3Y2L6.scan
    cd /
    builtin-precompileModule /Users/khanghnguyen/Library/Developer/Xcode/DerivedData/Wishie-gavmeupfwiyxzhaiqkwzocyeeixy/Build/Intermediates.noindex/ExplicitPrecompiledModules/Security-5F5B7NK0DWS54LHSAPD3Y2L6.scan

SwiftDriverJobDiscovery normal arm64 Compiling HTTPRequest+URL.swift (in target 'HTTPTypes' from project 'swift-http-types')

PrecompileModule /Users/khanghnguyen/Library/Developer/Xcode/DerivedData/Wishie-gavmeupfwiyxzhaiqkwzocyeeixy/Build/Intermediates.noindex/ExplicitPrecompiledModules/CoreServices-5RKFJEJWOZFRDMPA5ZFEK5RI3.scan
    cd /
    builtin-precompileModule /Users/khanghnguyen/Library/Developer/Xcode/DerivedData/Wishie-gavmeupfwiyxzhaiqkwzocyeeixy/Build/Intermediates.noindex/ExplicitPrecompiledModules/CoreServices-5RKFJEJWOZFRDMPA5ZFEK5RI3.scan

PrecompileModule /Users/khanghnguyen/Library/Developer/Xcode/DerivedData/Wishie-gavmeupfwiyxzhaiqkwzocyeeixy/Build/Intermediates.noindex/ExplicitPrecompiledModules/CoreGraphics-3S2YVR3IYS2GQ0MD0G583XBCO.scan
    cd /
    builtin-precompileModule /Users/khanghnguyen/Library/Developer/Xcode/DerivedData/Wishie-gavmeupfwiyxzhaiqkwzocyeeixy/Build/Intermediates.noindex/ExplicitPrecompiledModules/CoreGraphics-3S2YVR3IYS2GQ0MD0G583XBCO.scan

SwiftDriverJobDiscovery normal arm64 Compiling HTTPField.swift, HTTPFieldName.swift (in target 'HTTPTypes' from project 'swift-http-types')

PrecompileModule /Users/khanghnguyen/Library/Developer/Xcode/DerivedData/Wishie-gavmeupfwiyxzhaiqkwzocyeeixy/Build/Intermediates.noindex/ExplicitPrecompiledModules/CFNetwork-70FV6PGO3Y3ML5IVZYLE1WC0K.scan
    cd /
    builtin-precompileModule /Users/khanghnguyen/Library/Developer/Xcode/DerivedData/Wishie-gavmeupfwiyxzhaiqkwzocyeeixy/Build/Intermediates.noindex/ExplicitPrecompiledModules/CFNetwork-70FV6PGO3Y3ML5IVZYLE1WC0K.scan

SwiftCompile normal arm64 Compiling\ HTTPRequest.swift /Users/khanghnguyen/Library/Developer/Xcode/DerivedData/Wishie-gavmeupfwiyxzhaiqkwzocyeeixy/SourcePackages/checkouts/swift-http-types/Sources/HTTPTypes/HTTPRequest.swift (in target 'HTTPTypes' from project 'swift-http-types')
SwiftCompile normal arm64 /Users/khanghnguyen/Library/Developer/Xcode/DerivedData/Wishie-gavmeupfwiyxzhaiqkwzocyeeixy/SourcePackages/checkouts/swift-http-types/Sources/HTTPTypes/HTTPRequest.swift (in target 'HTTPTypes' from project 'swift-http-types')
    cd /Users/khanghnguyen/Downloads/Wishie/Wishie.xcodeproj
    

PrecompileModule /Users/khanghnguyen/Library/Developer/Xcode/DerivedData/Wishie-gavmeupfwiyxzhaiqkwzocyeeixy/Build/Intermediates.noindex/ExplicitPrecompiledModules/CFNetwork-51F2EMDY02NV93TKTAE28SKV3.scan
    cd /
    builtin-precompileModule /Users/khanghnguyen/Library/Developer/Xcode/DerivedData/Wishie-gavmeupfwiyxzhaiqkwzocyeeixy/Build/Intermediates.noindex/ExplicitPrecompiledModules/CFNetwork-51F2EMDY02NV93TKTAE28SKV3.scan

SwiftDriverJobDiscovery normal arm64 Compiling ISOLatin1String.swift (in target 'HTTPTypes' from project 'swift-http-types')

PrecompileModule /Users/khanghnguyen/Library/Developer/Xcode/DerivedData/Wishie-gavmeupfwiyxzhaiqkwzocyeeixy/Build/Intermediates.noindex/ExplicitPrecompiledModules/Security-8LJ3UZL15GV6B6JW08GK0R7FQ.scan
    cd /
    builtin-precompileModule /Users/khanghnguyen/Library/Developer/Xcode/DerivedData/Wishie-gavmeupfwiyxzhaiqkwzocyeeixy/Build/Intermediates.noindex/ExplicitPrecompiledModules/Security-8LJ3UZL15GV6B6JW08GK0R7FQ.scan

SwiftCompile normal arm64 Compiling\ HTTPResponse.swift /Users/khanghnguyen/Library/Developer/Xcode/DerivedData/Wishie-gavmeupfwiyxzhaiqkwzocyeeixy/SourcePackages/checkouts/swift-http-types/Sources/HTTPTypes/HTTPResponse.swift (in target 'HTTPTypes' from project 'swift-http-types')
SwiftCompile normal arm64 /Users/khanghnguyen/Library/Developer/Xcode/DerivedData/Wishie-gavmeupfwiyxzhaiqkwzocyeeixy/SourcePackages/checkouts/swift-http-types/Sources/HTTPTypes/HTTPResponse.swift (in target 'HTTPTypes' from project 'swift-http-types')
    cd /Users/khanghnguyen/Downloads/Wishie/Wishie.xcodeproj
    

PrecompileModule /Users/khanghnguyen/Library/Developer/Xcode/DerivedData/Wishie-gavmeupfwiyxzhaiqkwzocyeeixy/Build/Intermediates.noindex/ExplicitPrecompiledModules/CFNetwork-1APWSN18UVU4FVTKKXGYRDJKY.scan
    cd /
    builtin-precompileModule /Users/khanghnguyen/Library/Developer/Xcode/DerivedData/Wishie-gavmeupfwiyxzhaiqkwzocyeeixy/Build/Intermediates.noindex/ExplicitPrecompiledModules/CFNetwork-1APWSN18UVU4FVTKKXGYRDJKY.scan

PrecompileModule /Users/khanghnguyen/Library/Developer/Xcode/DerivedData/Wishie-gavmeupfwiyxzhaiqkwzocyeeixy/Build/Intermediates.noindex/ExplicitPrecompiledModules/MobileCoreServices-72PVAQBHL7NOR4X2TDH8HS0QC.scan
    cd /
    builtin-precompileModule /Users/khanghnguyen/Library/Developer/Xcode/DerivedData/Wishie-gavmeupfwiyxzhaiqkwzocyeeixy/Build/Intermediates.noindex/ExplicitPrecompiledModules/MobileCoreServices-72PVAQBHL7NOR4X2TDH8HS0QC.scan

PrecompileModule /Users/khanghnguyen/Library/Developer/Xcode/DerivedData/Wishie-gavmeupfwiyxzhaiqkwzocyeeixy/Build/Intermediates.noindex/ExplicitPrecompiledModules/Foundation-3M6T9QYTWQYZGVT0LWRKS1AD0.scan
    cd /
    builtin-precompileModule /Users/khanghnguyen/Library/Developer/Xcode/DerivedData/Wishie-gavmeupfwiyxzhaiqkwzocyeeixy/Build/Intermediates.noindex/ExplicitPrecompiledModules/Foundation-3M6T9QYTWQYZGVT0LWRKS1AD0.scan

PrecompileModule /Users/khanghnguyen/Library/Developer/Xcode/DerivedData/Wishie-gavmeupfwiyxzhaiqkwzocyeeixy/Build/Intermediates.noindex/ExplicitPrecompiledModules/Security-C75KZJ0RRB3U27JQ6GR3IWNOL.scan
    cd /
    builtin-precompileModule /Users/khanghnguyen/Library/Developer/Xcode/DerivedData/Wishie-gavmeupfwiyxzhaiqkwzocyeeixy/Build/Intermediates.noindex/ExplicitPrecompiledModules/Security-C75KZJ0RRB3U27JQ6GR3IWNOL.scan

PrecompileModule /Users/khanghnguyen/Library/Developer/Xcode/DerivedData/Wishie-gavmeupfwiyxzhaiqkwzocyeeixy/Build/Intermediates.noindex/ExplicitPrecompiledModules/ImageIO-540UB2GQMJFV6OAOKU4V18KW2.scan
    cd /
    builtin-precompileModule /Users/khanghnguyen/Library/Developer/Xcode/DerivedData/Wishie-gavmeupfwiyxzhaiqkwzocyeeixy/Build/Intermediates.noindex/ExplicitPrecompiledModules/ImageIO-540UB2GQMJFV6OAOKU4V18KW2.scan

PrecompileModule /Users/khanghnguyen/Library/Developer/Xcode/DerivedData/Wishie-gavmeupfwiyxzhaiqkwzocyeeixy/Build/Intermediates.noindex/ExplicitPrecompiledModules/CoreText-9HBHAP0ED5WCL3ZNPY82ZMWQA.scan
    cd /
    builtin-precompileModule /Users/khanghnguyen/Library/Developer/Xcode/DerivedData/Wishie-gavmeupfwiyxzhaiqkwzocyeeixy/Build/Intermediates.noindex/ExplicitPrecompiledModules/CoreText-9HBHAP0ED5WCL3ZNPY82ZMWQA.scan

PrecompileModule /Users/khanghnguyen/Library/Developer/Xcode/DerivedData/Wishie-gavmeupfwiyxzhaiqkwzocyeeixy/Build/Intermediates.noindex/ExplicitPrecompiledModules/Foundation-BVWTCSHI0W8A7KX20R129R3WJ.scan
    cd /
    builtin-precompileModule /Users/khanghnguyen/Library/Developer/Xcode/DerivedData/Wishie-gavmeupfwiyxzhaiqkwzocyeeixy/Build/Intermediates.noindex/ExplicitPrecompiledModules/Foundation-BVWTCSHI0W8A7KX20R129R3WJ.scan

SwiftDriverJobDiscovery normal arm64 Compiling HTTPFields.swift (in target 'HTTPTypes' from project 'swift-http-types')

ScanDependencies /Users/khanghnguyen/Library/Developer/Xcode/DerivedData/Wishie-gavmeupfwiyxzhaiqkwzocyeeixy/Build/Intermediates.noindex/GoogleUtilities.build/Debug-iphoneos/GoogleUtilities-NSData.build/Objects-normal/arm64/resource_bundle_accessor.o /Users/khanghnguyen/Library/Developer/Xcode/DerivedData/Wishie-gavmeupfwiyxzhaiqkwzocyeeixy/Build/Intermediates.noindex/GoogleUtilities.build/Debug-iphoneos/GoogleUtilities-NSData.build/DerivedSources/resource_bundle_accessor.m normal arm64 objective-c com.apple.compilers.llvm.clang.1_0.compiler (in target 'GoogleUtilities-NSData' from project 'GoogleUtilities')
    cd /Users/khanghnguyen/Downloads/Wishie/Wishie.xcodeproj
    
    Using response file: /Users/khanghnguyen/Library/Developer/Xcode/DerivedData/Wishie-gavmeupfwiyxzhaiqkwzocyeeixy/Build/Intermediates.noindex/GoogleUtilities.build/Debug-iphoneos/GoogleUtilities-NSData.build/Objects-normal/arm64/e6072d4f65d7061329687fe24e3d63a7-common-args.resp
    
    builtin-ScanDependencies -o /Users/khanghnguyen/Library/Developer/Xcode/DerivedData/Wishie-gavmeupfwiyxzhaiqkwzocyeeixy/Build/Intermediates.noindex/GoogleUtilities.build/Debug-iphoneos/GoogleUtilities-NSData.build/Objects-normal/arm64/resource_bundle_accessor.o.scan -- /Applications/Xcode.app/Contents/Developer/Toolchains/XcodeDefault.xctoolchain/usr/bin/clang -x objective-c -ivfsstatcache /Users/khanghnguyen/Library/Developer/Xcode/DerivedData/SDKStatCaches.noindex/iphoneos26.2-23C57-3794476bd08197c3e2abd9bb477ef7f7.sdkstatcache -fmessage-length\=0 -fdiagnostics-show-note-include-stack -fmacro-backtrace-limit\=0 -fno-color-diagnostics -fmodules-prune-interval\=86400 -fmodules-prune-after\=345600 -fbuild-session-file\=/Users/khanghnguyen/Library/Developer/Xcode/DerivedData/ModuleCache.noindex/Session.modulevalidation -fmodules-validate-once-per-build-session -Wnon-modular-include-in-framework-module -Werror\=non-modular-include-in-framework-module -Wno-trigraphs -Wno-missing-field-initializers -Wno-missing-prototypes -Wno-return-type -Wno-implicit-atomic-properties -Wno-objc-interface-ivars -Wno-arc-repeated-use-of-weak -Wno-missing-braces -Wparentheses -Wswitch -Wno-unused-function -Wno-unused-label -Wno-unused-parameter -Wno-unused-variable -Wunused-value -Wno-empty-body -Wno-uninitialized -Wno-unknown-pragmas -w -Wno-shadow -Wno-four-char-constants -Wno-conversion -Wno-constant-conversion -Wno-int-conversion -Wno-bool-conversion -Wno-enum-conversion -Wno-float-conversion -Wno-non-literal-null-conversion -Wno-objc-literal-conversion -Wshorten-64-to-32 -Wpointer-sign -Wno-newline-eof -Wno-selector -Wno-strict-selector-match -Wno-undeclared-selector -Wno-deprecated-implementations -Wno-implicit-fallthrough -fstrict-aliasing -Wprotocol -Wdeprecated-declarations -Wno-sign-conversion -Wno-infinite-recursion -Wno-comma -Wno-block-capture-autoreleasing -Wno-strict-prototypes -Wno-semicolon-before-method-body -index-store-path /Users/khanghnguyen/Library/Developer/Xcode/DerivedData/Wishie-gavmeupfwiyxzhaiqkwzocyeeixy/Index.noindex/DataStore @/Users/khanghnguyen/Library/Developer/Xcode/DerivedData/Wishie-gavmeupfwiyxzhaiqkwzocyeeixy/Build/Intermediates.noindex/GoogleUtilities.build/Debug-iphoneos/GoogleUtilities-NSData.build/Objects-normal/arm64/e6072d4f65d7061329687fe24e3d63a7-common-args.resp -include /Users/khanghnguyen/Library/Developer/Xcode/DerivedData/Wishie-gavmeupfwiyxzhaiqkwzocyeeixy/Build/Intermediates.noindex/GoogleUtilities.build/Debug-iphoneos/GoogleUtilities-NSData.build/DerivedSources/resource_bundle_accessor.h -MMD -MT dependencies -MF /Users/khanghnguyen/Library/Developer/Xcode/DerivedData/Wishie-gavmeupfwiyxzhaiqkwzocyeeixy/Build/Intermediates.noindex/GoogleUtilities.build/Debug-iphoneos/GoogleUtilities-NSData.build/Objects-normal/arm64/resource_bundle_accessor.d --serialize-diagnostics /Users/khanghnguyen/Library/Developer/Xcode/DerivedData/Wishie-gavmeupfwiyxzhaiqkwzocyeeixy/Build/Intermediates.noindex/GoogleUtilities.build/Debug-iphoneos/GoogleUtilities-NSData.build/Objects-normal/arm64/resource_bundle_accessor.dia -c /Users/khanghnguyen/Library/Developer/Xcode/DerivedData/Wishie-gavmeupfwiyxzhaiqkwzocyeeixy/Build/Intermediates.noindex/GoogleUtilities.build/Debug-iphoneos/GoogleUtilities-NSData.build/DerivedSources/resource_bundle_accessor.m -o /Users/khanghnguyen/Library/Developer/Xcode/DerivedData/Wishie-gavmeupfwiyxzhaiqkwzocyeeixy/Build/Intermediates.noindex/GoogleUtilities.build/Debug-iphoneos/GoogleUtilities-NSData.build/Objects-normal/arm64/resource_bundle_accessor.o -index-unit-output-path /GoogleUtilities.build/Debug-iphoneos/GoogleUtilities-NSData.build/Objects-normal/arm64/resource_bundle_accessor.o

PrecompileModule /Users/khanghnguyen/Library/Developer/Xcode/DerivedData/Wishie-gavmeupfwiyxzhaiqkwzocyeeixy/Build/Intermediates.noindex/ExplicitPrecompiledModules/Foundation-ENFRKL4ZXPZXJ5NTBYR1LNBGK.scan
    cd /
    builtin-precompileModule /Users/khanghnguyen/Library/Developer/Xcode/DerivedData/Wishie-gavmeupfwiyxzhaiqkwzocyeeixy/Build/Intermediates.noindex/ExplicitPrecompiledModules/Foundation-ENFRKL4ZXPZXJ5NTBYR1LNBGK.scan

ScanDependencies /Users/khanghnguyen/Library/Developer/Xcode/DerivedData/Wishie-gavmeupfwiyxzhaiqkwzocyeeixy/Build/Intermediates.noindex/GoogleUtilities.build/Debug-iphoneos/GoogleUtilities-NSData.build/Objects-normal/arm64/GULNSData+zlib.o /Users/khanghnguyen/Library/Developer/Xcode/DerivedData/Wishie-gavmeupfwiyxzhaiqkwzocyeeixy/SourcePackages/checkouts/GoogleUtilities/GoogleUtilities/NSData+zlib/GULNSData+zlib.m normal arm64 objective-c com.apple.compilers.llvm.clang.1_0.compiler (in target 'GoogleUtilities-NSData' from project 'GoogleUtilities')
    cd /Users/khanghnguyen/Downloads/Wishie/Wishie.xcodeproj
    
    Using response file: /Users/khanghnguyen/Library/Developer/Xcode/DerivedData/Wishie-gavmeupfwiyxzhaiqkwzocyeeixy/Build/Intermediates.noindex/GoogleUtilities.build/Debug-iphoneos/GoogleUtilities-NSData.build/Objects-normal/arm64/e6072d4f65d7061329687fe24e3d63a7-common-args.resp
    
    builtin-ScanDependencies -o /Users/khanghnguyen/Library/Developer/Xcode/DerivedData/Wishie-gavmeupfwiyxzhaiqkwzocyeeixy/Build/Intermediates.noindex/GoogleUtilities.build/Debug-iphoneos/GoogleUtilities-NSData.build/Objects-normal/arm64/GULNSData+zlib.o.scan -- /Applications/Xcode.app/Contents/Developer/Toolchains/XcodeDefault.xctoolchain/usr/bin/clang -x objective-c -ivfsstatcache /Users/khanghnguyen/Library/Developer/Xcode/DerivedData/SDKStatCaches.noindex/iphoneos26.2-23C57-3794476bd08197c3e2abd9bb477ef7f7.sdkstatcache -fmessage-length\=0 -fdiagnostics-show-note-include-stack -fmacro-backtrace-limit\=0 -fno-color-diagnostics -fmodules-prune-interval\=86400 -fmodules-prune-after\=345600 -fbuild-session-file\=/Users/khanghnguyen/Library/Developer/Xcode/DerivedData/ModuleCache.noindex/Session.modulevalidation -fmodules-validate-once-per-build-session -Wnon-modular-include-in-framework-module -Werror\=non-modular-include-in-framework-module -Wno-trigraphs -Wno-missing-field-initializers -Wno-missing-prototypes -Wno-return-type -Wno-implicit-atomic-properties -Wno-objc-interface-ivars -Wno-arc-repeated-use-of-weak -Wno-missing-braces -Wparentheses -Wswitch -Wno-unused-function -Wno-unused-label -Wno-unused-parameter -Wno-unused-variable -Wunused-value -Wno-empty-body -Wno-uninitialized -Wno-unknown-pragmas -w -Wno-shadow -Wno-four-char-constants -Wno-conversion -Wno-constant-conversion -Wno-int-conversion -Wno-bool-conversion -Wno-enum-conversion -Wno-float-conversion -Wno-non-literal-null-conversion -Wno-objc-literal-conversion -Wshorten-64-to-32 -Wpointer-sign -Wno-newline-eof -Wno-selector -Wno-strict-selector-match -Wno-undeclared-selector -Wno-deprecated-implementations -Wno-implicit-fallthrough -fstrict-aliasing -Wprotocol -Wdeprecated-declarations -Wno-sign-conversion -Wno-infinite-recursion -Wno-comma -Wno-block-capture-autoreleasing -Wno-strict-prototypes -Wno-semicolon-before-method-body -index-store-path /Users/khanghnguyen/Library/Developer/Xcode/DerivedData/Wishie-gavmeupfwiyxzhaiqkwzocyeeixy/Index.noindex/DataStore @/Users/khanghnguyen/Library/Developer/Xcode/DerivedData/Wishie-gavmeupfwiyxzhaiqkwzocyeeixy/Build/Intermediates.noindex/GoogleUtilities.build/Debug-iphoneos/GoogleUtilities-NSData.build/Objects-normal/arm64/e6072d4f65d7061329687fe24e3d63a7-common-args.resp -include /Users/khanghnguyen/Library/Developer/Xcode/DerivedData/Wishie-gavmeupfwiyxzhaiqkwzocyeeixy/Build/Intermediates.noindex/GoogleUtilities.build/Debug-iphoneos/GoogleUtilities-NSData.build/DerivedSources/resource_bundle_accessor.h -MMD -MT dependencies -MF /Users/khanghnguyen/Library/Developer/Xcode/DerivedData/Wishie-gavmeupfwiyxzhaiqkwzocyeeixy/Build/Intermediates.noindex/GoogleUtilities.build/Debug-iphoneos/GoogleUtilities-NSData.build/Objects-normal/arm64/GULNSData+zlib.d --serialize-diagnostics /Users/khanghnguyen/Library/Developer/Xcode/DerivedData/Wishie-gavmeupfwiyxzhaiqkwzocyeeixy/Build/Intermediates.noindex/GoogleUtilities.build/Debug-iphoneos/GoogleUtilities-NSData.build/Objects-normal/arm64/GULNSData+zlib.dia -c /Users/khanghnguyen/Library/Developer/Xcode/DerivedData/Wishie-gavmeupfwiyxzhaiqkwzocyeeixy/SourcePackages/checkouts/GoogleUtilities/GoogleUtilities/NSData+zlib/GULNSData+zlib.m -o /Users/khanghnguyen/Library/Developer/Xcode/DerivedData/Wishie-gavmeupfwiyxzhaiqkwzocyeeixy/Build/Intermediates.noindex/GoogleUtilities.build/Debug-iphoneos/GoogleUtilities-NSData.build/Objects-normal/arm64/GULNSData+zlib.o -index-unit-output-path /GoogleUtilities.build/Debug-iphoneos/GoogleUtilities-NSData.build/Objects-normal/arm64/GULNSData+zlib.o

ScanDependencies /Users/khanghnguyen/Library/Developer/Xcode/DerivedData/Wishie-gavmeupfwiyxzhaiqkwzocyeeixy/Build/Intermediates.noindex/GTMSessionFetcher.build/Debug-iphoneos/GTMSessionFetcherCore.build/Objects-normal/arm64/resource_bundle_accessor.o /Users/khanghnguyen/Library/Developer/Xcode/DerivedData/Wishie-gavmeupfwiyxzhaiqkwzocyeeixy/Build/Intermediates.noindex/GTMSessionFetcher.build/Debug-iphoneos/GTMSessionFetcherCore.build/DerivedSources/resource_bundle_accessor.m normal arm64 objective-c com.apple.compilers.llvm.clang.1_0.compiler (in target 'GTMSessionFetcherCore' from project 'GTMSessionFetcher')
    cd /Users/khanghnguyen/Downloads/Wishie/Wishie.xcodeproj
    
    Using response file: /Users/khanghnguyen/Library/Developer/Xcode/DerivedData/Wishie-gavmeupfwiyxzhaiqkwzocyeeixy/Build/Intermediates.noindex/GTMSessionFetcher.build/Debug-iphoneos/GTMSessionFetcherCore.build/Objects-normal/arm64/e6072d4f65d7061329687fe24e3d63a7-common-args.resp
    
    builtin-ScanDependencies -o /Users/khanghnguyen/Library/Developer/Xcode/DerivedData/Wishie-gavmeupfwiyxzhaiqkwzocyeeixy/Build/Intermediates.noindex/GTMSessionFetcher.build/Debug-iphoneos/GTMSessionFetcherCore.build/Objects-normal/arm64/resource_bundle_accessor.o.scan -- /Applications/Xcode.app/Contents/Developer/Toolchains/XcodeDefault.xctoolchain/usr/bin/clang -x objective-c -ivfsstatcache /Users/khanghnguyen/Library/Developer/Xcode/DerivedData/SDKStatCaches.noindex/iphoneos26.2-23C57-3794476bd08197c3e2abd9bb477ef7f7.sdkstatcache -fmessage-length\=0 -fdiagnostics-show-note-include-stack -fmacro-backtrace-limit\=0 -fno-color-diagnostics -fmodules-prune-interval\=86400 -fmodules-prune-after\=345600 -fbuild-session-file\=/Users/khanghnguyen/Library/Developer/Xcode/DerivedData/ModuleCache.noindex/Session.modulevalidation -fmodules-validate-once-per-build-session -Wnon-modular-include-in-framework-module -Werror\=non-modular-include-in-framework-module -Wno-trigraphs -Wno-missing-field-initializers -Wno-missing-prototypes -Wno-return-type -Wno-implicit-atomic-properties -Wno-objc-interface-ivars -Wno-arc-repeated-use-of-weak -Wno-missing-braces -Wparentheses -Wswitch -Wno-unused-function -Wno-unused-label -Wno-unused-parameter -Wno-unused-variable -Wunused-value -Wno-empty-body -Wno-uninitialized -Wno-unknown-pragmas -w -Wno-shadow -Wno-four-char-constants -Wno-conversion -Wno-constant-conversion -Wno-int-conversion -Wno-bool-conversion -Wno-enum-conversion -Wno-float-conversion -Wno-non-literal-null-conversion -Wno-objc-literal-conversion -Wshorten-64-to-32 -Wpointer-sign -Wno-newline-eof -Wno-selector -Wno-strict-selector-match -Wno-undeclared-selector -Wno-deprecated-implementations -Wno-implicit-fallthrough -fstrict-aliasing -Wprotocol -Wdeprecated-declarations -Wno-sign-conversion -Wno-infinite-recursion -Wno-comma -Wno-block-capture-autoreleasing -Wno-strict-prototypes -Wno-semicolon-before-method-body -index-store-path /Users/khanghnguyen/Library/Developer/Xcode/DerivedData/Wishie-gavmeupfwiyxzhaiqkwzocyeeixy/Index.noindex/DataStore @/Users/khanghnguyen/Library/Developer/Xcode/DerivedData/Wishie-gavmeupfwiyxzhaiqkwzocyeeixy/Build/Intermediates.noindex/GTMSessionFetcher.build/Debug-iphoneos/GTMSessionFetcherCore.build/Objects-normal/arm64/e6072d4f65d7061329687fe24e3d63a7-common-args.resp -include /Users/khanghnguyen/Library/Developer/Xcode/DerivedData/Wishie-gavmeupfwiyxzhaiqkwzocyeeixy/Build/Intermediates.noindex/GTMSessionFetcher.build/Debug-iphoneos/GTMSessionFetcherCore.build/DerivedSources/resource_bundle_accessor.h -MMD -MT dependencies -MF /Users/khanghnguyen/Library/Developer/Xcode/DerivedData/Wishie-gavmeupfwiyxzhaiqkwzocyeeixy/Build/Intermediates.noindex/GTMSessionFetcher.build/Debug-iphoneos/GTMSessionFetcherCore.build/Objects-normal/arm64/resource_bundle_accessor.d --serialize-diagnostics /Users/khanghnguyen/Library/Developer/Xcode/DerivedData/Wishie-gavmeupfwiyxzhaiqkwzocyeeixy/Build/Intermediates.noindex/GTMSessionFetcher.build/Debug-iphoneos/GTMSessionFetcherCore.build/Objects-normal/arm64/resource_bundle_accessor.dia -c /Users/khanghnguyen/Library/Developer/Xcode/DerivedData/Wishie-gavmeupfwiyxzhaiqkwzocyeeixy/Build/Intermediates.noindex/GTMSessionFetcher.build/Debug-iphoneos/GTMSessionFetcherCore.build/DerivedSources/resource_bundle_accessor.m -o /Users/khanghnguyen/Library/Developer/Xcode/DerivedData/Wishie-gavmeupfwiyxzhaiqkwzocyeeixy/Build/Intermediates.noindex/GTMSessionFetcher.build/Debug-iphoneos/GTMSessionFetcherCore.build/Objects-normal/arm64/resource_bundle_accessor.o -index-unit-output-path /GTMSessionFetcher.build/Debug-iphoneos/GTMSessionFetcherCore.build/Objects-normal/arm64/resource_bundle_accessor.o

ScanDependencies /Users/khanghnguyen/Library/Developer/Xcode/DerivedData/Wishie-gavmeupfwiyxzhaiqkwzocyeeixy/Build/Intermediates.noindex/GTMSessionFetcher.build/Debug-iphoneos/GTMSessionFetcherCore.build/Objects-normal/arm64/GTMSessionUploadFetcher.o /Users/khanghnguyen/Library/Developer/Xcode/DerivedData/Wishie-gavmeupfwiyxzhaiqkwzocyeeixy/SourcePackages/checkouts/gtm-session-fetcher/Sources/Core/GTMSessionUploadFetcher.m normal arm64 objective-c com.apple.compilers.llvm.clang.1_0.compiler (in target 'GTMSessionFetcherCore' from project 'GTMSessionFetcher')
    cd /Users/khanghnguyen/Downloads/Wishie/Wishie.xcodeproj
    
    Using response file: /Users/khanghnguyen/Library/Developer/Xcode/DerivedData/Wishie-gavmeupfwiyxzhaiqkwzocyeeixy/Build/Intermediates.noindex/GTMSessionFetcher.build/Debug-iphoneos/GTMSessionFetcherCore.build/Objects-normal/arm64/e6072d4f65d7061329687fe24e3d63a7-common-args.resp
    
    builtin-ScanDependencies -o /Users/khanghnguyen/Library/Developer/Xcode/DerivedData/Wishie-gavmeupfwiyxzhaiqkwzocyeeixy/Build/Intermediates.noindex/GTMSessionFetcher.build/Debug-iphoneos/GTMSessionFetcherCore.build/Objects-normal/arm64/GTMSessionUploadFetcher.o.scan -- /Applications/Xcode.app/Contents/Developer/Toolchains/XcodeDefault.xctoolchain/usr/bin/clang -x objective-c -ivfsstatcache /Users/khanghnguyen/Library/Developer/Xcode/DerivedData/SDKStatCaches.noindex/iphoneos26.2-23C57-3794476bd08197c3e2abd9bb477ef7f7.sdkstatcache -fmessage-length\=0 -fdiagnostics-show-note-include-stack -fmacro-backtrace-limit\=0 -fno-color-diagnostics -fmodules-prune-interval\=86400 -fmodules-prune-after\=345600 -fbuild-session-file\=/Users/khanghnguyen/Library/Developer/Xcode/DerivedData/ModuleCache.noindex/Session.modulevalidation -fmodules-validate-once-per-build-session -Wnon-modular-include-in-framework-module -Werror\=non-modular-include-in-framework-module -Wno-trigraphs -Wno-missing-field-initializers -Wno-missing-prototypes -Wno-return-type -Wno-implicit-atomic-properties -Wno-objc-interface-ivars -Wno-arc-repeated-use-of-weak -Wno-missing-braces -Wparentheses -Wswitch -Wno-unused-function -Wno-unused-label -Wno-unused-parameter -Wno-unused-variable -Wunused-value -Wno-empty-body -Wno-uninitialized -Wno-unknown-pragmas -w -Wno-shadow -Wno-four-char-constants -Wno-conversion -Wno-constant-conversion -Wno-int-conversion -Wno-bool-conversion -Wno-enum-conversion -Wno-float-conversion -Wno-non-literal-null-conversion -Wno-objc-literal-conversion -Wshorten-64-to-32 -Wpointer-sign -Wno-newline-eof -Wno-selector -Wno-strict-selector-match -Wno-undeclared-selector -Wno-deprecated-implementations -Wno-implicit-fallthrough -fstrict-aliasing -Wprotocol -Wdeprecated-declarations -Wno-sign-conversion -Wno-infinite-recursion -Wno-comma -Wno-block-capture-autoreleasing -Wno-strict-prototypes -Wno-semicolon-before-method-body -index-store-path /Users/khanghnguyen/Library/Developer/Xcode/DerivedData/Wishie-gavmeupfwiyxzhaiqkwzocyeeixy/Index.noindex/DataStore @/Users/khanghnguyen/Library/Developer/Xcode/DerivedData/Wishie-gavmeupfwiyxzhaiqkwzocyeeixy/Build/Intermediates.noindex/GTMSessionFetcher.build/Debug-iphoneos/GTMSessionFetcherCore.build/Objects-normal/arm64/e6072d4f65d7061329687fe24e3d63a7-common-args.resp -include /Users/khanghnguyen/Library/Developer/Xcode/DerivedData/Wishie-gavmeupfwiyxzhaiqkwzocyeeixy/Build/Intermediates.noindex/GTMSessionFetcher.build/Debug-iphoneos/GTMSessionFetcherCore.build/DerivedSources/resource_bundle_accessor.h -MMD -MT dependencies -MF /Users/khanghnguyen/Library/Developer/Xcode/DerivedData/Wishie-gavmeupfwiyxzhaiqkwzocyeeixy/Build/Intermediates.noindex/GTMSessionFetcher.build/Debug-iphoneos/GTMSessionFetcherCore.build/Objects-normal/arm64/GTMSessionUploadFetcher.d --serialize-diagnostics /Users/khanghnguyen/Library/Developer/Xcode/DerivedData/Wishie-gavmeupfwiyxzhaiqkwzocyeeixy/Build/Intermediates.noindex/GTMSessionFetcher.build/Debug-iphoneos/GTMSessionFetcherCore.build/Objects-normal/arm64/GTMSessionUploadFetcher.dia -c /Users/khanghnguyen/Library/Developer/Xcode/DerivedData/Wishie-gavmeupfwiyxzhaiqkwzocyeeixy/SourcePackages/checkouts/gtm-session-fetcher/Sources/Core/GTMSessionUploadFetcher.m -o /Users/khanghnguyen/Library/Developer/Xcode/DerivedData/Wishie-gavmeupfwiyxzhaiqkwzocyeeixy/Build/Intermediates.noindex/GTMSessionFetcher.build/Debug-iphoneos/GTMSessionFetcherCore.build/Objects-normal/arm64/GTMSessionUploadFetcher.o -index-unit-output-path /GTMSessionFetcher.build/Debug-iphoneos/GTMSessionFetcherCore.build/Objects-normal/arm64/GTMSessionUploadFetcher.o

CompileC /Users/khanghnguyen/Library/Developer/Xcode/DerivedData/Wishie-gavmeupfwiyxzhaiqkwzocyeeixy/Build/Intermediates.noindex/SDWebImage.build/Debug-iphoneos/SDWebImage.build/Objects-normal/arm64/resource_bundle_accessor.o /Users/khanghnguyen/Library/Developer/Xcode/DerivedData/Wishie-gavmeupfwiyxzhaiqkwzocyeeixy/Build/Intermediates.noindex/SDWebImage.build/Debug-iphoneos/SDWebImage.build/DerivedSources/resource_bundle_accessor.m normal arm64 objective-c com.apple.compilers.llvm.clang.1_0.compiler (in target 'SDWebImage' from project 'SDWebImage')
    cd /Users/khanghnguyen/Downloads/Wishie/Wishie.xcodeproj
    
    Using response file: /Users/khanghnguyen/Library/Developer/Xcode/DerivedData/Wishie-gavmeupfwiyxzhaiqkwzocyeeixy/Build/Intermediates.noindex/SDWebImage.build/Debug-iphoneos/SDWebImage.build/Objects-normal/arm64/e6072d4f65d7061329687fe24e3d63a7-common-args.resp
    
    /Applications/Xcode.app/Contents/Developer/Toolchains/XcodeDefault.xctoolchain/usr/bin/clang -x objective-c -ivfsstatcache /Users/khanghnguyen/Library/Developer/Xcode/DerivedData/SDKStatCaches.noindex/iphoneos26.2-23C57-3794476bd08197c3e2abd9bb477ef7f7.sdkstatcache -fmessage-length\=0 -fdiagnostics-show-note-include-stack -fmacro-backtrace-limit\=0 -fno-color-diagnostics -fmodules-prune-interval\=86400 -fmodules-prune-after\=345600 -fbuild-session-file\=/Users/khanghnguyen/Library/Developer/Xcode/DerivedData/ModuleCache.noindex/Session.modulevalidation -fmodules-validate-once-per-build-session -Wnon-modular-include-in-framework-module -Werror\=non-modular-include-in-framework-module -Wno-trigraphs -Wno-missing-field-initializers -Wno-missing-prototypes -Wno-return-type -Wno-implicit-atomic-properties -Wno-objc-interface-ivars -Wno-arc-repeated-use-of-weak -Wno-missing-braces -Wparentheses -Wswitch -Wno-unused-function -Wno-unused-label -Wno-unused-parameter -Wno-unused-variable -Wunused-value -Wno-empty-body -Wno-uninitialized -Wno-unknown-pragmas -w -Wno-shadow -Wno-four-char-constants -Wno-conversion -Wno-constant-conversion -Wno-int-conversion -Wno-bool-conversion -Wno-enum-conversion -Wno-float-conversion -Wno-non-literal-null-conversion -Wno-objc-literal-conversion -Wshorten-64-to-32 -Wpointer-sign -Wno-newline-eof -Wno-selector -Wno-strict-selector-match -Wno-undeclared-selector -Wno-deprecated-implementations -Wno-implicit-fallthrough -fstrict-aliasing -Wprotocol -Wdeprecated-declarations -Wno-sign-conversion -Wno-infinite-recursion -Wno-comma -Wno-block-capture-autoreleasing -Wno-strict-prototypes -Wno-semicolon-before-method-body -index-store-path /Users/khanghnguyen/Library/Developer/Xcode/DerivedData/Wishie-gavmeupfwiyxzhaiqkwzocyeeixy/Index.noindex/DataStore @/Users/khanghnguyen/Library/Developer/Xcode/DerivedData/Wishie-gavmeupfwiyxzhaiqkwzocyeeixy/Build/Intermediates.noindex/SDWebImage.build/Debug-iphoneos/SDWebImage.build/Objects-normal/arm64/e6072d4f65d7061329687fe24e3d63a7-common-args.resp -include /Users/khanghnguyen/Library/Developer/Xcode/DerivedData/Wishie-gavmeupfwiyxzhaiqkwzocyeeixy/Build/Intermediates.noindex/SDWebImage.build/Debug-iphoneos/SDWebImage.build/DerivedSources/resource_bundle_accessor.h -MMD -MT dependencies -MF /Users/khanghnguyen/Library/Developer/Xcode/DerivedData/Wishie-gavmeupfwiyxzhaiqkwzocyeeixy/Build/Intermediates.noindex/SDWebImage.build/Debug-iphoneos/SDWebImage.build/Objects-normal/arm64/resource_bundle_accessor.d --serialize-diagnostics /Users/khanghnguyen/Library/Developer/Xcode/DerivedData/Wishie-gavmeupfwiyxzhaiqkwzocyeeixy/Build/Intermediates.noindex/SDWebImage.build/Debug-iphoneos/SDWebImage.build/Objects-normal/arm64/resource_bundle_accessor.dia -c /Users/khanghnguyen/Library/Developer/Xcode/DerivedData/Wishie-gavmeupfwiyxzhaiqkwzocyeeixy/Build/Intermediates.noindex/SDWebImage.build/Debug-iphoneos/SDWebImage.build/DerivedSources/resource_bundle_accessor.m -o /Users/khanghnguyen/Library/Developer/Xcode/DerivedData/Wishie-gavmeupfwiyxzhaiqkwzocyeeixy/Build/Intermediates.noindex/SDWebImage.build/Debug-iphoneos/SDWebImage.build/Objects-normal/arm64/resource_bundle_accessor.o -index-unit-output-path /SDWebImage.build/Debug-iphoneos/SDWebImage.build/Objects-normal/arm64/resource_bundle_accessor.o

CompileC /Users/khanghnguyen/Library/Developer/Xcode/DerivedData/Wishie-gavmeupfwiyxzhaiqkwzocyeeixy/Build/Intermediates.noindex/SDWebImage.build/Debug-iphoneos/SDWebImage.build/Objects-normal/arm64/SDWebImageOperation.o /Users/khanghnguyen/Library/Developer/Xcode/DerivedData/Wishie-gavmeupfwiyxzhaiqkwzocyeeixy/SourcePackages/checkouts/SDWebImage/SDWebImage/Core/SDWebImageOperation.m normal arm64 objective-c com.apple.compilers.llvm.clang.1_0.compiler (in target 'SDWebImage' from project 'SDWebImage')
    cd /Users/khanghnguyen/Downloads/Wishie/Wishie.xcodeproj
    
    Using response file: /Users/khanghnguyen/Library/Developer/Xcode/DerivedData/Wishie-gavmeupfwiyxzhaiqkwzocyeeixy/Build/Intermediates.noindex/SDWebImage.build/Debug-iphoneos/SDWebImage.build/Objects-normal/arm64/e6072d4f65d7061329687fe24e3d63a7-common-args.resp
    
    /Applications/Xcode.app/Contents/Developer/Toolchains/XcodeDefault.xctoolchain/usr/bin/clang -x objective-c -ivfsstatcache /Users/khanghnguyen/Library/Developer/Xcode/DerivedData/SDKStatCaches.noindex/iphoneos26.2-23C57-3794476bd08197c3e2abd9bb477ef7f7.sdkstatcache -fmessage-length\=0 -fdiagnostics-show-note-include-stack -fmacro-backtrace-limit\=0 -fno-color-diagnostics -fmodules-prune-interval\=86400 -fmodules-prune-after\=345600 -fbuild-session-file\=/Users/khanghnguyen/Library/Developer/Xcode/DerivedData/ModuleCache.noindex/Session.modulevalidation -fmodules-validate-once-per-build-session -Wnon-modular-include-in-framework-module -Werror\=non-modular-include-in-framework-module -Wno-trigraphs -Wno-missing-field-initializers -Wno-missing-prototypes -Wno-return-type -Wno-implicit-atomic-properties -Wno-objc-interface-ivars -Wno-arc-repeated-use-of-weak -Wno-missing-braces -Wparentheses -Wswitch -Wno-unused-function -Wno-unused-label -Wno-unused-parameter -Wno-unused-variable -Wunused-value -Wno-empty-body -Wno-uninitialized -Wno-unknown-pragmas -w -Wno-shadow -Wno-four-char-constants -Wno-conversion -Wno-constant-conversion -Wno-int-conversion -Wno-bool-conversion -Wno-enum-conversion -Wno-float-conversion -Wno-non-literal-null-conversion -Wno-objc-literal-conversion -Wshorten-64-to-32 -Wpointer-sign -Wno-newline-eof -Wno-selector -Wno-strict-selector-match -Wno-undeclared-selector -Wno-deprecated-implementations -Wno-implicit-fallthrough -fstrict-aliasing -Wprotocol -Wdeprecated-declarations -Wno-sign-conversion -Wno-infinite-recursion -Wno-comma -Wno-block-capture-autoreleasing -Wno-strict-prototypes -Wno-semicolon-before-method-body -index-store-path /Users/khanghnguyen/Library/Developer/Xcode/DerivedData/Wishie-gavmeupfwiyxzhaiqkwzocyeeixy/Index.noindex/DataStore @/Users/khanghnguyen/Library/Developer/Xcode/DerivedData/Wishie-gavmeupfwiyxzhaiqkwzocyeeixy/Build/Intermediates.noindex/SDWebImage.build/Debug-iphoneos/SDWebImage.build/Objects-normal/arm64/e6072d4f65d7061329687fe24e3d63a7-common-args.resp -include /Users/khanghnguyen/Library/Developer/Xcode/DerivedData/Wishie-gavmeupfwiyxzhaiqkwzocyeeixy/Build/Intermediates.noindex/SDWebImage.build/Debug-iphoneos/SDWebImage.build/DerivedSources/resource_bundle_accessor.h -MMD -MT dependencies -MF /Users/khanghnguyen/Library/Developer/Xcode/DerivedData/Wishie-gavmeupfwiyxzhaiqkwzocyeeixy/Build/Intermediates.noindex/SDWebImage.build/Debug-iphoneos/SDWebImage.build/Objects-normal/arm64/SDWebImageOperation.d --serialize-diagnostics /Users/khanghnguyen/Library/Developer/Xcode/DerivedData/Wishie-gavmeupfwiyxzhaiqkwzocyeeixy/Build/Intermediates.noindex/SDWebImage.build/Debug-iphoneos/SDWebImage.build/Objects-normal/arm64/SDWebImageOperation.dia -c /Users/khanghnguyen/Library/Developer/Xcode/DerivedData/Wishie-gavmeupfwiyxzhaiqkwzocyeeixy/SourcePackages/checkouts/SDWebImage/SDWebImage/Core/SDWebImageOperation.m -o /Users/khanghnguyen/Library/Developer/Xcode/DerivedData/Wishie-gavmeupfwiyxzhaiqkwzocyeeixy/Build/Intermediates.noindex/SDWebImage.build/Debug-iphoneos/SDWebImage.build/Objects-normal/arm64/SDWebImageOperation.o -index-unit-output-path /SDWebImage.build/Debug-iphoneos/SDWebImage.build/Objects-normal/arm64/SDWebImageOperation.o

CompileC /Users/khanghnguyen/Library/Developer/Xcode/DerivedData/Wishie-gavmeupfwiyxzhaiqkwzocyeeixy/Build/Intermediates.noindex/SDWebImage.build/Debug-iphoneos/SDWebImage.build/Objects-normal/arm64/SDInternalMacros.o /Users/khanghnguyen/Library/Developer/Xcode/DerivedData/Wishie-gavmeupfwiyxzhaiqkwzocyeeixy/SourcePackages/checkouts/SDWebImage/SDWebImage/Private/SDInternalMacros.m normal arm64 objective-c com.apple.compilers.llvm.clang.1_0.compiler (in target 'SDWebImage' from project 'SDWebImage')
    cd /Users/khanghnguyen/Downloads/Wishie/Wishie.xcodeproj
    
    Using response file: /Users/khanghnguyen/Library/Developer/Xcode/DerivedData/Wishie-gavmeupfwiyxzhaiqkwzocyeeixy/Build/Intermediates.noindex/SDWebImage.build/Debug-iphoneos/SDWebImage.build/Objects-normal/arm64/e6072d4f65d7061329687fe24e3d63a7-common-args.resp
    
    /Applications/Xcode.app/Contents/Developer/Toolchains/XcodeDefault.xctoolchain/usr/bin/clang -x objective-c -ivfsstatcache /Users/khanghnguyen/Library/Developer/Xcode/DerivedData/SDKStatCaches.noindex/iphoneos26.2-23C57-3794476bd08197c3e2abd9bb477ef7f7.sdkstatcache -fmessage-length\=0 -fdiagnostics-show-note-include-stack -fmacro-backtrace-limit\=0 -fno-color-diagnostics -fmodules-prune-interval\=86400 -fmodules-prune-after\=345600 -fbuild-session-file\=/Users/khanghnguyen/Library/Developer/Xcode/DerivedData/ModuleCache.noindex/Session.modulevalidation -fmodules-validate-once-per-build-session -Wnon-modular-include-in-framework-module -Werror\=non-modular-include-in-framework-module -Wno-trigraphs -Wno-missing-field-initializers -Wno-missing-prototypes -Wno-return-type -Wno-implicit-atomic-properties -Wno-objc-interface-ivars -Wno-arc-repeated-use-of-weak -Wno-missing-braces -Wparentheses -Wswitch -Wno-unused-function -Wno-unused-label -Wno-unused-parameter -Wno-unused-variable -Wunused-value -Wno-empty-body -Wno-uninitialized -Wno-unknown-pragmas -w -Wno-shadow -Wno-four-char-constants -Wno-conversion -Wno-constant-conversion -Wno-int-conversion -Wno-bool-conversion -Wno-enum-conversion -Wno-float-conversion -Wno-non-literal-null-conversion -Wno-objc-literal-conversion -Wshorten-64-to-32 -Wpointer-sign -Wno-newline-eof -Wno-selector -Wno-strict-selector-match -Wno-undeclared-selector -Wno-deprecated-implementations -Wno-implicit-fallthrough -fstrict-aliasing -Wprotocol -Wdeprecated-declarations -Wno-sign-conversion -Wno-infinite-recursion -Wno-comma -Wno-block-capture-autoreleasing -Wno-strict-prototypes -Wno-semicolon-before-method-body -index-store-path /Users/khanghnguyen/Library/Developer/Xcode/DerivedData/Wishie-gavmeupfwiyxzhaiqkwzocyeeixy/Index.noindex/DataStore @/Users/khanghnguyen/Library/Developer/Xcode/DerivedData/Wishie-gavmeupfwiyxzhaiqkwzocyeeixy/Build/Intermediates.noindex/SDWebImage.build/Debug-iphoneos/SDWebImage.build/Objects-normal/arm64/e6072d4f65d7061329687fe24e3d63a7-common-args.resp -include /Users/khanghnguyen/Library/Developer/Xcode/DerivedData/Wishie-gavmeupfwiyxzhaiqkwzocyeeixy/Build/Intermediates.noindex/SDWebImage.build/Debug-iphoneos/SDWebImage.build/DerivedSources/resource_bundle_accessor.h -MMD -MT dependencies -MF /Users/khanghnguyen/Library/Developer/Xcode/DerivedData/Wishie-gavmeupfwiyxzhaiqkwzocyeeixy/Build/Intermediates.noindex/SDWebImage.build/Debug-iphoneos/SDWebImage.build/Objects-normal/arm64/SDInternalMacros.d --serialize-diagnostics /Users/khanghnguyen/Library/Developer/Xcode/DerivedData/Wishie-gavmeupfwiyxzhaiqkwzocyeeixy/Build/Intermediates.noindex/SDWebImage.build/Debug-iphoneos/SDWebImage.build/Objects-normal/arm64/SDInternalMacros.dia -c /Users/khanghnguyen/Library/Developer/Xcode/DerivedData/Wishie-gavmeupfwiyxzhaiqkwzocyeeixy/SourcePackages/checkouts/SDWebImage/SDWebImage/Private/SDInternalMacros.m -o /Users/khanghnguyen/Library/Developer/Xcode/DerivedData/Wishie-gavmeupfwiyxzhaiqkwzocyeeixy/Build/Intermediates.noindex/SDWebImage.build/Debug-iphoneos/SDWebImage.build/Objects-normal/arm64/SDInternalMacros.o -index-unit-output-path /SDWebImage.build/Debug-iphoneos/SDWebImage.build/Objects-normal/arm64/SDInternalMacros.o

SwiftDriverJobDiscovery normal arm64 Compiling HTTPRequest.swift (in target 'HTTPTypes' from project 'swift-http-types')

CompileC /Users/khanghnguyen/Library/Developer/Xcode/DerivedData/Wishie-gavmeupfwiyxzhaiqkwzocyeeixy/Build/Intermediates.noindex/SDWebImage.build/Debug-iphoneos/SDWebImage.build/Objects-normal/arm64/SDFileAttributeHelper.o /Users/khanghnguyen/Library/Developer/Xcode/DerivedData/Wishie-gavmeupfwiyxzhaiqkwzocyeeixy/SourcePackages/checkouts/SDWebImage/SDWebImage/Private/SDFileAttributeHelper.m normal arm64 objective-c com.apple.compilers.llvm.clang.1_0.compiler (in target 'SDWebImage' from project 'SDWebImage')
    cd /Users/khanghnguyen/Downloads/Wishie/Wishie.xcodeproj
    
    Using response file: /Users/khanghnguyen/Library/Developer/Xcode/DerivedData/Wishie-gavmeupfwiyxzhaiqkwzocyeeixy/Build/Intermediates.noindex/SDWebImage.build/Debug-iphoneos/SDWebImage.build/Objects-normal/arm64/e6072d4f65d7061329687fe24e3d63a7-common-args.resp
    
    /Applications/Xcode.app/Contents/Developer/Toolchains/XcodeDefault.xctoolchain/usr/bin/clang -x objective-c -ivfsstatcache /Users/khanghnguyen/Library/Developer/Xcode/DerivedData/SDKStatCaches.noindex/iphoneos26.2-23C57-3794476bd08197c3e2abd9bb477ef7f7.sdkstatcache -fmessage-length\=0 -fdiagnostics-show-note-include-stack -fmacro-backtrace-limit\=0 -fno-color-diagnostics -fmodules-prune-interval\=86400 -fmodules-prune-after\=345600 -fbuild-session-file\=/Users/khanghnguyen/Library/Developer/Xcode/DerivedData/ModuleCache.noindex/Session.modulevalidation -fmodules-validate-once-per-build-session -Wnon-modular-include-in-framework-module -Werror\=non-modular-include-in-framework-module -Wno-trigraphs -Wno-missing-field-initializers -Wno-missing-prototypes -Wno-return-type -Wno-implicit-atomic-properties -Wno-objc-interface-ivars -Wno-arc-repeated-use-of-weak -Wno-missing-braces -Wparentheses -Wswitch -Wno-unused-function -Wno-unused-label -Wno-unused-parameter -Wno-unused-variable -Wunused-value -Wno-empty-body -Wno-uninitialized -Wno-unknown-pragmas -w -Wno-shadow -Wno-four-char-constants -Wno-conversion -Wno-constant-conversion -Wno-int-conversion -Wno-bool-conversion -Wno-enum-conversion -Wno-float-conversion -Wno-non-literal-null-conversion -Wno-objc-literal-conversion -Wshorten-64-to-32 -Wpointer-sign -Wno-newline-eof -Wno-selector -Wno-strict-selector-match -Wno-undeclared-selector -Wno-deprecated-implementations -Wno-implicit-fallthrough -fstrict-aliasing -Wprotocol -Wdeprecated-declarations -Wno-sign-conversion -Wno-infinite-recursion -Wno-comma -Wno-block-capture-autoreleasing -Wno-strict-prototypes -Wno-semicolon-before-method-body -index-store-path /Users/khanghnguyen/Library/Developer/Xcode/DerivedData/Wishie-gavmeupfwiyxzhaiqkwzocyeeixy/Index.noindex/DataStore @/Users/khanghnguyen/Library/Developer/Xcode/DerivedData/Wishie-gavmeupfwiyxzhaiqkwzocyeeixy/Build/Intermediates.noindex/SDWebImage.build/Debug-iphoneos/SDWebImage.build/Objects-normal/arm64/e6072d4f65d7061329687fe24e3d63a7-common-args.resp -include /Users/khanghnguyen/Library/Developer/Xcode/DerivedData/Wishie-gavmeupfwiyxzhaiqkwzocyeeixy/Build/Intermediates.noindex/SDWebImage.build/Debug-iphoneos/SDWebImage.build/DerivedSources/resource_bundle_accessor.h -MMD -MT dependencies -MF /Users/khanghnguyen/Library/Developer/Xcode/DerivedData/Wishie-gavmeupfwiyxzhaiqkwzocyeeixy/Build/Intermediates.noindex/SDWebImage.build/Debug-iphoneos/SDWebImage.build/Objects-normal/arm64/SDFileAttributeHelper.d --serialize-diagnostics /Users/khanghnguyen/Library/Developer/Xcode/DerivedData/Wishie-gavmeupfwiyxzhaiqkwzocyeeixy/Build/Intermediates.noindex/SDWebImage.build/Debug-iphoneos/SDWebImage.build/Objects-normal/arm64/SDFileAttributeHelper.dia -c /Users/khanghnguyen/Library/Developer/Xcode/DerivedData/Wishie-gavmeupfwiyxzhaiqkwzocyeeixy/SourcePackages/checkouts/SDWebImage/SDWebImage/Private/SDFileAttributeHelper.m -o /Users/khanghnguyen/Library/Developer/Xcode/DerivedData/Wishie-gavmeupfwiyxzhaiqkwzocyeeixy/Build/Intermediates.noindex/SDWebImage.build/Debug-iphoneos/SDWebImage.build/Objects-normal/arm64/SDFileAttributeHelper.o -index-unit-output-path /SDWebImage.build/Debug-iphoneos/SDWebImage.build/Objects-normal/arm64/SDFileAttributeHelper.o

PrecompileModule /Users/khanghnguyen/Library/Developer/Xcode/DerivedData/Wishie-gavmeupfwiyxzhaiqkwzocyeeixy/Build/Intermediates.noindex/ExplicitPrecompiledModules/IOSurface-2K5U8U0S56T2MHFC16XR4KX0T.scan
    cd /
    builtin-precompileModule /Users/khanghnguyen/Library/Developer/Xcode/DerivedData/Wishie-gavmeupfwiyxzhaiqkwzocyeeixy/Build/Intermediates.noindex/ExplicitPrecompiledModules/IOSurface-2K5U8U0S56T2MHFC16XR4KX0T.scan

CompileC /Users/khanghnguyen/Library/Developer/Xcode/DerivedData/Wishie-gavmeupfwiyxzhaiqkwzocyeeixy/Build/Intermediates.noindex/leveldb.build/Debug-iphoneos/leveldb.build/Objects-normal/arm64/resource_bundle_accessor.o /Users/khanghnguyen/Library/Developer/Xcode/DerivedData/Wishie-gavmeupfwiyxzhaiqkwzocyeeixy/Build/Intermediates.noindex/leveldb.build/Debug-iphoneos/leveldb.build/DerivedSources/resource_bundle_accessor.m normal arm64 objective-c com.apple.compilers.llvm.clang.1_0.compiler (in target 'leveldb' from project 'leveldb')
    cd /Users/khanghnguyen/Downloads/Wishie/Wishie.xcodeproj
    
    Using response file: /Users/khanghnguyen/Library/Developer/Xcode/DerivedData/Wishie-gavmeupfwiyxzhaiqkwzocyeeixy/Build/Intermediates.noindex/leveldb.build/Debug-iphoneos/leveldb.build/Objects-normal/arm64/e6072d4f65d7061329687fe24e3d63a7-common-args.resp
    
    /Applications/Xcode.app/Contents/Developer/Toolchains/XcodeDefault.xctoolchain/usr/bin/clang -x objective-c -ivfsstatcache /Users/khanghnguyen/Library/Developer/Xcode/DerivedData/SDKStatCaches.noindex/iphoneos26.2-23C57-3794476bd08197c3e2abd9bb477ef7f7.sdkstatcache -fmessage-length\=0 -fdiagnostics-show-note-include-stack -fmacro-backtrace-limit\=0 -fno-color-diagnostics -fmodules-prune-interval\=86400 -fmodules-prune-after\=345600 -fbuild-session-file\=/Users/khanghnguyen/Library/Developer/Xcode/DerivedData/ModuleCache.noindex/Session.modulevalidation -fmodules-validate-once-per-build-session -Wnon-modular-include-in-framework-module -Werror\=non-modular-include-in-framework-module -Wno-trigraphs -Wno-missing-field-initializers -Wno-missing-prototypes -Wno-return-type -Wno-implicit-atomic-properties -Wno-objc-interface-ivars -Wno-arc-repeated-use-of-weak -Wno-missing-braces -Wparentheses -Wswitch -Wno-unused-function -Wno-unused-label -Wno-unused-parameter -Wno-unused-variable -Wunused-value -Wno-empty-body -Wno-uninitialized -Wno-unknown-pragmas -w -Wno-shadow -Wno-four-char-constants -Wno-conversion -Wno-constant-conversion -Wno-int-conversion -Wno-bool-conversion -Wno-enum-conversion -Wno-float-conversion -Wno-non-literal-null-conversion -Wno-objc-literal-conversion -Wshorten-64-to-32 -Wpointer-sign -Wno-newline-eof -Wno-selector -Wno-strict-selector-match -Wno-undeclared-selector -Wno-deprecated-implementations -Wno-implicit-fallthrough -fstrict-aliasing -Wprotocol -Wdeprecated-declarations -Wno-sign-conversion -Wno-infinite-recursion -Wno-comma -Wno-block-capture-autoreleasing -Wno-strict-prototypes -Wno-semicolon-before-method-body -index-store-path /Users/khanghnguyen/Library/Developer/Xcode/DerivedData/Wishie-gavmeupfwiyxzhaiqkwzocyeeixy/Index.noindex/DataStore @/Users/khanghnguyen/Library/Developer/Xcode/DerivedData/Wishie-gavmeupfwiyxzhaiqkwzocyeeixy/Build/Intermediates.noindex/leveldb.build/Debug-iphoneos/leveldb.build/Objects-normal/arm64/e6072d4f65d7061329687fe24e3d63a7-common-args.resp -include /Users/khanghnguyen/Library/Developer/Xcode/DerivedData/Wishie-gavmeupfwiyxzhaiqkwzocyeeixy/Build/Intermediates.noindex/leveldb.build/Debug-iphoneos/leveldb.build/DerivedSources/resource_bundle_accessor.h -MMD -MT dependencies -MF /Users/khanghnguyen/Library/Developer/Xcode/DerivedData/Wishie-gavmeupfwiyxzhaiqkwzocyeeixy/Build/Intermediates.noindex/leveldb.build/Debug-iphoneos/leveldb.build/Objects-normal/arm64/resource_bundle_accessor.d --serialize-diagnostics /Users/khanghnguyen/Library/Developer/Xcode/DerivedData/Wishie-gavmeupfwiyxzhaiqkwzocyeeixy/Build/Intermediates.noindex/leveldb.build/Debug-iphoneos/leveldb.build/Objects-normal/arm64/resource_bundle_accessor.dia -c /Users/khanghnguyen/Library/Developer/Xcode/DerivedData/Wishie-gavmeupfwiyxzhaiqkwzocyeeixy/Build/Intermediates.noindex/leveldb.build/Debug-iphoneos/leveldb.build/DerivedSources/resource_bundle_accessor.m -o /Users/khanghnguyen/Library/Developer/Xcode/DerivedData/Wishie-gavmeupfwiyxzhaiqkwzocyeeixy/Build/Intermediates.noindex/leveldb.build/Debug-iphoneos/leveldb.build/Objects-normal/arm64/resource_bundle_accessor.o -index-unit-output-path /leveldb.build/Debug-iphoneos/leveldb.build/Objects-normal/arm64/resource_bundle_accessor.o

PrecompileModule /Users/khanghnguyen/Library/Developer/Xcode/DerivedData/Wishie-gavmeupfwiyxzhaiqkwzocyeeixy/Build/Intermediates.noindex/ExplicitPrecompiledModules/ptrauth-B6EFQT90GEXUZY0P6EKKD1V7F.scan
    cd /
    builtin-precompileModule /Users/khanghnguyen/Library/Developer/Xcode/DerivedData/Wishie-gavmeupfwiyxzhaiqkwzocyeeixy/Build/Intermediates.noindex/ExplicitPrecompiledModules/ptrauth-B6EFQT90GEXUZY0P6EKKD1V7F.scan

PrecompileModule /Users/khanghnguyen/Library/Developer/Xcode/DerivedData/Wishie-gavmeupfwiyxzhaiqkwzocyeeixy/Build/Intermediates.noindex/ExplicitPrecompiledModules/FileProvider-5P92VIDSUWO0CBTGGGY1Y9BWF.scan
    cd /
    builtin-precompileModule /Users/khanghnguyen/Library/Developer/Xcode/DerivedData/Wishie-gavmeupfwiyxzhaiqkwzocyeeixy/Build/Intermediates.noindex/ExplicitPrecompiledModules/FileProvider-5P92VIDSUWO0CBTGGGY1Y9BWF.scan

SwiftDriverJobDiscovery normal arm64 Compiling HTTPResponse.swift (in target 'HTTPTypes' from project 'swift-http-types')

PrecompileModule /Users/khanghnguyen/Library/Developer/Xcode/DerivedData/Wishie-gavmeupfwiyxzhaiqkwzocyeeixy/Build/Intermediates.noindex/ExplicitPrecompiledModules/UIUtilities-CF2ZQDDQNN8FIKWXOTK1K9V9F.scan
    cd /
    builtin-precompileModule /Users/khanghnguyen/Library/Developer/Xcode/DerivedData/Wishie-gavmeupfwiyxzhaiqkwzocyeeixy/Build/Intermediates.noindex/ExplicitPrecompiledModules/UIUtilities-CF2ZQDDQNN8FIKWXOTK1K9V9F.scan

PrecompileModule /Users/khanghnguyen/Library/Developer/Xcode/DerivedData/Wishie-gavmeupfwiyxzhaiqkwzocyeeixy/Build/Intermediates.noindex/ExplicitPrecompiledModules/Symbols-43ZTEJEWJXEHEKN69X61PY90N.scan
    cd /
    builtin-precompileModule /Users/khanghnguyen/Library/Developer/Xcode/DerivedData/Wishie-gavmeupfwiyxzhaiqkwzocyeeixy/Build/Intermediates.noindex/ExplicitPrecompiledModules/Symbols-43ZTEJEWJXEHEKN69X61PY90N.scan

PrecompileModule /Users/khanghnguyen/Library/Developer/Xcode/DerivedData/Wishie-gavmeupfwiyxzhaiqkwzocyeeixy/Build/Intermediates.noindex/ExplicitPrecompiledModules/os_object-2WEWYR0MY8H5HIDLQSL7P8MF4.scan
    cd /
    builtin-precompileModule /Users/khanghnguyen/Library/Developer/Xcode/DerivedData/Wishie-gavmeupfwiyxzhaiqkwzocyeeixy/Build/Intermediates.noindex/ExplicitPrecompiledModules/os_object-2WEWYR0MY8H5HIDLQSL7P8MF4.scan

PrecompileModule /Users/khanghnguyen/Library/Developer/Xcode/DerivedData/Wishie-gavmeupfwiyxzhaiqkwzocyeeixy/Build/Intermediates.noindex/ExplicitPrecompiledModules/zlib-43OUQNH4VAHRNV42QA8D07AF4.scan
    cd /
    builtin-precompileModule /Users/khanghnguyen/Library/Developer/Xcode/DerivedData/Wishie-gavmeupfwiyxzhaiqkwzocyeeixy/Build/Intermediates.noindex/ExplicitPrecompiledModules/zlib-43OUQNH4VAHRNV42QA8D07AF4.scan

CompileC /Users/khanghnguyen/Library/Developer/Xcode/DerivedData/Wishie-gavmeupfwiyxzhaiqkwzocyeeixy/Build/Intermediates.noindex/nanopb.build/Debug-iphoneos/nanopb.build/Objects-normal/arm64/resource_bundle_accessor.o /Users/khanghnguyen/Library/Developer/Xcode/DerivedData/Wishie-gavmeupfwiyxzhaiqkwzocyeeixy/Build/Intermediates.noindex/nanopb.build/Debug-iphoneos/nanopb.build/DerivedSources/resource_bundle_accessor.m normal arm64 objective-c com.apple.compilers.llvm.clang.1_0.compiler (in target 'nanopb' from project 'nanopb')
    cd /Users/khanghnguyen/Downloads/Wishie/Wishie.xcodeproj
    
    Using response file: /Users/khanghnguyen/Library/Developer/Xcode/DerivedData/Wishie-gavmeupfwiyxzhaiqkwzocyeeixy/Build/Intermediates.noindex/nanopb.build/Debug-iphoneos/nanopb.build/Objects-normal/arm64/e6072d4f65d7061329687fe24e3d63a7-common-args.resp
    
    /Applications/Xcode.app/Contents/Developer/Toolchains/XcodeDefault.xctoolchain/usr/bin/clang -x objective-c -ivfsstatcache /Users/khanghnguyen/Library/Developer/Xcode/DerivedData/SDKStatCaches.noindex/iphoneos26.2-23C57-3794476bd08197c3e2abd9bb477ef7f7.sdkstatcache -fmessage-length\=0 -fdiagnostics-show-note-include-stack -fmacro-backtrace-limit\=0 -fno-color-diagnostics -fmodules-prune-interval\=86400 -fmodules-prune-after\=345600 -fbuild-session-file\=/Users/khanghnguyen/Library/Developer/Xcode/DerivedData/ModuleCache.noindex/Session.modulevalidation -fmodules-validate-once-per-build-session -Wnon-modular-include-in-framework-module -Werror\=non-modular-include-in-framework-module -Wno-trigraphs -Wno-missing-field-initializers -Wno-missing-prototypes -Wno-return-type -Wno-implicit-atomic-properties -Wno-objc-interface-ivars -Wno-arc-repeated-use-of-weak -Wno-missing-braces -Wparentheses -Wswitch -Wno-unused-function -Wno-unused-label -Wno-unused-parameter -Wno-unused-variable -Wunused-value -Wno-empty-body -Wno-uninitialized -Wno-unknown-pragmas -w -Wno-shadow -Wno-four-char-constants -Wno-conversion -Wno-constant-conversion -Wno-int-conversion -Wno-bool-conversion -Wno-enum-conversion -Wno-float-conversion -Wno-non-literal-null-conversion -Wno-objc-literal-conversion -Wshorten-64-to-32 -Wpointer-sign -Wno-newline-eof -Wno-selector -Wno-strict-selector-match -Wno-undeclared-selector -Wno-deprecated-implementations -Wno-implicit-fallthrough -fstrict-aliasing -Wprotocol -Wdeprecated-declarations -Wno-sign-conversion -Wno-infinite-recursion -Wno-comma -Wno-block-capture-autoreleasing -Wno-strict-prototypes -Wno-semicolon-before-method-body -index-store-path /Users/khanghnguyen/Library/Developer/Xcode/DerivedData/Wishie-gavmeupfwiyxzhaiqkwzocyeeixy/Index.noindex/DataStore @/Users/khanghnguyen/Library/Developer/Xcode/DerivedData/Wishie-gavmeupfwiyxzhaiqkwzocyeeixy/Build/Intermediates.noindex/nanopb.build/Debug-iphoneos/nanopb.build/Objects-normal/arm64/e6072d4f65d7061329687fe24e3d63a7-common-args.resp -include /Users/khanghnguyen/Library/Developer/Xcode/DerivedData/Wishie-gavmeupfwiyxzhaiqkwzocyeeixy/Build/Intermediates.noindex/nanopb.build/Debug-iphoneos/nanopb.build/DerivedSources/resource_bundle_accessor.h -MMD -MT dependencies -MF /Users/khanghnguyen/Library/Developer/Xcode/DerivedData/Wishie-gavmeupfwiyxzhaiqkwzocyeeixy/Build/Intermediates.noindex/nanopb.build/Debug-iphoneos/nanopb.build/Objects-normal/arm64/resource_bundle_accessor.d --serialize-diagnostics /Users/khanghnguyen/Library/Developer/Xcode/DerivedData/Wishie-gavmeupfwiyxzhaiqkwzocyeeixy/Build/Intermediates.noindex/nanopb.build/Debug-iphoneos/nanopb.build/Objects-normal/arm64/resource_bundle_accessor.dia -c /Users/khanghnguyen/Library/Developer/Xcode/DerivedData/Wishie-gavmeupfwiyxzhaiqkwzocyeeixy/Build/Intermediates.noindex/nanopb.build/Debug-iphoneos/nanopb.build/DerivedSources/resource_bundle_accessor.m -o /Users/khanghnguyen/Library/Developer/Xcode/DerivedData/Wishie-gavmeupfwiyxzhaiqkwzocyeeixy/Build/Intermediates.noindex/nanopb.build/Debug-iphoneos/nanopb.build/Objects-normal/arm64/resource_bundle_accessor.o -index-unit-output-path /nanopb.build/Debug-iphoneos/nanopb.build/Objects-normal/arm64/resource_bundle_accessor.o

PrecompileModule /Users/khanghnguyen/Library/Developer/Xcode/DerivedData/Wishie-gavmeupfwiyxzhaiqkwzocyeeixy/Build/Intermediates.noindex/ExplicitPrecompiledModules/Metal-5CJQFQBJ4Z5J6OLVA2QNHWAQF.scan
    cd /
    builtin-precompileModule /Users/khanghnguyen/Library/Developer/Xcode/DerivedData/Wishie-gavmeupfwiyxzhaiqkwzocyeeixy/Build/Intermediates.noindex/ExplicitPrecompiledModules/Metal-5CJQFQBJ4Z5J6OLVA2QNHWAQF.scan

PrecompileModule /Users/khanghnguyen/Library/Developer/Xcode/DerivedData/Wishie-gavmeupfwiyxzhaiqkwzocyeeixy/Build/Intermediates.noindex/ExplicitPrecompiledModules/ptrauth-AW6LOLCBITN75UWBEQVOCCYLG.scan
    cd /
    builtin-precompileModule /Users/khanghnguyen/Library/Developer/Xcode/DerivedData/Wishie-gavmeupfwiyxzhaiqkwzocyeeixy/Build/Intermediates.noindex/ExplicitPrecompiledModules/ptrauth-AW6LOLCBITN75UWBEQVOCCYLG.scan

PrecompileModule /Users/khanghnguyen/Library/Developer/Xcode/DerivedData/Wishie-gavmeupfwiyxzhaiqkwzocyeeixy/Build/Intermediates.noindex/ExplicitPrecompiledModules/_Builtin_float-3CJAJSEJPSE3T7C5466FR4GE2.scan
    cd /
    builtin-precompileModule /Users/khanghnguyen/Library/Developer/Xcode/DerivedData/Wishie-gavmeupfwiyxzhaiqkwzocyeeixy/Build/Intermediates.noindex/ExplicitPrecompiledModules/_Builtin_float-3CJAJSEJPSE3T7C5466FR4GE2.scan

PrecompileModule /Users/khanghnguyen/Library/Developer/Xcode/DerivedData/Wishie-gavmeupfwiyxzhaiqkwzocyeeixy/Build/Intermediates.noindex/ExplicitPrecompiledModules/ptrcheck-5ZSFF87MSRFK19VS6J7S6QH0O.scan
    cd /
    builtin-precompileModule /Users/khanghnguyen/Library/Developer/Xcode/DerivedData/Wishie-gavmeupfwiyxzhaiqkwzocyeeixy/Build/Intermediates.noindex/ExplicitPrecompiledModules/ptrcheck-5ZSFF87MSRFK19VS6J7S6QH0O.scan

PrecompileModule /Users/khanghnguyen/Library/Developer/Xcode/DerivedData/Wishie-gavmeupfwiyxzhaiqkwzocyeeixy/Build/Intermediates.noindex/ExplicitPrecompiledModules/OpenGLES-9JX87THNQOHDGBNNAP8PW0QAQ.scan
    cd /
    builtin-precompileModule /Users/khanghnguyen/Library/Developer/Xcode/DerivedData/Wishie-gavmeupfwiyxzhaiqkwzocyeeixy/Build/Intermediates.noindex/ExplicitPrecompiledModules/OpenGLES-9JX87THNQOHDGBNNAP8PW0QAQ.scan

PrecompileModule /Users/khanghnguyen/Library/Developer/Xcode/DerivedData/Wishie-gavmeupfwiyxzhaiqkwzocyeeixy/Build/Intermediates.noindex/ExplicitPrecompiledModules/os_workgroup-7XUSKEHBFPOQ65RG6WB35PDI3.scan
    cd /
    builtin-precompileModule /Users/khanghnguyen/Library/Developer/Xcode/DerivedData/Wishie-gavmeupfwiyxzhaiqkwzocyeeixy/Build/Intermediates.noindex/ExplicitPrecompiledModules/os_workgroup-7XUSKEHBFPOQ65RG6WB35PDI3.scan

PrecompileModule /Users/khanghnguyen/Library/Developer/Xcode/DerivedData/Wishie-gavmeupfwiyxzhaiqkwzocyeeixy/Build/Intermediates.noindex/ExplicitPrecompiledModules/_Builtin_stdbool-EN5DK3ZVRDT86PG1G6132L62H.scan
    cd /
    builtin-precompileModule /Users/khanghnguyen/Library/Developer/Xcode/DerivedData/Wishie-gavmeupfwiyxzhaiqkwzocyeeixy/Build/Intermediates.noindex/ExplicitPrecompiledModules/_Builtin_stdbool-EN5DK3ZVRDT86PG1G6132L62H.scan

PrecompileModule /Users/khanghnguyen/Library/Developer/Xcode/DerivedData/Wishie-gavmeupfwiyxzhaiqkwzocyeeixy/Build/Intermediates.noindex/ExplicitPrecompiledModules/_Builtin_stddef-42N5HLI1JEPPR7KFHKMEUHNJG.scan
    cd /
    builtin-precompileModule /Users/khanghnguyen/Library/Developer/Xcode/DerivedData/Wishie-gavmeupfwiyxzhaiqkwzocyeeixy/Build/Intermediates.noindex/ExplicitPrecompiledModules/_Builtin_stddef-42N5HLI1JEPPR7KFHKMEUHNJG.scan

PrecompileModule /Users/khanghnguyen/Library/Developer/Xcode/DerivedData/Wishie-gavmeupfwiyxzhaiqkwzocyeeixy/Build/Intermediates.noindex/ExplicitPrecompiledModules/_AvailabilityInternal-65JPZVCYKHK7OJNHE9M7F9Y01.scan
    cd /
    builtin-precompileModule /Users/khanghnguyen/Library/Developer/Xcode/DerivedData/Wishie-gavmeupfwiyxzhaiqkwzocyeeixy/Build/Intermediates.noindex/ExplicitPrecompiledModules/_AvailabilityInternal-65JPZVCYKHK7OJNHE9M7F9Y01.scan

PrecompileModule /Users/khanghnguyen/Library/Developer/Xcode/DerivedData/Wishie-gavmeupfwiyxzhaiqkwzocyeeixy/Build/Intermediates.noindex/ExplicitPrecompiledModules/_Builtin_stdarg-6OOB1KCIWZT74Y5NNA4YIH86U.scan
    cd /
    builtin-precompileModule /Users/khanghnguyen/Library/Developer/Xcode/DerivedData/Wishie-gavmeupfwiyxzhaiqkwzocyeeixy/Build/Intermediates.noindex/ExplicitPrecompiledModules/_Builtin_stdarg-6OOB1KCIWZT74Y5NNA4YIH86U.scan

PrecompileModule /Users/khanghnguyen/Library/Developer/Xcode/DerivedData/Wishie-gavmeupfwiyxzhaiqkwzocyeeixy/Build/Intermediates.noindex/ExplicitPrecompiledModules/_Builtin_float-258KZAOJS25UAER4VZZ7CQN26.scan
    cd /
    builtin-precompileModule /Users/khanghnguyen/Library/Developer/Xcode/DerivedData/Wishie-gavmeupfwiyxzhaiqkwzocyeeixy/Build/Intermediates.noindex/ExplicitPrecompiledModules/_Builtin_float-258KZAOJS25UAER4VZZ7CQN26.scan

PrecompileModule /Users/khanghnguyen/Library/Developer/Xcode/DerivedData/Wishie-gavmeupfwiyxzhaiqkwzocyeeixy/Build/Intermediates.noindex/ExplicitPrecompiledModules/UserNotifications-DRB1A8374S0TJXNN7PE6YC8YM.scan
    cd /
    builtin-precompileModule /Users/khanghnguyen/Library/Developer/Xcode/DerivedData/Wishie-gavmeupfwiyxzhaiqkwzocyeeixy/Build/Intermediates.noindex/ExplicitPrecompiledModules/UserNotifications-DRB1A8374S0TJXNN7PE6YC8YM.scan

SwiftDriver\ Compilation HTTPTypes normal arm64 com.apple.xcode.tools.swift.compiler (in target 'HTTPTypes' from project 'swift-http-types')
    cd /Users/khanghnguyen/Downloads/Wishie/Wishie.xcodeproj
    builtin-Swift-Compilation -- /Applications/Xcode.app/Contents/Developer/Toolchains/XcodeDefault.xctoolchain/usr/bin/swiftc -module-name HTTPTypes -Onone -enforce-exclusivity\=checked @/Users/khanghnguyen/Library/Developer/Xcode/DerivedData/Wishie-gavmeupfwiyxzhaiqkwzocyeeixy/Build/Intermediates.noindex/swift-http-types.build/Debug-iphoneos/HTTPTypes.build/Objects-normal/arm64/HTTPTypes.SwiftFileList -DSWIFT_PACKAGE -DDEBUG -DSWIFT_MODULE_RESOURCE_BUNDLE_UNAVAILABLE -DXcode -enable-experimental-feature StrictConcurrency\=complete -enable-upcoming-feature MemberImportVisibility -plugin-path /Applications/Xcode.app/Contents/Developer/Toolchains/XcodeDefault.xctoolchain/usr/lib/swift/host/plugins/testing -enable-experimental-feature DebugDescriptionMacro -sdk /Applications/Xcode.app/Contents/Developer/Platforms/iPhoneOS.platform/Developer/SDKs/iPhoneOS26.2.sdk -target arm64-apple-ios12.0 -g -module-cache-path /Users/khanghnguyen/Library/Developer/Xcode/DerivedData/ModuleCache.noindex -Xfrontend -serialize-debugging-options -profile-coverage-mapping -profile-generate -enable-testing -suppress-warnings -index-store-path /Users/khanghnguyen/Library/Developer/Xcode/DerivedData/Wishie-gavmeupfwiyxzhaiqkwzocyeeixy/Index.noindex/DataStore -Xcc -D_LIBCPP_HARDENING_MODE\=_LIBCPP_HARDENING_MODE_DEBUG -swift-version 5 -I /Users/khanghnguyen/Library/Developer/Xcode/DerivedData/Wishie-gavmeupfwiyxzhaiqkwzocyeeixy/Build/Products/Debug-iphoneos -Isystem /Applications/Xcode.app/Contents/Developer/Platforms/iPhoneOS.platform/Developer/usr/lib -F /Users/khanghnguyen/Library/Developer/Xcode/DerivedData/Wishie-gavmeupfwiyxzhaiqkwzocyeeixy/Build/Products/Debug-iphoneos -F /Applications/Xcode.app/Contents/Developer/Platforms/iPhoneOS.platform/Developer/Library/Frameworks -F /Applications/Xcode.app/Contents/Developer/Platforms/iPhoneOS.platform/Developer/SDKs/iPhoneOS26.2.sdk/Developer/Library/Frameworks -c -j8 -enable-batch-mode -incremental -Xcc -ivfsstatcache -Xcc /Users/khanghnguyen/Library/Developer/Xcode/DerivedData/SDKStatCaches.noindex/iphoneos26.2-23C57-3794476bd08197c3e2abd9bb477ef7f7.sdkstatcache -output-file-map /Users/khanghnguyen/Library/Developer/Xcode/DerivedData/Wishie-gavmeupfwiyxzhaiqkwzocyeeixy/Build/Intermediates.noindex/swift-http-types.build/Debug-iphoneos/HTTPTypes.build/Objects-normal/arm64/HTTPTypes-OutputFileMap.json -use-frontend-parseable-output -save-temps -no-color-diagnostics -explicit-module-build -module-cache-path /Users/khanghnguyen/Library/Developer/Xcode/DerivedData/Wishie-gavmeupfwiyxzhaiqkwzocyeeixy/Build/Intermediates.noindex/SwiftExplicitPrecompiledModules -clang-scanner-module-cache-path /Users/khanghnguyen/Library/Developer/Xcode/DerivedData/ModuleCache.noindex -sdk-module-cache-path /Users/khanghnguyen/Library/Developer/Xcode/DerivedData/ModuleCache.noindex -serialize-diagnostics -emit-dependencies -emit-module -emit-module-path /Users/khanghnguyen/Library/Developer/Xcode/DerivedData/Wishie-gavmeupfwiyxzhaiqkwzocyeeixy/Build/Intermediates.noindex/swift-http-types.build/Debug-iphoneos/HTTPTypes.build/Objects-normal/arm64/HTTPTypes.swiftmodule -validate-clang-modules-once -clang-build-session-file /Users/khanghnguyen/Library/Developer/Xcode/DerivedData/ModuleCache.noindex/Session.modulevalidation -package-name swift_http_types -Xcc -I/Users/khanghnguyen/Library/Developer/Xcode/DerivedData/Wishie-gavmeupfwiyxzhaiqkwzocyeeixy/Build/Intermediates.noindex/swift-http-types.build/Debug-iphoneos/HTTPTypes.build/swift-overrides.hmap -emit-const-values -Xfrontend -const-gather-protocols-file -Xfrontend /Users/khanghnguyen/Library/Developer/Xcode/DerivedData/Wishie-gavmeupfwiyxzhaiqkwzocyeeixy/Build/Intermediates.noindex/swift-http-types.build/Debug-iphoneos/HTTPTypes.build/Objects-normal/arm64/HTTPTypes_const_extract_protocols.json -Xcc -I/Users/khanghnguyen/Library/Developer/Xcode/DerivedData/Wishie-gavmeupfwiyxzhaiqkwzocyeeixy/Build/Products/Debug-iphoneos/include -Xcc -I/Users/khanghnguyen/Library/Developer/Xcode/DerivedData/Wishie-gavmeupfwiyxzhaiqkwzocyeeixy/Build/Intermediates.noindex/swift-http-types.build/Debug-iphoneos/HTTPTypes.build/DerivedSources-normal/arm64 -Xcc -I/Users/khanghnguyen/Library/Developer/Xcode/DerivedData/Wishie-gavmeupfwiyxzhaiqkwzocyeeixy/Build/Intermediates.noindex/swift-http-types.build/Debug-iphoneos/HTTPTypes.build/DerivedSources/arm64 -Xcc -I/Users/khanghnguyen/Library/Developer/Xcode/DerivedData/Wishie-gavmeupfwiyxzhaiqkwzocyeeixy/Build/Intermediates.noindex/swift-http-types.build/Debug-iphoneos/HTTPTypes.build/DerivedSources -Xcc -DSWIFT_PACKAGE -Xcc -DDEBUG\=1 -emit-objc-header -emit-objc-header-path /Users/khanghnguyen/Library/Developer/Xcode/DerivedData/Wishie-gavmeupfwiyxzhaiqkwzocyeeixy/Build/Intermediates.noindex/swift-http-types.build/Debug-iphoneos/HTTPTypes.build/Objects-normal/arm64/HTTPTypes-Swift.h -working-directory /Users/khanghnguyen/Downloads/Wishie/Wishie.xcodeproj -experimental-emit-module-separately -disable-cmo

PrecompileModule /Users/khanghnguyen/Library/Developer/Xcode/DerivedData/Wishie-gavmeupfwiyxzhaiqkwzocyeeixy/Build/Intermediates.noindex/ExplicitPrecompiledModules/_DarwinFoundation1-EDANX8S0KJMJIWIIX7JRFEFNP.scan
    cd /
    builtin-precompileModule /Users/khanghnguyen/Library/Developer/Xcode/DerivedData/Wishie-gavmeupfwiyxzhaiqkwzocyeeixy/Build/Intermediates.noindex/ExplicitPrecompiledModules/_DarwinFoundation1-EDANX8S0KJMJIWIIX7JRFEFNP.scan

PrecompileModule /Users/khanghnguyen/Library/Developer/Xcode/DerivedData/Wishie-gavmeupfwiyxzhaiqkwzocyeeixy/Build/Intermediates.noindex/ExplicitPrecompiledModules/Dispatch-64HMGS3BRAD0752XO74LKN4FF.scan
    cd /
    builtin-precompileModule /Users/khanghnguyen/Library/Developer/Xcode/DerivedData/Wishie-gavmeupfwiyxzhaiqkwzocyeeixy/Build/Intermediates.noindex/ExplicitPrecompiledModules/Dispatch-64HMGS3BRAD0752XO74LKN4FF.scan

ScanDependencies /Users/khanghnguyen/Library/Developer/Xcode/DerivedData/Wishie-gavmeupfwiyxzhaiqkwzocyeeixy/Build/Intermediates.noindex/GTMSessionFetcher.build/Debug-iphoneos/GTMSessionFetcherCore.build/Objects-normal/arm64/GTMSessionFetcherService.o /Users/khanghnguyen/Library/Developer/Xcode/DerivedData/Wishie-gavmeupfwiyxzhaiqkwzocyeeixy/SourcePackages/checkouts/gtm-session-fetcher/Sources/Core/GTMSessionFetcherService.m normal arm64 objective-c com.apple.compilers.llvm.clang.1_0.compiler (in target 'GTMSessionFetcherCore' from project 'GTMSessionFetcher')
    cd /Users/khanghnguyen/Downloads/Wishie/Wishie.xcodeproj
    
    Using response file: /Users/khanghnguyen/Library/Developer/Xcode/DerivedData/Wishie-gavmeupfwiyxzhaiqkwzocyeeixy/Build/Intermediates.noindex/GTMSessionFetcher.build/Debug-iphoneos/GTMSessionFetcherCore.build/Objects-normal/arm64/e6072d4f65d7061329687fe24e3d63a7-common-args.resp
    
    builtin-ScanDependencies -o /Users/khanghnguyen/Library/Developer/Xcode/DerivedData/Wishie-gavmeupfwiyxzhaiqkwzocyeeixy/Build/Intermediates.noindex/GTMSessionFetcher.build/Debug-iphoneos/GTMSessionFetcherCore.build/Objects-normal/arm64/GTMSessionFetcherService.o.scan -- /Applications/Xcode.app/Contents/Developer/Toolchains/XcodeDefault.xctoolchain/usr/bin/clang -x objective-c -ivfsstatcache /Users/khanghnguyen/Library/Developer/Xcode/DerivedData/SDKStatCaches.noindex/iphoneos26.2-23C57-3794476bd08197c3e2abd9bb477ef7f7.sdkstatcache -fmessage-length\=0 -fdiagnostics-show-note-include-stack -fmacro-backtrace-limit\=0 -fno-color-diagnostics -fmodules-prune-interval\=86400 -fmodules-prune-after\=345600 -fbuild-session-file\=/Users/khanghnguyen/Library/Developer/Xcode/DerivedData/ModuleCache.noindex/Session.modulevalidation -fmodules-validate-once-per-build-session -Wnon-modular-include-in-framework-module -Werror\=non-modular-include-in-framework-module -Wno-trigraphs -Wno-missing-field-initializers -Wno-missing-prototypes -Wno-return-type -Wno-implicit-atomic-properties -Wno-objc-interface-ivars -Wno-arc-repeated-use-of-weak -Wno-missing-braces -Wparentheses -Wswitch -Wno-unused-function -Wno-unused-label -Wno-unused-parameter -Wno-unused-variable -Wunused-value -Wno-empty-body -Wno-uninitialized -Wno-unknown-pragmas -w -Wno-shadow -Wno-four-char-constants -Wno-conversion -Wno-constant-conversion -Wno-int-conversion -Wno-bool-conversion -Wno-enum-conversion -Wno-float-conversion -Wno-non-literal-null-conversion -Wno-objc-literal-conversion -Wshorten-64-to-32 -Wpointer-sign -Wno-newline-eof -Wno-selector -Wno-strict-selector-match -Wno-undeclared-selector -Wno-deprecated-implementations -Wno-implicit-fallthrough -fstrict-aliasing -Wprotocol -Wdeprecated-declarations -Wno-sign-conversion -Wno-infinite-recursion -Wno-comma -Wno-block-capture-autoreleasing -Wno-strict-prototypes -Wno-semicolon-before-method-body -index-store-path /Users/khanghnguyen/Library/Developer/Xcode/DerivedData/Wishie-gavmeupfwiyxzhaiqkwzocyeeixy/Index.noindex/DataStore @/Users/khanghnguyen/Library/Developer/Xcode/DerivedData/Wishie-gavmeupfwiyxzhaiqkwzocyeeixy/Build/Intermediates.noindex/GTMSessionFetcher.build/Debug-iphoneos/GTMSessionFetcherCore.build/Objects-normal/arm64/e6072d4f65d7061329687fe24e3d63a7-common-args.resp -include /Users/khanghnguyen/Library/Developer/Xcode/DerivedData/Wishie-gavmeupfwiyxzhaiqkwzocyeeixy/Build/Intermediates.noindex/GTMSessionFetcher.build/Debug-iphoneos/GTMSessionFetcherCore.build/DerivedSources/resource_bundle_accessor.h -MMD -MT dependencies -MF /Users/khanghnguyen/Library/Developer/Xcode/DerivedData/Wishie-gavmeupfwiyxzhaiqkwzocyeeixy/Build/Intermediates.noindex/GTMSessionFetcher.build/Debug-iphoneos/GTMSessionFetcherCore.build/Objects-normal/arm64/GTMSessionFetcherService.d --serialize-diagnostics /Users/khanghnguyen/Library/Developer/Xcode/DerivedData/Wishie-gavmeupfwiyxzhaiqkwzocyeeixy/Build/Intermediates.noindex/GTMSessionFetcher.build/Debug-iphoneos/GTMSessionFetcherCore.build/Objects-normal/arm64/GTMSessionFetcherService.dia -c /Users/khanghnguyen/Library/Developer/Xcode/DerivedData/Wishie-gavmeupfwiyxzhaiqkwzocyeeixy/SourcePackages/checkouts/gtm-session-fetcher/Sources/Core/GTMSessionFetcherService.m -o /Users/khanghnguyen/Library/Developer/Xcode/DerivedData/Wishie-gavmeupfwiyxzhaiqkwzocyeeixy/Build/Intermediates.noindex/GTMSessionFetcher.build/Debug-iphoneos/GTMSessionFetcherCore.build/Objects-normal/arm64/GTMSessionFetcherService.o -index-unit-output-path /GTMSessionFetcher.build/Debug-iphoneos/GTMSessionFetcherCore.build/Objects-normal/arm64/GTMSessionFetcherService.o

ScanDependencies /Users/khanghnguyen/Library/Developer/Xcode/DerivedData/Wishie-gavmeupfwiyxzhaiqkwzocyeeixy/Build/Intermediates.noindex/GTMSessionFetcher.build/Debug-iphoneos/GTMSessionFetcherCore.build/Objects-normal/arm64/GTMSessionFetcherLogging.o /Users/khanghnguyen/Library/Developer/Xcode/DerivedData/Wishie-gavmeupfwiyxzhaiqkwzocyeeixy/SourcePackages/checkouts/gtm-session-fetcher/Sources/Core/GTMSessionFetcherLogging.m normal arm64 objective-c com.apple.compilers.llvm.clang.1_0.compiler (in target 'GTMSessionFetcherCore' from project 'GTMSessionFetcher')
    cd /Users/khanghnguyen/Downloads/Wishie/Wishie.xcodeproj
    
    Using response file: /Users/khanghnguyen/Library/Developer/Xcode/DerivedData/Wishie-gavmeupfwiyxzhaiqkwzocyeeixy/Build/Intermediates.noindex/GTMSessionFetcher.build/Debug-iphoneos/GTMSessionFetcherCore.build/Objects-normal/arm64/e6072d4f65d7061329687fe24e3d63a7-common-args.resp
    
    builtin-ScanDependencies -o /Users/khanghnguyen/Library/Developer/Xcode/DerivedData/Wishie-gavmeupfwiyxzhaiqkwzocyeeixy/Build/Intermediates.noindex/GTMSessionFetcher.build/Debug-iphoneos/GTMSessionFetcherCore.build/Objects-normal/arm64/GTMSessionFetcherLogging.o.scan -- /Applications/Xcode.app/Contents/Developer/Toolchains/XcodeDefault.xctoolchain/usr/bin/clang -x objective-c -ivfsstatcache /Users/khanghnguyen/Library/Developer/Xcode/DerivedData/SDKStatCaches.noindex/iphoneos26.2-23C57-3794476bd08197c3e2abd9bb477ef7f7.sdkstatcache -fmessage-length\=0 -fdiagnostics-show-note-include-stack -fmacro-backtrace-limit\=0 -fno-color-diagnostics -fmodules-prune-interval\=86400 -fmodules-prune-after\=345600 -fbuild-session-file\=/Users/khanghnguyen/Library/Developer/Xcode/DerivedData/ModuleCache.noindex/Session.modulevalidation -fmodules-validate-once-per-build-session -Wnon-modular-include-in-framework-module -Werror\=non-modular-include-in-framework-module -Wno-trigraphs -Wno-missing-field-initializers -Wno-missing-prototypes -Wno-return-type -Wno-implicit-atomic-properties -Wno-objc-interface-ivars -Wno-arc-repeated-use-of-weak -Wno-missing-braces -Wparentheses -Wswitch -Wno-unused-function -Wno-unused-label -Wno-unused-parameter -Wno-unused-variable -Wunused-value -Wno-empty-body -Wno-uninitialized -Wno-unknown-pragmas -w -Wno-shadow -Wno-four-char-constants -Wno-conversion -Wno-constant-conversion -Wno-int-conversion -Wno-bool-conversion -Wno-enum-conversion -Wno-float-conversion -Wno-non-literal-null-conversion -Wno-objc-literal-conversion -Wshorten-64-to-32 -Wpointer-sign -Wno-newline-eof -Wno-selector -Wno-strict-selector-match -Wno-undeclared-selector -Wno-deprecated-implementations -Wno-implicit-fallthrough -fstrict-aliasing -Wprotocol -Wdeprecated-declarations -Wno-sign-conversion -Wno-infinite-recursion -Wno-comma -Wno-block-capture-autoreleasing -Wno-strict-prototypes -Wno-semicolon-before-method-body -index-store-path /Users/khanghnguyen/Library/Developer/Xcode/DerivedData/Wishie-gavmeupfwiyxzhaiqkwzocyeeixy/Index.noindex/DataStore @/Users/khanghnguyen/Library/Developer/Xcode/DerivedData/Wishie-gavmeupfwiyxzhaiqkwzocyeeixy/Build/Intermediates.noindex/GTMSessionFetcher.build/Debug-iphoneos/GTMSessionFetcherCore.build/Objects-normal/arm64/e6072d4f65d7061329687fe24e3d63a7-common-args.resp -include /Users/khanghnguyen/Library/Developer/Xcode/DerivedData/Wishie-gavmeupfwiyxzhaiqkwzocyeeixy/Build/Intermediates.noindex/GTMSessionFetcher.build/Debug-iphoneos/GTMSessionFetcherCore.build/DerivedSources/resource_bundle_accessor.h -MMD -MT dependencies -MF /Users/khanghnguyen/Library/Developer/Xcode/DerivedData/Wishie-gavmeupfwiyxzhaiqkwzocyeeixy/Build/Intermediates.noindex/GTMSessionFetcher.build/Debug-iphoneos/GTMSessionFetcherCore.build/Objects-normal/arm64/GTMSessionFetcherLogging.d --serialize-diagnostics /Users/khanghnguyen/Library/Developer/Xcode/DerivedData/Wishie-gavmeupfwiyxzhaiqkwzocyeeixy/Build/Intermediates.noindex/GTMSessionFetcher.build/Debug-iphoneos/GTMSessionFetcherCore.build/Objects-normal/arm64/GTMSessionFetcherLogging.dia -c /Users/khanghnguyen/Library/Developer/Xcode/DerivedData/Wishie-gavmeupfwiyxzhaiqkwzocyeeixy/SourcePackages/checkouts/gtm-session-fetcher/Sources/Core/GTMSessionFetcherLogging.m -o /Users/khanghnguyen/Library/Developer/Xcode/DerivedData/Wishie-gavmeupfwiyxzhaiqkwzocyeeixy/Build/Intermediates.noindex/GTMSessionFetcher.build/Debug-iphoneos/GTMSessionFetcherCore.build/Objects-normal/arm64/GTMSessionFetcherLogging.o -index-unit-output-path /GTMSessionFetcher.build/Debug-iphoneos/GTMSessionFetcherCore.build/Objects-normal/arm64/GTMSessionFetcherLogging.o

ScanDependencies /Users/khanghnguyen/Library/Developer/Xcode/DerivedData/Wishie-gavmeupfwiyxzhaiqkwzocyeeixy/Build/Intermediates.noindex/GTMSessionFetcher.build/Debug-iphoneos/GTMSessionFetcherCore.build/Objects-normal/arm64/GTMSessionFetcher.o /Users/khanghnguyen/Library/Developer/Xcode/DerivedData/Wishie-gavmeupfwiyxzhaiqkwzocyeeixy/SourcePackages/checkouts/gtm-session-fetcher/Sources/Core/GTMSessionFetcher.m normal arm64 objective-c com.apple.compilers.llvm.clang.1_0.compiler (in target 'GTMSessionFetcherCore' from project 'GTMSessionFetcher')
    cd /Users/khanghnguyen/Downloads/Wishie/Wishie.xcodeproj
    
    Using response file: /Users/khanghnguyen/Library/Developer/Xcode/DerivedData/Wishie-gavmeupfwiyxzhaiqkwzocyeeixy/Build/Intermediates.noindex/GTMSessionFetcher.build/Debug-iphoneos/GTMSessionFetcherCore.build/Objects-normal/arm64/e6072d4f65d7061329687fe24e3d63a7-common-args.resp
    
    builtin-ScanDependencies -o /Users/khanghnguyen/Library/Developer/Xcode/DerivedData/Wishie-gavmeupfwiyxzhaiqkwzocyeeixy/Build/Intermediates.noindex/GTMSessionFetcher.build/Debug-iphoneos/GTMSessionFetcherCore.build/Objects-normal/arm64/GTMSessionFetcher.o.scan -- /Applications/Xcode.app/Contents/Developer/Toolchains/XcodeDefault.xctoolchain/usr/bin/clang -x objective-c -ivfsstatcache /Users/khanghnguyen/Library/Developer/Xcode/DerivedData/SDKStatCaches.noindex/iphoneos26.2-23C57-3794476bd08197c3e2abd9bb477ef7f7.sdkstatcache -fmessage-length\=0 -fdiagnostics-show-note-include-stack -fmacro-backtrace-limit\=0 -fno-color-diagnostics -fmodules-prune-interval\=86400 -fmodules-prune-after\=345600 -fbuild-session-file\=/Users/khanghnguyen/Library/Developer/Xcode/DerivedData/ModuleCache.noindex/Session.modulevalidation -fmodules-validate-once-per-build-session -Wnon-modular-include-in-framework-module -Werror\=non-modular-include-in-framework-module -Wno-trigraphs -Wno-missing-field-initializers -Wno-missing-prototypes -Wno-return-type -Wno-implicit-atomic-properties -Wno-objc-interface-ivars -Wno-arc-repeated-use-of-weak -Wno-missing-braces -Wparentheses -Wswitch -Wno-unused-function -Wno-unused-label -Wno-unused-parameter -Wno-unused-variable -Wunused-value -Wno-empty-body -Wno-uninitialized -Wno-unknown-pragmas -w -Wno-shadow -Wno-four-char-constants -Wno-conversion -Wno-constant-conversion -Wno-int-conversion -Wno-bool-conversion -Wno-enum-conversion -Wno-float-conversion -Wno-non-literal-null-conversion -Wno-objc-literal-conversion -Wshorten-64-to-32 -Wpointer-sign -Wno-newline-eof -Wno-selector -Wno-strict-selector-match -Wno-undeclared-selector -Wno-deprecated-implementations -Wno-implicit-fallthrough -fstrict-aliasing -Wprotocol -Wdeprecated-declarations -Wno-sign-conversion -Wno-infinite-recursion -Wno-comma -Wno-block-capture-autoreleasing -Wno-strict-prototypes -Wno-semicolon-before-method-body -index-store-path /Users/khanghnguyen/Library/Developer/Xcode/DerivedData/Wishie-gavmeupfwiyxzhaiqkwzocyeeixy/Index.noindex/DataStore @/Users/khanghnguyen/Library/Developer/Xcode/DerivedData/Wishie-gavmeupfwiyxzhaiqkwzocyeeixy/Build/Intermediates.noindex/GTMSessionFetcher.build/Debug-iphoneos/GTMSessionFetcherCore.build/Objects-normal/arm64/e6072d4f65d7061329687fe24e3d63a7-common-args.resp -include /Users/khanghnguyen/Library/Developer/Xcode/DerivedData/Wishie-gavmeupfwiyxzhaiqkwzocyeeixy/Build/Intermediates.noindex/GTMSessionFetcher.build/Debug-iphoneos/GTMSessionFetcherCore.build/DerivedSources/resource_bundle_accessor.h -MMD -MT dependencies -MF /Users/khanghnguyen/Library/Developer/Xcode/DerivedData/Wishie-gavmeupfwiyxzhaiqkwzocyeeixy/Build/Intermediates.noindex/GTMSessionFetcher.build/Debug-iphoneos/GTMSessionFetcherCore.build/Objects-normal/arm64/GTMSessionFetcher.d --serialize-diagnostics /Users/khanghnguyen/Library/Developer/Xcode/DerivedData/Wishie-gavmeupfwiyxzhaiqkwzocyeeixy/Build/Intermediates.noindex/GTMSessionFetcher.build/Debug-iphoneos/GTMSessionFetcherCore.build/Objects-normal/arm64/GTMSessionFetcher.dia -c /Users/khanghnguyen/Library/Developer/Xcode/DerivedData/Wishie-gavmeupfwiyxzhaiqkwzocyeeixy/SourcePackages/checkouts/gtm-session-fetcher/Sources/Core/GTMSessionFetcher.m -o /Users/khanghnguyen/Library/Developer/Xcode/DerivedData/Wishie-gavmeupfwiyxzhaiqkwzocyeeixy/Build/Intermediates.noindex/GTMSessionFetcher.build/Debug-iphoneos/GTMSessionFetcherCore.build/Objects-normal/arm64/GTMSessionFetcher.o -index-unit-output-path /GTMSessionFetcher.build/Debug-iphoneos/GTMSessionFetcherCore.build/Objects-normal/arm64/GTMSessionFetcher.o

SwiftCompile normal arm64 Compiling\ FirebaseRemoteConfigValueDecoding.swift /Users/khanghnguyen/Library/Developer/Xcode/DerivedData/Wishie-gavmeupfwiyxzhaiqkwzocyeeixy/SourcePackages/checkouts/firebase-ios-sdk/FirebaseSharedSwift/Sources/FirebaseRemoteConfigValueDecoding.swift (in target 'FirebaseSharedSwift' from project 'Firebase')

SwiftCompile normal arm64 /Users/khanghnguyen/Library/Developer/Xcode/DerivedData/Wishie-gavmeupfwiyxzhaiqkwzocyeeixy/SourcePackages/checkouts/firebase-ios-sdk/FirebaseSharedSwift/Sources/FirebaseRemoteConfigValueDecoding.swift (in target 'FirebaseSharedSwift' from project 'Firebase')
    cd /Users/khanghnguyen/Downloads/Wishie/Wishie.xcodeproj
    

SwiftCompile normal arm64 Compiling\ FirebaseDataEncoder.swift /Users/khanghnguyen/Library/Developer/Xcode/DerivedData/Wishie-gavmeupfwiyxzhaiqkwzocyeeixy/SourcePackages/checkouts/firebase-ios-sdk/FirebaseSharedSwift/Sources/third_party/FirebaseDataEncoder/FirebaseDataEncoder.swift (in target 'FirebaseSharedSwift' from project 'Firebase')
SwiftCompile normal arm64 /Users/khanghnguyen/Library/Developer/Xcode/DerivedData/Wishie-gavmeupfwiyxzhaiqkwzocyeeixy/SourcePackages/checkouts/firebase-ios-sdk/FirebaseSharedSwift/Sources/third_party/FirebaseDataEncoder/FirebaseDataEncoder.swift (in target 'FirebaseSharedSwift' from project 'Firebase')
    cd /Users/khanghnguyen/Downloads/Wishie/Wishie.xcodeproj
    

PrecompileModule /Users/khanghnguyen/Library/Developer/Xcode/DerivedData/Wishie-gavmeupfwiyxzhaiqkwzocyeeixy/Build/Intermediates.noindex/ExplicitPrecompiledModules/CoreVideo-6HQTXFN84VL2AZMETS890225N.scan
    cd /
    builtin-precompileModule /Users/khanghnguyen/Library/Developer/Xcode/DerivedData/Wishie-gavmeupfwiyxzhaiqkwzocyeeixy/Build/Intermediates.noindex/ExplicitPrecompiledModules/CoreVideo-6HQTXFN84VL2AZMETS890225N.scan

ScanDependencies /Users/khanghnguyen/Library/Developer/Xcode/DerivedData/Wishie-gavmeupfwiyxzhaiqkwzocyeeixy/Build/Intermediates.noindex/Firebase.build/Debug-iphoneos/FirebaseCoreExtension.build/Objects-normal/arm64/resource_bundle_accessor.o /Users/khanghnguyen/Library/Developer/Xcode/DerivedData/Wishie-gavmeupfwiyxzhaiqkwzocyeeixy/Build/Intermediates.noindex/Firebase.build/Debug-iphoneos/FirebaseCoreExtension.build/DerivedSources/resource_bundle_accessor.m normal arm64 objective-c com.apple.compilers.llvm.clang.1_0.compiler (in target 'FirebaseCoreExtension' from project 'Firebase')
    cd /Users/khanghnguyen/Downloads/Wishie/Wishie.xcodeproj
    
    Using response file: /Users/khanghnguyen/Library/Developer/Xcode/DerivedData/Wishie-gavmeupfwiyxzhaiqkwzocyeeixy/Build/Intermediates.noindex/Firebase.build/Debug-iphoneos/FirebaseCoreExtension.build/Objects-normal/arm64/e6072d4f65d7061329687fe24e3d63a7-common-args.resp
    
    builtin-ScanDependencies -o /Users/khanghnguyen/Library/Developer/Xcode/DerivedData/Wishie-gavmeupfwiyxzhaiqkwzocyeeixy/Build/Intermediates.noindex/Firebase.build/Debug-iphoneos/FirebaseCoreExtension.build/Objects-normal/arm64/resource_bundle_accessor.o.scan -- /Applications/Xcode.app/Contents/Developer/Toolchains/XcodeDefault.xctoolchain/usr/bin/clang -x objective-c -ivfsstatcache /Users/khanghnguyen/Library/Developer/Xcode/DerivedData/SDKStatCaches.noindex/iphoneos26.2-23C57-3794476bd08197c3e2abd9bb477ef7f7.sdkstatcache -fmessage-length\=0 -fdiagnostics-show-note-include-stack -fmacro-backtrace-limit\=0 -fno-color-diagnostics -fmodules-prune-interval\=86400 -fmodules-prune-after\=345600 -fbuild-session-file\=/Users/khanghnguyen/Library/Developer/Xcode/DerivedData/ModuleCache.noindex/Session.modulevalidation -fmodules-validate-once-per-build-session -Wnon-modular-include-in-framework-module -Werror\=non-modular-include-in-framework-module -Wno-trigraphs -Wno-missing-field-initializers -Wno-missing-prototypes -Wno-return-type -Wno-implicit-atomic-properties -Wno-objc-interface-ivars -Wno-arc-repeated-use-of-weak -Wno-missing-braces -Wparentheses -Wswitch -Wno-unused-function -Wno-unused-label -Wno-unused-parameter -Wno-unused-variable -Wunused-value -Wno-empty-body -Wno-uninitialized -Wno-unknown-pragmas -w -Wno-shadow -Wno-four-char-constants -Wno-conversion -Wno-constant-conversion -Wno-int-conversion -Wno-bool-conversion -Wno-enum-conversion -Wno-float-conversion -Wno-non-literal-null-conversion -Wno-objc-literal-conversion -Wshorten-64-to-32 -Wpointer-sign -Wno-newline-eof -Wno-selector -Wno-strict-selector-match -Wno-undeclared-selector -Wno-deprecated-implementations -Wno-implicit-fallthrough -fstrict-aliasing -Wprotocol -Wdeprecated-declarations -Wno-sign-conversion -Wno-infinite-recursion -Wno-comma -Wno-block-capture-autoreleasing -Wno-strict-prototypes -Wno-semicolon-before-method-body -index-store-path /Users/khanghnguyen/Library/Developer/Xcode/DerivedData/Wishie-gavmeupfwiyxzhaiqkwzocyeeixy/Index.noindex/DataStore @/Users/khanghnguyen/Library/Developer/Xcode/DerivedData/Wishie-gavmeupfwiyxzhaiqkwzocyeeixy/Build/Intermediates.noindex/Firebase.build/Debug-iphoneos/FirebaseCoreExtension.build/Objects-normal/arm64/e6072d4f65d7061329687fe24e3d63a7-common-args.resp -include /Users/khanghnguyen/Library/Developer/Xcode/DerivedData/Wishie-gavmeupfwiyxzhaiqkwzocyeeixy/Build/Intermediates.noindex/Firebase.build/Debug-iphoneos/FirebaseCoreExtension.build/DerivedSources/resource_bundle_accessor.h -MMD -MT dependencies -MF /Users/khanghnguyen/Library/Developer/Xcode/DerivedData/Wishie-gavmeupfwiyxzhaiqkwzocyeeixy/Build/Intermediates.noindex/Firebase.build/Debug-iphoneos/FirebaseCoreExtension.build/Objects-normal/arm64/resource_bundle_accessor.d --serialize-diagnostics /Users/khanghnguyen/Library/Developer/Xcode/DerivedData/Wishie-gavmeupfwiyxzhaiqkwzocyeeixy/Build/Intermediates.noindex/Firebase.build/Debug-iphoneos/FirebaseCoreExtension.build/Objects-normal/arm64/resource_bundle_accessor.dia -c /Users/khanghnguyen/Library/Developer/Xcode/DerivedData/Wishie-gavmeupfwiyxzhaiqkwzocyeeixy/Build/Intermediates.noindex/Firebase.build/Debug-iphoneos/FirebaseCoreExtension.build/DerivedSources/resource_bundle_accessor.m -o /Users/khanghnguyen/Library/Developer/Xcode/DerivedData/Wishie-gavmeupfwiyxzhaiqkwzocyeeixy/Build/Intermediates.noindex/Firebase.build/Debug-iphoneos/FirebaseCoreExtension.build/Objects-normal/arm64/resource_bundle_accessor.o -index-unit-output-path /Firebase.build/Debug-iphoneos/FirebaseCoreExtension.build/Objects-normal/arm64/resource_bundle_accessor.o

ScanDependencies /Users/khanghnguyen/Library/Developer/Xcode/DerivedData/Wishie-gavmeupfwiyxzhaiqkwzocyeeixy/Build/Intermediates.noindex/Firebase.build/Debug-iphoneos/FirebaseCoreExtension.build/Objects-normal/arm64/dummy.o /Users/khanghnguyen/Library/Developer/Xcode/DerivedData/Wishie-gavmeupfwiyxzhaiqkwzocyeeixy/SourcePackages/checkouts/firebase-ios-sdk/FirebaseCore/Extension/dummy.m normal arm64 objective-c com.apple.compilers.llvm.clang.1_0.compiler (in target 'FirebaseCoreExtension' from project 'Firebase')
    cd /Users/khanghnguyen/Downloads/Wishie/Wishie.xcodeproj
    
    Using response file: /Users/khanghnguyen/Library/Developer/Xcode/DerivedData/Wishie-gavmeupfwiyxzhaiqkwzocyeeixy/Build/Intermediates.noindex/Firebase.build/Debug-iphoneos/FirebaseCoreExtension.build/Objects-normal/arm64/e6072d4f65d7061329687fe24e3d63a7-common-args.resp
    
    builtin-ScanDependencies -o /Users/khanghnguyen/Library/Developer/Xcode/DerivedData/Wishie-gavmeupfwiyxzhaiqkwzocyeeixy/Build/Intermediates.noindex/Firebase.build/Debug-iphoneos/FirebaseCoreExtension.build/Objects-normal/arm64/dummy.o.scan -- /Applications/Xcode.app/Contents/Developer/Toolchains/XcodeDefault.xctoolchain/usr/bin/clang -x objective-c -ivfsstatcache /Users/khanghnguyen/Library/Developer/Xcode/DerivedData/SDKStatCaches.noindex/iphoneos26.2-23C57-3794476bd08197c3e2abd9bb477ef7f7.sdkstatcache -fmessage-length\=0 -fdiagnostics-show-note-include-stack -fmacro-backtrace-limit\=0 -fno-color-diagnostics -fmodules-prune-interval\=86400 -fmodules-prune-after\=345600 -fbuild-session-file\=/Users/khanghnguyen/Library/Developer/Xcode/DerivedData/ModuleCache.noindex/Session.modulevalidation -fmodules-validate-once-per-build-session -Wnon-modular-include-in-framework-module -Werror\=non-modular-include-in-framework-module -Wno-trigraphs -Wno-missing-field-initializers -Wno-missing-prototypes -Wno-return-type -Wno-implicit-atomic-properties -Wno-objc-interface-ivars -Wno-arc-repeated-use-of-weak -Wno-missing-braces -Wparentheses -Wswitch -Wno-unused-function -Wno-unused-label -Wno-unused-parameter -Wno-unused-variable -Wunused-value -Wno-empty-body -Wno-uninitialized -Wno-unknown-pragmas -w -Wno-shadow -Wno-four-char-constants -Wno-conversion -Wno-constant-conversion -Wno-int-conversion -Wno-bool-conversion -Wno-enum-conversion -Wno-float-conversion -Wno-non-literal-null-conversion -Wno-objc-literal-conversion -Wshorten-64-to-32 -Wpointer-sign -Wno-newline-eof -Wno-selector -Wno-strict-selector-match -Wno-undeclared-selector -Wno-deprecated-implementations -Wno-implicit-fallthrough -fstrict-aliasing -Wprotocol -Wdeprecated-declarations -Wno-sign-conversion -Wno-infinite-recursion -Wno-comma -Wno-block-capture-autoreleasing -Wno-strict-prototypes -Wno-semicolon-before-method-body -index-store-path /Users/khanghnguyen/Library/Developer/Xcode/DerivedData/Wishie-gavmeupfwiyxzhaiqkwzocyeeixy/Index.noindex/DataStore @/Users/khanghnguyen/Library/Developer/Xcode/DerivedData/Wishie-gavmeupfwiyxzhaiqkwzocyeeixy/Build/Intermediates.noindex/Firebase.build/Debug-iphoneos/FirebaseCoreExtension.build/Objects-normal/arm64/e6072d4f65d7061329687fe24e3d63a7-common-args.resp -include /Users/khanghnguyen/Library/Developer/Xcode/DerivedData/Wishie-gavmeupfwiyxzhaiqkwzocyeeixy/Build/Intermediates.noindex/Firebase.build/Debug-iphoneos/FirebaseCoreExtension.build/DerivedSources/resource_bundle_accessor.h -MMD -MT dependencies -MF /Users/khanghnguyen/Library/Developer/Xcode/DerivedData/Wishie-gavmeupfwiyxzhaiqkwzocyeeixy/Build/Intermediates.noindex/Firebase.build/Debug-iphoneos/FirebaseCoreExtension.build/Objects-normal/arm64/dummy.d --serialize-diagnostics /Users/khanghnguyen/Library/Developer/Xcode/DerivedData/Wishie-gavmeupfwiyxzhaiqkwzocyeeixy/Build/Intermediates.noindex/Firebase.build/Debug-iphoneos/FirebaseCoreExtension.build/Objects-normal/arm64/dummy.dia -c /Users/khanghnguyen/Library/Developer/Xcode/DerivedData/Wishie-gavmeupfwiyxzhaiqkwzocyeeixy/SourcePackages/checkouts/firebase-ios-sdk/FirebaseCore/Extension/dummy.m -o /Users/khanghnguyen/Library/Developer/Xcode/DerivedData/Wishie-gavmeupfwiyxzhaiqkwzocyeeixy/Build/Intermediates.noindex/Firebase.build/Debug-iphoneos/FirebaseCoreExtension.build/Objects-normal/arm64/dummy.o -index-unit-output-path /Firebase.build/Debug-iphoneos/FirebaseCoreExtension.build/Objects-normal/arm64/dummy.o

WriteAuxiliaryFile /Users/khanghnguyen/Library/Developer/Xcode/DerivedData/Wishie-gavmeupfwiyxzhaiqkwzocyeeixy/Build/Intermediates.noindex/DotLottie.build/Debug-iphoneos/DotLottie.build/Objects-normal/arm64/DotLottie_const_extract_protocols.json (in target 'DotLottie' from project 'DotLottie')
    cd /Users/khanghnguyen/Library/Developer/Xcode/DerivedData/Wishie-gavmeupfwiyxzhaiqkwzocyeeixy/SourcePackages/checkouts/dotlottie-ios
    write-file /Users/khanghnguyen/Library/Developer/Xcode/DerivedData/Wishie-gavmeupfwiyxzhaiqkwzocyeeixy/Build/Intermediates.noindex/DotLottie.build/Debug-iphoneos/DotLottie.build/Objects-normal/arm64/DotLottie_const_extract_protocols.json

WriteAuxiliaryFile /Users/khanghnguyen/Library/Developer/Xcode/DerivedData/Wishie-gavmeupfwiyxzhaiqkwzocyeeixy/Build/Intermediates.noindex/DotLottie.build/Debug-iphoneos/DotLottie.build/Objects-normal/arm64/DotLottie.SwiftFileList (in target 'DotLottie' from project 'DotLottie')
    cd /Users/khanghnguyen/Library/Developer/Xcode/DerivedData/Wishie-gavmeupfwiyxzhaiqkwzocyeeixy/SourcePackages/checkouts/dotlottie-ios
    write-file /Users/khanghnguyen/Library/Developer/Xcode/DerivedData/Wishie-gavmeupfwiyxzhaiqkwzocyeeixy/Build/Intermediates.noindex/DotLottie.build/Debug-iphoneos/DotLottie.build/Objects-normal/arm64/DotLottie.SwiftFileList

WriteAuxiliaryFile /Users/khanghnguyen/Library/Developer/Xcode/DerivedData/Wishie-gavmeupfwiyxzhaiqkwzocyeeixy/Build/Intermediates.noindex/DotLottie.build/Debug-iphoneos/DotLottie.build/Objects-normal/arm64/DotLottie.SwiftConstValuesFileList (in target 'DotLottie' from project 'DotLottie')
    cd /Users/khanghnguyen/Library/Developer/Xcode/DerivedData/Wishie-gavmeupfwiyxzhaiqkwzocyeeixy/SourcePackages/checkouts/dotlottie-ios
    write-file /Users/khanghnguyen/Library/Developer/Xcode/DerivedData/Wishie-gavmeupfwiyxzhaiqkwzocyeeixy/Build/Intermediates.noindex/DotLottie.build/Debug-iphoneos/DotLottie.build/Objects-normal/arm64/DotLottie.SwiftConstValuesFileList

WriteAuxiliaryFile /Users/khanghnguyen/Library/Developer/Xcode/DerivedData/Wishie-gavmeupfwiyxzhaiqkwzocyeeixy/Build/Intermediates.noindex/DotLottie.build/Debug-iphoneos/DotLottie.build/Objects-normal/arm64/DotLottie.LinkFileList (in target 'DotLottie' from project 'DotLottie')
    cd /Users/khanghnguyen/Library/Developer/Xcode/DerivedData/Wishie-gavmeupfwiyxzhaiqkwzocyeeixy/SourcePackages/checkouts/dotlottie-ios
    write-file /Users/khanghnguyen/Library/Developer/Xcode/DerivedData/Wishie-gavmeupfwiyxzhaiqkwzocyeeixy/Build/Intermediates.noindex/DotLottie.build/Debug-iphoneos/DotLottie.build/Objects-normal/arm64/DotLottie.LinkFileList

WriteAuxiliaryFile /Users/khanghnguyen/Library/Developer/Xcode/DerivedData/Wishie-gavmeupfwiyxzhaiqkwzocyeeixy/Build/Intermediates.noindex/DotLottie.build/Debug-iphoneos/DotLottie.build/Objects-normal/arm64/DotLottie-OutputFileMap.json (in target 'DotLottie' from project 'DotLottie')
    cd /Users/khanghnguyen/Library/Developer/Xcode/DerivedData/Wishie-gavmeupfwiyxzhaiqkwzocyeeixy/SourcePackages/checkouts/dotlottie-ios
    write-file /Users/khanghnguyen/Library/Developer/Xcode/DerivedData/Wishie-gavmeupfwiyxzhaiqkwzocyeeixy/Build/Intermediates.noindex/DotLottie.build/Debug-iphoneos/DotLottie.build/Objects-normal/arm64/DotLottie-OutputFileMap.json

WriteAuxiliaryFile /Users/khanghnguyen/Library/Developer/Xcode/DerivedData/Wishie-gavmeupfwiyxzhaiqkwzocyeeixy/Build/Intermediates.noindex/DotLottie.build/Debug-iphoneos/DotLottie.build/DotLottie.modulemap (in target 'DotLottie' from project 'DotLottie')
    cd /Users/khanghnguyen/Library/Developer/Xcode/DerivedData/Wishie-gavmeupfwiyxzhaiqkwzocyeeixy/SourcePackages/checkouts/dotlottie-ios
    write-file /Users/khanghnguyen/Library/Developer/Xcode/DerivedData/Wishie-gavmeupfwiyxzhaiqkwzocyeeixy/Build/Intermediates.noindex/DotLottie.build/Debug-iphoneos/DotLottie.build/DotLottie.modulemap

WriteAuxiliaryFile /Users/khanghnguyen/Library/Developer/Xcode/DerivedData/Wishie-gavmeupfwiyxzhaiqkwzocyeeixy/Build/Intermediates.noindex/DotLottie.build/Debug-iphoneos/DotLottie.build/DotLottie.DependencyStaticMetadataFileList (in target 'DotLottie' from project 'DotLottie')
    cd /Users/khanghnguyen/Library/Developer/Xcode/DerivedData/Wishie-gavmeupfwiyxzhaiqkwzocyeeixy/SourcePackages/checkouts/dotlottie-ios
    write-file /Users/khanghnguyen/Library/Developer/Xcode/DerivedData/Wishie-gavmeupfwiyxzhaiqkwzocyeeixy/Build/Intermediates.noindex/DotLottie.build/Debug-iphoneos/DotLottie.build/DotLottie.DependencyStaticMetadataFileList

PrecompileModule /Users/khanghnguyen/Library/Developer/Xcode/DerivedData/Wishie-gavmeupfwiyxzhaiqkwzocyeeixy/Build/Intermediates.noindex/ExplicitPrecompiledModules/_DarwinFoundation2-3GH368W58SOPENAN7VCICTB76.scan
    cd /
    builtin-precompileModule /Users/khanghnguyen/Library/Developer/Xcode/DerivedData/Wishie-gavmeupfwiyxzhaiqkwzocyeeixy/Build/Intermediates.noindex/ExplicitPrecompiledModules/_DarwinFoundation2-3GH368W58SOPENAN7VCICTB76.scan

WriteAuxiliaryFile /Users/khanghnguyen/Library/Developer/Xcode/DerivedData/Wishie-gavmeupfwiyxzhaiqkwzocyeeixy/Build/Intermediates.noindex/DotLottie.build/Debug-iphoneos/DotLottie.build/DotLottie.DependencyMetadataFileList (in target 'DotLottie' from project 'DotLottie')
    cd /Users/khanghnguyen/Library/Developer/Xcode/DerivedData/Wishie-gavmeupfwiyxzhaiqkwzocyeeixy/SourcePackages/checkouts/dotlottie-ios
    write-file /Users/khanghnguyen/Library/Developer/Xcode/DerivedData/Wishie-gavmeupfwiyxzhaiqkwzocyeeixy/Build/Intermediates.noindex/DotLottie.build/Debug-iphoneos/DotLottie.build/DotLottie.DependencyMetadataFileList

Copy /Users/khanghnguyen/Library/Developer/Xcode/DerivedData/Wishie-gavmeupfwiyxzhaiqkwzocyeeixy/Build/Intermediates.noindex/GeneratedModuleMaps-iphoneos/DotLottie.modulemap /Users/khanghnguyen/Library/Developer/Xcode/DerivedData/Wishie-gavmeupfwiyxzhaiqkwzocyeeixy/Build/Intermediates.noindex/DotLottie.build/Debug-iphoneos/DotLottie.build/DotLottie.modulemap (in target 'DotLottie' from project 'DotLottie')
    cd /Users/khanghnguyen/Library/Developer/Xcode/DerivedData/Wishie-gavmeupfwiyxzhaiqkwzocyeeixy/SourcePackages/checkouts/dotlottie-ios
    builtin-copy -exclude .DS_Store -exclude CVS -exclude .svn -exclude .git -exclude .hg -resolve-src-symlinks /Users/khanghnguyen/Library/Developer/Xcode/DerivedData/Wishie-gavmeupfwiyxzhaiqkwzocyeeixy/Build/Intermediates.noindex/DotLottie.build/Debug-iphoneos/DotLottie.build/DotLottie.modulemap /Users/khanghnguyen/Library/Developer/Xcode/DerivedData/Wishie-gavmeupfwiyxzhaiqkwzocyeeixy/Build/Intermediates.noindex/GeneratedModuleMaps-iphoneos

PrecompileModule /Users/khanghnguyen/Library/Developer/Xcode/DerivedData/Wishie-gavmeupfwiyxzhaiqkwzocyeeixy/Build/Intermediates.noindex/ExplicitPrecompiledModules/_Builtin_limits-36NY4Z0Z5TC2UZ27IDX05GBZE.scan
    cd /
    builtin-precompileModule /Users/khanghnguyen/Library/Developer/Xcode/DerivedData/Wishie-gavmeupfwiyxzhaiqkwzocyeeixy/Build/Intermediates.noindex/ExplicitPrecompiledModules/_Builtin_limits-36NY4Z0Z5TC2UZ27IDX05GBZE.scan

PrecompileModule /Users/khanghnguyen/Library/Developer/Xcode/DerivedData/Wishie-gavmeupfwiyxzhaiqkwzocyeeixy/Build/Intermediates.noindex/ExplicitPrecompiledModules/CoreFoundation-3XOYOOE4LRZII8F42VIDOZZKF.scan
    cd /
    builtin-precompileModule /Users/khanghnguyen/Library/Developer/Xcode/DerivedData/Wishie-gavmeupfwiyxzhaiqkwzocyeeixy/Build/Intermediates.noindex/ExplicitPrecompiledModules/CoreFoundation-3XOYOOE4LRZII8F42VIDOZZKF.scan

PrecompileModule /Users/khanghnguyen/Library/Developer/Xcode/DerivedData/Wishie-gavmeupfwiyxzhaiqkwzocyeeixy/Build/Intermediates.noindex/ExplicitPrecompiledModules/XPC-32APYP8WJUNPJH4KXUDTULGXT.scan
    cd /
    builtin-precompileModule /Users/khanghnguyen/Library/Developer/Xcode/DerivedData/Wishie-gavmeupfwiyxzhaiqkwzocyeeixy/Build/Intermediates.noindex/ExplicitPrecompiledModules/XPC-32APYP8WJUNPJH4KXUDTULGXT.scan

SwiftCompile normal arm64 Compiling\ MLDSA.swift,\ Signature.swift,\ CryptoKitErrors_boring.swift,\ Optional+withUnsafeBytes_boring.swift,\ RNG_boring.swift,\ SafeCompare_boring.swift,\ Zeroization_boring.swift,\ PrettyBytes.swift,\ SafeCompare.swift,\ SecureBytes.swift,\ Zeroization.swift /Users/khanghnguyen/Library/Developer/Xcode/DerivedData/Wishie-gavmeupfwiyxzhaiqkwzocyeeixy/SourcePackages/checkouts/swift-crypto/Sources/Crypto/Signatures/MLDSA.swift /Users/khanghnguyen/Library/Developer/Xcode/DerivedData/Wishie-gavmeupfwiyxzhaiqkwzocyeeixy/SourcePackages/checkouts/swift-crypto/Sources/Crypto/Signatures/Signature.swift /Users/khanghnguyen/Library/Developer/Xcode/DerivedData/Wishie-gavmeupfwiyxzhaiqkwzocyeeixy/SourcePackages/checkouts/swift-crypto/Sources/Crypto/Util/BoringSSL/CryptoKitErrors_boring.swift /Users/khanghnguyen/Library/Developer/Xcode/DerivedData/Wishie-gavmeupfwiyxzhaiqkwzocyeeixy/SourcePackages/checkouts/swift-crypto/Sources/Crypto/Util/BoringSSL/Optional+withUnsafeBytes_boring.swift /Users/khanghnguyen/Library/Developer/Xcode/DerivedData/Wishie-gavmeupfwiyxzhaiqkwzocyeeixy/SourcePackages/checkouts/swift-crypto/Sources/Crypto/Util/BoringSSL/RNG_boring.swift /Users/khanghnguyen/Library/Developer/Xcode/DerivedData/Wishie-gavmeupfwiyxzhaiqkwzocyeeixy/SourcePackages/checkouts/swift-crypto/Sources/Crypto/Util/BoringSSL/SafeCompare_boring.swift /Users/khanghnguyen/Library/Developer/Xcode/DerivedData/Wishie-gavmeupfwiyxzhaiqkwzocyeeixy/SourcePackages/checkouts/swift-crypto/Sources/Crypto/Util/BoringSSL/Zeroization_boring.swift /Users/khanghnguyen/Library/Developer/Xcode/DerivedData/Wishie-gavmeupfwiyxzhaiqkwzocyeeixy/SourcePackages/checkouts/swift-crypto/Sources/Crypto/Util/PrettyBytes.swift /Users/khanghnguyen/Library/Developer/Xcode/DerivedData/Wishie-gavmeupfwiyxzhaiqkwzocyeeixy/SourcePackages/checkouts/swift-crypto/Sources/Crypto/Util/SafeCompare.swift /Users/khanghnguyen/Library/Developer/Xcode/DerivedData/Wishie-gavmeupfwiyxzhaiqkwzocyeeixy/SourcePackages/checkouts/swift-crypto/Sources/Crypto/Util/SecureBytes.swift /Users/khanghnguyen/Library/Developer/Xcode/DerivedData/Wishie-gavmeupfwiyxzhaiqkwzocyeeixy/SourcePackages/checkouts/swift-crypto/Sources/Crypto/Util/Zeroization.swift (in target 'Crypto' from project 'swift-crypto')

SwiftCompile normal arm64 /Users/khanghnguyen/Library/Developer/Xcode/DerivedData/Wishie-gavmeupfwiyxzhaiqkwzocyeeixy/SourcePackages/checkouts/swift-crypto/Sources/Crypto/Signatures/MLDSA.swift (in target 'Crypto' from project 'swift-crypto')
    cd /Users/khanghnguyen/Downloads/Wishie/Wishie.xcodeproj
    

SwiftCompile normal arm64 /Users/khanghnguyen/Library/Developer/Xcode/DerivedData/Wishie-gavmeupfwiyxzhaiqkwzocyeeixy/SourcePackages/checkouts/swift-crypto/Sources/Crypto/Signatures/Signature.swift (in target 'Crypto' from project 'swift-crypto')
    cd /Users/khanghnguyen/Downloads/Wishie/Wishie.xcodeproj
    

SwiftCompile normal arm64 /Users/khanghnguyen/Library/Developer/Xcode/DerivedData/Wishie-gavmeupfwiyxzhaiqkwzocyeeixy/SourcePackages/checkouts/swift-crypto/Sources/Crypto/Util/BoringSSL/CryptoKitErrors_boring.swift (in target 'Crypto' from project 'swift-crypto')
    cd /Users/khanghnguyen/Downloads/Wishie/Wishie.xcodeproj
    

SwiftCompile normal arm64 /Users/khanghnguyen/Library/Developer/Xcode/DerivedData/Wishie-gavmeupfwiyxzhaiqkwzocyeeixy/SourcePackages/checkouts/swift-crypto/Sources/Crypto/Util/BoringSSL/Optional+withUnsafeBytes_boring.swift (in target 'Crypto' from project 'swift-crypto')
    cd /Users/khanghnguyen/Downloads/Wishie/Wishie.xcodeproj
    

SwiftCompile normal arm64 /Users/khanghnguyen/Library/Developer/Xcode/DerivedData/Wishie-gavmeupfwiyxzhaiqkwzocyeeixy/SourcePackages/checkouts/swift-crypto/Sources/Crypto/Util/BoringSSL/RNG_boring.swift (in target 'Crypto' from project 'swift-crypto')
    cd /Users/khanghnguyen/Downloads/Wishie/Wishie.xcodeproj
    

SwiftCompile normal arm64 /Users/khanghnguyen/Library/Developer/Xcode/DerivedData/Wishie-gavmeupfwiyxzhaiqkwzocyeeixy/SourcePackages/checkouts/swift-crypto/Sources/Crypto/Util/BoringSSL/SafeCompare_boring.swift (in target 'Crypto' from project 'swift-crypto')
    cd /Users/khanghnguyen/Downloads/Wishie/Wishie.xcodeproj
    

SwiftCompile normal arm64 /Users/khanghnguyen/Library/Developer/Xcode/DerivedData/Wishie-gavmeupfwiyxzhaiqkwzocyeeixy/SourcePackages/checkouts/swift-crypto/Sources/Crypto/Util/BoringSSL/Zeroization_boring.swift (in target 'Crypto' from project 'swift-crypto')
    cd /Users/khanghnguyen/Downloads/Wishie/Wishie.xcodeproj
    

SwiftCompile normal arm64 /Users/khanghnguyen/Library/Developer/Xcode/DerivedData/Wishie-gavmeupfwiyxzhaiqkwzocyeeixy/SourcePackages/checkouts/swift-crypto/Sources/Crypto/Util/PrettyBytes.swift (in target 'Crypto' from project 'swift-crypto')
    cd /Users/khanghnguyen/Downloads/Wishie/Wishie.xcodeproj
    

SwiftCompile normal arm64 /Users/khanghnguyen/Library/Developer/Xcode/DerivedData/Wishie-gavmeupfwiyxzhaiqkwzocyeeixy/SourcePackages/checkouts/swift-crypto/Sources/Crypto/Util/SafeCompare.swift (in target 'Crypto' from project 'swift-crypto')
    cd /Users/khanghnguyen/Downloads/Wishie/Wishie.xcodeproj
    

SwiftCompile normal arm64 /Users/khanghnguyen/Library/Developer/Xcode/DerivedData/Wishie-gavmeupfwiyxzhaiqkwzocyeeixy/SourcePackages/checkouts/swift-crypto/Sources/Crypto/Util/SecureBytes.swift (in target 'Crypto' from project 'swift-crypto')
    cd /Users/khanghnguyen/Downloads/Wishie/Wishie.xcodeproj
    

SwiftCompile normal arm64 /Users/khanghnguyen/Library/Developer/Xcode/DerivedData/Wishie-gavmeupfwiyxzhaiqkwzocyeeixy/SourcePackages/checkouts/swift-crypto/Sources/Crypto/Util/Zeroization.swift (in target 'Crypto' from project 'swift-crypto')
    cd /Users/khanghnguyen/Downloads/Wishie/Wishie.xcodeproj
    

PrecompileModule /Users/khanghnguyen/Library/Developer/Xcode/DerivedData/Wishie-gavmeupfwiyxzhaiqkwzocyeeixy/Build/Intermediates.noindex/ExplicitPrecompiledModules/CoreImage-2M7HY3DIR68UHEU8PPHLZB7D6.scan
    cd /
    builtin-precompileModule /Users/khanghnguyen/Library/Developer/Xcode/DerivedData/Wishie-gavmeupfwiyxzhaiqkwzocyeeixy/Build/Intermediates.noindex/ExplicitPrecompiledModules/CoreImage-2M7HY3DIR68UHEU8PPHLZB7D6.scan

SwiftDriverJobDiscovery normal arm64 Compiling FirebaseRemoteConfigValueDecoding.swift (in target 'FirebaseSharedSwift' from project 'Firebase')

PrecompileModule /Users/khanghnguyen/Library/Developer/Xcode/DerivedData/Wishie-gavmeupfwiyxzhaiqkwzocyeeixy/Build/Intermediates.noindex/ExplicitPrecompiledModules/QuartzCore-4JFTLULM0GBH9OIYRU7I195HZ.scan
    cd /
    builtin-precompileModule /Users/khanghnguyen/Library/Developer/Xcode/DerivedData/Wishie-gavmeupfwiyxzhaiqkwzocyeeixy/Build/Intermediates.noindex/ExplicitPrecompiledModules/QuartzCore-4JFTLULM0GBH9OIYRU7I195HZ.scan

PrecompileModule /Users/khanghnguyen/Library/Developer/Xcode/DerivedData/Wishie-gavmeupfwiyxzhaiqkwzocyeeixy/Build/Intermediates.noindex/ExplicitPrecompiledModules/Accelerate-B66XZ9T6FVZ9ZV0WVJW61YZKJ.scan
    cd /
    builtin-precompileModule /Users/khanghnguyen/Library/Developer/Xcode/DerivedData/Wishie-gavmeupfwiyxzhaiqkwzocyeeixy/Build/Intermediates.noindex/ExplicitPrecompiledModules/Accelerate-B66XZ9T6FVZ9ZV0WVJW61YZKJ.scan

PrecompileModule /Users/khanghnguyen/Library/Developer/Xcode/DerivedData/Wishie-gavmeupfwiyxzhaiqkwzocyeeixy/Build/Intermediates.noindex/ExplicitPrecompiledModules/_Builtin_stdint-FUUTOG4RYYIIFMU8RIYGZ9D5.scan
    cd /
    builtin-precompileModule /Users/khanghnguyen/Library/Developer/Xcode/DerivedData/Wishie-gavmeupfwiyxzhaiqkwzocyeeixy/Build/Intermediates.noindex/ExplicitPrecompiledModules/_Builtin_stdint-FUUTOG4RYYIIFMU8RIYGZ9D5.scan

PrecompileModule /Users/khanghnguyen/Library/Developer/Xcode/DerivedData/Wishie-gavmeupfwiyxzhaiqkwzocyeeixy/Build/Intermediates.noindex/ExplicitPrecompiledModules/Security-77WFL722F321SNETC2MO10E6P.scan
    cd /
    builtin-precompileModule /Users/khanghnguyen/Library/Developer/Xcode/DerivedData/Wishie-gavmeupfwiyxzhaiqkwzocyeeixy/Build/Intermediates.noindex/ExplicitPrecompiledModules/Security-77WFL722F321SNETC2MO10E6P.scan

PrecompileModule /Users/khanghnguyen/Library/Developer/Xcode/DerivedData/Wishie-gavmeupfwiyxzhaiqkwzocyeeixy/Build/Intermediates.noindex/ExplicitPrecompiledModules/CFNetwork-97WSGYP98AJWC9GVO50XI6V6B.scan
    cd /
    builtin-precompileModule /Users/khanghnguyen/Library/Developer/Xcode/DerivedData/Wishie-gavmeupfwiyxzhaiqkwzocyeeixy/Build/Intermediates.noindex/ExplicitPrecompiledModules/CFNetwork-97WSGYP98AJWC9GVO50XI6V6B.scan

PrecompileModule /Users/khanghnguyen/Library/Developer/Xcode/DerivedData/Wishie-gavmeupfwiyxzhaiqkwzocyeeixy/Build/Intermediates.noindex/ExplicitPrecompiledModules/_DarwinFoundation3-4JHN5VP27RX559CVLLS54Y18P.scan
    cd /
    builtin-precompileModule /Users/khanghnguyen/Library/Developer/Xcode/DerivedData/Wishie-gavmeupfwiyxzhaiqkwzocyeeixy/Build/Intermediates.noindex/ExplicitPrecompiledModules/_DarwinFoundation3-4JHN5VP27RX559CVLLS54Y18P.scan

SwiftCompile normal arm64 Compiling\ CryptoError_boring.swift,\ CryptoKitErrors.swift,\ Digest_boring.swift,\ Digest.swift,\ Digests.swift,\ HashFunctions.swift,\ HashFunctions_SHA2.swift,\ HashFunctions_SHA3.swift,\ Digest_xkcp.swift,\ HPKE-AEAD.swift,\ HPKE-Ciphersuite.swift,\ HPKE-KDF.swift /Users/khanghnguyen/Library/Developer/Xcode/DerivedData/Wishie-gavmeupfwiyxzhaiqkwzocyeeixy/SourcePackages/checkouts/swift-crypto/Sources/Crypto/CryptoError_boring.swift /Users/khanghnguyen/Library/Developer/Xcode/DerivedData/Wishie-gavmeupfwiyxzhaiqkwzocyeeixy/SourcePackages/checkouts/swift-crypto/Sources/Crypto/CryptoKitErrors.swift /Users/khanghnguyen/Library/Developer/Xcode/DerivedData/Wishie-gavmeupfwiyxzhaiqkwzocyeeixy/SourcePackages/checkouts/swift-crypto/Sources/Crypto/Digests/BoringSSL/Digest_boring.swift /Users/khanghnguyen/Library/Developer/Xcode/DerivedData/Wishie-gavmeupfwiyxzhaiqkwzocyeeixy/SourcePackages/checkouts/swift-crypto/Sources/Crypto/Digests/Digest.swift /Users/khanghnguyen/Library/Developer/Xcode/DerivedData/Wishie-gavmeupfwiyxzhaiqkwzocyeeixy/SourcePackages/checkouts/swift-crypto/Sources/Crypto/Digests/Digests.swift /Users/khanghnguyen/Library/Developer/Xcode/DerivedData/Wishie-gavmeupfwiyxzhaiqkwzocyeeixy/SourcePackages/checkouts/swift-crypto/Sources/Crypto/Digests/HashFunctions.swift /Users/khanghnguyen/Library/Developer/Xcode/DerivedData/Wishie-gavmeupfwiyxzhaiqkwzocyeeixy/SourcePackages/checkouts/swift-crypto/Sources/Crypto/Digests/HashFunctions_SHA2.swift /Users/khanghnguyen/Library/Developer/Xcode/DerivedData/Wishie-gavmeupfwiyxzhaiqkwzocyeeixy/SourcePackages/checkouts/swift-crypto/Sources/Crypto/Digests/HashFunctions_SHA3.swift /Users/khanghnguyen/Library/Developer/Xcode/DerivedData/Wishie-gavmeupfwiyxzhaiqkwzocyeeixy/SourcePackages/checkouts/swift-crypto/Sources/Crypto/Digests/XKCP/Digest_xkcp.swift /Users/khanghnguyen/Library/Developer/Xcode/DerivedData/Wishie-gavmeupfwiyxzhaiqkwzocyeeixy/SourcePackages/checkouts/swift-crypto/Sources/Crypto/HPKE/Ciphersuite/HPKE-AEAD.swift /Users/khanghnguyen/Library/Developer/Xcode/DerivedData/Wishie-gavmeupfwiyxzhaiqkwzocyeeixy/SourcePackages/checkouts/swift-crypto/Sources/Crypto/HPKE/Ciphersuite/HPKE-Ciphersuite.swift /Users/khanghnguyen/Library/Developer/Xcode/DerivedData/Wishie-gavmeupfwiyxzhaiqkwzocyeeixy/SourcePackages/checkouts/swift-crypto/Sources/Crypto/HPKE/Ciphersuite/HPKE-KDF.swift (in target 'Crypto' from project 'swift-crypto')

SwiftCompile normal arm64 /Users/khanghnguyen/Library/Developer/Xcode/DerivedData/Wishie-gavmeupfwiyxzhaiqkwzocyeeixy/SourcePackages/checkouts/swift-crypto/Sources/Crypto/CryptoError_boring.swift (in target 'Crypto' from project 'swift-crypto')
    cd /Users/khanghnguyen/Downloads/Wishie/Wishie.xcodeproj
    

SwiftCompile normal arm64 /Users/khanghnguyen/Library/Developer/Xcode/DerivedData/Wishie-gavmeupfwiyxzhaiqkwzocyeeixy/SourcePackages/checkouts/swift-crypto/Sources/Crypto/CryptoKitErrors.swift (in target 'Crypto' from project 'swift-crypto')
    cd /Users/khanghnguyen/Downloads/Wishie/Wishie.xcodeproj
    

SwiftCompile normal arm64 /Users/khanghnguyen/Library/Developer/Xcode/DerivedData/Wishie-gavmeupfwiyxzhaiqkwzocyeeixy/SourcePackages/checkouts/swift-crypto/Sources/Crypto/Digests/BoringSSL/Digest_boring.swift (in target 'Crypto' from project 'swift-crypto')
    cd /Users/khanghnguyen/Downloads/Wishie/Wishie.xcodeproj
    

SwiftCompile normal arm64 /Users/khanghnguyen/Library/Developer/Xcode/DerivedData/Wishie-gavmeupfwiyxzhaiqkwzocyeeixy/SourcePackages/checkouts/swift-crypto/Sources/Crypto/Digests/Digest.swift (in target 'Crypto' from project 'swift-crypto')
    cd /Users/khanghnguyen/Downloads/Wishie/Wishie.xcodeproj
    

SwiftCompile normal arm64 /Users/khanghnguyen/Library/Developer/Xcode/DerivedData/Wishie-gavmeupfwiyxzhaiqkwzocyeeixy/SourcePackages/checkouts/swift-crypto/Sources/Crypto/Digests/Digests.swift (in target 'Crypto' from project 'swift-crypto')
    cd /Users/khanghnguyen/Downloads/Wishie/Wishie.xcodeproj
    

SwiftCompile normal arm64 /Users/khanghnguyen/Library/Developer/Xcode/DerivedData/Wishie-gavmeupfwiyxzhaiqkwzocyeeixy/SourcePackages/checkouts/swift-crypto/Sources/Crypto/Digests/HashFunctions.swift (in target 'Crypto' from project 'swift-crypto')
    cd /Users/khanghnguyen/Downloads/Wishie/Wishie.xcodeproj
    

SwiftCompile normal arm64 /Users/khanghnguyen/Library/Developer/Xcode/DerivedData/Wishie-gavmeupfwiyxzhaiqkwzocyeeixy/SourcePackages/checkouts/swift-crypto/Sources/Crypto/Digests/HashFunctions_SHA2.swift (in target 'Crypto' from project 'swift-crypto')
    cd /Users/khanghnguyen/Downloads/Wishie/Wishie.xcodeproj
    

SwiftCompile normal arm64 /Users/khanghnguyen/Library/Developer/Xcode/DerivedData/Wishie-gavmeupfwiyxzhaiqkwzocyeeixy/SourcePackages/checkouts/swift-crypto/Sources/Crypto/Digests/HashFunctions_SHA3.swift (in target 'Crypto' from project 'swift-crypto')
    cd /Users/khanghnguyen/Downloads/Wishie/Wishie.xcodeproj
    

SwiftCompile normal arm64 /Users/khanghnguyen/Library/Developer/Xcode/DerivedData/Wishie-gavmeupfwiyxzhaiqkwzocyeeixy/SourcePackages/checkouts/swift-crypto/Sources/Crypto/Digests/XKCP/Digest_xkcp.swift (in target 'Crypto' from project 'swift-crypto')
    cd /Users/khanghnguyen/Downloads/Wishie/Wishie.xcodeproj
    

SwiftCompile normal arm64 /Users/khanghnguyen/Library/Developer/Xcode/DerivedData/Wishie-gavmeupfwiyxzhaiqkwzocyeeixy/SourcePackages/checkouts/swift-crypto/Sources/Crypto/HPKE/Ciphersuite/HPKE-AEAD.swift (in target 'Crypto' from project 'swift-crypto')
    cd /Users/khanghnguyen/Downloads/Wishie/Wishie.xcodeproj
    

SwiftCompile normal arm64 /Users/khanghnguyen/Library/Developer/Xcode/DerivedData/Wishie-gavmeupfwiyxzhaiqkwzocyeeixy/SourcePackages/checkouts/swift-crypto/Sources/Crypto/HPKE/Ciphersuite/HPKE-Ciphersuite.swift (in target 'Crypto' from project 'swift-crypto')
    cd /Users/khanghnguyen/Downloads/Wishie/Wishie.xcodeproj
    

SwiftCompile normal arm64 /Users/khanghnguyen/Library/Developer/Xcode/DerivedData/Wishie-gavmeupfwiyxzhaiqkwzocyeeixy/SourcePackages/checkouts/swift-crypto/Sources/Crypto/HPKE/Ciphersuite/HPKE-KDF.swift (in target 'Crypto' from project 'swift-crypto')
    cd /Users/khanghnguyen/Downloads/Wishie/Wishie.xcodeproj
    

PrecompileModule /Users/khanghnguyen/Library/Developer/Xcode/DerivedData/Wishie-gavmeupfwiyxzhaiqkwzocyeeixy/Build/Intermediates.noindex/ExplicitPrecompiledModules/UIKit-EY5SP899G04T3L40W6QGXNF88.scan
    cd /
    builtin-precompileModule /Users/khanghnguyen/Library/Developer/Xcode/DerivedData/Wishie-gavmeupfwiyxzhaiqkwzocyeeixy/Build/Intermediates.noindex/ExplicitPrecompiledModules/UIKit-EY5SP899G04T3L40W6QGXNF88.scan

SwiftCompile normal arm64 Compiling\ Insecure.swift,\ Insecure_HashFunctions.swift,\ MLKEM_boring.swift,\ MLKEM_wrapper.swift,\ XWing_boring.swift,\ KEM-Errors.swift,\ KEM.swift,\ MLKEM.swift,\ XWing.swift,\ ECDH_boring.swift,\ DH.swift,\ ECDH.swift /Users/khanghnguyen/Library/Developer/Xcode/DerivedData/Wishie-gavmeupfwiyxzhaiqkwzocyeeixy/SourcePackages/checkouts/swift-crypto/Sources/Crypto/Insecure/Insecure.swift /Users/khanghnguyen/Library/Developer/Xcode/DerivedData/Wishie-gavmeupfwiyxzhaiqkwzocyeeixy/SourcePackages/checkouts/swift-crypto/Sources/Crypto/Insecure/Insecure_HashFunctions.swift /Users/khanghnguyen/Library/Developer/Xcode/DerivedData/Wishie-gavmeupfwiyxzhaiqkwzocyeeixy/SourcePackages/checkouts/swift-crypto/Sources/Crypto/KEM/BoringSSL/MLKEM_boring.swift /Users/khanghnguyen/Library/Developer/Xcode/DerivedData/Wishie-gavmeupfwiyxzhaiqkwzocyeeixy/SourcePackages/checkouts/swift-crypto/Sources/Crypto/KEM/BoringSSL/MLKEM_wrapper.swift /Users/khanghnguyen/Library/Developer/Xcode/DerivedData/Wishie-gavmeupfwiyxzhaiqkwzocyeeixy/SourcePackages/checkouts/swift-crypto/Sources/Crypto/KEM/BoringSSL/XWing_boring.swift /Users/khanghnguyen/Library/Developer/Xcode/DerivedData/Wishie-gavmeupfwiyxzhaiqkwzocyeeixy/SourcePackages/checkouts/swift-crypto/Sources/Crypto/KEM/KEM-Errors.swift /Users/khanghnguyen/Library/Developer/Xcode/DerivedData/Wishie-gavmeupfwiyxzhaiqkwzocyeeixy/SourcePackages/checkouts/swift-crypto/Sources/Crypto/KEM/KEM.swift /Users/khanghnguyen/Library/Developer/Xcode/DerivedData/Wishie-gavmeupfwiyxzhaiqkwzocyeeixy/SourcePackages/checkouts/swift-crypto/Sources/Crypto/KEM/MLKEM.swift /Users/khanghnguyen/Library/Developer/Xcode/DerivedData/Wishie-gavmeupfwiyxzhaiqkwzocyeeixy/SourcePackages/checkouts/swift-crypto/Sources/Crypto/KEM/XWing.swift /Users/khanghnguyen/Library/Developer/Xcode/DerivedData/Wishie-gavmeupfwiyxzhaiqkwzocyeeixy/SourcePackages/checkouts/swift-crypto/Sources/Crypto/Key\ Agreement/BoringSSL/ECDH_boring.swift /Users/khanghnguyen/Library/Developer/Xcode/DerivedData/Wishie-gavmeupfwiyxzhaiqkwzocyeeixy/SourcePackages/checkouts/swift-crypto/Sources/Crypto/Key\ Agreement/DH.swift /Users/khanghnguyen/Library/Developer/Xcode/DerivedData/Wishie-gavmeupfwiyxzhaiqkwzocyeeixy/SourcePackages/checkouts/swift-crypto/Sources/Crypto/Key\ Agreement/ECDH.swift (in target 'Crypto' from project 'swift-crypto')

SwiftCompile normal arm64 /Users/khanghnguyen/Library/Developer/Xcode/DerivedData/Wishie-gavmeupfwiyxzhaiqkwzocyeeixy/SourcePackages/checkouts/swift-crypto/Sources/Crypto/Insecure/Insecure.swift (in target 'Crypto' from project 'swift-crypto')
    cd /Users/khanghnguyen/Downloads/Wishie/Wishie.xcodeproj
    

SwiftCompile normal arm64 /Users/khanghnguyen/Library/Developer/Xcode/DerivedData/Wishie-gavmeupfwiyxzhaiqkwzocyeeixy/SourcePackages/checkouts/swift-crypto/Sources/Crypto/Insecure/Insecure_HashFunctions.swift (in target 'Crypto' from project 'swift-crypto')
    cd /Users/khanghnguyen/Downloads/Wishie/Wishie.xcodeproj
    

SwiftCompile normal arm64 /Users/khanghnguyen/Library/Developer/Xcode/DerivedData/Wishie-gavmeupfwiyxzhaiqkwzocyeeixy/SourcePackages/checkouts/swift-crypto/Sources/Crypto/KEM/BoringSSL/MLKEM_boring.swift (in target 'Crypto' from project 'swift-crypto')
    cd /Users/khanghnguyen/Downloads/Wishie/Wishie.xcodeproj
    

SwiftCompile normal arm64 /Users/khanghnguyen/Library/Developer/Xcode/DerivedData/Wishie-gavmeupfwiyxzhaiqkwzocyeeixy/SourcePackages/checkouts/swift-crypto/Sources/Crypto/KEM/BoringSSL/MLKEM_wrapper.swift (in target 'Crypto' from project 'swift-crypto')
    cd /Users/khanghnguyen/Downloads/Wishie/Wishie.xcodeproj
    

SwiftCompile normal arm64 /Users/khanghnguyen/Library/Developer/Xcode/DerivedData/Wishie-gavmeupfwiyxzhaiqkwzocyeeixy/SourcePackages/checkouts/swift-crypto/Sources/Crypto/KEM/BoringSSL/XWing_boring.swift (in target 'Crypto' from project 'swift-crypto')
    cd /Users/khanghnguyen/Downloads/Wishie/Wishie.xcodeproj
    

SwiftCompile normal arm64 /Users/khanghnguyen/Library/Developer/Xcode/DerivedData/Wishie-gavmeupfwiyxzhaiqkwzocyeeixy/SourcePackages/checkouts/swift-crypto/Sources/Crypto/KEM/KEM-Errors.swift (in target 'Crypto' from project 'swift-crypto')
    cd /Users/khanghnguyen/Downloads/Wishie/Wishie.xcodeproj
    

SwiftCompile normal arm64 /Users/khanghnguyen/Library/Developer/Xcode/DerivedData/Wishie-gavmeupfwiyxzhaiqkwzocyeeixy/SourcePackages/checkouts/swift-crypto/Sources/Crypto/KEM/KEM.swift (in target 'Crypto' from project 'swift-crypto')
    cd /Users/khanghnguyen/Downloads/Wishie/Wishie.xcodeproj
    

SwiftCompile normal arm64 /Users/khanghnguyen/Library/Developer/Xcode/DerivedData/Wishie-gavmeupfwiyxzhaiqkwzocyeeixy/SourcePackages/checkouts/swift-crypto/Sources/Crypto/KEM/MLKEM.swift (in target 'Crypto' from project 'swift-crypto')
    cd /Users/khanghnguyen/Downloads/Wishie/Wishie.xcodeproj
    

SwiftCompile normal arm64 /Users/khanghnguyen/Library/Developer/Xcode/DerivedData/Wishie-gavmeupfwiyxzhaiqkwzocyeeixy/SourcePackages/checkouts/swift-crypto/Sources/Crypto/KEM/XWing.swift (in target 'Crypto' from project 'swift-crypto')
    cd /Users/khanghnguyen/Downloads/Wishie/Wishie.xcodeproj
    

SwiftCompile normal arm64 /Users/khanghnguyen/Library/Developer/Xcode/DerivedData/Wishie-gavmeupfwiyxzhaiqkwzocyeeixy/SourcePackages/checkouts/swift-crypto/Sources/Crypto/Key\ Agreement/BoringSSL/ECDH_boring.swift (in target 'Crypto' from project 'swift-crypto')
    cd /Users/khanghnguyen/Downloads/Wishie/Wishie.xcodeproj
    

SwiftCompile normal arm64 /Users/khanghnguyen/Library/Developer/Xcode/DerivedData/Wishie-gavmeupfwiyxzhaiqkwzocyeeixy/SourcePackages/checkouts/swift-crypto/Sources/Crypto/Key\ Agreement/DH.swift (in target 'Crypto' from project 'swift-crypto')
    cd /Users/khanghnguyen/Downloads/Wishie/Wishie.xcodeproj
    

SwiftCompile normal arm64 /Users/khanghnguyen/Library/Developer/Xcode/DerivedData/Wishie-gavmeupfwiyxzhaiqkwzocyeeixy/SourcePackages/checkouts/swift-crypto/Sources/Crypto/Key\ Agreement/ECDH.swift (in target 'Crypto' from project 'swift-crypto')
    cd /Users/khanghnguyen/Downloads/Wishie/Wishie.xcodeproj
    

SwiftCompile normal arm64 Compiling\ HMAC.swift,\ MACFunctions.swift,\ MessageAuthenticationCode.swift,\ AES.swift,\ ECDSASignature_boring.swift,\ ECDSA_boring.swift,\ EdDSA_boring.swift,\ MLDSA_boring.swift,\ MLDSA_wrapper.swift,\ ECDSA.swift,\ Ed25519.swift /Users/khanghnguyen/Library/Developer/Xcode/DerivedData/Wishie-gavmeupfwiyxzhaiqkwzocyeeixy/SourcePackages/checkouts/swift-crypto/Sources/Crypto/Message\ Authentication\ Codes/HMAC/HMAC.swift /Users/khanghnguyen/Library/Developer/Xcode/DerivedData/Wishie-gavmeupfwiyxzhaiqkwzocyeeixy/SourcePackages/checkouts/swift-crypto/Sources/Crypto/Message\ Authentication\ Codes/MACFunctions.swift /Users/khanghnguyen/Library/Developer/Xcode/DerivedData/Wishie-gavmeupfwiyxzhaiqkwzocyeeixy/SourcePackages/checkouts/swift-crypto/Sources/Crypto/Message\ Authentication\ Codes/MessageAuthenticationCode.swift /Users/khanghnguyen/Library/Developer/Xcode/DerivedData/Wishie-gavmeupfwiyxzhaiqkwzocyeeixy/SourcePackages/checkouts/swift-crypto/Sources/Crypto/PRF/AES.swift /Users/khanghnguyen/Library/Developer/Xcode/DerivedData/Wishie-gavmeupfwiyxzhaiqkwzocyeeixy/SourcePackages/checkouts/swift-crypto/Sources/Crypto/Signatures/BoringSSL/ECDSASignature_boring.swift /Users/khanghnguyen/Library/Developer/Xcode/DerivedData/Wishie-gavmeupfwiyxzhaiqkwzocyeeixy/SourcePackages/checkouts/swift-crypto/Sources/Crypto/Signatures/BoringSSL/ECDSA_boring.swift /Users/khanghnguyen/Library/Developer/Xcode/DerivedData/Wishie-gavmeupfwiyxzhaiqkwzocyeeixy/SourcePackages/checkouts/swift-crypto/Sources/Crypto/Signatures/BoringSSL/EdDSA_boring.swift /Users/khanghnguyen/Library/Developer/Xcode/DerivedData/Wishie-gavmeupfwiyxzhaiqkwzocyeeixy/SourcePackages/checkouts/swift-crypto/Sources/Crypto/Signatures/BoringSSL/MLDSA_boring.swift /Users/khanghnguyen/Library/Developer/Xcode/DerivedData/Wishie-gavmeupfwiyxzhaiqkwzocyeeixy/SourcePackages/checkouts/swift-crypto/Sources/Crypto/Signatures/BoringSSL/MLDSA_wrapper.swift /Users/khanghnguyen/Library/Developer/Xcode/DerivedData/Wishie-gavmeupfwiyxzhaiqkwzocyeeixy/SourcePackages/checkouts/swift-crypto/Sources/Crypto/Signatures/ECDSA.swift /Users/khanghnguyen/Library/Developer/Xcode/DerivedData/Wishie-gavmeupfwiyxzhaiqkwzocyeeixy/SourcePackages/checkouts/swift-crypto/Sources/Crypto/Signatures/Ed25519.swift (in target 'Crypto' from project 'swift-crypto')

SwiftCompile normal arm64 /Users/khanghnguyen/Library/Developer/Xcode/DerivedData/Wishie-gavmeupfwiyxzhaiqkwzocyeeixy/SourcePackages/checkouts/swift-crypto/Sources/Crypto/Message\ Authentication\ Codes/HMAC/HMAC.swift (in target 'Crypto' from project 'swift-crypto')
    cd /Users/khanghnguyen/Downloads/Wishie/Wishie.xcodeproj
    

SwiftCompile normal arm64 /Users/khanghnguyen/Library/Developer/Xcode/DerivedData/Wishie-gavmeupfwiyxzhaiqkwzocyeeixy/SourcePackages/checkouts/swift-crypto/Sources/Crypto/Message\ Authentication\ Codes/MACFunctions.swift (in target 'Crypto' from project 'swift-crypto')
    cd /Users/khanghnguyen/Downloads/Wishie/Wishie.xcodeproj
    

SwiftCompile normal arm64 /Users/khanghnguyen/Library/Developer/Xcode/DerivedData/Wishie-gavmeupfwiyxzhaiqkwzocyeeixy/SourcePackages/checkouts/swift-crypto/Sources/Crypto/Message\ Authentication\ Codes/MessageAuthenticationCode.swift (in target 'Crypto' from project 'swift-crypto')
    cd /Users/khanghnguyen/Downloads/Wishie/Wishie.xcodeproj
    

SwiftCompile normal arm64 /Users/khanghnguyen/Library/Developer/Xcode/DerivedData/Wishie-gavmeupfwiyxzhaiqkwzocyeeixy/SourcePackages/checkouts/swift-crypto/Sources/Crypto/PRF/AES.swift (in target 'Crypto' from project 'swift-crypto')
    cd /Users/khanghnguyen/Downloads/Wishie/Wishie.xcodeproj
    

SwiftCompile normal arm64 /Users/khanghnguyen/Library/Developer/Xcode/DerivedData/Wishie-gavmeupfwiyxzhaiqkwzocyeeixy/SourcePackages/checkouts/swift-crypto/Sources/Crypto/Signatures/BoringSSL/ECDSASignature_boring.swift (in target 'Crypto' from project 'swift-crypto')
    cd /Users/khanghnguyen/Downloads/Wishie/Wishie.xcodeproj
    

SwiftCompile normal arm64 /Users/khanghnguyen/Library/Developer/Xcode/DerivedData/Wishie-gavmeupfwiyxzhaiqkwzocyeeixy/SourcePackages/checkouts/swift-crypto/Sources/Crypto/Signatures/BoringSSL/ECDSA_boring.swift (in target 'Crypto' from project 'swift-crypto')
    cd /Users/khanghnguyen/Downloads/Wishie/Wishie.xcodeproj
    

SwiftCompile normal arm64 /Users/khanghnguyen/Library/Developer/Xcode/DerivedData/Wishie-gavmeupfwiyxzhaiqkwzocyeeixy/SourcePackages/checkouts/swift-crypto/Sources/Crypto/Signatures/BoringSSL/EdDSA_boring.swift (in target 'Crypto' from project 'swift-crypto')
    cd /Users/khanghnguyen/Downloads/Wishie/Wishie.xcodeproj
    

SwiftCompile normal arm64 /Users/khanghnguyen/Library/Developer/Xcode/DerivedData/Wishie-gavmeupfwiyxzhaiqkwzocyeeixy/SourcePackages/checkouts/swift-crypto/Sources/Crypto/Signatures/BoringSSL/MLDSA_boring.swift (in target 'Crypto' from project 'swift-crypto')
    cd /Users/khanghnguyen/Downloads/Wishie/Wishie.xcodeproj
    

SwiftCompile normal arm64 /Users/khanghnguyen/Library/Developer/Xcode/DerivedData/Wishie-gavmeupfwiyxzhaiqkwzocyeeixy/SourcePackages/checkouts/swift-crypto/Sources/Crypto/Signatures/BoringSSL/MLDSA_wrapper.swift (in target 'Crypto' from project 'swift-crypto')
    cd /Users/khanghnguyen/Downloads/Wishie/Wishie.xcodeproj
    

SwiftCompile normal arm64 /Users/khanghnguyen/Library/Developer/Xcode/DerivedData/Wishie-gavmeupfwiyxzhaiqkwzocyeeixy/SourcePackages/checkouts/swift-crypto/Sources/Crypto/Signatures/ECDSA.swift (in target 'Crypto' from project 'swift-crypto')
    cd /Users/khanghnguyen/Downloads/Wishie/Wishie.xcodeproj
    

SwiftCompile normal arm64 /Users/khanghnguyen/Library/Developer/Xcode/DerivedData/Wishie-gavmeupfwiyxzhaiqkwzocyeeixy/SourcePackages/checkouts/swift-crypto/Sources/Crypto/Signatures/Ed25519.swift (in target 'Crypto' from project 'swift-crypto')
    cd /Users/khanghnguyen/Downloads/Wishie/Wishie.xcodeproj
    

PrecompileModule /Users/khanghnguyen/Library/Developer/Xcode/DerivedData/Wishie-gavmeupfwiyxzhaiqkwzocyeeixy/Build/Intermediates.noindex/ExplicitPrecompiledModules/Foundation-BBMF59P7QI630AP4EUSIU2D14.scan
    cd /
    builtin-precompileModule /Users/khanghnguyen/Library/Developer/Xcode/DerivedData/Wishie-gavmeupfwiyxzhaiqkwzocyeeixy/Build/Intermediates.noindex/ExplicitPrecompiledModules/Foundation-BBMF59P7QI630AP4EUSIU2D14.scan

PrecompileModule /Users/khanghnguyen/Library/Developer/Xcode/DerivedData/Wishie-gavmeupfwiyxzhaiqkwzocyeeixy/Build/Intermediates.noindex/ExplicitPrecompiledModules/_Builtin_inttypes-AIEWS6I7QVQSDP0ZNUU26TERK.scan
    cd /
    builtin-precompileModule /Users/khanghnguyen/Library/Developer/Xcode/DerivedData/Wishie-gavmeupfwiyxzhaiqkwzocyeeixy/Build/Intermediates.noindex/ExplicitPrecompiledModules/_Builtin_inttypes-AIEWS6I7QVQSDP0ZNUU26TERK.scan

SwiftCompile normal arm64 Compiling\ ANSIx963.swift,\ HKDF.swift,\ AESWrap.swift,\ AESWrap_boring.swift,\ Ed25519_boring.swift,\ NISTCurvesKeys_boring.swift,\ X25519Keys_boring.swift,\ Curve25519.swift,\ Ed25519Keys.swift,\ NISTCurvesKeys.swift,\ X25519Keys.swift,\ SymmetricKeys.swift /Users/khanghnguyen/Library/Developer/Xcode/DerivedData/Wishie-gavmeupfwiyxzhaiqkwzocyeeixy/SourcePackages/checkouts/swift-crypto/Sources/Crypto/Key\ Derivation/ANSIx963.swift /Users/khanghnguyen/Library/Developer/Xcode/DerivedData/Wishie-gavmeupfwiyxzhaiqkwzocyeeixy/SourcePackages/checkouts/swift-crypto/Sources/Crypto/Key\ Derivation/HKDF.swift /Users/khanghnguyen/Library/Developer/Xcode/DerivedData/Wishie-gavmeupfwiyxzhaiqkwzocyeeixy/SourcePackages/checkouts/swift-crypto/Sources/Crypto/Key\ Wrapping/AESWrap.swift /Users/khanghnguyen/Library/Developer/Xcode/DerivedData/Wishie-gavmeupfwiyxzhaiqkwzocyeeixy/SourcePackages/checkouts/swift-crypto/Sources/Crypto/Key\ Wrapping/BoringSSL/AESWrap_boring.swift /Users/khanghnguyen/Library/Developer/Xcode/DerivedData/Wishie-gavmeupfwiyxzhaiqkwzocyeeixy/SourcePackages/checkouts/swift-crypto/Sources/Crypto/Keys/EC/BoringSSL/Ed25519_boring.swift /Users/khanghnguyen/Library/Developer/Xcode/DerivedData/Wishie-gavmeupfwiyxzhaiqkwzocyeeixy/SourcePackages/checkouts/swift-crypto/Sources/Crypto/Keys/EC/BoringSSL/NISTCurvesKeys_boring.swift /Users/khanghnguyen/Library/Developer/Xcode/DerivedData/Wishie-gavmeupfwiyxzhaiqkwzocyeeixy/SourcePackages/checkouts/swift-crypto/Sources/Crypto/Keys/EC/BoringSSL/X25519Keys_boring.swift /Users/khanghnguyen/Library/Developer/Xcode/DerivedData/Wishie-gavmeupfwiyxzhaiqkwzocyeeixy/SourcePackages/checkouts/swift-crypto/Sources/Crypto/Keys/EC/Curve25519.swift /Users/khanghnguyen/Library/Developer/Xcode/DerivedData/Wishie-gavmeupfwiyxzhaiqkwzocyeeixy/SourcePackages/checkouts/swift-crypto/Sources/Crypto/Keys/EC/Ed25519Keys.swift /Users/khanghnguyen/Library/Developer/Xcode/DerivedData/Wishie-gavmeupfwiyxzhaiqkwzocyeeixy/SourcePackages/checkouts/swift-crypto/Sources/Crypto/Keys/EC/NISTCurvesKeys.swift /Users/khanghnguyen/Library/Developer/Xcode/DerivedData/Wishie-gavmeupfwiyxzhaiqkwzocyeeixy/SourcePackages/checkouts/swift-crypto/Sources/Crypto/Keys/EC/X25519Keys.swift /Users/khanghnguyen/Library/Developer/Xcode/DerivedData/Wishie-gavmeupfwiyxzhaiqkwzocyeeixy/SourcePackages/checkouts/swift-crypto/Sources/Crypto/Keys/Symmetric/SymmetricKeys.swift (in target 'Crypto' from project 'swift-crypto')

SwiftCompile normal arm64 /Users/khanghnguyen/Library/Developer/Xcode/DerivedData/Wishie-gavmeupfwiyxzhaiqkwzocyeeixy/SourcePackages/checkouts/swift-crypto/Sources/Crypto/Key\ Derivation/ANSIx963.swift (in target 'Crypto' from project 'swift-crypto')
    cd /Users/khanghnguyen/Downloads/Wishie/Wishie.xcodeproj
    

SwiftCompile normal arm64 /Users/khanghnguyen/Library/Developer/Xcode/DerivedData/Wishie-gavmeupfwiyxzhaiqkwzocyeeixy/SourcePackages/checkouts/swift-crypto/Sources/Crypto/Key\ Derivation/HKDF.swift (in target 'Crypto' from project 'swift-crypto')
    cd /Users/khanghnguyen/Downloads/Wishie/Wishie.xcodeproj
    

SwiftCompile normal arm64 /Users/khanghnguyen/Library/Developer/Xcode/DerivedData/Wishie-gavmeupfwiyxzhaiqkwzocyeeixy/SourcePackages/checkouts/swift-crypto/Sources/Crypto/Key\ Wrapping/AESWrap.swift (in target 'Crypto' from project 'swift-crypto')
    cd /Users/khanghnguyen/Downloads/Wishie/Wishie.xcodeproj
    

SwiftCompile normal arm64 /Users/khanghnguyen/Library/Developer/Xcode/DerivedData/Wishie-gavmeupfwiyxzhaiqkwzocyeeixy/SourcePackages/checkouts/swift-crypto/Sources/Crypto/Key\ Wrapping/BoringSSL/AESWrap_boring.swift (in target 'Crypto' from project 'swift-crypto')
    cd /Users/khanghnguyen/Downloads/Wishie/Wishie.xcodeproj
    

SwiftCompile normal arm64 /Users/khanghnguyen/Library/Developer/Xcode/DerivedData/Wishie-gavmeupfwiyxzhaiqkwzocyeeixy/SourcePackages/checkouts/swift-crypto/Sources/Crypto/Keys/EC/BoringSSL/Ed25519_boring.swift (in target 'Crypto' from project 'swift-crypto')
    cd /Users/khanghnguyen/Downloads/Wishie/Wishie.xcodeproj
    

SwiftCompile normal arm64 /Users/khanghnguyen/Library/Developer/Xcode/DerivedData/Wishie-gavmeupfwiyxzhaiqkwzocyeeixy/SourcePackages/checkouts/swift-crypto/Sources/Crypto/Keys/EC/BoringSSL/NISTCurvesKeys_boring.swift (in target 'Crypto' from project 'swift-crypto')
    cd /Users/khanghnguyen/Downloads/Wishie/Wishie.xcodeproj
    

SwiftCompile normal arm64 /Users/khanghnguyen/Library/Developer/Xcode/DerivedData/Wishie-gavmeupfwiyxzhaiqkwzocyeeixy/SourcePackages/checkouts/swift-crypto/Sources/Crypto/Keys/EC/BoringSSL/X25519Keys_boring.swift (in target 'Crypto' from project 'swift-crypto')
    cd /Users/khanghnguyen/Downloads/Wishie/Wishie.xcodeproj
    

SwiftCompile normal arm64 /Users/khanghnguyen/Library/Developer/Xcode/DerivedData/Wishie-gavmeupfwiyxzhaiqkwzocyeeixy/SourcePackages/checkouts/swift-crypto/Sources/Crypto/Keys/EC/Curve25519.swift (in target 'Crypto' from project 'swift-crypto')
    cd /Users/khanghnguyen/Downloads/Wishie/Wishie.xcodeproj
    

SwiftCompile normal arm64 /Users/khanghnguyen/Library/Developer/Xcode/DerivedData/Wishie-gavmeupfwiyxzhaiqkwzocyeeixy/SourcePackages/checkouts/swift-crypto/Sources/Crypto/Keys/EC/Ed25519Keys.swift (in target 'Crypto' from project 'swift-crypto')
    cd /Users/khanghnguyen/Downloads/Wishie/Wishie.xcodeproj
    

SwiftCompile normal arm64 /Users/khanghnguyen/Library/Developer/Xcode/DerivedData/Wishie-gavmeupfwiyxzhaiqkwzocyeeixy/SourcePackages/checkouts/swift-crypto/Sources/Crypto/Keys/EC/NISTCurvesKeys.swift (in target 'Crypto' from project 'swift-crypto')
    cd /Users/khanghnguyen/Downloads/Wishie/Wishie.xcodeproj
    

SwiftCompile normal arm64 /Users/khanghnguyen/Library/Developer/Xcode/DerivedData/Wishie-gavmeupfwiyxzhaiqkwzocyeeixy/SourcePackages/checkouts/swift-crypto/Sources/Crypto/Keys/EC/X25519Keys.swift (in target 'Crypto' from project 'swift-crypto')
    cd /Users/khanghnguyen/Downloads/Wishie/Wishie.xcodeproj
    

SwiftCompile normal arm64 /Users/khanghnguyen/Library/Developer/Xcode/DerivedData/Wishie-gavmeupfwiyxzhaiqkwzocyeeixy/SourcePackages/checkouts/swift-crypto/Sources/Crypto/Keys/Symmetric/SymmetricKeys.swift (in target 'Crypto' from project 'swift-crypto')
    cd /Users/khanghnguyen/Downloads/Wishie/Wishie.xcodeproj
    

SwiftDriverJobDiscovery normal arm64 Compiling CryptoError_boring.swift, CryptoKitErrors.swift, Digest_boring.swift, Digest.swift, Digests.swift, HashFunctions.swift, HashFunctions_SHA2.swift, HashFunctions_SHA3.swift, Digest_xkcp.swift, HPKE-AEAD.swift, HPKE-Ciphersuite.swift, HPKE-KDF.swift (in target 'Crypto' from project 'swift-crypto')

SwiftCompile normal arm64 Compiling\ ASN1Integer.swift,\ ASN1Null.swift,\ ASN1OctetString.swift,\ ASN1Strings.swift,\ ArraySliceBigint.swift,\ GeneralizedTime.swift,\ ObjectIdentifier.swift,\ ECDSASignature.swift,\ PEMDocument.swift,\ PKCS8PrivateKey.swift,\ SEC1PrivateKey.swift,\ SubjectPublicKeyInfo.swift /Users/khanghnguyen/Library/Developer/Xcode/DerivedData/Wishie-gavmeupfwiyxzhaiqkwzocyeeixy/SourcePackages/checkouts/swift-crypto/Sources/Crypto/ASN1/Basic\ ASN1\ Types/ASN1Integer.swift /Users/khanghnguyen/Library/Developer/Xcode/DerivedData/Wishie-gavmeupfwiyxzhaiqkwzocyeeixy/SourcePackages/checkouts/swift-crypto/Sources/Crypto/ASN1/Basic\ ASN1\ Types/ASN1Null.swift /Users/khanghnguyen/Library/Developer/Xcode/DerivedData/Wishie-gavmeupfwiyxzhaiqkwzocyeeixy/SourcePackages/checkouts/swift-crypto/Sources/Crypto/ASN1/Basic\ ASN1\ Types/ASN1OctetString.swift /Users/khanghnguyen/Library/Developer/Xcode/DerivedData/Wishie-gavmeupfwiyxzhaiqkwzocyeeixy/SourcePackages/checkouts/swift-crypto/Sources/Crypto/ASN1/Basic\ ASN1\ Types/ASN1Strings.swift /Users/khanghnguyen/Library/Developer/Xcode/DerivedData/Wishie-gavmeupfwiyxzhaiqkwzocyeeixy/SourcePackages/checkouts/swift-crypto/Sources/Crypto/ASN1/Basic\ ASN1\ Types/ArraySliceBigint.swift /Users/khanghnguyen/Library/Developer/Xcode/DerivedData/Wishie-gavmeupfwiyxzhaiqkwzocyeeixy/SourcePackages/checkouts/swift-crypto/Sources/Crypto/ASN1/Basic\ ASN1\ Types/GeneralizedTime.swift /Users/khanghnguyen/Library/Developer/Xcode/DerivedData/Wishie-gavmeupfwiyxzhaiqkwzocyeeixy/SourcePackages/checkouts/swift-crypto/Sources/Crypto/ASN1/Basic\ ASN1\ Types/ObjectIdentifier.swift /Users/khanghnguyen/Library/Developer/Xcode/DerivedData/Wishie-gavmeupfwiyxzhaiqkwzocyeeixy/SourcePackages/checkouts/swift-crypto/Sources/Crypto/ASN1/ECDSASignature.swift /Users/khanghnguyen/Library/Developer/Xcode/DerivedData/Wishie-gavmeupfwiyxzhaiqkwzocyeeixy/SourcePackages/checkouts/swift-crypto/Sources/Crypto/ASN1/PEMDocument.swift /Users/khanghnguyen/Library/Developer/Xcode/DerivedData/Wishie-gavmeupfwiyxzhaiqkwzocyeeixy/SourcePackages/checkouts/swift-crypto/Sources/Crypto/ASN1/PKCS8PrivateKey.swift /Users/khanghnguyen/Library/Developer/Xcode/DerivedData/Wishie-gavmeupfwiyxzhaiqkwzocyeeixy/SourcePackages/checkouts/swift-crypto/Sources/Crypto/ASN1/SEC1PrivateKey.swift /Users/khanghnguyen/Library/Developer/Xcode/DerivedData/Wishie-gavmeupfwiyxzhaiqkwzocyeeixy/SourcePackages/checkouts/swift-crypto/Sources/Crypto/ASN1/SubjectPublicKeyInfo.swift (in target 'Crypto' from project 'swift-crypto')

SwiftCompile normal arm64 /Users/khanghnguyen/Library/Developer/Xcode/DerivedData/Wishie-gavmeupfwiyxzhaiqkwzocyeeixy/SourcePackages/checkouts/swift-crypto/Sources/Crypto/ASN1/Basic\ ASN1\ Types/ASN1Integer.swift (in target 'Crypto' from project 'swift-crypto')
    cd /Users/khanghnguyen/Downloads/Wishie/Wishie.xcodeproj
    

SwiftCompile normal arm64 /Users/khanghnguyen/Library/Developer/Xcode/DerivedData/Wishie-gavmeupfwiyxzhaiqkwzocyeeixy/SourcePackages/checkouts/swift-crypto/Sources/Crypto/ASN1/Basic\ ASN1\ Types/ASN1Null.swift (in target 'Crypto' from project 'swift-crypto')
    cd /Users/khanghnguyen/Downloads/Wishie/Wishie.xcodeproj
    

SwiftCompile normal arm64 /Users/khanghnguyen/Library/Developer/Xcode/DerivedData/Wishie-gavmeupfwiyxzhaiqkwzocyeeixy/SourcePackages/checkouts/swift-crypto/Sources/Crypto/ASN1/Basic\ ASN1\ Types/ASN1OctetString.swift (in target 'Crypto' from project 'swift-crypto')
    cd /Users/khanghnguyen/Downloads/Wishie/Wishie.xcodeproj
    

SwiftCompile normal arm64 /Users/khanghnguyen/Library/Developer/Xcode/DerivedData/Wishie-gavmeupfwiyxzhaiqkwzocyeeixy/SourcePackages/checkouts/swift-crypto/Sources/Crypto/ASN1/Basic\ ASN1\ Types/ASN1Strings.swift (in target 'Crypto' from project 'swift-crypto')
    cd /Users/khanghnguyen/Downloads/Wishie/Wishie.xcodeproj
    

SwiftCompile normal arm64 /Users/khanghnguyen/Library/Developer/Xcode/DerivedData/Wishie-gavmeupfwiyxzhaiqkwzocyeeixy/SourcePackages/checkouts/swift-crypto/Sources/Crypto/ASN1/Basic\ ASN1\ Types/ArraySliceBigint.swift (in target 'Crypto' from project 'swift-crypto')
    cd /Users/khanghnguyen/Downloads/Wishie/Wishie.xcodeproj
    

SwiftCompile normal arm64 /Users/khanghnguyen/Library/Developer/Xcode/DerivedData/Wishie-gavmeupfwiyxzhaiqkwzocyeeixy/SourcePackages/checkouts/swift-crypto/Sources/Crypto/ASN1/Basic\ ASN1\ Types/GeneralizedTime.swift (in target 'Crypto' from project 'swift-crypto')
    cd /Users/khanghnguyen/Downloads/Wishie/Wishie.xcodeproj
    

SwiftCompile normal arm64 /Users/khanghnguyen/Library/Developer/Xcode/DerivedData/Wishie-gavmeupfwiyxzhaiqkwzocyeeixy/SourcePackages/checkouts/swift-crypto/Sources/Crypto/ASN1/Basic\ ASN1\ Types/ObjectIdentifier.swift (in target 'Crypto' from project 'swift-crypto')
    cd /Users/khanghnguyen/Downloads/Wishie/Wishie.xcodeproj
    

SwiftCompile normal arm64 /Users/khanghnguyen/Library/Developer/Xcode/DerivedData/Wishie-gavmeupfwiyxzhaiqkwzocyeeixy/SourcePackages/checkouts/swift-crypto/Sources/Crypto/ASN1/ECDSASignature.swift (in target 'Crypto' from project 'swift-crypto')
    cd /Users/khanghnguyen/Downloads/Wishie/Wishie.xcodeproj
    

SwiftCompile normal arm64 /Users/khanghnguyen/Library/Developer/Xcode/DerivedData/Wishie-gavmeupfwiyxzhaiqkwzocyeeixy/SourcePackages/checkouts/swift-crypto/Sources/Crypto/ASN1/PEMDocument.swift (in target 'Crypto' from project 'swift-crypto')
    cd /Users/khanghnguyen/Downloads/Wishie/Wishie.xcodeproj
    

SwiftCompile normal arm64 /Users/khanghnguyen/Library/Developer/Xcode/DerivedData/Wishie-gavmeupfwiyxzhaiqkwzocyeeixy/SourcePackages/checkouts/swift-crypto/Sources/Crypto/ASN1/PKCS8PrivateKey.swift (in target 'Crypto' from project 'swift-crypto')
    cd /Users/khanghnguyen/Downloads/Wishie/Wishie.xcodeproj
    

SwiftCompile normal arm64 /Users/khanghnguyen/Library/Developer/Xcode/DerivedData/Wishie-gavmeupfwiyxzhaiqkwzocyeeixy/SourcePackages/checkouts/swift-crypto/Sources/Crypto/ASN1/SEC1PrivateKey.swift (in target 'Crypto' from project 'swift-crypto')
    cd /Users/khanghnguyen/Downloads/Wishie/Wishie.xcodeproj
    

SwiftCompile normal arm64 /Users/khanghnguyen/Library/Developer/Xcode/DerivedData/Wishie-gavmeupfwiyxzhaiqkwzocyeeixy/SourcePackages/checkouts/swift-crypto/Sources/Crypto/ASN1/SubjectPublicKeyInfo.swift (in target 'Crypto' from project 'swift-crypto')
    cd /Users/khanghnguyen/Downloads/Wishie/Wishie.xcodeproj
    

SwiftDriverJobDiscovery normal arm64 Compiling HMAC.swift, MACFunctions.swift, MessageAuthenticationCode.swift, AES.swift, ECDSASignature_boring.swift, ECDSA_boring.swift, EdDSA_boring.swift, MLDSA_boring.swift, MLDSA_wrapper.swift, ECDSA.swift, Ed25519.swift (in target 'Crypto' from project 'swift-crypto')

SwiftCompile normal arm64 Compiling\ resource_bundle_accessor.swift,\ AES-GCM.swift,\ AES-GCM_boring.swift,\ ChaChaPoly_boring.swift,\ ChaChaPoly.swift,\ Cipher.swift,\ Nonces.swift,\ ASN1.swift,\ ASN1Any.swift,\ ASN1BitString.swift,\ ASN1Boolean.swift,\ ASN1Identifier.swift /Users/khanghnguyen/Library/Developer/Xcode/DerivedData/Wishie-gavmeupfwiyxzhaiqkwzocyeeixy/Build/Intermediates.noindex/swift-crypto.build/Debug-iphoneos/Crypto.build/DerivedSources/resource_bundle_accessor.swift /Users/khanghnguyen/Library/Developer/Xcode/DerivedData/Wishie-gavmeupfwiyxzhaiqkwzocyeeixy/SourcePackages/checkouts/swift-crypto/Sources/Crypto/AEADs/AES/GCM/AES-GCM.swift /Users/khanghnguyen/Library/Developer/Xcode/DerivedData/Wishie-gavmeupfwiyxzhaiqkwzocyeeixy/SourcePackages/checkouts/swift-crypto/Sources/Crypto/AEADs/AES/GCM/BoringSSL/AES-GCM_boring.swift /Users/khanghnguyen/Library/Developer/Xcode/DerivedData/Wishie-gavmeupfwiyxzhaiqkwzocyeeixy/SourcePackages/checkouts/swift-crypto/Sources/Crypto/AEADs/ChachaPoly/BoringSSL/ChaChaPoly_boring.swift /Users/khanghnguyen/Library/Developer/Xcode/DerivedData/Wishie-gavmeupfwiyxzhaiqkwzocyeeixy/SourcePackages/checkouts/swift-crypto/Sources/Crypto/AEADs/ChachaPoly/ChaChaPoly.swift /Users/khanghnguyen/Library/Developer/Xcode/DerivedData/Wishie-gavmeupfwiyxzhaiqkwzocyeeixy/SourcePackages/checkouts/swift-crypto/Sources/Crypto/AEADs/Cipher.swift /Users/khanghnguyen/Library/Developer/Xcode/DerivedData/Wishie-gavmeupfwiyxzhaiqkwzocyeeixy/SourcePackages/checkouts/swift-crypto/Sources/Crypto/AEADs/Nonces.swift /Users/khanghnguyen/Library/Developer/Xcode/DerivedData/Wishie-gavmeupfwiyxzhaiqkwzocyeeixy/SourcePackages/checkouts/swift-crypto/Sources/Crypto/ASN1/ASN1.swift /Users/khanghnguyen/Library/Developer/Xcode/DerivedData/Wishie-gavmeupfwiyxzhaiqkwzocyeeixy/SourcePackages/checkouts/swift-crypto/Sources/Crypto/ASN1/Basic\ ASN1\ Types/ASN1Any.swift /Users/khanghnguyen/Library/Developer/Xcode/DerivedData/Wishie-gavmeupfwiyxzhaiqkwzocyeeixy/SourcePackages/checkouts/swift-crypto/Sources/Crypto/ASN1/Basic\ ASN1\ Types/ASN1BitString.swift /Users/khanghnguyen/Library/Developer/Xcode/DerivedData/Wishie-gavmeupfwiyxzhaiqkwzocyeeixy/SourcePackages/checkouts/swift-crypto/Sources/Crypto/ASN1/Basic\ ASN1\ Types/ASN1Boolean.swift /Users/khanghnguyen/Library/Developer/Xcode/DerivedData/Wishie-gavmeupfwiyxzhaiqkwzocyeeixy/SourcePackages/checkouts/swift-crypto/Sources/Crypto/ASN1/Basic\ ASN1\ Types/ASN1Identifier.swift (in target 'Crypto' from project 'swift-crypto')

SwiftCompile normal arm64 /Users/khanghnguyen/Library/Developer/Xcode/DerivedData/Wishie-gavmeupfwiyxzhaiqkwzocyeeixy/Build/Intermediates.noindex/swift-crypto.build/Debug-iphoneos/Crypto.build/DerivedSources/resource_bundle_accessor.swift (in target 'Crypto' from project 'swift-crypto')
    cd /Users/khanghnguyen/Downloads/Wishie/Wishie.xcodeproj
    

SwiftCompile normal arm64 /Users/khanghnguyen/Library/Developer/Xcode/DerivedData/Wishie-gavmeupfwiyxzhaiqkwzocyeeixy/SourcePackages/checkouts/swift-crypto/Sources/Crypto/AEADs/AES/GCM/AES-GCM.swift (in target 'Crypto' from project 'swift-crypto')
    cd /Users/khanghnguyen/Downloads/Wishie/Wishie.xcodeproj
    

SwiftCompile normal arm64 /Users/khanghnguyen/Library/Developer/Xcode/DerivedData/Wishie-gavmeupfwiyxzhaiqkwzocyeeixy/SourcePackages/checkouts/swift-crypto/Sources/Crypto/AEADs/AES/GCM/BoringSSL/AES-GCM_boring.swift (in target 'Crypto' from project 'swift-crypto')
    cd /Users/khanghnguyen/Downloads/Wishie/Wishie.xcodeproj
    

SwiftCompile normal arm64 /Users/khanghnguyen/Library/Developer/Xcode/DerivedData/Wishie-gavmeupfwiyxzhaiqkwzocyeeixy/SourcePackages/checkouts/swift-crypto/Sources/Crypto/AEADs/ChachaPoly/BoringSSL/ChaChaPoly_boring.swift (in target 'Crypto' from project 'swift-crypto')
    cd /Users/khanghnguyen/Downloads/Wishie/Wishie.xcodeproj
    

SwiftCompile normal arm64 /Users/khanghnguyen/Library/Developer/Xcode/DerivedData/Wishie-gavmeupfwiyxzhaiqkwzocyeeixy/SourcePackages/checkouts/swift-crypto/Sources/Crypto/AEADs/ChachaPoly/ChaChaPoly.swift (in target 'Crypto' from project 'swift-crypto')
    cd /Users/khanghnguyen/Downloads/Wishie/Wishie.xcodeproj
    

SwiftCompile normal arm64 /Users/khanghnguyen/Library/Developer/Xcode/DerivedData/Wishie-gavmeupfwiyxzhaiqkwzocyeeixy/SourcePackages/checkouts/swift-crypto/Sources/Crypto/AEADs/Cipher.swift (in target 'Crypto' from project 'swift-crypto')
    cd /Users/khanghnguyen/Downloads/Wishie/Wishie.xcodeproj
    

SwiftCompile normal arm64 /Users/khanghnguyen/Library/Developer/Xcode/DerivedData/Wishie-gavmeupfwiyxzhaiqkwzocyeeixy/SourcePackages/checkouts/swift-crypto/Sources/Crypto/AEADs/Nonces.swift (in target 'Crypto' from project 'swift-crypto')
    cd /Users/khanghnguyen/Downloads/Wishie/Wishie.xcodeproj
    

SwiftCompile normal arm64 /Users/khanghnguyen/Library/Developer/Xcode/DerivedData/Wishie-gavmeupfwiyxzhaiqkwzocyeeixy/SourcePackages/checkouts/swift-crypto/Sources/Crypto/ASN1/ASN1.swift (in target 'Crypto' from project 'swift-crypto')
    cd /Users/khanghnguyen/Downloads/Wishie/Wishie.xcodeproj
    

SwiftCompile normal arm64 /Users/khanghnguyen/Library/Developer/Xcode/DerivedData/Wishie-gavmeupfwiyxzhaiqkwzocyeeixy/SourcePackages/checkouts/swift-crypto/Sources/Crypto/ASN1/Basic\ ASN1\ Types/ASN1Any.swift (in target 'Crypto' from project 'swift-crypto')
    cd /Users/khanghnguyen/Downloads/Wishie/Wishie.xcodeproj
    

SwiftCompile normal arm64 /Users/khanghnguyen/Library/Developer/Xcode/DerivedData/Wishie-gavmeupfwiyxzhaiqkwzocyeeixy/SourcePackages/checkouts/swift-crypto/Sources/Crypto/ASN1/Basic\ ASN1\ Types/ASN1BitString.swift (in target 'Crypto' from project 'swift-crypto')
    cd /Users/khanghnguyen/Downloads/Wishie/Wishie.xcodeproj
    

SwiftCompile normal arm64 /Users/khanghnguyen/Library/Developer/Xcode/DerivedData/Wishie-gavmeupfwiyxzhaiqkwzocyeeixy/SourcePackages/checkouts/swift-crypto/Sources/Crypto/ASN1/Basic\ ASN1\ Types/ASN1Boolean.swift (in target 'Crypto' from project 'swift-crypto')
    cd /Users/khanghnguyen/Downloads/Wishie/Wishie.xcodeproj
    

SwiftCompile normal arm64 /Users/khanghnguyen/Library/Developer/Xcode/DerivedData/Wishie-gavmeupfwiyxzhaiqkwzocyeeixy/SourcePackages/checkouts/swift-crypto/Sources/Crypto/ASN1/Basic\ ASN1\ Types/ASN1Identifier.swift (in target 'Crypto' from project 'swift-crypto')
    cd /Users/khanghnguyen/Downloads/Wishie/Wishie.xcodeproj
    

SwiftCompile normal arm64 Compiling\ HPKE-KexKeyDerivation.swift,\ HPKE-LabeledExtract.swift,\ HPKE-Utils.swift,\ DHKEM.swift,\ HPKE-KEM-Curve25519.swift,\ HPKE-NIST-EC-KEMs.swift,\ HPKE-KEM.swift,\ HPKE-Errors.swift,\ HPKE.swift,\ HPKE-Context.swift,\ HPKE-KeySchedule.swift,\ HPKE-Modes.swift /Users/khanghnguyen/Library/Developer/Xcode/DerivedData/Wishie-gavmeupfwiyxzhaiqkwzocyeeixy/SourcePackages/checkouts/swift-crypto/Sources/Crypto/HPKE/Ciphersuite/HPKE-KexKeyDerivation.swift /Users/khanghnguyen/Library/Developer/Xcode/DerivedData/Wishie-gavmeupfwiyxzhaiqkwzocyeeixy/SourcePackages/checkouts/swift-crypto/Sources/Crypto/HPKE/Ciphersuite/HPKE-LabeledExtract.swift /Users/khanghnguyen/Library/Developer/Xcode/DerivedData/Wishie-gavmeupfwiyxzhaiqkwzocyeeixy/SourcePackages/checkouts/swift-crypto/Sources/Crypto/HPKE/Ciphersuite/HPKE-Utils.swift /Users/khanghnguyen/Library/Developer/Xcode/DerivedData/Wishie-gavmeupfwiyxzhaiqkwzocyeeixy/SourcePackages/checkouts/swift-crypto/Sources/Crypto/HPKE/Ciphersuite/KEM/Conformances/DHKEM.swift /Users/khanghnguyen/Library/Developer/Xcode/DerivedData/Wishie-gavmeupfwiyxzhaiqkwzocyeeixy/SourcePackages/checkouts/swift-crypto/Sources/Crypto/HPKE/Ciphersuite/KEM/Conformances/HPKE-KEM-Curve25519.swift /Users/khanghnguyen/Library/Developer/Xcode/DerivedData/Wishie-gavmeupfwiyxzhaiqkwzocyeeixy/SourcePackages/checkouts/swift-crypto/Sources/Crypto/HPKE/Ciphersuite/KEM/Conformances/HPKE-NIST-EC-KEMs.swift /Users/khanghnguyen/Library/Developer/Xcode/DerivedData/Wishie-gavmeupfwiyxzhaiqkwzocyeeixy/SourcePackages/checkouts/swift-crypto/Sources/Crypto/HPKE/Ciphersuite/KEM/HPKE-KEM.swift /Users/khanghnguyen/Library/Developer/Xcode/DerivedData/Wishie-gavmeupfwiyxzhaiqkwzocyeeixy/SourcePackages/checkouts/swift-crypto/Sources/Crypto/HPKE/HPKE-Errors.swift /Users/khanghnguyen/Library/Developer/Xcode/DerivedData/Wishie-gavmeupfwiyxzhaiqkwzocyeeixy/SourcePackages/checkouts/swift-crypto/Sources/Crypto/HPKE/HPKE.swift /Users/khanghnguyen/Library/Developer/Xcode/DerivedData/Wishie-gavmeupfwiyxzhaiqkwzocyeeixy/SourcePackages/checkouts/swift-crypto/Sources/Crypto/HPKE/Key\ Schedule/HPKE-Context.swift /Users/khanghnguyen/Library/Developer/Xcode/DerivedData/Wishie-gavmeupfwiyxzhaiqkwzocyeeixy/SourcePackages/checkouts/swift-crypto/Sources/Crypto/HPKE/Key\ Schedule/HPKE-KeySchedule.swift /Users/khanghnguyen/Library/Developer/Xcode/DerivedData/Wishie-gavmeupfwiyxzhaiqkwzocyeeixy/SourcePackages/checkouts/swift-crypto/Sources/Crypto/HPKE/Modes/HPKE-Modes.swift (in target 'Crypto' from project 'swift-crypto')

SwiftCompile normal arm64 /Users/khanghnguyen/Library/Developer/Xcode/DerivedData/Wishie-gavmeupfwiyxzhaiqkwzocyeeixy/SourcePackages/checkouts/swift-crypto/Sources/Crypto/HPKE/Ciphersuite/HPKE-KexKeyDerivation.swift (in target 'Crypto' from project 'swift-crypto')
    cd /Users/khanghnguyen/Downloads/Wishie/Wishie.xcodeproj
    

SwiftCompile normal arm64 /Users/khanghnguyen/Library/Developer/Xcode/DerivedData/Wishie-gavmeupfwiyxzhaiqkwzocyeeixy/SourcePackages/checkouts/swift-crypto/Sources/Crypto/HPKE/Ciphersuite/HPKE-LabeledExtract.swift (in target 'Crypto' from project 'swift-crypto')
    cd /Users/khanghnguyen/Downloads/Wishie/Wishie.xcodeproj
    

SwiftCompile normal arm64 /Users/khanghnguyen/Library/Developer/Xcode/DerivedData/Wishie-gavmeupfwiyxzhaiqkwzocyeeixy/SourcePackages/checkouts/swift-crypto/Sources/Crypto/HPKE/Ciphersuite/HPKE-Utils.swift (in target 'Crypto' from project 'swift-crypto')
    cd /Users/khanghnguyen/Downloads/Wishie/Wishie.xcodeproj
    

SwiftCompile normal arm64 /Users/khanghnguyen/Library/Developer/Xcode/DerivedData/Wishie-gavmeupfwiyxzhaiqkwzocyeeixy/SourcePackages/checkouts/swift-crypto/Sources/Crypto/HPKE/Ciphersuite/KEM/Conformances/DHKEM.swift (in target 'Crypto' from project 'swift-crypto')
    cd /Users/khanghnguyen/Downloads/Wishie/Wishie.xcodeproj
    

SwiftCompile normal arm64 /Users/khanghnguyen/Library/Developer/Xcode/DerivedData/Wishie-gavmeupfwiyxzhaiqkwzocyeeixy/SourcePackages/checkouts/swift-crypto/Sources/Crypto/HPKE/Ciphersuite/KEM/Conformances/HPKE-KEM-Curve25519.swift (in target 'Crypto' from project 'swift-crypto')
    cd /Users/khanghnguyen/Downloads/Wishie/Wishie.xcodeproj
    

SwiftCompile normal arm64 /Users/khanghnguyen/Library/Developer/Xcode/DerivedData/Wishie-gavmeupfwiyxzhaiqkwzocyeeixy/SourcePackages/checkouts/swift-crypto/Sources/Crypto/HPKE/Ciphersuite/KEM/Conformances/HPKE-NIST-EC-KEMs.swift (in target 'Crypto' from project 'swift-crypto')
    cd /Users/khanghnguyen/Downloads/Wishie/Wishie.xcodeproj
    

SwiftCompile normal arm64 /Users/khanghnguyen/Library/Developer/Xcode/DerivedData/Wishie-gavmeupfwiyxzhaiqkwzocyeeixy/SourcePackages/checkouts/swift-crypto/Sources/Crypto/HPKE/Ciphersuite/KEM/HPKE-KEM.swift (in target 'Crypto' from project 'swift-crypto')
    cd /Users/khanghnguyen/Downloads/Wishie/Wishie.xcodeproj
    

SwiftCompile normal arm64 /Users/khanghnguyen/Library/Developer/Xcode/DerivedData/Wishie-gavmeupfwiyxzhaiqkwzocyeeixy/SourcePackages/checkouts/swift-crypto/Sources/Crypto/HPKE/HPKE-Errors.swift (in target 'Crypto' from project 'swift-crypto')
    cd /Users/khanghnguyen/Downloads/Wishie/Wishie.xcodeproj
    

SwiftCompile normal arm64 /Users/khanghnguyen/Library/Developer/Xcode/DerivedData/Wishie-gavmeupfwiyxzhaiqkwzocyeeixy/SourcePackages/checkouts/swift-crypto/Sources/Crypto/HPKE/HPKE.swift (in target 'Crypto' from project 'swift-crypto')
    cd /Users/khanghnguyen/Downloads/Wishie/Wishie.xcodeproj
    

SwiftCompile normal arm64 /Users/khanghnguyen/Library/Developer/Xcode/DerivedData/Wishie-gavmeupfwiyxzhaiqkwzocyeeixy/SourcePackages/checkouts/swift-crypto/Sources/Crypto/HPKE/Key\ Schedule/HPKE-Context.swift (in target 'Crypto' from project 'swift-crypto')
    cd /Users/khanghnguyen/Downloads/Wishie/Wishie.xcodeproj
    

SwiftCompile normal arm64 /Users/khanghnguyen/Library/Developer/Xcode/DerivedData/Wishie-gavmeupfwiyxzhaiqkwzocyeeixy/SourcePackages/checkouts/swift-crypto/Sources/Crypto/HPKE/Key\ Schedule/HPKE-KeySchedule.swift (in target 'Crypto' from project 'swift-crypto')
    cd /Users/khanghnguyen/Downloads/Wishie/Wishie.xcodeproj
    

SwiftCompile normal arm64 /Users/khanghnguyen/Library/Developer/Xcode/DerivedData/Wishie-gavmeupfwiyxzhaiqkwzocyeeixy/SourcePackages/checkouts/swift-crypto/Sources/Crypto/HPKE/Modes/HPKE-Modes.swift (in target 'Crypto' from project 'swift-crypto')
    cd /Users/khanghnguyen/Downloads/Wishie/Wishie.xcodeproj
    

SwiftDriverJobDiscovery normal arm64 Compiling Insecure.swift, Insecure_HashFunctions.swift, MLKEM_boring.swift, MLKEM_wrapper.swift, XWing_boring.swift, KEM-Errors.swift, KEM.swift, MLKEM.swift, XWing.swift, ECDH_boring.swift, DH.swift, ECDH.swift (in target 'Crypto' from project 'swift-crypto')

PrecompileModule /Users/khanghnguyen/Library/Developer/Xcode/DerivedData/Wishie-gavmeupfwiyxzhaiqkwzocyeeixy/Build/Intermediates.noindex/ExplicitPrecompiledModules/Darwin-90BLS5YB3GLC0B2ZQSWJCQS2N.scan
    cd /
    builtin-precompileModule /Users/khanghnguyen/Library/Developer/Xcode/DerivedData/Wishie-gavmeupfwiyxzhaiqkwzocyeeixy/Build/Intermediates.noindex/ExplicitPrecompiledModules/Darwin-90BLS5YB3GLC0B2ZQSWJCQS2N.scan

SwiftDriverJobDiscovery normal arm64 Compiling MLDSA.swift, Signature.swift, CryptoKitErrors_boring.swift, Optional+withUnsafeBytes_boring.swift, RNG_boring.swift, SafeCompare_boring.swift, Zeroization_boring.swift, PrettyBytes.swift, SafeCompare.swift, SecureBytes.swift, Zeroization.swift (in target 'Crypto' from project 'swift-crypto')

SwiftCompile normal arm64 Compiling\ Locking.swift,\ UncheckedBox.swift /Users/khanghnguyen/Library/Developer/Xcode/DerivedData/Wishie-gavmeupfwiyxzhaiqkwzocyeeixy/SourcePackages/checkouts/swift-concurrency-extras/Sources/ConcurrencyExtras/Internal/Locking.swift /Users/khanghnguyen/Library/Developer/Xcode/DerivedData/Wishie-gavmeupfwiyxzhaiqkwzocyeeixy/SourcePackages/checkouts/swift-concurrency-extras/Sources/ConcurrencyExtras/Internal/UncheckedBox.swift (in target 'ConcurrencyExtras' from project 'swift-concurrency-extras')

SwiftCompile normal arm64 /Users/khanghnguyen/Library/Developer/Xcode/DerivedData/Wishie-gavmeupfwiyxzhaiqkwzocyeeixy/SourcePackages/checkouts/swift-concurrency-extras/Sources/ConcurrencyExtras/Internal/Locking.swift (in target 'ConcurrencyExtras' from project 'swift-concurrency-extras')
    cd /Users/khanghnguyen/Downloads/Wishie/Wishie.xcodeproj
    

SwiftCompile normal arm64 /Users/khanghnguyen/Library/Developer/Xcode/DerivedData/Wishie-gavmeupfwiyxzhaiqkwzocyeeixy/SourcePackages/checkouts/swift-concurrency-extras/Sources/ConcurrencyExtras/Internal/UncheckedBox.swift (in target 'ConcurrencyExtras' from project 'swift-concurrency-extras')
    cd /Users/khanghnguyen/Downloads/Wishie/Wishie.xcodeproj
    

CompileC /Users/khanghnguyen/Library/Developer/Xcode/DerivedData/Wishie-gavmeupfwiyxzhaiqkwzocyeeixy/Build/Intermediates.noindex/GoogleUtilities.build/Debug-iphoneos/GoogleUtilities-NSData.build/Objects-normal/arm64/resource_bundle_accessor.o /Users/khanghnguyen/Library/Developer/Xcode/DerivedData/Wishie-gavmeupfwiyxzhaiqkwzocyeeixy/Build/Intermediates.noindex/GoogleUtilities.build/Debug-iphoneos/GoogleUtilities-NSData.build/DerivedSources/resource_bundle_accessor.m normal arm64 objective-c com.apple.compilers.llvm.clang.1_0.compiler (in target 'GoogleUtilities-NSData' from project 'GoogleUtilities')
    cd /Users/khanghnguyen/Downloads/Wishie/Wishie.xcodeproj
    
    Using response file: /Users/khanghnguyen/Library/Developer/Xcode/DerivedData/Wishie-gavmeupfwiyxzhaiqkwzocyeeixy/Build/Intermediates.noindex/GoogleUtilities.build/Debug-iphoneos/GoogleUtilities-NSData.build/Objects-normal/arm64/e6072d4f65d7061329687fe24e3d63a7-common-args.resp
    
    /Applications/Xcode.app/Contents/Developer/Toolchains/XcodeDefault.xctoolchain/usr/bin/clang -x objective-c -ivfsstatcache /Users/khanghnguyen/Library/Developer/Xcode/DerivedData/SDKStatCaches.noindex/iphoneos26.2-23C57-3794476bd08197c3e2abd9bb477ef7f7.sdkstatcache -fmessage-length\=0 -fdiagnostics-show-note-include-stack -fmacro-backtrace-limit\=0 -fno-color-diagnostics -fmodules-prune-interval\=86400 -fmodules-prune-after\=345600 -fbuild-session-file\=/Users/khanghnguyen/Library/Developer/Xcode/DerivedData/ModuleCache.noindex/Session.modulevalidation -fmodules-validate-once-per-build-session -Wnon-modular-include-in-framework-module -Werror\=non-modular-include-in-framework-module -Wno-trigraphs -Wno-missing-field-initializers -Wno-missing-prototypes -Wno-return-type -Wno-implicit-atomic-properties -Wno-objc-interface-ivars -Wno-arc-repeated-use-of-weak -Wno-missing-braces -Wparentheses -Wswitch -Wno-unused-function -Wno-unused-label -Wno-unused-parameter -Wno-unused-variable -Wunused-value -Wno-empty-body -Wno-uninitialized -Wno-unknown-pragmas -w -Wno-shadow -Wno-four-char-constants -Wno-conversion -Wno-constant-conversion -Wno-int-conversion -Wno-bool-conversion -Wno-enum-conversion -Wno-float-conversion -Wno-non-literal-null-conversion -Wno-objc-literal-conversion -Wshorten-64-to-32 -Wpointer-sign -Wno-newline-eof -Wno-selector -Wno-strict-selector-match -Wno-undeclared-selector -Wno-deprecated-implementations -Wno-implicit-fallthrough -fstrict-aliasing -Wprotocol -Wdeprecated-declarations -Wno-sign-conversion -Wno-infinite-recursion -Wno-comma -Wno-block-capture-autoreleasing -Wno-strict-prototypes -Wno-semicolon-before-method-body -index-store-path /Users/khanghnguyen/Library/Developer/Xcode/DerivedData/Wishie-gavmeupfwiyxzhaiqkwzocyeeixy/Index.noindex/DataStore @/Users/khanghnguyen/Library/Developer/Xcode/DerivedData/Wishie-gavmeupfwiyxzhaiqkwzocyeeixy/Build/Intermediates.noindex/GoogleUtilities.build/Debug-iphoneos/GoogleUtilities-NSData.build/Objects-normal/arm64/e6072d4f65d7061329687fe24e3d63a7-common-args.resp -include /Users/khanghnguyen/Library/Developer/Xcode/DerivedData/Wishie-gavmeupfwiyxzhaiqkwzocyeeixy/Build/Intermediates.noindex/GoogleUtilities.build/Debug-iphoneos/GoogleUtilities-NSData.build/DerivedSources/resource_bundle_accessor.h -MMD -MT dependencies -MF /Users/khanghnguyen/Library/Developer/Xcode/DerivedData/Wishie-gavmeupfwiyxzhaiqkwzocyeeixy/Build/Intermediates.noindex/GoogleUtilities.build/Debug-iphoneos/GoogleUtilities-NSData.build/Objects-normal/arm64/resource_bundle_accessor.d --serialize-diagnostics /Users/khanghnguyen/Library/Developer/Xcode/DerivedData/Wishie-gavmeupfwiyxzhaiqkwzocyeeixy/Build/Intermediates.noindex/GoogleUtilities.build/Debug-iphoneos/GoogleUtilities-NSData.build/Objects-normal/arm64/resource_bundle_accessor.dia -c /Users/khanghnguyen/Library/Developer/Xcode/DerivedData/Wishie-gavmeupfwiyxzhaiqkwzocyeeixy/Build/Intermediates.noindex/GoogleUtilities.build/Debug-iphoneos/GoogleUtilities-NSData.build/DerivedSources/resource_bundle_accessor.m -o /Users/khanghnguyen/Library/Developer/Xcode/DerivedData/Wishie-gavmeupfwiyxzhaiqkwzocyeeixy/Build/Intermediates.noindex/GoogleUtilities.build/Debug-iphoneos/GoogleUtilities-NSData.build/Objects-normal/arm64/resource_bundle_accessor.o -index-unit-output-path /GoogleUtilities.build/Debug-iphoneos/GoogleUtilities-NSData.build/Objects-normal/arm64/resource_bundle_accessor.o

SwiftDriverJobDiscovery normal arm64 Compiling Locking.swift, UncheckedBox.swift (in target 'ConcurrencyExtras' from project 'swift-concurrency-extras')

CompileC /Users/khanghnguyen/Library/Developer/Xcode/DerivedData/Wishie-gavmeupfwiyxzhaiqkwzocyeeixy/Build/Intermediates.noindex/GoogleUtilities.build/Debug-iphoneos/GoogleUtilities-NSData.build/Objects-normal/arm64/GULNSData+zlib.o /Users/khanghnguyen/Library/Developer/Xcode/DerivedData/Wishie-gavmeupfwiyxzhaiqkwzocyeeixy/SourcePackages/checkouts/GoogleUtilities/GoogleUtilities/NSData+zlib/GULNSData+zlib.m normal arm64 objective-c com.apple.compilers.llvm.clang.1_0.compiler (in target 'GoogleUtilities-NSData' from project 'GoogleUtilities')
    cd /Users/khanghnguyen/Downloads/Wishie/Wishie.xcodeproj
    
    Using response file: /Users/khanghnguyen/Library/Developer/Xcode/DerivedData/Wishie-gavmeupfwiyxzhaiqkwzocyeeixy/Build/Intermediates.noindex/GoogleUtilities.build/Debug-iphoneos/GoogleUtilities-NSData.build/Objects-normal/arm64/e6072d4f65d7061329687fe24e3d63a7-common-args.resp
    
    /Applications/Xcode.app/Contents/Developer/Toolchains/XcodeDefault.xctoolchain/usr/bin/clang -x objective-c -ivfsstatcache /Users/khanghnguyen/Library/Developer/Xcode/DerivedData/SDKStatCaches.noindex/iphoneos26.2-23C57-3794476bd08197c3e2abd9bb477ef7f7.sdkstatcache -fmessage-length\=0 -fdiagnostics-show-note-include-stack -fmacro-backtrace-limit\=0 -fno-color-diagnostics -fmodules-prune-interval\=86400 -fmodules-prune-after\=345600 -fbuild-session-file\=/Users/khanghnguyen/Library/Developer/Xcode/DerivedData/ModuleCache.noindex/Session.modulevalidation -fmodules-validate-once-per-build-session -Wnon-modular-include-in-framework-module -Werror\=non-modular-include-in-framework-module -Wno-trigraphs -Wno-missing-field-initializers -Wno-missing-prototypes -Wno-return-type -Wno-implicit-atomic-properties -Wno-objc-interface-ivars -Wno-arc-repeated-use-of-weak -Wno-missing-braces -Wparentheses -Wswitch -Wno-unused-function -Wno-unused-label -Wno-unused-parameter -Wno-unused-variable -Wunused-value -Wno-empty-body -Wno-uninitialized -Wno-unknown-pragmas -w -Wno-shadow -Wno-four-char-constants -Wno-conversion -Wno-constant-conversion -Wno-int-conversion -Wno-bool-conversion -Wno-enum-conversion -Wno-float-conversion -Wno-non-literal-null-conversion -Wno-objc-literal-conversion -Wshorten-64-to-32 -Wpointer-sign -Wno-newline-eof -Wno-selector -Wno-strict-selector-match -Wno-undeclared-selector -Wno-deprecated-implementations -Wno-implicit-fallthrough -fstrict-aliasing -Wprotocol -Wdeprecated-declarations -Wno-sign-conversion -Wno-infinite-recursion -Wno-comma -Wno-block-capture-autoreleasing -Wno-strict-prototypes -Wno-semicolon-before-method-body -index-store-path /Users/khanghnguyen/Library/Developer/Xcode/DerivedData/Wishie-gavmeupfwiyxzhaiqkwzocyeeixy/Index.noindex/DataStore @/Users/khanghnguyen/Library/Developer/Xcode/DerivedData/Wishie-gavmeupfwiyxzhaiqkwzocyeeixy/Build/Intermediates.noindex/GoogleUtilities.build/Debug-iphoneos/GoogleUtilities-NSData.build/Objects-normal/arm64/e6072d4f65d7061329687fe24e3d63a7-common-args.resp -include /Users/khanghnguyen/Library/Developer/Xcode/DerivedData/Wishie-gavmeupfwiyxzhaiqkwzocyeeixy/Build/Intermediates.noindex/GoogleUtilities.build/Debug-iphoneos/GoogleUtilities-NSData.build/DerivedSources/resource_bundle_accessor.h -MMD -MT dependencies -MF /Users/khanghnguyen/Library/Developer/Xcode/DerivedData/Wishie-gavmeupfwiyxzhaiqkwzocyeeixy/Build/Intermediates.noindex/GoogleUtilities.build/Debug-iphoneos/GoogleUtilities-NSData.build/Objects-normal/arm64/GULNSData+zlib.d --serialize-diagnostics /Users/khanghnguyen/Library/Developer/Xcode/DerivedData/Wishie-gavmeupfwiyxzhaiqkwzocyeeixy/Build/Intermediates.noindex/GoogleUtilities.build/Debug-iphoneos/GoogleUtilities-NSData.build/Objects-normal/arm64/GULNSData+zlib.dia -c /Users/khanghnguyen/Library/Developer/Xcode/DerivedData/Wishie-gavmeupfwiyxzhaiqkwzocyeeixy/SourcePackages/checkouts/GoogleUtilities/GoogleUtilities/NSData+zlib/GULNSData+zlib.m -o /Users/khanghnguyen/Library/Developer/Xcode/DerivedData/Wishie-gavmeupfwiyxzhaiqkwzocyeeixy/Build/Intermediates.noindex/GoogleUtilities.build/Debug-iphoneos/GoogleUtilities-NSData.build/Objects-normal/arm64/GULNSData+zlib.o -index-unit-output-path /GoogleUtilities.build/Debug-iphoneos/GoogleUtilities-NSData.build/Objects-normal/arm64/GULNSData+zlib.o

SwiftCompile normal arm64 Compiling\ ActorIsolated.swift,\ AnyHashableSendable.swift /Users/khanghnguyen/Library/Developer/Xcode/DerivedData/Wishie-gavmeupfwiyxzhaiqkwzocyeeixy/SourcePackages/checkouts/swift-concurrency-extras/Sources/ConcurrencyExtras/ActorIsolated.swift /Users/khanghnguyen/Library/Developer/Xcode/DerivedData/Wishie-gavmeupfwiyxzhaiqkwzocyeeixy/SourcePackages/checkouts/swift-concurrency-extras/Sources/ConcurrencyExtras/AnyHashableSendable.swift (in target 'ConcurrencyExtras' from project 'swift-concurrency-extras')

SwiftCompile normal arm64 /Users/khanghnguyen/Library/Developer/Xcode/DerivedData/Wishie-gavmeupfwiyxzhaiqkwzocyeeixy/SourcePackages/checkouts/swift-concurrency-extras/Sources/ConcurrencyExtras/ActorIsolated.swift (in target 'ConcurrencyExtras' from project 'swift-concurrency-extras')
    cd /Users/khanghnguyen/Downloads/Wishie/Wishie.xcodeproj
    

SwiftCompile normal arm64 /Users/khanghnguyen/Library/Developer/Xcode/DerivedData/Wishie-gavmeupfwiyxzhaiqkwzocyeeixy/SourcePackages/checkouts/swift-concurrency-extras/Sources/ConcurrencyExtras/AnyHashableSendable.swift (in target 'ConcurrencyExtras' from project 'swift-concurrency-extras')
    cd /Users/khanghnguyen/Downloads/Wishie/Wishie.xcodeproj
    

CompileC /Users/khanghnguyen/Library/Developer/Xcode/DerivedData/Wishie-gavmeupfwiyxzhaiqkwzocyeeixy/Build/Intermediates.noindex/SDWebImage.build/Debug-iphoneos/SDWebImage.build/Objects-normal/arm64/UIView+WebCacheState.o /Users/khanghnguyen/Library/Developer/Xcode/DerivedData/Wishie-gavmeupfwiyxzhaiqkwzocyeeixy/SourcePackages/checkouts/SDWebImage/SDWebImage/Core/UIView+WebCacheState.m normal arm64 objective-c com.apple.compilers.llvm.clang.1_0.compiler (in target 'SDWebImage' from project 'SDWebImage')
    cd /Users/khanghnguyen/Downloads/Wishie/Wishie.xcodeproj
    
    Using response file: /Users/khanghnguyen/Library/Developer/Xcode/DerivedData/Wishie-gavmeupfwiyxzhaiqkwzocyeeixy/Build/Intermediates.noindex/SDWebImage.build/Debug-iphoneos/SDWebImage.build/Objects-normal/arm64/e6072d4f65d7061329687fe24e3d63a7-common-args.resp
    
    /Applications/Xcode.app/Contents/Developer/Toolchains/XcodeDefault.xctoolchain/usr/bin/clang -x objective-c -ivfsstatcache /Users/khanghnguyen/Library/Developer/Xcode/DerivedData/SDKStatCaches.noindex/iphoneos26.2-23C57-3794476bd08197c3e2abd9bb477ef7f7.sdkstatcache -fmessage-length\=0 -fdiagnostics-show-note-include-stack -fmacro-backtrace-limit\=0 -fno-color-diagnostics -fmodules-prune-interval\=86400 -fmodules-prune-after\=345600 -fbuild-session-file\=/Users/khanghnguyen/Library/Developer/Xcode/DerivedData/ModuleCache.noindex/Session.modulevalidation -fmodules-validate-once-per-build-session -Wnon-modular-include-in-framework-module -Werror\=non-modular-include-in-framework-module -Wno-trigraphs -Wno-missing-field-initializers -Wno-missing-prototypes -Wno-return-type -Wno-implicit-atomic-properties -Wno-objc-interface-ivars -Wno-arc-repeated-use-of-weak -Wno-missing-braces -Wparentheses -Wswitch -Wno-unused-function -Wno-unused-label -Wno-unused-parameter -Wno-unused-variable -Wunused-value -Wno-empty-body -Wno-uninitialized -Wno-unknown-pragmas -w -Wno-shadow -Wno-four-char-constants -Wno-conversion -Wno-constant-conversion -Wno-int-conversion -Wno-bool-conversion -Wno-enum-conversion -Wno-float-conversion -Wno-non-literal-null-conversion -Wno-objc-literal-conversion -Wshorten-64-to-32 -Wpointer-sign -Wno-newline-eof -Wno-selector -Wno-strict-selector-match -Wno-undeclared-selector -Wno-deprecated-implementations -Wno-implicit-fallthrough -fstrict-aliasing -Wprotocol -Wdeprecated-declarations -Wno-sign-conversion -Wno-infinite-recursion -Wno-comma -Wno-block-capture-autoreleasing -Wno-strict-prototypes -Wno-semicolon-before-method-body -index-store-path /Users/khanghnguyen/Library/Developer/Xcode/DerivedData/Wishie-gavmeupfwiyxzhaiqkwzocyeeixy/Index.noindex/DataStore @/Users/khanghnguyen/Library/Developer/Xcode/DerivedData/Wishie-gavmeupfwiyxzhaiqkwzocyeeixy/Build/Intermediates.noindex/SDWebImage.build/Debug-iphoneos/SDWebImage.build/Objects-normal/arm64/e6072d4f65d7061329687fe24e3d63a7-common-args.resp -include /Users/khanghnguyen/Library/Developer/Xcode/DerivedData/Wishie-gavmeupfwiyxzhaiqkwzocyeeixy/Build/Intermediates.noindex/SDWebImage.build/Debug-iphoneos/SDWebImage.build/DerivedSources/resource_bundle_accessor.h -MMD -MT dependencies -MF /Users/khanghnguyen/Library/Developer/Xcode/DerivedData/Wishie-gavmeupfwiyxzhaiqkwzocyeeixy/Build/Intermediates.noindex/SDWebImage.build/Debug-iphoneos/SDWebImage.build/Objects-normal/arm64/UIView+WebCacheState.d --serialize-diagnostics /Users/khanghnguyen/Library/Developer/Xcode/DerivedData/Wishie-gavmeupfwiyxzhaiqkwzocyeeixy/Build/Intermediates.noindex/SDWebImage.build/Debug-iphoneos/SDWebImage.build/Objects-normal/arm64/UIView+WebCacheState.dia -c /Users/khanghnguyen/Library/Developer/Xcode/DerivedData/Wishie-gavmeupfwiyxzhaiqkwzocyeeixy/SourcePackages/checkouts/SDWebImage/SDWebImage/Core/UIView+WebCacheState.m -o /Users/khanghnguyen/Library/Developer/Xcode/DerivedData/Wishie-gavmeupfwiyxzhaiqkwzocyeeixy/Build/Intermediates.noindex/SDWebImage.build/Debug-iphoneos/SDWebImage.build/Objects-normal/arm64/UIView+WebCacheState.o -index-unit-output-path /SDWebImage.build/Debug-iphoneos/SDWebImage.build/Objects-normal/arm64/UIView+WebCacheState.o

CompileC /Users/khanghnguyen/Library/Developer/Xcode/DerivedData/Wishie-gavmeupfwiyxzhaiqkwzocyeeixy/Build/Intermediates.noindex/SDWebImage.build/Debug-iphoneos/SDWebImage.build/Objects-normal/arm64/UIView+WebCacheOperation.o /Users/khanghnguyen/Library/Developer/Xcode/DerivedData/Wishie-gavmeupfwiyxzhaiqkwzocyeeixy/SourcePackages/checkouts/SDWebImage/SDWebImage/Core/UIView+WebCacheOperation.m normal arm64 objective-c com.apple.compilers.llvm.clang.1_0.compiler (in target 'SDWebImage' from project 'SDWebImage')
    cd /Users/khanghnguyen/Downloads/Wishie/Wishie.xcodeproj
    
    Using response file: /Users/khanghnguyen/Library/Developer/Xcode/DerivedData/Wishie-gavmeupfwiyxzhaiqkwzocyeeixy/Build/Intermediates.noindex/SDWebImage.build/Debug-iphoneos/SDWebImage.build/Objects-normal/arm64/e6072d4f65d7061329687fe24e3d63a7-common-args.resp
    
    /Applications/Xcode.app/Contents/Developer/Toolchains/XcodeDefault.xctoolchain/usr/bin/clang -x objective-c -ivfsstatcache /Users/khanghnguyen/Library/Developer/Xcode/DerivedData/SDKStatCaches.noindex/iphoneos26.2-23C57-3794476bd08197c3e2abd9bb477ef7f7.sdkstatcache -fmessage-length\=0 -fdiagnostics-show-note-include-stack -fmacro-backtrace-limit\=0 -fno-color-diagnostics -fmodules-prune-interval\=86400 -fmodules-prune-after\=345600 -fbuild-session-file\=/Users/khanghnguyen/Library/Developer/Xcode/DerivedData/ModuleCache.noindex/Session.modulevalidation -fmodules-validate-once-per-build-session -Wnon-modular-include-in-framework-module -Werror\=non-modular-include-in-framework-module -Wno-trigraphs -Wno-missing-field-initializers -Wno-missing-prototypes -Wno-return-type -Wno-implicit-atomic-properties -Wno-objc-interface-ivars -Wno-arc-repeated-use-of-weak -Wno-missing-braces -Wparentheses -Wswitch -Wno-unused-function -Wno-unused-label -Wno-unused-parameter -Wno-unused-variable -Wunused-value -Wno-empty-body -Wno-uninitialized -Wno-unknown-pragmas -w -Wno-shadow -Wno-four-char-constants -Wno-conversion -Wno-constant-conversion -Wno-int-conversion -Wno-bool-conversion -Wno-enum-conversion -Wno-float-conversion -Wno-non-literal-null-conversion -Wno-objc-literal-conversion -Wshorten-64-to-32 -Wpointer-sign -Wno-newline-eof -Wno-selector -Wno-strict-selector-match -Wno-undeclared-selector -Wno-deprecated-implementations -Wno-implicit-fallthrough -fstrict-aliasing -Wprotocol -Wdeprecated-declarations -Wno-sign-conversion -Wno-infinite-recursion -Wno-comma -Wno-block-capture-autoreleasing -Wno-strict-prototypes -Wno-semicolon-before-method-body -index-store-path /Users/khanghnguyen/Library/Developer/Xcode/DerivedData/Wishie-gavmeupfwiyxzhaiqkwzocyeeixy/Index.noindex/DataStore @/Users/khanghnguyen/Library/Developer/Xcode/DerivedData/Wishie-gavmeupfwiyxzhaiqkwzocyeeixy/Build/Intermediates.noindex/SDWebImage.build/Debug-iphoneos/SDWebImage.build/Objects-normal/arm64/e6072d4f65d7061329687fe24e3d63a7-common-args.resp -include /Users/khanghnguyen/Library/Developer/Xcode/DerivedData/Wishie-gavmeupfwiyxzhaiqkwzocyeeixy/Build/Intermediates.noindex/SDWebImage.build/Debug-iphoneos/SDWebImage.build/DerivedSources/resource_bundle_accessor.h -MMD -MT dependencies -MF /Users/khanghnguyen/Library/Developer/Xcode/DerivedData/Wishie-gavmeupfwiyxzhaiqkwzocyeeixy/Build/Intermediates.noindex/SDWebImage.build/Debug-iphoneos/SDWebImage.build/Objects-normal/arm64/UIView+WebCacheOperation.d --serialize-diagnostics /Users/khanghnguyen/Library/Developer/Xcode/DerivedData/Wishie-gavmeupfwiyxzhaiqkwzocyeeixy/Build/Intermediates.noindex/SDWebImage.build/Debug-iphoneos/SDWebImage.build/Objects-normal/arm64/UIView+WebCacheOperation.dia -c /Users/khanghnguyen/Library/Developer/Xcode/DerivedData/Wishie-gavmeupfwiyxzhaiqkwzocyeeixy/SourcePackages/checkouts/SDWebImage/SDWebImage/Core/UIView+WebCacheOperation.m -o /Users/khanghnguyen/Library/Developer/Xcode/DerivedData/Wishie-gavmeupfwiyxzhaiqkwzocyeeixy/Build/Intermediates.noindex/SDWebImage.build/Debug-iphoneos/SDWebImage.build/Objects-normal/arm64/UIView+WebCacheOperation.o -index-unit-output-path /SDWebImage.build/Debug-iphoneos/SDWebImage.build/Objects-normal/arm64/UIView+WebCacheOperation.o

SwiftDriverJobDiscovery normal arm64 Compiling HPKE-KexKeyDerivation.swift, HPKE-LabeledExtract.swift, HPKE-Utils.swift, DHKEM.swift, HPKE-KEM-Curve25519.swift, HPKE-NIST-EC-KEMs.swift, HPKE-KEM.swift, HPKE-Errors.swift, HPKE.swift, HPKE-Context.swift, HPKE-KeySchedule.swift, HPKE-Modes.swift (in target 'Crypto' from project 'swift-crypto')

CompileC /Users/khanghnguyen/Library/Developer/Xcode/DerivedData/Wishie-gavmeupfwiyxzhaiqkwzocyeeixy/Build/Intermediates.noindex/SDWebImage.build/Debug-iphoneos/SDWebImage.build/Objects-normal/arm64/UIView+WebCache.o /Users/khanghnguyen/Library/Developer/Xcode/DerivedData/Wishie-gavmeupfwiyxzhaiqkwzocyeeixy/SourcePackages/checkouts/SDWebImage/SDWebImage/Core/UIView+WebCache.m normal arm64 objective-c com.apple.compilers.llvm.clang.1_0.compiler (in target 'SDWebImage' from project 'SDWebImage')
    cd /Users/khanghnguyen/Downloads/Wishie/Wishie.xcodeproj
    
    Using response file: /Users/khanghnguyen/Library/Developer/Xcode/DerivedData/Wishie-gavmeupfwiyxzhaiqkwzocyeeixy/Build/Intermediates.noindex/SDWebImage.build/Debug-iphoneos/SDWebImage.build/Objects-normal/arm64/e6072d4f65d7061329687fe24e3d63a7-common-args.resp
    
    /Applications/Xcode.app/Contents/Developer/Toolchains/XcodeDefault.xctoolchain/usr/bin/clang -x objective-c -ivfsstatcache /Users/khanghnguyen/Library/Developer/Xcode/DerivedData/SDKStatCaches.noindex/iphoneos26.2-23C57-3794476bd08197c3e2abd9bb477ef7f7.sdkstatcache -fmessage-length\=0 -fdiagnostics-show-note-include-stack -fmacro-backtrace-limit\=0 -fno-color-diagnostics -fmodules-prune-interval\=86400 -fmodules-prune-after\=345600 -fbuild-session-file\=/Users/khanghnguyen/Library/Developer/Xcode/DerivedData/ModuleCache.noindex/Session.modulevalidation -fmodules-validate-once-per-build-session -Wnon-modular-include-in-framework-module -Werror\=non-modular-include-in-framework-module -Wno-trigraphs -Wno-missing-field-initializers -Wno-missing-prototypes -Wno-return-type -Wno-implicit-atomic-properties -Wno-objc-interface-ivars -Wno-arc-repeated-use-of-weak -Wno-missing-braces -Wparentheses -Wswitch -Wno-unused-function -Wno-unused-label -Wno-unused-parameter -Wno-unused-variable -Wunused-value -Wno-empty-body -Wno-uninitialized -Wno-unknown-pragmas -w -Wno-shadow -Wno-four-char-constants -Wno-conversion -Wno-constant-conversion -Wno-int-conversion -Wno-bool-conversion -Wno-enum-conversion -Wno-float-conversion -Wno-non-literal-null-conversion -Wno-objc-literal-conversion -Wshorten-64-to-32 -Wpointer-sign -Wno-newline-eof -Wno-selector -Wno-strict-selector-match -Wno-undeclared-selector -Wno-deprecated-implementations -Wno-implicit-fallthrough -fstrict-aliasing -Wprotocol -Wdeprecated-declarations -Wno-sign-conversion -Wno-infinite-recursion -Wno-comma -Wno-block-capture-autoreleasing -Wno-strict-prototypes -Wno-semicolon-before-method-body -index-store-path /Users/khanghnguyen/Library/Developer/Xcode/DerivedData/Wishie-gavmeupfwiyxzhaiqkwzocyeeixy/Index.noindex/DataStore @/Users/khanghnguyen/Library/Developer/Xcode/DerivedData/Wishie-gavmeupfwiyxzhaiqkwzocyeeixy/Build/Intermediates.noindex/SDWebImage.build/Debug-iphoneos/SDWebImage.build/Objects-normal/arm64/e6072d4f65d7061329687fe24e3d63a7-common-args.resp -include /Users/khanghnguyen/Library/Developer/Xcode/DerivedData/Wishie-gavmeupfwiyxzhaiqkwzocyeeixy/Build/Intermediates.noindex/SDWebImage.build/Debug-iphoneos/SDWebImage.build/DerivedSources/resource_bundle_accessor.h -MMD -MT dependencies -MF /Users/khanghnguyen/Library/Developer/Xcode/DerivedData/Wishie-gavmeupfwiyxzhaiqkwzocyeeixy/Build/Intermediates.noindex/SDWebImage.build/Debug-iphoneos/SDWebImage.build/Objects-normal/arm64/UIView+WebCache.d --serialize-diagnostics /Users/khanghnguyen/Library/Developer/Xcode/DerivedData/Wishie-gavmeupfwiyxzhaiqkwzocyeeixy/Build/Intermediates.noindex/SDWebImage.build/Debug-iphoneos/SDWebImage.build/Objects-normal/arm64/UIView+WebCache.dia -c /Users/khanghnguyen/Library/Developer/Xcode/DerivedData/Wishie-gavmeupfwiyxzhaiqkwzocyeeixy/SourcePackages/checkouts/SDWebImage/SDWebImage/Core/UIView+WebCache.m -o /Users/khanghnguyen/Library/Developer/Xcode/DerivedData/Wishie-gavmeupfwiyxzhaiqkwzocyeeixy/Build/Intermediates.noindex/SDWebImage.build/Debug-iphoneos/SDWebImage.build/Objects-normal/arm64/UIView+WebCache.o -index-unit-output-path /SDWebImage.build/Debug-iphoneos/SDWebImage.build/Objects-normal/arm64/UIView+WebCache.o

SwiftDriverJobDiscovery normal arm64 Compiling ANSIx963.swift, HKDF.swift, AESWrap.swift, AESWrap_boring.swift, Ed25519_boring.swift, NISTCurvesKeys_boring.swift, X25519Keys_boring.swift, Curve25519.swift, Ed25519Keys.swift, NISTCurvesKeys.swift, X25519Keys.swift, SymmetricKeys.swift (in target 'Crypto' from project 'swift-crypto')

CompileC /Users/khanghnguyen/Library/Developer/Xcode/DerivedData/Wishie-gavmeupfwiyxzhaiqkwzocyeeixy/Build/Intermediates.noindex/SDWebImage.build/Debug-iphoneos/SDWebImage.build/Objects-normal/arm64/UIImageView+WebCache.o /Users/khanghnguyen/Library/Developer/Xcode/DerivedData/Wishie-gavmeupfwiyxzhaiqkwzocyeeixy/SourcePackages/checkouts/SDWebImage/SDWebImage/Core/UIImageView+WebCache.m normal arm64 objective-c com.apple.compilers.llvm.clang.1_0.compiler (in target 'SDWebImage' from project 'SDWebImage')
    cd /Users/khanghnguyen/Downloads/Wishie/Wishie.xcodeproj
    
    Using response file: /Users/khanghnguyen/Library/Developer/Xcode/DerivedData/Wishie-gavmeupfwiyxzhaiqkwzocyeeixy/Build/Intermediates.noindex/SDWebImage.build/Debug-iphoneos/SDWebImage.build/Objects-normal/arm64/e6072d4f65d7061329687fe24e3d63a7-common-args.resp
    
    /Applications/Xcode.app/Contents/Developer/Toolchains/XcodeDefault.xctoolchain/usr/bin/clang -x objective-c -ivfsstatcache /Users/khanghnguyen/Library/Developer/Xcode/DerivedData/SDKStatCaches.noindex/iphoneos26.2-23C57-3794476bd08197c3e2abd9bb477ef7f7.sdkstatcache -fmessage-length\=0 -fdiagnostics-show-note-include-stack -fmacro-backtrace-limit\=0 -fno-color-diagnostics -fmodules-prune-interval\=86400 -fmodules-prune-after\=345600 -fbuild-session-file\=/Users/khanghnguyen/Library/Developer/Xcode/DerivedData/ModuleCache.noindex/Session.modulevalidation -fmodules-validate-once-per-build-session -Wnon-modular-include-in-framework-module -Werror\=non-modular-include-in-framework-module -Wno-trigraphs -Wno-missing-field-initializers -Wno-missing-prototypes -Wno-return-type -Wno-implicit-atomic-properties -Wno-objc-interface-ivars -Wno-arc-repeated-use-of-weak -Wno-missing-braces -Wparentheses -Wswitch -Wno-unused-function -Wno-unused-label -Wno-unused-parameter -Wno-unused-variable -Wunused-value -Wno-empty-body -Wno-uninitialized -Wno-unknown-pragmas -w -Wno-shadow -Wno-four-char-constants -Wno-conversion -Wno-constant-conversion -Wno-int-conversion -Wno-bool-conversion -Wno-enum-conversion -Wno-float-conversion -Wno-non-literal-null-conversion -Wno-objc-literal-conversion -Wshorten-64-to-32 -Wpointer-sign -Wno-newline-eof -Wno-selector -Wno-strict-selector-match -Wno-undeclared-selector -Wno-deprecated-implementations -Wno-implicit-fallthrough -fstrict-aliasing -Wprotocol -Wdeprecated-declarations -Wno-sign-conversion -Wno-infinite-recursion -Wno-comma -Wno-block-capture-autoreleasing -Wno-strict-prototypes -Wno-semicolon-before-method-body -index-store-path /Users/khanghnguyen/Library/Developer/Xcode/DerivedData/Wishie-gavmeupfwiyxzhaiqkwzocyeeixy/Index.noindex/DataStore @/Users/khanghnguyen/Library/Developer/Xcode/DerivedData/Wishie-gavmeupfwiyxzhaiqkwzocyeeixy/Build/Intermediates.noindex/SDWebImage.build/Debug-iphoneos/SDWebImage.build/Objects-normal/arm64/e6072d4f65d7061329687fe24e3d63a7-common-args.resp -include /Users/khanghnguyen/Library/Developer/Xcode/DerivedData/Wishie-gavmeupfwiyxzhaiqkwzocyeeixy/Build/Intermediates.noindex/SDWebImage.build/Debug-iphoneos/SDWebImage.build/DerivedSources/resource_bundle_accessor.h -MMD -MT dependencies -MF /Users/khanghnguyen/Library/Developer/Xcode/DerivedData/Wishie-gavmeupfwiyxzhaiqkwzocyeeixy/Build/Intermediates.noindex/SDWebImage.build/Debug-iphoneos/SDWebImage.build/Objects-normal/arm64/UIImageView+WebCache.d --serialize-diagnostics /Users/khanghnguyen/Library/Developer/Xcode/DerivedData/Wishie-gavmeupfwiyxzhaiqkwzocyeeixy/Build/Intermediates.noindex/SDWebImage.build/Debug-iphoneos/SDWebImage.build/Objects-normal/arm64/UIImageView+WebCache.dia -c /Users/khanghnguyen/Library/Developer/Xcode/DerivedData/Wishie-gavmeupfwiyxzhaiqkwzocyeeixy/SourcePackages/checkouts/SDWebImage/SDWebImage/Core/UIImageView+WebCache.m -o /Users/khanghnguyen/Library/Developer/Xcode/DerivedData/Wishie-gavmeupfwiyxzhaiqkwzocyeeixy/Build/Intermediates.noindex/SDWebImage.build/Debug-iphoneos/SDWebImage.build/Objects-normal/arm64/UIImageView+WebCache.o -index-unit-output-path /SDWebImage.build/Debug-iphoneos/SDWebImage.build/Objects-normal/arm64/UIImageView+WebCache.o

SwiftDriverJobDiscovery normal arm64 Compiling ASN1Integer.swift, ASN1Null.swift, ASN1OctetString.swift, ASN1Strings.swift, ArraySliceBigint.swift, GeneralizedTime.swift, ObjectIdentifier.swift, ECDSASignature.swift, PEMDocument.swift, PKCS8PrivateKey.swift, SEC1PrivateKey.swift, SubjectPublicKeyInfo.swift (in target 'Crypto' from project 'swift-crypto')

CompileC /Users/khanghnguyen/Library/Developer/Xcode/DerivedData/Wishie-gavmeupfwiyxzhaiqkwzocyeeixy/Build/Intermediates.noindex/SDWebImage.build/Debug-iphoneos/SDWebImage.build/Objects-normal/arm64/UIImageView+HighlightedWebCache.o /Users/khanghnguyen/Library/Developer/Xcode/DerivedData/Wishie-gavmeupfwiyxzhaiqkwzocyeeixy/SourcePackages/checkouts/SDWebImage/SDWebImage/Core/UIImageView+HighlightedWebCache.m normal arm64 objective-c com.apple.compilers.llvm.clang.1_0.compiler (in target 'SDWebImage' from project 'SDWebImage')
    cd /Users/khanghnguyen/Downloads/Wishie/Wishie.xcodeproj
    
    Using response file: /Users/khanghnguyen/Library/Developer/Xcode/DerivedData/Wishie-gavmeupfwiyxzhaiqkwzocyeeixy/Build/Intermediates.noindex/SDWebImage.build/Debug-iphoneos/SDWebImage.build/Objects-normal/arm64/e6072d4f65d7061329687fe24e3d63a7-common-args.resp
    
    /Applications/Xcode.app/Contents/Developer/Toolchains/XcodeDefault.xctoolchain/usr/bin/clang -x objective-c -ivfsstatcache /Users/khanghnguyen/Library/Developer/Xcode/DerivedData/SDKStatCaches.noindex/iphoneos26.2-23C57-3794476bd08197c3e2abd9bb477ef7f7.sdkstatcache -fmessage-length\=0 -fdiagnostics-show-note-include-stack -fmacro-backtrace-limit\=0 -fno-color-diagnostics -fmodules-prune-interval\=86400 -fmodules-prune-after\=345600 -fbuild-session-file\=/Users/khanghnguyen/Library/Developer/Xcode/DerivedData/ModuleCache.noindex/Session.modulevalidation -fmodules-validate-once-per-build-session -Wnon-modular-include-in-framework-module -Werror\=non-modular-include-in-framework-module -Wno-trigraphs -Wno-missing-field-initializers -Wno-missing-prototypes -Wno-return-type -Wno-implicit-atomic-properties -Wno-objc-interface-ivars -Wno-arc-repeated-use-of-weak -Wno-missing-braces -Wparentheses -Wswitch -Wno-unused-function -Wno-unused-label -Wno-unused-parameter -Wno-unused-variable -Wunused-value -Wno-empty-body -Wno-uninitialized -Wno-unknown-pragmas -w -Wno-shadow -Wno-four-char-constants -Wno-conversion -Wno-constant-conversion -Wno-int-conversion -Wno-bool-conversion -Wno-enum-conversion -Wno-float-conversion -Wno-non-literal-null-conversion -Wno-objc-literal-conversion -Wshorten-64-to-32 -Wpointer-sign -Wno-newline-eof -Wno-selector -Wno-strict-selector-match -Wno-undeclared-selector -Wno-deprecated-implementations -Wno-implicit-fallthrough -fstrict-aliasing -Wprotocol -Wdeprecated-declarations -Wno-sign-conversion -Wno-infinite-recursion -Wno-comma -Wno-block-capture-autoreleasing -Wno-strict-prototypes -Wno-semicolon-before-method-body -index-store-path /Users/khanghnguyen/Library/Developer/Xcode/DerivedData/Wishie-gavmeupfwiyxzhaiqkwzocyeeixy/Index.noindex/DataStore @/Users/khanghnguyen/Library/Developer/Xcode/DerivedData/Wishie-gavmeupfwiyxzhaiqkwzocyeeixy/Build/Intermediates.noindex/SDWebImage.build/Debug-iphoneos/SDWebImage.build/Objects-normal/arm64/e6072d4f65d7061329687fe24e3d63a7-common-args.resp -include /Users/khanghnguyen/Library/Developer/Xcode/DerivedData/Wishie-gavmeupfwiyxzhaiqkwzocyeeixy/Build/Intermediates.noindex/SDWebImage.build/Debug-iphoneos/SDWebImage.build/DerivedSources/resource_bundle_accessor.h -MMD -MT dependencies -MF /Users/khanghnguyen/Library/Developer/Xcode/DerivedData/Wishie-gavmeupfwiyxzhaiqkwzocyeeixy/Build/Intermediates.noindex/SDWebImage.build/Debug-iphoneos/SDWebImage.build/Objects-normal/arm64/UIImageView+HighlightedWebCache.d --serialize-diagnostics /Users/khanghnguyen/Library/Developer/Xcode/DerivedData/Wishie-gavmeupfwiyxzhaiqkwzocyeeixy/Build/Intermediates.noindex/SDWebImage.build/Debug-iphoneos/SDWebImage.build/Objects-normal/arm64/UIImageView+HighlightedWebCache.dia -c /Users/khanghnguyen/Library/Developer/Xcode/DerivedData/Wishie-gavmeupfwiyxzhaiqkwzocyeeixy/SourcePackages/checkouts/SDWebImage/SDWebImage/Core/UIImageView+HighlightedWebCache.m -o /Users/khanghnguyen/Library/Developer/Xcode/DerivedData/Wishie-gavmeupfwiyxzhaiqkwzocyeeixy/Build/Intermediates.noindex/SDWebImage.build/Debug-iphoneos/SDWebImage.build/Objects-normal/arm64/UIImageView+HighlightedWebCache.o -index-unit-output-path /SDWebImage.build/Debug-iphoneos/SDWebImage.build/Objects-normal/arm64/UIImageView+HighlightedWebCache.o

CompileC /Users/khanghnguyen/Library/Developer/Xcode/DerivedData/Wishie-gavmeupfwiyxzhaiqkwzocyeeixy/Build/Intermediates.noindex/SDWebImage.build/Debug-iphoneos/SDWebImage.build/Objects-normal/arm64/UIImage+Transform.o /Users/khanghnguyen/Library/Developer/Xcode/DerivedData/Wishie-gavmeupfwiyxzhaiqkwzocyeeixy/SourcePackages/checkouts/SDWebImage/SDWebImage/Core/UIImage+Transform.m normal arm64 objective-c com.apple.compilers.llvm.clang.1_0.compiler (in target 'SDWebImage' from project 'SDWebImage')
    cd /Users/khanghnguyen/Downloads/Wishie/Wishie.xcodeproj
    
    Using response file: /Users/khanghnguyen/Library/Developer/Xcode/DerivedData/Wishie-gavmeupfwiyxzhaiqkwzocyeeixy/Build/Intermediates.noindex/SDWebImage.build/Debug-iphoneos/SDWebImage.build/Objects-normal/arm64/e6072d4f65d7061329687fe24e3d63a7-common-args.resp
    
    /Applications/Xcode.app/Contents/Developer/Toolchains/XcodeDefault.xctoolchain/usr/bin/clang -x objective-c -ivfsstatcache /Users/khanghnguyen/Library/Developer/Xcode/DerivedData/SDKStatCaches.noindex/iphoneos26.2-23C57-3794476bd08197c3e2abd9bb477ef7f7.sdkstatcache -fmessage-length\=0 -fdiagnostics-show-note-include-stack -fmacro-backtrace-limit\=0 -fno-color-diagnostics -fmodules-prune-interval\=86400 -fmodules-prune-after\=345600 -fbuild-session-file\=/Users/khanghnguyen/Library/Developer/Xcode/DerivedData/ModuleCache.noindex/Session.modulevalidation -fmodules-validate-once-per-build-session -Wnon-modular-include-in-framework-module -Werror\=non-modular-include-in-framework-module -Wno-trigraphs -Wno-missing-field-initializers -Wno-missing-prototypes -Wno-return-type -Wno-implicit-atomic-properties -Wno-objc-interface-ivars -Wno-arc-repeated-use-of-weak -Wno-missing-braces -Wparentheses -Wswitch -Wno-unused-function -Wno-unused-label -Wno-unused-parameter -Wno-unused-variable -Wunused-value -Wno-empty-body -Wno-uninitialized -Wno-unknown-pragmas -w -Wno-shadow -Wno-four-char-constants -Wno-conversion -Wno-constant-conversion -Wno-int-conversion -Wno-bool-conversion -Wno-enum-conversion -Wno-float-conversion -Wno-non-literal-null-conversion -Wno-objc-literal-conversion -Wshorten-64-to-32 -Wpointer-sign -Wno-newline-eof -Wno-selector -Wno-strict-selector-match -Wno-undeclared-selector -Wno-deprecated-implementations -Wno-implicit-fallthrough -fstrict-aliasing -Wprotocol -Wdeprecated-declarations -Wno-sign-conversion -Wno-infinite-recursion -Wno-comma -Wno-block-capture-autoreleasing -Wno-strict-prototypes -Wno-semicolon-before-method-body -index-store-path /Users/khanghnguyen/Library/Developer/Xcode/DerivedData/Wishie-gavmeupfwiyxzhaiqkwzocyeeixy/Index.noindex/DataStore @/Users/khanghnguyen/Library/Developer/Xcode/DerivedData/Wishie-gavmeupfwiyxzhaiqkwzocyeeixy/Build/Intermediates.noindex/SDWebImage.build/Debug-iphoneos/SDWebImage.build/Objects-normal/arm64/e6072d4f65d7061329687fe24e3d63a7-common-args.resp -include /Users/khanghnguyen/Library/Developer/Xcode/DerivedData/Wishie-gavmeupfwiyxzhaiqkwzocyeeixy/Build/Intermediates.noindex/SDWebImage.build/Debug-iphoneos/SDWebImage.build/DerivedSources/resource_bundle_accessor.h -MMD -MT dependencies -MF /Users/khanghnguyen/Library/Developer/Xcode/DerivedData/Wishie-gavmeupfwiyxzhaiqkwzocyeeixy/Build/Intermediates.noindex/SDWebImage.build/Debug-iphoneos/SDWebImage.build/Objects-normal/arm64/UIImage+Transform.d --serialize-diagnostics /Users/khanghnguyen/Library/Developer/Xcode/DerivedData/Wishie-gavmeupfwiyxzhaiqkwzocyeeixy/Build/Intermediates.noindex/SDWebImage.build/Debug-iphoneos/SDWebImage.build/Objects-normal/arm64/UIImage+Transform.dia -c /Users/khanghnguyen/Library/Developer/Xcode/DerivedData/Wishie-gavmeupfwiyxzhaiqkwzocyeeixy/SourcePackages/checkouts/SDWebImage/SDWebImage/Core/UIImage+Transform.m -o /Users/khanghnguyen/Library/Developer/Xcode/DerivedData/Wishie-gavmeupfwiyxzhaiqkwzocyeeixy/Build/Intermediates.noindex/SDWebImage.build/Debug-iphoneos/SDWebImage.build/Objects-normal/arm64/UIImage+Transform.o -index-unit-output-path /SDWebImage.build/Debug-iphoneos/SDWebImage.build/Objects-normal/arm64/UIImage+Transform.o

CompileC /Users/khanghnguyen/Library/Developer/Xcode/DerivedData/Wishie-gavmeupfwiyxzhaiqkwzocyeeixy/Build/Intermediates.noindex/SDWebImage.build/Debug-iphoneos/SDWebImage.build/Objects-normal/arm64/UIImage+MultiFormat.o /Users/khanghnguyen/Library/Developer/Xcode/DerivedData/Wishie-gavmeupfwiyxzhaiqkwzocyeeixy/SourcePackages/checkouts/SDWebImage/SDWebImage/Core/UIImage+MultiFormat.m normal arm64 objective-c com.apple.compilers.llvm.clang.1_0.compiler (in target 'SDWebImage' from project 'SDWebImage')
    cd /Users/khanghnguyen/Downloads/Wishie/Wishie.xcodeproj
    
    Using response file: /Users/khanghnguyen/Library/Developer/Xcode/DerivedData/Wishie-gavmeupfwiyxzhaiqkwzocyeeixy/Build/Intermediates.noindex/SDWebImage.build/Debug-iphoneos/SDWebImage.build/Objects-normal/arm64/e6072d4f65d7061329687fe24e3d63a7-common-args.resp
    
    /Applications/Xcode.app/Contents/Developer/Toolchains/XcodeDefault.xctoolchain/usr/bin/clang -x objective-c -ivfsstatcache /Users/khanghnguyen/Library/Developer/Xcode/DerivedData/SDKStatCaches.noindex/iphoneos26.2-23C57-3794476bd08197c3e2abd9bb477ef7f7.sdkstatcache -fmessage-length\=0 -fdiagnostics-show-note-include-stack -fmacro-backtrace-limit\=0 -fno-color-diagnostics -fmodules-prune-interval\=86400 -fmodules-prune-after\=345600 -fbuild-session-file\=/Users/khanghnguyen/Library/Developer/Xcode/DerivedData/ModuleCache.noindex/Session.modulevalidation -fmodules-validate-once-per-build-session -Wnon-modular-include-in-framework-module -Werror\=non-modular-include-in-framework-module -Wno-trigraphs -Wno-missing-field-initializers -Wno-missing-prototypes -Wno-return-type -Wno-implicit-atomic-properties -Wno-objc-interface-ivars -Wno-arc-repeated-use-of-weak -Wno-missing-braces -Wparentheses -Wswitch -Wno-unused-function -Wno-unused-label -Wno-unused-parameter -Wno-unused-variable -Wunused-value -Wno-empty-body -Wno-uninitialized -Wno-unknown-pragmas -w -Wno-shadow -Wno-four-char-constants -Wno-conversion -Wno-constant-conversion -Wno-int-conversion -Wno-bool-conversion -Wno-enum-conversion -Wno-float-conversion -Wno-non-literal-null-conversion -Wno-objc-literal-conversion -Wshorten-64-to-32 -Wpointer-sign -Wno-newline-eof -Wno-selector -Wno-strict-selector-match -Wno-undeclared-selector -Wno-deprecated-implementations -Wno-implicit-fallthrough -fstrict-aliasing -Wprotocol -Wdeprecated-declarations -Wno-sign-conversion -Wno-infinite-recursion -Wno-comma -Wno-block-capture-autoreleasing -Wno-strict-prototypes -Wno-semicolon-before-method-body -index-store-path /Users/khanghnguyen/Library/Developer/Xcode/DerivedData/Wishie-gavmeupfwiyxzhaiqkwzocyeeixy/Index.noindex/DataStore @/Users/khanghnguyen/Library/Developer/Xcode/DerivedData/Wishie-gavmeupfwiyxzhaiqkwzocyeeixy/Build/Intermediates.noindex/SDWebImage.build/Debug-iphoneos/SDWebImage.build/Objects-normal/arm64/e6072d4f65d7061329687fe24e3d63a7-common-args.resp -include /Users/khanghnguyen/Library/Developer/Xcode/DerivedData/Wishie-gavmeupfwiyxzhaiqkwzocyeeixy/Build/Intermediates.noindex/SDWebImage.build/Debug-iphoneos/SDWebImage.build/DerivedSources/resource_bundle_accessor.h -MMD -MT dependencies -MF /Users/khanghnguyen/Library/Developer/Xcode/DerivedData/Wishie-gavmeupfwiyxzhaiqkwzocyeeixy/Build/Intermediates.noindex/SDWebImage.build/Debug-iphoneos/SDWebImage.build/Objects-normal/arm64/UIImage+MultiFormat.d --serialize-diagnostics /Users/khanghnguyen/Library/Developer/Xcode/DerivedData/Wishie-gavmeupfwiyxzhaiqkwzocyeeixy/Build/Intermediates.noindex/SDWebImage.build/Debug-iphoneos/SDWebImage.build/Objects-normal/arm64/UIImage+MultiFormat.dia -c /Users/khanghnguyen/Library/Developer/Xcode/DerivedData/Wishie-gavmeupfwiyxzhaiqkwzocyeeixy/SourcePackages/checkouts/SDWebImage/SDWebImage/Core/UIImage+MultiFormat.m -o /Users/khanghnguyen/Library/Developer/Xcode/DerivedData/Wishie-gavmeupfwiyxzhaiqkwzocyeeixy/Build/Intermediates.noindex/SDWebImage.build/Debug-iphoneos/SDWebImage.build/Objects-normal/arm64/UIImage+MultiFormat.o -index-unit-output-path /SDWebImage.build/Debug-iphoneos/SDWebImage.build/Objects-normal/arm64/UIImage+MultiFormat.o

CompileC /Users/khanghnguyen/Library/Developer/Xcode/DerivedData/Wishie-gavmeupfwiyxzhaiqkwzocyeeixy/Build/Intermediates.noindex/SDWebImage.build/Debug-iphoneos/SDWebImage.build/Objects-normal/arm64/UIImage+Metadata.o /Users/khanghnguyen/Library/Developer/Xcode/DerivedData/Wishie-gavmeupfwiyxzhaiqkwzocyeeixy/SourcePackages/checkouts/SDWebImage/SDWebImage/Core/UIImage+Metadata.m normal arm64 objective-c com.apple.compilers.llvm.clang.1_0.compiler (in target 'SDWebImage' from project 'SDWebImage')
    cd /Users/khanghnguyen/Downloads/Wishie/Wishie.xcodeproj
    
    Using response file: /Users/khanghnguyen/Library/Developer/Xcode/DerivedData/Wishie-gavmeupfwiyxzhaiqkwzocyeeixy/Build/Intermediates.noindex/SDWebImage.build/Debug-iphoneos/SDWebImage.build/Objects-normal/arm64/e6072d4f65d7061329687fe24e3d63a7-common-args.resp
    
    /Applications/Xcode.app/Contents/Developer/Toolchains/XcodeDefault.xctoolchain/usr/bin/clang -x objective-c -ivfsstatcache /Users/khanghnguyen/Library/Developer/Xcode/DerivedData/SDKStatCaches.noindex/iphoneos26.2-23C57-3794476bd08197c3e2abd9bb477ef7f7.sdkstatcache -fmessage-length\=0 -fdiagnostics-show-note-include-stack -fmacro-backtrace-limit\=0 -fno-color-diagnostics -fmodules-prune-interval\=86400 -fmodules-prune-after\=345600 -fbuild-session-file\=/Users/khanghnguyen/Library/Developer/Xcode/DerivedData/ModuleCache.noindex/Session.modulevalidation -fmodules-validate-once-per-build-session -Wnon-modular-include-in-framework-module -Werror\=non-modular-include-in-framework-module -Wno-trigraphs -Wno-missing-field-initializers -Wno-missing-prototypes -Wno-return-type -Wno-implicit-atomic-properties -Wno-objc-interface-ivars -Wno-arc-repeated-use-of-weak -Wno-missing-braces -Wparentheses -Wswitch -Wno-unused-function -Wno-unused-label -Wno-unused-parameter -Wno-unused-variable -Wunused-value -Wno-empty-body -Wno-uninitialized -Wno-unknown-pragmas -w -Wno-shadow -Wno-four-char-constants -Wno-conversion -Wno-constant-conversion -Wno-int-conversion -Wno-bool-conversion -Wno-enum-conversion -Wno-float-conversion -Wno-non-literal-null-conversion -Wno-objc-literal-conversion -Wshorten-64-to-32 -Wpointer-sign -Wno-newline-eof -Wno-selector -Wno-strict-selector-match -Wno-undeclared-selector -Wno-deprecated-implementations -Wno-implicit-fallthrough -fstrict-aliasing -Wprotocol -Wdeprecated-declarations -Wno-sign-conversion -Wno-infinite-recursion -Wno-comma -Wno-block-capture-autoreleasing -Wno-strict-prototypes -Wno-semicolon-before-method-body -index-store-path /Users/khanghnguyen/Library/Developer/Xcode/DerivedData/Wishie-gavmeupfwiyxzhaiqkwzocyeeixy/Index.noindex/DataStore @/Users/khanghnguyen/Library/Developer/Xcode/DerivedData/Wishie-gavmeupfwiyxzhaiqkwzocyeeixy/Build/Intermediates.noindex/SDWebImage.build/Debug-iphoneos/SDWebImage.build/Objects-normal/arm64/e6072d4f65d7061329687fe24e3d63a7-common-args.resp -include /Users/khanghnguyen/Library/Developer/Xcode/DerivedData/Wishie-gavmeupfwiyxzhaiqkwzocyeeixy/Build/Intermediates.noindex/SDWebImage.build/Debug-iphoneos/SDWebImage.build/DerivedSources/resource_bundle_accessor.h -MMD -MT dependencies -MF /Users/khanghnguyen/Library/Developer/Xcode/DerivedData/Wishie-gavmeupfwiyxzhaiqkwzocyeeixy/Build/Intermediates.noindex/SDWebImage.build/Debug-iphoneos/SDWebImage.build/Objects-normal/arm64/UIImage+Metadata.d --serialize-diagnostics /Users/khanghnguyen/Library/Developer/Xcode/DerivedData/Wishie-gavmeupfwiyxzhaiqkwzocyeeixy/Build/Intermediates.noindex/SDWebImage.build/Debug-iphoneos/SDWebImage.build/Objects-normal/arm64/UIImage+Metadata.dia -c /Users/khanghnguyen/Library/Developer/Xcode/DerivedData/Wishie-gavmeupfwiyxzhaiqkwzocyeeixy/SourcePackages/checkouts/SDWebImage/SDWebImage/Core/UIImage+Metadata.m -o /Users/khanghnguyen/Library/Developer/Xcode/DerivedData/Wishie-gavmeupfwiyxzhaiqkwzocyeeixy/Build/Intermediates.noindex/SDWebImage.build/Debug-iphoneos/SDWebImage.build/Objects-normal/arm64/UIImage+Metadata.o -index-unit-output-path /SDWebImage.build/Debug-iphoneos/SDWebImage.build/Objects-normal/arm64/UIImage+Metadata.o

SwiftDriverJobDiscovery normal arm64 Compiling resource_bundle_accessor.swift, AES-GCM.swift, AES-GCM_boring.swift, ChaChaPoly_boring.swift, ChaChaPoly.swift, Cipher.swift, Nonces.swift, ASN1.swift, ASN1Any.swift, ASN1BitString.swift, ASN1Boolean.swift, ASN1Identifier.swift (in target 'Crypto' from project 'swift-crypto')

CompileC /Users/khanghnguyen/Library/Developer/Xcode/DerivedData/Wishie-gavmeupfwiyxzhaiqkwzocyeeixy/Build/Intermediates.noindex/SDWebImage.build/Debug-iphoneos/SDWebImage.build/Objects-normal/arm64/UIImage+MemoryCacheCost.o /Users/khanghnguyen/Library/Developer/Xcode/DerivedData/Wishie-gavmeupfwiyxzhaiqkwzocyeeixy/SourcePackages/checkouts/SDWebImage/SDWebImage/Core/UIImage+MemoryCacheCost.m normal arm64 objective-c com.apple.compilers.llvm.clang.1_0.compiler (in target 'SDWebImage' from project 'SDWebImage')
    cd /Users/khanghnguyen/Downloads/Wishie/Wishie.xcodeproj
    
    Using response file: /Users/khanghnguyen/Library/Developer/Xcode/DerivedData/Wishie-gavmeupfwiyxzhaiqkwzocyeeixy/Build/Intermediates.noindex/SDWebImage.build/Debug-iphoneos/SDWebImage.build/Objects-normal/arm64/e6072d4f65d7061329687fe24e3d63a7-common-args.resp
    
    /Applications/Xcode.app/Contents/Developer/Toolchains/XcodeDefault.xctoolchain/usr/bin/clang -x objective-c -ivfsstatcache /Users/khanghnguyen/Library/Developer/Xcode/DerivedData/SDKStatCaches.noindex/iphoneos26.2-23C57-3794476bd08197c3e2abd9bb477ef7f7.sdkstatcache -fmessage-length\=0 -fdiagnostics-show-note-include-stack -fmacro-backtrace-limit\=0 -fno-color-diagnostics -fmodules-prune-interval\=86400 -fmodules-prune-after\=345600 -fbuild-session-file\=/Users/khanghnguyen/Library/Developer/Xcode/DerivedData/ModuleCache.noindex/Session.modulevalidation -fmodules-validate-once-per-build-session -Wnon-modular-include-in-framework-module -Werror\=non-modular-include-in-framework-module -Wno-trigraphs -Wno-missing-field-initializers -Wno-missing-prototypes -Wno-return-type -Wno-implicit-atomic-properties -Wno-objc-interface-ivars -Wno-arc-repeated-use-of-weak -Wno-missing-braces -Wparentheses -Wswitch -Wno-unused-function -Wno-unused-label -Wno-unused-parameter -Wno-unused-variable -Wunused-value -Wno-empty-body -Wno-uninitialized -Wno-unknown-pragmas -w -Wno-shadow -Wno-four-char-constants -Wno-conversion -Wno-constant-conversion -Wno-int-conversion -Wno-bool-conversion -Wno-enum-conversion -Wno-float-conversion -Wno-non-literal-null-conversion -Wno-objc-literal-conversion -Wshorten-64-to-32 -Wpointer-sign -Wno-newline-eof -Wno-selector -Wno-strict-selector-match -Wno-undeclared-selector -Wno-deprecated-implementations -Wno-implicit-fallthrough -fstrict-aliasing -Wprotocol -Wdeprecated-declarations -Wno-sign-conversion -Wno-infinite-recursion -Wno-comma -Wno-block-capture-autoreleasing -Wno-strict-prototypes -Wno-semicolon-before-method-body -index-store-path /Users/khanghnguyen/Library/Developer/Xcode/DerivedData/Wishie-gavmeupfwiyxzhaiqkwzocyeeixy/Index.noindex/DataStore @/Users/khanghnguyen/Library/Developer/Xcode/DerivedData/Wishie-gavmeupfwiyxzhaiqkwzocyeeixy/Build/Intermediates.noindex/SDWebImage.build/Debug-iphoneos/SDWebImage.build/Objects-normal/arm64/e6072d4f65d7061329687fe24e3d63a7-common-args.resp -include /Users/khanghnguyen/Library/Developer/Xcode/DerivedData/Wishie-gavmeupfwiyxzhaiqkwzocyeeixy/Build/Intermediates.noindex/SDWebImage.build/Debug-iphoneos/SDWebImage.build/DerivedSources/resource_bundle_accessor.h -MMD -MT dependencies -MF /Users/khanghnguyen/Library/Developer/Xcode/DerivedData/Wishie-gavmeupfwiyxzhaiqkwzocyeeixy/Build/Intermediates.noindex/SDWebImage.build/Debug-iphoneos/SDWebImage.build/Objects-normal/arm64/UIImage+MemoryCacheCost.d --serialize-diagnostics /Users/khanghnguyen/Library/Developer/Xcode/DerivedData/Wishie-gavmeupfwiyxzhaiqkwzocyeeixy/Build/Intermediates.noindex/SDWebImage.build/Debug-iphoneos/SDWebImage.build/Objects-normal/arm64/UIImage+MemoryCacheCost.dia -c /Users/khanghnguyen/Library/Developer/Xcode/DerivedData/Wishie-gavmeupfwiyxzhaiqkwzocyeeixy/SourcePackages/checkouts/SDWebImage/SDWebImage/Core/UIImage+MemoryCacheCost.m -o /Users/khanghnguyen/Library/Developer/Xcode/DerivedData/Wishie-gavmeupfwiyxzhaiqkwzocyeeixy/Build/Intermediates.noindex/SDWebImage.build/Debug-iphoneos/SDWebImage.build/Objects-normal/arm64/UIImage+MemoryCacheCost.o -index-unit-output-path /SDWebImage.build/Debug-iphoneos/SDWebImage.build/Objects-normal/arm64/UIImage+MemoryCacheCost.o

CompileC /Users/khanghnguyen/Library/Developer/Xcode/DerivedData/Wishie-gavmeupfwiyxzhaiqkwzocyeeixy/Build/Intermediates.noindex/SDWebImage.build/Debug-iphoneos/SDWebImage.build/Objects-normal/arm64/UIImage+GIF.o /Users/khanghnguyen/Library/Developer/Xcode/DerivedData/Wishie-gavmeupfwiyxzhaiqkwzocyeeixy/SourcePackages/checkouts/SDWebImage/SDWebImage/Core/UIImage+GIF.m normal arm64 objective-c com.apple.compilers.llvm.clang.1_0.compiler (in target 'SDWebImage' from project 'SDWebImage')
    cd /Users/khanghnguyen/Downloads/Wishie/Wishie.xcodeproj
    
    Using response file: /Users/khanghnguyen/Library/Developer/Xcode/DerivedData/Wishie-gavmeupfwiyxzhaiqkwzocyeeixy/Build/Intermediates.noindex/SDWebImage.build/Debug-iphoneos/SDWebImage.build/Objects-normal/arm64/e6072d4f65d7061329687fe24e3d63a7-common-args.resp
    
    /Applications/Xcode.app/Contents/Developer/Toolchains/XcodeDefault.xctoolchain/usr/bin/clang -x objective-c -ivfsstatcache /Users/khanghnguyen/Library/Developer/Xcode/DerivedData/SDKStatCaches.noindex/iphoneos26.2-23C57-3794476bd08197c3e2abd9bb477ef7f7.sdkstatcache -fmessage-length\=0 -fdiagnostics-show-note-include-stack -fmacro-backtrace-limit\=0 -fno-color-diagnostics -fmodules-prune-interval\=86400 -fmodules-prune-after\=345600 -fbuild-session-file\=/Users/khanghnguyen/Library/Developer/Xcode/DerivedData/ModuleCache.noindex/Session.modulevalidation -fmodules-validate-once-per-build-session -Wnon-modular-include-in-framework-module -Werror\=non-modular-include-in-framework-module -Wno-trigraphs -Wno-missing-field-initializers -Wno-missing-prototypes -Wno-return-type -Wno-implicit-atomic-properties -Wno-objc-interface-ivars -Wno-arc-repeated-use-of-weak -Wno-missing-braces -Wparentheses -Wswitch -Wno-unused-function -Wno-unused-label -Wno-unused-parameter -Wno-unused-variable -Wunused-value -Wno-empty-body -Wno-uninitialized -Wno-unknown-pragmas -w -Wno-shadow -Wno-four-char-constants -Wno-conversion -Wno-constant-conversion -Wno-int-conversion -Wno-bool-conversion -Wno-enum-conversion -Wno-float-conversion -Wno-non-literal-null-conversion -Wno-objc-literal-conversion -Wshorten-64-to-32 -Wpointer-sign -Wno-newline-eof -Wno-selector -Wno-strict-selector-match -Wno-undeclared-selector -Wno-deprecated-implementations -Wno-implicit-fallthrough -fstrict-aliasing -Wprotocol -Wdeprecated-declarations -Wno-sign-conversion -Wno-infinite-recursion -Wno-comma -Wno-block-capture-autoreleasing -Wno-strict-prototypes -Wno-semicolon-before-method-body -index-store-path /Users/khanghnguyen/Library/Developer/Xcode/DerivedData/Wishie-gavmeupfwiyxzhaiqkwzocyeeixy/Index.noindex/DataStore @/Users/khanghnguyen/Library/Developer/Xcode/DerivedData/Wishie-gavmeupfwiyxzhaiqkwzocyeeixy/Build/Intermediates.noindex/SDWebImage.build/Debug-iphoneos/SDWebImage.build/Objects-normal/arm64/e6072d4f65d7061329687fe24e3d63a7-common-args.resp -include /Users/khanghnguyen/Library/Developer/Xcode/DerivedData/Wishie-gavmeupfwiyxzhaiqkwzocyeeixy/Build/Intermediates.noindex/SDWebImage.build/Debug-iphoneos/SDWebImage.build/DerivedSources/resource_bundle_accessor.h -MMD -MT dependencies -MF /Users/khanghnguyen/Library/Developer/Xcode/DerivedData/Wishie-gavmeupfwiyxzhaiqkwzocyeeixy/Build/Intermediates.noindex/SDWebImage.build/Debug-iphoneos/SDWebImage.build/Objects-normal/arm64/UIImage+GIF.d --serialize-diagnostics /Users/khanghnguyen/Library/Developer/Xcode/DerivedData/Wishie-gavmeupfwiyxzhaiqkwzocyeeixy/Build/Intermediates.noindex/SDWebImage.build/Debug-iphoneos/SDWebImage.build/Objects-normal/arm64/UIImage+GIF.dia -c /Users/khanghnguyen/Library/Developer/Xcode/DerivedData/Wishie-gavmeupfwiyxzhaiqkwzocyeeixy/SourcePackages/checkouts/SDWebImage/SDWebImage/Core/UIImage+GIF.m -o /Users/khanghnguyen/Library/Developer/Xcode/DerivedData/Wishie-gavmeupfwiyxzhaiqkwzocyeeixy/Build/Intermediates.noindex/SDWebImage.build/Debug-iphoneos/SDWebImage.build/Objects-normal/arm64/UIImage+GIF.o -index-unit-output-path /SDWebImage.build/Debug-iphoneos/SDWebImage.build/Objects-normal/arm64/UIImage+GIF.o

CompileC /Users/khanghnguyen/Library/Developer/Xcode/DerivedData/Wishie-gavmeupfwiyxzhaiqkwzocyeeixy/Build/Intermediates.noindex/SDWebImage.build/Debug-iphoneos/SDWebImage.build/Objects-normal/arm64/UIImage+ForceDecode.o /Users/khanghnguyen/Library/Developer/Xcode/DerivedData/Wishie-gavmeupfwiyxzhaiqkwzocyeeixy/SourcePackages/checkouts/SDWebImage/SDWebImage/Core/UIImage+ForceDecode.m normal arm64 objective-c com.apple.compilers.llvm.clang.1_0.compiler (in target 'SDWebImage' from project 'SDWebImage')
    cd /Users/khanghnguyen/Downloads/Wishie/Wishie.xcodeproj
    
    Using response file: /Users/khanghnguyen/Library/Developer/Xcode/DerivedData/Wishie-gavmeupfwiyxzhaiqkwzocyeeixy/Build/Intermediates.noindex/SDWebImage.build/Debug-iphoneos/SDWebImage.build/Objects-normal/arm64/e6072d4f65d7061329687fe24e3d63a7-common-args.resp
    
    /Applications/Xcode.app/Contents/Developer/Toolchains/XcodeDefault.xctoolchain/usr/bin/clang -x objective-c -ivfsstatcache /Users/khanghnguyen/Library/Developer/Xcode/DerivedData/SDKStatCaches.noindex/iphoneos26.2-23C57-3794476bd08197c3e2abd9bb477ef7f7.sdkstatcache -fmessage-length\=0 -fdiagnostics-show-note-include-stack -fmacro-backtrace-limit\=0 -fno-color-diagnostics -fmodules-prune-interval\=86400 -fmodules-prune-after\=345600 -fbuild-session-file\=/Users/khanghnguyen/Library/Developer/Xcode/DerivedData/ModuleCache.noindex/Session.modulevalidation -fmodules-validate-once-per-build-session -Wnon-modular-include-in-framework-module -Werror\=non-modular-include-in-framework-module -Wno-trigraphs -Wno-missing-field-initializers -Wno-missing-prototypes -Wno-return-type -Wno-implicit-atomic-properties -Wno-objc-interface-ivars -Wno-arc-repeated-use-of-weak -Wno-missing-braces -Wparentheses -Wswitch -Wno-unused-function -Wno-unused-label -Wno-unused-parameter -Wno-unused-variable -Wunused-value -Wno-empty-body -Wno-uninitialized -Wno-unknown-pragmas -w -Wno-shadow -Wno-four-char-constants -Wno-conversion -Wno-constant-conversion -Wno-int-conversion -Wno-bool-conversion -Wno-enum-conversion -Wno-float-conversion -Wno-non-literal-null-conversion -Wno-objc-literal-conversion -Wshorten-64-to-32 -Wpointer-sign -Wno-newline-eof -Wno-selector -Wno-strict-selector-match -Wno-undeclared-selector -Wno-deprecated-implementations -Wno-implicit-fallthrough -fstrict-aliasing -Wprotocol -Wdeprecated-declarations -Wno-sign-conversion -Wno-infinite-recursion -Wno-comma -Wno-block-capture-autoreleasing -Wno-strict-prototypes -Wno-semicolon-before-method-body -index-store-path /Users/khanghnguyen/Library/Developer/Xcode/DerivedData/Wishie-gavmeupfwiyxzhaiqkwzocyeeixy/Index.noindex/DataStore @/Users/khanghnguyen/Library/Developer/Xcode/DerivedData/Wishie-gavmeupfwiyxzhaiqkwzocyeeixy/Build/Intermediates.noindex/SDWebImage.build/Debug-iphoneos/SDWebImage.build/Objects-normal/arm64/e6072d4f65d7061329687fe24e3d63a7-common-args.resp -include /Users/khanghnguyen/Library/Developer/Xcode/DerivedData/Wishie-gavmeupfwiyxzhaiqkwzocyeeixy/Build/Intermediates.noindex/SDWebImage.build/Debug-iphoneos/SDWebImage.build/DerivedSources/resource_bundle_accessor.h -MMD -MT dependencies -MF /Users/khanghnguyen/Library/Developer/Xcode/DerivedData/Wishie-gavmeupfwiyxzhaiqkwzocyeeixy/Build/Intermediates.noindex/SDWebImage.build/Debug-iphoneos/SDWebImage.build/Objects-normal/arm64/UIImage+ForceDecode.d --serialize-diagnostics /Users/khanghnguyen/Library/Developer/Xcode/DerivedData/Wishie-gavmeupfwiyxzhaiqkwzocyeeixy/Build/Intermediates.noindex/SDWebImage.build/Debug-iphoneos/SDWebImage.build/Objects-normal/arm64/UIImage+ForceDecode.dia -c /Users/khanghnguyen/Library/Developer/Xcode/DerivedData/Wishie-gavmeupfwiyxzhaiqkwzocyeeixy/SourcePackages/checkouts/SDWebImage/SDWebImage/Core/UIImage+ForceDecode.m -o /Users/khanghnguyen/Library/Developer/Xcode/DerivedData/Wishie-gavmeupfwiyxzhaiqkwzocyeeixy/Build/Intermediates.noindex/SDWebImage.build/Debug-iphoneos/SDWebImage.build/Objects-normal/arm64/UIImage+ForceDecode.o -index-unit-output-path /SDWebImage.build/Debug-iphoneos/SDWebImage.build/Objects-normal/arm64/UIImage+ForceDecode.o

SwiftDriverJobDiscovery normal arm64 Compiling ActorIsolated.swift, AnyHashableSendable.swift (in target 'ConcurrencyExtras' from project 'swift-concurrency-extras')

CompileC /Users/khanghnguyen/Library/Developer/Xcode/DerivedData/Wishie-gavmeupfwiyxzhaiqkwzocyeeixy/Build/Intermediates.noindex/SDWebImage.build/Debug-iphoneos/SDWebImage.build/Objects-normal/arm64/UIImage+ExtendedCacheData.o /Users/khanghnguyen/Library/Developer/Xcode/DerivedData/Wishie-gavmeupfwiyxzhaiqkwzocyeeixy/SourcePackages/checkouts/SDWebImage/SDWebImage/Core/UIImage+ExtendedCacheData.m normal arm64 objective-c com.apple.compilers.llvm.clang.1_0.compiler (in target 'SDWebImage' from project 'SDWebImage')
    cd /Users/khanghnguyen/Downloads/Wishie/Wishie.xcodeproj
    
    Using response file: /Users/khanghnguyen/Library/Developer/Xcode/DerivedData/Wishie-gavmeupfwiyxzhaiqkwzocyeeixy/Build/Intermediates.noindex/SDWebImage.build/Debug-iphoneos/SDWebImage.build/Objects-normal/arm64/e6072d4f65d7061329687fe24e3d63a7-common-args.resp
    
    /Applications/Xcode.app/Contents/Developer/Toolchains/XcodeDefault.xctoolchain/usr/bin/clang -x objective-c -ivfsstatcache /Users/khanghnguyen/Library/Developer/Xcode/DerivedData/SDKStatCaches.noindex/iphoneos26.2-23C57-3794476bd08197c3e2abd9bb477ef7f7.sdkstatcache -fmessage-length\=0 -fdiagnostics-show-note-include-stack -fmacro-backtrace-limit\=0 -fno-color-diagnostics -fmodules-prune-interval\=86400 -fmodules-prune-after\=345600 -fbuild-session-file\=/Users/khanghnguyen/Library/Developer/Xcode/DerivedData/ModuleCache.noindex/Session.modulevalidation -fmodules-validate-once-per-build-session -Wnon-modular-include-in-framework-module -Werror\=non-modular-include-in-framework-module -Wno-trigraphs -Wno-missing-field-initializers -Wno-missing-prototypes -Wno-return-type -Wno-implicit-atomic-properties -Wno-objc-interface-ivars -Wno-arc-repeated-use-of-weak -Wno-missing-braces -Wparentheses -Wswitch -Wno-unused-function -Wno-unused-label -Wno-unused-parameter -Wno-unused-variable -Wunused-value -Wno-empty-body -Wno-uninitialized -Wno-unknown-pragmas -w -Wno-shadow -Wno-four-char-constants -Wno-conversion -Wno-constant-conversion -Wno-int-conversion -Wno-bool-conversion -Wno-enum-conversion -Wno-float-conversion -Wno-non-literal-null-conversion -Wno-objc-literal-conversion -Wshorten-64-to-32 -Wpointer-sign -Wno-newline-eof -Wno-selector -Wno-strict-selector-match -Wno-undeclared-selector -Wno-deprecated-implementations -Wno-implicit-fallthrough -fstrict-aliasing -Wprotocol -Wdeprecated-declarations -Wno-sign-conversion -Wno-infinite-recursion -Wno-comma -Wno-block-capture-autoreleasing -Wno-strict-prototypes -Wno-semicolon-before-method-body -index-store-path /Users/khanghnguyen/Library/Developer/Xcode/DerivedData/Wishie-gavmeupfwiyxzhaiqkwzocyeeixy/Index.noindex/DataStore @/Users/khanghnguyen/Library/Developer/Xcode/DerivedData/Wishie-gavmeupfwiyxzhaiqkwzocyeeixy/Build/Intermediates.noindex/SDWebImage.build/Debug-iphoneos/SDWebImage.build/Objects-normal/arm64/e6072d4f65d7061329687fe24e3d63a7-common-args.resp -include /Users/khanghnguyen/Library/Developer/Xcode/DerivedData/Wishie-gavmeupfwiyxzhaiqkwzocyeeixy/Build/Intermediates.noindex/SDWebImage.build/Debug-iphoneos/SDWebImage.build/DerivedSources/resource_bundle_accessor.h -MMD -MT dependencies -MF /Users/khanghnguyen/Library/Developer/Xcode/DerivedData/Wishie-gavmeupfwiyxzhaiqkwzocyeeixy/Build/Intermediates.noindex/SDWebImage.build/Debug-iphoneos/SDWebImage.build/Objects-normal/arm64/UIImage+ExtendedCacheData.d --serialize-diagnostics /Users/khanghnguyen/Library/Developer/Xcode/DerivedData/Wishie-gavmeupfwiyxzhaiqkwzocyeeixy/Build/Intermediates.noindex/SDWebImage.build/Debug-iphoneos/SDWebImage.build/Objects-normal/arm64/UIImage+ExtendedCacheData.dia -c /Users/khanghnguyen/Library/Developer/Xcode/DerivedData/Wishie-gavmeupfwiyxzhaiqkwzocyeeixy/SourcePackages/checkouts/SDWebImage/SDWebImage/Core/UIImage+ExtendedCacheData.m -o /Users/khanghnguyen/Library/Developer/Xcode/DerivedData/Wishie-gavmeupfwiyxzhaiqkwzocyeeixy/Build/Intermediates.noindex/SDWebImage.build/Debug-iphoneos/SDWebImage.build/Objects-normal/arm64/UIImage+ExtendedCacheData.o -index-unit-output-path /SDWebImage.build/Debug-iphoneos/SDWebImage.build/Objects-normal/arm64/UIImage+ExtendedCacheData.o

CompileC /Users/khanghnguyen/Library/Developer/Xcode/DerivedData/Wishie-gavmeupfwiyxzhaiqkwzocyeeixy/Build/Intermediates.noindex/SDWebImage.build/Debug-iphoneos/SDWebImage.build/Objects-normal/arm64/UIColor+SDHexString.o /Users/khanghnguyen/Library/Developer/Xcode/DerivedData/Wishie-gavmeupfwiyxzhaiqkwzocyeeixy/SourcePackages/checkouts/SDWebImage/SDWebImage/Private/UIColor+SDHexString.m normal arm64 objective-c com.apple.compilers.llvm.clang.1_0.compiler (in target 'SDWebImage' from project 'SDWebImage')
    cd /Users/khanghnguyen/Downloads/Wishie/Wishie.xcodeproj
    
    Using response file: /Users/khanghnguyen/Library/Developer/Xcode/DerivedData/Wishie-gavmeupfwiyxzhaiqkwzocyeeixy/Build/Intermediates.noindex/SDWebImage.build/Debug-iphoneos/SDWebImage.build/Objects-normal/arm64/e6072d4f65d7061329687fe24e3d63a7-common-args.resp
    
    /Applications/Xcode.app/Contents/Developer/Toolchains/XcodeDefault.xctoolchain/usr/bin/clang -x objective-c -ivfsstatcache /Users/khanghnguyen/Library/Developer/Xcode/DerivedData/SDKStatCaches.noindex/iphoneos26.2-23C57-3794476bd08197c3e2abd9bb477ef7f7.sdkstatcache -fmessage-length\=0 -fdiagnostics-show-note-include-stack -fmacro-backtrace-limit\=0 -fno-color-diagnostics -fmodules-prune-interval\=86400 -fmodules-prune-after\=345600 -fbuild-session-file\=/Users/khanghnguyen/Library/Developer/Xcode/DerivedData/ModuleCache.noindex/Session.modulevalidation -fmodules-validate-once-per-build-session -Wnon-modular-include-in-framework-module -Werror\=non-modular-include-in-framework-module -Wno-trigraphs -Wno-missing-field-initializers -Wno-missing-prototypes -Wno-return-type -Wno-implicit-atomic-properties -Wno-objc-interface-ivars -Wno-arc-repeated-use-of-weak -Wno-missing-braces -Wparentheses -Wswitch -Wno-unused-function -Wno-unused-label -Wno-unused-parameter -Wno-unused-variable -Wunused-value -Wno-empty-body -Wno-uninitialized -Wno-unknown-pragmas -w -Wno-shadow -Wno-four-char-constants -Wno-conversion -Wno-constant-conversion -Wno-int-conversion -Wno-bool-conversion -Wno-enum-conversion -Wno-float-conversion -Wno-non-literal-null-conversion -Wno-objc-literal-conversion -Wshorten-64-to-32 -Wpointer-sign -Wno-newline-eof -Wno-selector -Wno-strict-selector-match -Wno-undeclared-selector -Wno-deprecated-implementations -Wno-implicit-fallthrough -fstrict-aliasing -Wprotocol -Wdeprecated-declarations -Wno-sign-conversion -Wno-infinite-recursion -Wno-comma -Wno-block-capture-autoreleasing -Wno-strict-prototypes -Wno-semicolon-before-method-body -index-store-path /Users/khanghnguyen/Library/Developer/Xcode/DerivedData/Wishie-gavmeupfwiyxzhaiqkwzocyeeixy/Index.noindex/DataStore @/Users/khanghnguyen/Library/Developer/Xcode/DerivedData/Wishie-gavmeupfwiyxzhaiqkwzocyeeixy/Build/Intermediates.noindex/SDWebImage.build/Debug-iphoneos/SDWebImage.build/Objects-normal/arm64/e6072d4f65d7061329687fe24e3d63a7-common-args.resp -include /Users/khanghnguyen/Library/Developer/Xcode/DerivedData/Wishie-gavmeupfwiyxzhaiqkwzocyeeixy/Build/Intermediates.noindex/SDWebImage.build/Debug-iphoneos/SDWebImage.build/DerivedSources/resource_bundle_accessor.h -MMD -MT dependencies -MF /Users/khanghnguyen/Library/Developer/Xcode/DerivedData/Wishie-gavmeupfwiyxzhaiqkwzocyeeixy/Build/Intermediates.noindex/SDWebImage.build/Debug-iphoneos/SDWebImage.build/Objects-normal/arm64/UIColor+SDHexString.d --serialize-diagnostics /Users/khanghnguyen/Library/Developer/Xcode/DerivedData/Wishie-gavmeupfwiyxzhaiqkwzocyeeixy/Build/Intermediates.noindex/SDWebImage.build/Debug-iphoneos/SDWebImage.build/Objects-normal/arm64/UIColor+SDHexString.dia -c /Users/khanghnguyen/Library/Developer/Xcode/DerivedData/Wishie-gavmeupfwiyxzhaiqkwzocyeeixy/SourcePackages/checkouts/SDWebImage/SDWebImage/Private/UIColor+SDHexString.m -o /Users/khanghnguyen/Library/Developer/Xcode/DerivedData/Wishie-gavmeupfwiyxzhaiqkwzocyeeixy/Build/Intermediates.noindex/SDWebImage.build/Debug-iphoneos/SDWebImage.build/Objects-normal/arm64/UIColor+SDHexString.o -index-unit-output-path /SDWebImage.build/Debug-iphoneos/SDWebImage.build/Objects-normal/arm64/UIColor+SDHexString.o

CompileC /Users/khanghnguyen/Library/Developer/Xcode/DerivedData/Wishie-gavmeupfwiyxzhaiqkwzocyeeixy/Build/Intermediates.noindex/SDWebImage.build/Debug-iphoneos/SDWebImage.build/Objects-normal/arm64/UIButton+WebCache.o /Users/khanghnguyen/Library/Developer/Xcode/DerivedData/Wishie-gavmeupfwiyxzhaiqkwzocyeeixy/SourcePackages/checkouts/SDWebImage/SDWebImage/Core/UIButton+WebCache.m normal arm64 objective-c com.apple.compilers.llvm.clang.1_0.compiler (in target 'SDWebImage' from project 'SDWebImage')
    cd /Users/khanghnguyen/Downloads/Wishie/Wishie.xcodeproj
    
    Using response file: /Users/khanghnguyen/Library/Developer/Xcode/DerivedData/Wishie-gavmeupfwiyxzhaiqkwzocyeeixy/Build/Intermediates.noindex/SDWebImage.build/Debug-iphoneos/SDWebImage.build/Objects-normal/arm64/e6072d4f65d7061329687fe24e3d63a7-common-args.resp
    
    /Applications/Xcode.app/Contents/Developer/Toolchains/XcodeDefault.xctoolchain/usr/bin/clang -x objective-c -ivfsstatcache /Users/khanghnguyen/Library/Developer/Xcode/DerivedData/SDKStatCaches.noindex/iphoneos26.2-23C57-3794476bd08197c3e2abd9bb477ef7f7.sdkstatcache -fmessage-length\=0 -fdiagnostics-show-note-include-stack -fmacro-backtrace-limit\=0 -fno-color-diagnostics -fmodules-prune-interval\=86400 -fmodules-prune-after\=345600 -fbuild-session-file\=/Users/khanghnguyen/Library/Developer/Xcode/DerivedData/ModuleCache.noindex/Session.modulevalidation -fmodules-validate-once-per-build-session -Wnon-modular-include-in-framework-module -Werror\=non-modular-include-in-framework-module -Wno-trigraphs -Wno-missing-field-initializers -Wno-missing-prototypes -Wno-return-type -Wno-implicit-atomic-properties -Wno-objc-interface-ivars -Wno-arc-repeated-use-of-weak -Wno-missing-braces -Wparentheses -Wswitch -Wno-unused-function -Wno-unused-label -Wno-unused-parameter -Wno-unused-variable -Wunused-value -Wno-empty-body -Wno-uninitialized -Wno-unknown-pragmas -w -Wno-shadow -Wno-four-char-constants -Wno-conversion -Wno-constant-conversion -Wno-int-conversion -Wno-bool-conversion -Wno-enum-conversion -Wno-float-conversion -Wno-non-literal-null-conversion -Wno-objc-literal-conversion -Wshorten-64-to-32 -Wpointer-sign -Wno-newline-eof -Wno-selector -Wno-strict-selector-match -Wno-undeclared-selector -Wno-deprecated-implementations -Wno-implicit-fallthrough -fstrict-aliasing -Wprotocol -Wdeprecated-declarations -Wno-sign-conversion -Wno-infinite-recursion -Wno-comma -Wno-block-capture-autoreleasing -Wno-strict-prototypes -Wno-semicolon-before-method-body -index-store-path /Users/khanghnguyen/Library/Developer/Xcode/DerivedData/Wishie-gavmeupfwiyxzhaiqkwzocyeeixy/Index.noindex/DataStore @/Users/khanghnguyen/Library/Developer/Xcode/DerivedData/Wishie-gavmeupfwiyxzhaiqkwzocyeeixy/Build/Intermediates.noindex/SDWebImage.build/Debug-iphoneos/SDWebImage.build/Objects-normal/arm64/e6072d4f65d7061329687fe24e3d63a7-common-args.resp -include /Users/khanghnguyen/Library/Developer/Xcode/DerivedData/Wishie-gavmeupfwiyxzhaiqkwzocyeeixy/Build/Intermediates.noindex/SDWebImage.build/Debug-iphoneos/SDWebImage.build/DerivedSources/resource_bundle_accessor.h -MMD -MT dependencies -MF /Users/khanghnguyen/Library/Developer/Xcode/DerivedData/Wishie-gavmeupfwiyxzhaiqkwzocyeeixy/Build/Intermediates.noindex/SDWebImage.build/Debug-iphoneos/SDWebImage.build/Objects-normal/arm64/UIButton+WebCache.d --serialize-diagnostics /Users/khanghnguyen/Library/Developer/Xcode/DerivedData/Wishie-gavmeupfwiyxzhaiqkwzocyeeixy/Build/Intermediates.noindex/SDWebImage.build/Debug-iphoneos/SDWebImage.build/Objects-normal/arm64/UIButton+WebCache.dia -c /Users/khanghnguyen/Library/Developer/Xcode/DerivedData/Wishie-gavmeupfwiyxzhaiqkwzocyeeixy/SourcePackages/checkouts/SDWebImage/SDWebImage/Core/UIButton+WebCache.m -o /Users/khanghnguyen/Library/Developer/Xcode/DerivedData/Wishie-gavmeupfwiyxzhaiqkwzocyeeixy/Build/Intermediates.noindex/SDWebImage.build/Debug-iphoneos/SDWebImage.build/Objects-normal/arm64/UIButton+WebCache.o -index-unit-output-path /SDWebImage.build/Debug-iphoneos/SDWebImage.build/Objects-normal/arm64/UIButton+WebCache.o

CompileC /Users/khanghnguyen/Library/Developer/Xcode/DerivedData/Wishie-gavmeupfwiyxzhaiqkwzocyeeixy/Build/Intermediates.noindex/SDWebImage.build/Debug-iphoneos/SDWebImage.build/Objects-normal/arm64/SDWebImageTransition.o /Users/khanghnguyen/Library/Developer/Xcode/DerivedData/Wishie-gavmeupfwiyxzhaiqkwzocyeeixy/SourcePackages/checkouts/SDWebImage/SDWebImage/Core/SDWebImageTransition.m normal arm64 objective-c com.apple.compilers.llvm.clang.1_0.compiler (in target 'SDWebImage' from project 'SDWebImage')
    cd /Users/khanghnguyen/Downloads/Wishie/Wishie.xcodeproj
    
    Using response file: /Users/khanghnguyen/Library/Developer/Xcode/DerivedData/Wishie-gavmeupfwiyxzhaiqkwzocyeeixy/Build/Intermediates.noindex/SDWebImage.build/Debug-iphoneos/SDWebImage.build/Objects-normal/arm64/e6072d4f65d7061329687fe24e3d63a7-common-args.resp
    
    /Applications/Xcode.app/Contents/Developer/Toolchains/XcodeDefault.xctoolchain/usr/bin/clang -x objective-c -ivfsstatcache /Users/khanghnguyen/Library/Developer/Xcode/DerivedData/SDKStatCaches.noindex/iphoneos26.2-23C57-3794476bd08197c3e2abd9bb477ef7f7.sdkstatcache -fmessage-length\=0 -fdiagnostics-show-note-include-stack -fmacro-backtrace-limit\=0 -fno-color-diagnostics -fmodules-prune-interval\=86400 -fmodules-prune-after\=345600 -fbuild-session-file\=/Users/khanghnguyen/Library/Developer/Xcode/DerivedData/ModuleCache.noindex/Session.modulevalidation -fmodules-validate-once-per-build-session -Wnon-modular-include-in-framework-module -Werror\=non-modular-include-in-framework-module -Wno-trigraphs -Wno-missing-field-initializers -Wno-missing-prototypes -Wno-return-type -Wno-implicit-atomic-properties -Wno-objc-interface-ivars -Wno-arc-repeated-use-of-weak -Wno-missing-braces -Wparentheses -Wswitch -Wno-unused-function -Wno-unused-label -Wno-unused-parameter -Wno-unused-variable -Wunused-value -Wno-empty-body -Wno-uninitialized -Wno-unknown-pragmas -w -Wno-shadow -Wno-four-char-constants -Wno-conversion -Wno-constant-conversion -Wno-int-conversion -Wno-bool-conversion -Wno-enum-conversion -Wno-float-conversion -Wno-non-literal-null-conversion -Wno-objc-literal-conversion -Wshorten-64-to-32 -Wpointer-sign -Wno-newline-eof -Wno-selector -Wno-strict-selector-match -Wno-undeclared-selector -Wno-deprecated-implementations -Wno-implicit-fallthrough -fstrict-aliasing -Wprotocol -Wdeprecated-declarations -Wno-sign-conversion -Wno-infinite-recursion -Wno-comma -Wno-block-capture-autoreleasing -Wno-strict-prototypes -Wno-semicolon-before-method-body -index-store-path /Users/khanghnguyen/Library/Developer/Xcode/DerivedData/Wishie-gavmeupfwiyxzhaiqkwzocyeeixy/Index.noindex/DataStore @/Users/khanghnguyen/Library/Developer/Xcode/DerivedData/Wishie-gavmeupfwiyxzhaiqkwzocyeeixy/Build/Intermediates.noindex/SDWebImage.build/Debug-iphoneos/SDWebImage.build/Objects-normal/arm64/e6072d4f65d7061329687fe24e3d63a7-common-args.resp -include /Users/khanghnguyen/Library/Developer/Xcode/DerivedData/Wishie-gavmeupfwiyxzhaiqkwzocyeeixy/Build/Intermediates.noindex/SDWebImage.build/Debug-iphoneos/SDWebImage.build/DerivedSources/resource_bundle_accessor.h -MMD -MT dependencies -MF /Users/khanghnguyen/Library/Developer/Xcode/DerivedData/Wishie-gavmeupfwiyxzhaiqkwzocyeeixy/Build/Intermediates.noindex/SDWebImage.build/Debug-iphoneos/SDWebImage.build/Objects-normal/arm64/SDWebImageTransition.d --serialize-diagnostics /Users/khanghnguyen/Library/Developer/Xcode/DerivedData/Wishie-gavmeupfwiyxzhaiqkwzocyeeixy/Build/Intermediates.noindex/SDWebImage.build/Debug-iphoneos/SDWebImage.build/Objects-normal/arm64/SDWebImageTransition.dia -c /Users/khanghnguyen/Library/Developer/Xcode/DerivedData/Wishie-gavmeupfwiyxzhaiqkwzocyeeixy/SourcePackages/checkouts/SDWebImage/SDWebImage/Core/SDWebImageTransition.m -o /Users/khanghnguyen/Library/Developer/Xcode/DerivedData/Wishie-gavmeupfwiyxzhaiqkwzocyeeixy/Build/Intermediates.noindex/SDWebImage.build/Debug-iphoneos/SDWebImage.build/Objects-normal/arm64/SDWebImageTransition.o -index-unit-output-path /SDWebImage.build/Debug-iphoneos/SDWebImage.build/Objects-normal/arm64/SDWebImageTransition.o

CompileC /Users/khanghnguyen/Library/Developer/Xcode/DerivedData/Wishie-gavmeupfwiyxzhaiqkwzocyeeixy/Build/Intermediates.noindex/SDWebImage.build/Debug-iphoneos/SDWebImage.build/Objects-normal/arm64/SDWebImagePrefetcher.o /Users/khanghnguyen/Library/Developer/Xcode/DerivedData/Wishie-gavmeupfwiyxzhaiqkwzocyeeixy/SourcePackages/checkouts/SDWebImage/SDWebImage/Core/SDWebImagePrefetcher.m normal arm64 objective-c com.apple.compilers.llvm.clang.1_0.compiler (in target 'SDWebImage' from project 'SDWebImage')
    cd /Users/khanghnguyen/Downloads/Wishie/Wishie.xcodeproj
    
    Using response file: /Users/khanghnguyen/Library/Developer/Xcode/DerivedData/Wishie-gavmeupfwiyxzhaiqkwzocyeeixy/Build/Intermediates.noindex/SDWebImage.build/Debug-iphoneos/SDWebImage.build/Objects-normal/arm64/e6072d4f65d7061329687fe24e3d63a7-common-args.resp
    
    /Applications/Xcode.app/Contents/Developer/Toolchains/XcodeDefault.xctoolchain/usr/bin/clang -x objective-c -ivfsstatcache /Users/khanghnguyen/Library/Developer/Xcode/DerivedData/SDKStatCaches.noindex/iphoneos26.2-23C57-3794476bd08197c3e2abd9bb477ef7f7.sdkstatcache -fmessage-length\=0 -fdiagnostics-show-note-include-stack -fmacro-backtrace-limit\=0 -fno-color-diagnostics -fmodules-prune-interval\=86400 -fmodules-prune-after\=345600 -fbuild-session-file\=/Users/khanghnguyen/Library/Developer/Xcode/DerivedData/ModuleCache.noindex/Session.modulevalidation -fmodules-validate-once-per-build-session -Wnon-modular-include-in-framework-module -Werror\=non-modular-include-in-framework-module -Wno-trigraphs -Wno-missing-field-initializers -Wno-missing-prototypes -Wno-return-type -Wno-implicit-atomic-properties -Wno-objc-interface-ivars -Wno-arc-repeated-use-of-weak -Wno-missing-braces -Wparentheses -Wswitch -Wno-unused-function -Wno-unused-label -Wno-unused-parameter -Wno-unused-variable -Wunused-value -Wno-empty-body -Wno-uninitialized -Wno-unknown-pragmas -w -Wno-shadow -Wno-four-char-constants -Wno-conversion -Wno-constant-conversion -Wno-int-conversion -Wno-bool-conversion -Wno-enum-conversion -Wno-float-conversion -Wno-non-literal-null-conversion -Wno-objc-literal-conversion -Wshorten-64-to-32 -Wpointer-sign -Wno-newline-eof -Wno-selector -Wno-strict-selector-match -Wno-undeclared-selector -Wno-deprecated-implementations -Wno-implicit-fallthrough -fstrict-aliasing -Wprotocol -Wdeprecated-declarations -Wno-sign-conversion -Wno-infinite-recursion -Wno-comma -Wno-block-capture-autoreleasing -Wno-strict-prototypes -Wno-semicolon-before-method-body -index-store-path /Users/khanghnguyen/Library/Developer/Xcode/DerivedData/Wishie-gavmeupfwiyxzhaiqkwzocyeeixy/Index.noindex/DataStore @/Users/khanghnguyen/Library/Developer/Xcode/DerivedData/Wishie-gavmeupfwiyxzhaiqkwzocyeeixy/Build/Intermediates.noindex/SDWebImage.build/Debug-iphoneos/SDWebImage.build/Objects-normal/arm64/e6072d4f65d7061329687fe24e3d63a7-common-args.resp -include /Users/khanghnguyen/Library/Developer/Xcode/DerivedData/Wishie-gavmeupfwiyxzhaiqkwzocyeeixy/Build/Intermediates.noindex/SDWebImage.build/Debug-iphoneos/SDWebImage.build/DerivedSources/resource_bundle_accessor.h -MMD -MT dependencies -MF /Users/khanghnguyen/Library/Developer/Xcode/DerivedData/Wishie-gavmeupfwiyxzhaiqkwzocyeeixy/Build/Intermediates.noindex/SDWebImage.build/Debug-iphoneos/SDWebImage.build/Objects-normal/arm64/SDWebImagePrefetcher.d --serialize-diagnostics /Users/khanghnguyen/Library/Developer/Xcode/DerivedData/Wishie-gavmeupfwiyxzhaiqkwzocyeeixy/Build/Intermediates.noindex/SDWebImage.build/Debug-iphoneos/SDWebImage.build/Objects-normal/arm64/SDWebImagePrefetcher.dia -c /Users/khanghnguyen/Library/Developer/Xcode/DerivedData/Wishie-gavmeupfwiyxzhaiqkwzocyeeixy/SourcePackages/checkouts/SDWebImage/SDWebImage/Core/SDWebImagePrefetcher.m -o /Users/khanghnguyen/Library/Developer/Xcode/DerivedData/Wishie-gavmeupfwiyxzhaiqkwzocyeeixy/Build/Intermediates.noindex/SDWebImage.build/Debug-iphoneos/SDWebImage.build/Objects-normal/arm64/SDWebImagePrefetcher.o -index-unit-output-path /SDWebImage.build/Debug-iphoneos/SDWebImage.build/Objects-normal/arm64/SDWebImagePrefetcher.o

CompileC /Users/khanghnguyen/Library/Developer/Xcode/DerivedData/Wishie-gavmeupfwiyxzhaiqkwzocyeeixy/Build/Intermediates.noindex/SDWebImage.build/Debug-iphoneos/SDWebImage.build/Objects-normal/arm64/SDWebImageOptionsProcessor.o /Users/khanghnguyen/Library/Developer/Xcode/DerivedData/Wishie-gavmeupfwiyxzhaiqkwzocyeeixy/SourcePackages/checkouts/SDWebImage/SDWebImage/Core/SDWebImageOptionsProcessor.m normal arm64 objective-c com.apple.compilers.llvm.clang.1_0.compiler (in target 'SDWebImage' from project 'SDWebImage')
    cd /Users/khanghnguyen/Downloads/Wishie/Wishie.xcodeproj
    
    Using response file: /Users/khanghnguyen/Library/Developer/Xcode/DerivedData/Wishie-gavmeupfwiyxzhaiqkwzocyeeixy/Build/Intermediates.noindex/SDWebImage.build/Debug-iphoneos/SDWebImage.build/Objects-normal/arm64/e6072d4f65d7061329687fe24e3d63a7-common-args.resp
    
    /Applications/Xcode.app/Contents/Developer/Toolchains/XcodeDefault.xctoolchain/usr/bin/clang -x objective-c -ivfsstatcache /Users/khanghnguyen/Library/Developer/Xcode/DerivedData/SDKStatCaches.noindex/iphoneos26.2-23C57-3794476bd08197c3e2abd9bb477ef7f7.sdkstatcache -fmessage-length\=0 -fdiagnostics-show-note-include-stack -fmacro-backtrace-limit\=0 -fno-color-diagnostics -fmodules-prune-interval\=86400 -fmodules-prune-after\=345600 -fbuild-session-file\=/Users/khanghnguyen/Library/Developer/Xcode/DerivedData/ModuleCache.noindex/Session.modulevalidation -fmodules-validate-once-per-build-session -Wnon-modular-include-in-framework-module -Werror\=non-modular-include-in-framework-module -Wno-trigraphs -Wno-missing-field-initializers -Wno-missing-prototypes -Wno-return-type -Wno-implicit-atomic-properties -Wno-objc-interface-ivars -Wno-arc-repeated-use-of-weak -Wno-missing-braces -Wparentheses -Wswitch -Wno-unused-function -Wno-unused-label -Wno-unused-parameter -Wno-unused-variable -Wunused-value -Wno-empty-body -Wno-uninitialized -Wno-unknown-pragmas -w -Wno-shadow -Wno-four-char-constants -Wno-conversion -Wno-constant-conversion -Wno-int-conversion -Wno-bool-conversion -Wno-enum-conversion -Wno-float-conversion -Wno-non-literal-null-conversion -Wno-objc-literal-conversion -Wshorten-64-to-32 -Wpointer-sign -Wno-newline-eof -Wno-selector -Wno-strict-selector-match -Wno-undeclared-selector -Wno-deprecated-implementations -Wno-implicit-fallthrough -fstrict-aliasing -Wprotocol -Wdeprecated-declarations -Wno-sign-conversion -Wno-infinite-recursion -Wno-comma -Wno-block-capture-autoreleasing -Wno-strict-prototypes -Wno-semicolon-before-method-body -index-store-path /Users/khanghnguyen/Library/Developer/Xcode/DerivedData/Wishie-gavmeupfwiyxzhaiqkwzocyeeixy/Index.noindex/DataStore @/Users/khanghnguyen/Library/Developer/Xcode/DerivedData/Wishie-gavmeupfwiyxzhaiqkwzocyeeixy/Build/Intermediates.noindex/SDWebImage.build/Debug-iphoneos/SDWebImage.build/Objects-normal/arm64/e6072d4f65d7061329687fe24e3d63a7-common-args.resp -include /Users/khanghnguyen/Library/Developer/Xcode/DerivedData/Wishie-gavmeupfwiyxzhaiqkwzocyeeixy/Build/Intermediates.noindex/SDWebImage.build/Debug-iphoneos/SDWebImage.build/DerivedSources/resource_bundle_accessor.h -MMD -MT dependencies -MF /Users/khanghnguyen/Library/Developer/Xcode/DerivedData/Wishie-gavmeupfwiyxzhaiqkwzocyeeixy/Build/Intermediates.noindex/SDWebImage.build/Debug-iphoneos/SDWebImage.build/Objects-normal/arm64/SDWebImageOptionsProcessor.d --serialize-diagnostics /Users/khanghnguyen/Library/Developer/Xcode/DerivedData/Wishie-gavmeupfwiyxzhaiqkwzocyeeixy/Build/Intermediates.noindex/SDWebImage.build/Debug-iphoneos/SDWebImage.build/Objects-normal/arm64/SDWebImageOptionsProcessor.dia -c /Users/khanghnguyen/Library/Developer/Xcode/DerivedData/Wishie-gavmeupfwiyxzhaiqkwzocyeeixy/SourcePackages/checkouts/SDWebImage/SDWebImage/Core/SDWebImageOptionsProcessor.m -o /Users/khanghnguyen/Library/Developer/Xcode/DerivedData/Wishie-gavmeupfwiyxzhaiqkwzocyeeixy/Build/Intermediates.noindex/SDWebImage.build/Debug-iphoneos/SDWebImage.build/Objects-normal/arm64/SDWebImageOptionsProcessor.o -index-unit-output-path /SDWebImage.build/Debug-iphoneos/SDWebImage.build/Objects-normal/arm64/SDWebImageOptionsProcessor.o

CompileC /Users/khanghnguyen/Library/Developer/Xcode/DerivedData/Wishie-gavmeupfwiyxzhaiqkwzocyeeixy/Build/Intermediates.noindex/SDWebImage.build/Debug-iphoneos/SDWebImage.build/Objects-normal/arm64/SDWebImageManager.o /Users/khanghnguyen/Library/Developer/Xcode/DerivedData/Wishie-gavmeupfwiyxzhaiqkwzocyeeixy/SourcePackages/checkouts/SDWebImage/SDWebImage/Core/SDWebImageManager.m normal arm64 objective-c com.apple.compilers.llvm.clang.1_0.compiler (in target 'SDWebImage' from project 'SDWebImage')
    cd /Users/khanghnguyen/Downloads/Wishie/Wishie.xcodeproj
    
    Using response file: /Users/khanghnguyen/Library/Developer/Xcode/DerivedData/Wishie-gavmeupfwiyxzhaiqkwzocyeeixy/Build/Intermediates.noindex/SDWebImage.build/Debug-iphoneos/SDWebImage.build/Objects-normal/arm64/e6072d4f65d7061329687fe24e3d63a7-common-args.resp
    
    /Applications/Xcode.app/Contents/Developer/Toolchains/XcodeDefault.xctoolchain/usr/bin/clang -x objective-c -ivfsstatcache /Users/khanghnguyen/Library/Developer/Xcode/DerivedData/SDKStatCaches.noindex/iphoneos26.2-23C57-3794476bd08197c3e2abd9bb477ef7f7.sdkstatcache -fmessage-length\=0 -fdiagnostics-show-note-include-stack -fmacro-backtrace-limit\=0 -fno-color-diagnostics -fmodules-prune-interval\=86400 -fmodules-prune-after\=345600 -fbuild-session-file\=/Users/khanghnguyen/Library/Developer/Xcode/DerivedData/ModuleCache.noindex/Session.modulevalidation -fmodules-validate-once-per-build-session -Wnon-modular-include-in-framework-module -Werror\=non-modular-include-in-framework-module -Wno-trigraphs -Wno-missing-field-initializers -Wno-missing-prototypes -Wno-return-type -Wno-implicit-atomic-properties -Wno-objc-interface-ivars -Wno-arc-repeated-use-of-weak -Wno-missing-braces -Wparentheses -Wswitch -Wno-unused-function -Wno-unused-label -Wno-unused-parameter -Wno-unused-variable -Wunused-value -Wno-empty-body -Wno-uninitialized -Wno-unknown-pragmas -w -Wno-shadow -Wno-four-char-constants -Wno-conversion -Wno-constant-conversion -Wno-int-conversion -Wno-bool-conversion -Wno-enum-conversion -Wno-float-conversion -Wno-non-literal-null-conversion -Wno-objc-literal-conversion -Wshorten-64-to-32 -Wpointer-sign -Wno-newline-eof -Wno-selector -Wno-strict-selector-match -Wno-undeclared-selector -Wno-deprecated-implementations -Wno-implicit-fallthrough -fstrict-aliasing -Wprotocol -Wdeprecated-declarations -Wno-sign-conversion -Wno-infinite-recursion -Wno-comma -Wno-block-capture-autoreleasing -Wno-strict-prototypes -Wno-semicolon-before-method-body -index-store-path /Users/khanghnguyen/Library/Developer/Xcode/DerivedData/Wishie-gavmeupfwiyxzhaiqkwzocyeeixy/Index.noindex/DataStore @/Users/khanghnguyen/Library/Developer/Xcode/DerivedData/Wishie-gavmeupfwiyxzhaiqkwzocyeeixy/Build/Intermediates.noindex/SDWebImage.build/Debug-iphoneos/SDWebImage.build/Objects-normal/arm64/e6072d4f65d7061329687fe24e3d63a7-common-args.resp -include /Users/khanghnguyen/Library/Developer/Xcode/DerivedData/Wishie-gavmeupfwiyxzhaiqkwzocyeeixy/Build/Intermediates.noindex/SDWebImage.build/Debug-iphoneos/SDWebImage.build/DerivedSources/resource_bundle_accessor.h -MMD -MT dependencies -MF /Users/khanghnguyen/Library/Developer/Xcode/DerivedData/Wishie-gavmeupfwiyxzhaiqkwzocyeeixy/Build/Intermediates.noindex/SDWebImage.build/Debug-iphoneos/SDWebImage.build/Objects-normal/arm64/SDWebImageManager.d --serialize-diagnostics /Users/khanghnguyen/Library/Developer/Xcode/DerivedData/Wishie-gavmeupfwiyxzhaiqkwzocyeeixy/Build/Intermediates.noindex/SDWebImage.build/Debug-iphoneos/SDWebImage.build/Objects-normal/arm64/SDWebImageManager.dia -c /Users/khanghnguyen/Library/Developer/Xcode/DerivedData/Wishie-gavmeupfwiyxzhaiqkwzocyeeixy/SourcePackages/checkouts/SDWebImage/SDWebImage/Core/SDWebImageManager.m -o /Users/khanghnguyen/Library/Developer/Xcode/DerivedData/Wishie-gavmeupfwiyxzhaiqkwzocyeeixy/Build/Intermediates.noindex/SDWebImage.build/Debug-iphoneos/SDWebImage.build/Objects-normal/arm64/SDWebImageManager.o -index-unit-output-path /SDWebImage.build/Debug-iphoneos/SDWebImage.build/Objects-normal/arm64/SDWebImageManager.o

CompileC /Users/khanghnguyen/Library/Developer/Xcode/DerivedData/Wishie-gavmeupfwiyxzhaiqkwzocyeeixy/Build/Intermediates.noindex/SDWebImage.build/Debug-iphoneos/SDWebImage.build/Objects-normal/arm64/SDWebImageIndicator.o /Users/khanghnguyen/Library/Developer/Xcode/DerivedData/Wishie-gavmeupfwiyxzhaiqkwzocyeeixy/SourcePackages/checkouts/SDWebImage/SDWebImage/Core/SDWebImageIndicator.m normal arm64 objective-c com.apple.compilers.llvm.clang.1_0.compiler (in target 'SDWebImage' from project 'SDWebImage')
    cd /Users/khanghnguyen/Downloads/Wishie/Wishie.xcodeproj
    
    Using response file: /Users/khanghnguyen/Library/Developer/Xcode/DerivedData/Wishie-gavmeupfwiyxzhaiqkwzocyeeixy/Build/Intermediates.noindex/SDWebImage.build/Debug-iphoneos/SDWebImage.build/Objects-normal/arm64/e6072d4f65d7061329687fe24e3d63a7-common-args.resp
    
    /Applications/Xcode.app/Contents/Developer/Toolchains/XcodeDefault.xctoolchain/usr/bin/clang -x objective-c -ivfsstatcache /Users/khanghnguyen/Library/Developer/Xcode/DerivedData/SDKStatCaches.noindex/iphoneos26.2-23C57-3794476bd08197c3e2abd9bb477ef7f7.sdkstatcache -fmessage-length\=0 -fdiagnostics-show-note-include-stack -fmacro-backtrace-limit\=0 -fno-color-diagnostics -fmodules-prune-interval\=86400 -fmodules-prune-after\=345600 -fbuild-session-file\=/Users/khanghnguyen/Library/Developer/Xcode/DerivedData/ModuleCache.noindex/Session.modulevalidation -fmodules-validate-once-per-build-session -Wnon-modular-include-in-framework-module -Werror\=non-modular-include-in-framework-module -Wno-trigraphs -Wno-missing-field-initializers -Wno-missing-prototypes -Wno-return-type -Wno-implicit-atomic-properties -Wno-objc-interface-ivars -Wno-arc-repeated-use-of-weak -Wno-missing-braces -Wparentheses -Wswitch -Wno-unused-function -Wno-unused-label -Wno-unused-parameter -Wno-unused-variable -Wunused-value -Wno-empty-body -Wno-uninitialized -Wno-unknown-pragmas -w -Wno-shadow -Wno-four-char-constants -Wno-conversion -Wno-constant-conversion -Wno-int-conversion -Wno-bool-conversion -Wno-enum-conversion -Wno-float-conversion -Wno-non-literal-null-conversion -Wno-objc-literal-conversion -Wshorten-64-to-32 -Wpointer-sign -Wno-newline-eof -Wno-selector -Wno-strict-selector-match -Wno-undeclared-selector -Wno-deprecated-implementations -Wno-implicit-fallthrough -fstrict-aliasing -Wprotocol -Wdeprecated-declarations -Wno-sign-conversion -Wno-infinite-recursion -Wno-comma -Wno-block-capture-autoreleasing -Wno-strict-prototypes -Wno-semicolon-before-method-body -index-store-path /Users/khanghnguyen/Library/Developer/Xcode/DerivedData/Wishie-gavmeupfwiyxzhaiqkwzocyeeixy/Index.noindex/DataStore @/Users/khanghnguyen/Library/Developer/Xcode/DerivedData/Wishie-gavmeupfwiyxzhaiqkwzocyeeixy/Build/Intermediates.noindex/SDWebImage.build/Debug-iphoneos/SDWebImage.build/Objects-normal/arm64/e6072d4f65d7061329687fe24e3d63a7-common-args.resp -include /Users/khanghnguyen/Library/Developer/Xcode/DerivedData/Wishie-gavmeupfwiyxzhaiqkwzocyeeixy/Build/Intermediates.noindex/SDWebImage.build/Debug-iphoneos/SDWebImage.build/DerivedSources/resource_bundle_accessor.h -MMD -MT dependencies -MF /Users/khanghnguyen/Library/Developer/Xcode/DerivedData/Wishie-gavmeupfwiyxzhaiqkwzocyeeixy/Build/Intermediates.noindex/SDWebImage.build/Debug-iphoneos/SDWebImage.build/Objects-normal/arm64/SDWebImageIndicator.d --serialize-diagnostics /Users/khanghnguyen/Library/Developer/Xcode/DerivedData/Wishie-gavmeupfwiyxzhaiqkwzocyeeixy/Build/Intermediates.noindex/SDWebImage.build/Debug-iphoneos/SDWebImage.build/Objects-normal/arm64/SDWebImageIndicator.dia -c /Users/khanghnguyen/Library/Developer/Xcode/DerivedData/Wishie-gavmeupfwiyxzhaiqkwzocyeeixy/SourcePackages/checkouts/SDWebImage/SDWebImage/Core/SDWebImageIndicator.m -o /Users/khanghnguyen/Library/Developer/Xcode/DerivedData/Wishie-gavmeupfwiyxzhaiqkwzocyeeixy/Build/Intermediates.noindex/SDWebImage.build/Debug-iphoneos/SDWebImage.build/Objects-normal/arm64/SDWebImageIndicator.o -index-unit-output-path /SDWebImage.build/Debug-iphoneos/SDWebImage.build/Objects-normal/arm64/SDWebImageIndicator.o

CompileC /Users/khanghnguyen/Library/Developer/Xcode/DerivedData/Wishie-gavmeupfwiyxzhaiqkwzocyeeixy/Build/Intermediates.noindex/SDWebImage.build/Debug-iphoneos/SDWebImage.build/Objects-normal/arm64/SDWebImageError.o /Users/khanghnguyen/Library/Developer/Xcode/DerivedData/Wishie-gavmeupfwiyxzhaiqkwzocyeeixy/SourcePackages/checkouts/SDWebImage/SDWebImage/Core/SDWebImageError.m normal arm64 objective-c com.apple.compilers.llvm.clang.1_0.compiler (in target 'SDWebImage' from project 'SDWebImage')
    cd /Users/khanghnguyen/Downloads/Wishie/Wishie.xcodeproj
    
    Using response file: /Users/khanghnguyen/Library/Developer/Xcode/DerivedData/Wishie-gavmeupfwiyxzhaiqkwzocyeeixy/Build/Intermediates.noindex/SDWebImage.build/Debug-iphoneos/SDWebImage.build/Objects-normal/arm64/e6072d4f65d7061329687fe24e3d63a7-common-args.resp
    
    /Applications/Xcode.app/Contents/Developer/Toolchains/XcodeDefault.xctoolchain/usr/bin/clang -x objective-c -ivfsstatcache /Users/khanghnguyen/Library/Developer/Xcode/DerivedData/SDKStatCaches.noindex/iphoneos26.2-23C57-3794476bd08197c3e2abd9bb477ef7f7.sdkstatcache -fmessage-length\=0 -fdiagnostics-show-note-include-stack -fmacro-backtrace-limit\=0 -fno-color-diagnostics -fmodules-prune-interval\=86400 -fmodules-prune-after\=345600 -fbuild-session-file\=/Users/khanghnguyen/Library/Developer/Xcode/DerivedData/ModuleCache.noindex/Session.modulevalidation -fmodules-validate-once-per-build-session -Wnon-modular-include-in-framework-module -Werror\=non-modular-include-in-framework-module -Wno-trigraphs -Wno-missing-field-initializers -Wno-missing-prototypes -Wno-return-type -Wno-implicit-atomic-properties -Wno-objc-interface-ivars -Wno-arc-repeated-use-of-weak -Wno-missing-braces -Wparentheses -Wswitch -Wno-unused-function -Wno-unused-label -Wno-unused-parameter -Wno-unused-variable -Wunused-value -Wno-empty-body -Wno-uninitialized -Wno-unknown-pragmas -w -Wno-shadow -Wno-four-char-constants -Wno-conversion -Wno-constant-conversion -Wno-int-conversion -Wno-bool-conversion -Wno-enum-conversion -Wno-float-conversion -Wno-non-literal-null-conversion -Wno-objc-literal-conversion -Wshorten-64-to-32 -Wpointer-sign -Wno-newline-eof -Wno-selector -Wno-strict-selector-match -Wno-undeclared-selector -Wno-deprecated-implementations -Wno-implicit-fallthrough -fstrict-aliasing -Wprotocol -Wdeprecated-declarations -Wno-sign-conversion -Wno-infinite-recursion -Wno-comma -Wno-block-capture-autoreleasing -Wno-strict-prototypes -Wno-semicolon-before-method-body -index-store-path /Users/khanghnguyen/Library/Developer/Xcode/DerivedData/Wishie-gavmeupfwiyxzhaiqkwzocyeeixy/Index.noindex/DataStore @/Users/khanghnguyen/Library/Developer/Xcode/DerivedData/Wishie-gavmeupfwiyxzhaiqkwzocyeeixy/Build/Intermediates.noindex/SDWebImage.build/Debug-iphoneos/SDWebImage.build/Objects-normal/arm64/e6072d4f65d7061329687fe24e3d63a7-common-args.resp -include /Users/khanghnguyen/Library/Developer/Xcode/DerivedData/Wishie-gavmeupfwiyxzhaiqkwzocyeeixy/Build/Intermediates.noindex/SDWebImage.build/Debug-iphoneos/SDWebImage.build/DerivedSources/resource_bundle_accessor.h -MMD -MT dependencies -MF /Users/khanghnguyen/Library/Developer/Xcode/DerivedData/Wishie-gavmeupfwiyxzhaiqkwzocyeeixy/Build/Intermediates.noindex/SDWebImage.build/Debug-iphoneos/SDWebImage.build/Objects-normal/arm64/SDWebImageError.d --serialize-diagnostics /Users/khanghnguyen/Library/Developer/Xcode/DerivedData/Wishie-gavmeupfwiyxzhaiqkwzocyeeixy/Build/Intermediates.noindex/SDWebImage.build/Debug-iphoneos/SDWebImage.build/Objects-normal/arm64/SDWebImageError.dia -c /Users/khanghnguyen/Library/Developer/Xcode/DerivedData/Wishie-gavmeupfwiyxzhaiqkwzocyeeixy/SourcePackages/checkouts/SDWebImage/SDWebImage/Core/SDWebImageError.m -o /Users/khanghnguyen/Library/Developer/Xcode/DerivedData/Wishie-gavmeupfwiyxzhaiqkwzocyeeixy/Build/Intermediates.noindex/SDWebImage.build/Debug-iphoneos/SDWebImage.build/Objects-normal/arm64/SDWebImageError.o -index-unit-output-path /SDWebImage.build/Debug-iphoneos/SDWebImage.build/Objects-normal/arm64/SDWebImageError.o

CompileC /Users/khanghnguyen/Library/Developer/Xcode/DerivedData/Wishie-gavmeupfwiyxzhaiqkwzocyeeixy/Build/Intermediates.noindex/SDWebImage.build/Debug-iphoneos/SDWebImage.build/Objects-normal/arm64/SDWebImageDownloaderResponseModifier.o /Users/khanghnguyen/Library/Developer/Xcode/DerivedData/Wishie-gavmeupfwiyxzhaiqkwzocyeeixy/SourcePackages/checkouts/SDWebImage/SDWebImage/Core/SDWebImageDownloaderResponseModifier.m normal arm64 objective-c com.apple.compilers.llvm.clang.1_0.compiler (in target 'SDWebImage' from project 'SDWebImage')
    cd /Users/khanghnguyen/Downloads/Wishie/Wishie.xcodeproj
    
    Using response file: /Users/khanghnguyen/Library/Developer/Xcode/DerivedData/Wishie-gavmeupfwiyxzhaiqkwzocyeeixy/Build/Intermediates.noindex/SDWebImage.build/Debug-iphoneos/SDWebImage.build/Objects-normal/arm64/e6072d4f65d7061329687fe24e3d63a7-common-args.resp
    
    /Applications/Xcode.app/Contents/Developer/Toolchains/XcodeDefault.xctoolchain/usr/bin/clang -x objective-c -ivfsstatcache /Users/khanghnguyen/Library/Developer/Xcode/DerivedData/SDKStatCaches.noindex/iphoneos26.2-23C57-3794476bd08197c3e2abd9bb477ef7f7.sdkstatcache -fmessage-length\=0 -fdiagnostics-show-note-include-stack -fmacro-backtrace-limit\=0 -fno-color-diagnostics -fmodules-prune-interval\=86400 -fmodules-prune-after\=345600 -fbuild-session-file\=/Users/khanghnguyen/Library/Developer/Xcode/DerivedData/ModuleCache.noindex/Session.modulevalidation -fmodules-validate-once-per-build-session -Wnon-modular-include-in-framework-module -Werror\=non-modular-include-in-framework-module -Wno-trigraphs -Wno-missing-field-initializers -Wno-missing-prototypes -Wno-return-type -Wno-implicit-atomic-properties -Wno-objc-interface-ivars -Wno-arc-repeated-use-of-weak -Wno-missing-braces -Wparentheses -Wswitch -Wno-unused-function -Wno-unused-label -Wno-unused-parameter -Wno-unused-variable -Wunused-value -Wno-empty-body -Wno-uninitialized -Wno-unknown-pragmas -w -Wno-shadow -Wno-four-char-constants -Wno-conversion -Wno-constant-conversion -Wno-int-conversion -Wno-bool-conversion -Wno-enum-conversion -Wno-float-conversion -Wno-non-literal-null-conversion -Wno-objc-literal-conversion -Wshorten-64-to-32 -Wpointer-sign -Wno-newline-eof -Wno-selector -Wno-strict-selector-match -Wno-undeclared-selector -Wno-deprecated-implementations -Wno-implicit-fallthrough -fstrict-aliasing -Wprotocol -Wdeprecated-declarations -Wno-sign-conversion -Wno-infinite-recursion -Wno-comma -Wno-block-capture-autoreleasing -Wno-strict-prototypes -Wno-semicolon-before-method-body -index-store-path /Users/khanghnguyen/Library/Developer/Xcode/DerivedData/Wishie-gavmeupfwiyxzhaiqkwzocyeeixy/Index.noindex/DataStore @/Users/khanghnguyen/Library/Developer/Xcode/DerivedData/Wishie-gavmeupfwiyxzhaiqkwzocyeeixy/Build/Intermediates.noindex/SDWebImage.build/Debug-iphoneos/SDWebImage.build/Objects-normal/arm64/e6072d4f65d7061329687fe24e3d63a7-common-args.resp -include /Users/khanghnguyen/Library/Developer/Xcode/DerivedData/Wishie-gavmeupfwiyxzhaiqkwzocyeeixy/Build/Intermediates.noindex/SDWebImage.build/Debug-iphoneos/SDWebImage.build/DerivedSources/resource_bundle_accessor.h -MMD -MT dependencies -MF /Users/khanghnguyen/Library/Developer/Xcode/DerivedData/Wishie-gavmeupfwiyxzhaiqkwzocyeeixy/Build/Intermediates.noindex/SDWebImage.build/Debug-iphoneos/SDWebImage.build/Objects-normal/arm64/SDWebImageDownloaderResponseModifier.d --serialize-diagnostics /Users/khanghnguyen/Library/Developer/Xcode/DerivedData/Wishie-gavmeupfwiyxzhaiqkwzocyeeixy/Build/Intermediates.noindex/SDWebImage.build/Debug-iphoneos/SDWebImage.build/Objects-normal/arm64/SDWebImageDownloaderResponseModifier.dia -c /Users/khanghnguyen/Library/Developer/Xcode/DerivedData/Wishie-gavmeupfwiyxzhaiqkwzocyeeixy/SourcePackages/checkouts/SDWebImage/SDWebImage/Core/SDWebImageDownloaderResponseModifier.m -o /Users/khanghnguyen/Library/Developer/Xcode/DerivedData/Wishie-gavmeupfwiyxzhaiqkwzocyeeixy/Build/Intermediates.noindex/SDWebImage.build/Debug-iphoneos/SDWebImage.build/Objects-normal/arm64/SDWebImageDownloaderResponseModifier.o -index-unit-output-path /SDWebImage.build/Debug-iphoneos/SDWebImage.build/Objects-normal/arm64/SDWebImageDownloaderResponseModifier.o

CompileC /Users/khanghnguyen/Library/Developer/Xcode/DerivedData/Wishie-gavmeupfwiyxzhaiqkwzocyeeixy/Build/Intermediates.noindex/SDWebImage.build/Debug-iphoneos/SDWebImage.build/Objects-normal/arm64/SDWebImageDownloaderRequestModifier.o /Users/khanghnguyen/Library/Developer/Xcode/DerivedData/Wishie-gavmeupfwiyxzhaiqkwzocyeeixy/SourcePackages/checkouts/SDWebImage/SDWebImage/Core/SDWebImageDownloaderRequestModifier.m normal arm64 objective-c com.apple.compilers.llvm.clang.1_0.compiler (in target 'SDWebImage' from project 'SDWebImage')
    cd /Users/khanghnguyen/Downloads/Wishie/Wishie.xcodeproj
    
    Using response file: /Users/khanghnguyen/Library/Developer/Xcode/DerivedData/Wishie-gavmeupfwiyxzhaiqkwzocyeeixy/Build/Intermediates.noindex/SDWebImage.build/Debug-iphoneos/SDWebImage.build/Objects-normal/arm64/e6072d4f65d7061329687fe24e3d63a7-common-args.resp
    
    /Applications/Xcode.app/Contents/Developer/Toolchains/XcodeDefault.xctoolchain/usr/bin/clang -x objective-c -ivfsstatcache /Users/khanghnguyen/Library/Developer/Xcode/DerivedData/SDKStatCaches.noindex/iphoneos26.2-23C57-3794476bd08197c3e2abd9bb477ef7f7.sdkstatcache -fmessage-length\=0 -fdiagnostics-show-note-include-stack -fmacro-backtrace-limit\=0 -fno-color-diagnostics -fmodules-prune-interval\=86400 -fmodules-prune-after\=345600 -fbuild-session-file\=/Users/khanghnguyen/Library/Developer/Xcode/DerivedData/ModuleCache.noindex/Session.modulevalidation -fmodules-validate-once-per-build-session -Wnon-modular-include-in-framework-module -Werror\=non-modular-include-in-framework-module -Wno-trigraphs -Wno-missing-field-initializers -Wno-missing-prototypes -Wno-return-type -Wno-implicit-atomic-properties -Wno-objc-interface-ivars -Wno-arc-repeated-use-of-weak -Wno-missing-braces -Wparentheses -Wswitch -Wno-unused-function -Wno-unused-label -Wno-unused-parameter -Wno-unused-variable -Wunused-value -Wno-empty-body -Wno-uninitialized -Wno-unknown-pragmas -w -Wno-shadow -Wno-four-char-constants -Wno-conversion -Wno-constant-conversion -Wno-int-conversion -Wno-bool-conversion -Wno-enum-conversion -Wno-float-conversion -Wno-non-literal-null-conversion -Wno-objc-literal-conversion -Wshorten-64-to-32 -Wpointer-sign -Wno-newline-eof -Wno-selector -Wno-strict-selector-match -Wno-undeclared-selector -Wno-deprecated-implementations -Wno-implicit-fallthrough -fstrict-aliasing -Wprotocol -Wdeprecated-declarations -Wno-sign-conversion -Wno-infinite-recursion -Wno-comma -Wno-block-capture-autoreleasing -Wno-strict-prototypes -Wno-semicolon-before-method-body -index-store-path /Users/khanghnguyen/Library/Developer/Xcode/DerivedData/Wishie-gavmeupfwiyxzhaiqkwzocyeeixy/Index.noindex/DataStore @/Users/khanghnguyen/Library/Developer/Xcode/DerivedData/Wishie-gavmeupfwiyxzhaiqkwzocyeeixy/Build/Intermediates.noindex/SDWebImage.build/Debug-iphoneos/SDWebImage.build/Objects-normal/arm64/e6072d4f65d7061329687fe24e3d63a7-common-args.resp -include /Users/khanghnguyen/Library/Developer/Xcode/DerivedData/Wishie-gavmeupfwiyxzhaiqkwzocyeeixy/Build/Intermediates.noindex/SDWebImage.build/Debug-iphoneos/SDWebImage.build/DerivedSources/resource_bundle_accessor.h -MMD -MT dependencies -MF /Users/khanghnguyen/Library/Developer/Xcode/DerivedData/Wishie-gavmeupfwiyxzhaiqkwzocyeeixy/Build/Intermediates.noindex/SDWebImage.build/Debug-iphoneos/SDWebImage.build/Objects-normal/arm64/SDWebImageDownloaderRequestModifier.d --serialize-diagnostics /Users/khanghnguyen/Library/Developer/Xcode/DerivedData/Wishie-gavmeupfwiyxzhaiqkwzocyeeixy/Build/Intermediates.noindex/SDWebImage.build/Debug-iphoneos/SDWebImage.build/Objects-normal/arm64/SDWebImageDownloaderRequestModifier.dia -c /Users/khanghnguyen/Library/Developer/Xcode/DerivedData/Wishie-gavmeupfwiyxzhaiqkwzocyeeixy/SourcePackages/checkouts/SDWebImage/SDWebImage/Core/SDWebImageDownloaderRequestModifier.m -o /Users/khanghnguyen/Library/Developer/Xcode/DerivedData/Wishie-gavmeupfwiyxzhaiqkwzocyeeixy/Build/Intermediates.noindex/SDWebImage.build/Debug-iphoneos/SDWebImage.build/Objects-normal/arm64/SDWebImageDownloaderRequestModifier.o -index-unit-output-path /SDWebImage.build/Debug-iphoneos/SDWebImage.build/Objects-normal/arm64/SDWebImageDownloaderRequestModifier.o

CompileC /Users/khanghnguyen/Library/Developer/Xcode/DerivedData/Wishie-gavmeupfwiyxzhaiqkwzocyeeixy/Build/Intermediates.noindex/SDWebImage.build/Debug-iphoneos/SDWebImage.build/Objects-normal/arm64/SDWebImageDownloaderOperation.o /Users/khanghnguyen/Library/Developer/Xcode/DerivedData/Wishie-gavmeupfwiyxzhaiqkwzocyeeixy/SourcePackages/checkouts/SDWebImage/SDWebImage/Core/SDWebImageDownloaderOperation.m normal arm64 objective-c com.apple.compilers.llvm.clang.1_0.compiler (in target 'SDWebImage' from project 'SDWebImage')
    cd /Users/khanghnguyen/Downloads/Wishie/Wishie.xcodeproj
    
    Using response file: /Users/khanghnguyen/Library/Developer/Xcode/DerivedData/Wishie-gavmeupfwiyxzhaiqkwzocyeeixy/Build/Intermediates.noindex/SDWebImage.build/Debug-iphoneos/SDWebImage.build/Objects-normal/arm64/e6072d4f65d7061329687fe24e3d63a7-common-args.resp
    
    /Applications/Xcode.app/Contents/Developer/Toolchains/XcodeDefault.xctoolchain/usr/bin/clang -x objective-c -ivfsstatcache /Users/khanghnguyen/Library/Developer/Xcode/DerivedData/SDKStatCaches.noindex/iphoneos26.2-23C57-3794476bd08197c3e2abd9bb477ef7f7.sdkstatcache -fmessage-length\=0 -fdiagnostics-show-note-include-stack -fmacro-backtrace-limit\=0 -fno-color-diagnostics -fmodules-prune-interval\=86400 -fmodules-prune-after\=345600 -fbuild-session-file\=/Users/khanghnguyen/Library/Developer/Xcode/DerivedData/ModuleCache.noindex/Session.modulevalidation -fmodules-validate-once-per-build-session -Wnon-modular-include-in-framework-module -Werror\=non-modular-include-in-framework-module -Wno-trigraphs -Wno-missing-field-initializers -Wno-missing-prototypes -Wno-return-type -Wno-implicit-atomic-properties -Wno-objc-interface-ivars -Wno-arc-repeated-use-of-weak -Wno-missing-braces -Wparentheses -Wswitch -Wno-unused-function -Wno-unused-label -Wno-unused-parameter -Wno-unused-variable -Wunused-value -Wno-empty-body -Wno-uninitialized -Wno-unknown-pragmas -w -Wno-shadow -Wno-four-char-constants -Wno-conversion -Wno-constant-conversion -Wno-int-conversion -Wno-bool-conversion -Wno-enum-conversion -Wno-float-conversion -Wno-non-literal-null-conversion -Wno-objc-literal-conversion -Wshorten-64-to-32 -Wpointer-sign -Wno-newline-eof -Wno-selector -Wno-strict-selector-match -Wno-undeclared-selector -Wno-deprecated-implementations -Wno-implicit-fallthrough -fstrict-aliasing -Wprotocol -Wdeprecated-declarations -Wno-sign-conversion -Wno-infinite-recursion -Wno-comma -Wno-block-capture-autoreleasing -Wno-strict-prototypes -Wno-semicolon-before-method-body -index-store-path /Users/khanghnguyen/Library/Developer/Xcode/DerivedData/Wishie-gavmeupfwiyxzhaiqkwzocyeeixy/Index.noindex/DataStore @/Users/khanghnguyen/Library/Developer/Xcode/DerivedData/Wishie-gavmeupfwiyxzhaiqkwzocyeeixy/Build/Intermediates.noindex/SDWebImage.build/Debug-iphoneos/SDWebImage.build/Objects-normal/arm64/e6072d4f65d7061329687fe24e3d63a7-common-args.resp -include /Users/khanghnguyen/Library/Developer/Xcode/DerivedData/Wishie-gavmeupfwiyxzhaiqkwzocyeeixy/Build/Intermediates.noindex/SDWebImage.build/Debug-iphoneos/SDWebImage.build/DerivedSources/resource_bundle_accessor.h -MMD -MT dependencies -MF /Users/khanghnguyen/Library/Developer/Xcode/DerivedData/Wishie-gavmeupfwiyxzhaiqkwzocyeeixy/Build/Intermediates.noindex/SDWebImage.build/Debug-iphoneos/SDWebImage.build/Objects-normal/arm64/SDWebImageDownloaderOperation.d --serialize-diagnostics /Users/khanghnguyen/Library/Developer/Xcode/DerivedData/Wishie-gavmeupfwiyxzhaiqkwzocyeeixy/Build/Intermediates.noindex/SDWebImage.build/Debug-iphoneos/SDWebImage.build/Objects-normal/arm64/SDWebImageDownloaderOperation.dia -c /Users/khanghnguyen/Library/Developer/Xcode/DerivedData/Wishie-gavmeupfwiyxzhaiqkwzocyeeixy/SourcePackages/checkouts/SDWebImage/SDWebImage/Core/SDWebImageDownloaderOperation.m -o /Users/khanghnguyen/Library/Developer/Xcode/DerivedData/Wishie-gavmeupfwiyxzhaiqkwzocyeeixy/Build/Intermediates.noindex/SDWebImage.build/Debug-iphoneos/SDWebImage.build/Objects-normal/arm64/SDWebImageDownloaderOperation.o -index-unit-output-path /SDWebImage.build/Debug-iphoneos/SDWebImage.build/Objects-normal/arm64/SDWebImageDownloaderOperation.o

CompileC /Users/khanghnguyen/Library/Developer/Xcode/DerivedData/Wishie-gavmeupfwiyxzhaiqkwzocyeeixy/Build/Intermediates.noindex/SDWebImage.build/Debug-iphoneos/SDWebImage.build/Objects-normal/arm64/SDWebImageDownloaderDecryptor.o /Users/khanghnguyen/Library/Developer/Xcode/DerivedData/Wishie-gavmeupfwiyxzhaiqkwzocyeeixy/SourcePackages/checkouts/SDWebImage/SDWebImage/Core/SDWebImageDownloaderDecryptor.m normal arm64 objective-c com.apple.compilers.llvm.clang.1_0.compiler (in target 'SDWebImage' from project 'SDWebImage')
    cd /Users/khanghnguyen/Downloads/Wishie/Wishie.xcodeproj
    
    Using response file: /Users/khanghnguyen/Library/Developer/Xcode/DerivedData/Wishie-gavmeupfwiyxzhaiqkwzocyeeixy/Build/Intermediates.noindex/SDWebImage.build/Debug-iphoneos/SDWebImage.build/Objects-normal/arm64/e6072d4f65d7061329687fe24e3d63a7-common-args.resp
    
    /Applications/Xcode.app/Contents/Developer/Toolchains/XcodeDefault.xctoolchain/usr/bin/clang -x objective-c -ivfsstatcache /Users/khanghnguyen/Library/Developer/Xcode/DerivedData/SDKStatCaches.noindex/iphoneos26.2-23C57-3794476bd08197c3e2abd9bb477ef7f7.sdkstatcache -fmessage-length\=0 -fdiagnostics-show-note-include-stack -fmacro-backtrace-limit\=0 -fno-color-diagnostics -fmodules-prune-interval\=86400 -fmodules-prune-after\=345600 -fbuild-session-file\=/Users/khanghnguyen/Library/Developer/Xcode/DerivedData/ModuleCache.noindex/Session.modulevalidation -fmodules-validate-once-per-build-session -Wnon-modular-include-in-framework-module -Werror\=non-modular-include-in-framework-module -Wno-trigraphs -Wno-missing-field-initializers -Wno-missing-prototypes -Wno-return-type -Wno-implicit-atomic-properties -Wno-objc-interface-ivars -Wno-arc-repeated-use-of-weak -Wno-missing-braces -Wparentheses -Wswitch -Wno-unused-function -Wno-unused-label -Wno-unused-parameter -Wno-unused-variable -Wunused-value -Wno-empty-body -Wno-uninitialized -Wno-unknown-pragmas -w -Wno-shadow -Wno-four-char-constants -Wno-conversion -Wno-constant-conversion -Wno-int-conversion -Wno-bool-conversion -Wno-enum-conversion -Wno-float-conversion -Wno-non-literal-null-conversion -Wno-objc-literal-conversion -Wshorten-64-to-32 -Wpointer-sign -Wno-newline-eof -Wno-selector -Wno-strict-selector-match -Wno-undeclared-selector -Wno-deprecated-implementations -Wno-implicit-fallthrough -fstrict-aliasing -Wprotocol -Wdeprecated-declarations -Wno-sign-conversion -Wno-infinite-recursion -Wno-comma -Wno-block-capture-autoreleasing -Wno-strict-prototypes -Wno-semicolon-before-method-body -index-store-path /Users/khanghnguyen/Library/Developer/Xcode/DerivedData/Wishie-gavmeupfwiyxzhaiqkwzocyeeixy/Index.noindex/DataStore @/Users/khanghnguyen/Library/Developer/Xcode/DerivedData/Wishie-gavmeupfwiyxzhaiqkwzocyeeixy/Build/Intermediates.noindex/SDWebImage.build/Debug-iphoneos/SDWebImage.build/Objects-normal/arm64/e6072d4f65d7061329687fe24e3d63a7-common-args.resp -include /Users/khanghnguyen/Library/Developer/Xcode/DerivedData/Wishie-gavmeupfwiyxzhaiqkwzocyeeixy/Build/Intermediates.noindex/SDWebImage.build/Debug-iphoneos/SDWebImage.build/DerivedSources/resource_bundle_accessor.h -MMD -MT dependencies -MF /Users/khanghnguyen/Library/Developer/Xcode/DerivedData/Wishie-gavmeupfwiyxzhaiqkwzocyeeixy/Build/Intermediates.noindex/SDWebImage.build/Debug-iphoneos/SDWebImage.build/Objects-normal/arm64/SDWebImageDownloaderDecryptor.d --serialize-diagnostics /Users/khanghnguyen/Library/Developer/Xcode/DerivedData/Wishie-gavmeupfwiyxzhaiqkwzocyeeixy/Build/Intermediates.noindex/SDWebImage.build/Debug-iphoneos/SDWebImage.build/Objects-normal/arm64/SDWebImageDownloaderDecryptor.dia -c /Users/khanghnguyen/Library/Developer/Xcode/DerivedData/Wishie-gavmeupfwiyxzhaiqkwzocyeeixy/SourcePackages/checkouts/SDWebImage/SDWebImage/Core/SDWebImageDownloaderDecryptor.m -o /Users/khanghnguyen/Library/Developer/Xcode/DerivedData/Wishie-gavmeupfwiyxzhaiqkwzocyeeixy/Build/Intermediates.noindex/SDWebImage.build/Debug-iphoneos/SDWebImage.build/Objects-normal/arm64/SDWebImageDownloaderDecryptor.o -index-unit-output-path /SDWebImage.build/Debug-iphoneos/SDWebImage.build/Objects-normal/arm64/SDWebImageDownloaderDecryptor.o

CompileC /Users/khanghnguyen/Library/Developer/Xcode/DerivedData/Wishie-gavmeupfwiyxzhaiqkwzocyeeixy/Build/Intermediates.noindex/SDWebImage.build/Debug-iphoneos/SDWebImage.build/Objects-normal/arm64/SDWebImageDownloaderConfig.o /Users/khanghnguyen/Library/Developer/Xcode/DerivedData/Wishie-gavmeupfwiyxzhaiqkwzocyeeixy/SourcePackages/checkouts/SDWebImage/SDWebImage/Core/SDWebImageDownloaderConfig.m normal arm64 objective-c com.apple.compilers.llvm.clang.1_0.compiler (in target 'SDWebImage' from project 'SDWebImage')
    cd /Users/khanghnguyen/Downloads/Wishie/Wishie.xcodeproj
    
    Using response file: /Users/khanghnguyen/Library/Developer/Xcode/DerivedData/Wishie-gavmeupfwiyxzhaiqkwzocyeeixy/Build/Intermediates.noindex/SDWebImage.build/Debug-iphoneos/SDWebImage.build/Objects-normal/arm64/e6072d4f65d7061329687fe24e3d63a7-common-args.resp
    
    /Applications/Xcode.app/Contents/Developer/Toolchains/XcodeDefault.xctoolchain/usr/bin/clang -x objective-c -ivfsstatcache /Users/khanghnguyen/Library/Developer/Xcode/DerivedData/SDKStatCaches.noindex/iphoneos26.2-23C57-3794476bd08197c3e2abd9bb477ef7f7.sdkstatcache -fmessage-length\=0 -fdiagnostics-show-note-include-stack -fmacro-backtrace-limit\=0 -fno-color-diagnostics -fmodules-prune-interval\=86400 -fmodules-prune-after\=345600 -fbuild-session-file\=/Users/khanghnguyen/Library/Developer/Xcode/DerivedData/ModuleCache.noindex/Session.modulevalidation -fmodules-validate-once-per-build-session -Wnon-modular-include-in-framework-module -Werror\=non-modular-include-in-framework-module -Wno-trigraphs -Wno-missing-field-initializers -Wno-missing-prototypes -Wno-return-type -Wno-implicit-atomic-properties -Wno-objc-interface-ivars -Wno-arc-repeated-use-of-weak -Wno-missing-braces -Wparentheses -Wswitch -Wno-unused-function -Wno-unused-label -Wno-unused-parameter -Wno-unused-variable -Wunused-value -Wno-empty-body -Wno-uninitialized -Wno-unknown-pragmas -w -Wno-shadow -Wno-four-char-constants -Wno-conversion -Wno-constant-conversion -Wno-int-conversion -Wno-bool-conversion -Wno-enum-conversion -Wno-float-conversion -Wno-non-literal-null-conversion -Wno-objc-literal-conversion -Wshorten-64-to-32 -Wpointer-sign -Wno-newline-eof -Wno-selector -Wno-strict-selector-match -Wno-undeclared-selector -Wno-deprecated-implementations -Wno-implicit-fallthrough -fstrict-aliasing -Wprotocol -Wdeprecated-declarations -Wno-sign-conversion -Wno-infinite-recursion -Wno-comma -Wno-block-capture-autoreleasing -Wno-strict-prototypes -Wno-semicolon-before-method-body -index-store-path /Users/khanghnguyen/Library/Developer/Xcode/DerivedData/Wishie-gavmeupfwiyxzhaiqkwzocyeeixy/Index.noindex/DataStore @/Users/khanghnguyen/Library/Developer/Xcode/DerivedData/Wishie-gavmeupfwiyxzhaiqkwzocyeeixy/Build/Intermediates.noindex/SDWebImage.build/Debug-iphoneos/SDWebImage.build/Objects-normal/arm64/e6072d4f65d7061329687fe24e3d63a7-common-args.resp -include /Users/khanghnguyen/Library/Developer/Xcode/DerivedData/Wishie-gavmeupfwiyxzhaiqkwzocyeeixy/Build/Intermediates.noindex/SDWebImage.build/Debug-iphoneos/SDWebImage.build/DerivedSources/resource_bundle_accessor.h -MMD -MT dependencies -MF /Users/khanghnguyen/Library/Developer/Xcode/DerivedData/Wishie-gavmeupfwiyxzhaiqkwzocyeeixy/Build/Intermediates.noindex/SDWebImage.build/Debug-iphoneos/SDWebImage.build/Objects-normal/arm64/SDWebImageDownloaderConfig.d --serialize-diagnostics /Users/khanghnguyen/Library/Developer/Xcode/DerivedData/Wishie-gavmeupfwiyxzhaiqkwzocyeeixy/Build/Intermediates.noindex/SDWebImage.build/Debug-iphoneos/SDWebImage.build/Objects-normal/arm64/SDWebImageDownloaderConfig.dia -c /Users/khanghnguyen/Library/Developer/Xcode/DerivedData/Wishie-gavmeupfwiyxzhaiqkwzocyeeixy/SourcePackages/checkouts/SDWebImage/SDWebImage/Core/SDWebImageDownloaderConfig.m -o /Users/khanghnguyen/Library/Developer/Xcode/DerivedData/Wishie-gavmeupfwiyxzhaiqkwzocyeeixy/Build/Intermediates.noindex/SDWebImage.build/Debug-iphoneos/SDWebImage.build/Objects-normal/arm64/SDWebImageDownloaderConfig.o -index-unit-output-path /SDWebImage.build/Debug-iphoneos/SDWebImage.build/Objects-normal/arm64/SDWebImageDownloaderConfig.o

CompileC /Users/khanghnguyen/Library/Developer/Xcode/DerivedData/Wishie-gavmeupfwiyxzhaiqkwzocyeeixy/Build/Intermediates.noindex/SDWebImage.build/Debug-iphoneos/SDWebImage.build/Objects-normal/arm64/SDWebImageDownloader.o /Users/khanghnguyen/Library/Developer/Xcode/DerivedData/Wishie-gavmeupfwiyxzhaiqkwzocyeeixy/SourcePackages/checkouts/SDWebImage/SDWebImage/Core/SDWebImageDownloader.m normal arm64 objective-c com.apple.compilers.llvm.clang.1_0.compiler (in target 'SDWebImage' from project 'SDWebImage')
    cd /Users/khanghnguyen/Downloads/Wishie/Wishie.xcodeproj
    
    Using response file: /Users/khanghnguyen/Library/Developer/Xcode/DerivedData/Wishie-gavmeupfwiyxzhaiqkwzocyeeixy/Build/Intermediates.noindex/SDWebImage.build/Debug-iphoneos/SDWebImage.build/Objects-normal/arm64/e6072d4f65d7061329687fe24e3d63a7-common-args.resp
    
    /Applications/Xcode.app/Contents/Developer/Toolchains/XcodeDefault.xctoolchain/usr/bin/clang -x objective-c -ivfsstatcache /Users/khanghnguyen/Library/Developer/Xcode/DerivedData/SDKStatCaches.noindex/iphoneos26.2-23C57-3794476bd08197c3e2abd9bb477ef7f7.sdkstatcache -fmessage-length\=0 -fdiagnostics-show-note-include-stack -fmacro-backtrace-limit\=0 -fno-color-diagnostics -fmodules-prune-interval\=86400 -fmodules-prune-after\=345600 -fbuild-session-file\=/Users/khanghnguyen/Library/Developer/Xcode/DerivedData/ModuleCache.noindex/Session.modulevalidation -fmodules-validate-once-per-build-session -Wnon-modular-include-in-framework-module -Werror\=non-modular-include-in-framework-module -Wno-trigraphs -Wno-missing-field-initializers -Wno-missing-prototypes -Wno-return-type -Wno-implicit-atomic-properties -Wno-objc-interface-ivars -Wno-arc-repeated-use-of-weak -Wno-missing-braces -Wparentheses -Wswitch -Wno-unused-function -Wno-unused-label -Wno-unused-parameter -Wno-unused-variable -Wunused-value -Wno-empty-body -Wno-uninitialized -Wno-unknown-pragmas -w -Wno-shadow -Wno-four-char-constants -Wno-conversion -Wno-constant-conversion -Wno-int-conversion -Wno-bool-conversion -Wno-enum-conversion -Wno-float-conversion -Wno-non-literal-null-conversion -Wno-objc-literal-conversion -Wshorten-64-to-32 -Wpointer-sign -Wno-newline-eof -Wno-selector -Wno-strict-selector-match -Wno-undeclared-selector -Wno-deprecated-implementations -Wno-implicit-fallthrough -fstrict-aliasing -Wprotocol -Wdeprecated-declarations -Wno-sign-conversion -Wno-infinite-recursion -Wno-comma -Wno-block-capture-autoreleasing -Wno-strict-prototypes -Wno-semicolon-before-method-body -index-store-path /Users/khanghnguyen/Library/Developer/Xcode/DerivedData/Wishie-gavmeupfwiyxzhaiqkwzocyeeixy/Index.noindex/DataStore @/Users/khanghnguyen/Library/Developer/Xcode/DerivedData/Wishie-gavmeupfwiyxzhaiqkwzocyeeixy/Build/Intermediates.noindex/SDWebImage.build/Debug-iphoneos/SDWebImage.build/Objects-normal/arm64/e6072d4f65d7061329687fe24e3d63a7-common-args.resp -include /Users/khanghnguyen/Library/Developer/Xcode/DerivedData/Wishie-gavmeupfwiyxzhaiqkwzocyeeixy/Build/Intermediates.noindex/SDWebImage.build/Debug-iphoneos/SDWebImage.build/DerivedSources/resource_bundle_accessor.h -MMD -MT dependencies -MF /Users/khanghnguyen/Library/Developer/Xcode/DerivedData/Wishie-gavmeupfwiyxzhaiqkwzocyeeixy/Build/Intermediates.noindex/SDWebImage.build/Debug-iphoneos/SDWebImage.build/Objects-normal/arm64/SDWebImageDownloader.d --serialize-diagnostics /Users/khanghnguyen/Library/Developer/Xcode/DerivedData/Wishie-gavmeupfwiyxzhaiqkwzocyeeixy/Build/Intermediates.noindex/SDWebImage.build/Debug-iphoneos/SDWebImage.build/Objects-normal/arm64/SDWebImageDownloader.dia -c /Users/khanghnguyen/Library/Developer/Xcode/DerivedData/Wishie-gavmeupfwiyxzhaiqkwzocyeeixy/SourcePackages/checkouts/SDWebImage/SDWebImage/Core/SDWebImageDownloader.m -o /Users/khanghnguyen/Library/Developer/Xcode/DerivedData/Wishie-gavmeupfwiyxzhaiqkwzocyeeixy/Build/Intermediates.noindex/SDWebImage.build/Debug-iphoneos/SDWebImage.build/Objects-normal/arm64/SDWebImageDownloader.o -index-unit-output-path /SDWebImage.build/Debug-iphoneos/SDWebImage.build/Objects-normal/arm64/SDWebImageDownloader.o

CompileC /Users/khanghnguyen/Library/Developer/Xcode/DerivedData/Wishie-gavmeupfwiyxzhaiqkwzocyeeixy/Build/Intermediates.noindex/SDWebImage.build/Debug-iphoneos/SDWebImage.build/Objects-normal/arm64/SDWebImageDefine.o /Users/khanghnguyen/Library/Developer/Xcode/DerivedData/Wishie-gavmeupfwiyxzhaiqkwzocyeeixy/SourcePackages/checkouts/SDWebImage/SDWebImage/Core/SDWebImageDefine.m normal arm64 objective-c com.apple.compilers.llvm.clang.1_0.compiler (in target 'SDWebImage' from project 'SDWebImage')
    cd /Users/khanghnguyen/Downloads/Wishie/Wishie.xcodeproj
    
    Using response file: /Users/khanghnguyen/Library/Developer/Xcode/DerivedData/Wishie-gavmeupfwiyxzhaiqkwzocyeeixy/Build/Intermediates.noindex/SDWebImage.build/Debug-iphoneos/SDWebImage.build/Objects-normal/arm64/e6072d4f65d7061329687fe24e3d63a7-common-args.resp
    
    /Applications/Xcode.app/Contents/Developer/Toolchains/XcodeDefault.xctoolchain/usr/bin/clang -x objective-c -ivfsstatcache /Users/khanghnguyen/Library/Developer/Xcode/DerivedData/SDKStatCaches.noindex/iphoneos26.2-23C57-3794476bd08197c3e2abd9bb477ef7f7.sdkstatcache -fmessage-length\=0 -fdiagnostics-show-note-include-stack -fmacro-backtrace-limit\=0 -fno-color-diagnostics -fmodules-prune-interval\=86400 -fmodules-prune-after\=345600 -fbuild-session-file\=/Users/khanghnguyen/Library/Developer/Xcode/DerivedData/ModuleCache.noindex/Session.modulevalidation -fmodules-validate-once-per-build-session -Wnon-modular-include-in-framework-module -Werror\=non-modular-include-in-framework-module -Wno-trigraphs -Wno-missing-field-initializers -Wno-missing-prototypes -Wno-return-type -Wno-implicit-atomic-properties -Wno-objc-interface-ivars -Wno-arc-repeated-use-of-weak -Wno-missing-braces -Wparentheses -Wswitch -Wno-unused-function -Wno-unused-label -Wno-unused-parameter -Wno-unused-variable -Wunused-value -Wno-empty-body -Wno-uninitialized -Wno-unknown-pragmas -w -Wno-shadow -Wno-four-char-constants -Wno-conversion -Wno-constant-conversion -Wno-int-conversion -Wno-bool-conversion -Wno-enum-conversion -Wno-float-conversion -Wno-non-literal-null-conversion -Wno-objc-literal-conversion -Wshorten-64-to-32 -Wpointer-sign -Wno-newline-eof -Wno-selector -Wno-strict-selector-match -Wno-undeclared-selector -Wno-deprecated-implementations -Wno-implicit-fallthrough -fstrict-aliasing -Wprotocol -Wdeprecated-declarations -Wno-sign-conversion -Wno-infinite-recursion -Wno-comma -Wno-block-capture-autoreleasing -Wno-strict-prototypes -Wno-semicolon-before-method-body -index-store-path /Users/khanghnguyen/Library/Developer/Xcode/DerivedData/Wishie-gavmeupfwiyxzhaiqkwzocyeeixy/Index.noindex/DataStore @/Users/khanghnguyen/Library/Developer/Xcode/DerivedData/Wishie-gavmeupfwiyxzhaiqkwzocyeeixy/Build/Intermediates.noindex/SDWebImage.build/Debug-iphoneos/SDWebImage.build/Objects-normal/arm64/e6072d4f65d7061329687fe24e3d63a7-common-args.resp -include /Users/khanghnguyen/Library/Developer/Xcode/DerivedData/Wishie-gavmeupfwiyxzhaiqkwzocyeeixy/Build/Intermediates.noindex/SDWebImage.build/Debug-iphoneos/SDWebImage.build/DerivedSources/resource_bundle_accessor.h -MMD -MT dependencies -MF /Users/khanghnguyen/Library/Developer/Xcode/DerivedData/Wishie-gavmeupfwiyxzhaiqkwzocyeeixy/Build/Intermediates.noindex/SDWebImage.build/Debug-iphoneos/SDWebImage.build/Objects-normal/arm64/SDWebImageDefine.d --serialize-diagnostics /Users/khanghnguyen/Library/Developer/Xcode/DerivedData/Wishie-gavmeupfwiyxzhaiqkwzocyeeixy/Build/Intermediates.noindex/SDWebImage.build/Debug-iphoneos/SDWebImage.build/Objects-normal/arm64/SDWebImageDefine.dia -c /Users/khanghnguyen/Library/Developer/Xcode/DerivedData/Wishie-gavmeupfwiyxzhaiqkwzocyeeixy/SourcePackages/checkouts/SDWebImage/SDWebImage/Core/SDWebImageDefine.m -o /Users/khanghnguyen/Library/Developer/Xcode/DerivedData/Wishie-gavmeupfwiyxzhaiqkwzocyeeixy/Build/Intermediates.noindex/SDWebImage.build/Debug-iphoneos/SDWebImage.build/Objects-normal/arm64/SDWebImageDefine.o -index-unit-output-path /SDWebImage.build/Debug-iphoneos/SDWebImage.build/Objects-normal/arm64/SDWebImageDefine.o

CompileC /Users/khanghnguyen/Library/Developer/Xcode/DerivedData/Wishie-gavmeupfwiyxzhaiqkwzocyeeixy/Build/Intermediates.noindex/SDWebImage.build/Debug-iphoneos/SDWebImage.build/Objects-normal/arm64/SDWebImageCompat.o /Users/khanghnguyen/Library/Developer/Xcode/DerivedData/Wishie-gavmeupfwiyxzhaiqkwzocyeeixy/SourcePackages/checkouts/SDWebImage/SDWebImage/Core/SDWebImageCompat.m normal arm64 objective-c com.apple.compilers.llvm.clang.1_0.compiler (in target 'SDWebImage' from project 'SDWebImage')
    cd /Users/khanghnguyen/Downloads/Wishie/Wishie.xcodeproj
    
    Using response file: /Users/khanghnguyen/Library/Developer/Xcode/DerivedData/Wishie-gavmeupfwiyxzhaiqkwzocyeeixy/Build/Intermediates.noindex/SDWebImage.build/Debug-iphoneos/SDWebImage.build/Objects-normal/arm64/e6072d4f65d7061329687fe24e3d63a7-common-args.resp
    
    /Applications/Xcode.app/Contents/Developer/Toolchains/XcodeDefault.xctoolchain/usr/bin/clang -x objective-c -ivfsstatcache /Users/khanghnguyen/Library/Developer/Xcode/DerivedData/SDKStatCaches.noindex/iphoneos26.2-23C57-3794476bd08197c3e2abd9bb477ef7f7.sdkstatcache -fmessage-length\=0 -fdiagnostics-show-note-include-stack -fmacro-backtrace-limit\=0 -fno-color-diagnostics -fmodules-prune-interval\=86400 -fmodules-prune-after\=345600 -fbuild-session-file\=/Users/khanghnguyen/Library/Developer/Xcode/DerivedData/ModuleCache.noindex/Session.modulevalidation -fmodules-validate-once-per-build-session -Wnon-modular-include-in-framework-module -Werror\=non-modular-include-in-framework-module -Wno-trigraphs -Wno-missing-field-initializers -Wno-missing-prototypes -Wno-return-type -Wno-implicit-atomic-properties -Wno-objc-interface-ivars -Wno-arc-repeated-use-of-weak -Wno-missing-braces -Wparentheses -Wswitch -Wno-unused-function -Wno-unused-label -Wno-unused-parameter -Wno-unused-variable -Wunused-value -Wno-empty-body -Wno-uninitialized -Wno-unknown-pragmas -w -Wno-shadow -Wno-four-char-constants -Wno-conversion -Wno-constant-conversion -Wno-int-conversion -Wno-bool-conversion -Wno-enum-conversion -Wno-float-conversion -Wno-non-literal-null-conversion -Wno-objc-literal-conversion -Wshorten-64-to-32 -Wpointer-sign -Wno-newline-eof -Wno-selector -Wno-strict-selector-match -Wno-undeclared-selector -Wno-deprecated-implementations -Wno-implicit-fallthrough -fstrict-aliasing -Wprotocol -Wdeprecated-declarations -Wno-sign-conversion -Wno-infinite-recursion -Wno-comma -Wno-block-capture-autoreleasing -Wno-strict-prototypes -Wno-semicolon-before-method-body -index-store-path /Users/khanghnguyen/Library/Developer/Xcode/DerivedData/Wishie-gavmeupfwiyxzhaiqkwzocyeeixy/Index.noindex/DataStore @/Users/khanghnguyen/Library/Developer/Xcode/DerivedData/Wishie-gavmeupfwiyxzhaiqkwzocyeeixy/Build/Intermediates.noindex/SDWebImage.build/Debug-iphoneos/SDWebImage.build/Objects-normal/arm64/e6072d4f65d7061329687fe24e3d63a7-common-args.resp -include /Users/khanghnguyen/Library/Developer/Xcode/DerivedData/Wishie-gavmeupfwiyxzhaiqkwzocyeeixy/Build/Intermediates.noindex/SDWebImage.build/Debug-iphoneos/SDWebImage.build/DerivedSources/resource_bundle_accessor.h -MMD -MT dependencies -MF /Users/khanghnguyen/Library/Developer/Xcode/DerivedData/Wishie-gavmeupfwiyxzhaiqkwzocyeeixy/Build/Intermediates.noindex/SDWebImage.build/Debug-iphoneos/SDWebImage.build/Objects-normal/arm64/SDWebImageCompat.d --serialize-diagnostics /Users/khanghnguyen/Library/Developer/Xcode/DerivedData/Wishie-gavmeupfwiyxzhaiqkwzocyeeixy/Build/Intermediates.noindex/SDWebImage.build/Debug-iphoneos/SDWebImage.build/Objects-normal/arm64/SDWebImageCompat.dia -c /Users/khanghnguyen/Library/Developer/Xcode/DerivedData/Wishie-gavmeupfwiyxzhaiqkwzocyeeixy/SourcePackages/checkouts/SDWebImage/SDWebImage/Core/SDWebImageCompat.m -o /Users/khanghnguyen/Library/Developer/Xcode/DerivedData/Wishie-gavmeupfwiyxzhaiqkwzocyeeixy/Build/Intermediates.noindex/SDWebImage.build/Debug-iphoneos/SDWebImage.build/Objects-normal/arm64/SDWebImageCompat.o -index-unit-output-path /SDWebImage.build/Debug-iphoneos/SDWebImage.build/Objects-normal/arm64/SDWebImageCompat.o

SwiftDriverJobDiscovery normal arm64 Compiling FirebaseDataEncoder.swift (in target 'FirebaseSharedSwift' from project 'Firebase')

CompileC /Users/khanghnguyen/Library/Developer/Xcode/DerivedData/Wishie-gavmeupfwiyxzhaiqkwzocyeeixy/Build/Intermediates.noindex/SDWebImage.build/Debug-iphoneos/SDWebImage.build/Objects-normal/arm64/SDWebImageCacheSerializer.o /Users/khanghnguyen/Library/Developer/Xcode/DerivedData/Wishie-gavmeupfwiyxzhaiqkwzocyeeixy/SourcePackages/checkouts/SDWebImage/SDWebImage/Core/SDWebImageCacheSerializer.m normal arm64 objective-c com.apple.compilers.llvm.clang.1_0.compiler (in target 'SDWebImage' from project 'SDWebImage')
    cd /Users/khanghnguyen/Downloads/Wishie/Wishie.xcodeproj
    
    Using response file: /Users/khanghnguyen/Library/Developer/Xcode/DerivedData/Wishie-gavmeupfwiyxzhaiqkwzocyeeixy/Build/Intermediates.noindex/SDWebImage.build/Debug-iphoneos/SDWebImage.build/Objects-normal/arm64/e6072d4f65d7061329687fe24e3d63a7-common-args.resp
    
    /Applications/Xcode.app/Contents/Developer/Toolchains/XcodeDefault.xctoolchain/usr/bin/clang -x objective-c -ivfsstatcache /Users/khanghnguyen/Library/Developer/Xcode/DerivedData/SDKStatCaches.noindex/iphoneos26.2-23C57-3794476bd08197c3e2abd9bb477ef7f7.sdkstatcache -fmessage-length\=0 -fdiagnostics-show-note-include-stack -fmacro-backtrace-limit\=0 -fno-color-diagnostics -fmodules-prune-interval\=86400 -fmodules-prune-after\=345600 -fbuild-session-file\=/Users/khanghnguyen/Library/Developer/Xcode/DerivedData/ModuleCache.noindex/Session.modulevalidation -fmodules-validate-once-per-build-session -Wnon-modular-include-in-framework-module -Werror\=non-modular-include-in-framework-module -Wno-trigraphs -Wno-missing-field-initializers -Wno-missing-prototypes -Wno-return-type -Wno-implicit-atomic-properties -Wno-objc-interface-ivars -Wno-arc-repeated-use-of-weak -Wno-missing-braces -Wparentheses -Wswitch -Wno-unused-function -Wno-unused-label -Wno-unused-parameter -Wno-unused-variable -Wunused-value -Wno-empty-body -Wno-uninitialized -Wno-unknown-pragmas -w -Wno-shadow -Wno-four-char-constants -Wno-conversion -Wno-constant-conversion -Wno-int-conversion -Wno-bool-conversion -Wno-enum-conversion -Wno-float-conversion -Wno-non-literal-null-conversion -Wno-objc-literal-conversion -Wshorten-64-to-32 -Wpointer-sign -Wno-newline-eof -Wno-selector -Wno-strict-selector-match -Wno-undeclared-selector -Wno-deprecated-implementations -Wno-implicit-fallthrough -fstrict-aliasing -Wprotocol -Wdeprecated-declarations -Wno-sign-conversion -Wno-infinite-recursion -Wno-comma -Wno-block-capture-autoreleasing -Wno-strict-prototypes -Wno-semicolon-before-method-body -index-store-path /Users/khanghnguyen/Library/Developer/Xcode/DerivedData/Wishie-gavmeupfwiyxzhaiqkwzocyeeixy/Index.noindex/DataStore @/Users/khanghnguyen/Library/Developer/Xcode/DerivedData/Wishie-gavmeupfwiyxzhaiqkwzocyeeixy/Build/Intermediates.noindex/SDWebImage.build/Debug-iphoneos/SDWebImage.build/Objects-normal/arm64/e6072d4f65d7061329687fe24e3d63a7-common-args.resp -include /Users/khanghnguyen/Library/Developer/Xcode/DerivedData/Wishie-gavmeupfwiyxzhaiqkwzocyeeixy/Build/Intermediates.noindex/SDWebImage.build/Debug-iphoneos/SDWebImage.build/DerivedSources/resource_bundle_accessor.h -MMD -MT dependencies -MF /Users/khanghnguyen/Library/Developer/Xcode/DerivedData/Wishie-gavmeupfwiyxzhaiqkwzocyeeixy/Build/Intermediates.noindex/SDWebImage.build/Debug-iphoneos/SDWebImage.build/Objects-normal/arm64/SDWebImageCacheSerializer.d --serialize-diagnostics /Users/khanghnguyen/Library/Developer/Xcode/DerivedData/Wishie-gavmeupfwiyxzhaiqkwzocyeeixy/Build/Intermediates.noindex/SDWebImage.build/Debug-iphoneos/SDWebImage.build/Objects-normal/arm64/SDWebImageCacheSerializer.dia -c /Users/khanghnguyen/Library/Developer/Xcode/DerivedData/Wishie-gavmeupfwiyxzhaiqkwzocyeeixy/SourcePackages/checkouts/SDWebImage/SDWebImage/Core/SDWebImageCacheSerializer.m -o /Users/khanghnguyen/Library/Developer/Xcode/DerivedData/Wishie-gavmeupfwiyxzhaiqkwzocyeeixy/Build/Intermediates.noindex/SDWebImage.build/Debug-iphoneos/SDWebImage.build/Objects-normal/arm64/SDWebImageCacheSerializer.o -index-unit-output-path /SDWebImage.build/Debug-iphoneos/SDWebImage.build/Objects-normal/arm64/SDWebImageCacheSerializer.o

CompileC /Users/khanghnguyen/Library/Developer/Xcode/DerivedData/Wishie-gavmeupfwiyxzhaiqkwzocyeeixy/Build/Intermediates.noindex/SDWebImage.build/Debug-iphoneos/SDWebImage.build/Objects-normal/arm64/SDWebImageCacheKeyFilter.o /Users/khanghnguyen/Library/Developer/Xcode/DerivedData/Wishie-gavmeupfwiyxzhaiqkwzocyeeixy/SourcePackages/checkouts/SDWebImage/SDWebImage/Core/SDWebImageCacheKeyFilter.m normal arm64 objective-c com.apple.compilers.llvm.clang.1_0.compiler (in target 'SDWebImage' from project 'SDWebImage')
    cd /Users/khanghnguyen/Downloads/Wishie/Wishie.xcodeproj
    
    Using response file: /Users/khanghnguyen/Library/Developer/Xcode/DerivedData/Wishie-gavmeupfwiyxzhaiqkwzocyeeixy/Build/Intermediates.noindex/SDWebImage.build/Debug-iphoneos/SDWebImage.build/Objects-normal/arm64/e6072d4f65d7061329687fe24e3d63a7-common-args.resp
    
    /Applications/Xcode.app/Contents/Developer/Toolchains/XcodeDefault.xctoolchain/usr/bin/clang -x objective-c -ivfsstatcache /Users/khanghnguyen/Library/Developer/Xcode/DerivedData/SDKStatCaches.noindex/iphoneos26.2-23C57-3794476bd08197c3e2abd9bb477ef7f7.sdkstatcache -fmessage-length\=0 -fdiagnostics-show-note-include-stack -fmacro-backtrace-limit\=0 -fno-color-diagnostics -fmodules-prune-interval\=86400 -fmodules-prune-after\=345600 -fbuild-session-file\=/Users/khanghnguyen/Library/Developer/Xcode/DerivedData/ModuleCache.noindex/Session.modulevalidation -fmodules-validate-once-per-build-session -Wnon-modular-include-in-framework-module -Werror\=non-modular-include-in-framework-module -Wno-trigraphs -Wno-missing-field-initializers -Wno-missing-prototypes -Wno-return-type -Wno-implicit-atomic-properties -Wno-objc-interface-ivars -Wno-arc-repeated-use-of-weak -Wno-missing-braces -Wparentheses -Wswitch -Wno-unused-function -Wno-unused-label -Wno-unused-parameter -Wno-unused-variable -Wunused-value -Wno-empty-body -Wno-uninitialized -Wno-unknown-pragmas -w -Wno-shadow -Wno-four-char-constants -Wno-conversion -Wno-constant-conversion -Wno-int-conversion -Wno-bool-conversion -Wno-enum-conversion -Wno-float-conversion -Wno-non-literal-null-conversion -Wno-objc-literal-conversion -Wshorten-64-to-32 -Wpointer-sign -Wno-newline-eof -Wno-selector -Wno-strict-selector-match -Wno-undeclared-selector -Wno-deprecated-implementations -Wno-implicit-fallthrough -fstrict-aliasing -Wprotocol -Wdeprecated-declarations -Wno-sign-conversion -Wno-infinite-recursion -Wno-comma -Wno-block-capture-autoreleasing -Wno-strict-prototypes -Wno-semicolon-before-method-body -index-store-path /Users/khanghnguyen/Library/Developer/Xcode/DerivedData/Wishie-gavmeupfwiyxzhaiqkwzocyeeixy/Index.noindex/DataStore @/Users/khanghnguyen/Library/Developer/Xcode/DerivedData/Wishie-gavmeupfwiyxzhaiqkwzocyeeixy/Build/Intermediates.noindex/SDWebImage.build/Debug-iphoneos/SDWebImage.build/Objects-normal/arm64/e6072d4f65d7061329687fe24e3d63a7-common-args.resp -include /Users/khanghnguyen/Library/Developer/Xcode/DerivedData/Wishie-gavmeupfwiyxzhaiqkwzocyeeixy/Build/Intermediates.noindex/SDWebImage.build/Debug-iphoneos/SDWebImage.build/DerivedSources/resource_bundle_accessor.h -MMD -MT dependencies -MF /Users/khanghnguyen/Library/Developer/Xcode/DerivedData/Wishie-gavmeupfwiyxzhaiqkwzocyeeixy/Build/Intermediates.noindex/SDWebImage.build/Debug-iphoneos/SDWebImage.build/Objects-normal/arm64/SDWebImageCacheKeyFilter.d --serialize-diagnostics /Users/khanghnguyen/Library/Developer/Xcode/DerivedData/Wishie-gavmeupfwiyxzhaiqkwzocyeeixy/Build/Intermediates.noindex/SDWebImage.build/Debug-iphoneos/SDWebImage.build/Objects-normal/arm64/SDWebImageCacheKeyFilter.dia -c /Users/khanghnguyen/Library/Developer/Xcode/DerivedData/Wishie-gavmeupfwiyxzhaiqkwzocyeeixy/SourcePackages/checkouts/SDWebImage/SDWebImage/Core/SDWebImageCacheKeyFilter.m -o /Users/khanghnguyen/Library/Developer/Xcode/DerivedData/Wishie-gavmeupfwiyxzhaiqkwzocyeeixy/Build/Intermediates.noindex/SDWebImage.build/Debug-iphoneos/SDWebImage.build/Objects-normal/arm64/SDWebImageCacheKeyFilter.o -index-unit-output-path /SDWebImage.build/Debug-iphoneos/SDWebImage.build/Objects-normal/arm64/SDWebImageCacheKeyFilter.o

CompileC /Users/khanghnguyen/Library/Developer/Xcode/DerivedData/Wishie-gavmeupfwiyxzhaiqkwzocyeeixy/Build/Intermediates.noindex/SDWebImage.build/Debug-iphoneos/SDWebImage.build/Objects-normal/arm64/SDWeakProxy.o /Users/khanghnguyen/Library/Developer/Xcode/DerivedData/Wishie-gavmeupfwiyxzhaiqkwzocyeeixy/SourcePackages/checkouts/SDWebImage/SDWebImage/Private/SDWeakProxy.m normal arm64 objective-c com.apple.compilers.llvm.clang.1_0.compiler (in target 'SDWebImage' from project 'SDWebImage')
    cd /Users/khanghnguyen/Downloads/Wishie/Wishie.xcodeproj
    
    Using response file: /Users/khanghnguyen/Library/Developer/Xcode/DerivedData/Wishie-gavmeupfwiyxzhaiqkwzocyeeixy/Build/Intermediates.noindex/SDWebImage.build/Debug-iphoneos/SDWebImage.build/Objects-normal/arm64/e6072d4f65d7061329687fe24e3d63a7-common-args.resp
    
    /Applications/Xcode.app/Contents/Developer/Toolchains/XcodeDefault.xctoolchain/usr/bin/clang -x objective-c -ivfsstatcache /Users/khanghnguyen/Library/Developer/Xcode/DerivedData/SDKStatCaches.noindex/iphoneos26.2-23C57-3794476bd08197c3e2abd9bb477ef7f7.sdkstatcache -fmessage-length\=0 -fdiagnostics-show-note-include-stack -fmacro-backtrace-limit\=0 -fno-color-diagnostics -fmodules-prune-interval\=86400 -fmodules-prune-after\=345600 -fbuild-session-file\=/Users/khanghnguyen/Library/Developer/Xcode/DerivedData/ModuleCache.noindex/Session.modulevalidation -fmodules-validate-once-per-build-session -Wnon-modular-include-in-framework-module -Werror\=non-modular-include-in-framework-module -Wno-trigraphs -Wno-missing-field-initializers -Wno-missing-prototypes -Wno-return-type -Wno-implicit-atomic-properties -Wno-objc-interface-ivars -Wno-arc-repeated-use-of-weak -Wno-missing-braces -Wparentheses -Wswitch -Wno-unused-function -Wno-unused-label -Wno-unused-parameter -Wno-unused-variable -Wunused-value -Wno-empty-body -Wno-uninitialized -Wno-unknown-pragmas -w -Wno-shadow -Wno-four-char-constants -Wno-conversion -Wno-constant-conversion -Wno-int-conversion -Wno-bool-conversion -Wno-enum-conversion -Wno-float-conversion -Wno-non-literal-null-conversion -Wno-objc-literal-conversion -Wshorten-64-to-32 -Wpointer-sign -Wno-newline-eof -Wno-selector -Wno-strict-selector-match -Wno-undeclared-selector -Wno-deprecated-implementations -Wno-implicit-fallthrough -fstrict-aliasing -Wprotocol -Wdeprecated-declarations -Wno-sign-conversion -Wno-infinite-recursion -Wno-comma -Wno-block-capture-autoreleasing -Wno-strict-prototypes -Wno-semicolon-before-method-body -index-store-path /Users/khanghnguyen/Library/Developer/Xcode/DerivedData/Wishie-gavmeupfwiyxzhaiqkwzocyeeixy/Index.noindex/DataStore @/Users/khanghnguyen/Library/Developer/Xcode/DerivedData/Wishie-gavmeupfwiyxzhaiqkwzocyeeixy/Build/Intermediates.noindex/SDWebImage.build/Debug-iphoneos/SDWebImage.build/Objects-normal/arm64/e6072d4f65d7061329687fe24e3d63a7-common-args.resp -include /Users/khanghnguyen/Library/Developer/Xcode/DerivedData/Wishie-gavmeupfwiyxzhaiqkwzocyeeixy/Build/Intermediates.noindex/SDWebImage.build/Debug-iphoneos/SDWebImage.build/DerivedSources/resource_bundle_accessor.h -MMD -MT dependencies -MF /Users/khanghnguyen/Library/Developer/Xcode/DerivedData/Wishie-gavmeupfwiyxzhaiqkwzocyeeixy/Build/Intermediates.noindex/SDWebImage.build/Debug-iphoneos/SDWebImage.build/Objects-normal/arm64/SDWeakProxy.d --serialize-diagnostics /Users/khanghnguyen/Library/Developer/Xcode/DerivedData/Wishie-gavmeupfwiyxzhaiqkwzocyeeixy/Build/Intermediates.noindex/SDWebImage.build/Debug-iphoneos/SDWebImage.build/Objects-normal/arm64/SDWeakProxy.dia -c /Users/khanghnguyen/Library/Developer/Xcode/DerivedData/Wishie-gavmeupfwiyxzhaiqkwzocyeeixy/SourcePackages/checkouts/SDWebImage/SDWebImage/Private/SDWeakProxy.m -o /Users/khanghnguyen/Library/Developer/Xcode/DerivedData/Wishie-gavmeupfwiyxzhaiqkwzocyeeixy/Build/Intermediates.noindex/SDWebImage.build/Debug-iphoneos/SDWebImage.build/Objects-normal/arm64/SDWeakProxy.o -index-unit-output-path /SDWebImage.build/Debug-iphoneos/SDWebImage.build/Objects-normal/arm64/SDWeakProxy.o

CompileC /Users/khanghnguyen/Library/Developer/Xcode/DerivedData/Wishie-gavmeupfwiyxzhaiqkwzocyeeixy/Build/Intermediates.noindex/SDWebImage.build/Debug-iphoneos/SDWebImage.build/Objects-normal/arm64/SDMemoryCache.o /Users/khanghnguyen/Library/Developer/Xcode/DerivedData/Wishie-gavmeupfwiyxzhaiqkwzocyeeixy/SourcePackages/checkouts/SDWebImage/SDWebImage/Core/SDMemoryCache.m normal arm64 objective-c com.apple.compilers.llvm.clang.1_0.compiler (in target 'SDWebImage' from project 'SDWebImage')
    cd /Users/khanghnguyen/Downloads/Wishie/Wishie.xcodeproj
    
    Using response file: /Users/khanghnguyen/Library/Developer/Xcode/DerivedData/Wishie-gavmeupfwiyxzhaiqkwzocyeeixy/Build/Intermediates.noindex/SDWebImage.build/Debug-iphoneos/SDWebImage.build/Objects-normal/arm64/e6072d4f65d7061329687fe24e3d63a7-common-args.resp
    
    /Applications/Xcode.app/Contents/Developer/Toolchains/XcodeDefault.xctoolchain/usr/bin/clang -x objective-c -ivfsstatcache /Users/khanghnguyen/Library/Developer/Xcode/DerivedData/SDKStatCaches.noindex/iphoneos26.2-23C57-3794476bd08197c3e2abd9bb477ef7f7.sdkstatcache -fmessage-length\=0 -fdiagnostics-show-note-include-stack -fmacro-backtrace-limit\=0 -fno-color-diagnostics -fmodules-prune-interval\=86400 -fmodules-prune-after\=345600 -fbuild-session-file\=/Users/khanghnguyen/Library/Developer/Xcode/DerivedData/ModuleCache.noindex/Session.modulevalidation -fmodules-validate-once-per-build-session -Wnon-modular-include-in-framework-module -Werror\=non-modular-include-in-framework-module -Wno-trigraphs -Wno-missing-field-initializers -Wno-missing-prototypes -Wno-return-type -Wno-implicit-atomic-properties -Wno-objc-interface-ivars -Wno-arc-repeated-use-of-weak -Wno-missing-braces -Wparentheses -Wswitch -Wno-unused-function -Wno-unused-label -Wno-unused-parameter -Wno-unused-variable -Wunused-value -Wno-empty-body -Wno-uninitialized -Wno-unknown-pragmas -w -Wno-shadow -Wno-four-char-constants -Wno-conversion -Wno-constant-conversion -Wno-int-conversion -Wno-bool-conversion -Wno-enum-conversion -Wno-float-conversion -Wno-non-literal-null-conversion -Wno-objc-literal-conversion -Wshorten-64-to-32 -Wpointer-sign -Wno-newline-eof -Wno-selector -Wno-strict-selector-match -Wno-undeclared-selector -Wno-deprecated-implementations -Wno-implicit-fallthrough -fstrict-aliasing -Wprotocol -Wdeprecated-declarations -Wno-sign-conversion -Wno-infinite-recursion -Wno-comma -Wno-block-capture-autoreleasing -Wno-strict-prototypes -Wno-semicolon-before-method-body -index-store-path /Users/khanghnguyen/Library/Developer/Xcode/DerivedData/Wishie-gavmeupfwiyxzhaiqkwzocyeeixy/Index.noindex/DataStore @/Users/khanghnguyen/Library/Developer/Xcode/DerivedData/Wishie-gavmeupfwiyxzhaiqkwzocyeeixy/Build/Intermediates.noindex/SDWebImage.build/Debug-iphoneos/SDWebImage.build/Objects-normal/arm64/e6072d4f65d7061329687fe24e3d63a7-common-args.resp -include /Users/khanghnguyen/Library/Developer/Xcode/DerivedData/Wishie-gavmeupfwiyxzhaiqkwzocyeeixy/Build/Intermediates.noindex/SDWebImage.build/Debug-iphoneos/SDWebImage.build/DerivedSources/resource_bundle_accessor.h -MMD -MT dependencies -MF /Users/khanghnguyen/Library/Developer/Xcode/DerivedData/Wishie-gavmeupfwiyxzhaiqkwzocyeeixy/Build/Intermediates.noindex/SDWebImage.build/Debug-iphoneos/SDWebImage.build/Objects-normal/arm64/SDMemoryCache.d --serialize-diagnostics /Users/khanghnguyen/Library/Developer/Xcode/DerivedData/Wishie-gavmeupfwiyxzhaiqkwzocyeeixy/Build/Intermediates.noindex/SDWebImage.build/Debug-iphoneos/SDWebImage.build/Objects-normal/arm64/SDMemoryCache.dia -c /Users/khanghnguyen/Library/Developer/Xcode/DerivedData/Wishie-gavmeupfwiyxzhaiqkwzocyeeixy/SourcePackages/checkouts/SDWebImage/SDWebImage/Core/SDMemoryCache.m -o /Users/khanghnguyen/Library/Developer/Xcode/DerivedData/Wishie-gavmeupfwiyxzhaiqkwzocyeeixy/Build/Intermediates.noindex/SDWebImage.build/Debug-iphoneos/SDWebImage.build/Objects-normal/arm64/SDMemoryCache.o -index-unit-output-path /SDWebImage.build/Debug-iphoneos/SDWebImage.build/Objects-normal/arm64/SDMemoryCache.o

CompileC /Users/khanghnguyen/Library/Developer/Xcode/DerivedData/Wishie-gavmeupfwiyxzhaiqkwzocyeeixy/Build/Intermediates.noindex/SDWebImage.build/Debug-iphoneos/SDWebImage.build/Objects-normal/arm64/SDImageTransformer.o /Users/khanghnguyen/Library/Developer/Xcode/DerivedData/Wishie-gavmeupfwiyxzhaiqkwzocyeeixy/SourcePackages/checkouts/SDWebImage/SDWebImage/Core/SDImageTransformer.m normal arm64 objective-c com.apple.compilers.llvm.clang.1_0.compiler (in target 'SDWebImage' from project 'SDWebImage')
    cd /Users/khanghnguyen/Downloads/Wishie/Wishie.xcodeproj
    
    Using response file: /Users/khanghnguyen/Library/Developer/Xcode/DerivedData/Wishie-gavmeupfwiyxzhaiqkwzocyeeixy/Build/Intermediates.noindex/SDWebImage.build/Debug-iphoneos/SDWebImage.build/Objects-normal/arm64/e6072d4f65d7061329687fe24e3d63a7-common-args.resp
    
    /Applications/Xcode.app/Contents/Developer/Toolchains/XcodeDefault.xctoolchain/usr/bin/clang -x objective-c -ivfsstatcache /Users/khanghnguyen/Library/Developer/Xcode/DerivedData/SDKStatCaches.noindex/iphoneos26.2-23C57-3794476bd08197c3e2abd9bb477ef7f7.sdkstatcache -fmessage-length\=0 -fdiagnostics-show-note-include-stack -fmacro-backtrace-limit\=0 -fno-color-diagnostics -fmodules-prune-interval\=86400 -fmodules-prune-after\=345600 -fbuild-session-file\=/Users/khanghnguyen/Library/Developer/Xcode/DerivedData/ModuleCache.noindex/Session.modulevalidation -fmodules-validate-once-per-build-session -Wnon-modular-include-in-framework-module -Werror\=non-modular-include-in-framework-module -Wno-trigraphs -Wno-missing-field-initializers -Wno-missing-prototypes -Wno-return-type -Wno-implicit-atomic-properties -Wno-objc-interface-ivars -Wno-arc-repeated-use-of-weak -Wno-missing-braces -Wparentheses -Wswitch -Wno-unused-function -Wno-unused-label -Wno-unused-parameter -Wno-unused-variable -Wunused-value -Wno-empty-body -Wno-uninitialized -Wno-unknown-pragmas -w -Wno-shadow -Wno-four-char-constants -Wno-conversion -Wno-constant-conversion -Wno-int-conversion -Wno-bool-conversion -Wno-enum-conversion -Wno-float-conversion -Wno-non-literal-null-conversion -Wno-objc-literal-conversion -Wshorten-64-to-32 -Wpointer-sign -Wno-newline-eof -Wno-selector -Wno-strict-selector-match -Wno-undeclared-selector -Wno-deprecated-implementations -Wno-implicit-fallthrough -fstrict-aliasing -Wprotocol -Wdeprecated-declarations -Wno-sign-conversion -Wno-infinite-recursion -Wno-comma -Wno-block-capture-autoreleasing -Wno-strict-prototypes -Wno-semicolon-before-method-body -index-store-path /Users/khanghnguyen/Library/Developer/Xcode/DerivedData/Wishie-gavmeupfwiyxzhaiqkwzocyeeixy/Index.noindex/DataStore @/Users/khanghnguyen/Library/Developer/Xcode/DerivedData/Wishie-gavmeupfwiyxzhaiqkwzocyeeixy/Build/Intermediates.noindex/SDWebImage.build/Debug-iphoneos/SDWebImage.build/Objects-normal/arm64/e6072d4f65d7061329687fe24e3d63a7-common-args.resp -include /Users/khanghnguyen/Library/Developer/Xcode/DerivedData/Wishie-gavmeupfwiyxzhaiqkwzocyeeixy/Build/Intermediates.noindex/SDWebImage.build/Debug-iphoneos/SDWebImage.build/DerivedSources/resource_bundle_accessor.h -MMD -MT dependencies -MF /Users/khanghnguyen/Library/Developer/Xcode/DerivedData/Wishie-gavmeupfwiyxzhaiqkwzocyeeixy/Build/Intermediates.noindex/SDWebImage.build/Debug-iphoneos/SDWebImage.build/Objects-normal/arm64/SDImageTransformer.d --serialize-diagnostics /Users/khanghnguyen/Library/Developer/Xcode/DerivedData/Wishie-gavmeupfwiyxzhaiqkwzocyeeixy/Build/Intermediates.noindex/SDWebImage.build/Debug-iphoneos/SDWebImage.build/Objects-normal/arm64/SDImageTransformer.dia -c /Users/khanghnguyen/Library/Developer/Xcode/DerivedData/Wishie-gavmeupfwiyxzhaiqkwzocyeeixy/SourcePackages/checkouts/SDWebImage/SDWebImage/Core/SDImageTransformer.m -o /Users/khanghnguyen/Library/Developer/Xcode/DerivedData/Wishie-gavmeupfwiyxzhaiqkwzocyeeixy/Build/Intermediates.noindex/SDWebImage.build/Debug-iphoneos/SDWebImage.build/Objects-normal/arm64/SDImageTransformer.o -index-unit-output-path /SDWebImage.build/Debug-iphoneos/SDWebImage.build/Objects-normal/arm64/SDImageTransformer.o

CompileC /Users/khanghnguyen/Library/Developer/Xcode/DerivedData/Wishie-gavmeupfwiyxzhaiqkwzocyeeixy/Build/Intermediates.noindex/SDWebImage.build/Debug-iphoneos/SDWebImage.build/Objects-normal/arm64/SDImageLoadersManager.o /Users/khanghnguyen/Library/Developer/Xcode/DerivedData/Wishie-gavmeupfwiyxzhaiqkwzocyeeixy/SourcePackages/checkouts/SDWebImage/SDWebImage/Core/SDImageLoadersManager.m normal arm64 objective-c com.apple.compilers.llvm.clang.1_0.compiler (in target 'SDWebImage' from project 'SDWebImage')
    cd /Users/khanghnguyen/Downloads/Wishie/Wishie.xcodeproj
    
    Using response file: /Users/khanghnguyen/Library/Developer/Xcode/DerivedData/Wishie-gavmeupfwiyxzhaiqkwzocyeeixy/Build/Intermediates.noindex/SDWebImage.build/Debug-iphoneos/SDWebImage.build/Objects-normal/arm64/e6072d4f65d7061329687fe24e3d63a7-common-args.resp
    
    /Applications/Xcode.app/Contents/Developer/Toolchains/XcodeDefault.xctoolchain/usr/bin/clang -x objective-c -ivfsstatcache /Users/khanghnguyen/Library/Developer/Xcode/DerivedData/SDKStatCaches.noindex/iphoneos26.2-23C57-3794476bd08197c3e2abd9bb477ef7f7.sdkstatcache -fmessage-length\=0 -fdiagnostics-show-note-include-stack -fmacro-backtrace-limit\=0 -fno-color-diagnostics -fmodules-prune-interval\=86400 -fmodules-prune-after\=345600 -fbuild-session-file\=/Users/khanghnguyen/Library/Developer/Xcode/DerivedData/ModuleCache.noindex/Session.modulevalidation -fmodules-validate-once-per-build-session -Wnon-modular-include-in-framework-module -Werror\=non-modular-include-in-framework-module -Wno-trigraphs -Wno-missing-field-initializers -Wno-missing-prototypes -Wno-return-type -Wno-implicit-atomic-properties -Wno-objc-interface-ivars -Wno-arc-repeated-use-of-weak -Wno-missing-braces -Wparentheses -Wswitch -Wno-unused-function -Wno-unused-label -Wno-unused-parameter -Wno-unused-variable -Wunused-value -Wno-empty-body -Wno-uninitialized -Wno-unknown-pragmas -w -Wno-shadow -Wno-four-char-constants -Wno-conversion -Wno-constant-conversion -Wno-int-conversion -Wno-bool-conversion -Wno-enum-conversion -Wno-float-conversion -Wno-non-literal-null-conversion -Wno-objc-literal-conversion -Wshorten-64-to-32 -Wpointer-sign -Wno-newline-eof -Wno-selector -Wno-strict-selector-match -Wno-undeclared-selector -Wno-deprecated-implementations -Wno-implicit-fallthrough -fstrict-aliasing -Wprotocol -Wdeprecated-declarations -Wno-sign-conversion -Wno-infinite-recursion -Wno-comma -Wno-block-capture-autoreleasing -Wno-strict-prototypes -Wno-semicolon-before-method-body -index-store-path /Users/khanghnguyen/Library/Developer/Xcode/DerivedData/Wishie-gavmeupfwiyxzhaiqkwzocyeeixy/Index.noindex/DataStore @/Users/khanghnguyen/Library/Developer/Xcode/DerivedData/Wishie-gavmeupfwiyxzhaiqkwzocyeeixy/Build/Intermediates.noindex/SDWebImage.build/Debug-iphoneos/SDWebImage.build/Objects-normal/arm64/e6072d4f65d7061329687fe24e3d63a7-common-args.resp -include /Users/khanghnguyen/Library/Developer/Xcode/DerivedData/Wishie-gavmeupfwiyxzhaiqkwzocyeeixy/Build/Intermediates.noindex/SDWebImage.build/Debug-iphoneos/SDWebImage.build/DerivedSources/resource_bundle_accessor.h -MMD -MT dependencies -MF /Users/khanghnguyen/Library/Developer/Xcode/DerivedData/Wishie-gavmeupfwiyxzhaiqkwzocyeeixy/Build/Intermediates.noindex/SDWebImage.build/Debug-iphoneos/SDWebImage.build/Objects-normal/arm64/SDImageLoadersManager.d --serialize-diagnostics /Users/khanghnguyen/Library/Developer/Xcode/DerivedData/Wishie-gavmeupfwiyxzhaiqkwzocyeeixy/Build/Intermediates.noindex/SDWebImage.build/Debug-iphoneos/SDWebImage.build/Objects-normal/arm64/SDImageLoadersManager.dia -c /Users/khanghnguyen/Library/Developer/Xcode/DerivedData/Wishie-gavmeupfwiyxzhaiqkwzocyeeixy/SourcePackages/checkouts/SDWebImage/SDWebImage/Core/SDImageLoadersManager.m -o /Users/khanghnguyen/Library/Developer/Xcode/DerivedData/Wishie-gavmeupfwiyxzhaiqkwzocyeeixy/Build/Intermediates.noindex/SDWebImage.build/Debug-iphoneos/SDWebImage.build/Objects-normal/arm64/SDImageLoadersManager.o -index-unit-output-path /SDWebImage.build/Debug-iphoneos/SDWebImage.build/Objects-normal/arm64/SDImageLoadersManager.o

CompileC /Users/khanghnguyen/Library/Developer/Xcode/DerivedData/Wishie-gavmeupfwiyxzhaiqkwzocyeeixy/Build/Intermediates.noindex/SDWebImage.build/Debug-iphoneos/SDWebImage.build/Objects-normal/arm64/SDImageLoader.o /Users/khanghnguyen/Library/Developer/Xcode/DerivedData/Wishie-gavmeupfwiyxzhaiqkwzocyeeixy/SourcePackages/checkouts/SDWebImage/SDWebImage/Core/SDImageLoader.m normal arm64 objective-c com.apple.compilers.llvm.clang.1_0.compiler (in target 'SDWebImage' from project 'SDWebImage')
    cd /Users/khanghnguyen/Downloads/Wishie/Wishie.xcodeproj
    
    Using response file: /Users/khanghnguyen/Library/Developer/Xcode/DerivedData/Wishie-gavmeupfwiyxzhaiqkwzocyeeixy/Build/Intermediates.noindex/SDWebImage.build/Debug-iphoneos/SDWebImage.build/Objects-normal/arm64/e6072d4f65d7061329687fe24e3d63a7-common-args.resp
    
    /Applications/Xcode.app/Contents/Developer/Toolchains/XcodeDefault.xctoolchain/usr/bin/clang -x objective-c -ivfsstatcache /Users/khanghnguyen/Library/Developer/Xcode/DerivedData/SDKStatCaches.noindex/iphoneos26.2-23C57-3794476bd08197c3e2abd9bb477ef7f7.sdkstatcache -fmessage-length\=0 -fdiagnostics-show-note-include-stack -fmacro-backtrace-limit\=0 -fno-color-diagnostics -fmodules-prune-interval\=86400 -fmodules-prune-after\=345600 -fbuild-session-file\=/Users/khanghnguyen/Library/Developer/Xcode/DerivedData/ModuleCache.noindex/Session.modulevalidation -fmodules-validate-once-per-build-session -Wnon-modular-include-in-framework-module -Werror\=non-modular-include-in-framework-module -Wno-trigraphs -Wno-missing-field-initializers -Wno-missing-prototypes -Wno-return-type -Wno-implicit-atomic-properties -Wno-objc-interface-ivars -Wno-arc-repeated-use-of-weak -Wno-missing-braces -Wparentheses -Wswitch -Wno-unused-function -Wno-unused-label -Wno-unused-parameter -Wno-unused-variable -Wunused-value -Wno-empty-body -Wno-uninitialized -Wno-unknown-pragmas -w -Wno-shadow -Wno-four-char-constants -Wno-conversion -Wno-constant-conversion -Wno-int-conversion -Wno-bool-conversion -Wno-enum-conversion -Wno-float-conversion -Wno-non-literal-null-conversion -Wno-objc-literal-conversion -Wshorten-64-to-32 -Wpointer-sign -Wno-newline-eof -Wno-selector -Wno-strict-selector-match -Wno-undeclared-selector -Wno-deprecated-implementations -Wno-implicit-fallthrough -fstrict-aliasing -Wprotocol -Wdeprecated-declarations -Wno-sign-conversion -Wno-infinite-recursion -Wno-comma -Wno-block-capture-autoreleasing -Wno-strict-prototypes -Wno-semicolon-before-method-body -index-store-path /Users/khanghnguyen/Library/Developer/Xcode/DerivedData/Wishie-gavmeupfwiyxzhaiqkwzocyeeixy/Index.noindex/DataStore @/Users/khanghnguyen/Library/Developer/Xcode/DerivedData/Wishie-gavmeupfwiyxzhaiqkwzocyeeixy/Build/Intermediates.noindex/SDWebImage.build/Debug-iphoneos/SDWebImage.build/Objects-normal/arm64/e6072d4f65d7061329687fe24e3d63a7-common-args.resp -include /Users/khanghnguyen/Library/Developer/Xcode/DerivedData/Wishie-gavmeupfwiyxzhaiqkwzocyeeixy/Build/Intermediates.noindex/SDWebImage.build/Debug-iphoneos/SDWebImage.build/DerivedSources/resource_bundle_accessor.h -MMD -MT dependencies -MF /Users/khanghnguyen/Library/Developer/Xcode/DerivedData/Wishie-gavmeupfwiyxzhaiqkwzocyeeixy/Build/Intermediates.noindex/SDWebImage.build/Debug-iphoneos/SDWebImage.build/Objects-normal/arm64/SDImageLoader.d --serialize-diagnostics /Users/khanghnguyen/Library/Developer/Xcode/DerivedData/Wishie-gavmeupfwiyxzhaiqkwzocyeeixy/Build/Intermediates.noindex/SDWebImage.build/Debug-iphoneos/SDWebImage.build/Objects-normal/arm64/SDImageLoader.dia -c /Users/khanghnguyen/Library/Developer/Xcode/DerivedData/Wishie-gavmeupfwiyxzhaiqkwzocyeeixy/SourcePackages/checkouts/SDWebImage/SDWebImage/Core/SDImageLoader.m -o /Users/khanghnguyen/Library/Developer/Xcode/DerivedData/Wishie-gavmeupfwiyxzhaiqkwzocyeeixy/Build/Intermediates.noindex/SDWebImage.build/Debug-iphoneos/SDWebImage.build/Objects-normal/arm64/SDImageLoader.o -index-unit-output-path /SDWebImage.build/Debug-iphoneos/SDWebImage.build/Objects-normal/arm64/SDImageLoader.o

CompileC /Users/khanghnguyen/Library/Developer/Xcode/DerivedData/Wishie-gavmeupfwiyxzhaiqkwzocyeeixy/Build/Intermediates.noindex/SDWebImage.build/Debug-iphoneos/SDWebImage.build/Objects-normal/arm64/SDImageIOCoder.o /Users/khanghnguyen/Library/Developer/Xcode/DerivedData/Wishie-gavmeupfwiyxzhaiqkwzocyeeixy/SourcePackages/checkouts/SDWebImage/SDWebImage/Core/SDImageIOCoder.m normal arm64 objective-c com.apple.compilers.llvm.clang.1_0.compiler (in target 'SDWebImage' from project 'SDWebImage')
    cd /Users/khanghnguyen/Downloads/Wishie/Wishie.xcodeproj
    
    Using response file: /Users/khanghnguyen/Library/Developer/Xcode/DerivedData/Wishie-gavmeupfwiyxzhaiqkwzocyeeixy/Build/Intermediates.noindex/SDWebImage.build/Debug-iphoneos/SDWebImage.build/Objects-normal/arm64/e6072d4f65d7061329687fe24e3d63a7-common-args.resp
    
    /Applications/Xcode.app/Contents/Developer/Toolchains/XcodeDefault.xctoolchain/usr/bin/clang -x objective-c -ivfsstatcache /Users/khanghnguyen/Library/Developer/Xcode/DerivedData/SDKStatCaches.noindex/iphoneos26.2-23C57-3794476bd08197c3e2abd9bb477ef7f7.sdkstatcache -fmessage-length\=0 -fdiagnostics-show-note-include-stack -fmacro-backtrace-limit\=0 -fno-color-diagnostics -fmodules-prune-interval\=86400 -fmodules-prune-after\=345600 -fbuild-session-file\=/Users/khanghnguyen/Library/Developer/Xcode/DerivedData/ModuleCache.noindex/Session.modulevalidation -fmodules-validate-once-per-build-session -Wnon-modular-include-in-framework-module -Werror\=non-modular-include-in-framework-module -Wno-trigraphs -Wno-missing-field-initializers -Wno-missing-prototypes -Wno-return-type -Wno-implicit-atomic-properties -Wno-objc-interface-ivars -Wno-arc-repeated-use-of-weak -Wno-missing-braces -Wparentheses -Wswitch -Wno-unused-function -Wno-unused-label -Wno-unused-parameter -Wno-unused-variable -Wunused-value -Wno-empty-body -Wno-uninitialized -Wno-unknown-pragmas -w -Wno-shadow -Wno-four-char-constants -Wno-conversion -Wno-constant-conversion -Wno-int-conversion -Wno-bool-conversion -Wno-enum-conversion -Wno-float-conversion -Wno-non-literal-null-conversion -Wno-objc-literal-conversion -Wshorten-64-to-32 -Wpointer-sign -Wno-newline-eof -Wno-selector -Wno-strict-selector-match -Wno-undeclared-selector -Wno-deprecated-implementations -Wno-implicit-fallthrough -fstrict-aliasing -Wprotocol -Wdeprecated-declarations -Wno-sign-conversion -Wno-infinite-recursion -Wno-comma -Wno-block-capture-autoreleasing -Wno-strict-prototypes -Wno-semicolon-before-method-body -index-store-path /Users/khanghnguyen/Library/Developer/Xcode/DerivedData/Wishie-gavmeupfwiyxzhaiqkwzocyeeixy/Index.noindex/DataStore @/Users/khanghnguyen/Library/Developer/Xcode/DerivedData/Wishie-gavmeupfwiyxzhaiqkwzocyeeixy/Build/Intermediates.noindex/SDWebImage.build/Debug-iphoneos/SDWebImage.build/Objects-normal/arm64/e6072d4f65d7061329687fe24e3d63a7-common-args.resp -include /Users/khanghnguyen/Library/Developer/Xcode/DerivedData/Wishie-gavmeupfwiyxzhaiqkwzocyeeixy/Build/Intermediates.noindex/SDWebImage.build/Debug-iphoneos/SDWebImage.build/DerivedSources/resource_bundle_accessor.h -MMD -MT dependencies -MF /Users/khanghnguyen/Library/Developer/Xcode/DerivedData/Wishie-gavmeupfwiyxzhaiqkwzocyeeixy/Build/Intermediates.noindex/SDWebImage.build/Debug-iphoneos/SDWebImage.build/Objects-normal/arm64/SDImageIOCoder.d --serialize-diagnostics /Users/khanghnguyen/Library/Developer/Xcode/DerivedData/Wishie-gavmeupfwiyxzhaiqkwzocyeeixy/Build/Intermediates.noindex/SDWebImage.build/Debug-iphoneos/SDWebImage.build/Objects-normal/arm64/SDImageIOCoder.dia -c /Users/khanghnguyen/Library/Developer/Xcode/DerivedData/Wishie-gavmeupfwiyxzhaiqkwzocyeeixy/SourcePackages/checkouts/SDWebImage/SDWebImage/Core/SDImageIOCoder.m -o /Users/khanghnguyen/Library/Developer/Xcode/DerivedData/Wishie-gavmeupfwiyxzhaiqkwzocyeeixy/Build/Intermediates.noindex/SDWebImage.build/Debug-iphoneos/SDWebImage.build/Objects-normal/arm64/SDImageIOCoder.o -index-unit-output-path /SDWebImage.build/Debug-iphoneos/SDWebImage.build/Objects-normal/arm64/SDImageIOCoder.o

CompileC /Users/khanghnguyen/Library/Developer/Xcode/DerivedData/Wishie-gavmeupfwiyxzhaiqkwzocyeeixy/Build/Intermediates.noindex/SDWebImage.build/Debug-iphoneos/SDWebImage.build/Objects-normal/arm64/SDImageIOAnimatedCoder.o /Users/khanghnguyen/Library/Developer/Xcode/DerivedData/Wishie-gavmeupfwiyxzhaiqkwzocyeeixy/SourcePackages/checkouts/SDWebImage/SDWebImage/Core/SDImageIOAnimatedCoder.m normal arm64 objective-c com.apple.compilers.llvm.clang.1_0.compiler (in target 'SDWebImage' from project 'SDWebImage')
    cd /Users/khanghnguyen/Downloads/Wishie/Wishie.xcodeproj
    
    Using response file: /Users/khanghnguyen/Library/Developer/Xcode/DerivedData/Wishie-gavmeupfwiyxzhaiqkwzocyeeixy/Build/Intermediates.noindex/SDWebImage.build/Debug-iphoneos/SDWebImage.build/Objects-normal/arm64/e6072d4f65d7061329687fe24e3d63a7-common-args.resp
    
    /Applications/Xcode.app/Contents/Developer/Toolchains/XcodeDefault.xctoolchain/usr/bin/clang -x objective-c -ivfsstatcache /Users/khanghnguyen/Library/Developer/Xcode/DerivedData/SDKStatCaches.noindex/iphoneos26.2-23C57-3794476bd08197c3e2abd9bb477ef7f7.sdkstatcache -fmessage-length\=0 -fdiagnostics-show-note-include-stack -fmacro-backtrace-limit\=0 -fno-color-diagnostics -fmodules-prune-interval\=86400 -fmodules-prune-after\=345600 -fbuild-session-file\=/Users/khanghnguyen/Library/Developer/Xcode/DerivedData/ModuleCache.noindex/Session.modulevalidation -fmodules-validate-once-per-build-session -Wnon-modular-include-in-framework-module -Werror\=non-modular-include-in-framework-module -Wno-trigraphs -Wno-missing-field-initializers -Wno-missing-prototypes -Wno-return-type -Wno-implicit-atomic-properties -Wno-objc-interface-ivars -Wno-arc-repeated-use-of-weak -Wno-missing-braces -Wparentheses -Wswitch -Wno-unused-function -Wno-unused-label -Wno-unused-parameter -Wno-unused-variable -Wunused-value -Wno-empty-body -Wno-uninitialized -Wno-unknown-pragmas -w -Wno-shadow -Wno-four-char-constants -Wno-conversion -Wno-constant-conversion -Wno-int-conversion -Wno-bool-conversion -Wno-enum-conversion -Wno-float-conversion -Wno-non-literal-null-conversion -Wno-objc-literal-conversion -Wshorten-64-to-32 -Wpointer-sign -Wno-newline-eof -Wno-selector -Wno-strict-selector-match -Wno-undeclared-selector -Wno-deprecated-implementations -Wno-implicit-fallthrough -fstrict-aliasing -Wprotocol -Wdeprecated-declarations -Wno-sign-conversion -Wno-infinite-recursion -Wno-comma -Wno-block-capture-autoreleasing -Wno-strict-prototypes -Wno-semicolon-before-method-body -index-store-path /Users/khanghnguyen/Library/Developer/Xcode/DerivedData/Wishie-gavmeupfwiyxzhaiqkwzocyeeixy/Index.noindex/DataStore @/Users/khanghnguyen/Library/Developer/Xcode/DerivedData/Wishie-gavmeupfwiyxzhaiqkwzocyeeixy/Build/Intermediates.noindex/SDWebImage.build/Debug-iphoneos/SDWebImage.build/Objects-normal/arm64/e6072d4f65d7061329687fe24e3d63a7-common-args.resp -include /Users/khanghnguyen/Library/Developer/Xcode/DerivedData/Wishie-gavmeupfwiyxzhaiqkwzocyeeixy/Build/Intermediates.noindex/SDWebImage.build/Debug-iphoneos/SDWebImage.build/DerivedSources/resource_bundle_accessor.h -MMD -MT dependencies -MF /Users/khanghnguyen/Library/Developer/Xcode/DerivedData/Wishie-gavmeupfwiyxzhaiqkwzocyeeixy/Build/Intermediates.noindex/SDWebImage.build/Debug-iphoneos/SDWebImage.build/Objects-normal/arm64/SDImageIOAnimatedCoder.d --serialize-diagnostics /Users/khanghnguyen/Library/Developer/Xcode/DerivedData/Wishie-gavmeupfwiyxzhaiqkwzocyeeixy/Build/Intermediates.noindex/SDWebImage.build/Debug-iphoneos/SDWebImage.build/Objects-normal/arm64/SDImageIOAnimatedCoder.dia -c /Users/khanghnguyen/Library/Developer/Xcode/DerivedData/Wishie-gavmeupfwiyxzhaiqkwzocyeeixy/SourcePackages/checkouts/SDWebImage/SDWebImage/Core/SDImageIOAnimatedCoder.m -o /Users/khanghnguyen/Library/Developer/Xcode/DerivedData/Wishie-gavmeupfwiyxzhaiqkwzocyeeixy/Build/Intermediates.noindex/SDWebImage.build/Debug-iphoneos/SDWebImage.build/Objects-normal/arm64/SDImageIOAnimatedCoder.o -index-unit-output-path /SDWebImage.build/Debug-iphoneos/SDWebImage.build/Objects-normal/arm64/SDImageIOAnimatedCoder.o

CompileC /Users/khanghnguyen/Library/Developer/Xcode/DerivedData/Wishie-gavmeupfwiyxzhaiqkwzocyeeixy/Build/Intermediates.noindex/SDWebImage.build/Debug-iphoneos/SDWebImage.build/Objects-normal/arm64/SDImageHEICCoder.o /Users/khanghnguyen/Library/Developer/Xcode/DerivedData/Wishie-gavmeupfwiyxzhaiqkwzocyeeixy/SourcePackages/checkouts/SDWebImage/SDWebImage/Core/SDImageHEICCoder.m normal arm64 objective-c com.apple.compilers.llvm.clang.1_0.compiler (in target 'SDWebImage' from project 'SDWebImage')
    cd /Users/khanghnguyen/Downloads/Wishie/Wishie.xcodeproj
    
    Using response file: /Users/khanghnguyen/Library/Developer/Xcode/DerivedData/Wishie-gavmeupfwiyxzhaiqkwzocyeeixy/Build/Intermediates.noindex/SDWebImage.build/Debug-iphoneos/SDWebImage.build/Objects-normal/arm64/e6072d4f65d7061329687fe24e3d63a7-common-args.resp
    
    /Applications/Xcode.app/Contents/Developer/Toolchains/XcodeDefault.xctoolchain/usr/bin/clang -x objective-c -ivfsstatcache /Users/khanghnguyen/Library/Developer/Xcode/DerivedData/SDKStatCaches.noindex/iphoneos26.2-23C57-3794476bd08197c3e2abd9bb477ef7f7.sdkstatcache -fmessage-length\=0 -fdiagnostics-show-note-include-stack -fmacro-backtrace-limit\=0 -fno-color-diagnostics -fmodules-prune-interval\=86400 -fmodules-prune-after\=345600 -fbuild-session-file\=/Users/khanghnguyen/Library/Developer/Xcode/DerivedData/ModuleCache.noindex/Session.modulevalidation -fmodules-validate-once-per-build-session -Wnon-modular-include-in-framework-module -Werror\=non-modular-include-in-framework-module -Wno-trigraphs -Wno-missing-field-initializers -Wno-missing-prototypes -Wno-return-type -Wno-implicit-atomic-properties -Wno-objc-interface-ivars -Wno-arc-repeated-use-of-weak -Wno-missing-braces -Wparentheses -Wswitch -Wno-unused-function -Wno-unused-label -Wno-unused-parameter -Wno-unused-variable -Wunused-value -Wno-empty-body -Wno-uninitialized -Wno-unknown-pragmas -w -Wno-shadow -Wno-four-char-constants -Wno-conversion -Wno-constant-conversion -Wno-int-conversion -Wno-bool-conversion -Wno-enum-conversion -Wno-float-conversion -Wno-non-literal-null-conversion -Wno-objc-literal-conversion -Wshorten-64-to-32 -Wpointer-sign -Wno-newline-eof -Wno-selector -Wno-strict-selector-match -Wno-undeclared-selector -Wno-deprecated-implementations -Wno-implicit-fallthrough -fstrict-aliasing -Wprotocol -Wdeprecated-declarations -Wno-sign-conversion -Wno-infinite-recursion -Wno-comma -Wno-block-capture-autoreleasing -Wno-strict-prototypes -Wno-semicolon-before-method-body -index-store-path /Users/khanghnguyen/Library/Developer/Xcode/DerivedData/Wishie-gavmeupfwiyxzhaiqkwzocyeeixy/Index.noindex/DataStore @/Users/khanghnguyen/Library/Developer/Xcode/DerivedData/Wishie-gavmeupfwiyxzhaiqkwzocyeeixy/Build/Intermediates.noindex/SDWebImage.build/Debug-iphoneos/SDWebImage.build/Objects-normal/arm64/e6072d4f65d7061329687fe24e3d63a7-common-args.resp -include /Users/khanghnguyen/Library/Developer/Xcode/DerivedData/Wishie-gavmeupfwiyxzhaiqkwzocyeeixy/Build/Intermediates.noindex/SDWebImage.build/Debug-iphoneos/SDWebImage.build/DerivedSources/resource_bundle_accessor.h -MMD -MT dependencies -MF /Users/khanghnguyen/Library/Developer/Xcode/DerivedData/Wishie-gavmeupfwiyxzhaiqkwzocyeeixy/Build/Intermediates.noindex/SDWebImage.build/Debug-iphoneos/SDWebImage.build/Objects-normal/arm64/SDImageHEICCoder.d --serialize-diagnostics /Users/khanghnguyen/Library/Developer/Xcode/DerivedData/Wishie-gavmeupfwiyxzhaiqkwzocyeeixy/Build/Intermediates.noindex/SDWebImage.build/Debug-iphoneos/SDWebImage.build/Objects-normal/arm64/SDImageHEICCoder.dia -c /Users/khanghnguyen/Library/Developer/Xcode/DerivedData/Wishie-gavmeupfwiyxzhaiqkwzocyeeixy/SourcePackages/checkouts/SDWebImage/SDWebImage/Core/SDImageHEICCoder.m -o /Users/khanghnguyen/Library/Developer/Xcode/DerivedData/Wishie-gavmeupfwiyxzhaiqkwzocyeeixy/Build/Intermediates.noindex/SDWebImage.build/Debug-iphoneos/SDWebImage.build/Objects-normal/arm64/SDImageHEICCoder.o -index-unit-output-path /SDWebImage.build/Debug-iphoneos/SDWebImage.build/Objects-normal/arm64/SDImageHEICCoder.o

CompileC /Users/khanghnguyen/Library/Developer/Xcode/DerivedData/Wishie-gavmeupfwiyxzhaiqkwzocyeeixy/Build/Intermediates.noindex/SDWebImage.build/Debug-iphoneos/SDWebImage.build/Objects-normal/arm64/SDImageGraphics.o /Users/khanghnguyen/Library/Developer/Xcode/DerivedData/Wishie-gavmeupfwiyxzhaiqkwzocyeeixy/SourcePackages/checkouts/SDWebImage/SDWebImage/Core/SDImageGraphics.m normal arm64 objective-c com.apple.compilers.llvm.clang.1_0.compiler (in target 'SDWebImage' from project 'SDWebImage')
    cd /Users/khanghnguyen/Downloads/Wishie/Wishie.xcodeproj
    
    Using response file: /Users/khanghnguyen/Library/Developer/Xcode/DerivedData/Wishie-gavmeupfwiyxzhaiqkwzocyeeixy/Build/Intermediates.noindex/SDWebImage.build/Debug-iphoneos/SDWebImage.build/Objects-normal/arm64/e6072d4f65d7061329687fe24e3d63a7-common-args.resp
    
    /Applications/Xcode.app/Contents/Developer/Toolchains/XcodeDefault.xctoolchain/usr/bin/clang -x objective-c -ivfsstatcache /Users/khanghnguyen/Library/Developer/Xcode/DerivedData/SDKStatCaches.noindex/iphoneos26.2-23C57-3794476bd08197c3e2abd9bb477ef7f7.sdkstatcache -fmessage-length\=0 -fdiagnostics-show-note-include-stack -fmacro-backtrace-limit\=0 -fno-color-diagnostics -fmodules-prune-interval\=86400 -fmodules-prune-after\=345600 -fbuild-session-file\=/Users/khanghnguyen/Library/Developer/Xcode/DerivedData/ModuleCache.noindex/Session.modulevalidation -fmodules-validate-once-per-build-session -Wnon-modular-include-in-framework-module -Werror\=non-modular-include-in-framework-module -Wno-trigraphs -Wno-missing-field-initializers -Wno-missing-prototypes -Wno-return-type -Wno-implicit-atomic-properties -Wno-objc-interface-ivars -Wno-arc-repeated-use-of-weak -Wno-missing-braces -Wparentheses -Wswitch -Wno-unused-function -Wno-unused-label -Wno-unused-parameter -Wno-unused-variable -Wunused-value -Wno-empty-body -Wno-uninitialized -Wno-unknown-pragmas -w -Wno-shadow -Wno-four-char-constants -Wno-conversion -Wno-constant-conversion -Wno-int-conversion -Wno-bool-conversion -Wno-enum-conversion -Wno-float-conversion -Wno-non-literal-null-conversion -Wno-objc-literal-conversion -Wshorten-64-to-32 -Wpointer-sign -Wno-newline-eof -Wno-selector -Wno-strict-selector-match -Wno-undeclared-selector -Wno-deprecated-implementations -Wno-implicit-fallthrough -fstrict-aliasing -Wprotocol -Wdeprecated-declarations -Wno-sign-conversion -Wno-infinite-recursion -Wno-comma -Wno-block-capture-autoreleasing -Wno-strict-prototypes -Wno-semicolon-before-method-body -index-store-path /Users/khanghnguyen/Library/Developer/Xcode/DerivedData/Wishie-gavmeupfwiyxzhaiqkwzocyeeixy/Index.noindex/DataStore @/Users/khanghnguyen/Library/Developer/Xcode/DerivedData/Wishie-gavmeupfwiyxzhaiqkwzocyeeixy/Build/Intermediates.noindex/SDWebImage.build/Debug-iphoneos/SDWebImage.build/Objects-normal/arm64/e6072d4f65d7061329687fe24e3d63a7-common-args.resp -include /Users/khanghnguyen/Library/Developer/Xcode/DerivedData/Wishie-gavmeupfwiyxzhaiqkwzocyeeixy/Build/Intermediates.noindex/SDWebImage.build/Debug-iphoneos/SDWebImage.build/DerivedSources/resource_bundle_accessor.h -MMD -MT dependencies -MF /Users/khanghnguyen/Library/Developer/Xcode/DerivedData/Wishie-gavmeupfwiyxzhaiqkwzocyeeixy/Build/Intermediates.noindex/SDWebImage.build/Debug-iphoneos/SDWebImage.build/Objects-normal/arm64/SDImageGraphics.d --serialize-diagnostics /Users/khanghnguyen/Library/Developer/Xcode/DerivedData/Wishie-gavmeupfwiyxzhaiqkwzocyeeixy/Build/Intermediates.noindex/SDWebImage.build/Debug-iphoneos/SDWebImage.build/Objects-normal/arm64/SDImageGraphics.dia -c /Users/khanghnguyen/Library/Developer/Xcode/DerivedData/Wishie-gavmeupfwiyxzhaiqkwzocyeeixy/SourcePackages/checkouts/SDWebImage/SDWebImage/Core/SDImageGraphics.m -o /Users/khanghnguyen/Library/Developer/Xcode/DerivedData/Wishie-gavmeupfwiyxzhaiqkwzocyeeixy/Build/Intermediates.noindex/SDWebImage.build/Debug-iphoneos/SDWebImage.build/Objects-normal/arm64/SDImageGraphics.o -index-unit-output-path /SDWebImage.build/Debug-iphoneos/SDWebImage.build/Objects-normal/arm64/SDImageGraphics.o

CompileC /Users/khanghnguyen/Library/Developer/Xcode/DerivedData/Wishie-gavmeupfwiyxzhaiqkwzocyeeixy/Build/Intermediates.noindex/SDWebImage.build/Debug-iphoneos/SDWebImage.build/Objects-normal/arm64/SDImageGIFCoder.o /Users/khanghnguyen/Library/Developer/Xcode/DerivedData/Wishie-gavmeupfwiyxzhaiqkwzocyeeixy/SourcePackages/checkouts/SDWebImage/SDWebImage/Core/SDImageGIFCoder.m normal arm64 objective-c com.apple.compilers.llvm.clang.1_0.compiler (in target 'SDWebImage' from project 'SDWebImage')
    cd /Users/khanghnguyen/Downloads/Wishie/Wishie.xcodeproj
    
    Using response file: /Users/khanghnguyen/Library/Developer/Xcode/DerivedData/Wishie-gavmeupfwiyxzhaiqkwzocyeeixy/Build/Intermediates.noindex/SDWebImage.build/Debug-iphoneos/SDWebImage.build/Objects-normal/arm64/e6072d4f65d7061329687fe24e3d63a7-common-args.resp
    
    /Applications/Xcode.app/Contents/Developer/Toolchains/XcodeDefault.xctoolchain/usr/bin/clang -x objective-c -ivfsstatcache /Users/khanghnguyen/Library/Developer/Xcode/DerivedData/SDKStatCaches.noindex/iphoneos26.2-23C57-3794476bd08197c3e2abd9bb477ef7f7.sdkstatcache -fmessage-length\=0 -fdiagnostics-show-note-include-stack -fmacro-backtrace-limit\=0 -fno-color-diagnostics -fmodules-prune-interval\=86400 -fmodules-prune-after\=345600 -fbuild-session-file\=/Users/khanghnguyen/Library/Developer/Xcode/DerivedData/ModuleCache.noindex/Session.modulevalidation -fmodules-validate-once-per-build-session -Wnon-modular-include-in-framework-module -Werror\=non-modular-include-in-framework-module -Wno-trigraphs -Wno-missing-field-initializers -Wno-missing-prototypes -Wno-return-type -Wno-implicit-atomic-properties -Wno-objc-interface-ivars -Wno-arc-repeated-use-of-weak -Wno-missing-braces -Wparentheses -Wswitch -Wno-unused-function -Wno-unused-label -Wno-unused-parameter -Wno-unused-variable -Wunused-value -Wno-empty-body -Wno-uninitialized -Wno-unknown-pragmas -w -Wno-shadow -Wno-four-char-constants -Wno-conversion -Wno-constant-conversion -Wno-int-conversion -Wno-bool-conversion -Wno-enum-conversion -Wno-float-conversion -Wno-non-literal-null-conversion -Wno-objc-literal-conversion -Wshorten-64-to-32 -Wpointer-sign -Wno-newline-eof -Wno-selector -Wno-strict-selector-match -Wno-undeclared-selector -Wno-deprecated-implementations -Wno-implicit-fallthrough -fstrict-aliasing -Wprotocol -Wdeprecated-declarations -Wno-sign-conversion -Wno-infinite-recursion -Wno-comma -Wno-block-capture-autoreleasing -Wno-strict-prototypes -Wno-semicolon-before-method-body -index-store-path /Users/khanghnguyen/Library/Developer/Xcode/DerivedData/Wishie-gavmeupfwiyxzhaiqkwzocyeeixy/Index.noindex/DataStore @/Users/khanghnguyen/Library/Developer/Xcode/DerivedData/Wishie-gavmeupfwiyxzhaiqkwzocyeeixy/Build/Intermediates.noindex/SDWebImage.build/Debug-iphoneos/SDWebImage.build/Objects-normal/arm64/e6072d4f65d7061329687fe24e3d63a7-common-args.resp -include /Users/khanghnguyen/Library/Developer/Xcode/DerivedData/Wishie-gavmeupfwiyxzhaiqkwzocyeeixy/Build/Intermediates.noindex/SDWebImage.build/Debug-iphoneos/SDWebImage.build/DerivedSources/resource_bundle_accessor.h -MMD -MT dependencies -MF /Users/khanghnguyen/Library/Developer/Xcode/DerivedData/Wishie-gavmeupfwiyxzhaiqkwzocyeeixy/Build/Intermediates.noindex/SDWebImage.build/Debug-iphoneos/SDWebImage.build/Objects-normal/arm64/SDImageGIFCoder.d --serialize-diagnostics /Users/khanghnguyen/Library/Developer/Xcode/DerivedData/Wishie-gavmeupfwiyxzhaiqkwzocyeeixy/Build/Intermediates.noindex/SDWebImage.build/Debug-iphoneos/SDWebImage.build/Objects-normal/arm64/SDImageGIFCoder.dia -c /Users/khanghnguyen/Library/Developer/Xcode/DerivedData/Wishie-gavmeupfwiyxzhaiqkwzocyeeixy/SourcePackages/checkouts/SDWebImage/SDWebImage/Core/SDImageGIFCoder.m -o /Users/khanghnguyen/Library/Developer/Xcode/DerivedData/Wishie-gavmeupfwiyxzhaiqkwzocyeeixy/Build/Intermediates.noindex/SDWebImage.build/Debug-iphoneos/SDWebImage.build/Objects-normal/arm64/SDImageGIFCoder.o -index-unit-output-path /SDWebImage.build/Debug-iphoneos/SDWebImage.build/Objects-normal/arm64/SDImageGIFCoder.o

CompileC /Users/khanghnguyen/Library/Developer/Xcode/DerivedData/Wishie-gavmeupfwiyxzhaiqkwzocyeeixy/Build/Intermediates.noindex/SDWebImage.build/Debug-iphoneos/SDWebImage.build/Objects-normal/arm64/SDImageFramePool.o /Users/khanghnguyen/Library/Developer/Xcode/DerivedData/Wishie-gavmeupfwiyxzhaiqkwzocyeeixy/SourcePackages/checkouts/SDWebImage/SDWebImage/Private/SDImageFramePool.m normal arm64 objective-c com.apple.compilers.llvm.clang.1_0.compiler (in target 'SDWebImage' from project 'SDWebImage')
    cd /Users/khanghnguyen/Downloads/Wishie/Wishie.xcodeproj
    
    Using response file: /Users/khanghnguyen/Library/Developer/Xcode/DerivedData/Wishie-gavmeupfwiyxzhaiqkwzocyeeixy/Build/Intermediates.noindex/SDWebImage.build/Debug-iphoneos/SDWebImage.build/Objects-normal/arm64/e6072d4f65d7061329687fe24e3d63a7-common-args.resp
    
    /Applications/Xcode.app/Contents/Developer/Toolchains/XcodeDefault.xctoolchain/usr/bin/clang -x objective-c -ivfsstatcache /Users/khanghnguyen/Library/Developer/Xcode/DerivedData/SDKStatCaches.noindex/iphoneos26.2-23C57-3794476bd08197c3e2abd9bb477ef7f7.sdkstatcache -fmessage-length\=0 -fdiagnostics-show-note-include-stack -fmacro-backtrace-limit\=0 -fno-color-diagnostics -fmodules-prune-interval\=86400 -fmodules-prune-after\=345600 -fbuild-session-file\=/Users/khanghnguyen/Library/Developer/Xcode/DerivedData/ModuleCache.noindex/Session.modulevalidation -fmodules-validate-once-per-build-session -Wnon-modular-include-in-framework-module -Werror\=non-modular-include-in-framework-module -Wno-trigraphs -Wno-missing-field-initializers -Wno-missing-prototypes -Wno-return-type -Wno-implicit-atomic-properties -Wno-objc-interface-ivars -Wno-arc-repeated-use-of-weak -Wno-missing-braces -Wparentheses -Wswitch -Wno-unused-function -Wno-unused-label -Wno-unused-parameter -Wno-unused-variable -Wunused-value -Wno-empty-body -Wno-uninitialized -Wno-unknown-pragmas -w -Wno-shadow -Wno-four-char-constants -Wno-conversion -Wno-constant-conversion -Wno-int-conversion -Wno-bool-conversion -Wno-enum-conversion -Wno-float-conversion -Wno-non-literal-null-conversion -Wno-objc-literal-conversion -Wshorten-64-to-32 -Wpointer-sign -Wno-newline-eof -Wno-selector -Wno-strict-selector-match -Wno-undeclared-selector -Wno-deprecated-implementations -Wno-implicit-fallthrough -fstrict-aliasing -Wprotocol -Wdeprecated-declarations -Wno-sign-conversion -Wno-infinite-recursion -Wno-comma -Wno-block-capture-autoreleasing -Wno-strict-prototypes -Wno-semicolon-before-method-body -index-store-path /Users/khanghnguyen/Library/Developer/Xcode/DerivedData/Wishie-gavmeupfwiyxzhaiqkwzocyeeixy/Index.noindex/DataStore @/Users/khanghnguyen/Library/Developer/Xcode/DerivedData/Wishie-gavmeupfwiyxzhaiqkwzocyeeixy/Build/Intermediates.noindex/SDWebImage.build/Debug-iphoneos/SDWebImage.build/Objects-normal/arm64/e6072d4f65d7061329687fe24e3d63a7-common-args.resp -include /Users/khanghnguyen/Library/Developer/Xcode/DerivedData/Wishie-gavmeupfwiyxzhaiqkwzocyeeixy/Build/Intermediates.noindex/SDWebImage.build/Debug-iphoneos/SDWebImage.build/DerivedSources/resource_bundle_accessor.h -MMD -MT dependencies -MF /Users/khanghnguyen/Library/Developer/Xcode/DerivedData/Wishie-gavmeupfwiyxzhaiqkwzocyeeixy/Build/Intermediates.noindex/SDWebImage.build/Debug-iphoneos/SDWebImage.build/Objects-normal/arm64/SDImageFramePool.d --serialize-diagnostics /Users/khanghnguyen/Library/Developer/Xcode/DerivedData/Wishie-gavmeupfwiyxzhaiqkwzocyeeixy/Build/Intermediates.noindex/SDWebImage.build/Debug-iphoneos/SDWebImage.build/Objects-normal/arm64/SDImageFramePool.dia -c /Users/khanghnguyen/Library/Developer/Xcode/DerivedData/Wishie-gavmeupfwiyxzhaiqkwzocyeeixy/SourcePackages/checkouts/SDWebImage/SDWebImage/Private/SDImageFramePool.m -o /Users/khanghnguyen/Library/Developer/Xcode/DerivedData/Wishie-gavmeupfwiyxzhaiqkwzocyeeixy/Build/Intermediates.noindex/SDWebImage.build/Debug-iphoneos/SDWebImage.build/Objects-normal/arm64/SDImageFramePool.o -index-unit-output-path /SDWebImage.build/Debug-iphoneos/SDWebImage.build/Objects-normal/arm64/SDImageFramePool.o

CompileC /Users/khanghnguyen/Library/Developer/Xcode/DerivedData/Wishie-gavmeupfwiyxzhaiqkwzocyeeixy/Build/Intermediates.noindex/SDWebImage.build/Debug-iphoneos/SDWebImage.build/Objects-normal/arm64/SDImageFrame.o /Users/khanghnguyen/Library/Developer/Xcode/DerivedData/Wishie-gavmeupfwiyxzhaiqkwzocyeeixy/SourcePackages/checkouts/SDWebImage/SDWebImage/Core/SDImageFrame.m normal arm64 objective-c com.apple.compilers.llvm.clang.1_0.compiler (in target 'SDWebImage' from project 'SDWebImage')
    cd /Users/khanghnguyen/Downloads/Wishie/Wishie.xcodeproj
    
    Using response file: /Users/khanghnguyen/Library/Developer/Xcode/DerivedData/Wishie-gavmeupfwiyxzhaiqkwzocyeeixy/Build/Intermediates.noindex/SDWebImage.build/Debug-iphoneos/SDWebImage.build/Objects-normal/arm64/e6072d4f65d7061329687fe24e3d63a7-common-args.resp
    
    /Applications/Xcode.app/Contents/Developer/Toolchains/XcodeDefault.xctoolchain/usr/bin/clang -x objective-c -ivfsstatcache /Users/khanghnguyen/Library/Developer/Xcode/DerivedData/SDKStatCaches.noindex/iphoneos26.2-23C57-3794476bd08197c3e2abd9bb477ef7f7.sdkstatcache -fmessage-length\=0 -fdiagnostics-show-note-include-stack -fmacro-backtrace-limit\=0 -fno-color-diagnostics -fmodules-prune-interval\=86400 -fmodules-prune-after\=345600 -fbuild-session-file\=/Users/khanghnguyen/Library/Developer/Xcode/DerivedData/ModuleCache.noindex/Session.modulevalidation -fmodules-validate-once-per-build-session -Wnon-modular-include-in-framework-module -Werror\=non-modular-include-in-framework-module -Wno-trigraphs -Wno-missing-field-initializers -Wno-missing-prototypes -Wno-return-type -Wno-implicit-atomic-properties -Wno-objc-interface-ivars -Wno-arc-repeated-use-of-weak -Wno-missing-braces -Wparentheses -Wswitch -Wno-unused-function -Wno-unused-label -Wno-unused-parameter -Wno-unused-variable -Wunused-value -Wno-empty-body -Wno-uninitialized -Wno-unknown-pragmas -w -Wno-shadow -Wno-four-char-constants -Wno-conversion -Wno-constant-conversion -Wno-int-conversion -Wno-bool-conversion -Wno-enum-conversion -Wno-float-conversion -Wno-non-literal-null-conversion -Wno-objc-literal-conversion -Wshorten-64-to-32 -Wpointer-sign -Wno-newline-eof -Wno-selector -Wno-strict-selector-match -Wno-undeclared-selector -Wno-deprecated-implementations -Wno-implicit-fallthrough -fstrict-aliasing -Wprotocol -Wdeprecated-declarations -Wno-sign-conversion -Wno-infinite-recursion -Wno-comma -Wno-block-capture-autoreleasing -Wno-strict-prototypes -Wno-semicolon-before-method-body -index-store-path /Users/khanghnguyen/Library/Developer/Xcode/DerivedData/Wishie-gavmeupfwiyxzhaiqkwzocyeeixy/Index.noindex/DataStore @/Users/khanghnguyen/Library/Developer/Xcode/DerivedData/Wishie-gavmeupfwiyxzhaiqkwzocyeeixy/Build/Intermediates.noindex/SDWebImage.build/Debug-iphoneos/SDWebImage.build/Objects-normal/arm64/e6072d4f65d7061329687fe24e3d63a7-common-args.resp -include /Users/khanghnguyen/Library/Developer/Xcode/DerivedData/Wishie-gavmeupfwiyxzhaiqkwzocyeeixy/Build/Intermediates.noindex/SDWebImage.build/Debug-iphoneos/SDWebImage.build/DerivedSources/resource_bundle_accessor.h -MMD -MT dependencies -MF /Users/khanghnguyen/Library/Developer/Xcode/DerivedData/Wishie-gavmeupfwiyxzhaiqkwzocyeeixy/Build/Intermediates.noindex/SDWebImage.build/Debug-iphoneos/SDWebImage.build/Objects-normal/arm64/SDImageFrame.d --serialize-diagnostics /Users/khanghnguyen/Library/Developer/Xcode/DerivedData/Wishie-gavmeupfwiyxzhaiqkwzocyeeixy/Build/Intermediates.noindex/SDWebImage.build/Debug-iphoneos/SDWebImage.build/Objects-normal/arm64/SDImageFrame.dia -c /Users/khanghnguyen/Library/Developer/Xcode/DerivedData/Wishie-gavmeupfwiyxzhaiqkwzocyeeixy/SourcePackages/checkouts/SDWebImage/SDWebImage/Core/SDImageFrame.m -o /Users/khanghnguyen/Library/Developer/Xcode/DerivedData/Wishie-gavmeupfwiyxzhaiqkwzocyeeixy/Build/Intermediates.noindex/SDWebImage.build/Debug-iphoneos/SDWebImage.build/Objects-normal/arm64/SDImageFrame.o -index-unit-output-path /SDWebImage.build/Debug-iphoneos/SDWebImage.build/Objects-normal/arm64/SDImageFrame.o

CompileC /Users/khanghnguyen/Library/Developer/Xcode/DerivedData/Wishie-gavmeupfwiyxzhaiqkwzocyeeixy/Build/Intermediates.noindex/SDWebImage.build/Debug-iphoneos/SDWebImage.build/Objects-normal/arm64/SDImageCodersManager.o /Users/khanghnguyen/Library/Developer/Xcode/DerivedData/Wishie-gavmeupfwiyxzhaiqkwzocyeeixy/SourcePackages/checkouts/SDWebImage/SDWebImage/Core/SDImageCodersManager.m normal arm64 objective-c com.apple.compilers.llvm.clang.1_0.compiler (in target 'SDWebImage' from project 'SDWebImage')
    cd /Users/khanghnguyen/Downloads/Wishie/Wishie.xcodeproj
    
    Using response file: /Users/khanghnguyen/Library/Developer/Xcode/DerivedData/Wishie-gavmeupfwiyxzhaiqkwzocyeeixy/Build/Intermediates.noindex/SDWebImage.build/Debug-iphoneos/SDWebImage.build/Objects-normal/arm64/e6072d4f65d7061329687fe24e3d63a7-common-args.resp
    
    /Applications/Xcode.app/Contents/Developer/Toolchains/XcodeDefault.xctoolchain/usr/bin/clang -x objective-c -ivfsstatcache /Users/khanghnguyen/Library/Developer/Xcode/DerivedData/SDKStatCaches.noindex/iphoneos26.2-23C57-3794476bd08197c3e2abd9bb477ef7f7.sdkstatcache -fmessage-length\=0 -fdiagnostics-show-note-include-stack -fmacro-backtrace-limit\=0 -fno-color-diagnostics -fmodules-prune-interval\=86400 -fmodules-prune-after\=345600 -fbuild-session-file\=/Users/khanghnguyen/Library/Developer/Xcode/DerivedData/ModuleCache.noindex/Session.modulevalidation -fmodules-validate-once-per-build-session -Wnon-modular-include-in-framework-module -Werror\=non-modular-include-in-framework-module -Wno-trigraphs -Wno-missing-field-initializers -Wno-missing-prototypes -Wno-return-type -Wno-implicit-atomic-properties -Wno-objc-interface-ivars -Wno-arc-repeated-use-of-weak -Wno-missing-braces -Wparentheses -Wswitch -Wno-unused-function -Wno-unused-label -Wno-unused-parameter -Wno-unused-variable -Wunused-value -Wno-empty-body -Wno-uninitialized -Wno-unknown-pragmas -w -Wno-shadow -Wno-four-char-constants -Wno-conversion -Wno-constant-conversion -Wno-int-conversion -Wno-bool-conversion -Wno-enum-conversion -Wno-float-conversion -Wno-non-literal-null-conversion -Wno-objc-literal-conversion -Wshorten-64-to-32 -Wpointer-sign -Wno-newline-eof -Wno-selector -Wno-strict-selector-match -Wno-undeclared-selector -Wno-deprecated-implementations -Wno-implicit-fallthrough -fstrict-aliasing -Wprotocol -Wdeprecated-declarations -Wno-sign-conversion -Wno-infinite-recursion -Wno-comma -Wno-block-capture-autoreleasing -Wno-strict-prototypes -Wno-semicolon-before-method-body -index-store-path /Users/khanghnguyen/Library/Developer/Xcode/DerivedData/Wishie-gavmeupfwiyxzhaiqkwzocyeeixy/Index.noindex/DataStore @/Users/khanghnguyen/Library/Developer/Xcode/DerivedData/Wishie-gavmeupfwiyxzhaiqkwzocyeeixy/Build/Intermediates.noindex/SDWebImage.build/Debug-iphoneos/SDWebImage.build/Objects-normal/arm64/e6072d4f65d7061329687fe24e3d63a7-common-args.resp -include /Users/khanghnguyen/Library/Developer/Xcode/DerivedData/Wishie-gavmeupfwiyxzhaiqkwzocyeeixy/Build/Intermediates.noindex/SDWebImage.build/Debug-iphoneos/SDWebImage.build/DerivedSources/resource_bundle_accessor.h -MMD -MT dependencies -MF /Users/khanghnguyen/Library/Developer/Xcode/DerivedData/Wishie-gavmeupfwiyxzhaiqkwzocyeeixy/Build/Intermediates.noindex/SDWebImage.build/Debug-iphoneos/SDWebImage.build/Objects-normal/arm64/SDImageCodersManager.d --serialize-diagnostics /Users/khanghnguyen/Library/Developer/Xcode/DerivedData/Wishie-gavmeupfwiyxzhaiqkwzocyeeixy/Build/Intermediates.noindex/SDWebImage.build/Debug-iphoneos/SDWebImage.build/Objects-normal/arm64/SDImageCodersManager.dia -c /Users/khanghnguyen/Library/Developer/Xcode/DerivedData/Wishie-gavmeupfwiyxzhaiqkwzocyeeixy/SourcePackages/checkouts/SDWebImage/SDWebImage/Core/SDImageCodersManager.m -o /Users/khanghnguyen/Library/Developer/Xcode/DerivedData/Wishie-gavmeupfwiyxzhaiqkwzocyeeixy/Build/Intermediates.noindex/SDWebImage.build/Debug-iphoneos/SDWebImage.build/Objects-normal/arm64/SDImageCodersManager.o -index-unit-output-path /SDWebImage.build/Debug-iphoneos/SDWebImage.build/Objects-normal/arm64/SDImageCodersManager.o

CompileC /Users/khanghnguyen/Library/Developer/Xcode/DerivedData/Wishie-gavmeupfwiyxzhaiqkwzocyeeixy/Build/Intermediates.noindex/SDWebImage.build/Debug-iphoneos/SDWebImage.build/Objects-normal/arm64/SDImageCoderHelper.o /Users/khanghnguyen/Library/Developer/Xcode/DerivedData/Wishie-gavmeupfwiyxzhaiqkwzocyeeixy/SourcePackages/checkouts/SDWebImage/SDWebImage/Core/SDImageCoderHelper.m normal arm64 objective-c com.apple.compilers.llvm.clang.1_0.compiler (in target 'SDWebImage' from project 'SDWebImage')
    cd /Users/khanghnguyen/Downloads/Wishie/Wishie.xcodeproj
    
    Using response file: /Users/khanghnguyen/Library/Developer/Xcode/DerivedData/Wishie-gavmeupfwiyxzhaiqkwzocyeeixy/Build/Intermediates.noindex/SDWebImage.build/Debug-iphoneos/SDWebImage.build/Objects-normal/arm64/e6072d4f65d7061329687fe24e3d63a7-common-args.resp
    
    /Applications/Xcode.app/Contents/Developer/Toolchains/XcodeDefault.xctoolchain/usr/bin/clang -x objective-c -ivfsstatcache /Users/khanghnguyen/Library/Developer/Xcode/DerivedData/SDKStatCaches.noindex/iphoneos26.2-23C57-3794476bd08197c3e2abd9bb477ef7f7.sdkstatcache -fmessage-length\=0 -fdiagnostics-show-note-include-stack -fmacro-backtrace-limit\=0 -fno-color-diagnostics -fmodules-prune-interval\=86400 -fmodules-prune-after\=345600 -fbuild-session-file\=/Users/khanghnguyen/Library/Developer/Xcode/DerivedData/ModuleCache.noindex/Session.modulevalidation -fmodules-validate-once-per-build-session -Wnon-modular-include-in-framework-module -Werror\=non-modular-include-in-framework-module -Wno-trigraphs -Wno-missing-field-initializers -Wno-missing-prototypes -Wno-return-type -Wno-implicit-atomic-properties -Wno-objc-interface-ivars -Wno-arc-repeated-use-of-weak -Wno-missing-braces -Wparentheses -Wswitch -Wno-unused-function -Wno-unused-label -Wno-unused-parameter -Wno-unused-variable -Wunused-value -Wno-empty-body -Wno-uninitialized -Wno-unknown-pragmas -w -Wno-shadow -Wno-four-char-constants -Wno-conversion -Wno-constant-conversion -Wno-int-conversion -Wno-bool-conversion -Wno-enum-conversion -Wno-float-conversion -Wno-non-literal-null-conversion -Wno-objc-literal-conversion -Wshorten-64-to-32 -Wpointer-sign -Wno-newline-eof -Wno-selector -Wno-strict-selector-match -Wno-undeclared-selector -Wno-deprecated-implementations -Wno-implicit-fallthrough -fstrict-aliasing -Wprotocol -Wdeprecated-declarations -Wno-sign-conversion -Wno-infinite-recursion -Wno-comma -Wno-block-capture-autoreleasing -Wno-strict-prototypes -Wno-semicolon-before-method-body -index-store-path /Users/khanghnguyen/Library/Developer/Xcode/DerivedData/Wishie-gavmeupfwiyxzhaiqkwzocyeeixy/Index.noindex/DataStore @/Users/khanghnguyen/Library/Developer/Xcode/DerivedData/Wishie-gavmeupfwiyxzhaiqkwzocyeeixy/Build/Intermediates.noindex/SDWebImage.build/Debug-iphoneos/SDWebImage.build/Objects-normal/arm64/e6072d4f65d7061329687fe24e3d63a7-common-args.resp -include /Users/khanghnguyen/Library/Developer/Xcode/DerivedData/Wishie-gavmeupfwiyxzhaiqkwzocyeeixy/Build/Intermediates.noindex/SDWebImage.build/Debug-iphoneos/SDWebImage.build/DerivedSources/resource_bundle_accessor.h -MMD -MT dependencies -MF /Users/khanghnguyen/Library/Developer/Xcode/DerivedData/Wishie-gavmeupfwiyxzhaiqkwzocyeeixy/Build/Intermediates.noindex/SDWebImage.build/Debug-iphoneos/SDWebImage.build/Objects-normal/arm64/SDImageCoderHelper.d --serialize-diagnostics /Users/khanghnguyen/Library/Developer/Xcode/DerivedData/Wishie-gavmeupfwiyxzhaiqkwzocyeeixy/Build/Intermediates.noindex/SDWebImage.build/Debug-iphoneos/SDWebImage.build/Objects-normal/arm64/SDImageCoderHelper.dia -c /Users/khanghnguyen/Library/Developer/Xcode/DerivedData/Wishie-gavmeupfwiyxzhaiqkwzocyeeixy/SourcePackages/checkouts/SDWebImage/SDWebImage/Core/SDImageCoderHelper.m -o /Users/khanghnguyen/Library/Developer/Xcode/DerivedData/Wishie-gavmeupfwiyxzhaiqkwzocyeeixy/Build/Intermediates.noindex/SDWebImage.build/Debug-iphoneos/SDWebImage.build/Objects-normal/arm64/SDImageCoderHelper.o -index-unit-output-path /SDWebImage.build/Debug-iphoneos/SDWebImage.build/Objects-normal/arm64/SDImageCoderHelper.o

CompileC /Users/khanghnguyen/Library/Developer/Xcode/DerivedData/Wishie-gavmeupfwiyxzhaiqkwzocyeeixy/Build/Intermediates.noindex/SDWebImage.build/Debug-iphoneos/SDWebImage.build/Objects-normal/arm64/SDImageCoder.o /Users/khanghnguyen/Library/Developer/Xcode/DerivedData/Wishie-gavmeupfwiyxzhaiqkwzocyeeixy/SourcePackages/checkouts/SDWebImage/SDWebImage/Core/SDImageCoder.m normal arm64 objective-c com.apple.compilers.llvm.clang.1_0.compiler (in target 'SDWebImage' from project 'SDWebImage')
    cd /Users/khanghnguyen/Downloads/Wishie/Wishie.xcodeproj
    
    Using response file: /Users/khanghnguyen/Library/Developer/Xcode/DerivedData/Wishie-gavmeupfwiyxzhaiqkwzocyeeixy/Build/Intermediates.noindex/SDWebImage.build/Debug-iphoneos/SDWebImage.build/Objects-normal/arm64/e6072d4f65d7061329687fe24e3d63a7-common-args.resp
    
    /Applications/Xcode.app/Contents/Developer/Toolchains/XcodeDefault.xctoolchain/usr/bin/clang -x objective-c -ivfsstatcache /Users/khanghnguyen/Library/Developer/Xcode/DerivedData/SDKStatCaches.noindex/iphoneos26.2-23C57-3794476bd08197c3e2abd9bb477ef7f7.sdkstatcache -fmessage-length\=0 -fdiagnostics-show-note-include-stack -fmacro-backtrace-limit\=0 -fno-color-diagnostics -fmodules-prune-interval\=86400 -fmodules-prune-after\=345600 -fbuild-session-file\=/Users/khanghnguyen/Library/Developer/Xcode/DerivedData/ModuleCache.noindex/Session.modulevalidation -fmodules-validate-once-per-build-session -Wnon-modular-include-in-framework-module -Werror\=non-modular-include-in-framework-module -Wno-trigraphs -Wno-missing-field-initializers -Wno-missing-prototypes -Wno-return-type -Wno-implicit-atomic-properties -Wno-objc-interface-ivars -Wno-arc-repeated-use-of-weak -Wno-missing-braces -Wparentheses -Wswitch -Wno-unused-function -Wno-unused-label -Wno-unused-parameter -Wno-unused-variable -Wunused-value -Wno-empty-body -Wno-uninitialized -Wno-unknown-pragmas -w -Wno-shadow -Wno-four-char-constants -Wno-conversion -Wno-constant-conversion -Wno-int-conversion -Wno-bool-conversion -Wno-enum-conversion -Wno-float-conversion -Wno-non-literal-null-conversion -Wno-objc-literal-conversion -Wshorten-64-to-32 -Wpointer-sign -Wno-newline-eof -Wno-selector -Wno-strict-selector-match -Wno-undeclared-selector -Wno-deprecated-implementations -Wno-implicit-fallthrough -fstrict-aliasing -Wprotocol -Wdeprecated-declarations -Wno-sign-conversion -Wno-infinite-recursion -Wno-comma -Wno-block-capture-autoreleasing -Wno-strict-prototypes -Wno-semicolon-before-method-body -index-store-path /Users/khanghnguyen/Library/Developer/Xcode/DerivedData/Wishie-gavmeupfwiyxzhaiqkwzocyeeixy/Index.noindex/DataStore @/Users/khanghnguyen/Library/Developer/Xcode/DerivedData/Wishie-gavmeupfwiyxzhaiqkwzocyeeixy/Build/Intermediates.noindex/SDWebImage.build/Debug-iphoneos/SDWebImage.build/Objects-normal/arm64/e6072d4f65d7061329687fe24e3d63a7-common-args.resp -include /Users/khanghnguyen/Library/Developer/Xcode/DerivedData/Wishie-gavmeupfwiyxzhaiqkwzocyeeixy/Build/Intermediates.noindex/SDWebImage.build/Debug-iphoneos/SDWebImage.build/DerivedSources/resource_bundle_accessor.h -MMD -MT dependencies -MF /Users/khanghnguyen/Library/Developer/Xcode/DerivedData/Wishie-gavmeupfwiyxzhaiqkwzocyeeixy/Build/Intermediates.noindex/SDWebImage.build/Debug-iphoneos/SDWebImage.build/Objects-normal/arm64/SDImageCoder.d --serialize-diagnostics /Users/khanghnguyen/Library/Developer/Xcode/DerivedData/Wishie-gavmeupfwiyxzhaiqkwzocyeeixy/Build/Intermediates.noindex/SDWebImage.build/Debug-iphoneos/SDWebImage.build/Objects-normal/arm64/SDImageCoder.dia -c /Users/khanghnguyen/Library/Developer/Xcode/DerivedData/Wishie-gavmeupfwiyxzhaiqkwzocyeeixy/SourcePackages/checkouts/SDWebImage/SDWebImage/Core/SDImageCoder.m -o /Users/khanghnguyen/Library/Developer/Xcode/DerivedData/Wishie-gavmeupfwiyxzhaiqkwzocyeeixy/Build/Intermediates.noindex/SDWebImage.build/Debug-iphoneos/SDWebImage.build/Objects-normal/arm64/SDImageCoder.o -index-unit-output-path /SDWebImage.build/Debug-iphoneos/SDWebImage.build/Objects-normal/arm64/SDImageCoder.o

CompileC /Users/khanghnguyen/Library/Developer/Xcode/DerivedData/Wishie-gavmeupfwiyxzhaiqkwzocyeeixy/Build/Intermediates.noindex/SDWebImage.build/Debug-iphoneos/SDWebImage.build/Objects-normal/arm64/SDImageCachesManagerOperation.o /Users/khanghnguyen/Library/Developer/Xcode/DerivedData/Wishie-gavmeupfwiyxzhaiqkwzocyeeixy/SourcePackages/checkouts/SDWebImage/SDWebImage/Private/SDImageCachesManagerOperation.m normal arm64 objective-c com.apple.compilers.llvm.clang.1_0.compiler (in target 'SDWebImage' from project 'SDWebImage')
    cd /Users/khanghnguyen/Downloads/Wishie/Wishie.xcodeproj
    
    Using response file: /Users/khanghnguyen/Library/Developer/Xcode/DerivedData/Wishie-gavmeupfwiyxzhaiqkwzocyeeixy/Build/Intermediates.noindex/SDWebImage.build/Debug-iphoneos/SDWebImage.build/Objects-normal/arm64/e6072d4f65d7061329687fe24e3d63a7-common-args.resp
    
    /Applications/Xcode.app/Contents/Developer/Toolchains/XcodeDefault.xctoolchain/usr/bin/clang -x objective-c -ivfsstatcache /Users/khanghnguyen/Library/Developer/Xcode/DerivedData/SDKStatCaches.noindex/iphoneos26.2-23C57-3794476bd08197c3e2abd9bb477ef7f7.sdkstatcache -fmessage-length\=0 -fdiagnostics-show-note-include-stack -fmacro-backtrace-limit\=0 -fno-color-diagnostics -fmodules-prune-interval\=86400 -fmodules-prune-after\=345600 -fbuild-session-file\=/Users/khanghnguyen/Library/Developer/Xcode/DerivedData/ModuleCache.noindex/Session.modulevalidation -fmodules-validate-once-per-build-session -Wnon-modular-include-in-framework-module -Werror\=non-modular-include-in-framework-module -Wno-trigraphs -Wno-missing-field-initializers -Wno-missing-prototypes -Wno-return-type -Wno-implicit-atomic-properties -Wno-objc-interface-ivars -Wno-arc-repeated-use-of-weak -Wno-missing-braces -Wparentheses -Wswitch -Wno-unused-function -Wno-unused-label -Wno-unused-parameter -Wno-unused-variable -Wunused-value -Wno-empty-body -Wno-uninitialized -Wno-unknown-pragmas -w -Wno-shadow -Wno-four-char-constants -Wno-conversion -Wno-constant-conversion -Wno-int-conversion -Wno-bool-conversion -Wno-enum-conversion -Wno-float-conversion -Wno-non-literal-null-conversion -Wno-objc-literal-conversion -Wshorten-64-to-32 -Wpointer-sign -Wno-newline-eof -Wno-selector -Wno-strict-selector-match -Wno-undeclared-selector -Wno-deprecated-implementations -Wno-implicit-fallthrough -fstrict-aliasing -Wprotocol -Wdeprecated-declarations -Wno-sign-conversion -Wno-infinite-recursion -Wno-comma -Wno-block-capture-autoreleasing -Wno-strict-prototypes -Wno-semicolon-before-method-body -index-store-path /Users/khanghnguyen/Library/Developer/Xcode/DerivedData/Wishie-gavmeupfwiyxzhaiqkwzocyeeixy/Index.noindex/DataStore @/Users/khanghnguyen/Library/Developer/Xcode/DerivedData/Wishie-gavmeupfwiyxzhaiqkwzocyeeixy/Build/Intermediates.noindex/SDWebImage.build/Debug-iphoneos/SDWebImage.build/Objects-normal/arm64/e6072d4f65d7061329687fe24e3d63a7-common-args.resp -include /Users/khanghnguyen/Library/Developer/Xcode/DerivedData/Wishie-gavmeupfwiyxzhaiqkwzocyeeixy/Build/Intermediates.noindex/SDWebImage.build/Debug-iphoneos/SDWebImage.build/DerivedSources/resource_bundle_accessor.h -MMD -MT dependencies -MF /Users/khanghnguyen/Library/Developer/Xcode/DerivedData/Wishie-gavmeupfwiyxzhaiqkwzocyeeixy/Build/Intermediates.noindex/SDWebImage.build/Debug-iphoneos/SDWebImage.build/Objects-normal/arm64/SDImageCachesManagerOperation.d --serialize-diagnostics /Users/khanghnguyen/Library/Developer/Xcode/DerivedData/Wishie-gavmeupfwiyxzhaiqkwzocyeeixy/Build/Intermediates.noindex/SDWebImage.build/Debug-iphoneos/SDWebImage.build/Objects-normal/arm64/SDImageCachesManagerOperation.dia -c /Users/khanghnguyen/Library/Developer/Xcode/DerivedData/Wishie-gavmeupfwiyxzhaiqkwzocyeeixy/SourcePackages/checkouts/SDWebImage/SDWebImage/Private/SDImageCachesManagerOperation.m -o /Users/khanghnguyen/Library/Developer/Xcode/DerivedData/Wishie-gavmeupfwiyxzhaiqkwzocyeeixy/Build/Intermediates.noindex/SDWebImage.build/Debug-iphoneos/SDWebImage.build/Objects-normal/arm64/SDImageCachesManagerOperation.o -index-unit-output-path /SDWebImage.build/Debug-iphoneos/SDWebImage.build/Objects-normal/arm64/SDImageCachesManagerOperation.o

CompileC /Users/khanghnguyen/Library/Developer/Xcode/DerivedData/Wishie-gavmeupfwiyxzhaiqkwzocyeeixy/Build/Intermediates.noindex/SDWebImage.build/Debug-iphoneos/SDWebImage.build/Objects-normal/arm64/SDImageCachesManager.o /Users/khanghnguyen/Library/Developer/Xcode/DerivedData/Wishie-gavmeupfwiyxzhaiqkwzocyeeixy/SourcePackages/checkouts/SDWebImage/SDWebImage/Core/SDImageCachesManager.m normal arm64 objective-c com.apple.compilers.llvm.clang.1_0.compiler (in target 'SDWebImage' from project 'SDWebImage')
    cd /Users/khanghnguyen/Downloads/Wishie/Wishie.xcodeproj
    
    Using response file: /Users/khanghnguyen/Library/Developer/Xcode/DerivedData/Wishie-gavmeupfwiyxzhaiqkwzocyeeixy/Build/Intermediates.noindex/SDWebImage.build/Debug-iphoneos/SDWebImage.build/Objects-normal/arm64/e6072d4f65d7061329687fe24e3d63a7-common-args.resp
    
    /Applications/Xcode.app/Contents/Developer/Toolchains/XcodeDefault.xctoolchain/usr/bin/clang -x objective-c -ivfsstatcache /Users/khanghnguyen/Library/Developer/Xcode/DerivedData/SDKStatCaches.noindex/iphoneos26.2-23C57-3794476bd08197c3e2abd9bb477ef7f7.sdkstatcache -fmessage-length\=0 -fdiagnostics-show-note-include-stack -fmacro-backtrace-limit\=0 -fno-color-diagnostics -fmodules-prune-interval\=86400 -fmodules-prune-after\=345600 -fbuild-session-file\=/Users/khanghnguyen/Library/Developer/Xcode/DerivedData/ModuleCache.noindex/Session.modulevalidation -fmodules-validate-once-per-build-session -Wnon-modular-include-in-framework-module -Werror\=non-modular-include-in-framework-module -Wno-trigraphs -Wno-missing-field-initializers -Wno-missing-prototypes -Wno-return-type -Wno-implicit-atomic-properties -Wno-objc-interface-ivars -Wno-arc-repeated-use-of-weak -Wno-missing-braces -Wparentheses -Wswitch -Wno-unused-function -Wno-unused-label -Wno-unused-parameter -Wno-unused-variable -Wunused-value -Wno-empty-body -Wno-uninitialized -Wno-unknown-pragmas -w -Wno-shadow -Wno-four-char-constants -Wno-conversion -Wno-constant-conversion -Wno-int-conversion -Wno-bool-conversion -Wno-enum-conversion -Wno-float-conversion -Wno-non-literal-null-conversion -Wno-objc-literal-conversion -Wshorten-64-to-32 -Wpointer-sign -Wno-newline-eof -Wno-selector -Wno-strict-selector-match -Wno-undeclared-selector -Wno-deprecated-implementations -Wno-implicit-fallthrough -fstrict-aliasing -Wprotocol -Wdeprecated-declarations -Wno-sign-conversion -Wno-infinite-recursion -Wno-comma -Wno-block-capture-autoreleasing -Wno-strict-prototypes -Wno-semicolon-before-method-body -index-store-path /Users/khanghnguyen/Library/Developer/Xcode/DerivedData/Wishie-gavmeupfwiyxzhaiqkwzocyeeixy/Index.noindex/DataStore @/Users/khanghnguyen/Library/Developer/Xcode/DerivedData/Wishie-gavmeupfwiyxzhaiqkwzocyeeixy/Build/Intermediates.noindex/SDWebImage.build/Debug-iphoneos/SDWebImage.build/Objects-normal/arm64/e6072d4f65d7061329687fe24e3d63a7-common-args.resp -include /Users/khanghnguyen/Library/Developer/Xcode/DerivedData/Wishie-gavmeupfwiyxzhaiqkwzocyeeixy/Build/Intermediates.noindex/SDWebImage.build/Debug-iphoneos/SDWebImage.build/DerivedSources/resource_bundle_accessor.h -MMD -MT dependencies -MF /Users/khanghnguyen/Library/Developer/Xcode/DerivedData/Wishie-gavmeupfwiyxzhaiqkwzocyeeixy/Build/Intermediates.noindex/SDWebImage.build/Debug-iphoneos/SDWebImage.build/Objects-normal/arm64/SDImageCachesManager.d --serialize-diagnostics /Users/khanghnguyen/Library/Developer/Xcode/DerivedData/Wishie-gavmeupfwiyxzhaiqkwzocyeeixy/Build/Intermediates.noindex/SDWebImage.build/Debug-iphoneos/SDWebImage.build/Objects-normal/arm64/SDImageCachesManager.dia -c /Users/khanghnguyen/Library/Developer/Xcode/DerivedData/Wishie-gavmeupfwiyxzhaiqkwzocyeeixy/SourcePackages/checkouts/SDWebImage/SDWebImage/Core/SDImageCachesManager.m -o /Users/khanghnguyen/Library/Developer/Xcode/DerivedData/Wishie-gavmeupfwiyxzhaiqkwzocyeeixy/Build/Intermediates.noindex/SDWebImage.build/Debug-iphoneos/SDWebImage.build/Objects-normal/arm64/SDImageCachesManager.o -index-unit-output-path /SDWebImage.build/Debug-iphoneos/SDWebImage.build/Objects-normal/arm64/SDImageCachesManager.o

CompileC /Users/khanghnguyen/Library/Developer/Xcode/DerivedData/Wishie-gavmeupfwiyxzhaiqkwzocyeeixy/Build/Intermediates.noindex/SDWebImage.build/Debug-iphoneos/SDWebImage.build/Objects-normal/arm64/SDImageCacheDefine.o /Users/khanghnguyen/Library/Developer/Xcode/DerivedData/Wishie-gavmeupfwiyxzhaiqkwzocyeeixy/SourcePackages/checkouts/SDWebImage/SDWebImage/Core/SDImageCacheDefine.m normal arm64 objective-c com.apple.compilers.llvm.clang.1_0.compiler (in target 'SDWebImage' from project 'SDWebImage')
    cd /Users/khanghnguyen/Downloads/Wishie/Wishie.xcodeproj
    
    Using response file: /Users/khanghnguyen/Library/Developer/Xcode/DerivedData/Wishie-gavmeupfwiyxzhaiqkwzocyeeixy/Build/Intermediates.noindex/SDWebImage.build/Debug-iphoneos/SDWebImage.build/Objects-normal/arm64/e6072d4f65d7061329687fe24e3d63a7-common-args.resp
    
    /Applications/Xcode.app/Contents/Developer/Toolchains/XcodeDefault.xctoolchain/usr/bin/clang -x objective-c -ivfsstatcache /Users/khanghnguyen/Library/Developer/Xcode/DerivedData/SDKStatCaches.noindex/iphoneos26.2-23C57-3794476bd08197c3e2abd9bb477ef7f7.sdkstatcache -fmessage-length\=0 -fdiagnostics-show-note-include-stack -fmacro-backtrace-limit\=0 -fno-color-diagnostics -fmodules-prune-interval\=86400 -fmodules-prune-after\=345600 -fbuild-session-file\=/Users/khanghnguyen/Library/Developer/Xcode/DerivedData/ModuleCache.noindex/Session.modulevalidation -fmodules-validate-once-per-build-session -Wnon-modular-include-in-framework-module -Werror\=non-modular-include-in-framework-module -Wno-trigraphs -Wno-missing-field-initializers -Wno-missing-prototypes -Wno-return-type -Wno-implicit-atomic-properties -Wno-objc-interface-ivars -Wno-arc-repeated-use-of-weak -Wno-missing-braces -Wparentheses -Wswitch -Wno-unused-function -Wno-unused-label -Wno-unused-parameter -Wno-unused-variable -Wunused-value -Wno-empty-body -Wno-uninitialized -Wno-unknown-pragmas -w -Wno-shadow -Wno-four-char-constants -Wno-conversion -Wno-constant-conversion -Wno-int-conversion -Wno-bool-conversion -Wno-enum-conversion -Wno-float-conversion -Wno-non-literal-null-conversion -Wno-objc-literal-conversion -Wshorten-64-to-32 -Wpointer-sign -Wno-newline-eof -Wno-selector -Wno-strict-selector-match -Wno-undeclared-selector -Wno-deprecated-implementations -Wno-implicit-fallthrough -fstrict-aliasing -Wprotocol -Wdeprecated-declarations -Wno-sign-conversion -Wno-infinite-recursion -Wno-comma -Wno-block-capture-autoreleasing -Wno-strict-prototypes -Wno-semicolon-before-method-body -index-store-path /Users/khanghnguyen/Library/Developer/Xcode/DerivedData/Wishie-gavmeupfwiyxzhaiqkwzocyeeixy/Index.noindex/DataStore @/Users/khanghnguyen/Library/Developer/Xcode/DerivedData/Wishie-gavmeupfwiyxzhaiqkwzocyeeixy/Build/Intermediates.noindex/SDWebImage.build/Debug-iphoneos/SDWebImage.build/Objects-normal/arm64/e6072d4f65d7061329687fe24e3d63a7-common-args.resp -include /Users/khanghnguyen/Library/Developer/Xcode/DerivedData/Wishie-gavmeupfwiyxzhaiqkwzocyeeixy/Build/Intermediates.noindex/SDWebImage.build/Debug-iphoneos/SDWebImage.build/DerivedSources/resource_bundle_accessor.h -MMD -MT dependencies -MF /Users/khanghnguyen/Library/Developer/Xcode/DerivedData/Wishie-gavmeupfwiyxzhaiqkwzocyeeixy/Build/Intermediates.noindex/SDWebImage.build/Debug-iphoneos/SDWebImage.build/Objects-normal/arm64/SDImageCacheDefine.d --serialize-diagnostics /Users/khanghnguyen/Library/Developer/Xcode/DerivedData/Wishie-gavmeupfwiyxzhaiqkwzocyeeixy/Build/Intermediates.noindex/SDWebImage.build/Debug-iphoneos/SDWebImage.build/Objects-normal/arm64/SDImageCacheDefine.dia -c /Users/khanghnguyen/Library/Developer/Xcode/DerivedData/Wishie-gavmeupfwiyxzhaiqkwzocyeeixy/SourcePackages/checkouts/SDWebImage/SDWebImage/Core/SDImageCacheDefine.m -o /Users/khanghnguyen/Library/Developer/Xcode/DerivedData/Wishie-gavmeupfwiyxzhaiqkwzocyeeixy/Build/Intermediates.noindex/SDWebImage.build/Debug-iphoneos/SDWebImage.build/Objects-normal/arm64/SDImageCacheDefine.o -index-unit-output-path /SDWebImage.build/Debug-iphoneos/SDWebImage.build/Objects-normal/arm64/SDImageCacheDefine.o

CompileC /Users/khanghnguyen/Library/Developer/Xcode/DerivedData/Wishie-gavmeupfwiyxzhaiqkwzocyeeixy/Build/Intermediates.noindex/SDWebImage.build/Debug-iphoneos/SDWebImage.build/Objects-normal/arm64/SDImageCacheConfig.o /Users/khanghnguyen/Library/Developer/Xcode/DerivedData/Wishie-gavmeupfwiyxzhaiqkwzocyeeixy/SourcePackages/checkouts/SDWebImage/SDWebImage/Core/SDImageCacheConfig.m normal arm64 objective-c com.apple.compilers.llvm.clang.1_0.compiler (in target 'SDWebImage' from project 'SDWebImage')
    cd /Users/khanghnguyen/Downloads/Wishie/Wishie.xcodeproj
    
    Using response file: /Users/khanghnguyen/Library/Developer/Xcode/DerivedData/Wishie-gavmeupfwiyxzhaiqkwzocyeeixy/Build/Intermediates.noindex/SDWebImage.build/Debug-iphoneos/SDWebImage.build/Objects-normal/arm64/e6072d4f65d7061329687fe24e3d63a7-common-args.resp
    
    /Applications/Xcode.app/Contents/Developer/Toolchains/XcodeDefault.xctoolchain/usr/bin/clang -x objective-c -ivfsstatcache /Users/khanghnguyen/Library/Developer/Xcode/DerivedData/SDKStatCaches.noindex/iphoneos26.2-23C57-3794476bd08197c3e2abd9bb477ef7f7.sdkstatcache -fmessage-length\=0 -fdiagnostics-show-note-include-stack -fmacro-backtrace-limit\=0 -fno-color-diagnostics -fmodules-prune-interval\=86400 -fmodules-prune-after\=345600 -fbuild-session-file\=/Users/khanghnguyen/Library/Developer/Xcode/DerivedData/ModuleCache.noindex/Session.modulevalidation -fmodules-validate-once-per-build-session -Wnon-modular-include-in-framework-module -Werror\=non-modular-include-in-framework-module -Wno-trigraphs -Wno-missing-field-initializers -Wno-missing-prototypes -Wno-return-type -Wno-implicit-atomic-properties -Wno-objc-interface-ivars -Wno-arc-repeated-use-of-weak -Wno-missing-braces -Wparentheses -Wswitch -Wno-unused-function -Wno-unused-label -Wno-unused-parameter -Wno-unused-variable -Wunused-value -Wno-empty-body -Wno-uninitialized -Wno-unknown-pragmas -w -Wno-shadow -Wno-four-char-constants -Wno-conversion -Wno-constant-conversion -Wno-int-conversion -Wno-bool-conversion -Wno-enum-conversion -Wno-float-conversion -Wno-non-literal-null-conversion -Wno-objc-literal-conversion -Wshorten-64-to-32 -Wpointer-sign -Wno-newline-eof -Wno-selector -Wno-strict-selector-match -Wno-undeclared-selector -Wno-deprecated-implementations -Wno-implicit-fallthrough -fstrict-aliasing -Wprotocol -Wdeprecated-declarations -Wno-sign-conversion -Wno-infinite-recursion -Wno-comma -Wno-block-capture-autoreleasing -Wno-strict-prototypes -Wno-semicolon-before-method-body -index-store-path /Users/khanghnguyen/Library/Developer/Xcode/DerivedData/Wishie-gavmeupfwiyxzhaiqkwzocyeeixy/Index.noindex/DataStore @/Users/khanghnguyen/Library/Developer/Xcode/DerivedData/Wishie-gavmeupfwiyxzhaiqkwzocyeeixy/Build/Intermediates.noindex/SDWebImage.build/Debug-iphoneos/SDWebImage.build/Objects-normal/arm64/e6072d4f65d7061329687fe24e3d63a7-common-args.resp -include /Users/khanghnguyen/Library/Developer/Xcode/DerivedData/Wishie-gavmeupfwiyxzhaiqkwzocyeeixy/Build/Intermediates.noindex/SDWebImage.build/Debug-iphoneos/SDWebImage.build/DerivedSources/resource_bundle_accessor.h -MMD -MT dependencies -MF /Users/khanghnguyen/Library/Developer/Xcode/DerivedData/Wishie-gavmeupfwiyxzhaiqkwzocyeeixy/Build/Intermediates.noindex/SDWebImage.build/Debug-iphoneos/SDWebImage.build/Objects-normal/arm64/SDImageCacheConfig.d --serialize-diagnostics /Users/khanghnguyen/Library/Developer/Xcode/DerivedData/Wishie-gavmeupfwiyxzhaiqkwzocyeeixy/Build/Intermediates.noindex/SDWebImage.build/Debug-iphoneos/SDWebImage.build/Objects-normal/arm64/SDImageCacheConfig.dia -c /Users/khanghnguyen/Library/Developer/Xcode/DerivedData/Wishie-gavmeupfwiyxzhaiqkwzocyeeixy/SourcePackages/checkouts/SDWebImage/SDWebImage/Core/SDImageCacheConfig.m -o /Users/khanghnguyen/Library/Developer/Xcode/DerivedData/Wishie-gavmeupfwiyxzhaiqkwzocyeeixy/Build/Intermediates.noindex/SDWebImage.build/Debug-iphoneos/SDWebImage.build/Objects-normal/arm64/SDImageCacheConfig.o -index-unit-output-path /SDWebImage.build/Debug-iphoneos/SDWebImage.build/Objects-normal/arm64/SDImageCacheConfig.o

CompileC /Users/khanghnguyen/Library/Developer/Xcode/DerivedData/Wishie-gavmeupfwiyxzhaiqkwzocyeeixy/Build/Intermediates.noindex/SDWebImage.build/Debug-iphoneos/SDWebImage.build/Objects-normal/arm64/SDImageCache.o /Users/khanghnguyen/Library/Developer/Xcode/DerivedData/Wishie-gavmeupfwiyxzhaiqkwzocyeeixy/SourcePackages/checkouts/SDWebImage/SDWebImage/Core/SDImageCache.m normal arm64 objective-c com.apple.compilers.llvm.clang.1_0.compiler (in target 'SDWebImage' from project 'SDWebImage')
    cd /Users/khanghnguyen/Downloads/Wishie/Wishie.xcodeproj
    
    Using response file: /Users/khanghnguyen/Library/Developer/Xcode/DerivedData/Wishie-gavmeupfwiyxzhaiqkwzocyeeixy/Build/Intermediates.noindex/SDWebImage.build/Debug-iphoneos/SDWebImage.build/Objects-normal/arm64/e6072d4f65d7061329687fe24e3d63a7-common-args.resp
    
    /Applications/Xcode.app/Contents/Developer/Toolchains/XcodeDefault.xctoolchain/usr/bin/clang -x objective-c -ivfsstatcache /Users/khanghnguyen/Library/Developer/Xcode/DerivedData/SDKStatCaches.noindex/iphoneos26.2-23C57-3794476bd08197c3e2abd9bb477ef7f7.sdkstatcache -fmessage-length\=0 -fdiagnostics-show-note-include-stack -fmacro-backtrace-limit\=0 -fno-color-diagnostics -fmodules-prune-interval\=86400 -fmodules-prune-after\=345600 -fbuild-session-file\=/Users/khanghnguyen/Library/Developer/Xcode/DerivedData/ModuleCache.noindex/Session.modulevalidation -fmodules-validate-once-per-build-session -Wnon-modular-include-in-framework-module -Werror\=non-modular-include-in-framework-module -Wno-trigraphs -Wno-missing-field-initializers -Wno-missing-prototypes -Wno-return-type -Wno-implicit-atomic-properties -Wno-objc-interface-ivars -Wno-arc-repeated-use-of-weak -Wno-missing-braces -Wparentheses -Wswitch -Wno-unused-function -Wno-unused-label -Wno-unused-parameter -Wno-unused-variable -Wunused-value -Wno-empty-body -Wno-uninitialized -Wno-unknown-pragmas -w -Wno-shadow -Wno-four-char-constants -Wno-conversion -Wno-constant-conversion -Wno-int-conversion -Wno-bool-conversion -Wno-enum-conversion -Wno-float-conversion -Wno-non-literal-null-conversion -Wno-objc-literal-conversion -Wshorten-64-to-32 -Wpointer-sign -Wno-newline-eof -Wno-selector -Wno-strict-selector-match -Wno-undeclared-selector -Wno-deprecated-implementations -Wno-implicit-fallthrough -fstrict-aliasing -Wprotocol -Wdeprecated-declarations -Wno-sign-conversion -Wno-infinite-recursion -Wno-comma -Wno-block-capture-autoreleasing -Wno-strict-prototypes -Wno-semicolon-before-method-body -index-store-path /Users/khanghnguyen/Library/Developer/Xcode/DerivedData/Wishie-gavmeupfwiyxzhaiqkwzocyeeixy/Index.noindex/DataStore @/Users/khanghnguyen/Library/Developer/Xcode/DerivedData/Wishie-gavmeupfwiyxzhaiqkwzocyeeixy/Build/Intermediates.noindex/SDWebImage.build/Debug-iphoneos/SDWebImage.build/Objects-normal/arm64/e6072d4f65d7061329687fe24e3d63a7-common-args.resp -include /Users/khanghnguyen/Library/Developer/Xcode/DerivedData/Wishie-gavmeupfwiyxzhaiqkwzocyeeixy/Build/Intermediates.noindex/SDWebImage.build/Debug-iphoneos/SDWebImage.build/DerivedSources/resource_bundle_accessor.h -MMD -MT dependencies -MF /Users/khanghnguyen/Library/Developer/Xcode/DerivedData/Wishie-gavmeupfwiyxzhaiqkwzocyeeixy/Build/Intermediates.noindex/SDWebImage.build/Debug-iphoneos/SDWebImage.build/Objects-normal/arm64/SDImageCache.d --serialize-diagnostics /Users/khanghnguyen/Library/Developer/Xcode/DerivedData/Wishie-gavmeupfwiyxzhaiqkwzocyeeixy/Build/Intermediates.noindex/SDWebImage.build/Debug-iphoneos/SDWebImage.build/Objects-normal/arm64/SDImageCache.dia -c /Users/khanghnguyen/Library/Developer/Xcode/DerivedData/Wishie-gavmeupfwiyxzhaiqkwzocyeeixy/SourcePackages/checkouts/SDWebImage/SDWebImage/Core/SDImageCache.m -o /Users/khanghnguyen/Library/Developer/Xcode/DerivedData/Wishie-gavmeupfwiyxzhaiqkwzocyeeixy/Build/Intermediates.noindex/SDWebImage.build/Debug-iphoneos/SDWebImage.build/Objects-normal/arm64/SDImageCache.o -index-unit-output-path /SDWebImage.build/Debug-iphoneos/SDWebImage.build/Objects-normal/arm64/SDImageCache.o

CompileC /Users/khanghnguyen/Library/Developer/Xcode/DerivedData/Wishie-gavmeupfwiyxzhaiqkwzocyeeixy/Build/Intermediates.noindex/SDWebImage.build/Debug-iphoneos/SDWebImage.build/Objects-normal/arm64/SDImageAssetManager.o /Users/khanghnguyen/Library/Developer/Xcode/DerivedData/Wishie-gavmeupfwiyxzhaiqkwzocyeeixy/SourcePackages/checkouts/SDWebImage/SDWebImage/Private/SDImageAssetManager.m normal arm64 objective-c com.apple.compilers.llvm.clang.1_0.compiler (in target 'SDWebImage' from project 'SDWebImage')
    cd /Users/khanghnguyen/Downloads/Wishie/Wishie.xcodeproj
    
    Using response file: /Users/khanghnguyen/Library/Developer/Xcode/DerivedData/Wishie-gavmeupfwiyxzhaiqkwzocyeeixy/Build/Intermediates.noindex/SDWebImage.build/Debug-iphoneos/SDWebImage.build/Objects-normal/arm64/e6072d4f65d7061329687fe24e3d63a7-common-args.resp
    
    /Applications/Xcode.app/Contents/Developer/Toolchains/XcodeDefault.xctoolchain/usr/bin/clang -x objective-c -ivfsstatcache /Users/khanghnguyen/Library/Developer/Xcode/DerivedData/SDKStatCaches.noindex/iphoneos26.2-23C57-3794476bd08197c3e2abd9bb477ef7f7.sdkstatcache -fmessage-length\=0 -fdiagnostics-show-note-include-stack -fmacro-backtrace-limit\=0 -fno-color-diagnostics -fmodules-prune-interval\=86400 -fmodules-prune-after\=345600 -fbuild-session-file\=/Users/khanghnguyen/Library/Developer/Xcode/DerivedData/ModuleCache.noindex/Session.modulevalidation -fmodules-validate-once-per-build-session -Wnon-modular-include-in-framework-module -Werror\=non-modular-include-in-framework-module -Wno-trigraphs -Wno-missing-field-initializers -Wno-missing-prototypes -Wno-return-type -Wno-implicit-atomic-properties -Wno-objc-interface-ivars -Wno-arc-repeated-use-of-weak -Wno-missing-braces -Wparentheses -Wswitch -Wno-unused-function -Wno-unused-label -Wno-unused-parameter -Wno-unused-variable -Wunused-value -Wno-empty-body -Wno-uninitialized -Wno-unknown-pragmas -w -Wno-shadow -Wno-four-char-constants -Wno-conversion -Wno-constant-conversion -Wno-int-conversion -Wno-bool-conversion -Wno-enum-conversion -Wno-float-conversion -Wno-non-literal-null-conversion -Wno-objc-literal-conversion -Wshorten-64-to-32 -Wpointer-sign -Wno-newline-eof -Wno-selector -Wno-strict-selector-match -Wno-undeclared-selector -Wno-deprecated-implementations -Wno-implicit-fallthrough -fstrict-aliasing -Wprotocol -Wdeprecated-declarations -Wno-sign-conversion -Wno-infinite-recursion -Wno-comma -Wno-block-capture-autoreleasing -Wno-strict-prototypes -Wno-semicolon-before-method-body -index-store-path /Users/khanghnguyen/Library/Developer/Xcode/DerivedData/Wishie-gavmeupfwiyxzhaiqkwzocyeeixy/Index.noindex/DataStore @/Users/khanghnguyen/Library/Developer/Xcode/DerivedData/Wishie-gavmeupfwiyxzhaiqkwzocyeeixy/Build/Intermediates.noindex/SDWebImage.build/Debug-iphoneos/SDWebImage.build/Objects-normal/arm64/e6072d4f65d7061329687fe24e3d63a7-common-args.resp -include /Users/khanghnguyen/Library/Developer/Xcode/DerivedData/Wishie-gavmeupfwiyxzhaiqkwzocyeeixy/Build/Intermediates.noindex/SDWebImage.build/Debug-iphoneos/SDWebImage.build/DerivedSources/resource_bundle_accessor.h -MMD -MT dependencies -MF /Users/khanghnguyen/Library/Developer/Xcode/DerivedData/Wishie-gavmeupfwiyxzhaiqkwzocyeeixy/Build/Intermediates.noindex/SDWebImage.build/Debug-iphoneos/SDWebImage.build/Objects-normal/arm64/SDImageAssetManager.d --serialize-diagnostics /Users/khanghnguyen/Library/Developer/Xcode/DerivedData/Wishie-gavmeupfwiyxzhaiqkwzocyeeixy/Build/Intermediates.noindex/SDWebImage.build/Debug-iphoneos/SDWebImage.build/Objects-normal/arm64/SDImageAssetManager.dia -c /Users/khanghnguyen/Library/Developer/Xcode/DerivedData/Wishie-gavmeupfwiyxzhaiqkwzocyeeixy/SourcePackages/checkouts/SDWebImage/SDWebImage/Private/SDImageAssetManager.m -o /Users/khanghnguyen/Library/Developer/Xcode/DerivedData/Wishie-gavmeupfwiyxzhaiqkwzocyeeixy/Build/Intermediates.noindex/SDWebImage.build/Debug-iphoneos/SDWebImage.build/Objects-normal/arm64/SDImageAssetManager.o -index-unit-output-path /SDWebImage.build/Debug-iphoneos/SDWebImage.build/Objects-normal/arm64/SDImageAssetManager.o

CompileC /Users/khanghnguyen/Library/Developer/Xcode/DerivedData/Wishie-gavmeupfwiyxzhaiqkwzocyeeixy/Build/Intermediates.noindex/SDWebImage.build/Debug-iphoneos/SDWebImage.build/Objects-normal/arm64/SDImageAWebPCoder.o /Users/khanghnguyen/Library/Developer/Xcode/DerivedData/Wishie-gavmeupfwiyxzhaiqkwzocyeeixy/SourcePackages/checkouts/SDWebImage/SDWebImage/Core/SDImageAWebPCoder.m normal arm64 objective-c com.apple.compilers.llvm.clang.1_0.compiler (in target 'SDWebImage' from project 'SDWebImage')
    cd /Users/khanghnguyen/Downloads/Wishie/Wishie.xcodeproj
    
    Using response file: /Users/khanghnguyen/Library/Developer/Xcode/DerivedData/Wishie-gavmeupfwiyxzhaiqkwzocyeeixy/Build/Intermediates.noindex/SDWebImage.build/Debug-iphoneos/SDWebImage.build/Objects-normal/arm64/e6072d4f65d7061329687fe24e3d63a7-common-args.resp
    
    /Applications/Xcode.app/Contents/Developer/Toolchains/XcodeDefault.xctoolchain/usr/bin/clang -x objective-c -ivfsstatcache /Users/khanghnguyen/Library/Developer/Xcode/DerivedData/SDKStatCaches.noindex/iphoneos26.2-23C57-3794476bd08197c3e2abd9bb477ef7f7.sdkstatcache -fmessage-length\=0 -fdiagnostics-show-note-include-stack -fmacro-backtrace-limit\=0 -fno-color-diagnostics -fmodules-prune-interval\=86400 -fmodules-prune-after\=345600 -fbuild-session-file\=/Users/khanghnguyen/Library/Developer/Xcode/DerivedData/ModuleCache.noindex/Session.modulevalidation -fmodules-validate-once-per-build-session -Wnon-modular-include-in-framework-module -Werror\=non-modular-include-in-framework-module -Wno-trigraphs -Wno-missing-field-initializers -Wno-missing-prototypes -Wno-return-type -Wno-implicit-atomic-properties -Wno-objc-interface-ivars -Wno-arc-repeated-use-of-weak -Wno-missing-braces -Wparentheses -Wswitch -Wno-unused-function -Wno-unused-label -Wno-unused-parameter -Wno-unused-variable -Wunused-value -Wno-empty-body -Wno-uninitialized -Wno-unknown-pragmas -w -Wno-shadow -Wno-four-char-constants -Wno-conversion -Wno-constant-conversion -Wno-int-conversion -Wno-bool-conversion -Wno-enum-conversion -Wno-float-conversion -Wno-non-literal-null-conversion -Wno-objc-literal-conversion -Wshorten-64-to-32 -Wpointer-sign -Wno-newline-eof -Wno-selector -Wno-strict-selector-match -Wno-undeclared-selector -Wno-deprecated-implementations -Wno-implicit-fallthrough -fstrict-aliasing -Wprotocol -Wdeprecated-declarations -Wno-sign-conversion -Wno-infinite-recursion -Wno-comma -Wno-block-capture-autoreleasing -Wno-strict-prototypes -Wno-semicolon-before-method-body -index-store-path /Users/khanghnguyen/Library/Developer/Xcode/DerivedData/Wishie-gavmeupfwiyxzhaiqkwzocyeeixy/Index.noindex/DataStore @/Users/khanghnguyen/Library/Developer/Xcode/DerivedData/Wishie-gavmeupfwiyxzhaiqkwzocyeeixy/Build/Intermediates.noindex/SDWebImage.build/Debug-iphoneos/SDWebImage.build/Objects-normal/arm64/e6072d4f65d7061329687fe24e3d63a7-common-args.resp -include /Users/khanghnguyen/Library/Developer/Xcode/DerivedData/Wishie-gavmeupfwiyxzhaiqkwzocyeeixy/Build/Intermediates.noindex/SDWebImage.build/Debug-iphoneos/SDWebImage.build/DerivedSources/resource_bundle_accessor.h -MMD -MT dependencies -MF /Users/khanghnguyen/Library/Developer/Xcode/DerivedData/Wishie-gavmeupfwiyxzhaiqkwzocyeeixy/Build/Intermediates.noindex/SDWebImage.build/Debug-iphoneos/SDWebImage.build/Objects-normal/arm64/SDImageAWebPCoder.d --serialize-diagnostics /Users/khanghnguyen/Library/Developer/Xcode/DerivedData/Wishie-gavmeupfwiyxzhaiqkwzocyeeixy/Build/Intermediates.noindex/SDWebImage.build/Debug-iphoneos/SDWebImage.build/Objects-normal/arm64/SDImageAWebPCoder.dia -c /Users/khanghnguyen/Library/Developer/Xcode/DerivedData/Wishie-gavmeupfwiyxzhaiqkwzocyeeixy/SourcePackages/checkouts/SDWebImage/SDWebImage/Core/SDImageAWebPCoder.m -o /Users/khanghnguyen/Library/Developer/Xcode/DerivedData/Wishie-gavmeupfwiyxzhaiqkwzocyeeixy/Build/Intermediates.noindex/SDWebImage.build/Debug-iphoneos/SDWebImage.build/Objects-normal/arm64/SDImageAWebPCoder.o -index-unit-output-path /SDWebImage.build/Debug-iphoneos/SDWebImage.build/Objects-normal/arm64/SDImageAWebPCoder.o

CompileC /Users/khanghnguyen/Library/Developer/Xcode/DerivedData/Wishie-gavmeupfwiyxzhaiqkwzocyeeixy/Build/Intermediates.noindex/SDWebImage.build/Debug-iphoneos/SDWebImage.build/Objects-normal/arm64/SDImageAPNGCoder.o /Users/khanghnguyen/Library/Developer/Xcode/DerivedData/Wishie-gavmeupfwiyxzhaiqkwzocyeeixy/SourcePackages/checkouts/SDWebImage/SDWebImage/Core/SDImageAPNGCoder.m normal arm64 objective-c com.apple.compilers.llvm.clang.1_0.compiler (in target 'SDWebImage' from project 'SDWebImage')
    cd /Users/khanghnguyen/Downloads/Wishie/Wishie.xcodeproj
    
    Using response file: /Users/khanghnguyen/Library/Developer/Xcode/DerivedData/Wishie-gavmeupfwiyxzhaiqkwzocyeeixy/Build/Intermediates.noindex/SDWebImage.build/Debug-iphoneos/SDWebImage.build/Objects-normal/arm64/e6072d4f65d7061329687fe24e3d63a7-common-args.resp
    
    /Applications/Xcode.app/Contents/Developer/Toolchains/XcodeDefault.xctoolchain/usr/bin/clang -x objective-c -ivfsstatcache /Users/khanghnguyen/Library/Developer/Xcode/DerivedData/SDKStatCaches.noindex/iphoneos26.2-23C57-3794476bd08197c3e2abd9bb477ef7f7.sdkstatcache -fmessage-length\=0 -fdiagnostics-show-note-include-stack -fmacro-backtrace-limit\=0 -fno-color-diagnostics -fmodules-prune-interval\=86400 -fmodules-prune-after\=345600 -fbuild-session-file\=/Users/khanghnguyen/Library/Developer/Xcode/DerivedData/ModuleCache.noindex/Session.modulevalidation -fmodules-validate-once-per-build-session -Wnon-modular-include-in-framework-module -Werror\=non-modular-include-in-framework-module -Wno-trigraphs -Wno-missing-field-initializers -Wno-missing-prototypes -Wno-return-type -Wno-implicit-atomic-properties -Wno-objc-interface-ivars -Wno-arc-repeated-use-of-weak -Wno-missing-braces -Wparentheses -Wswitch -Wno-unused-function -Wno-unused-label -Wno-unused-parameter -Wno-unused-variable -Wunused-value -Wno-empty-body -Wno-uninitialized -Wno-unknown-pragmas -w -Wno-shadow -Wno-four-char-constants -Wno-conversion -Wno-constant-conversion -Wno-int-conversion -Wno-bool-conversion -Wno-enum-conversion -Wno-float-conversion -Wno-non-literal-null-conversion -Wno-objc-literal-conversion -Wshorten-64-to-32 -Wpointer-sign -Wno-newline-eof -Wno-selector -Wno-strict-selector-match -Wno-undeclared-selector -Wno-deprecated-implementations -Wno-implicit-fallthrough -fstrict-aliasing -Wprotocol -Wdeprecated-declarations -Wno-sign-conversion -Wno-infinite-recursion -Wno-comma -Wno-block-capture-autoreleasing -Wno-strict-prototypes -Wno-semicolon-before-method-body -index-store-path /Users/khanghnguyen/Library/Developer/Xcode/DerivedData/Wishie-gavmeupfwiyxzhaiqkwzocyeeixy/Index.noindex/DataStore @/Users/khanghnguyen/Library/Developer/Xcode/DerivedData/Wishie-gavmeupfwiyxzhaiqkwzocyeeixy/Build/Intermediates.noindex/SDWebImage.build/Debug-iphoneos/SDWebImage.build/Objects-normal/arm64/e6072d4f65d7061329687fe24e3d63a7-common-args.resp -include /Users/khanghnguyen/Library/Developer/Xcode/DerivedData/Wishie-gavmeupfwiyxzhaiqkwzocyeeixy/Build/Intermediates.noindex/SDWebImage.build/Debug-iphoneos/SDWebImage.build/DerivedSources/resource_bundle_accessor.h -MMD -MT dependencies -MF /Users/khanghnguyen/Library/Developer/Xcode/DerivedData/Wishie-gavmeupfwiyxzhaiqkwzocyeeixy/Build/Intermediates.noindex/SDWebImage.build/Debug-iphoneos/SDWebImage.build/Objects-normal/arm64/SDImageAPNGCoder.d --serialize-diagnostics /Users/khanghnguyen/Library/Developer/Xcode/DerivedData/Wishie-gavmeupfwiyxzhaiqkwzocyeeixy/Build/Intermediates.noindex/SDWebImage.build/Debug-iphoneos/SDWebImage.build/Objects-normal/arm64/SDImageAPNGCoder.dia -c /Users/khanghnguyen/Library/Developer/Xcode/DerivedData/Wishie-gavmeupfwiyxzhaiqkwzocyeeixy/SourcePackages/checkouts/SDWebImage/SDWebImage/Core/SDImageAPNGCoder.m -o /Users/khanghnguyen/Library/Developer/Xcode/DerivedData/Wishie-gavmeupfwiyxzhaiqkwzocyeeixy/Build/Intermediates.noindex/SDWebImage.build/Debug-iphoneos/SDWebImage.build/Objects-normal/arm64/SDImageAPNGCoder.o -index-unit-output-path /SDWebImage.build/Debug-iphoneos/SDWebImage.build/Objects-normal/arm64/SDImageAPNGCoder.o

CompileC /Users/khanghnguyen/Library/Developer/Xcode/DerivedData/Wishie-gavmeupfwiyxzhaiqkwzocyeeixy/Build/Intermediates.noindex/SDWebImage.build/Debug-iphoneos/SDWebImage.build/Objects-normal/arm64/SDGraphicsImageRenderer.o /Users/khanghnguyen/Library/Developer/Xcode/DerivedData/Wishie-gavmeupfwiyxzhaiqkwzocyeeixy/SourcePackages/checkouts/SDWebImage/SDWebImage/Core/SDGraphicsImageRenderer.m normal arm64 objective-c com.apple.compilers.llvm.clang.1_0.compiler (in target 'SDWebImage' from project 'SDWebImage')
    cd /Users/khanghnguyen/Downloads/Wishie/Wishie.xcodeproj
    
    Using response file: /Users/khanghnguyen/Library/Developer/Xcode/DerivedData/Wishie-gavmeupfwiyxzhaiqkwzocyeeixy/Build/Intermediates.noindex/SDWebImage.build/Debug-iphoneos/SDWebImage.build/Objects-normal/arm64/e6072d4f65d7061329687fe24e3d63a7-common-args.resp
    
    /Applications/Xcode.app/Contents/Developer/Toolchains/XcodeDefault.xctoolchain/usr/bin/clang -x objective-c -ivfsstatcache /Users/khanghnguyen/Library/Developer/Xcode/DerivedData/SDKStatCaches.noindex/iphoneos26.2-23C57-3794476bd08197c3e2abd9bb477ef7f7.sdkstatcache -fmessage-length\=0 -fdiagnostics-show-note-include-stack -fmacro-backtrace-limit\=0 -fno-color-diagnostics -fmodules-prune-interval\=86400 -fmodules-prune-after\=345600 -fbuild-session-file\=/Users/khanghnguyen/Library/Developer/Xcode/DerivedData/ModuleCache.noindex/Session.modulevalidation -fmodules-validate-once-per-build-session -Wnon-modular-include-in-framework-module -Werror\=non-modular-include-in-framework-module -Wno-trigraphs -Wno-missing-field-initializers -Wno-missing-prototypes -Wno-return-type -Wno-implicit-atomic-properties -Wno-objc-interface-ivars -Wno-arc-repeated-use-of-weak -Wno-missing-braces -Wparentheses -Wswitch -Wno-unused-function -Wno-unused-label -Wno-unused-parameter -Wno-unused-variable -Wunused-value -Wno-empty-body -Wno-uninitialized -Wno-unknown-pragmas -w -Wno-shadow -Wno-four-char-constants -Wno-conversion -Wno-constant-conversion -Wno-int-conversion -Wno-bool-conversion -Wno-enum-conversion -Wno-float-conversion -Wno-non-literal-null-conversion -Wno-objc-literal-conversion -Wshorten-64-to-32 -Wpointer-sign -Wno-newline-eof -Wno-selector -Wno-strict-selector-match -Wno-undeclared-selector -Wno-deprecated-implementations -Wno-implicit-fallthrough -fstrict-aliasing -Wprotocol -Wdeprecated-declarations -Wno-sign-conversion -Wno-infinite-recursion -Wno-comma -Wno-block-capture-autoreleasing -Wno-strict-prototypes -Wno-semicolon-before-method-body -index-store-path /Users/khanghnguyen/Library/Developer/Xcode/DerivedData/Wishie-gavmeupfwiyxzhaiqkwzocyeeixy/Index.noindex/DataStore @/Users/khanghnguyen/Library/Developer/Xcode/DerivedData/Wishie-gavmeupfwiyxzhaiqkwzocyeeixy/Build/Intermediates.noindex/SDWebImage.build/Debug-iphoneos/SDWebImage.build/Objects-normal/arm64/e6072d4f65d7061329687fe24e3d63a7-common-args.resp -include /Users/khanghnguyen/Library/Developer/Xcode/DerivedData/Wishie-gavmeupfwiyxzhaiqkwzocyeeixy/Build/Intermediates.noindex/SDWebImage.build/Debug-iphoneos/SDWebImage.build/DerivedSources/resource_bundle_accessor.h -MMD -MT dependencies -MF /Users/khanghnguyen/Library/Developer/Xcode/DerivedData/Wishie-gavmeupfwiyxzhaiqkwzocyeeixy/Build/Intermediates.noindex/SDWebImage.build/Debug-iphoneos/SDWebImage.build/Objects-normal/arm64/SDGraphicsImageRenderer.d --serialize-diagnostics /Users/khanghnguyen/Library/Developer/Xcode/DerivedData/Wishie-gavmeupfwiyxzhaiqkwzocyeeixy/Build/Intermediates.noindex/SDWebImage.build/Debug-iphoneos/SDWebImage.build/Objects-normal/arm64/SDGraphicsImageRenderer.dia -c /Users/khanghnguyen/Library/Developer/Xcode/DerivedData/Wishie-gavmeupfwiyxzhaiqkwzocyeeixy/SourcePackages/checkouts/SDWebImage/SDWebImage/Core/SDGraphicsImageRenderer.m -o /Users/khanghnguyen/Library/Developer/Xcode/DerivedData/Wishie-gavmeupfwiyxzhaiqkwzocyeeixy/Build/Intermediates.noindex/SDWebImage.build/Debug-iphoneos/SDWebImage.build/Objects-normal/arm64/SDGraphicsImageRenderer.o -index-unit-output-path /SDWebImage.build/Debug-iphoneos/SDWebImage.build/Objects-normal/arm64/SDGraphicsImageRenderer.o

CompileC /Users/khanghnguyen/Library/Developer/Xcode/DerivedData/Wishie-gavmeupfwiyxzhaiqkwzocyeeixy/Build/Intermediates.noindex/SDWebImage.build/Debug-iphoneos/SDWebImage.build/Objects-normal/arm64/SDDisplayLink.o /Users/khanghnguyen/Library/Developer/Xcode/DerivedData/Wishie-gavmeupfwiyxzhaiqkwzocyeeixy/SourcePackages/checkouts/SDWebImage/SDWebImage/Private/SDDisplayLink.m normal arm64 objective-c com.apple.compilers.llvm.clang.1_0.compiler (in target 'SDWebImage' from project 'SDWebImage')
    cd /Users/khanghnguyen/Downloads/Wishie/Wishie.xcodeproj
    
    Using response file: /Users/khanghnguyen/Library/Developer/Xcode/DerivedData/Wishie-gavmeupfwiyxzhaiqkwzocyeeixy/Build/Intermediates.noindex/SDWebImage.build/Debug-iphoneos/SDWebImage.build/Objects-normal/arm64/e6072d4f65d7061329687fe24e3d63a7-common-args.resp
    
    /Applications/Xcode.app/Contents/Developer/Toolchains/XcodeDefault.xctoolchain/usr/bin/clang -x objective-c -ivfsstatcache /Users/khanghnguyen/Library/Developer/Xcode/DerivedData/SDKStatCaches.noindex/iphoneos26.2-23C57-3794476bd08197c3e2abd9bb477ef7f7.sdkstatcache -fmessage-length\=0 -fdiagnostics-show-note-include-stack -fmacro-backtrace-limit\=0 -fno-color-diagnostics -fmodules-prune-interval\=86400 -fmodules-prune-after\=345600 -fbuild-session-file\=/Users/khanghnguyen/Library/Developer/Xcode/DerivedData/ModuleCache.noindex/Session.modulevalidation -fmodules-validate-once-per-build-session -Wnon-modular-include-in-framework-module -Werror\=non-modular-include-in-framework-module -Wno-trigraphs -Wno-missing-field-initializers -Wno-missing-prototypes -Wno-return-type -Wno-implicit-atomic-properties -Wno-objc-interface-ivars -Wno-arc-repeated-use-of-weak -Wno-missing-braces -Wparentheses -Wswitch -Wno-unused-function -Wno-unused-label -Wno-unused-parameter -Wno-unused-variable -Wunused-value -Wno-empty-body -Wno-uninitialized -Wno-unknown-pragmas -w -Wno-shadow -Wno-four-char-constants -Wno-conversion -Wno-constant-conversion -Wno-int-conversion -Wno-bool-conversion -Wno-enum-conversion -Wno-float-conversion -Wno-non-literal-null-conversion -Wno-objc-literal-conversion -Wshorten-64-to-32 -Wpointer-sign -Wno-newline-eof -Wno-selector -Wno-strict-selector-match -Wno-undeclared-selector -Wno-deprecated-implementations -Wno-implicit-fallthrough -fstrict-aliasing -Wprotocol -Wdeprecated-declarations -Wno-sign-conversion -Wno-infinite-recursion -Wno-comma -Wno-block-capture-autoreleasing -Wno-strict-prototypes -Wno-semicolon-before-method-body -index-store-path /Users/khanghnguyen/Library/Developer/Xcode/DerivedData/Wishie-gavmeupfwiyxzhaiqkwzocyeeixy/Index.noindex/DataStore @/Users/khanghnguyen/Library/Developer/Xcode/DerivedData/Wishie-gavmeupfwiyxzhaiqkwzocyeeixy/Build/Intermediates.noindex/SDWebImage.build/Debug-iphoneos/SDWebImage.build/Objects-normal/arm64/e6072d4f65d7061329687fe24e3d63a7-common-args.resp -include /Users/khanghnguyen/Library/Developer/Xcode/DerivedData/Wishie-gavmeupfwiyxzhaiqkwzocyeeixy/Build/Intermediates.noindex/SDWebImage.build/Debug-iphoneos/SDWebImage.build/DerivedSources/resource_bundle_accessor.h -MMD -MT dependencies -MF /Users/khanghnguyen/Library/Developer/Xcode/DerivedData/Wishie-gavmeupfwiyxzhaiqkwzocyeeixy/Build/Intermediates.noindex/SDWebImage.build/Debug-iphoneos/SDWebImage.build/Objects-normal/arm64/SDDisplayLink.d --serialize-diagnostics /Users/khanghnguyen/Library/Developer/Xcode/DerivedData/Wishie-gavmeupfwiyxzhaiqkwzocyeeixy/Build/Intermediates.noindex/SDWebImage.build/Debug-iphoneos/SDWebImage.build/Objects-normal/arm64/SDDisplayLink.dia -c /Users/khanghnguyen/Library/Developer/Xcode/DerivedData/Wishie-gavmeupfwiyxzhaiqkwzocyeeixy/SourcePackages/checkouts/SDWebImage/SDWebImage/Private/SDDisplayLink.m -o /Users/khanghnguyen/Library/Developer/Xcode/DerivedData/Wishie-gavmeupfwiyxzhaiqkwzocyeeixy/Build/Intermediates.noindex/SDWebImage.build/Debug-iphoneos/SDWebImage.build/Objects-normal/arm64/SDDisplayLink.o -index-unit-output-path /SDWebImage.build/Debug-iphoneos/SDWebImage.build/Objects-normal/arm64/SDDisplayLink.o

CompileC /Users/khanghnguyen/Library/Developer/Xcode/DerivedData/Wishie-gavmeupfwiyxzhaiqkwzocyeeixy/Build/Intermediates.noindex/SDWebImage.build/Debug-iphoneos/SDWebImage.build/Objects-normal/arm64/SDDiskCache.o /Users/khanghnguyen/Library/Developer/Xcode/DerivedData/Wishie-gavmeupfwiyxzhaiqkwzocyeeixy/SourcePackages/checkouts/SDWebImage/SDWebImage/Core/SDDiskCache.m normal arm64 objective-c com.apple.compilers.llvm.clang.1_0.compiler (in target 'SDWebImage' from project 'SDWebImage')
    cd /Users/khanghnguyen/Downloads/Wishie/Wishie.xcodeproj
    
    Using response file: /Users/khanghnguyen/Library/Developer/Xcode/DerivedData/Wishie-gavmeupfwiyxzhaiqkwzocyeeixy/Build/Intermediates.noindex/SDWebImage.build/Debug-iphoneos/SDWebImage.build/Objects-normal/arm64/e6072d4f65d7061329687fe24e3d63a7-common-args.resp
    
    /Applications/Xcode.app/Contents/Developer/Toolchains/XcodeDefault.xctoolchain/usr/bin/clang -x objective-c -ivfsstatcache /Users/khanghnguyen/Library/Developer/Xcode/DerivedData/SDKStatCaches.noindex/iphoneos26.2-23C57-3794476bd08197c3e2abd9bb477ef7f7.sdkstatcache -fmessage-length\=0 -fdiagnostics-show-note-include-stack -fmacro-backtrace-limit\=0 -fno-color-diagnostics -fmodules-prune-interval\=86400 -fmodules-prune-after\=345600 -fbuild-session-file\=/Users/khanghnguyen/Library/Developer/Xcode/DerivedData/ModuleCache.noindex/Session.modulevalidation -fmodules-validate-once-per-build-session -Wnon-modular-include-in-framework-module -Werror\=non-modular-include-in-framework-module -Wno-trigraphs -Wno-missing-field-initializers -Wno-missing-prototypes -Wno-return-type -Wno-implicit-atomic-properties -Wno-objc-interface-ivars -Wno-arc-repeated-use-of-weak -Wno-missing-braces -Wparentheses -Wswitch -Wno-unused-function -Wno-unused-label -Wno-unused-parameter -Wno-unused-variable -Wunused-value -Wno-empty-body -Wno-uninitialized -Wno-unknown-pragmas -w -Wno-shadow -Wno-four-char-constants -Wno-conversion -Wno-constant-conversion -Wno-int-conversion -Wno-bool-conversion -Wno-enum-conversion -Wno-float-conversion -Wno-non-literal-null-conversion -Wno-objc-literal-conversion -Wshorten-64-to-32 -Wpointer-sign -Wno-newline-eof -Wno-selector -Wno-strict-selector-match -Wno-undeclared-selector -Wno-deprecated-implementations -Wno-implicit-fallthrough -fstrict-aliasing -Wprotocol -Wdeprecated-declarations -Wno-sign-conversion -Wno-infinite-recursion -Wno-comma -Wno-block-capture-autoreleasing -Wno-strict-prototypes -Wno-semicolon-before-method-body -index-store-path /Users/khanghnguyen/Library/Developer/Xcode/DerivedData/Wishie-gavmeupfwiyxzhaiqkwzocyeeixy/Index.noindex/DataStore @/Users/khanghnguyen/Library/Developer/Xcode/DerivedData/Wishie-gavmeupfwiyxzhaiqkwzocyeeixy/Build/Intermediates.noindex/SDWebImage.build/Debug-iphoneos/SDWebImage.build/Objects-normal/arm64/e6072d4f65d7061329687fe24e3d63a7-common-args.resp -include /Users/khanghnguyen/Library/Developer/Xcode/DerivedData/Wishie-gavmeupfwiyxzhaiqkwzocyeeixy/Build/Intermediates.noindex/SDWebImage.build/Debug-iphoneos/SDWebImage.build/DerivedSources/resource_bundle_accessor.h -MMD -MT dependencies -MF /Users/khanghnguyen/Library/Developer/Xcode/DerivedData/Wishie-gavmeupfwiyxzhaiqkwzocyeeixy/Build/Intermediates.noindex/SDWebImage.build/Debug-iphoneos/SDWebImage.build/Objects-normal/arm64/SDDiskCache.d --serialize-diagnostics /Users/khanghnguyen/Library/Developer/Xcode/DerivedData/Wishie-gavmeupfwiyxzhaiqkwzocyeeixy/Build/Intermediates.noindex/SDWebImage.build/Debug-iphoneos/SDWebImage.build/Objects-normal/arm64/SDDiskCache.dia -c /Users/khanghnguyen/Library/Developer/Xcode/DerivedData/Wishie-gavmeupfwiyxzhaiqkwzocyeeixy/SourcePackages/checkouts/SDWebImage/SDWebImage/Core/SDDiskCache.m -o /Users/khanghnguyen/Library/Developer/Xcode/DerivedData/Wishie-gavmeupfwiyxzhaiqkwzocyeeixy/Build/Intermediates.noindex/SDWebImage.build/Debug-iphoneos/SDWebImage.build/Objects-normal/arm64/SDDiskCache.o -index-unit-output-path /SDWebImage.build/Debug-iphoneos/SDWebImage.build/Objects-normal/arm64/SDDiskCache.o

CompileC /Users/khanghnguyen/Library/Developer/Xcode/DerivedData/Wishie-gavmeupfwiyxzhaiqkwzocyeeixy/Build/Intermediates.noindex/SDWebImage.build/Debug-iphoneos/SDWebImage.build/Objects-normal/arm64/SDDeviceHelper.o /Users/khanghnguyen/Library/Developer/Xcode/DerivedData/Wishie-gavmeupfwiyxzhaiqkwzocyeeixy/SourcePackages/checkouts/SDWebImage/SDWebImage/Private/SDDeviceHelper.m normal arm64 objective-c com.apple.compilers.llvm.clang.1_0.compiler (in target 'SDWebImage' from project 'SDWebImage')
    cd /Users/khanghnguyen/Downloads/Wishie/Wishie.xcodeproj
    
    Using response file: /Users/khanghnguyen/Library/Developer/Xcode/DerivedData/Wishie-gavmeupfwiyxzhaiqkwzocyeeixy/Build/Intermediates.noindex/SDWebImage.build/Debug-iphoneos/SDWebImage.build/Objects-normal/arm64/e6072d4f65d7061329687fe24e3d63a7-common-args.resp
    
    /Applications/Xcode.app/Contents/Developer/Toolchains/XcodeDefault.xctoolchain/usr/bin/clang -x objective-c -ivfsstatcache /Users/khanghnguyen/Library/Developer/Xcode/DerivedData/SDKStatCaches.noindex/iphoneos26.2-23C57-3794476bd08197c3e2abd9bb477ef7f7.sdkstatcache -fmessage-length\=0 -fdiagnostics-show-note-include-stack -fmacro-backtrace-limit\=0 -fno-color-diagnostics -fmodules-prune-interval\=86400 -fmodules-prune-after\=345600 -fbuild-session-file\=/Users/khanghnguyen/Library/Developer/Xcode/DerivedData/ModuleCache.noindex/Session.modulevalidation -fmodules-validate-once-per-build-session -Wnon-modular-include-in-framework-module -Werror\=non-modular-include-in-framework-module -Wno-trigraphs -Wno-missing-field-initializers -Wno-missing-prototypes -Wno-return-type -Wno-implicit-atomic-properties -Wno-objc-interface-ivars -Wno-arc-repeated-use-of-weak -Wno-missing-braces -Wparentheses -Wswitch -Wno-unused-function -Wno-unused-label -Wno-unused-parameter -Wno-unused-variable -Wunused-value -Wno-empty-body -Wno-uninitialized -Wno-unknown-pragmas -w -Wno-shadow -Wno-four-char-constants -Wno-conversion -Wno-constant-conversion -Wno-int-conversion -Wno-bool-conversion -Wno-enum-conversion -Wno-float-conversion -Wno-non-literal-null-conversion -Wno-objc-literal-conversion -Wshorten-64-to-32 -Wpointer-sign -Wno-newline-eof -Wno-selector -Wno-strict-selector-match -Wno-undeclared-selector -Wno-deprecated-implementations -Wno-implicit-fallthrough -fstrict-aliasing -Wprotocol -Wdeprecated-declarations -Wno-sign-conversion -Wno-infinite-recursion -Wno-comma -Wno-block-capture-autoreleasing -Wno-strict-prototypes -Wno-semicolon-before-method-body -index-store-path /Users/khanghnguyen/Library/Developer/Xcode/DerivedData/Wishie-gavmeupfwiyxzhaiqkwzocyeeixy/Index.noindex/DataStore @/Users/khanghnguyen/Library/Developer/Xcode/DerivedData/Wishie-gavmeupfwiyxzhaiqkwzocyeeixy/Build/Intermediates.noindex/SDWebImage.build/Debug-iphoneos/SDWebImage.build/Objects-normal/arm64/e6072d4f65d7061329687fe24e3d63a7-common-args.resp -include /Users/khanghnguyen/Library/Developer/Xcode/DerivedData/Wishie-gavmeupfwiyxzhaiqkwzocyeeixy/Build/Intermediates.noindex/SDWebImage.build/Debug-iphoneos/SDWebImage.build/DerivedSources/resource_bundle_accessor.h -MMD -MT dependencies -MF /Users/khanghnguyen/Library/Developer/Xcode/DerivedData/Wishie-gavmeupfwiyxzhaiqkwzocyeeixy/Build/Intermediates.noindex/SDWebImage.build/Debug-iphoneos/SDWebImage.build/Objects-normal/arm64/SDDeviceHelper.d --serialize-diagnostics /Users/khanghnguyen/Library/Developer/Xcode/DerivedData/Wishie-gavmeupfwiyxzhaiqkwzocyeeixy/Build/Intermediates.noindex/SDWebImage.build/Debug-iphoneos/SDWebImage.build/Objects-normal/arm64/SDDeviceHelper.dia -c /Users/khanghnguyen/Library/Developer/Xcode/DerivedData/Wishie-gavmeupfwiyxzhaiqkwzocyeeixy/SourcePackages/checkouts/SDWebImage/SDWebImage/Private/SDDeviceHelper.m -o /Users/khanghnguyen/Library/Developer/Xcode/DerivedData/Wishie-gavmeupfwiyxzhaiqkwzocyeeixy/Build/Intermediates.noindex/SDWebImage.build/Debug-iphoneos/SDWebImage.build/Objects-normal/arm64/SDDeviceHelper.o -index-unit-output-path /SDWebImage.build/Debug-iphoneos/SDWebImage.build/Objects-normal/arm64/SDDeviceHelper.o

CompileC /Users/khanghnguyen/Library/Developer/Xcode/DerivedData/Wishie-gavmeupfwiyxzhaiqkwzocyeeixy/Build/Intermediates.noindex/SDWebImage.build/Debug-iphoneos/SDWebImage.build/Objects-normal/arm64/SDCallbackQueue.o /Users/khanghnguyen/Library/Developer/Xcode/DerivedData/Wishie-gavmeupfwiyxzhaiqkwzocyeeixy/SourcePackages/checkouts/SDWebImage/SDWebImage/Core/SDCallbackQueue.m normal arm64 objective-c com.apple.compilers.llvm.clang.1_0.compiler (in target 'SDWebImage' from project 'SDWebImage')
    cd /Users/khanghnguyen/Downloads/Wishie/Wishie.xcodeproj
    
    Using response file: /Users/khanghnguyen/Library/Developer/Xcode/DerivedData/Wishie-gavmeupfwiyxzhaiqkwzocyeeixy/Build/Intermediates.noindex/SDWebImage.build/Debug-iphoneos/SDWebImage.build/Objects-normal/arm64/e6072d4f65d7061329687fe24e3d63a7-common-args.resp
    
    /Applications/Xcode.app/Contents/Developer/Toolchains/XcodeDefault.xctoolchain/usr/bin/clang -x objective-c -ivfsstatcache /Users/khanghnguyen/Library/Developer/Xcode/DerivedData/SDKStatCaches.noindex/iphoneos26.2-23C57-3794476bd08197c3e2abd9bb477ef7f7.sdkstatcache -fmessage-length\=0 -fdiagnostics-show-note-include-stack -fmacro-backtrace-limit\=0 -fno-color-diagnostics -fmodules-prune-interval\=86400 -fmodules-prune-after\=345600 -fbuild-session-file\=/Users/khanghnguyen/Library/Developer/Xcode/DerivedData/ModuleCache.noindex/Session.modulevalidation -fmodules-validate-once-per-build-session -Wnon-modular-include-in-framework-module -Werror\=non-modular-include-in-framework-module -Wno-trigraphs -Wno-missing-field-initializers -Wno-missing-prototypes -Wno-return-type -Wno-implicit-atomic-properties -Wno-objc-interface-ivars -Wno-arc-repeated-use-of-weak -Wno-missing-braces -Wparentheses -Wswitch -Wno-unused-function -Wno-unused-label -Wno-unused-parameter -Wno-unused-variable -Wunused-value -Wno-empty-body -Wno-uninitialized -Wno-unknown-pragmas -w -Wno-shadow -Wno-four-char-constants -Wno-conversion -Wno-constant-conversion -Wno-int-conversion -Wno-bool-conversion -Wno-enum-conversion -Wno-float-conversion -Wno-non-literal-null-conversion -Wno-objc-literal-conversion -Wshorten-64-to-32 -Wpointer-sign -Wno-newline-eof -Wno-selector -Wno-strict-selector-match -Wno-undeclared-selector -Wno-deprecated-implementations -Wno-implicit-fallthrough -fstrict-aliasing -Wprotocol -Wdeprecated-declarations -Wno-sign-conversion -Wno-infinite-recursion -Wno-comma -Wno-block-capture-autoreleasing -Wno-strict-prototypes -Wno-semicolon-before-method-body -index-store-path /Users/khanghnguyen/Library/Developer/Xcode/DerivedData/Wishie-gavmeupfwiyxzhaiqkwzocyeeixy/Index.noindex/DataStore @/Users/khanghnguyen/Library/Developer/Xcode/DerivedData/Wishie-gavmeupfwiyxzhaiqkwzocyeeixy/Build/Intermediates.noindex/SDWebImage.build/Debug-iphoneos/SDWebImage.build/Objects-normal/arm64/e6072d4f65d7061329687fe24e3d63a7-common-args.resp -include /Users/khanghnguyen/Library/Developer/Xcode/DerivedData/Wishie-gavmeupfwiyxzhaiqkwzocyeeixy/Build/Intermediates.noindex/SDWebImage.build/Debug-iphoneos/SDWebImage.build/DerivedSources/resource_bundle_accessor.h -MMD -MT dependencies -MF /Users/khanghnguyen/Library/Developer/Xcode/DerivedData/Wishie-gavmeupfwiyxzhaiqkwzocyeeixy/Build/Intermediates.noindex/SDWebImage.build/Debug-iphoneos/SDWebImage.build/Objects-normal/arm64/SDCallbackQueue.d --serialize-diagnostics /Users/khanghnguyen/Library/Developer/Xcode/DerivedData/Wishie-gavmeupfwiyxzhaiqkwzocyeeixy/Build/Intermediates.noindex/SDWebImage.build/Debug-iphoneos/SDWebImage.build/Objects-normal/arm64/SDCallbackQueue.dia -c /Users/khanghnguyen/Library/Developer/Xcode/DerivedData/Wishie-gavmeupfwiyxzhaiqkwzocyeeixy/SourcePackages/checkouts/SDWebImage/SDWebImage/Core/SDCallbackQueue.m -o /Users/khanghnguyen/Library/Developer/Xcode/DerivedData/Wishie-gavmeupfwiyxzhaiqkwzocyeeixy/Build/Intermediates.noindex/SDWebImage.build/Debug-iphoneos/SDWebImage.build/Objects-normal/arm64/SDCallbackQueue.o -index-unit-output-path /SDWebImage.build/Debug-iphoneos/SDWebImage.build/Objects-normal/arm64/SDCallbackQueue.o

CompileC /Users/khanghnguyen/Library/Developer/Xcode/DerivedData/Wishie-gavmeupfwiyxzhaiqkwzocyeeixy/Build/Intermediates.noindex/SDWebImage.build/Debug-iphoneos/SDWebImage.build/Objects-normal/arm64/SDAsyncBlockOperation.o /Users/khanghnguyen/Library/Developer/Xcode/DerivedData/Wishie-gavmeupfwiyxzhaiqkwzocyeeixy/SourcePackages/checkouts/SDWebImage/SDWebImage/Private/SDAsyncBlockOperation.m normal arm64 objective-c com.apple.compilers.llvm.clang.1_0.compiler (in target 'SDWebImage' from project 'SDWebImage')
    cd /Users/khanghnguyen/Downloads/Wishie/Wishie.xcodeproj
    
    Using response file: /Users/khanghnguyen/Library/Developer/Xcode/DerivedData/Wishie-gavmeupfwiyxzhaiqkwzocyeeixy/Build/Intermediates.noindex/SDWebImage.build/Debug-iphoneos/SDWebImage.build/Objects-normal/arm64/e6072d4f65d7061329687fe24e3d63a7-common-args.resp
    
    /Applications/Xcode.app/Contents/Developer/Toolchains/XcodeDefault.xctoolchain/usr/bin/clang -x objective-c -ivfsstatcache /Users/khanghnguyen/Library/Developer/Xcode/DerivedData/SDKStatCaches.noindex/iphoneos26.2-23C57-3794476bd08197c3e2abd9bb477ef7f7.sdkstatcache -fmessage-length\=0 -fdiagnostics-show-note-include-stack -fmacro-backtrace-limit\=0 -fno-color-diagnostics -fmodules-prune-interval\=86400 -fmodules-prune-after\=345600 -fbuild-session-file\=/Users/khanghnguyen/Library/Developer/Xcode/DerivedData/ModuleCache.noindex/Session.modulevalidation -fmodules-validate-once-per-build-session -Wnon-modular-include-in-framework-module -Werror\=non-modular-include-in-framework-module -Wno-trigraphs -Wno-missing-field-initializers -Wno-missing-prototypes -Wno-return-type -Wno-implicit-atomic-properties -Wno-objc-interface-ivars -Wno-arc-repeated-use-of-weak -Wno-missing-braces -Wparentheses -Wswitch -Wno-unused-function -Wno-unused-label -Wno-unused-parameter -Wno-unused-variable -Wunused-value -Wno-empty-body -Wno-uninitialized -Wno-unknown-pragmas -w -Wno-shadow -Wno-four-char-constants -Wno-conversion -Wno-constant-conversion -Wno-int-conversion -Wno-bool-conversion -Wno-enum-conversion -Wno-float-conversion -Wno-non-literal-null-conversion -Wno-objc-literal-conversion -Wshorten-64-to-32 -Wpointer-sign -Wno-newline-eof -Wno-selector -Wno-strict-selector-match -Wno-undeclared-selector -Wno-deprecated-implementations -Wno-implicit-fallthrough -fstrict-aliasing -Wprotocol -Wdeprecated-declarations -Wno-sign-conversion -Wno-infinite-recursion -Wno-comma -Wno-block-capture-autoreleasing -Wno-strict-prototypes -Wno-semicolon-before-method-body -index-store-path /Users/khanghnguyen/Library/Developer/Xcode/DerivedData/Wishie-gavmeupfwiyxzhaiqkwzocyeeixy/Index.noindex/DataStore @/Users/khanghnguyen/Library/Developer/Xcode/DerivedData/Wishie-gavmeupfwiyxzhaiqkwzocyeeixy/Build/Intermediates.noindex/SDWebImage.build/Debug-iphoneos/SDWebImage.build/Objects-normal/arm64/e6072d4f65d7061329687fe24e3d63a7-common-args.resp -include /Users/khanghnguyen/Library/Developer/Xcode/DerivedData/Wishie-gavmeupfwiyxzhaiqkwzocyeeixy/Build/Intermediates.noindex/SDWebImage.build/Debug-iphoneos/SDWebImage.build/DerivedSources/resource_bundle_accessor.h -MMD -MT dependencies -MF /Users/khanghnguyen/Library/Developer/Xcode/DerivedData/Wishie-gavmeupfwiyxzhaiqkwzocyeeixy/Build/Intermediates.noindex/SDWebImage.build/Debug-iphoneos/SDWebImage.build/Objects-normal/arm64/SDAsyncBlockOperation.d --serialize-diagnostics /Users/khanghnguyen/Library/Developer/Xcode/DerivedData/Wishie-gavmeupfwiyxzhaiqkwzocyeeixy/Build/Intermediates.noindex/SDWebImage.build/Debug-iphoneos/SDWebImage.build/Objects-normal/arm64/SDAsyncBlockOperation.dia -c /Users/khanghnguyen/Library/Developer/Xcode/DerivedData/Wishie-gavmeupfwiyxzhaiqkwzocyeeixy/SourcePackages/checkouts/SDWebImage/SDWebImage/Private/SDAsyncBlockOperation.m -o /Users/khanghnguyen/Library/Developer/Xcode/DerivedData/Wishie-gavmeupfwiyxzhaiqkwzocyeeixy/Build/Intermediates.noindex/SDWebImage.build/Debug-iphoneos/SDWebImage.build/Objects-normal/arm64/SDAsyncBlockOperation.o -index-unit-output-path /SDWebImage.build/Debug-iphoneos/SDWebImage.build/Objects-normal/arm64/SDAsyncBlockOperation.o

CompileC /Users/khanghnguyen/Library/Developer/Xcode/DerivedData/Wishie-gavmeupfwiyxzhaiqkwzocyeeixy/Build/Intermediates.noindex/SDWebImage.build/Debug-iphoneos/SDWebImage.build/Objects-normal/arm64/SDAssociatedObject.o /Users/khanghnguyen/Library/Developer/Xcode/DerivedData/Wishie-gavmeupfwiyxzhaiqkwzocyeeixy/SourcePackages/checkouts/SDWebImage/SDWebImage/Private/SDAssociatedObject.m normal arm64 objective-c com.apple.compilers.llvm.clang.1_0.compiler (in target 'SDWebImage' from project 'SDWebImage')
    cd /Users/khanghnguyen/Downloads/Wishie/Wishie.xcodeproj
    
    Using response file: /Users/khanghnguyen/Library/Developer/Xcode/DerivedData/Wishie-gavmeupfwiyxzhaiqkwzocyeeixy/Build/Intermediates.noindex/SDWebImage.build/Debug-iphoneos/SDWebImage.build/Objects-normal/arm64/e6072d4f65d7061329687fe24e3d63a7-common-args.resp
    
    /Applications/Xcode.app/Contents/Developer/Toolchains/XcodeDefault.xctoolchain/usr/bin/clang -x objective-c -ivfsstatcache /Users/khanghnguyen/Library/Developer/Xcode/DerivedData/SDKStatCaches.noindex/iphoneos26.2-23C57-3794476bd08197c3e2abd9bb477ef7f7.sdkstatcache -fmessage-length\=0 -fdiagnostics-show-note-include-stack -fmacro-backtrace-limit\=0 -fno-color-diagnostics -fmodules-prune-interval\=86400 -fmodules-prune-after\=345600 -fbuild-session-file\=/Users/khanghnguyen/Library/Developer/Xcode/DerivedData/ModuleCache.noindex/Session.modulevalidation -fmodules-validate-once-per-build-session -Wnon-modular-include-in-framework-module -Werror\=non-modular-include-in-framework-module -Wno-trigraphs -Wno-missing-field-initializers -Wno-missing-prototypes -Wno-return-type -Wno-implicit-atomic-properties -Wno-objc-interface-ivars -Wno-arc-repeated-use-of-weak -Wno-missing-braces -Wparentheses -Wswitch -Wno-unused-function -Wno-unused-label -Wno-unused-parameter -Wno-unused-variable -Wunused-value -Wno-empty-body -Wno-uninitialized -Wno-unknown-pragmas -w -Wno-shadow -Wno-four-char-constants -Wno-conversion -Wno-constant-conversion -Wno-int-conversion -Wno-bool-conversion -Wno-enum-conversion -Wno-float-conversion -Wno-non-literal-null-conversion -Wno-objc-literal-conversion -Wshorten-64-to-32 -Wpointer-sign -Wno-newline-eof -Wno-selector -Wno-strict-selector-match -Wno-undeclared-selector -Wno-deprecated-implementations -Wno-implicit-fallthrough -fstrict-aliasing -Wprotocol -Wdeprecated-declarations -Wno-sign-conversion -Wno-infinite-recursion -Wno-comma -Wno-block-capture-autoreleasing -Wno-strict-prototypes -Wno-semicolon-before-method-body -index-store-path /Users/khanghnguyen/Library/Developer/Xcode/DerivedData/Wishie-gavmeupfwiyxzhaiqkwzocyeeixy/Index.noindex/DataStore @/Users/khanghnguyen/Library/Developer/Xcode/DerivedData/Wishie-gavmeupfwiyxzhaiqkwzocyeeixy/Build/Intermediates.noindex/SDWebImage.build/Debug-iphoneos/SDWebImage.build/Objects-normal/arm64/e6072d4f65d7061329687fe24e3d63a7-common-args.resp -include /Users/khanghnguyen/Library/Developer/Xcode/DerivedData/Wishie-gavmeupfwiyxzhaiqkwzocyeeixy/Build/Intermediates.noindex/SDWebImage.build/Debug-iphoneos/SDWebImage.build/DerivedSources/resource_bundle_accessor.h -MMD -MT dependencies -MF /Users/khanghnguyen/Library/Developer/Xcode/DerivedData/Wishie-gavmeupfwiyxzhaiqkwzocyeeixy/Build/Intermediates.noindex/SDWebImage.build/Debug-iphoneos/SDWebImage.build/Objects-normal/arm64/SDAssociatedObject.d --serialize-diagnostics /Users/khanghnguyen/Library/Developer/Xcode/DerivedData/Wishie-gavmeupfwiyxzhaiqkwzocyeeixy/Build/Intermediates.noindex/SDWebImage.build/Debug-iphoneos/SDWebImage.build/Objects-normal/arm64/SDAssociatedObject.dia -c /Users/khanghnguyen/Library/Developer/Xcode/DerivedData/Wishie-gavmeupfwiyxzhaiqkwzocyeeixy/SourcePackages/checkouts/SDWebImage/SDWebImage/Private/SDAssociatedObject.m -o /Users/khanghnguyen/Library/Developer/Xcode/DerivedData/Wishie-gavmeupfwiyxzhaiqkwzocyeeixy/Build/Intermediates.noindex/SDWebImage.build/Debug-iphoneos/SDWebImage.build/Objects-normal/arm64/SDAssociatedObject.o -index-unit-output-path /SDWebImage.build/Debug-iphoneos/SDWebImage.build/Objects-normal/arm64/SDAssociatedObject.o

CompileC /Users/khanghnguyen/Library/Developer/Xcode/DerivedData/Wishie-gavmeupfwiyxzhaiqkwzocyeeixy/Build/Intermediates.noindex/SDWebImage.build/Debug-iphoneos/SDWebImage.build/Objects-normal/arm64/SDAnimatedImageView.o /Users/khanghnguyen/Library/Developer/Xcode/DerivedData/Wishie-gavmeupfwiyxzhaiqkwzocyeeixy/SourcePackages/checkouts/SDWebImage/SDWebImage/Core/SDAnimatedImageView.m normal arm64 objective-c com.apple.compilers.llvm.clang.1_0.compiler (in target 'SDWebImage' from project 'SDWebImage')
    cd /Users/khanghnguyen/Downloads/Wishie/Wishie.xcodeproj
    
    Using response file: /Users/khanghnguyen/Library/Developer/Xcode/DerivedData/Wishie-gavmeupfwiyxzhaiqkwzocyeeixy/Build/Intermediates.noindex/SDWebImage.build/Debug-iphoneos/SDWebImage.build/Objects-normal/arm64/e6072d4f65d7061329687fe24e3d63a7-common-args.resp
    
    /Applications/Xcode.app/Contents/Developer/Toolchains/XcodeDefault.xctoolchain/usr/bin/clang -x objective-c -ivfsstatcache /Users/khanghnguyen/Library/Developer/Xcode/DerivedData/SDKStatCaches.noindex/iphoneos26.2-23C57-3794476bd08197c3e2abd9bb477ef7f7.sdkstatcache -fmessage-length\=0 -fdiagnostics-show-note-include-stack -fmacro-backtrace-limit\=0 -fno-color-diagnostics -fmodules-prune-interval\=86400 -fmodules-prune-after\=345600 -fbuild-session-file\=/Users/khanghnguyen/Library/Developer/Xcode/DerivedData/ModuleCache.noindex/Session.modulevalidation -fmodules-validate-once-per-build-session -Wnon-modular-include-in-framework-module -Werror\=non-modular-include-in-framework-module -Wno-trigraphs -Wno-missing-field-initializers -Wno-missing-prototypes -Wno-return-type -Wno-implicit-atomic-properties -Wno-objc-interface-ivars -Wno-arc-repeated-use-of-weak -Wno-missing-braces -Wparentheses -Wswitch -Wno-unused-function -Wno-unused-label -Wno-unused-parameter -Wno-unused-variable -Wunused-value -Wno-empty-body -Wno-uninitialized -Wno-unknown-pragmas -w -Wno-shadow -Wno-four-char-constants -Wno-conversion -Wno-constant-conversion -Wno-int-conversion -Wno-bool-conversion -Wno-enum-conversion -Wno-float-conversion -Wno-non-literal-null-conversion -Wno-objc-literal-conversion -Wshorten-64-to-32 -Wpointer-sign -Wno-newline-eof -Wno-selector -Wno-strict-selector-match -Wno-undeclared-selector -Wno-deprecated-implementations -Wno-implicit-fallthrough -fstrict-aliasing -Wprotocol -Wdeprecated-declarations -Wno-sign-conversion -Wno-infinite-recursion -Wno-comma -Wno-block-capture-autoreleasing -Wno-strict-prototypes -Wno-semicolon-before-method-body -index-store-path /Users/khanghnguyen/Library/Developer/Xcode/DerivedData/Wishie-gavmeupfwiyxzhaiqkwzocyeeixy/Index.noindex/DataStore @/Users/khanghnguyen/Library/Developer/Xcode/DerivedData/Wishie-gavmeupfwiyxzhaiqkwzocyeeixy/Build/Intermediates.noindex/SDWebImage.build/Debug-iphoneos/SDWebImage.build/Objects-normal/arm64/e6072d4f65d7061329687fe24e3d63a7-common-args.resp -include /Users/khanghnguyen/Library/Developer/Xcode/DerivedData/Wishie-gavmeupfwiyxzhaiqkwzocyeeixy/Build/Intermediates.noindex/SDWebImage.build/Debug-iphoneos/SDWebImage.build/DerivedSources/resource_bundle_accessor.h -MMD -MT dependencies -MF /Users/khanghnguyen/Library/Developer/Xcode/DerivedData/Wishie-gavmeupfwiyxzhaiqkwzocyeeixy/Build/Intermediates.noindex/SDWebImage.build/Debug-iphoneos/SDWebImage.build/Objects-normal/arm64/SDAnimatedImageView.d --serialize-diagnostics /Users/khanghnguyen/Library/Developer/Xcode/DerivedData/Wishie-gavmeupfwiyxzhaiqkwzocyeeixy/Build/Intermediates.noindex/SDWebImage.build/Debug-iphoneos/SDWebImage.build/Objects-normal/arm64/SDAnimatedImageView.dia -c /Users/khanghnguyen/Library/Developer/Xcode/DerivedData/Wishie-gavmeupfwiyxzhaiqkwzocyeeixy/SourcePackages/checkouts/SDWebImage/SDWebImage/Core/SDAnimatedImageView.m -o /Users/khanghnguyen/Library/Developer/Xcode/DerivedData/Wishie-gavmeupfwiyxzhaiqkwzocyeeixy/Build/Intermediates.noindex/SDWebImage.build/Debug-iphoneos/SDWebImage.build/Objects-normal/arm64/SDAnimatedImageView.o -index-unit-output-path /SDWebImage.build/Debug-iphoneos/SDWebImage.build/Objects-normal/arm64/SDAnimatedImageView.o

CompileC /Users/khanghnguyen/Library/Developer/Xcode/DerivedData/Wishie-gavmeupfwiyxzhaiqkwzocyeeixy/Build/Intermediates.noindex/SDWebImage.build/Debug-iphoneos/SDWebImage.build/Objects-normal/arm64/SDAnimatedImageView+WebCache.o /Users/khanghnguyen/Library/Developer/Xcode/DerivedData/Wishie-gavmeupfwiyxzhaiqkwzocyeeixy/SourcePackages/checkouts/SDWebImage/SDWebImage/Core/SDAnimatedImageView+WebCache.m normal arm64 objective-c com.apple.compilers.llvm.clang.1_0.compiler (in target 'SDWebImage' from project 'SDWebImage')
    cd /Users/khanghnguyen/Downloads/Wishie/Wishie.xcodeproj
    
    Using response file: /Users/khanghnguyen/Library/Developer/Xcode/DerivedData/Wishie-gavmeupfwiyxzhaiqkwzocyeeixy/Build/Intermediates.noindex/SDWebImage.build/Debug-iphoneos/SDWebImage.build/Objects-normal/arm64/e6072d4f65d7061329687fe24e3d63a7-common-args.resp
    
    /Applications/Xcode.app/Contents/Developer/Toolchains/XcodeDefault.xctoolchain/usr/bin/clang -x objective-c -ivfsstatcache /Users/khanghnguyen/Library/Developer/Xcode/DerivedData/SDKStatCaches.noindex/iphoneos26.2-23C57-3794476bd08197c3e2abd9bb477ef7f7.sdkstatcache -fmessage-length\=0 -fdiagnostics-show-note-include-stack -fmacro-backtrace-limit\=0 -fno-color-diagnostics -fmodules-prune-interval\=86400 -fmodules-prune-after\=345600 -fbuild-session-file\=/Users/khanghnguyen/Library/Developer/Xcode/DerivedData/ModuleCache.noindex/Session.modulevalidation -fmodules-validate-once-per-build-session -Wnon-modular-include-in-framework-module -Werror\=non-modular-include-in-framework-module -Wno-trigraphs -Wno-missing-field-initializers -Wno-missing-prototypes -Wno-return-type -Wno-implicit-atomic-properties -Wno-objc-interface-ivars -Wno-arc-repeated-use-of-weak -Wno-missing-braces -Wparentheses -Wswitch -Wno-unused-function -Wno-unused-label -Wno-unused-parameter -Wno-unused-variable -Wunused-value -Wno-empty-body -Wno-uninitialized -Wno-unknown-pragmas -w -Wno-shadow -Wno-four-char-constants -Wno-conversion -Wno-constant-conversion -Wno-int-conversion -Wno-bool-conversion -Wno-enum-conversion -Wno-float-conversion -Wno-non-literal-null-conversion -Wno-objc-literal-conversion -Wshorten-64-to-32 -Wpointer-sign -Wno-newline-eof -Wno-selector -Wno-strict-selector-match -Wno-undeclared-selector -Wno-deprecated-implementations -Wno-implicit-fallthrough -fstrict-aliasing -Wprotocol -Wdeprecated-declarations -Wno-sign-conversion -Wno-infinite-recursion -Wno-comma -Wno-block-capture-autoreleasing -Wno-strict-prototypes -Wno-semicolon-before-method-body -index-store-path /Users/khanghnguyen/Library/Developer/Xcode/DerivedData/Wishie-gavmeupfwiyxzhaiqkwzocyeeixy/Index.noindex/DataStore @/Users/khanghnguyen/Library/Developer/Xcode/DerivedData/Wishie-gavmeupfwiyxzhaiqkwzocyeeixy/Build/Intermediates.noindex/SDWebImage.build/Debug-iphoneos/SDWebImage.build/Objects-normal/arm64/e6072d4f65d7061329687fe24e3d63a7-common-args.resp -include /Users/khanghnguyen/Library/Developer/Xcode/DerivedData/Wishie-gavmeupfwiyxzhaiqkwzocyeeixy/Build/Intermediates.noindex/SDWebImage.build/Debug-iphoneos/SDWebImage.build/DerivedSources/resource_bundle_accessor.h -MMD -MT dependencies -MF /Users/khanghnguyen/Library/Developer/Xcode/DerivedData/Wishie-gavmeupfwiyxzhaiqkwzocyeeixy/Build/Intermediates.noindex/SDWebImage.build/Debug-iphoneos/SDWebImage.build/Objects-normal/arm64/SDAnimatedImageView+WebCache.d --serialize-diagnostics /Users/khanghnguyen/Library/Developer/Xcode/DerivedData/Wishie-gavmeupfwiyxzhaiqkwzocyeeixy/Build/Intermediates.noindex/SDWebImage.build/Debug-iphoneos/SDWebImage.build/Objects-normal/arm64/SDAnimatedImageView+WebCache.dia -c /Users/khanghnguyen/Library/Developer/Xcode/DerivedData/Wishie-gavmeupfwiyxzhaiqkwzocyeeixy/SourcePackages/checkouts/SDWebImage/SDWebImage/Core/SDAnimatedImageView+WebCache.m -o /Users/khanghnguyen/Library/Developer/Xcode/DerivedData/Wishie-gavmeupfwiyxzhaiqkwzocyeeixy/Build/Intermediates.noindex/SDWebImage.build/Debug-iphoneos/SDWebImage.build/Objects-normal/arm64/SDAnimatedImageView+WebCache.o -index-unit-output-path /SDWebImage.build/Debug-iphoneos/SDWebImage.build/Objects-normal/arm64/SDAnimatedImageView+WebCache.o

CompileC /Users/khanghnguyen/Library/Developer/Xcode/DerivedData/Wishie-gavmeupfwiyxzhaiqkwzocyeeixy/Build/Intermediates.noindex/SDWebImage.build/Debug-iphoneos/SDWebImage.build/Objects-normal/arm64/SDAnimatedImageRep.o /Users/khanghnguyen/Library/Developer/Xcode/DerivedData/Wishie-gavmeupfwiyxzhaiqkwzocyeeixy/SourcePackages/checkouts/SDWebImage/SDWebImage/Core/SDAnimatedImageRep.m normal arm64 objective-c com.apple.compilers.llvm.clang.1_0.compiler (in target 'SDWebImage' from project 'SDWebImage')
    cd /Users/khanghnguyen/Downloads/Wishie/Wishie.xcodeproj
    
    Using response file: /Users/khanghnguyen/Library/Developer/Xcode/DerivedData/Wishie-gavmeupfwiyxzhaiqkwzocyeeixy/Build/Intermediates.noindex/SDWebImage.build/Debug-iphoneos/SDWebImage.build/Objects-normal/arm64/e6072d4f65d7061329687fe24e3d63a7-common-args.resp
    
    /Applications/Xcode.app/Contents/Developer/Toolchains/XcodeDefault.xctoolchain/usr/bin/clang -x objective-c -ivfsstatcache /Users/khanghnguyen/Library/Developer/Xcode/DerivedData/SDKStatCaches.noindex/iphoneos26.2-23C57-3794476bd08197c3e2abd9bb477ef7f7.sdkstatcache -fmessage-length\=0 -fdiagnostics-show-note-include-stack -fmacro-backtrace-limit\=0 -fno-color-diagnostics -fmodules-prune-interval\=86400 -fmodules-prune-after\=345600 -fbuild-session-file\=/Users/khanghnguyen/Library/Developer/Xcode/DerivedData/ModuleCache.noindex/Session.modulevalidation -fmodules-validate-once-per-build-session -Wnon-modular-include-in-framework-module -Werror\=non-modular-include-in-framework-module -Wno-trigraphs -Wno-missing-field-initializers -Wno-missing-prototypes -Wno-return-type -Wno-implicit-atomic-properties -Wno-objc-interface-ivars -Wno-arc-repeated-use-of-weak -Wno-missing-braces -Wparentheses -Wswitch -Wno-unused-function -Wno-unused-label -Wno-unused-parameter -Wno-unused-variable -Wunused-value -Wno-empty-body -Wno-uninitialized -Wno-unknown-pragmas -w -Wno-shadow -Wno-four-char-constants -Wno-conversion -Wno-constant-conversion -Wno-int-conversion -Wno-bool-conversion -Wno-enum-conversion -Wno-float-conversion -Wno-non-literal-null-conversion -Wno-objc-literal-conversion -Wshorten-64-to-32 -Wpointer-sign -Wno-newline-eof -Wno-selector -Wno-strict-selector-match -Wno-undeclared-selector -Wno-deprecated-implementations -Wno-implicit-fallthrough -fstrict-aliasing -Wprotocol -Wdeprecated-declarations -Wno-sign-conversion -Wno-infinite-recursion -Wno-comma -Wno-block-capture-autoreleasing -Wno-strict-prototypes -Wno-semicolon-before-method-body -index-store-path /Users/khanghnguyen/Library/Developer/Xcode/DerivedData/Wishie-gavmeupfwiyxzhaiqkwzocyeeixy/Index.noindex/DataStore @/Users/khanghnguyen/Library/Developer/Xcode/DerivedData/Wishie-gavmeupfwiyxzhaiqkwzocyeeixy/Build/Intermediates.noindex/SDWebImage.build/Debug-iphoneos/SDWebImage.build/Objects-normal/arm64/e6072d4f65d7061329687fe24e3d63a7-common-args.resp -include /Users/khanghnguyen/Library/Developer/Xcode/DerivedData/Wishie-gavmeupfwiyxzhaiqkwzocyeeixy/Build/Intermediates.noindex/SDWebImage.build/Debug-iphoneos/SDWebImage.build/DerivedSources/resource_bundle_accessor.h -MMD -MT dependencies -MF /Users/khanghnguyen/Library/Developer/Xcode/DerivedData/Wishie-gavmeupfwiyxzhaiqkwzocyeeixy/Build/Intermediates.noindex/SDWebImage.build/Debug-iphoneos/SDWebImage.build/Objects-normal/arm64/SDAnimatedImageRep.d --serialize-diagnostics /Users/khanghnguyen/Library/Developer/Xcode/DerivedData/Wishie-gavmeupfwiyxzhaiqkwzocyeeixy/Build/Intermediates.noindex/SDWebImage.build/Debug-iphoneos/SDWebImage.build/Objects-normal/arm64/SDAnimatedImageRep.dia -c /Users/khanghnguyen/Library/Developer/Xcode/DerivedData/Wishie-gavmeupfwiyxzhaiqkwzocyeeixy/SourcePackages/checkouts/SDWebImage/SDWebImage/Core/SDAnimatedImageRep.m -o /Users/khanghnguyen/Library/Developer/Xcode/DerivedData/Wishie-gavmeupfwiyxzhaiqkwzocyeeixy/Build/Intermediates.noindex/SDWebImage.build/Debug-iphoneos/SDWebImage.build/Objects-normal/arm64/SDAnimatedImageRep.o -index-unit-output-path /SDWebImage.build/Debug-iphoneos/SDWebImage.build/Objects-normal/arm64/SDAnimatedImageRep.o

CompileC /Users/khanghnguyen/Library/Developer/Xcode/DerivedData/Wishie-gavmeupfwiyxzhaiqkwzocyeeixy/Build/Intermediates.noindex/SDWebImage.build/Debug-iphoneos/SDWebImage.build/Objects-normal/arm64/SDAnimatedImagePlayer.o /Users/khanghnguyen/Library/Developer/Xcode/DerivedData/Wishie-gavmeupfwiyxzhaiqkwzocyeeixy/SourcePackages/checkouts/SDWebImage/SDWebImage/Core/SDAnimatedImagePlayer.m normal arm64 objective-c com.apple.compilers.llvm.clang.1_0.compiler (in target 'SDWebImage' from project 'SDWebImage')
    cd /Users/khanghnguyen/Downloads/Wishie/Wishie.xcodeproj
    
    Using response file: /Users/khanghnguyen/Library/Developer/Xcode/DerivedData/Wishie-gavmeupfwiyxzhaiqkwzocyeeixy/Build/Intermediates.noindex/SDWebImage.build/Debug-iphoneos/SDWebImage.build/Objects-normal/arm64/e6072d4f65d7061329687fe24e3d63a7-common-args.resp
    
    /Applications/Xcode.app/Contents/Developer/Toolchains/XcodeDefault.xctoolchain/usr/bin/clang -x objective-c -ivfsstatcache /Users/khanghnguyen/Library/Developer/Xcode/DerivedData/SDKStatCaches.noindex/iphoneos26.2-23C57-3794476bd08197c3e2abd9bb477ef7f7.sdkstatcache -fmessage-length\=0 -fdiagnostics-show-note-include-stack -fmacro-backtrace-limit\=0 -fno-color-diagnostics -fmodules-prune-interval\=86400 -fmodules-prune-after\=345600 -fbuild-session-file\=/Users/khanghnguyen/Library/Developer/Xcode/DerivedData/ModuleCache.noindex/Session.modulevalidation -fmodules-validate-once-per-build-session -Wnon-modular-include-in-framework-module -Werror\=non-modular-include-in-framework-module -Wno-trigraphs -Wno-missing-field-initializers -Wno-missing-prototypes -Wno-return-type -Wno-implicit-atomic-properties -Wno-objc-interface-ivars -Wno-arc-repeated-use-of-weak -Wno-missing-braces -Wparentheses -Wswitch -Wno-unused-function -Wno-unused-label -Wno-unused-parameter -Wno-unused-variable -Wunused-value -Wno-empty-body -Wno-uninitialized -Wno-unknown-pragmas -w -Wno-shadow -Wno-four-char-constants -Wno-conversion -Wno-constant-conversion -Wno-int-conversion -Wno-bool-conversion -Wno-enum-conversion -Wno-float-conversion -Wno-non-literal-null-conversion -Wno-objc-literal-conversion -Wshorten-64-to-32 -Wpointer-sign -Wno-newline-eof -Wno-selector -Wno-strict-selector-match -Wno-undeclared-selector -Wno-deprecated-implementations -Wno-implicit-fallthrough -fstrict-aliasing -Wprotocol -Wdeprecated-declarations -Wno-sign-conversion -Wno-infinite-recursion -Wno-comma -Wno-block-capture-autoreleasing -Wno-strict-prototypes -Wno-semicolon-before-method-body -index-store-path /Users/khanghnguyen/Library/Developer/Xcode/DerivedData/Wishie-gavmeupfwiyxzhaiqkwzocyeeixy/Index.noindex/DataStore @/Users/khanghnguyen/Library/Developer/Xcode/DerivedData/Wishie-gavmeupfwiyxzhaiqkwzocyeeixy/Build/Intermediates.noindex/SDWebImage.build/Debug-iphoneos/SDWebImage.build/Objects-normal/arm64/e6072d4f65d7061329687fe24e3d63a7-common-args.resp -include /Users/khanghnguyen/Library/Developer/Xcode/DerivedData/Wishie-gavmeupfwiyxzhaiqkwzocyeeixy/Build/Intermediates.noindex/SDWebImage.build/Debug-iphoneos/SDWebImage.build/DerivedSources/resource_bundle_accessor.h -MMD -MT dependencies -MF /Users/khanghnguyen/Library/Developer/Xcode/DerivedData/Wishie-gavmeupfwiyxzhaiqkwzocyeeixy/Build/Intermediates.noindex/SDWebImage.build/Debug-iphoneos/SDWebImage.build/Objects-normal/arm64/SDAnimatedImagePlayer.d --serialize-diagnostics /Users/khanghnguyen/Library/Developer/Xcode/DerivedData/Wishie-gavmeupfwiyxzhaiqkwzocyeeixy/Build/Intermediates.noindex/SDWebImage.build/Debug-iphoneos/SDWebImage.build/Objects-normal/arm64/SDAnimatedImagePlayer.dia -c /Users/khanghnguyen/Library/Developer/Xcode/DerivedData/Wishie-gavmeupfwiyxzhaiqkwzocyeeixy/SourcePackages/checkouts/SDWebImage/SDWebImage/Core/SDAnimatedImagePlayer.m -o /Users/khanghnguyen/Library/Developer/Xcode/DerivedData/Wishie-gavmeupfwiyxzhaiqkwzocyeeixy/Build/Intermediates.noindex/SDWebImage.build/Debug-iphoneos/SDWebImage.build/Objects-normal/arm64/SDAnimatedImagePlayer.o -index-unit-output-path /SDWebImage.build/Debug-iphoneos/SDWebImage.build/Objects-normal/arm64/SDAnimatedImagePlayer.o

CompileC /Users/khanghnguyen/Library/Developer/Xcode/DerivedData/Wishie-gavmeupfwiyxzhaiqkwzocyeeixy/Build/Intermediates.noindex/SDWebImage.build/Debug-iphoneos/SDWebImage.build/Objects-normal/arm64/SDAnimatedImage.o /Users/khanghnguyen/Library/Developer/Xcode/DerivedData/Wishie-gavmeupfwiyxzhaiqkwzocyeeixy/SourcePackages/checkouts/SDWebImage/SDWebImage/Core/SDAnimatedImage.m normal arm64 objective-c com.apple.compilers.llvm.clang.1_0.compiler (in target 'SDWebImage' from project 'SDWebImage')
    cd /Users/khanghnguyen/Downloads/Wishie/Wishie.xcodeproj
    
    Using response file: /Users/khanghnguyen/Library/Developer/Xcode/DerivedData/Wishie-gavmeupfwiyxzhaiqkwzocyeeixy/Build/Intermediates.noindex/SDWebImage.build/Debug-iphoneos/SDWebImage.build/Objects-normal/arm64/e6072d4f65d7061329687fe24e3d63a7-common-args.resp
    
    /Applications/Xcode.app/Contents/Developer/Toolchains/XcodeDefault.xctoolchain/usr/bin/clang -x objective-c -ivfsstatcache /Users/khanghnguyen/Library/Developer/Xcode/DerivedData/SDKStatCaches.noindex/iphoneos26.2-23C57-3794476bd08197c3e2abd9bb477ef7f7.sdkstatcache -fmessage-length\=0 -fdiagnostics-show-note-include-stack -fmacro-backtrace-limit\=0 -fno-color-diagnostics -fmodules-prune-interval\=86400 -fmodules-prune-after\=345600 -fbuild-session-file\=/Users/khanghnguyen/Library/Developer/Xcode/DerivedData/ModuleCache.noindex/Session.modulevalidation -fmodules-validate-once-per-build-session -Wnon-modular-include-in-framework-module -Werror\=non-modular-include-in-framework-module -Wno-trigraphs -Wno-missing-field-initializers -Wno-missing-prototypes -Wno-return-type -Wno-implicit-atomic-properties -Wno-objc-interface-ivars -Wno-arc-repeated-use-of-weak -Wno-missing-braces -Wparentheses -Wswitch -Wno-unused-function -Wno-unused-label -Wno-unused-parameter -Wno-unused-variable -Wunused-value -Wno-empty-body -Wno-uninitialized -Wno-unknown-pragmas -w -Wno-shadow -Wno-four-char-constants -Wno-conversion -Wno-constant-conversion -Wno-int-conversion -Wno-bool-conversion -Wno-enum-conversion -Wno-float-conversion -Wno-non-literal-null-conversion -Wno-objc-literal-conversion -Wshorten-64-to-32 -Wpointer-sign -Wno-newline-eof -Wno-selector -Wno-strict-selector-match -Wno-undeclared-selector -Wno-deprecated-implementations -Wno-implicit-fallthrough -fstrict-aliasing -Wprotocol -Wdeprecated-declarations -Wno-sign-conversion -Wno-infinite-recursion -Wno-comma -Wno-block-capture-autoreleasing -Wno-strict-prototypes -Wno-semicolon-before-method-body -index-store-path /Users/khanghnguyen/Library/Developer/Xcode/DerivedData/Wishie-gavmeupfwiyxzhaiqkwzocyeeixy/Index.noindex/DataStore @/Users/khanghnguyen/Library/Developer/Xcode/DerivedData/Wishie-gavmeupfwiyxzhaiqkwzocyeeixy/Build/Intermediates.noindex/SDWebImage.build/Debug-iphoneos/SDWebImage.build/Objects-normal/arm64/e6072d4f65d7061329687fe24e3d63a7-common-args.resp -include /Users/khanghnguyen/Library/Developer/Xcode/DerivedData/Wishie-gavmeupfwiyxzhaiqkwzocyeeixy/Build/Intermediates.noindex/SDWebImage.build/Debug-iphoneos/SDWebImage.build/DerivedSources/resource_bundle_accessor.h -MMD -MT dependencies -MF /Users/khanghnguyen/Library/Developer/Xcode/DerivedData/Wishie-gavmeupfwiyxzhaiqkwzocyeeixy/Build/Intermediates.noindex/SDWebImage.build/Debug-iphoneos/SDWebImage.build/Objects-normal/arm64/SDAnimatedImage.d --serialize-diagnostics /Users/khanghnguyen/Library/Developer/Xcode/DerivedData/Wishie-gavmeupfwiyxzhaiqkwzocyeeixy/Build/Intermediates.noindex/SDWebImage.build/Debug-iphoneos/SDWebImage.build/Objects-normal/arm64/SDAnimatedImage.dia -c /Users/khanghnguyen/Library/Developer/Xcode/DerivedData/Wishie-gavmeupfwiyxzhaiqkwzocyeeixy/SourcePackages/checkouts/SDWebImage/SDWebImage/Core/SDAnimatedImage.m -o /Users/khanghnguyen/Library/Developer/Xcode/DerivedData/Wishie-gavmeupfwiyxzhaiqkwzocyeeixy/Build/Intermediates.noindex/SDWebImage.build/Debug-iphoneos/SDWebImage.build/Objects-normal/arm64/SDAnimatedImage.o -index-unit-output-path /SDWebImage.build/Debug-iphoneos/SDWebImage.build/Objects-normal/arm64/SDAnimatedImage.o

CompileC /Users/khanghnguyen/Library/Developer/Xcode/DerivedData/Wishie-gavmeupfwiyxzhaiqkwzocyeeixy/Build/Intermediates.noindex/SDWebImage.build/Debug-iphoneos/SDWebImage.build/Objects-normal/arm64/NSImage+Compatibility.o /Users/khanghnguyen/Library/Developer/Xcode/DerivedData/Wishie-gavmeupfwiyxzhaiqkwzocyeeixy/SourcePackages/checkouts/SDWebImage/SDWebImage/Core/NSImage+Compatibility.m normal arm64 objective-c com.apple.compilers.llvm.clang.1_0.compiler (in target 'SDWebImage' from project 'SDWebImage')
    cd /Users/khanghnguyen/Downloads/Wishie/Wishie.xcodeproj
    
    Using response file: /Users/khanghnguyen/Library/Developer/Xcode/DerivedData/Wishie-gavmeupfwiyxzhaiqkwzocyeeixy/Build/Intermediates.noindex/SDWebImage.build/Debug-iphoneos/SDWebImage.build/Objects-normal/arm64/e6072d4f65d7061329687fe24e3d63a7-common-args.resp
    
    /Applications/Xcode.app/Contents/Developer/Toolchains/XcodeDefault.xctoolchain/usr/bin/clang -x objective-c -ivfsstatcache /Users/khanghnguyen/Library/Developer/Xcode/DerivedData/SDKStatCaches.noindex/iphoneos26.2-23C57-3794476bd08197c3e2abd9bb477ef7f7.sdkstatcache -fmessage-length\=0 -fdiagnostics-show-note-include-stack -fmacro-backtrace-limit\=0 -fno-color-diagnostics -fmodules-prune-interval\=86400 -fmodules-prune-after\=345600 -fbuild-session-file\=/Users/khanghnguyen/Library/Developer/Xcode/DerivedData/ModuleCache.noindex/Session.modulevalidation -fmodules-validate-once-per-build-session -Wnon-modular-include-in-framework-module -Werror\=non-modular-include-in-framework-module -Wno-trigraphs -Wno-missing-field-initializers -Wno-missing-prototypes -Wno-return-type -Wno-implicit-atomic-properties -Wno-objc-interface-ivars -Wno-arc-repeated-use-of-weak -Wno-missing-braces -Wparentheses -Wswitch -Wno-unused-function -Wno-unused-label -Wno-unused-parameter -Wno-unused-variable -Wunused-value -Wno-empty-body -Wno-uninitialized -Wno-unknown-pragmas -w -Wno-shadow -Wno-four-char-constants -Wno-conversion -Wno-constant-conversion -Wno-int-conversion -Wno-bool-conversion -Wno-enum-conversion -Wno-float-conversion -Wno-non-literal-null-conversion -Wno-objc-literal-conversion -Wshorten-64-to-32 -Wpointer-sign -Wno-newline-eof -Wno-selector -Wno-strict-selector-match -Wno-undeclared-selector -Wno-deprecated-implementations -Wno-implicit-fallthrough -fstrict-aliasing -Wprotocol -Wdeprecated-declarations -Wno-sign-conversion -Wno-infinite-recursion -Wno-comma -Wno-block-capture-autoreleasing -Wno-strict-prototypes -Wno-semicolon-before-method-body -index-store-path /Users/khanghnguyen/Library/Developer/Xcode/DerivedData/Wishie-gavmeupfwiyxzhaiqkwzocyeeixy/Index.noindex/DataStore @/Users/khanghnguyen/Library/Developer/Xcode/DerivedData/Wishie-gavmeupfwiyxzhaiqkwzocyeeixy/Build/Intermediates.noindex/SDWebImage.build/Debug-iphoneos/SDWebImage.build/Objects-normal/arm64/e6072d4f65d7061329687fe24e3d63a7-common-args.resp -include /Users/khanghnguyen/Library/Developer/Xcode/DerivedData/Wishie-gavmeupfwiyxzhaiqkwzocyeeixy/Build/Intermediates.noindex/SDWebImage.build/Debug-iphoneos/SDWebImage.build/DerivedSources/resource_bundle_accessor.h -MMD -MT dependencies -MF /Users/khanghnguyen/Library/Developer/Xcode/DerivedData/Wishie-gavmeupfwiyxzhaiqkwzocyeeixy/Build/Intermediates.noindex/SDWebImage.build/Debug-iphoneos/SDWebImage.build/Objects-normal/arm64/NSImage+Compatibility.d --serialize-diagnostics /Users/khanghnguyen/Library/Developer/Xcode/DerivedData/Wishie-gavmeupfwiyxzhaiqkwzocyeeixy/Build/Intermediates.noindex/SDWebImage.build/Debug-iphoneos/SDWebImage.build/Objects-normal/arm64/NSImage+Compatibility.dia -c /Users/khanghnguyen/Library/Developer/Xcode/DerivedData/Wishie-gavmeupfwiyxzhaiqkwzocyeeixy/SourcePackages/checkouts/SDWebImage/SDWebImage/Core/NSImage+Compatibility.m -o /Users/khanghnguyen/Library/Developer/Xcode/DerivedData/Wishie-gavmeupfwiyxzhaiqkwzocyeeixy/Build/Intermediates.noindex/SDWebImage.build/Debug-iphoneos/SDWebImage.build/Objects-normal/arm64/NSImage+Compatibility.o -index-unit-output-path /SDWebImage.build/Debug-iphoneos/SDWebImage.build/Objects-normal/arm64/NSImage+Compatibility.o

CompileC /Users/khanghnguyen/Library/Developer/Xcode/DerivedData/Wishie-gavmeupfwiyxzhaiqkwzocyeeixy/Build/Intermediates.noindex/SDWebImage.build/Debug-iphoneos/SDWebImage.build/Objects-normal/arm64/NSData+ImageContentType.o /Users/khanghnguyen/Library/Developer/Xcode/DerivedData/Wishie-gavmeupfwiyxzhaiqkwzocyeeixy/SourcePackages/checkouts/SDWebImage/SDWebImage/Core/NSData+ImageContentType.m normal arm64 objective-c com.apple.compilers.llvm.clang.1_0.compiler (in target 'SDWebImage' from project 'SDWebImage')
    cd /Users/khanghnguyen/Downloads/Wishie/Wishie.xcodeproj
    
    Using response file: /Users/khanghnguyen/Library/Developer/Xcode/DerivedData/Wishie-gavmeupfwiyxzhaiqkwzocyeeixy/Build/Intermediates.noindex/SDWebImage.build/Debug-iphoneos/SDWebImage.build/Objects-normal/arm64/e6072d4f65d7061329687fe24e3d63a7-common-args.resp
    
    /Applications/Xcode.app/Contents/Developer/Toolchains/XcodeDefault.xctoolchain/usr/bin/clang -x objective-c -ivfsstatcache /Users/khanghnguyen/Library/Developer/Xcode/DerivedData/SDKStatCaches.noindex/iphoneos26.2-23C57-3794476bd08197c3e2abd9bb477ef7f7.sdkstatcache -fmessage-length\=0 -fdiagnostics-show-note-include-stack -fmacro-backtrace-limit\=0 -fno-color-diagnostics -fmodules-prune-interval\=86400 -fmodules-prune-after\=345600 -fbuild-session-file\=/Users/khanghnguyen/Library/Developer/Xcode/DerivedData/ModuleCache.noindex/Session.modulevalidation -fmodules-validate-once-per-build-session -Wnon-modular-include-in-framework-module -Werror\=non-modular-include-in-framework-module -Wno-trigraphs -Wno-missing-field-initializers -Wno-missing-prototypes -Wno-return-type -Wno-implicit-atomic-properties -Wno-objc-interface-ivars -Wno-arc-repeated-use-of-weak -Wno-missing-braces -Wparentheses -Wswitch -Wno-unused-function -Wno-unused-label -Wno-unused-parameter -Wno-unused-variable -Wunused-value -Wno-empty-body -Wno-uninitialized -Wno-unknown-pragmas -w -Wno-shadow -Wno-four-char-constants -Wno-conversion -Wno-constant-conversion -Wno-int-conversion -Wno-bool-conversion -Wno-enum-conversion -Wno-float-conversion -Wno-non-literal-null-conversion -Wno-objc-literal-conversion -Wshorten-64-to-32 -Wpointer-sign -Wno-newline-eof -Wno-selector -Wno-strict-selector-match -Wno-undeclared-selector -Wno-deprecated-implementations -Wno-implicit-fallthrough -fstrict-aliasing -Wprotocol -Wdeprecated-declarations -Wno-sign-conversion -Wno-infinite-recursion -Wno-comma -Wno-block-capture-autoreleasing -Wno-strict-prototypes -Wno-semicolon-before-method-body -index-store-path /Users/khanghnguyen/Library/Developer/Xcode/DerivedData/Wishie-gavmeupfwiyxzhaiqkwzocyeeixy/Index.noindex/DataStore @/Users/khanghnguyen/Library/Developer/Xcode/DerivedData/Wishie-gavmeupfwiyxzhaiqkwzocyeeixy/Build/Intermediates.noindex/SDWebImage.build/Debug-iphoneos/SDWebImage.build/Objects-normal/arm64/e6072d4f65d7061329687fe24e3d63a7-common-args.resp -include /Users/khanghnguyen/Library/Developer/Xcode/DerivedData/Wishie-gavmeupfwiyxzhaiqkwzocyeeixy/Build/Intermediates.noindex/SDWebImage.build/Debug-iphoneos/SDWebImage.build/DerivedSources/resource_bundle_accessor.h -MMD -MT dependencies -MF /Users/khanghnguyen/Library/Developer/Xcode/DerivedData/Wishie-gavmeupfwiyxzhaiqkwzocyeeixy/Build/Intermediates.noindex/SDWebImage.build/Debug-iphoneos/SDWebImage.build/Objects-normal/arm64/NSData+ImageContentType.d --serialize-diagnostics /Users/khanghnguyen/Library/Developer/Xcode/DerivedData/Wishie-gavmeupfwiyxzhaiqkwzocyeeixy/Build/Intermediates.noindex/SDWebImage.build/Debug-iphoneos/SDWebImage.build/Objects-normal/arm64/NSData+ImageContentType.dia -c /Users/khanghnguyen/Library/Developer/Xcode/DerivedData/Wishie-gavmeupfwiyxzhaiqkwzocyeeixy/SourcePackages/checkouts/SDWebImage/SDWebImage/Core/NSData+ImageContentType.m -o /Users/khanghnguyen/Library/Developer/Xcode/DerivedData/Wishie-gavmeupfwiyxzhaiqkwzocyeeixy/Build/Intermediates.noindex/SDWebImage.build/Debug-iphoneos/SDWebImage.build/Objects-normal/arm64/NSData+ImageContentType.o -index-unit-output-path /SDWebImage.build/Debug-iphoneos/SDWebImage.build/Objects-normal/arm64/NSData+ImageContentType.o

CompileC /Users/khanghnguyen/Library/Developer/Xcode/DerivedData/Wishie-gavmeupfwiyxzhaiqkwzocyeeixy/Build/Intermediates.noindex/SDWebImage.build/Debug-iphoneos/SDWebImage.build/Objects-normal/arm64/NSButton+WebCache.o /Users/khanghnguyen/Library/Developer/Xcode/DerivedData/Wishie-gavmeupfwiyxzhaiqkwzocyeeixy/SourcePackages/checkouts/SDWebImage/SDWebImage/Core/NSButton+WebCache.m normal arm64 objective-c com.apple.compilers.llvm.clang.1_0.compiler (in target 'SDWebImage' from project 'SDWebImage')
    cd /Users/khanghnguyen/Downloads/Wishie/Wishie.xcodeproj
    
    Using response file: /Users/khanghnguyen/Library/Developer/Xcode/DerivedData/Wishie-gavmeupfwiyxzhaiqkwzocyeeixy/Build/Intermediates.noindex/SDWebImage.build/Debug-iphoneos/SDWebImage.build/Objects-normal/arm64/e6072d4f65d7061329687fe24e3d63a7-common-args.resp
    
    /Applications/Xcode.app/Contents/Developer/Toolchains/XcodeDefault.xctoolchain/usr/bin/clang -x objective-c -ivfsstatcache /Users/khanghnguyen/Library/Developer/Xcode/DerivedData/SDKStatCaches.noindex/iphoneos26.2-23C57-3794476bd08197c3e2abd9bb477ef7f7.sdkstatcache -fmessage-length\=0 -fdiagnostics-show-note-include-stack -fmacro-backtrace-limit\=0 -fno-color-diagnostics -fmodules-prune-interval\=86400 -fmodules-prune-after\=345600 -fbuild-session-file\=/Users/khanghnguyen/Library/Developer/Xcode/DerivedData/ModuleCache.noindex/Session.modulevalidation -fmodules-validate-once-per-build-session -Wnon-modular-include-in-framework-module -Werror\=non-modular-include-in-framework-module -Wno-trigraphs -Wno-missing-field-initializers -Wno-missing-prototypes -Wno-return-type -Wno-implicit-atomic-properties -Wno-objc-interface-ivars -Wno-arc-repeated-use-of-weak -Wno-missing-braces -Wparentheses -Wswitch -Wno-unused-function -Wno-unused-label -Wno-unused-parameter -Wno-unused-variable -Wunused-value -Wno-empty-body -Wno-uninitialized -Wno-unknown-pragmas -w -Wno-shadow -Wno-four-char-constants -Wno-conversion -Wno-constant-conversion -Wno-int-conversion -Wno-bool-conversion -Wno-enum-conversion -Wno-float-conversion -Wno-non-literal-null-conversion -Wno-objc-literal-conversion -Wshorten-64-to-32 -Wpointer-sign -Wno-newline-eof -Wno-selector -Wno-strict-selector-match -Wno-undeclared-selector -Wno-deprecated-implementations -Wno-implicit-fallthrough -fstrict-aliasing -Wprotocol -Wdeprecated-declarations -Wno-sign-conversion -Wno-infinite-recursion -Wno-comma -Wno-block-capture-autoreleasing -Wno-strict-prototypes -Wno-semicolon-before-method-body -index-store-path /Users/khanghnguyen/Library/Developer/Xcode/DerivedData/Wishie-gavmeupfwiyxzhaiqkwzocyeeixy/Index.noindex/DataStore @/Users/khanghnguyen/Library/Developer/Xcode/DerivedData/Wishie-gavmeupfwiyxzhaiqkwzocyeeixy/Build/Intermediates.noindex/SDWebImage.build/Debug-iphoneos/SDWebImage.build/Objects-normal/arm64/e6072d4f65d7061329687fe24e3d63a7-common-args.resp -include /Users/khanghnguyen/Library/Developer/Xcode/DerivedData/Wishie-gavmeupfwiyxzhaiqkwzocyeeixy/Build/Intermediates.noindex/SDWebImage.build/Debug-iphoneos/SDWebImage.build/DerivedSources/resource_bundle_accessor.h -MMD -MT dependencies -MF /Users/khanghnguyen/Library/Developer/Xcode/DerivedData/Wishie-gavmeupfwiyxzhaiqkwzocyeeixy/Build/Intermediates.noindex/SDWebImage.build/Debug-iphoneos/SDWebImage.build/Objects-normal/arm64/NSButton+WebCache.d --serialize-diagnostics /Users/khanghnguyen/Library/Developer/Xcode/DerivedData/Wishie-gavmeupfwiyxzhaiqkwzocyeeixy/Build/Intermediates.noindex/SDWebImage.build/Debug-iphoneos/SDWebImage.build/Objects-normal/arm64/NSButton+WebCache.dia -c /Users/khanghnguyen/Library/Developer/Xcode/DerivedData/Wishie-gavmeupfwiyxzhaiqkwzocyeeixy/SourcePackages/checkouts/SDWebImage/SDWebImage/Core/NSButton+WebCache.m -o /Users/khanghnguyen/Library/Developer/Xcode/DerivedData/Wishie-gavmeupfwiyxzhaiqkwzocyeeixy/Build/Intermediates.noindex/SDWebImage.build/Debug-iphoneos/SDWebImage.build/Objects-normal/arm64/NSButton+WebCache.o -index-unit-output-path /SDWebImage.build/Debug-iphoneos/SDWebImage.build/Objects-normal/arm64/NSButton+WebCache.o

CompileC /Users/khanghnguyen/Library/Developer/Xcode/DerivedData/Wishie-gavmeupfwiyxzhaiqkwzocyeeixy/Build/Intermediates.noindex/SDWebImage.build/Debug-iphoneos/SDWebImage.build/Objects-normal/arm64/NSBezierPath+SDRoundedCorners.o /Users/khanghnguyen/Library/Developer/Xcode/DerivedData/Wishie-gavmeupfwiyxzhaiqkwzocyeeixy/SourcePackages/checkouts/SDWebImage/SDWebImage/Private/NSBezierPath+SDRoundedCorners.m normal arm64 objective-c com.apple.compilers.llvm.clang.1_0.compiler (in target 'SDWebImage' from project 'SDWebImage')
    cd /Users/khanghnguyen/Downloads/Wishie/Wishie.xcodeproj
    
    Using response file: /Users/khanghnguyen/Library/Developer/Xcode/DerivedData/Wishie-gavmeupfwiyxzhaiqkwzocyeeixy/Build/Intermediates.noindex/SDWebImage.build/Debug-iphoneos/SDWebImage.build/Objects-normal/arm64/e6072d4f65d7061329687fe24e3d63a7-common-args.resp
    
    /Applications/Xcode.app/Contents/Developer/Toolchains/XcodeDefault.xctoolchain/usr/bin/clang -x objective-c -ivfsstatcache /Users/khanghnguyen/Library/Developer/Xcode/DerivedData/SDKStatCaches.noindex/iphoneos26.2-23C57-3794476bd08197c3e2abd9bb477ef7f7.sdkstatcache -fmessage-length\=0 -fdiagnostics-show-note-include-stack -fmacro-backtrace-limit\=0 -fno-color-diagnostics -fmodules-prune-interval\=86400 -fmodules-prune-after\=345600 -fbuild-session-file\=/Users/khanghnguyen/Library/Developer/Xcode/DerivedData/ModuleCache.noindex/Session.modulevalidation -fmodules-validate-once-per-build-session -Wnon-modular-include-in-framework-module -Werror\=non-modular-include-in-framework-module -Wno-trigraphs -Wno-missing-field-initializers -Wno-missing-prototypes -Wno-return-type -Wno-implicit-atomic-properties -Wno-objc-interface-ivars -Wno-arc-repeated-use-of-weak -Wno-missing-braces -Wparentheses -Wswitch -Wno-unused-function -Wno-unused-label -Wno-unused-parameter -Wno-unused-variable -Wunused-value -Wno-empty-body -Wno-uninitialized -Wno-unknown-pragmas -w -Wno-shadow -Wno-four-char-constants -Wno-conversion -Wno-constant-conversion -Wno-int-conversion -Wno-bool-conversion -Wno-enum-conversion -Wno-float-conversion -Wno-non-literal-null-conversion -Wno-objc-literal-conversion -Wshorten-64-to-32 -Wpointer-sign -Wno-newline-eof -Wno-selector -Wno-strict-selector-match -Wno-undeclared-selector -Wno-deprecated-implementations -Wno-implicit-fallthrough -fstrict-aliasing -Wprotocol -Wdeprecated-declarations -Wno-sign-conversion -Wno-infinite-recursion -Wno-comma -Wno-block-capture-autoreleasing -Wno-strict-prototypes -Wno-semicolon-before-method-body -index-store-path /Users/khanghnguyen/Library/Developer/Xcode/DerivedData/Wishie-gavmeupfwiyxzhaiqkwzocyeeixy/Index.noindex/DataStore @/Users/khanghnguyen/Library/Developer/Xcode/DerivedData/Wishie-gavmeupfwiyxzhaiqkwzocyeeixy/Build/Intermediates.noindex/SDWebImage.build/Debug-iphoneos/SDWebImage.build/Objects-normal/arm64/e6072d4f65d7061329687fe24e3d63a7-common-args.resp -include /Users/khanghnguyen/Library/Developer/Xcode/DerivedData/Wishie-gavmeupfwiyxzhaiqkwzocyeeixy/Build/Intermediates.noindex/SDWebImage.build/Debug-iphoneos/SDWebImage.build/DerivedSources/resource_bundle_accessor.h -MMD -MT dependencies -MF /Users/khanghnguyen/Library/Developer/Xcode/DerivedData/Wishie-gavmeupfwiyxzhaiqkwzocyeeixy/Build/Intermediates.noindex/SDWebImage.build/Debug-iphoneos/SDWebImage.build/Objects-normal/arm64/NSBezierPath+SDRoundedCorners.d --serialize-diagnostics /Users/khanghnguyen/Library/Developer/Xcode/DerivedData/Wishie-gavmeupfwiyxzhaiqkwzocyeeixy/Build/Intermediates.noindex/SDWebImage.build/Debug-iphoneos/SDWebImage.build/Objects-normal/arm64/NSBezierPath+SDRoundedCorners.dia -c /Users/khanghnguyen/Library/Developer/Xcode/DerivedData/Wishie-gavmeupfwiyxzhaiqkwzocyeeixy/SourcePackages/checkouts/SDWebImage/SDWebImage/Private/NSBezierPath+SDRoundedCorners.m -o /Users/khanghnguyen/Library/Developer/Xcode/DerivedData/Wishie-gavmeupfwiyxzhaiqkwzocyeeixy/Build/Intermediates.noindex/SDWebImage.build/Debug-iphoneos/SDWebImage.build/Objects-normal/arm64/NSBezierPath+SDRoundedCorners.o -index-unit-output-path /SDWebImage.build/Debug-iphoneos/SDWebImage.build/Objects-normal/arm64/NSBezierPath+SDRoundedCorners.o

PrecompileModule /Users/khanghnguyen/Library/Developer/Xcode/DerivedData/Wishie-gavmeupfwiyxzhaiqkwzocyeeixy/Build/Intermediates.noindex/ExplicitPrecompiledModules/ObjectiveC-5SOY6GSX85337222CJEN8NYEG.scan
    cd /
    builtin-precompileModule /Users/khanghnguyen/Library/Developer/Xcode/DerivedData/Wishie-gavmeupfwiyxzhaiqkwzocyeeixy/Build/Intermediates.noindex/ExplicitPrecompiledModules/ObjectiveC-5SOY6GSX85337222CJEN8NYEG.scan

SwiftDriver\ Compilation FirebaseSharedSwift normal arm64 com.apple.xcode.tools.swift.compiler (in target 'FirebaseSharedSwift' from project 'Firebase')
    cd /Users/khanghnguyen/Downloads/Wishie/Wishie.xcodeproj
    builtin-Swift-Compilation -- /Applications/Xcode.app/Contents/Developer/Toolchains/XcodeDefault.xctoolchain/usr/bin/swiftc -module-name FirebaseSharedSwift -Onone -enforce-exclusivity\=checked @/Users/khanghnguyen/Library/Developer/Xcode/DerivedData/Wishie-gavmeupfwiyxzhaiqkwzocyeeixy/Build/Intermediates.noindex/Firebase.build/Debug-iphoneos/FirebaseSharedSwift.build/Objects-normal/arm64/FirebaseSharedSwift.SwiftFileList -DSWIFT_PACKAGE -DDEBUG -DSWIFT_MODULE_RESOURCE_BUNDLE_UNAVAILABLE -DXcode -plugin-path /Applications/Xcode.app/Contents/Developer/Toolchains/XcodeDefault.xctoolchain/usr/lib/swift/host/plugins/testing -enable-experimental-feature DebugDescriptionMacro -sdk /Applications/Xcode.app/Contents/Developer/Platforms/iPhoneOS.platform/Developer/SDKs/iPhoneOS26.2.sdk -target arm64-apple-ios15.0 -g -module-cache-path /Users/khanghnguyen/Library/Developer/Xcode/DerivedData/ModuleCache.noindex -Xfrontend -serialize-debugging-options -profile-coverage-mapping -profile-generate -enable-testing -suppress-warnings -index-store-path /Users/khanghnguyen/Library/Developer/Xcode/DerivedData/Wishie-gavmeupfwiyxzhaiqkwzocyeeixy/Index.noindex/DataStore -Xcc -D_LIBCPP_HARDENING_MODE\=_LIBCPP_HARDENING_MODE_DEBUG -swift-version 5 -I /Users/khanghnguyen/Library/Developer/Xcode/DerivedData/Wishie-gavmeupfwiyxzhaiqkwzocyeeixy/Build/Products/Debug-iphoneos -Isystem /Applications/Xcode.app/Contents/Developer/Platforms/iPhoneOS.platform/Developer/usr/lib -F /Users/khanghnguyen/Library/Developer/Xcode/DerivedData/Wishie-gavmeupfwiyxzhaiqkwzocyeeixy/Build/Products/Debug-iphoneos -F /Applications/Xcode.app/Contents/Developer/Platforms/iPhoneOS.platform/Developer/Library/Frameworks -F /Applications/Xcode.app/Contents/Developer/Platforms/iPhoneOS.platform/Developer/SDKs/iPhoneOS26.2.sdk/Developer/Library/Frameworks -c -j8 -enable-batch-mode -incremental -Xcc -ivfsstatcache -Xcc /Users/khanghnguyen/Library/Developer/Xcode/DerivedData/SDKStatCaches.noindex/iphoneos26.2-23C57-3794476bd08197c3e2abd9bb477ef7f7.sdkstatcache -output-file-map /Users/khanghnguyen/Library/Developer/Xcode/DerivedData/Wishie-gavmeupfwiyxzhaiqkwzocyeeixy/Build/Intermediates.noindex/Firebase.build/Debug-iphoneos/FirebaseSharedSwift.build/Objects-normal/arm64/FirebaseSharedSwift-OutputFileMap.json -use-frontend-parseable-output -save-temps -no-color-diagnostics -explicit-module-build -module-cache-path /Users/khanghnguyen/Library/Developer/Xcode/DerivedData/Wishie-gavmeupfwiyxzhaiqkwzocyeeixy/Build/Intermediates.noindex/SwiftExplicitPrecompiledModules -clang-scanner-module-cache-path /Users/khanghnguyen/Library/Developer/Xcode/DerivedData/ModuleCache.noindex -sdk-module-cache-path /Users/khanghnguyen/Library/Developer/Xcode/DerivedData/ModuleCache.noindex -serialize-diagnostics -emit-dependencies -emit-module -emit-module-path /Users/khanghnguyen/Library/Developer/Xcode/DerivedData/Wishie-gavmeupfwiyxzhaiqkwzocyeeixy/Build/Intermediates.noindex/Firebase.build/Debug-iphoneos/FirebaseSharedSwift.build/Objects-normal/arm64/FirebaseSharedSwift.swiftmodule -user-module-version 12.13.0 -validate-clang-modules-once -clang-build-session-file /Users/khanghnguyen/Library/Developer/Xcode/DerivedData/ModuleCache.noindex/Session.modulevalidation -package-name firebase_ios_sdk -Xcc -I/Users/khanghnguyen/Library/Developer/Xcode/DerivedData/Wishie-gavmeupfwiyxzhaiqkwzocyeeixy/Build/Intermediates.noindex/Firebase.build/Debug-iphoneos/FirebaseSharedSwift.build/swift-overrides.hmap -emit-const-values -Xfrontend -const-gather-protocols-file -Xfrontend /Users/khanghnguyen/Library/Developer/Xcode/DerivedData/Wishie-gavmeupfwiyxzhaiqkwzocyeeixy/Build/Intermediates.noindex/Firebase.build/Debug-iphoneos/FirebaseSharedSwift.build/Objects-normal/arm64/FirebaseSharedSwift_const_extract_protocols.json -Xcc -I/Users/khanghnguyen/Library/Developer/Xcode/DerivedData/Wishie-gavmeupfwiyxzhaiqkwzocyeeixy/Build/Products/Debug-iphoneos/include -Xcc -I/Users/khanghnguyen/Library/Developer/Xcode/DerivedData/Wishie-gavmeupfwiyxzhaiqkwzocyeeixy/Build/Intermediates.noindex/Firebase.build/Debug-iphoneos/FirebaseSharedSwift.build/DerivedSources-normal/arm64 -Xcc -I/Users/khanghnguyen/Library/Developer/Xcode/DerivedData/Wishie-gavmeupfwiyxzhaiqkwzocyeeixy/Build/Intermediates.noindex/Firebase.build/Debug-iphoneos/FirebaseSharedSwift.build/DerivedSources/arm64 -Xcc -I/Users/khanghnguyen/Library/Developer/Xcode/DerivedData/Wishie-gavmeupfwiyxzhaiqkwzocyeeixy/Build/Intermediates.noindex/Firebase.build/Debug-iphoneos/FirebaseSharedSwift.build/DerivedSources -Xcc -DSWIFT_PACKAGE -Xcc -DDEBUG\=1 -emit-objc-header -emit-objc-header-path /Users/khanghnguyen/Library/Developer/Xcode/DerivedData/Wishie-gavmeupfwiyxzhaiqkwzocyeeixy/Build/Intermediates.noindex/Firebase.build/Debug-iphoneos/FirebaseSharedSwift.build/Objects-normal/arm64/FirebaseSharedSwift-Swift.h -working-directory /Users/khanghnguyen/Downloads/Wishie/Wishie.xcodeproj -experimental-emit-module-separately -disable-cmo

SwiftDriver\ Compilation Crypto normal arm64 com.apple.xcode.tools.swift.compiler (in target 'Crypto' from project 'swift-crypto')
    cd /Users/khanghnguyen/Downloads/Wishie/Wishie.xcodeproj
    builtin-Swift-Compilation -- /Applications/Xcode.app/Contents/Developer/Toolchains/XcodeDefault.xctoolchain/usr/bin/swiftc -module-name Crypto -Onone -enforce-exclusivity\=checked @/Users/khanghnguyen/Library/Developer/Xcode/DerivedData/Wishie-gavmeupfwiyxzhaiqkwzocyeeixy/Build/Intermediates.noindex/swift-crypto.build/Debug-iphoneos/Crypto.build/Objects-normal/arm64/Crypto.SwiftFileList -DSWIFT_PACKAGE -DDEBUG -DSWIFT_MODULE_RESOURCE_BUNDLE_AVAILABLE -DCRYPTO_IN_SWIFTPM -DXcode -enable-upcoming-feature MemberImportVisibility -plugin-path /Applications/Xcode.app/Contents/Developer/Toolchains/XcodeDefault.xctoolchain/usr/lib/swift/host/plugins/testing -enable-experimental-feature DebugDescriptionMacro -sdk /Applications/Xcode.app/Contents/Developer/Platforms/iPhoneOS.platform/Developer/SDKs/iPhoneOS26.2.sdk -target arm64-apple-ios12.0 -g -module-cache-path /Users/khanghnguyen/Library/Developer/Xcode/DerivedData/ModuleCache.noindex -Xfrontend -serialize-debugging-options -profile-coverage-mapping -profile-generate -enable-testing -suppress-warnings -index-store-path /Users/khanghnguyen/Library/Developer/Xcode/DerivedData/Wishie-gavmeupfwiyxzhaiqkwzocyeeixy/Index.noindex/DataStore -Xcc -D_LIBCPP_HARDENING_MODE\=_LIBCPP_HARDENING_MODE_DEBUG -swift-version 6 -I /Users/khanghnguyen/Library/Developer/Xcode/DerivedData/Wishie-gavmeupfwiyxzhaiqkwzocyeeixy/Build/Products/Debug-iphoneos -Isystem /Applications/Xcode.app/Contents/Developer/Platforms/iPhoneOS.platform/Developer/usr/lib -F /Users/khanghnguyen/Library/Developer/Xcode/DerivedData/Wishie-gavmeupfwiyxzhaiqkwzocyeeixy/Build/Products/Debug-iphoneos -F /Applications/Xcode.app/Contents/Developer/Platforms/iPhoneOS.platform/Developer/Library/Frameworks -F /Applications/Xcode.app/Contents/Developer/Platforms/iPhoneOS.platform/Developer/SDKs/iPhoneOS26.2.sdk/Developer/Library/Frameworks -c -j8 -enable-batch-mode -incremental -Xcc -ivfsstatcache -Xcc /Users/khanghnguyen/Library/Developer/Xcode/DerivedData/SDKStatCaches.noindex/iphoneos26.2-23C57-3794476bd08197c3e2abd9bb477ef7f7.sdkstatcache -output-file-map /Users/khanghnguyen/Library/Developer/Xcode/DerivedData/Wishie-gavmeupfwiyxzhaiqkwzocyeeixy/Build/Intermediates.noindex/swift-crypto.build/Debug-iphoneos/Crypto.build/Objects-normal/arm64/Crypto-OutputFileMap.json -use-frontend-parseable-output -save-temps -no-color-diagnostics -explicit-module-build -module-cache-path /Users/khanghnguyen/Library/Developer/Xcode/DerivedData/Wishie-gavmeupfwiyxzhaiqkwzocyeeixy/Build/Intermediates.noindex/SwiftExplicitPrecompiledModules -clang-scanner-module-cache-path /Users/khanghnguyen/Library/Developer/Xcode/DerivedData/ModuleCache.noindex -sdk-module-cache-path /Users/khanghnguyen/Library/Developer/Xcode/DerivedData/ModuleCache.noindex -serialize-diagnostics -emit-dependencies -emit-module -emit-module-path /Users/khanghnguyen/Library/Developer/Xcode/DerivedData/Wishie-gavmeupfwiyxzhaiqkwzocyeeixy/Build/Intermediates.noindex/swift-crypto.build/Debug-iphoneos/Crypto.build/Objects-normal/arm64/Crypto.swiftmodule -user-module-version 4.2.0 -validate-clang-modules-once -clang-build-session-file /Users/khanghnguyen/Library/Developer/Xcode/DerivedData/ModuleCache.noindex/Session.modulevalidation -package-name swift_crypto -Xcc -I/Users/khanghnguyen/Library/Developer/Xcode/DerivedData/Wishie-gavmeupfwiyxzhaiqkwzocyeeixy/Build/Intermediates.noindex/swift-crypto.build/Debug-iphoneos/Crypto.build/swift-overrides.hmap -emit-const-values -Xfrontend -const-gather-protocols-file -Xfrontend /Users/khanghnguyen/Library/Developer/Xcode/DerivedData/Wishie-gavmeupfwiyxzhaiqkwzocyeeixy/Build/Intermediates.noindex/swift-crypto.build/Debug-iphoneos/Crypto.build/Objects-normal/arm64/Crypto_const_extract_protocols.json -Xcc -I/Users/khanghnguyen/Library/Developer/Xcode/DerivedData/Wishie-gavmeupfwiyxzhaiqkwzocyeeixy/Build/Products/Debug-iphoneos/include -Xcc -I/Users/khanghnguyen/Library/Developer/Xcode/DerivedData/Wishie-gavmeupfwiyxzhaiqkwzocyeeixy/Build/Intermediates.noindex/swift-crypto.build/Debug-iphoneos/Crypto.build/DerivedSources-normal/arm64 -Xcc -I/Users/khanghnguyen/Library/Developer/Xcode/DerivedData/Wishie-gavmeupfwiyxzhaiqkwzocyeeixy/Build/Intermediates.noindex/swift-crypto.build/Debug-iphoneos/Crypto.build/DerivedSources/arm64 -Xcc -I/Users/khanghnguyen/Library/Developer/Xcode/DerivedData/Wishie-gavmeupfwiyxzhaiqkwzocyeeixy/Build/Intermediates.noindex/swift-crypto.build/Debug-iphoneos/Crypto.build/DerivedSources -Xcc -DSWIFT_PACKAGE -Xcc -DDEBUG\=1 -emit-objc-header -emit-objc-header-path /Users/khanghnguyen/Library/Developer/Xcode/DerivedData/Wishie-gavmeupfwiyxzhaiqkwzocyeeixy/Build/Intermediates.noindex/swift-crypto.build/Debug-iphoneos/Crypto.build/Objects-normal/arm64/Crypto-Swift.h -working-directory /Users/khanghnguyen/Downloads/Wishie/Wishie.xcodeproj -experimental-emit-module-separately -disable-cmo

SwiftCompile normal arm64 Compiling\ Task.swift /Users/khanghnguyen/Library/Developer/Xcode/DerivedData/Wishie-gavmeupfwiyxzhaiqkwzocyeeixy/SourcePackages/checkouts/swift-concurrency-extras/Sources/ConcurrencyExtras/Task.swift (in target 'ConcurrencyExtras' from project 'swift-concurrency-extras')

SwiftCompile normal arm64 /Users/khanghnguyen/Library/Developer/Xcode/DerivedData/Wishie-gavmeupfwiyxzhaiqkwzocyeeixy/SourcePackages/checkouts/swift-concurrency-extras/Sources/ConcurrencyExtras/Task.swift (in target 'ConcurrencyExtras' from project 'swift-concurrency-extras')
    cd /Users/khanghnguyen/Downloads/Wishie/Wishie.xcodeproj
    

SwiftCompile normal arm64 Compiling\ AsyncStream.swift,\ AsyncThrowingStream.swift /Users/khanghnguyen/Library/Developer/Xcode/DerivedData/Wishie-gavmeupfwiyxzhaiqkwzocyeeixy/SourcePackages/checkouts/swift-concurrency-extras/Sources/ConcurrencyExtras/AsyncStream.swift /Users/khanghnguyen/Library/Developer/Xcode/DerivedData/Wishie-gavmeupfwiyxzhaiqkwzocyeeixy/SourcePackages/checkouts/swift-concurrency-extras/Sources/ConcurrencyExtras/AsyncThrowingStream.swift (in target 'ConcurrencyExtras' from project 'swift-concurrency-extras')

SwiftCompile normal arm64 /Users/khanghnguyen/Library/Developer/Xcode/DerivedData/Wishie-gavmeupfwiyxzhaiqkwzocyeeixy/SourcePackages/checkouts/swift-concurrency-extras/Sources/ConcurrencyExtras/AsyncStream.swift (in target 'ConcurrencyExtras' from project 'swift-concurrency-extras')
    cd /Users/khanghnguyen/Downloads/Wishie/Wishie.xcodeproj
    

SwiftCompile normal arm64 /Users/khanghnguyen/Library/Developer/Xcode/DerivedData/Wishie-gavmeupfwiyxzhaiqkwzocyeeixy/SourcePackages/checkouts/swift-concurrency-extras/Sources/ConcurrencyExtras/AsyncThrowingStream.swift (in target 'ConcurrencyExtras' from project 'swift-concurrency-extras')
    cd /Users/khanghnguyen/Downloads/Wishie/Wishie.xcodeproj
    

SwiftCompile normal arm64 Compiling\ UncheckedSendable.swift /Users/khanghnguyen/Library/Developer/Xcode/DerivedData/Wishie-gavmeupfwiyxzhaiqkwzocyeeixy/SourcePackages/checkouts/swift-concurrency-extras/Sources/ConcurrencyExtras/UncheckedSendable.swift (in target 'ConcurrencyExtras' from project 'swift-concurrency-extras')

SwiftCompile normal arm64 /Users/khanghnguyen/Library/Developer/Xcode/DerivedData/Wishie-gavmeupfwiyxzhaiqkwzocyeeixy/SourcePackages/checkouts/swift-concurrency-extras/Sources/ConcurrencyExtras/UncheckedSendable.swift (in target 'ConcurrencyExtras' from project 'swift-concurrency-extras')
    cd /Users/khanghnguyen/Downloads/Wishie/Wishie.xcodeproj
    

SwiftCompile normal arm64 Compiling\ MainSerialExecutor.swift /Users/khanghnguyen/Library/Developer/Xcode/DerivedData/Wishie-gavmeupfwiyxzhaiqkwzocyeeixy/SourcePackages/checkouts/swift-concurrency-extras/Sources/ConcurrencyExtras/MainSerialExecutor.swift (in target 'ConcurrencyExtras' from project 'swift-concurrency-extras')

SwiftCompile normal arm64 /Users/khanghnguyen/Library/Developer/Xcode/DerivedData/Wishie-gavmeupfwiyxzhaiqkwzocyeeixy/SourcePackages/checkouts/swift-concurrency-extras/Sources/ConcurrencyExtras/MainSerialExecutor.swift (in target 'ConcurrencyExtras' from project 'swift-concurrency-extras')
    cd /Users/khanghnguyen/Downloads/Wishie/Wishie.xcodeproj
    

SwiftCompile normal arm64 Compiling\ LockIsolated.swift /Users/khanghnguyen/Library/Developer/Xcode/DerivedData/Wishie-gavmeupfwiyxzhaiqkwzocyeeixy/SourcePackages/checkouts/swift-concurrency-extras/Sources/ConcurrencyExtras/LockIsolated.swift (in target 'ConcurrencyExtras' from project 'swift-concurrency-extras')

SwiftCompile normal arm64 /Users/khanghnguyen/Library/Developer/Xcode/DerivedData/Wishie-gavmeupfwiyxzhaiqkwzocyeeixy/SourcePackages/checkouts/swift-concurrency-extras/Sources/ConcurrencyExtras/LockIsolated.swift (in target 'ConcurrencyExtras' from project 'swift-concurrency-extras')
    cd /Users/khanghnguyen/Downloads/Wishie/Wishie.xcodeproj
    

SwiftCompile normal arm64 Compiling\ Result.swift /Users/khanghnguyen/Library/Developer/Xcode/DerivedData/Wishie-gavmeupfwiyxzhaiqkwzocyeeixy/SourcePackages/checkouts/swift-concurrency-extras/Sources/ConcurrencyExtras/Result.swift (in target 'ConcurrencyExtras' from project 'swift-concurrency-extras')

SwiftCompile normal arm64 /Users/khanghnguyen/Library/Developer/Xcode/DerivedData/Wishie-gavmeupfwiyxzhaiqkwzocyeeixy/SourcePackages/checkouts/swift-concurrency-extras/Sources/ConcurrencyExtras/Result.swift (in target 'ConcurrencyExtras' from project 'swift-concurrency-extras')
    cd /Users/khanghnguyen/Downloads/Wishie/Wishie.xcodeproj
    

ProcessXCFramework /Users/khanghnguyen/Library/Developer/Xcode/DerivedData/Wishie-gavmeupfwiyxzhaiqkwzocyeeixy/SourcePackages/artifacts/grpc-binary/openssl_grpc/openssl_grpc.xcframework /Users/khanghnguyen/Library/Developer/Xcode/DerivedData/Wishie-gavmeupfwiyxzhaiqkwzocyeeixy/Build/Products/Debug-iphoneos/openssl_grpc.framework ios
    cd /Users/khanghnguyen/Downloads/Wishie/Wishie.xcodeproj
    builtin-process-xcframework --xcframework /Users/khanghnguyen/Library/Developer/Xcode/DerivedData/Wishie-gavmeupfwiyxzhaiqkwzocyeeixy/SourcePackages/artifacts/grpc-binary/openssl_grpc/openssl_grpc.xcframework --platform ios --target-path /Users/khanghnguyen/Library/Developer/Xcode/DerivedData/Wishie-gavmeupfwiyxzhaiqkwzocyeeixy/Build/Products/Debug-iphoneos
/Users/khanghnguyen/Library/Developer/Xcode/DerivedData/Wishie-gavmeupfwiyxzhaiqkwzocyeeixy/SourcePackages/artifacts/grpc-binary/openssl_grpc/openssl_grpc.xcframework:1:1: note: The identity of “openssl_grpc.xcframework” is not recorded in your project.

PrecompileModule /Users/khanghnguyen/Library/Developer/Xcode/DerivedData/Wishie-gavmeupfwiyxzhaiqkwzocyeeixy/Build/Intermediates.noindex/ExplicitPrecompiledModules/os_object-3MH75QWU2AB7PKFKVH044YMTB.scan
    cd /
    builtin-precompileModule /Users/khanghnguyen/Library/Developer/Xcode/DerivedData/Wishie-gavmeupfwiyxzhaiqkwzocyeeixy/Build/Intermediates.noindex/ExplicitPrecompiledModules/os_object-3MH75QWU2AB7PKFKVH044YMTB.scan

PrecompileModule /Users/khanghnguyen/Library/Developer/Xcode/DerivedData/Wishie-gavmeupfwiyxzhaiqkwzocyeeixy/Build/Intermediates.noindex/ExplicitPrecompiledModules/os_workgroup-CM5FG6M3HAK8DXZU11X05DK4R.scan
    cd /
    builtin-precompileModule /Users/khanghnguyen/Library/Developer/Xcode/DerivedData/Wishie-gavmeupfwiyxzhaiqkwzocyeeixy/Build/Intermediates.noindex/ExplicitPrecompiledModules/os_workgroup-CM5FG6M3HAK8DXZU11X05DK4R.scan

SwiftDriverJobDiscovery normal arm64 Compiling Result.swift (in target 'ConcurrencyExtras' from project 'swift-concurrency-extras')

SwiftDriverJobDiscovery normal arm64 Compiling MainSerialExecutor.swift (in target 'ConcurrencyExtras' from project 'swift-concurrency-extras')

ProcessXCFramework /Users/khanghnguyen/Library/Developer/Xcode/DerivedData/Wishie-gavmeupfwiyxzhaiqkwzocyeeixy/SourcePackages/artifacts/firebase-ios-sdk/FirebaseFirestoreInternal/FirebaseFirestoreInternal.xcframework /Users/khanghnguyen/Library/Developer/Xcode/DerivedData/Wishie-gavmeupfwiyxzhaiqkwzocyeeixy/Build/Products/Debug-iphoneos/FirebaseFirestoreInternal.framework ios
    cd /Users/khanghnguyen/Downloads/Wishie/Wishie.xcodeproj
    builtin-process-xcframework --xcframework /Users/khanghnguyen/Library/Developer/Xcode/DerivedData/Wishie-gavmeupfwiyxzhaiqkwzocyeeixy/SourcePackages/artifacts/firebase-ios-sdk/FirebaseFirestoreInternal/FirebaseFirestoreInternal.xcframework --platform ios --target-path /Users/khanghnguyen/Library/Developer/Xcode/DerivedData/Wishie-gavmeupfwiyxzhaiqkwzocyeeixy/Build/Products/Debug-iphoneos
/Users/khanghnguyen/Library/Developer/Xcode/DerivedData/Wishie-gavmeupfwiyxzhaiqkwzocyeeixy/SourcePackages/artifacts/firebase-ios-sdk/FirebaseFirestoreInternal/FirebaseFirestoreInternal.xcframework:1:1: note: The identity of “FirebaseFirestoreInternal.xcframework” is not recorded in your project.

PrecompileModule /Users/khanghnguyen/Library/Developer/Xcode/DerivedData/Wishie-gavmeupfwiyxzhaiqkwzocyeeixy/Build/Intermediates.noindex/ExplicitPrecompiledModules/Dispatch-9RTLH3LDL9GNDV37LCUGI7SY1.scan
    cd /
    builtin-precompileModule /Users/khanghnguyen/Library/Developer/Xcode/DerivedData/Wishie-gavmeupfwiyxzhaiqkwzocyeeixy/Build/Intermediates.noindex/ExplicitPrecompiledModules/Dispatch-9RTLH3LDL9GNDV37LCUGI7SY1.scan

SwiftDriverJobDiscovery normal arm64 Compiling UncheckedSendable.swift (in target 'ConcurrencyExtras' from project 'swift-concurrency-extras')

SwiftDriverJobDiscovery normal arm64 Compiling AsyncStream.swift, AsyncThrowingStream.swift (in target 'ConcurrencyExtras' from project 'swift-concurrency-extras')

SwiftDriverJobDiscovery normal arm64 Compiling LockIsolated.swift (in target 'ConcurrencyExtras' from project 'swift-concurrency-extras')

SwiftDriverJobDiscovery normal arm64 Compiling Task.swift (in target 'ConcurrencyExtras' from project 'swift-concurrency-extras')

SwiftDriver\ Compilation ConcurrencyExtras normal arm64 com.apple.xcode.tools.swift.compiler (in target 'ConcurrencyExtras' from project 'swift-concurrency-extras')
    cd /Users/khanghnguyen/Downloads/Wishie/Wishie.xcodeproj
    builtin-Swift-Compilation -- /Applications/Xcode.app/Contents/Developer/Toolchains/XcodeDefault.xctoolchain/usr/bin/swiftc -module-name ConcurrencyExtras -Onone -enforce-exclusivity\=checked @/Users/khanghnguyen/Library/Developer/Xcode/DerivedData/Wishie-gavmeupfwiyxzhaiqkwzocyeeixy/Build/Intermediates.noindex/swift-concurrency-extras.build/Debug-iphoneos/ConcurrencyExtras.build/Objects-normal/arm64/ConcurrencyExtras.SwiftFileList -DSWIFT_PACKAGE -DDEBUG -DSWIFT_MODULE_RESOURCE_BUNDLE_UNAVAILABLE -DXcode -plugin-path /Applications/Xcode.app/Contents/Developer/Toolchains/XcodeDefault.xctoolchain/usr/lib/swift/host/plugins/testing -enable-experimental-feature DebugDescriptionMacro -sdk /Applications/Xcode.app/Contents/Developer/Platforms/iPhoneOS.platform/Developer/SDKs/iPhoneOS26.2.sdk -target arm64-apple-ios13.0 -g -module-cache-path /Users/khanghnguyen/Library/Developer/Xcode/DerivedData/ModuleCache.noindex -Xfrontend -serialize-debugging-options -profile-coverage-mapping -profile-generate -enable-testing -suppress-warnings -index-store-path /Users/khanghnguyen/Library/Developer/Xcode/DerivedData/Wishie-gavmeupfwiyxzhaiqkwzocyeeixy/Index.noindex/DataStore -Xcc -D_LIBCPP_HARDENING_MODE\=_LIBCPP_HARDENING_MODE_DEBUG -swift-version 6 -I /Users/khanghnguyen/Library/Developer/Xcode/DerivedData/Wishie-gavmeupfwiyxzhaiqkwzocyeeixy/Build/Products/Debug-iphoneos -Isystem /Applications/Xcode.app/Contents/Developer/Platforms/iPhoneOS.platform/Developer/usr/lib -F /Users/khanghnguyen/Library/Developer/Xcode/DerivedData/Wishie-gavmeupfwiyxzhaiqkwzocyeeixy/Build/Products/Debug-iphoneos -F /Applications/Xcode.app/Contents/Developer/Platforms/iPhoneOS.platform/Developer/Library/Frameworks -F /Applications/Xcode.app/Contents/Developer/Platforms/iPhoneOS.platform/Developer/SDKs/iPhoneOS26.2.sdk/Developer/Library/Frameworks -c -j8 -enable-batch-mode -incremental -Xcc -ivfsstatcache -Xcc /Users/khanghnguyen/Library/Developer/Xcode/DerivedData/SDKStatCaches.noindex/iphoneos26.2-23C57-3794476bd08197c3e2abd9bb477ef7f7.sdkstatcache -output-file-map /Users/khanghnguyen/Library/Developer/Xcode/DerivedData/Wishie-gavmeupfwiyxzhaiqkwzocyeeixy/Build/Intermediates.noindex/swift-concurrency-extras.build/Debug-iphoneos/ConcurrencyExtras.build/Objects-normal/arm64/ConcurrencyExtras-OutputFileMap.json -use-frontend-parseable-output -save-temps -no-color-diagnostics -explicit-module-build -module-cache-path /Users/khanghnguyen/Library/Developer/Xcode/DerivedData/Wishie-gavmeupfwiyxzhaiqkwzocyeeixy/Build/Intermediates.noindex/SwiftExplicitPrecompiledModules -clang-scanner-module-cache-path /Users/khanghnguyen/Library/Developer/Xcode/DerivedData/ModuleCache.noindex -sdk-module-cache-path /Users/khanghnguyen/Library/Developer/Xcode/DerivedData/ModuleCache.noindex -serialize-diagnostics -emit-dependencies -emit-module -emit-module-path /Users/khanghnguyen/Library/Developer/Xcode/DerivedData/Wishie-gavmeupfwiyxzhaiqkwzocyeeixy/Build/Intermediates.noindex/swift-concurrency-extras.build/Debug-iphoneos/ConcurrencyExtras.build/Objects-normal/arm64/ConcurrencyExtras.swiftmodule -user-module-version 1.3.2 -validate-clang-modules-once -clang-build-session-file /Users/khanghnguyen/Library/Developer/Xcode/DerivedData/ModuleCache.noindex/Session.modulevalidation -package-name swift_concurrency_extras -Xcc -I/Users/khanghnguyen/Library/Developer/Xcode/DerivedData/Wishie-gavmeupfwiyxzhaiqkwzocyeeixy/Build/Intermediates.noindex/swift-concurrency-extras.build/Debug-iphoneos/ConcurrencyExtras.build/swift-overrides.hmap -emit-const-values -Xfrontend -const-gather-protocols-file -Xfrontend /Users/khanghnguyen/Library/Developer/Xcode/DerivedData/Wishie-gavmeupfwiyxzhaiqkwzocyeeixy/Build/Intermediates.noindex/swift-concurrency-extras.build/Debug-iphoneos/ConcurrencyExtras.build/Objects-normal/arm64/ConcurrencyExtras_const_extract_protocols.json -Xcc -I/Users/khanghnguyen/Library/Developer/Xcode/DerivedData/Wishie-gavmeupfwiyxzhaiqkwzocyeeixy/Build/Products/Debug-iphoneos/include -Xcc -I/Users/khanghnguyen/Library/Developer/Xcode/DerivedData/Wishie-gavmeupfwiyxzhaiqkwzocyeeixy/Build/Intermediates.noindex/swift-concurrency-extras.build/Debug-iphoneos/ConcurrencyExtras.build/DerivedSources-normal/arm64 -Xcc -I/Users/khanghnguyen/Library/Developer/Xcode/DerivedData/Wishie-gavmeupfwiyxzhaiqkwzocyeeixy/Build/Intermediates.noindex/swift-concurrency-extras.build/Debug-iphoneos/ConcurrencyExtras.build/DerivedSources/arm64 -Xcc -I/Users/khanghnguyen/Library/Developer/Xcode/DerivedData/Wishie-gavmeupfwiyxzhaiqkwzocyeeixy/Build/Intermediates.noindex/swift-concurrency-extras.build/Debug-iphoneos/ConcurrencyExtras.build/DerivedSources -Xcc -DSWIFT_PACKAGE -Xcc -DDEBUG\=1 -emit-objc-header -emit-objc-header-path /Users/khanghnguyen/Library/Developer/Xcode/DerivedData/Wishie-gavmeupfwiyxzhaiqkwzocyeeixy/Build/Intermediates.noindex/swift-concurrency-extras.build/Debug-iphoneos/ConcurrencyExtras.build/Objects-normal/arm64/ConcurrencyExtras-Swift.h -working-directory /Users/khanghnguyen/Downloads/Wishie/Wishie.xcodeproj -experimental-emit-module-separately -disable-cmo

Ld /Users/khanghnguyen/Library/Developer/Xcode/DerivedData/Wishie-gavmeupfwiyxzhaiqkwzocyeeixy/Build/Products/Debug-iphoneos/IssueReportingPackageSupport.o normal (in target 'IssueReportingPackageSupport' from project 'xctest-dynamic-overlay')
    cd /Users/khanghnguyen/Library/Developer/Xcode/DerivedData/Wishie-gavmeupfwiyxzhaiqkwzocyeeixy/SourcePackages/checkouts/xctest-dynamic-overlay
    /Applications/Xcode.app/Contents/Developer/Toolchains/XcodeDefault.xctoolchain/usr/bin/clang -Xlinker -reproducible -target arm64-apple-ios13.0 -r -isysroot /Applications/Xcode.app/Contents/Developer/Platforms/iPhoneOS.platform/Developer/SDKs/iPhoneOS26.2.sdk -O0 -w -L/Users/khanghnguyen/Library/Developer/Xcode/DerivedData/Wishie-gavmeupfwiyxzhaiqkwzocyeeixy/Build/Intermediates.noindex/EagerLinkingTBDs/Debug-iphoneos -L/Users/khanghnguyen/Library/Developer/Xcode/DerivedData/Wishie-gavmeupfwiyxzhaiqkwzocyeeixy/Build/Products/Debug-iphoneos -L/Applications/Xcode.app/Contents/Developer/Platforms/iPhoneOS.platform/Developer/usr/lib -F/Users/khanghnguyen/Library/Developer/Xcode/DerivedData/Wishie-gavmeupfwiyxzhaiqkwzocyeeixy/Build/Intermediates.noindex/EagerLinkingTBDs/Debug-iphoneos -F/Users/khanghnguyen/Library/Developer/Xcode/DerivedData/Wishie-gavmeupfwiyxzhaiqkwzocyeeixy/Build/Products/Debug-iphoneos -iframework /Applications/Xcode.app/Contents/Developer/Platforms/iPhoneOS.platform/Developer/Library/Frameworks -iframework /Applications/Xcode.app/Contents/Developer/Platforms/iPhoneOS.platform/Developer/SDKs/iPhoneOS26.2.sdk/Developer/Library/Frameworks -filelist /Users/khanghnguyen/Library/Developer/Xcode/DerivedData/Wishie-gavmeupfwiyxzhaiqkwzocyeeixy/Build/Intermediates.noindex/xctest-dynamic-overlay.build/Debug-iphoneos/IssueReportingPackageSupport.build/Objects-normal/arm64/IssueReportingPackageSupport.LinkFileList -nostdlib -Xlinker -object_path_lto -Xlinker /Users/khanghnguyen/Library/Developer/Xcode/DerivedData/Wishie-gavmeupfwiyxzhaiqkwzocyeeixy/Build/Intermediates.noindex/xctest-dynamic-overlay.build/Debug-iphoneos/IssueReportingPackageSupport.build/Objects-normal/arm64/IssueReportingPackageSupport_lto.o -rdynamic -Xlinker -no_deduplicate -Xlinker -debug_variant -Xlinker -dependency_info -Xlinker /Users/khanghnguyen/Library/Developer/Xcode/DerivedData/Wishie-gavmeupfwiyxzhaiqkwzocyeeixy/Build/Intermediates.noindex/xctest-dynamic-overlay.build/Debug-iphoneos/IssueReportingPackageSupport.build/Objects-normal/arm64/IssueReportingPackageSupport_dependency_info.dat -fobjc-link-runtime -L/Applications/Xcode.app/Contents/Developer/Toolchains/XcodeDefault.xctoolchain/usr/lib/swift/iphoneos -L/usr/lib/swift -Xlinker -add_ast_path -Xlinker /Users/khanghnguyen/Library/Developer/Xcode/DerivedData/Wishie-gavmeupfwiyxzhaiqkwzocyeeixy/Build/Intermediates.noindex/xctest-dynamic-overlay.build/Debug-iphoneos/IssueReportingPackageSupport.build/Objects-normal/arm64/IssueReportingPackageSupport.swiftmodule @/Users/khanghnguyen/Library/Developer/Xcode/DerivedData/Wishie-gavmeupfwiyxzhaiqkwzocyeeixy/Build/Intermediates.noindex/xctest-dynamic-overlay.build/Debug-iphoneos/IssueReportingPackageSupport.build/Objects-normal/arm64/IssueReportingPackageSupport-linker-args.resp -o /Users/khanghnguyen/Library/Developer/Xcode/DerivedData/Wishie-gavmeupfwiyxzhaiqkwzocyeeixy/Build/Products/Debug-iphoneos/IssueReportingPackageSupport.o

Ld /Users/khanghnguyen/Library/Developer/Xcode/DerivedData/Wishie-gavmeupfwiyxzhaiqkwzocyeeixy/Build/Products/Debug-iphoneos/HTTPTypes.o normal (in target 'HTTPTypes' from project 'swift-http-types')
    cd /Users/khanghnguyen/Library/Developer/Xcode/DerivedData/Wishie-gavmeupfwiyxzhaiqkwzocyeeixy/SourcePackages/checkouts/swift-http-types
    /Applications/Xcode.app/Contents/Developer/Toolchains/XcodeDefault.xctoolchain/usr/bin/clang -Xlinker -reproducible -target arm64-apple-ios12.0 -r -isysroot /Applications/Xcode.app/Contents/Developer/Platforms/iPhoneOS.platform/Developer/SDKs/iPhoneOS26.2.sdk -O0 -w -L/Users/khanghnguyen/Library/Developer/Xcode/DerivedData/Wishie-gavmeupfwiyxzhaiqkwzocyeeixy/Build/Intermediates.noindex/EagerLinkingTBDs/Debug-iphoneos -L/Users/khanghnguyen/Library/Developer/Xcode/DerivedData/Wishie-gavmeupfwiyxzhaiqkwzocyeeixy/Build/Products/Debug-iphoneos -L/Applications/Xcode.app/Contents/Developer/Platforms/iPhoneOS.platform/Developer/usr/lib -F/Users/khanghnguyen/Library/Developer/Xcode/DerivedData/Wishie-gavmeupfwiyxzhaiqkwzocyeeixy/Build/Intermediates.noindex/EagerLinkingTBDs/Debug-iphoneos -F/Users/khanghnguyen/Library/Developer/Xcode/DerivedData/Wishie-gavmeupfwiyxzhaiqkwzocyeeixy/Build/Products/Debug-iphoneos -iframework /Applications/Xcode.app/Contents/Developer/Platforms/iPhoneOS.platform/Developer/Library/Frameworks -iframework /Applications/Xcode.app/Contents/Developer/Platforms/iPhoneOS.platform/Developer/SDKs/iPhoneOS26.2.sdk/Developer/Library/Frameworks -filelist /Users/khanghnguyen/Library/Developer/Xcode/DerivedData/Wishie-gavmeupfwiyxzhaiqkwzocyeeixy/Build/Intermediates.noindex/swift-http-types.build/Debug-iphoneos/HTTPTypes.build/Objects-normal/arm64/HTTPTypes.LinkFileList -nostdlib -Xlinker -object_path_lto -Xlinker /Users/khanghnguyen/Library/Developer/Xcode/DerivedData/Wishie-gavmeupfwiyxzhaiqkwzocyeeixy/Build/Intermediates.noindex/swift-http-types.build/Debug-iphoneos/HTTPTypes.build/Objects-normal/arm64/HTTPTypes_lto.o -rdynamic -Xlinker -no_deduplicate -Xlinker -debug_variant -Xlinker -dependency_info -Xlinker /Users/khanghnguyen/Library/Developer/Xcode/DerivedData/Wishie-gavmeupfwiyxzhaiqkwzocyeeixy/Build/Intermediates.noindex/swift-http-types.build/Debug-iphoneos/HTTPTypes.build/Objects-normal/arm64/HTTPTypes_dependency_info.dat -fobjc-link-runtime -L/Applications/Xcode.app/Contents/Developer/Toolchains/XcodeDefault.xctoolchain/usr/lib/swift/iphoneos -L/usr/lib/swift -Xlinker -add_ast_path -Xlinker /Users/khanghnguyen/Library/Developer/Xcode/DerivedData/Wishie-gavmeupfwiyxzhaiqkwzocyeeixy/Build/Intermediates.noindex/swift-http-types.build/Debug-iphoneos/HTTPTypes.build/Objects-normal/arm64/HTTPTypes.swiftmodule @/Users/khanghnguyen/Library/Developer/Xcode/DerivedData/Wishie-gavmeupfwiyxzhaiqkwzocyeeixy/Build/Intermediates.noindex/swift-http-types.build/Debug-iphoneos/HTTPTypes.build/Objects-normal/arm64/HTTPTypes-linker-args.resp -o /Users/khanghnguyen/Library/Developer/Xcode/DerivedData/Wishie-gavmeupfwiyxzhaiqkwzocyeeixy/Build/Products/Debug-iphoneos/HTTPTypes.o

ProcessXCFramework /Users/khanghnguyen/Library/Developer/Xcode/DerivedData/Wishie-gavmeupfwiyxzhaiqkwzocyeeixy/SourcePackages/artifacts/abseil-cpp-binary/absl/absl.xcframework /Users/khanghnguyen/Library/Developer/Xcode/DerivedData/Wishie-gavmeupfwiyxzhaiqkwzocyeeixy/Build/Products/Debug-iphoneos/absl.framework ios
    cd /Users/khanghnguyen/Downloads/Wishie/Wishie.xcodeproj
    builtin-process-xcframework --xcframework /Users/khanghnguyen/Library/Developer/Xcode/DerivedData/Wishie-gavmeupfwiyxzhaiqkwzocyeeixy/SourcePackages/artifacts/abseil-cpp-binary/absl/absl.xcframework --platform ios --target-path /Users/khanghnguyen/Library/Developer/Xcode/DerivedData/Wishie-gavmeupfwiyxzhaiqkwzocyeeixy/Build/Products/Debug-iphoneos
/Users/khanghnguyen/Library/Developer/Xcode/DerivedData/Wishie-gavmeupfwiyxzhaiqkwzocyeeixy/SourcePackages/artifacts/abseil-cpp-binary/absl/absl.xcframework:1:1: note: The identity of “absl.xcframework” is not recorded in your project.

PrecompileModule /Users/khanghnguyen/Library/Developer/Xcode/DerivedData/Wishie-gavmeupfwiyxzhaiqkwzocyeeixy/Build/Intermediates.noindex/ExplicitPrecompiledModules/XPC-AQANOM1U8S1ND2PLY2768HLI7.scan
    cd /
    builtin-precompileModule /Users/khanghnguyen/Library/Developer/Xcode/DerivedData/Wishie-gavmeupfwiyxzhaiqkwzocyeeixy/Build/Intermediates.noindex/ExplicitPrecompiledModules/XPC-AQANOM1U8S1ND2PLY2768HLI7.scan

ProcessXCFramework /Users/khanghnguyen/Library/Developer/Xcode/DerivedData/Wishie-gavmeupfwiyxzhaiqkwzocyeeixy/SourcePackages/artifacts/grpc-binary/grpcpp/grpcpp.xcframework /Users/khanghnguyen/Library/Developer/Xcode/DerivedData/Wishie-gavmeupfwiyxzhaiqkwzocyeeixy/Build/Products/Debug-iphoneos/grpcpp.framework ios
    cd /Users/khanghnguyen/Downloads/Wishie/Wishie.xcodeproj
    builtin-process-xcframework --xcframework /Users/khanghnguyen/Library/Developer/Xcode/DerivedData/Wishie-gavmeupfwiyxzhaiqkwzocyeeixy/SourcePackages/artifacts/grpc-binary/grpcpp/grpcpp.xcframework --platform ios --target-path /Users/khanghnguyen/Library/Developer/Xcode/DerivedData/Wishie-gavmeupfwiyxzhaiqkwzocyeeixy/Build/Products/Debug-iphoneos
/Users/khanghnguyen/Library/Developer/Xcode/DerivedData/Wishie-gavmeupfwiyxzhaiqkwzocyeeixy/SourcePackages/artifacts/grpc-binary/grpcpp/grpcpp.xcframework:1:1: note: The identity of “grpcpp.xcframework” is not recorded in your project.

ProcessXCFramework /Users/khanghnguyen/Library/Developer/Xcode/DerivedData/Wishie-gavmeupfwiyxzhaiqkwzocyeeixy/SourcePackages/artifacts/grpc-binary/grpc/grpc.xcframework /Users/khanghnguyen/Library/Developer/Xcode/DerivedData/Wishie-gavmeupfwiyxzhaiqkwzocyeeixy/Build/Products/Debug-iphoneos/grpc.framework ios
    cd /Users/khanghnguyen/Downloads/Wishie/Wishie.xcodeproj
    builtin-process-xcframework --xcframework /Users/khanghnguyen/Library/Developer/Xcode/DerivedData/Wishie-gavmeupfwiyxzhaiqkwzocyeeixy/SourcePackages/artifacts/grpc-binary/grpc/grpc.xcframework --platform ios --target-path /Users/khanghnguyen/Library/Developer/Xcode/DerivedData/Wishie-gavmeupfwiyxzhaiqkwzocyeeixy/Build/Products/Debug-iphoneos
/Users/khanghnguyen/Library/Developer/Xcode/DerivedData/Wishie-gavmeupfwiyxzhaiqkwzocyeeixy/SourcePackages/artifacts/grpc-binary/grpc/grpc.xcframework:1:1: note: The identity of “grpc.xcframework” is not recorded in your project.

PrecompileModule /Users/khanghnguyen/Library/Developer/Xcode/DerivedData/Wishie-gavmeupfwiyxzhaiqkwzocyeeixy/Build/Intermediates.noindex/ExplicitPrecompiledModules/CoreFoundation-1SM2DRABEV5F3HNK22XL8638K.scan
    cd /
    builtin-precompileModule /Users/khanghnguyen/Library/Developer/Xcode/DerivedData/Wishie-gavmeupfwiyxzhaiqkwzocyeeixy/Build/Intermediates.noindex/ExplicitPrecompiledModules/CoreFoundation-1SM2DRABEV5F3HNK22XL8638K.scan

RegisterExecutionPolicyException /Users/khanghnguyen/Library/Developer/Xcode/DerivedData/Wishie-gavmeupfwiyxzhaiqkwzocyeeixy/Build/Products/Debug-iphoneos/third-party-IsAppEncrypted.o (in target 'third-party-IsAppEncrypted' from project 'GoogleUtilities')
    cd /Users/khanghnguyen/Library/Developer/Xcode/DerivedData/Wishie-gavmeupfwiyxzhaiqkwzocyeeixy/SourcePackages/checkouts/GoogleUtilities
    builtin-RegisterExecutionPolicyException /Users/khanghnguyen/Library/Developer/Xcode/DerivedData/Wishie-gavmeupfwiyxzhaiqkwzocyeeixy/Build/Products/Debug-iphoneos/third-party-IsAppEncrypted.o

RegisterExecutionPolicyException /Users/khanghnguyen/Library/Developer/Xcode/DerivedData/Wishie-gavmeupfwiyxzhaiqkwzocyeeixy/Build/Products/Debug-iphoneos/swift-crypto_Crypto.bundle (in target 'swift-crypto_Crypto' from project 'swift-crypto')
    cd /Users/khanghnguyen/Library/Developer/Xcode/DerivedData/Wishie-gavmeupfwiyxzhaiqkwzocyeeixy/SourcePackages/checkouts/swift-crypto
    builtin-RegisterExecutionPolicyException /Users/khanghnguyen/Library/Developer/Xcode/DerivedData/Wishie-gavmeupfwiyxzhaiqkwzocyeeixy/Build/Products/Debug-iphoneos/swift-crypto_Crypto.bundle

RegisterExecutionPolicyException /Users/khanghnguyen/Library/Developer/Xcode/DerivedData/Wishie-gavmeupfwiyxzhaiqkwzocyeeixy/Build/Products/Debug-iphoneos/nanopb_nanopb.bundle (in target 'nanopb_nanopb' from project 'nanopb')
    cd /Users/khanghnguyen/Library/Developer/Xcode/DerivedData/Wishie-gavmeupfwiyxzhaiqkwzocyeeixy/SourcePackages/checkouts/nanopb
    builtin-RegisterExecutionPolicyException /Users/khanghnguyen/Library/Developer/Xcode/DerivedData/Wishie-gavmeupfwiyxzhaiqkwzocyeeixy/Build/Products/Debug-iphoneos/nanopb_nanopb.bundle

Touch /Users/khanghnguyen/Library/Developer/Xcode/DerivedData/Wishie-gavmeupfwiyxzhaiqkwzocyeeixy/Build/Products/Debug-iphoneos/swift-crypto_Crypto.bundle (in target 'swift-crypto_Crypto' from project 'swift-crypto')
    cd /Users/khanghnguyen/Library/Developer/Xcode/DerivedData/Wishie-gavmeupfwiyxzhaiqkwzocyeeixy/SourcePackages/checkouts/swift-crypto
    /usr/bin/touch -c /Users/khanghnguyen/Library/Developer/Xcode/DerivedData/Wishie-gavmeupfwiyxzhaiqkwzocyeeixy/Build/Products/Debug-iphoneos/swift-crypto_Crypto.bundle

Touch /Users/khanghnguyen/Library/Developer/Xcode/DerivedData/Wishie-gavmeupfwiyxzhaiqkwzocyeeixy/Build/Products/Debug-iphoneos/nanopb_nanopb.bundle (in target 'nanopb_nanopb' from project 'nanopb')
    cd /Users/khanghnguyen/Library/Developer/Xcode/DerivedData/Wishie-gavmeupfwiyxzhaiqkwzocyeeixy/SourcePackages/checkouts/nanopb
    /usr/bin/touch -c /Users/khanghnguyen/Library/Developer/Xcode/DerivedData/Wishie-gavmeupfwiyxzhaiqkwzocyeeixy/Build/Products/Debug-iphoneos/nanopb_nanopb.bundle

PrecompileModule /Users/khanghnguyen/Library/Developer/Xcode/DerivedData/Wishie-gavmeupfwiyxzhaiqkwzocyeeixy/Build/Intermediates.noindex/ExplicitPrecompiledModules/CFNetwork-6KX8DOJYKFLPA4RJW95POWN2M.scan
    cd /
    builtin-precompileModule /Users/khanghnguyen/Library/Developer/Xcode/DerivedData/Wishie-gavmeupfwiyxzhaiqkwzocyeeixy/Build/Intermediates.noindex/ExplicitPrecompiledModules/CFNetwork-6KX8DOJYKFLPA4RJW95POWN2M.scan

PrecompileModule /Users/khanghnguyen/Library/Developer/Xcode/DerivedData/Wishie-gavmeupfwiyxzhaiqkwzocyeeixy/Build/Intermediates.noindex/ExplicitPrecompiledModules/CoreGraphics-3URI324WKTZD1SYAN2XH87ILQ.scan
    cd /
    builtin-precompileModule /Users/khanghnguyen/Library/Developer/Xcode/DerivedData/Wishie-gavmeupfwiyxzhaiqkwzocyeeixy/Build/Intermediates.noindex/ExplicitPrecompiledModules/CoreGraphics-3URI324WKTZD1SYAN2XH87ILQ.scan

PrecompileModule /Users/khanghnguyen/Library/Developer/Xcode/DerivedData/Wishie-gavmeupfwiyxzhaiqkwzocyeeixy/Build/Intermediates.noindex/ExplicitPrecompiledModules/Security-1CU19GCLQPAI6X9K9ISI72NJI.scan
    cd /
    builtin-precompileModule /Users/khanghnguyen/Library/Developer/Xcode/DerivedData/Wishie-gavmeupfwiyxzhaiqkwzocyeeixy/Build/Intermediates.noindex/ExplicitPrecompiledModules/Security-1CU19GCLQPAI6X9K9ISI72NJI.scan

RegisterExecutionPolicyException /Users/khanghnguyen/Library/Developer/Xcode/DerivedData/Wishie-gavmeupfwiyxzhaiqkwzocyeeixy/Build/Products/Debug-iphoneos/leveldb_leveldb.bundle (in target 'leveldb_leveldb' from project 'leveldb')
    cd /Users/khanghnguyen/Library/Developer/Xcode/DerivedData/Wishie-gavmeupfwiyxzhaiqkwzocyeeixy/SourcePackages/checkouts/leveldb
    builtin-RegisterExecutionPolicyException /Users/khanghnguyen/Library/Developer/Xcode/DerivedData/Wishie-gavmeupfwiyxzhaiqkwzocyeeixy/Build/Products/Debug-iphoneos/leveldb_leveldb.bundle

PrecompileModule /Users/khanghnguyen/Library/Developer/Xcode/DerivedData/Wishie-gavmeupfwiyxzhaiqkwzocyeeixy/Build/Intermediates.noindex/ExplicitPrecompiledModules/CoreText-614TKS2PXSKFMLZ4OP8INZXJT.scan
    cd /
    builtin-precompileModule /Users/khanghnguyen/Library/Developer/Xcode/DerivedData/Wishie-gavmeupfwiyxzhaiqkwzocyeeixy/Build/Intermediates.noindex/ExplicitPrecompiledModules/CoreText-614TKS2PXSKFMLZ4OP8INZXJT.scan

PrecompileModule /Users/khanghnguyen/Library/Developer/Xcode/DerivedData/Wishie-gavmeupfwiyxzhaiqkwzocyeeixy/Build/Intermediates.noindex/ExplicitPrecompiledModules/ImageIO-2NDN50SWFR2WTR2ENGFQR7V9R.scan
    cd /
    builtin-precompileModule /Users/khanghnguyen/Library/Developer/Xcode/DerivedData/Wishie-gavmeupfwiyxzhaiqkwzocyeeixy/Build/Intermediates.noindex/ExplicitPrecompiledModules/ImageIO-2NDN50SWFR2WTR2ENGFQR7V9R.scan

PrecompileModule /Users/khanghnguyen/Library/Developer/Xcode/DerivedData/Wishie-gavmeupfwiyxzhaiqkwzocyeeixy/Build/Intermediates.noindex/ExplicitPrecompiledModules/Foundation-EEF2ZNT1NSPO1T6O0T3CSCPQQ.scan
    cd /
    builtin-precompileModule /Users/khanghnguyen/Library/Developer/Xcode/DerivedData/Wishie-gavmeupfwiyxzhaiqkwzocyeeixy/Build/Intermediates.noindex/ExplicitPrecompiledModules/Foundation-EEF2ZNT1NSPO1T6O0T3CSCPQQ.scan

WriteAuxiliaryFile /Users/khanghnguyen/Library/Developer/Xcode/DerivedData/Wishie-gavmeupfwiyxzhaiqkwzocyeeixy/Build/Intermediates.noindex/Firebase.build/Debug-iphoneos/FirebaseFirestoreTarget.build/Objects-normal/arm64/e6072d4f65d7061329687fe24e3d63a7-common-args.resp (in target 'FirebaseFirestoreTarget' from project 'Firebase')
    cd /Users/khanghnguyen/Library/Developer/Xcode/DerivedData/Wishie-gavmeupfwiyxzhaiqkwzocyeeixy/SourcePackages/checkouts/firebase-ios-sdk
    write-file /Users/khanghnguyen/Library/Developer/Xcode/DerivedData/Wishie-gavmeupfwiyxzhaiqkwzocyeeixy/Build/Intermediates.noindex/Firebase.build/Debug-iphoneos/FirebaseFirestoreTarget.build/Objects-normal/arm64/e6072d4f65d7061329687fe24e3d63a7-common-args.resp
-target arm64-apple-ios15.0 -fobjc-arc -fmodules -gmodules '-fmodules-cache-path=/Users/khanghnguyen/Library/Developer/Xcode/DerivedData/ModuleCache.noindex' '-fmodule-name=FirebaseFirestoreTarget' -fpascal-strings -O0 -DSWIFT_PACKAGE '-DDEBUG=1' '-DFIREBASE_BINARY_FIRESTORE=1' '-DOBJC_OLD_DISPATCH_PROTOTYPES=1' -isysroot /Applications/Xcode.app/Contents/Developer/Platforms/iPhoneOS.platform/Developer/SDKs/iPhoneOS26.2.sdk -g -fprofile-instr-generate -fcoverage-mapping -I/Users/khanghnguyen/Library/Developer/Xcode/DerivedData/Wishie-gavmeupfwiyxzhaiqkwzocyeeixy/SourcePackages/checkouts/GoogleUtilities/GoogleUtilities/NSData+zlib/Public -I/Users/khanghnguyen/Library/Developer/Xcode/DerivedData/Wishie-gavmeupfwiyxzhaiqkwzocyeeixy/SourcePackages/checkouts/GoogleUtilities/GoogleUtilities/Environment/Public -I/Users/khanghnguyen/Library/Developer/Xcode/DerivedData/Wishie-gavmeupfwiyxzhaiqkwzocyeeixy/SourcePackages/checkouts/GoogleUtilities/third_party/IsAppEncrypted/Public -I/Users/khanghnguyen/Library/Developer/Xcode/DerivedData/Wishie-gavmeupfwiyxzhaiqkwzocyeeixy/SourcePackages/checkouts/GoogleUtilities/GoogleUtilities/Logger/Public -I/Users/khanghnguyen/Library/Developer/Xcode/DerivedData/Wishie-gavmeupfwiyxzhaiqkwzocyeeixy/SourcePackages/checkouts/abseil-cpp-binary/absl-Wrapper/include -I/Users/khanghnguyen/Library/Developer/Xcode/DerivedData/Wishie-gavmeupfwiyxzhaiqkwzocyeeixy/SourcePackages/checkouts/grpc-binary/openssl-grpc-Wrapper/include -I/Users/khanghnguyen/Library/Developer/Xcode/DerivedData/Wishie-gavmeupfwiyxzhaiqkwzocyeeixy/SourcePackages/checkouts/grpc-binary/grpc-Wrapper/include -I/Users/khanghnguyen/Library/Developer/Xcode/DerivedData/Wishie-gavmeupfwiyxzhaiqkwzocyeeixy/SourcePackages/checkouts/grpc-binary/grpcpp-Wrapper/include -I/Users/khanghnguyen/Library/Developer/Xcode/DerivedData/Wishie-gavmeupfwiyxzhaiqkwzocyeeixy/SourcePackages/checkouts/nanopb/spm_headers -I/Users/khanghnguyen/Library/Developer/Xcode/DerivedData/Wishie-gavmeupfwiyxzhaiqkwzocyeeixy/SourcePackages/checkouts/leveldb/include -I/Users/khanghnguyen/Library/Developer/Xcode/DerivedData/Wishie-gavmeupfwiyxzhaiqkwzocyeeixy/SourcePackages/checkouts/firebase-ios-sdk/FirebaseCore/Extension -I/Users/khanghnguyen/Library/Developer/Xcode/DerivedData/Wishie-gavmeupfwiyxzhaiqkwzocyeeixy/SourcePackages/checkouts/firebase-ios-sdk/FirebaseCore/Sources/Public -I/Users/khanghnguyen/Library/Developer/Xcode/DerivedData/Wishie-gavmeupfwiyxzhaiqkwzocyeeixy/SourcePackages/checkouts/firebase-ios-sdk/CoreOnly/Sources -I/Users/khanghnguyen/Library/Developer/Xcode/DerivedData/Wishie-gavmeupfwiyxzhaiqkwzocyeeixy/SourcePackages/checkouts/firebase-ios-sdk/FirebaseAppCheck/Interop/Public -I/Users/khanghnguyen/Library/Developer/Xcode/DerivedData/Wishie-gavmeupfwiyxzhaiqkwzocyeeixy/SourcePackages/checkouts/firebase-ios-sdk/FirebaseFirestoreInternal -I/Users/khanghnguyen/Library/Developer/Xcode/DerivedData/Wishie-gavmeupfwiyxzhaiqkwzocyeeixy/Build/Products/Debug-iphoneos/include -I/Users/khanghnguyen/Library/Developer/Xcode/DerivedData/Wishie-gavmeupfwiyxzhaiqkwzocyeeixy/SourcePackages/checkouts/firebase-ios-sdk/SwiftPM-PlatformExclude/FirebaseFirestoreWrap/include -I/Users/khanghnguyen/Library/Developer/Xcode/DerivedData/Wishie-gavmeupfwiyxzhaiqkwzocyeeixy/Build/Intermediates.noindex/Firebase.build/Debug-iphoneos/FirebaseFirestoreTarget.build/DerivedSources-normal/arm64 -I/Users/khanghnguyen/Library/Developer/Xcode/DerivedData/Wishie-gavmeupfwiyxzhaiqkwzocyeeixy/Build/Intermediates.noindex/Firebase.build/Debug-iphoneos/FirebaseFirestoreTarget.build/DerivedSources/arm64 -I/Users/khanghnguyen/Library/Developer/Xcode/DerivedData/Wishie-gavmeupfwiyxzhaiqkwzocyeeixy/Build/Intermediates.noindex/Firebase.build/Debug-iphoneos/FirebaseFirestoreTarget.build/DerivedSources -F/Users/khanghnguyen/Library/Developer/Xcode/DerivedData/Wishie-gavmeupfwiyxzhaiqkwzocyeeixy/Build/Products/Debug-iphoneos/PackageFrameworks -F/Users/khanghnguyen/Library/Developer/Xcode/DerivedData/Wishie-gavmeupfwiyxzhaiqkwzocyeeixy/Build/Products/Debug-iphoneos/PackageFrameworks -F/Users/khanghnguyen/Library/Developer/Xcode/DerivedData/Wishie-gavmeupfwiyxzhaiqkwzocyeeixy/Build/Products/Debug-iphoneos/PackageFrameworks -F/Users/khanghnguyen/Library/Developer/Xcode/DerivedData/Wishie-gavmeupfwiyxzhaiqkwzocyeeixy/Build/Products/Debug-iphoneos/PackageFrameworks -F/Users/khanghnguyen/Library/Developer/Xcode/DerivedData/Wishie-gavmeupfwiyxzhaiqkwzocyeeixy/Build/Products/Debug-iphoneos/PackageFrameworks -F/Users/khanghnguyen/Library/Developer/Xcode/DerivedData/Wishie-gavmeupfwiyxzhaiqkwzocyeeixy/Build/Products/Debug-iphoneos/PackageFrameworks -F/Users/khanghnguyen/Library/Developer/Xcode/DerivedData/Wishie-gavmeupfwiyxzhaiqkwzocyeeixy/Build/Products/Debug-iphoneos/PackageFrameworks -F/Users/khanghnguyen/Library/Developer/Xcode/DerivedData/Wishie-gavmeupfwiyxzhaiqkwzocyeeixy/Build/Products/Debug-iphoneos/PackageFrameworks -F/Users/khanghnguyen/Library/Developer/Xcode/DerivedData/Wishie-gavmeupfwiyxzhaiqkwzocyeeixy/Build/Products/Debug-iphoneos/PackageFrameworks -F/Users/khanghnguyen/Library/Developer/Xcode/DerivedData/Wishie-gavmeupfwiyxzhaiqkwzocyeeixy/Build/Products/Debug-iphoneos/PackageFrameworks -F/Users/khanghnguyen/Library/Developer/Xcode/DerivedData/Wishie-gavmeupfwiyxzhaiqkwzocyeeixy/Build/Products/Debug-iphoneos/PackageFrameworks -F/Users/khanghnguyen/Library/Developer/Xcode/DerivedData/Wishie-gavmeupfwiyxzhaiqkwzocyeeixy/Build/Products/Debug-iphoneos/PackageFrameworks -F/Users/khanghnguyen/Library/Developer/Xcode/DerivedData/Wishie-gavmeupfwiyxzhaiqkwzocyeeixy/Build/Products/Debug-iphoneos/PackageFrameworks -F/Users/khanghnguyen/Library/Developer/Xcode/DerivedData/Wishie-gavmeupfwiyxzhaiqkwzocyeeixy/Build/Products/Debug-iphoneos/PackageFrameworks -F/Users/khanghnguyen/Library/Developer/Xcode/DerivedData/Wishie-gavmeupfwiyxzhaiqkwzocyeeixy/Build/Products/Debug-iphoneos/PackageFrameworks -F/Users/khanghnguyen/Library/Developer/Xcode/DerivedData/Wishie-gavmeupfwiyxzhaiqkwzocyeeixy/Build/Products/Debug-iphoneos/PackageFrameworks -F/Users/khanghnguyen/Library/Developer/Xcode/DerivedData/Wishie-gavmeupfwiyxzhaiqkwzocyeeixy/Build/Products/Debug-iphoneos/PackageFrameworks -F/Users/khanghnguyen/Library/Developer/Xcode/DerivedData/Wishie-gavmeupfwiyxzhaiqkwzocyeeixy/Build/Products/Debug-iphoneos/PackageFrameworks -F/Users/khanghnguyen/Library/Developer/Xcode/DerivedData/Wishie-gavmeupfwiyxzhaiqkwzocyeeixy/Build/Products/Debug-iphoneos -iframework /Applications/Xcode.app/Contents/Developer/Platforms/iPhoneOS.platform/Developer/Library/Frameworks -iframework /Applications/Xcode.app/Contents/Developer/Platforms/iPhoneOS.platform/Developer/SDKs/iPhoneOS26.2.sdk/Developer/Library/Frameworks '-fmodule-map-file=/Users/khanghnguyen/Library/Developer/Xcode/DerivedData/Wishie-gavmeupfwiyxzhaiqkwzocyeeixy/Build/Intermediates.noindex/GeneratedModuleMaps-iphoneos/GoogleUtilities-NSData.modulemap' '-fmodule-map-file=/Users/khanghnguyen/Library/Developer/Xcode/DerivedData/Wishie-gavmeupfwiyxzhaiqkwzocyeeixy/Build/Intermediates.noindex/GeneratedModuleMaps-iphoneos/GoogleUtilities-Environment.modulemap' '-fmodule-map-file=/Users/khanghnguyen/Library/Developer/Xcode/DerivedData/Wishie-gavmeupfwiyxzhaiqkwzocyeeixy/Build/Intermediates.noindex/GeneratedModuleMaps-iphoneos/third-party-IsAppEncrypted.modulemap' '-fmodule-map-file=/Users/khanghnguyen/Library/Developer/Xcode/DerivedData/Wishie-gavmeupfwiyxzhaiqkwzocyeeixy/Build/Intermediates.noindex/GeneratedModuleMaps-iphoneos/GoogleUtilities-Logger.modulemap' '-fmodule-map-file=/Users/khanghnguyen/Library/Developer/Xcode/DerivedData/Wishie-gavmeupfwiyxzhaiqkwzocyeeixy/Build/Intermediates.noindex/GeneratedModuleMaps-iphoneos/abslWrapper.modulemap' '-fmodule-map-file=/Users/khanghnguyen/Library/Developer/Xcode/DerivedData/Wishie-gavmeupfwiyxzhaiqkwzocyeeixy/Build/Intermediates.noindex/GeneratedModuleMaps-iphoneos/opensslWrapper.modulemap' '-fmodule-map-file=/Users/khanghnguyen/Library/Developer/Xcode/DerivedData/Wishie-gavmeupfwiyxzhaiqkwzocyeeixy/Build/Intermediates.noindex/GeneratedModuleMaps-iphoneos/grpcWrapper.modulemap' '-fmodule-map-file=/Users/khanghnguyen/Library/Developer/Xcode/DerivedData/Wishie-gavmeupfwiyxzhaiqkwzocyeeixy/Build/Intermediates.noindex/GeneratedModuleMaps-iphoneos/grpcppWrapper.modulemap' '-fmodule-map-file=/Users/khanghnguyen/Library/Developer/Xcode/DerivedData/Wishie-gavmeupfwiyxzhaiqkwzocyeeixy/Build/Intermediates.noindex/GeneratedModuleMaps-iphoneos/nanopb.modulemap' '-fmodule-map-file=/Users/khanghnguyen/Library/Developer/Xcode/DerivedData/Wishie-gavmeupfwiyxzhaiqkwzocyeeixy/Build/Intermediates.noindex/GeneratedModuleMaps-iphoneos/leveldb.modulemap' '-fmodule-map-file=/Users/khanghnguyen/Library/Developer/Xcode/DerivedData/Wishie-gavmeupfwiyxzhaiqkwzocyeeixy/Build/Intermediates.noindex/GeneratedModuleMaps-iphoneos/FirebaseFirestore.modulemap' '-fmodule-map-file=/Users/khanghnguyen/Library/Developer/Xcode/DerivedData/Wishie-gavmeupfwiyxzhaiqkwzocyeeixy/Build/Intermediates.noindex/GeneratedModuleMaps-iphoneos/FirebaseSharedSwift.modulemap' '-fmodule-map-file=/Users/khanghnguyen/Library/Developer/Xcode/DerivedData/Wishie-gavmeupfwiyxzhaiqkwzocyeeixy/Build/Intermediates.noindex/GeneratedModuleMaps-iphoneos/FirebaseCoreExtension.modulemap' '-fmodule-map-file=/Users/khanghnguyen/Library/Developer/Xcode/DerivedData/Wishie-gavmeupfwiyxzhaiqkwzocyeeixy/Build/Intermediates.noindex/GeneratedModuleMaps-iphoneos/FirebaseCore.modulemap' '-fmodule-map-file=/Users/khanghnguyen/Library/Developer/Xcode/DerivedData/Wishie-gavmeupfwiyxzhaiqkwzocyeeixy/Build/Intermediates.noindex/GeneratedModuleMaps-iphoneos/FirebaseCoreInternal.modulemap' '-fmodule-map-file=/Users/khanghnguyen/Library/Developer/Xcode/DerivedData/Wishie-gavmeupfwiyxzhaiqkwzocyeeixy/Build/Intermediates.noindex/GeneratedModuleMaps-iphoneos/FirebaseAppCheckInterop.modulemap' '-fmodule-map-file=/Users/khanghnguyen/Library/Developer/Xcode/DerivedData/Wishie-gavmeupfwiyxzhaiqkwzocyeeixy/Build/Intermediates.noindex/GeneratedModuleMaps-iphoneos/FirebaseFirestoreInternalWrapper.modulemap' -DXcode

WriteAuxiliaryFile /Users/khanghnguyen/Library/Developer/Xcode/DerivedData/Wishie-gavmeupfwiyxzhaiqkwzocyeeixy/Build/Intermediates.noindex/Firebase.build/Debug-iphoneos/FirebaseFirestoreTarget.build/Objects-normal/arm64/FirebaseFirestoreTarget.LinkFileList (in target 'FirebaseFirestoreTarget' from project 'Firebase')
    cd /Users/khanghnguyen/Library/Developer/Xcode/DerivedData/Wishie-gavmeupfwiyxzhaiqkwzocyeeixy/SourcePackages/checkouts/firebase-ios-sdk
    write-file /Users/khanghnguyen/Library/Developer/Xcode/DerivedData/Wishie-gavmeupfwiyxzhaiqkwzocyeeixy/Build/Intermediates.noindex/Firebase.build/Debug-iphoneos/FirebaseFirestoreTarget.build/Objects-normal/arm64/FirebaseFirestoreTarget.LinkFileList

WriteAuxiliaryFile /Users/khanghnguyen/Library/Developer/Xcode/DerivedData/Wishie-gavmeupfwiyxzhaiqkwzocyeeixy/Build/Intermediates.noindex/Firebase.build/Debug-iphoneos/FirebaseFirestoreTarget.build/FirebaseFirestoreTarget.modulemap (in target 'FirebaseFirestoreTarget' from project 'Firebase')
    cd /Users/khanghnguyen/Library/Developer/Xcode/DerivedData/Wishie-gavmeupfwiyxzhaiqkwzocyeeixy/SourcePackages/checkouts/firebase-ios-sdk
    write-file /Users/khanghnguyen/Library/Developer/Xcode/DerivedData/Wishie-gavmeupfwiyxzhaiqkwzocyeeixy/Build/Intermediates.noindex/Firebase.build/Debug-iphoneos/FirebaseFirestoreTarget.build/FirebaseFirestoreTarget.modulemap

WriteAuxiliaryFile /Users/khanghnguyen/Library/Developer/Xcode/DerivedData/Wishie-gavmeupfwiyxzhaiqkwzocyeeixy/Build/Intermediates.noindex/Firebase.build/Debug-iphoneos/FirebaseFirestoreTarget.build/FirebaseFirestoreTarget.DependencyStaticMetadataFileList (in target 'FirebaseFirestoreTarget' from project 'Firebase')
    cd /Users/khanghnguyen/Library/Developer/Xcode/DerivedData/Wishie-gavmeupfwiyxzhaiqkwzocyeeixy/SourcePackages/checkouts/firebase-ios-sdk
    write-file /Users/khanghnguyen/Library/Developer/Xcode/DerivedData/Wishie-gavmeupfwiyxzhaiqkwzocyeeixy/Build/Intermediates.noindex/Firebase.build/Debug-iphoneos/FirebaseFirestoreTarget.build/FirebaseFirestoreTarget.DependencyStaticMetadataFileList

WriteAuxiliaryFile /Users/khanghnguyen/Library/Developer/Xcode/DerivedData/Wishie-gavmeupfwiyxzhaiqkwzocyeeixy/Build/Intermediates.noindex/Firebase.build/Debug-iphoneos/FirebaseFirestoreTarget.build/FirebaseFirestoreTarget.DependencyMetadataFileList (in target 'FirebaseFirestoreTarget' from project 'Firebase')
    cd /Users/khanghnguyen/Library/Developer/Xcode/DerivedData/Wishie-gavmeupfwiyxzhaiqkwzocyeeixy/SourcePackages/checkouts/firebase-ios-sdk
    write-file /Users/khanghnguyen/Library/Developer/Xcode/DerivedData/Wishie-gavmeupfwiyxzhaiqkwzocyeeixy/Build/Intermediates.noindex/Firebase.build/Debug-iphoneos/FirebaseFirestoreTarget.build/FirebaseFirestoreTarget.DependencyMetadataFileList

Copy /Users/khanghnguyen/Library/Developer/Xcode/DerivedData/Wishie-gavmeupfwiyxzhaiqkwzocyeeixy/Build/Intermediates.noindex/GeneratedModuleMaps-iphoneos/FirebaseFirestoreTarget.modulemap /Users/khanghnguyen/Library/Developer/Xcode/DerivedData/Wishie-gavmeupfwiyxzhaiqkwzocyeeixy/Build/Intermediates.noindex/Firebase.build/Debug-iphoneos/FirebaseFirestoreTarget.build/FirebaseFirestoreTarget.modulemap (in target 'FirebaseFirestoreTarget' from project 'Firebase')
    cd /Users/khanghnguyen/Library/Developer/Xcode/DerivedData/Wishie-gavmeupfwiyxzhaiqkwzocyeeixy/SourcePackages/checkouts/firebase-ios-sdk
    builtin-copy -exclude .DS_Store -exclude CVS -exclude .svn -exclude .git -exclude .hg -resolve-src-symlinks /Users/khanghnguyen/Library/Developer/Xcode/DerivedData/Wishie-gavmeupfwiyxzhaiqkwzocyeeixy/Build/Intermediates.noindex/Firebase.build/Debug-iphoneos/FirebaseFirestoreTarget.build/FirebaseFirestoreTarget.modulemap /Users/khanghnguyen/Library/Developer/Xcode/DerivedData/Wishie-gavmeupfwiyxzhaiqkwzocyeeixy/Build/Intermediates.noindex/GeneratedModuleMaps-iphoneos

WriteAuxiliaryFile /Users/khanghnguyen/Library/Developer/Xcode/DerivedData/Wishie-gavmeupfwiyxzhaiqkwzocyeeixy/Build/Intermediates.noindex/Firebase.build/Debug-iphoneos/FirebaseFirestoreInternalWrapper.build/Objects-normal/arm64/e6072d4f65d7061329687fe24e3d63a7-common-args.resp (in target 'FirebaseFirestoreInternalWrapper' from project 'Firebase')
    cd /Users/khanghnguyen/Library/Developer/Xcode/DerivedData/Wishie-gavmeupfwiyxzhaiqkwzocyeeixy/SourcePackages/checkouts/firebase-ios-sdk
    write-file /Users/khanghnguyen/Library/Developer/Xcode/DerivedData/Wishie-gavmeupfwiyxzhaiqkwzocyeeixy/Build/Intermediates.noindex/Firebase.build/Debug-iphoneos/FirebaseFirestoreInternalWrapper.build/Objects-normal/arm64/e6072d4f65d7061329687fe24e3d63a7-common-args.resp
-target arm64-apple-ios15.0 -fobjc-arc -fmodules -gmodules '-fmodules-cache-path=/Users/khanghnguyen/Library/Developer/Xcode/DerivedData/ModuleCache.noindex' '-fmodule-name=FirebaseFirestoreInternalWrapper' -fpascal-strings -O0 -DSWIFT_PACKAGE '-DDEBUG=1' '-DOBJC_OLD_DISPATCH_PROTOTYPES=1' -isysroot /Applications/Xcode.app/Contents/Developer/Platforms/iPhoneOS.platform/Developer/SDKs/iPhoneOS26.2.sdk -g -fprofile-instr-generate -fcoverage-mapping -I/Users/khanghnguyen/Library/Developer/Xcode/DerivedData/Wishie-gavmeupfwiyxzhaiqkwzocyeeixy/Build/Products/Debug-iphoneos/include -I/Users/khanghnguyen/Library/Developer/Xcode/DerivedData/Wishie-gavmeupfwiyxzhaiqkwzocyeeixy/SourcePackages/checkouts/firebase-ios-sdk/FirebaseFirestoreInternal -I/Users/khanghnguyen/Library/Developer/Xcode/DerivedData/Wishie-gavmeupfwiyxzhaiqkwzocyeeixy/Build/Intermediates.noindex/Firebase.build/Debug-iphoneos/FirebaseFirestoreInternalWrapper.build/DerivedSources-normal/arm64 -I/Users/khanghnguyen/Library/Developer/Xcode/DerivedData/Wishie-gavmeupfwiyxzhaiqkwzocyeeixy/Build/Intermediates.noindex/Firebase.build/Debug-iphoneos/FirebaseFirestoreInternalWrapper.build/DerivedSources/arm64 -I/Users/khanghnguyen/Library/Developer/Xcode/DerivedData/Wishie-gavmeupfwiyxzhaiqkwzocyeeixy/Build/Intermediates.noindex/Firebase.build/Debug-iphoneos/FirebaseFirestoreInternalWrapper.build/DerivedSources -F/Users/khanghnguyen/Library/Developer/Xcode/DerivedData/Wishie-gavmeupfwiyxzhaiqkwzocyeeixy/Build/Products/Debug-iphoneos -iframework /Applications/Xcode.app/Contents/Developer/Platforms/iPhoneOS.platform/Developer/Library/Frameworks -iframework /Applications/Xcode.app/Contents/Developer/Platforms/iPhoneOS.platform/Developer/SDKs/iPhoneOS26.2.sdk/Developer/Library/Frameworks -DXcode

WriteAuxiliaryFile /Users/khanghnguyen/Library/Developer/Xcode/DerivedData/Wishie-gavmeupfwiyxzhaiqkwzocyeeixy/Build/Intermediates.noindex/Firebase.build/Debug-iphoneos/FirebaseFirestoreInternalWrapper.build/Objects-normal/arm64/FirebaseFirestoreInternalWrapper.LinkFileList (in target 'FirebaseFirestoreInternalWrapper' from project 'Firebase')
    cd /Users/khanghnguyen/Library/Developer/Xcode/DerivedData/Wishie-gavmeupfwiyxzhaiqkwzocyeeixy/SourcePackages/checkouts/firebase-ios-sdk
    write-file /Users/khanghnguyen/Library/Developer/Xcode/DerivedData/Wishie-gavmeupfwiyxzhaiqkwzocyeeixy/Build/Intermediates.noindex/Firebase.build/Debug-iphoneos/FirebaseFirestoreInternalWrapper.build/Objects-normal/arm64/FirebaseFirestoreInternalWrapper.LinkFileList

WriteAuxiliaryFile /Users/khanghnguyen/Library/Developer/Xcode/DerivedData/Wishie-gavmeupfwiyxzhaiqkwzocyeeixy/Build/Intermediates.noindex/Firebase.build/Debug-iphoneos/FirebaseFirestoreInternalWrapper.build/FirebaseFirestoreInternalWrapper.modulemap (in target 'FirebaseFirestoreInternalWrapper' from project 'Firebase')
    cd /Users/khanghnguyen/Library/Developer/Xcode/DerivedData/Wishie-gavmeupfwiyxzhaiqkwzocyeeixy/SourcePackages/checkouts/firebase-ios-sdk
    write-file /Users/khanghnguyen/Library/Developer/Xcode/DerivedData/Wishie-gavmeupfwiyxzhaiqkwzocyeeixy/Build/Intermediates.noindex/Firebase.build/Debug-iphoneos/FirebaseFirestoreInternalWrapper.build/FirebaseFirestoreInternalWrapper.modulemap

WriteAuxiliaryFile /Users/khanghnguyen/Library/Developer/Xcode/DerivedData/Wishie-gavmeupfwiyxzhaiqkwzocyeeixy/Build/Intermediates.noindex/Firebase.build/Debug-iphoneos/FirebaseFirestoreInternalWrapper.build/FirebaseFirestoreInternalWrapper.DependencyStaticMetadataFileList (in target 'FirebaseFirestoreInternalWrapper' from project 'Firebase')
    cd /Users/khanghnguyen/Library/Developer/Xcode/DerivedData/Wishie-gavmeupfwiyxzhaiqkwzocyeeixy/SourcePackages/checkouts/firebase-ios-sdk
    write-file /Users/khanghnguyen/Library/Developer/Xcode/DerivedData/Wishie-gavmeupfwiyxzhaiqkwzocyeeixy/Build/Intermediates.noindex/Firebase.build/Debug-iphoneos/FirebaseFirestoreInternalWrapper.build/FirebaseFirestoreInternalWrapper.DependencyStaticMetadataFileList

WriteAuxiliaryFile /Users/khanghnguyen/Library/Developer/Xcode/DerivedData/Wishie-gavmeupfwiyxzhaiqkwzocyeeixy/Build/Intermediates.noindex/Firebase.build/Debug-iphoneos/FirebaseFirestoreInternalWrapper.build/FirebaseFirestoreInternalWrapper.DependencyMetadataFileList (in target 'FirebaseFirestoreInternalWrapper' from project 'Firebase')
    cd /Users/khanghnguyen/Library/Developer/Xcode/DerivedData/Wishie-gavmeupfwiyxzhaiqkwzocyeeixy/SourcePackages/checkouts/firebase-ios-sdk
    write-file /Users/khanghnguyen/Library/Developer/Xcode/DerivedData/Wishie-gavmeupfwiyxzhaiqkwzocyeeixy/Build/Intermediates.noindex/Firebase.build/Debug-iphoneos/FirebaseFirestoreInternalWrapper.build/FirebaseFirestoreInternalWrapper.DependencyMetadataFileList

Copy /Users/khanghnguyen/Library/Developer/Xcode/DerivedData/Wishie-gavmeupfwiyxzhaiqkwzocyeeixy/Build/Intermediates.noindex/GeneratedModuleMaps-iphoneos/FirebaseFirestoreInternalWrapper.modulemap /Users/khanghnguyen/Library/Developer/Xcode/DerivedData/Wishie-gavmeupfwiyxzhaiqkwzocyeeixy/Build/Intermediates.noindex/Firebase.build/Debug-iphoneos/FirebaseFirestoreInternalWrapper.build/FirebaseFirestoreInternalWrapper.modulemap (in target 'FirebaseFirestoreInternalWrapper' from project 'Firebase')
    cd /Users/khanghnguyen/Library/Developer/Xcode/DerivedData/Wishie-gavmeupfwiyxzhaiqkwzocyeeixy/SourcePackages/checkouts/firebase-ios-sdk
    builtin-copy -exclude .DS_Store -exclude CVS -exclude .svn -exclude .git -exclude .hg -resolve-src-symlinks /Users/khanghnguyen/Library/Developer/Xcode/DerivedData/Wishie-gavmeupfwiyxzhaiqkwzocyeeixy/Build/Intermediates.noindex/Firebase.build/Debug-iphoneos/FirebaseFirestoreInternalWrapper.build/FirebaseFirestoreInternalWrapper.modulemap /Users/khanghnguyen/Library/Developer/Xcode/DerivedData/Wishie-gavmeupfwiyxzhaiqkwzocyeeixy/Build/Intermediates.noindex/GeneratedModuleMaps-iphoneos

WriteAuxiliaryFile /Users/khanghnguyen/Library/Developer/Xcode/DerivedData/Wishie-gavmeupfwiyxzhaiqkwzocyeeixy/Build/Intermediates.noindex/Firebase.build/Debug-iphoneos/FirebaseFirestore.build/Objects-normal/arm64/FirebaseFirestore_const_extract_protocols.json (in target 'FirebaseFirestore' from project 'Firebase')
    cd /Users/khanghnguyen/Library/Developer/Xcode/DerivedData/Wishie-gavmeupfwiyxzhaiqkwzocyeeixy/SourcePackages/checkouts/firebase-ios-sdk
    write-file /Users/khanghnguyen/Library/Developer/Xcode/DerivedData/Wishie-gavmeupfwiyxzhaiqkwzocyeeixy/Build/Intermediates.noindex/Firebase.build/Debug-iphoneos/FirebaseFirestore.build/Objects-normal/arm64/FirebaseFirestore_const_extract_protocols.json

WriteAuxiliaryFile /Users/khanghnguyen/Library/Developer/Xcode/DerivedData/Wishie-gavmeupfwiyxzhaiqkwzocyeeixy/Build/Intermediates.noindex/Firebase.build/Debug-iphoneos/FirebaseFirestore.build/Objects-normal/arm64/FirebaseFirestore.SwiftFileList (in target 'FirebaseFirestore' from project 'Firebase')
    cd /Users/khanghnguyen/Library/Developer/Xcode/DerivedData/Wishie-gavmeupfwiyxzhaiqkwzocyeeixy/SourcePackages/checkouts/firebase-ios-sdk
    write-file /Users/khanghnguyen/Library/Developer/Xcode/DerivedData/Wishie-gavmeupfwiyxzhaiqkwzocyeeixy/Build/Intermediates.noindex/Firebase.build/Debug-iphoneos/FirebaseFirestore.build/Objects-normal/arm64/FirebaseFirestore.SwiftFileList

WriteAuxiliaryFile /Users/khanghnguyen/Library/Developer/Xcode/DerivedData/Wishie-gavmeupfwiyxzhaiqkwzocyeeixy/Build/Intermediates.noindex/Firebase.build/Debug-iphoneos/FirebaseFirestore.build/Objects-normal/arm64/FirebaseFirestore.SwiftConstValuesFileList (in target 'FirebaseFirestore' from project 'Firebase')
    cd /Users/khanghnguyen/Library/Developer/Xcode/DerivedData/Wishie-gavmeupfwiyxzhaiqkwzocyeeixy/SourcePackages/checkouts/firebase-ios-sdk
    write-file /Users/khanghnguyen/Library/Developer/Xcode/DerivedData/Wishie-gavmeupfwiyxzhaiqkwzocyeeixy/Build/Intermediates.noindex/Firebase.build/Debug-iphoneos/FirebaseFirestore.build/Objects-normal/arm64/FirebaseFirestore.SwiftConstValuesFileList

WriteAuxiliaryFile /Users/khanghnguyen/Library/Developer/Xcode/DerivedData/Wishie-gavmeupfwiyxzhaiqkwzocyeeixy/Build/Intermediates.noindex/Firebase.build/Debug-iphoneos/FirebaseFirestore.build/Objects-normal/arm64/FirebaseFirestore.LinkFileList (in target 'FirebaseFirestore' from project 'Firebase')
    cd /Users/khanghnguyen/Library/Developer/Xcode/DerivedData/Wishie-gavmeupfwiyxzhaiqkwzocyeeixy/SourcePackages/checkouts/firebase-ios-sdk
    write-file /Users/khanghnguyen/Library/Developer/Xcode/DerivedData/Wishie-gavmeupfwiyxzhaiqkwzocyeeixy/Build/Intermediates.noindex/Firebase.build/Debug-iphoneos/FirebaseFirestore.build/Objects-normal/arm64/FirebaseFirestore.LinkFileList

WriteAuxiliaryFile /Users/khanghnguyen/Library/Developer/Xcode/DerivedData/Wishie-gavmeupfwiyxzhaiqkwzocyeeixy/Build/Intermediates.noindex/Firebase.build/Debug-iphoneos/FirebaseFirestore.build/Objects-normal/arm64/FirebaseFirestore-OutputFileMap.json (in target 'FirebaseFirestore' from project 'Firebase')
    cd /Users/khanghnguyen/Library/Developer/Xcode/DerivedData/Wishie-gavmeupfwiyxzhaiqkwzocyeeixy/SourcePackages/checkouts/firebase-ios-sdk
    write-file /Users/khanghnguyen/Library/Developer/Xcode/DerivedData/Wishie-gavmeupfwiyxzhaiqkwzocyeeixy/Build/Intermediates.noindex/Firebase.build/Debug-iphoneos/FirebaseFirestore.build/Objects-normal/arm64/FirebaseFirestore-OutputFileMap.json

WriteAuxiliaryFile /Users/khanghnguyen/Library/Developer/Xcode/DerivedData/Wishie-gavmeupfwiyxzhaiqkwzocyeeixy/Build/Intermediates.noindex/Firebase.build/Debug-iphoneos/FirebaseFirestore.build/FirebaseFirestore.modulemap (in target 'FirebaseFirestore' from project 'Firebase')
    cd /Users/khanghnguyen/Library/Developer/Xcode/DerivedData/Wishie-gavmeupfwiyxzhaiqkwzocyeeixy/SourcePackages/checkouts/firebase-ios-sdk
    write-file /Users/khanghnguyen/Library/Developer/Xcode/DerivedData/Wishie-gavmeupfwiyxzhaiqkwzocyeeixy/Build/Intermediates.noindex/Firebase.build/Debug-iphoneos/FirebaseFirestore.build/FirebaseFirestore.modulemap

WriteAuxiliaryFile /Users/khanghnguyen/Library/Developer/Xcode/DerivedData/Wishie-gavmeupfwiyxzhaiqkwzocyeeixy/Build/Intermediates.noindex/Firebase.build/Debug-iphoneos/FirebaseFirestore.build/FirebaseFirestore.DependencyStaticMetadataFileList (in target 'FirebaseFirestore' from project 'Firebase')
    cd /Users/khanghnguyen/Library/Developer/Xcode/DerivedData/Wishie-gavmeupfwiyxzhaiqkwzocyeeixy/SourcePackages/checkouts/firebase-ios-sdk
    write-file /Users/khanghnguyen/Library/Developer/Xcode/DerivedData/Wishie-gavmeupfwiyxzhaiqkwzocyeeixy/Build/Intermediates.noindex/Firebase.build/Debug-iphoneos/FirebaseFirestore.build/FirebaseFirestore.DependencyStaticMetadataFileList

WriteAuxiliaryFile /Users/khanghnguyen/Library/Developer/Xcode/DerivedData/Wishie-gavmeupfwiyxzhaiqkwzocyeeixy/Build/Intermediates.noindex/Firebase.build/Debug-iphoneos/FirebaseFirestore.build/FirebaseFirestore.DependencyMetadataFileList (in target 'FirebaseFirestore' from project 'Firebase')
    cd /Users/khanghnguyen/Library/Developer/Xcode/DerivedData/Wishie-gavmeupfwiyxzhaiqkwzocyeeixy/SourcePackages/checkouts/firebase-ios-sdk
    write-file /Users/khanghnguyen/Library/Developer/Xcode/DerivedData/Wishie-gavmeupfwiyxzhaiqkwzocyeeixy/Build/Intermediates.noindex/Firebase.build/Debug-iphoneos/FirebaseFirestore.build/FirebaseFirestore.DependencyMetadataFileList

Copy /Users/khanghnguyen/Library/Developer/Xcode/DerivedData/Wishie-gavmeupfwiyxzhaiqkwzocyeeixy/Build/Intermediates.noindex/GeneratedModuleMaps-iphoneos/FirebaseFirestore.modulemap /Users/khanghnguyen/Library/Developer/Xcode/DerivedData/Wishie-gavmeupfwiyxzhaiqkwzocyeeixy/Build/Intermediates.noindex/Firebase.build/Debug-iphoneos/FirebaseFirestore.build/FirebaseFirestore.modulemap (in target 'FirebaseFirestore' from project 'Firebase')
    cd /Users/khanghnguyen/Library/Developer/Xcode/DerivedData/Wishie-gavmeupfwiyxzhaiqkwzocyeeixy/SourcePackages/checkouts/firebase-ios-sdk
    builtin-copy -exclude .DS_Store -exclude CVS -exclude .svn -exclude .git -exclude .hg -resolve-src-symlinks /Users/khanghnguyen/Library/Developer/Xcode/DerivedData/Wishie-gavmeupfwiyxzhaiqkwzocyeeixy/Build/Intermediates.noindex/Firebase.build/Debug-iphoneos/FirebaseFirestore.build/FirebaseFirestore.modulemap /Users/khanghnguyen/Library/Developer/Xcode/DerivedData/Wishie-gavmeupfwiyxzhaiqkwzocyeeixy/Build/Intermediates.noindex/GeneratedModuleMaps-iphoneos

WriteAuxiliaryFile /Users/khanghnguyen/Library/Developer/Xcode/DerivedData/Wishie-gavmeupfwiyxzhaiqkwzocyeeixy/Build/Intermediates.noindex/Firebase.build/Debug-iphoneos/FirebaseFirestore.build/DerivedSources/resource_bundle_accessor.swift (in target 'FirebaseFirestore' from project 'Firebase')
    cd /Users/khanghnguyen/Library/Developer/Xcode/DerivedData/Wishie-gavmeupfwiyxzhaiqkwzocyeeixy/SourcePackages/checkouts/firebase-ios-sdk
    write-file /Users/khanghnguyen/Library/Developer/Xcode/DerivedData/Wishie-gavmeupfwiyxzhaiqkwzocyeeixy/Build/Intermediates.noindex/Firebase.build/Debug-iphoneos/FirebaseFirestore.build/DerivedSources/resource_bundle_accessor.swift

Ld /Users/khanghnguyen/Library/Developer/Xcode/DerivedData/Wishie-gavmeupfwiyxzhaiqkwzocyeeixy/Build/Products/Debug-iphoneos/nanopb.o normal (in target 'nanopb' from project 'nanopb')
    cd /Users/khanghnguyen/Library/Developer/Xcode/DerivedData/Wishie-gavmeupfwiyxzhaiqkwzocyeeixy/SourcePackages/checkouts/nanopb
    /Applications/Xcode.app/Contents/Developer/Toolchains/XcodeDefault.xctoolchain/usr/bin/clang -Xlinker -reproducible -target arm64-apple-ios12.0 -r -isysroot /Applications/Xcode.app/Contents/Developer/Platforms/iPhoneOS.platform/Developer/SDKs/iPhoneOS26.2.sdk -O0 -w -L/Users/khanghnguyen/Library/Developer/Xcode/DerivedData/Wishie-gavmeupfwiyxzhaiqkwzocyeeixy/Build/Intermediates.noindex/EagerLinkingTBDs/Debug-iphoneos -L/Users/khanghnguyen/Library/Developer/Xcode/DerivedData/Wishie-gavmeupfwiyxzhaiqkwzocyeeixy/Build/Products/Debug-iphoneos -L/Applications/Xcode.app/Contents/Developer/Platforms/iPhoneOS.platform/Developer/usr/lib -F/Users/khanghnguyen/Library/Developer/Xcode/DerivedData/Wishie-gavmeupfwiyxzhaiqkwzocyeeixy/Build/Intermediates.noindex/EagerLinkingTBDs/Debug-iphoneos -F/Users/khanghnguyen/Library/Developer/Xcode/DerivedData/Wishie-gavmeupfwiyxzhaiqkwzocyeeixy/Build/Products/Debug-iphoneos -iframework /Applications/Xcode.app/Contents/Developer/Platforms/iPhoneOS.platform/Developer/Library/Frameworks -iframework /Applications/Xcode.app/Contents/Developer/Platforms/iPhoneOS.platform/Developer/SDKs/iPhoneOS26.2.sdk/Developer/Library/Frameworks -filelist /Users/khanghnguyen/Library/Developer/Xcode/DerivedData/Wishie-gavmeupfwiyxzhaiqkwzocyeeixy/Build/Intermediates.noindex/nanopb.build/Debug-iphoneos/nanopb.build/Objects-normal/arm64/nanopb.LinkFileList -nostdlib -Xlinker -object_path_lto -Xlinker /Users/khanghnguyen/Library/Developer/Xcode/DerivedData/Wishie-gavmeupfwiyxzhaiqkwzocyeeixy/Build/Intermediates.noindex/nanopb.build/Debug-iphoneos/nanopb.build/Objects-normal/arm64/nanopb_lto.o -rdynamic -Xlinker -no_deduplicate -Xlinker -debug_variant -Xlinker -dependency_info -Xlinker /Users/khanghnguyen/Library/Developer/Xcode/DerivedData/Wishie-gavmeupfwiyxzhaiqkwzocyeeixy/Build/Intermediates.noindex/nanopb.build/Debug-iphoneos/nanopb.build/Objects-normal/arm64/nanopb_dependency_info.dat -fobjc-arc -fobjc-link-runtime -o /Users/khanghnguyen/Library/Developer/Xcode/DerivedData/Wishie-gavmeupfwiyxzhaiqkwzocyeeixy/Build/Products/Debug-iphoneos/nanopb.o

Touch /Users/khanghnguyen/Library/Developer/Xcode/DerivedData/Wishie-gavmeupfwiyxzhaiqkwzocyeeixy/Build/Products/Debug-iphoneos/leveldb_leveldb.bundle (in target 'leveldb_leveldb' from project 'leveldb')
    cd /Users/khanghnguyen/Library/Developer/Xcode/DerivedData/Wishie-gavmeupfwiyxzhaiqkwzocyeeixy/SourcePackages/checkouts/leveldb
    /usr/bin/touch -c /Users/khanghnguyen/Library/Developer/Xcode/DerivedData/Wishie-gavmeupfwiyxzhaiqkwzocyeeixy/Build/Products/Debug-iphoneos/leveldb_leveldb.bundle

RegisterExecutionPolicyException /Users/khanghnguyen/Library/Developer/Xcode/DerivedData/Wishie-gavmeupfwiyxzhaiqkwzocyeeixy/Build/Products/Debug-iphoneos/gRPC_opensslWrapper.bundle (in target 'gRPC_opensslWrapper' from project 'gRPC')
    cd /Users/khanghnguyen/Library/Developer/Xcode/DerivedData/Wishie-gavmeupfwiyxzhaiqkwzocyeeixy/SourcePackages/checkouts/grpc-binary
    builtin-RegisterExecutionPolicyException /Users/khanghnguyen/Library/Developer/Xcode/DerivedData/Wishie-gavmeupfwiyxzhaiqkwzocyeeixy/Build/Products/Debug-iphoneos/gRPC_opensslWrapper.bundle

Touch /Users/khanghnguyen/Library/Developer/Xcode/DerivedData/Wishie-gavmeupfwiyxzhaiqkwzocyeeixy/Build/Products/Debug-iphoneos/gRPC_opensslWrapper.bundle (in target 'gRPC_opensslWrapper' from project 'gRPC')
    cd /Users/khanghnguyen/Library/Developer/Xcode/DerivedData/Wishie-gavmeupfwiyxzhaiqkwzocyeeixy/SourcePackages/checkouts/grpc-binary
    /usr/bin/touch -c /Users/khanghnguyen/Library/Developer/Xcode/DerivedData/Wishie-gavmeupfwiyxzhaiqkwzocyeeixy/Build/Products/Debug-iphoneos/gRPC_opensslWrapper.bundle

Ld /Users/khanghnguyen/Library/Developer/Xcode/DerivedData/Wishie-gavmeupfwiyxzhaiqkwzocyeeixy/Build/Products/Debug-iphoneos/leveldb.o normal (in target 'leveldb' from project 'leveldb')
    cd /Users/khanghnguyen/Library/Developer/Xcode/DerivedData/Wishie-gavmeupfwiyxzhaiqkwzocyeeixy/SourcePackages/checkouts/leveldb
    /Applications/Xcode.app/Contents/Developer/Toolchains/XcodeDefault.xctoolchain/usr/bin/clang++ -Xlinker -reproducible -target arm64-apple-ios12.0 -r -isysroot /Applications/Xcode.app/Contents/Developer/Platforms/iPhoneOS.platform/Developer/SDKs/iPhoneOS26.2.sdk -O0 -w -L/Users/khanghnguyen/Library/Developer/Xcode/DerivedData/Wishie-gavmeupfwiyxzhaiqkwzocyeeixy/Build/Intermediates.noindex/EagerLinkingTBDs/Debug-iphoneos -L/Users/khanghnguyen/Library/Developer/Xcode/DerivedData/Wishie-gavmeupfwiyxzhaiqkwzocyeeixy/Build/Products/Debug-iphoneos -L/Applications/Xcode.app/Contents/Developer/Platforms/iPhoneOS.platform/Developer/usr/lib -F/Users/khanghnguyen/Library/Developer/Xcode/DerivedData/Wishie-gavmeupfwiyxzhaiqkwzocyeeixy/Build/Intermediates.noindex/EagerLinkingTBDs/Debug-iphoneos -F/Users/khanghnguyen/Library/Developer/Xcode/DerivedData/Wishie-gavmeupfwiyxzhaiqkwzocyeeixy/Build/Products/Debug-iphoneos -iframework /Applications/Xcode.app/Contents/Developer/Platforms/iPhoneOS.platform/Developer/Library/Frameworks -iframework /Applications/Xcode.app/Contents/Developer/Platforms/iPhoneOS.platform/Developer/SDKs/iPhoneOS26.2.sdk/Developer/Library/Frameworks -filelist /Users/khanghnguyen/Library/Developer/Xcode/DerivedData/Wishie-gavmeupfwiyxzhaiqkwzocyeeixy/Build/Intermediates.noindex/leveldb.build/Debug-iphoneos/leveldb.build/Objects-normal/arm64/leveldb.LinkFileList -nostdlib -Xlinker -object_path_lto -Xlinker /Users/khanghnguyen/Library/Developer/Xcode/DerivedData/Wishie-gavmeupfwiyxzhaiqkwzocyeeixy/Build/Intermediates.noindex/leveldb.build/Debug-iphoneos/leveldb.build/Objects-normal/arm64/leveldb_lto.o -rdynamic -Xlinker -no_deduplicate -Xlinker -debug_variant -Xlinker -dependency_info -Xlinker /Users/khanghnguyen/Library/Developer/Xcode/DerivedData/Wishie-gavmeupfwiyxzhaiqkwzocyeeixy/Build/Intermediates.noindex/leveldb.build/Debug-iphoneos/leveldb.build/Objects-normal/arm64/leveldb_dependency_info.dat -fobjc-arc -fobjc-link-runtime -o /Users/khanghnguyen/Library/Developer/Xcode/DerivedData/Wishie-gavmeupfwiyxzhaiqkwzocyeeixy/Build/Products/Debug-iphoneos/leveldb.o

RegisterExecutionPolicyException /Users/khanghnguyen/Library/Developer/Xcode/DerivedData/Wishie-gavmeupfwiyxzhaiqkwzocyeeixy/Build/Products/Debug-iphoneos/gRPC_grpcppWrapper.bundle (in target 'gRPC_grpcppWrapper' from project 'gRPC')
    cd /Users/khanghnguyen/Library/Developer/Xcode/DerivedData/Wishie-gavmeupfwiyxzhaiqkwzocyeeixy/SourcePackages/checkouts/grpc-binary
    builtin-RegisterExecutionPolicyException /Users/khanghnguyen/Library/Developer/Xcode/DerivedData/Wishie-gavmeupfwiyxzhaiqkwzocyeeixy/Build/Products/Debug-iphoneos/gRPC_grpcppWrapper.bundle

Touch /Users/khanghnguyen/Library/Developer/Xcode/DerivedData/Wishie-gavmeupfwiyxzhaiqkwzocyeeixy/Build/Products/Debug-iphoneos/gRPC_grpcppWrapper.bundle (in target 'gRPC_grpcppWrapper' from project 'gRPC')
    cd /Users/khanghnguyen/Library/Developer/Xcode/DerivedData/Wishie-gavmeupfwiyxzhaiqkwzocyeeixy/SourcePackages/checkouts/grpc-binary
    /usr/bin/touch -c /Users/khanghnguyen/Library/Developer/Xcode/DerivedData/Wishie-gavmeupfwiyxzhaiqkwzocyeeixy/Build/Products/Debug-iphoneos/gRPC_grpcppWrapper.bundle

RegisterExecutionPolicyException /Users/khanghnguyen/Library/Developer/Xcode/DerivedData/Wishie-gavmeupfwiyxzhaiqkwzocyeeixy/Build/Products/Debug-iphoneos/gRPC_grpcWrapper.bundle (in target 'gRPC_grpcWrapper' from project 'gRPC')
    cd /Users/khanghnguyen/Library/Developer/Xcode/DerivedData/Wishie-gavmeupfwiyxzhaiqkwzocyeeixy/SourcePackages/checkouts/grpc-binary
    builtin-RegisterExecutionPolicyException /Users/khanghnguyen/Library/Developer/Xcode/DerivedData/Wishie-gavmeupfwiyxzhaiqkwzocyeeixy/Build/Products/Debug-iphoneos/gRPC_grpcWrapper.bundle

Touch /Users/khanghnguyen/Library/Developer/Xcode/DerivedData/Wishie-gavmeupfwiyxzhaiqkwzocyeeixy/Build/Products/Debug-iphoneos/gRPC_grpcWrapper.bundle (in target 'gRPC_grpcWrapper' from project 'gRPC')
    cd /Users/khanghnguyen/Library/Developer/Xcode/DerivedData/Wishie-gavmeupfwiyxzhaiqkwzocyeeixy/SourcePackages/checkouts/grpc-binary
    /usr/bin/touch -c /Users/khanghnguyen/Library/Developer/Xcode/DerivedData/Wishie-gavmeupfwiyxzhaiqkwzocyeeixy/Build/Products/Debug-iphoneos/gRPC_grpcWrapper.bundle

RegisterExecutionPolicyException /Users/khanghnguyen/Library/Developer/Xcode/DerivedData/Wishie-gavmeupfwiyxzhaiqkwzocyeeixy/Build/Products/Debug-iphoneos/abseil_abslWrapper.bundle (in target 'abseil_abslWrapper' from project 'abseil')
    cd /Users/khanghnguyen/Library/Developer/Xcode/DerivedData/Wishie-gavmeupfwiyxzhaiqkwzocyeeixy/SourcePackages/checkouts/abseil-cpp-binary
    builtin-RegisterExecutionPolicyException /Users/khanghnguyen/Library/Developer/Xcode/DerivedData/Wishie-gavmeupfwiyxzhaiqkwzocyeeixy/Build/Products/Debug-iphoneos/abseil_abslWrapper.bundle

RegisterExecutionPolicyException /Users/khanghnguyen/Library/Developer/Xcode/DerivedData/Wishie-gavmeupfwiyxzhaiqkwzocyeeixy/Build/Products/Debug-iphoneos/SDWebImage_SDWebImage.bundle (in target 'SDWebImage_SDWebImage' from project 'SDWebImage')
    cd /Users/khanghnguyen/Library/Developer/Xcode/DerivedData/Wishie-gavmeupfwiyxzhaiqkwzocyeeixy/SourcePackages/checkouts/SDWebImage
    builtin-RegisterExecutionPolicyException /Users/khanghnguyen/Library/Developer/Xcode/DerivedData/Wishie-gavmeupfwiyxzhaiqkwzocyeeixy/Build/Products/Debug-iphoneos/SDWebImage_SDWebImage.bundle

ExtractAppIntentsMetadata (in target 'IssueReportingPackageSupport' from project 'xctest-dynamic-overlay')
    cd /Users/khanghnguyen/Library/Developer/Xcode/DerivedData/Wishie-gavmeupfwiyxzhaiqkwzocyeeixy/SourcePackages/checkouts/xctest-dynamic-overlay
    /Applications/Xcode.app/Contents/Developer/Toolchains/XcodeDefault.xctoolchain/usr/bin/appintentsmetadataprocessor --toolchain-dir /Applications/Xcode.app/Contents/Developer/Toolchains/XcodeDefault.xctoolchain --module-name IssueReportingPackageSupport --sdk-root /Applications/Xcode.app/Contents/Developer/Platforms/iPhoneOS.platform/Developer/SDKs/iPhoneOS26.2.sdk --xcode-version 17C529 --platform-family iOS --deployment-target 13.0 --bundle-identifier xctest-dynamic-overlay.IssueReportingPackageSupport --output /Users/khanghnguyen/Library/Developer/Xcode/DerivedData/Wishie-gavmeupfwiyxzhaiqkwzocyeeixy/Build/Products/Debug-iphoneos/IssueReportingPackageSupport.appintents --target-triple arm64-apple-ios13.0 --binary-file /Users/khanghnguyen/Library/Developer/Xcode/DerivedData/Wishie-gavmeupfwiyxzhaiqkwzocyeeixy/Build/Products/Debug-iphoneos/IssueReportingPackageSupport.o --dependency-file /Users/khanghnguyen/Library/Developer/Xcode/DerivedData/Wishie-gavmeupfwiyxzhaiqkwzocyeeixy/Build/Intermediates.noindex/xctest-dynamic-overlay.build/Debug-iphoneos/IssueReportingPackageSupport.build/Objects-normal/arm64/IssueReportingPackageSupport_dependency_info.dat --stringsdata-file /Users/khanghnguyen/Library/Developer/Xcode/DerivedData/Wishie-gavmeupfwiyxzhaiqkwzocyeeixy/Build/Intermediates.noindex/xctest-dynamic-overlay.build/Debug-iphoneos/IssueReportingPackageSupport.build/Objects-normal/arm64/ExtractedAppShortcutsMetadata.stringsdata --source-file-list /Users/khanghnguyen/Library/Developer/Xcode/DerivedData/Wishie-gavmeupfwiyxzhaiqkwzocyeeixy/Build/Intermediates.noindex/xctest-dynamic-overlay.build/Debug-iphoneos/IssueReportingPackageSupport.build/Objects-normal/arm64/IssueReportingPackageSupport.SwiftFileList --metadata-file-list /Users/khanghnguyen/Library/Developer/Xcode/DerivedData/Wishie-gavmeupfwiyxzhaiqkwzocyeeixy/Build/Intermediates.noindex/xctest-dynamic-overlay.build/Debug-iphoneos/IssueReportingPackageSupport.build/IssueReportingPackageSupport.DependencyMetadataFileList --static-metadata-file-list /Users/khanghnguyen/Library/Developer/Xcode/DerivedData/Wishie-gavmeupfwiyxzhaiqkwzocyeeixy/Build/Intermediates.noindex/xctest-dynamic-overlay.build/Debug-iphoneos/IssueReportingPackageSupport.build/IssueReportingPackageSupport.DependencyStaticMetadataFileList --swift-const-vals-list /Users/khanghnguyen/Library/Developer/Xcode/DerivedData/Wishie-gavmeupfwiyxzhaiqkwzocyeeixy/Build/Intermediates.noindex/xctest-dynamic-overlay.build/Debug-iphoneos/IssueReportingPackageSupport.build/Objects-normal/arm64/IssueReportingPackageSupport.SwiftConstValuesFileList --force --compile-time-extraction --deployment-aware-processing --validate-assistant-intents --no-app-shortcuts-localization
2026-05-24 14:36:09.280 appintentsmetadataprocessor[44501:13980801] Starting appintentsmetadataprocessor export
2026-05-24 14:36:09.525 appintentsmetadataprocessor[44501:13980801] Extracted no relevant App Intents symbols, skipping writing output

Touch /Users/khanghnguyen/Library/Developer/Xcode/DerivedData/Wishie-gavmeupfwiyxzhaiqkwzocyeeixy/Build/Products/Debug-iphoneos/abseil_abslWrapper.bundle (in target 'abseil_abslWrapper' from project 'abseil')
    cd /Users/khanghnguyen/Library/Developer/Xcode/DerivedData/Wishie-gavmeupfwiyxzhaiqkwzocyeeixy/SourcePackages/checkouts/abseil-cpp-binary
    /usr/bin/touch -c /Users/khanghnguyen/Library/Developer/Xcode/DerivedData/Wishie-gavmeupfwiyxzhaiqkwzocyeeixy/Build/Products/Debug-iphoneos/abseil_abslWrapper.bundle

SwiftDriver SDWebImageSwiftUI normal arm64 com.apple.xcode.tools.swift.compiler (in target 'SDWebImageSwiftUI' from project 'SDWebImageSwiftUI')
    cd /Users/khanghnguyen/Downloads/Wishie/Wishie.xcodeproj
    builtin-SwiftDriver -- /Applications/Xcode.app/Contents/Developer/Toolchains/XcodeDefault.xctoolchain/usr/bin/swiftc -module-name SDWebImageSwiftUI -Onone -enforce-exclusivity\=checked @/Users/khanghnguyen/Library/Developer/Xcode/DerivedData/Wishie-gavmeupfwiyxzhaiqkwzocyeeixy/Build/Intermediates.noindex/SDWebImageSwiftUI.build/Debug-iphoneos/SDWebImageSwiftUI.build/Objects-normal/arm64/SDWebImageSwiftUI.SwiftFileList -DSWIFT_PACKAGE -DDEBUG -DSWIFT_MODULE_RESOURCE_BUNDLE_AVAILABLE -Xcc -fmodule-map-file\=/Users/khanghnguyen/Library/Developer/Xcode/DerivedData/Wishie-gavmeupfwiyxzhaiqkwzocyeeixy/Build/Intermediates.noindex/GeneratedModuleMaps-iphoneos/SDWebImage.modulemap -DXcode -plugin-path /Applications/Xcode.app/Contents/Developer/Toolchains/XcodeDefault.xctoolchain/usr/lib/swift/host/plugins/testing -enable-experimental-feature DebugDescriptionMacro -sdk /Applications/Xcode.app/Contents/Developer/Platforms/iPhoneOS.platform/Developer/SDKs/iPhoneOS26.2.sdk -target arm64-apple-ios14.0 -g -module-cache-path /Users/khanghnguyen/Library/Developer/Xcode/DerivedData/ModuleCache.noindex -Xfrontend -serialize-debugging-options -profile-coverage-mapping -profile-generate -enable-testing -suppress-warnings -index-store-path /Users/khanghnguyen/Library/Developer/Xcode/DerivedData/Wishie-gavmeupfwiyxzhaiqkwzocyeeixy/Index.noindex/DataStore -Xcc -D_LIBCPP_HARDENING_MODE\=_LIBCPP_HARDENING_MODE_DEBUG -swift-version 5 -I /Users/khanghnguyen/Library/Developer/Xcode/DerivedData/Wishie-gavmeupfwiyxzhaiqkwzocyeeixy/Build/Products/Debug-iphoneos -Isystem /Applications/Xcode.app/Contents/Developer/Platforms/iPhoneOS.platform/Developer/usr/lib -F /Users/khanghnguyen/Library/Developer/Xcode/DerivedData/Wishie-gavmeupfwiyxzhaiqkwzocyeeixy/Build/Products/Debug-iphoneos/PackageFrameworks -F /Users/khanghnguyen/Library/Developer/Xcode/DerivedData/Wishie-gavmeupfwiyxzhaiqkwzocyeeixy/Build/Products/Debug-iphoneos -F /Applications/Xcode.app/Contents/Developer/Platforms/iPhoneOS.platform/Developer/Library/Frameworks -F /Applications/Xcode.app/Contents/Developer/Platforms/iPhoneOS.platform/Developer/SDKs/iPhoneOS26.2.sdk/Developer/Library/Frameworks -c -j8 -enable-batch-mode -incremental -Xcc -ivfsstatcache -Xcc /Users/khanghnguyen/Library/Developer/Xcode/DerivedData/SDKStatCaches.noindex/iphoneos26.2-23C57-3794476bd08197c3e2abd9bb477ef7f7.sdkstatcache -output-file-map /Users/khanghnguyen/Library/Developer/Xcode/DerivedData/Wishie-gavmeupfwiyxzhaiqkwzocyeeixy/Build/Intermediates.noindex/SDWebImageSwiftUI.build/Debug-iphoneos/SDWebImageSwiftUI.build/Objects-normal/arm64/SDWebImageSwiftUI-OutputFileMap.json -use-frontend-parseable-output -save-temps -no-color-diagnostics -explicit-module-build -module-cache-path /Users/khanghnguyen/Library/Developer/Xcode/DerivedData/Wishie-gavmeupfwiyxzhaiqkwzocyeeixy/Build/Intermediates.noindex/SwiftExplicitPrecompiledModules -clang-scanner-module-cache-path /Users/khanghnguyen/Library/Developer/Xcode/DerivedData/ModuleCache.noindex -sdk-module-cache-path /Users/khanghnguyen/Library/Developer/Xcode/DerivedData/ModuleCache.noindex -serialize-diagnostics -emit-dependencies -emit-module -emit-module-path /Users/khanghnguyen/Library/Developer/Xcode/DerivedData/Wishie-gavmeupfwiyxzhaiqkwzocyeeixy/Build/Intermediates.noindex/SDWebImageSwiftUI.build/Debug-iphoneos/SDWebImageSwiftUI.build/Objects-normal/arm64/SDWebImageSwiftUI.swiftmodule -validate-clang-modules-once -clang-build-session-file /Users/khanghnguyen/Library/Developer/Xcode/DerivedData/ModuleCache.noindex/Session.modulevalidation -Xcc -I/Users/khanghnguyen/Library/Developer/Xcode/DerivedData/Wishie-gavmeupfwiyxzhaiqkwzocyeeixy/Build/Intermediates.noindex/SDWebImageSwiftUI.build/Debug-iphoneos/SDWebImageSwiftUI.build/swift-overrides.hmap -emit-const-values -Xfrontend -const-gather-protocols-file -Xfrontend /Users/khanghnguyen/Library/Developer/Xcode/DerivedData/Wishie-gavmeupfwiyxzhaiqkwzocyeeixy/Build/Intermediates.noindex/SDWebImageSwiftUI.build/Debug-iphoneos/SDWebImageSwiftUI.build/Objects-normal/arm64/SDWebImageSwiftUI_const_extract_protocols.json -Xcc -I/Users/khanghnguyen/Library/Developer/Xcode/DerivedData/Wishie-gavmeupfwiyxzhaiqkwzocyeeixy/SourcePackages/checkouts/SDWebImage/SDWebImage/include -Xcc -I/Users/khanghnguyen/Library/Developer/Xcode/DerivedData/Wishie-gavmeupfwiyxzhaiqkwzocyeeixy/Build/Products/Debug-iphoneos/include -Xcc -I/Users/khanghnguyen/Library/Developer/Xcode/DerivedData/Wishie-gavmeupfwiyxzhaiqkwzocyeeixy/Build/Intermediates.noindex/SDWebImageSwiftUI.build/Debug-iphoneos/SDWebImageSwiftUI.build/DerivedSources-normal/arm64 -Xcc -I/Users/khanghnguyen/Library/Developer/Xcode/DerivedData/Wishie-gavmeupfwiyxzhaiqkwzocyeeixy/Build/Intermediates.noindex/SDWebImageSwiftUI.build/Debug-iphoneos/SDWebImageSwiftUI.build/DerivedSources/arm64 -Xcc -I/Users/khanghnguyen/Library/Developer/Xcode/DerivedData/Wishie-gavmeupfwiyxzhaiqkwzocyeeixy/Build/Intermediates.noindex/SDWebImageSwiftUI.build/Debug-iphoneos/SDWebImageSwiftUI.build/DerivedSources -Xcc -DSWIFT_PACKAGE -Xcc -DDEBUG\=1 -emit-objc-header -emit-objc-header-path /Users/khanghnguyen/Library/Developer/Xcode/DerivedData/Wishie-gavmeupfwiyxzhaiqkwzocyeeixy/Build/Intermediates.noindex/SDWebImageSwiftUI.build/Debug-iphoneos/SDWebImageSwiftUI.build/Objects-normal/arm64/SDWebImageSwiftUI-Swift.h -working-directory /Users/khanghnguyen/Downloads/Wishie/Wishie.xcodeproj -experimental-emit-module-separately -disable-cmo

Touch /Users/khanghnguyen/Library/Developer/Xcode/DerivedData/Wishie-gavmeupfwiyxzhaiqkwzocyeeixy/Build/Products/Debug-iphoneos/SDWebImage_SDWebImage.bundle (in target 'SDWebImage_SDWebImage' from project 'SDWebImage')
    cd /Users/khanghnguyen/Library/Developer/Xcode/DerivedData/Wishie-gavmeupfwiyxzhaiqkwzocyeeixy/SourcePackages/checkouts/SDWebImage
    /usr/bin/touch -c /Users/khanghnguyen/Library/Developer/Xcode/DerivedData/Wishie-gavmeupfwiyxzhaiqkwzocyeeixy/Build/Products/Debug-iphoneos/SDWebImage_SDWebImage.bundle

ExtractAppIntentsMetadata (in target 'HTTPTypes' from project 'swift-http-types')
    cd /Users/khanghnguyen/Library/Developer/Xcode/DerivedData/Wishie-gavmeupfwiyxzhaiqkwzocyeeixy/SourcePackages/checkouts/swift-http-types
    /Applications/Xcode.app/Contents/Developer/Toolchains/XcodeDefault.xctoolchain/usr/bin/appintentsmetadataprocessor --toolchain-dir /Applications/Xcode.app/Contents/Developer/Toolchains/XcodeDefault.xctoolchain --module-name HTTPTypes --sdk-root /Applications/Xcode.app/Contents/Developer/Platforms/iPhoneOS.platform/Developer/SDKs/iPhoneOS26.2.sdk --xcode-version 17C529 --platform-family iOS --deployment-target 12.0 --bundle-identifier swift-http-types.HTTPTypes --output /Users/khanghnguyen/Library/Developer/Xcode/DerivedData/Wishie-gavmeupfwiyxzhaiqkwzocyeeixy/Build/Products/Debug-iphoneos/HTTPTypes.appintents --target-triple arm64-apple-ios12.0 --binary-file /Users/khanghnguyen/Library/Developer/Xcode/DerivedData/Wishie-gavmeupfwiyxzhaiqkwzocyeeixy/Build/Products/Debug-iphoneos/HTTPTypes.o --dependency-file /Users/khanghnguyen/Library/Developer/Xcode/DerivedData/Wishie-gavmeupfwiyxzhaiqkwzocyeeixy/Build/Intermediates.noindex/swift-http-types.build/Debug-iphoneos/HTTPTypes.build/Objects-normal/arm64/HTTPTypes_dependency_info.dat --stringsdata-file /Users/khanghnguyen/Library/Developer/Xcode/DerivedData/Wishie-gavmeupfwiyxzhaiqkwzocyeeixy/Build/Intermediates.noindex/swift-http-types.build/Debug-iphoneos/HTTPTypes.build/Objects-normal/arm64/ExtractedAppShortcutsMetadata.stringsdata --source-file-list /Users/khanghnguyen/Library/Developer/Xcode/DerivedData/Wishie-gavmeupfwiyxzhaiqkwzocyeeixy/Build/Intermediates.noindex/swift-http-types.build/Debug-iphoneos/HTTPTypes.build/Objects-normal/arm64/HTTPTypes.SwiftFileList --metadata-file-list /Users/khanghnguyen/Library/Developer/Xcode/DerivedData/Wishie-gavmeupfwiyxzhaiqkwzocyeeixy/Build/Intermediates.noindex/swift-http-types.build/Debug-iphoneos/HTTPTypes.build/HTTPTypes.DependencyMetadataFileList --static-metadata-file-list /Users/khanghnguyen/Library/Developer/Xcode/DerivedData/Wishie-gavmeupfwiyxzhaiqkwzocyeeixy/Build/Intermediates.noindex/swift-http-types.build/Debug-iphoneos/HTTPTypes.build/HTTPTypes.DependencyStaticMetadataFileList --swift-const-vals-list /Users/khanghnguyen/Library/Developer/Xcode/DerivedData/Wishie-gavmeupfwiyxzhaiqkwzocyeeixy/Build/Intermediates.noindex/swift-http-types.build/Debug-iphoneos/HTTPTypes.build/Objects-normal/arm64/HTTPTypes.SwiftConstValuesFileList --force --compile-time-extraction --deployment-aware-processing --validate-assistant-intents --no-app-shortcuts-localization
2026-05-24 14:36:09.278 appintentsmetadataprocessor[44505:13980811] Starting appintentsmetadataprocessor export
2026-05-24 14:36:09.536 appintentsmetadataprocessor[44505:13980811] Extracted no relevant App Intents symbols, skipping writing output

CompileC /Users/khanghnguyen/Library/Developer/Xcode/DerivedData/Wishie-gavmeupfwiyxzhaiqkwzocyeeixy/Build/Intermediates.noindex/GTMSessionFetcher.build/Debug-iphoneos/GTMSessionFetcherCore.build/Objects-normal/arm64/resource_bundle_accessor.o /Users/khanghnguyen/Library/Developer/Xcode/DerivedData/Wishie-gavmeupfwiyxzhaiqkwzocyeeixy/Build/Intermediates.noindex/GTMSessionFetcher.build/Debug-iphoneos/GTMSessionFetcherCore.build/DerivedSources/resource_bundle_accessor.m normal arm64 objective-c com.apple.compilers.llvm.clang.1_0.compiler (in target 'GTMSessionFetcherCore' from project 'GTMSessionFetcher')
    cd /Users/khanghnguyen/Downloads/Wishie/Wishie.xcodeproj
    
    Using response file: /Users/khanghnguyen/Library/Developer/Xcode/DerivedData/Wishie-gavmeupfwiyxzhaiqkwzocyeeixy/Build/Intermediates.noindex/GTMSessionFetcher.build/Debug-iphoneos/GTMSessionFetcherCore.build/Objects-normal/arm64/e6072d4f65d7061329687fe24e3d63a7-common-args.resp
    
    /Applications/Xcode.app/Contents/Developer/Toolchains/XcodeDefault.xctoolchain/usr/bin/clang -x objective-c -ivfsstatcache /Users/khanghnguyen/Library/Developer/Xcode/DerivedData/SDKStatCaches.noindex/iphoneos26.2-23C57-3794476bd08197c3e2abd9bb477ef7f7.sdkstatcache -fmessage-length\=0 -fdiagnostics-show-note-include-stack -fmacro-backtrace-limit\=0 -fno-color-diagnostics -fmodules-prune-interval\=86400 -fmodules-prune-after\=345600 -fbuild-session-file\=/Users/khanghnguyen/Library/Developer/Xcode/DerivedData/ModuleCache.noindex/Session.modulevalidation -fmodules-validate-once-per-build-session -Wnon-modular-include-in-framework-module -Werror\=non-modular-include-in-framework-module -Wno-trigraphs -Wno-missing-field-initializers -Wno-missing-prototypes -Wno-return-type -Wno-implicit-atomic-properties -Wno-objc-interface-ivars -Wno-arc-repeated-use-of-weak -Wno-missing-braces -Wparentheses -Wswitch -Wno-unused-function -Wno-unused-label -Wno-unused-parameter -Wno-unused-variable -Wunused-value -Wno-empty-body -Wno-uninitialized -Wno-unknown-pragmas -w -Wno-shadow -Wno-four-char-constants -Wno-conversion -Wno-constant-conversion -Wno-int-conversion -Wno-bool-conversion -Wno-enum-conversion -Wno-float-conversion -Wno-non-literal-null-conversion -Wno-objc-literal-conversion -Wshorten-64-to-32 -Wpointer-sign -Wno-newline-eof -Wno-selector -Wno-strict-selector-match -Wno-undeclared-selector -Wno-deprecated-implementations -Wno-implicit-fallthrough -fstrict-aliasing -Wprotocol -Wdeprecated-declarations -Wno-sign-conversion -Wno-infinite-recursion -Wno-comma -Wno-block-capture-autoreleasing -Wno-strict-prototypes -Wno-semicolon-before-method-body -index-store-path /Users/khanghnguyen/Library/Developer/Xcode/DerivedData/Wishie-gavmeupfwiyxzhaiqkwzocyeeixy/Index.noindex/DataStore @/Users/khanghnguyen/Library/Developer/Xcode/DerivedData/Wishie-gavmeupfwiyxzhaiqkwzocyeeixy/Build/Intermediates.noindex/GTMSessionFetcher.build/Debug-iphoneos/GTMSessionFetcherCore.build/Objects-normal/arm64/e6072d4f65d7061329687fe24e3d63a7-common-args.resp -include /Users/khanghnguyen/Library/Developer/Xcode/DerivedData/Wishie-gavmeupfwiyxzhaiqkwzocyeeixy/Build/Intermediates.noindex/GTMSessionFetcher.build/Debug-iphoneos/GTMSessionFetcherCore.build/DerivedSources/resource_bundle_accessor.h -MMD -MT dependencies -MF /Users/khanghnguyen/Library/Developer/Xcode/DerivedData/Wishie-gavmeupfwiyxzhaiqkwzocyeeixy/Build/Intermediates.noindex/GTMSessionFetcher.build/Debug-iphoneos/GTMSessionFetcherCore.build/Objects-normal/arm64/resource_bundle_accessor.d --serialize-diagnostics /Users/khanghnguyen/Library/Developer/Xcode/DerivedData/Wishie-gavmeupfwiyxzhaiqkwzocyeeixy/Build/Intermediates.noindex/GTMSessionFetcher.build/Debug-iphoneos/GTMSessionFetcherCore.build/Objects-normal/arm64/resource_bundle_accessor.dia -c /Users/khanghnguyen/Library/Developer/Xcode/DerivedData/Wishie-gavmeupfwiyxzhaiqkwzocyeeixy/Build/Intermediates.noindex/GTMSessionFetcher.build/Debug-iphoneos/GTMSessionFetcherCore.build/DerivedSources/resource_bundle_accessor.m -o /Users/khanghnguyen/Library/Developer/Xcode/DerivedData/Wishie-gavmeupfwiyxzhaiqkwzocyeeixy/Build/Intermediates.noindex/GTMSessionFetcher.build/Debug-iphoneos/GTMSessionFetcherCore.build/Objects-normal/arm64/resource_bundle_accessor.o -index-unit-output-path /GTMSessionFetcher.build/Debug-iphoneos/GTMSessionFetcherCore.build/Objects-normal/arm64/resource_bundle_accessor.o

CompileC /Users/khanghnguyen/Library/Developer/Xcode/DerivedData/Wishie-gavmeupfwiyxzhaiqkwzocyeeixy/Build/Intermediates.noindex/Firebase.build/Debug-iphoneos/FirebaseCoreExtension.build/Objects-normal/arm64/resource_bundle_accessor.o /Users/khanghnguyen/Library/Developer/Xcode/DerivedData/Wishie-gavmeupfwiyxzhaiqkwzocyeeixy/Build/Intermediates.noindex/Firebase.build/Debug-iphoneos/FirebaseCoreExtension.build/DerivedSources/resource_bundle_accessor.m normal arm64 objective-c com.apple.compilers.llvm.clang.1_0.compiler (in target 'FirebaseCoreExtension' from project 'Firebase')
    cd /Users/khanghnguyen/Downloads/Wishie/Wishie.xcodeproj
    
    Using response file: /Users/khanghnguyen/Library/Developer/Xcode/DerivedData/Wishie-gavmeupfwiyxzhaiqkwzocyeeixy/Build/Intermediates.noindex/Firebase.build/Debug-iphoneos/FirebaseCoreExtension.build/Objects-normal/arm64/e6072d4f65d7061329687fe24e3d63a7-common-args.resp
    
    /Applications/Xcode.app/Contents/Developer/Toolchains/XcodeDefault.xctoolchain/usr/bin/clang -x objective-c -ivfsstatcache /Users/khanghnguyen/Library/Developer/Xcode/DerivedData/SDKStatCaches.noindex/iphoneos26.2-23C57-3794476bd08197c3e2abd9bb477ef7f7.sdkstatcache -fmessage-length\=0 -fdiagnostics-show-note-include-stack -fmacro-backtrace-limit\=0 -fno-color-diagnostics -fmodules-prune-interval\=86400 -fmodules-prune-after\=345600 -fbuild-session-file\=/Users/khanghnguyen/Library/Developer/Xcode/DerivedData/ModuleCache.noindex/Session.modulevalidation -fmodules-validate-once-per-build-session -Wnon-modular-include-in-framework-module -Werror\=non-modular-include-in-framework-module -Wno-trigraphs -Wno-missing-field-initializers -Wno-missing-prototypes -Wno-return-type -Wno-implicit-atomic-properties -Wno-objc-interface-ivars -Wno-arc-repeated-use-of-weak -Wno-missing-braces -Wparentheses -Wswitch -Wno-unused-function -Wno-unused-label -Wno-unused-parameter -Wno-unused-variable -Wunused-value -Wno-empty-body -Wno-uninitialized -Wno-unknown-pragmas -w -Wno-shadow -Wno-four-char-constants -Wno-conversion -Wno-constant-conversion -Wno-int-conversion -Wno-bool-conversion -Wno-enum-conversion -Wno-float-conversion -Wno-non-literal-null-conversion -Wno-objc-literal-conversion -Wshorten-64-to-32 -Wpointer-sign -Wno-newline-eof -Wno-selector -Wno-strict-selector-match -Wno-undeclared-selector -Wno-deprecated-implementations -Wno-implicit-fallthrough -fstrict-aliasing -Wprotocol -Wdeprecated-declarations -Wno-sign-conversion -Wno-infinite-recursion -Wno-comma -Wno-block-capture-autoreleasing -Wno-strict-prototypes -Wno-semicolon-before-method-body -index-store-path /Users/khanghnguyen/Library/Developer/Xcode/DerivedData/Wishie-gavmeupfwiyxzhaiqkwzocyeeixy/Index.noindex/DataStore @/Users/khanghnguyen/Library/Developer/Xcode/DerivedData/Wishie-gavmeupfwiyxzhaiqkwzocyeeixy/Build/Intermediates.noindex/Firebase.build/Debug-iphoneos/FirebaseCoreExtension.build/Objects-normal/arm64/e6072d4f65d7061329687fe24e3d63a7-common-args.resp -include /Users/khanghnguyen/Library/Developer/Xcode/DerivedData/Wishie-gavmeupfwiyxzhaiqkwzocyeeixy/Build/Intermediates.noindex/Firebase.build/Debug-iphoneos/FirebaseCoreExtension.build/DerivedSources/resource_bundle_accessor.h -MMD -MT dependencies -MF /Users/khanghnguyen/Library/Developer/Xcode/DerivedData/Wishie-gavmeupfwiyxzhaiqkwzocyeeixy/Build/Intermediates.noindex/Firebase.build/Debug-iphoneos/FirebaseCoreExtension.build/Objects-normal/arm64/resource_bundle_accessor.d --serialize-diagnostics /Users/khanghnguyen/Library/Developer/Xcode/DerivedData/Wishie-gavmeupfwiyxzhaiqkwzocyeeixy/Build/Intermediates.noindex/Firebase.build/Debug-iphoneos/FirebaseCoreExtension.build/Objects-normal/arm64/resource_bundle_accessor.dia -c /Users/khanghnguyen/Library/Developer/Xcode/DerivedData/Wishie-gavmeupfwiyxzhaiqkwzocyeeixy/Build/Intermediates.noindex/Firebase.build/Debug-iphoneos/FirebaseCoreExtension.build/DerivedSources/resource_bundle_accessor.m -o /Users/khanghnguyen/Library/Developer/Xcode/DerivedData/Wishie-gavmeupfwiyxzhaiqkwzocyeeixy/Build/Intermediates.noindex/Firebase.build/Debug-iphoneos/FirebaseCoreExtension.build/Objects-normal/arm64/resource_bundle_accessor.o -index-unit-output-path /Firebase.build/Debug-iphoneos/FirebaseCoreExtension.build/Objects-normal/arm64/resource_bundle_accessor.o

CompileC /Users/khanghnguyen/Library/Developer/Xcode/DerivedData/Wishie-gavmeupfwiyxzhaiqkwzocyeeixy/Build/Intermediates.noindex/Firebase.build/Debug-iphoneos/FirebaseCoreExtension.build/Objects-normal/arm64/dummy.o /Users/khanghnguyen/Library/Developer/Xcode/DerivedData/Wishie-gavmeupfwiyxzhaiqkwzocyeeixy/SourcePackages/checkouts/firebase-ios-sdk/FirebaseCore/Extension/dummy.m normal arm64 objective-c com.apple.compilers.llvm.clang.1_0.compiler (in target 'FirebaseCoreExtension' from project 'Firebase')
    cd /Users/khanghnguyen/Downloads/Wishie/Wishie.xcodeproj
    
    Using response file: /Users/khanghnguyen/Library/Developer/Xcode/DerivedData/Wishie-gavmeupfwiyxzhaiqkwzocyeeixy/Build/Intermediates.noindex/Firebase.build/Debug-iphoneos/FirebaseCoreExtension.build/Objects-normal/arm64/e6072d4f65d7061329687fe24e3d63a7-common-args.resp
    
    /Applications/Xcode.app/Contents/Developer/Toolchains/XcodeDefault.xctoolchain/usr/bin/clang -x objective-c -ivfsstatcache /Users/khanghnguyen/Library/Developer/Xcode/DerivedData/SDKStatCaches.noindex/iphoneos26.2-23C57-3794476bd08197c3e2abd9bb477ef7f7.sdkstatcache -fmessage-length\=0 -fdiagnostics-show-note-include-stack -fmacro-backtrace-limit\=0 -fno-color-diagnostics -fmodules-prune-interval\=86400 -fmodules-prune-after\=345600 -fbuild-session-file\=/Users/khanghnguyen/Library/Developer/Xcode/DerivedData/ModuleCache.noindex/Session.modulevalidation -fmodules-validate-once-per-build-session -Wnon-modular-include-in-framework-module -Werror\=non-modular-include-in-framework-module -Wno-trigraphs -Wno-missing-field-initializers -Wno-missing-prototypes -Wno-return-type -Wno-implicit-atomic-properties -Wno-objc-interface-ivars -Wno-arc-repeated-use-of-weak -Wno-missing-braces -Wparentheses -Wswitch -Wno-unused-function -Wno-unused-label -Wno-unused-parameter -Wno-unused-variable -Wunused-value -Wno-empty-body -Wno-uninitialized -Wno-unknown-pragmas -w -Wno-shadow -Wno-four-char-constants -Wno-conversion -Wno-constant-conversion -Wno-int-conversion -Wno-bool-conversion -Wno-enum-conversion -Wno-float-conversion -Wno-non-literal-null-conversion -Wno-objc-literal-conversion -Wshorten-64-to-32 -Wpointer-sign -Wno-newline-eof -Wno-selector -Wno-strict-selector-match -Wno-undeclared-selector -Wno-deprecated-implementations -Wno-implicit-fallthrough -fstrict-aliasing -Wprotocol -Wdeprecated-declarations -Wno-sign-conversion -Wno-infinite-recursion -Wno-comma -Wno-block-capture-autoreleasing -Wno-strict-prototypes -Wno-semicolon-before-method-body -index-store-path /Users/khanghnguyen/Library/Developer/Xcode/DerivedData/Wishie-gavmeupfwiyxzhaiqkwzocyeeixy/Index.noindex/DataStore @/Users/khanghnguyen/Library/Developer/Xcode/DerivedData/Wishie-gavmeupfwiyxzhaiqkwzocyeeixy/Build/Intermediates.noindex/Firebase.build/Debug-iphoneos/FirebaseCoreExtension.build/Objects-normal/arm64/e6072d4f65d7061329687fe24e3d63a7-common-args.resp -include /Users/khanghnguyen/Library/Developer/Xcode/DerivedData/Wishie-gavmeupfwiyxzhaiqkwzocyeeixy/Build/Intermediates.noindex/Firebase.build/Debug-iphoneos/FirebaseCoreExtension.build/DerivedSources/resource_bundle_accessor.h -MMD -MT dependencies -MF /Users/khanghnguyen/Library/Developer/Xcode/DerivedData/Wishie-gavmeupfwiyxzhaiqkwzocyeeixy/Build/Intermediates.noindex/Firebase.build/Debug-iphoneos/FirebaseCoreExtension.build/Objects-normal/arm64/dummy.d --serialize-diagnostics /Users/khanghnguyen/Library/Developer/Xcode/DerivedData/Wishie-gavmeupfwiyxzhaiqkwzocyeeixy/Build/Intermediates.noindex/Firebase.build/Debug-iphoneos/FirebaseCoreExtension.build/Objects-normal/arm64/dummy.dia -c /Users/khanghnguyen/Library/Developer/Xcode/DerivedData/Wishie-gavmeupfwiyxzhaiqkwzocyeeixy/SourcePackages/checkouts/firebase-ios-sdk/FirebaseCore/Extension/dummy.m -o /Users/khanghnguyen/Library/Developer/Xcode/DerivedData/Wishie-gavmeupfwiyxzhaiqkwzocyeeixy/Build/Intermediates.noindex/Firebase.build/Debug-iphoneos/FirebaseCoreExtension.build/Objects-normal/arm64/dummy.o -index-unit-output-path /Firebase.build/Debug-iphoneos/FirebaseCoreExtension.build/Objects-normal/arm64/dummy.o

PrecompileModule /Users/khanghnguyen/Library/Developer/Xcode/DerivedData/Wishie-gavmeupfwiyxzhaiqkwzocyeeixy/Build/Intermediates.noindex/ExplicitPrecompiledModules/Symbols-BIYMQI2396ZMVA27YEILAT2D0.scan
    cd /
    builtin-precompileModule /Users/khanghnguyen/Library/Developer/Xcode/DerivedData/Wishie-gavmeupfwiyxzhaiqkwzocyeeixy/Build/Intermediates.noindex/ExplicitPrecompiledModules/Symbols-BIYMQI2396ZMVA27YEILAT2D0.scan

PrecompileModule /Users/khanghnguyen/Library/Developer/Xcode/DerivedData/Wishie-gavmeupfwiyxzhaiqkwzocyeeixy/Build/Intermediates.noindex/ExplicitPrecompiledModules/UIUtilities-AP2II77QABDU9VF26BIN6UG26.scan
    cd /
    builtin-precompileModule /Users/khanghnguyen/Library/Developer/Xcode/DerivedData/Wishie-gavmeupfwiyxzhaiqkwzocyeeixy/Build/Intermediates.noindex/ExplicitPrecompiledModules/UIUtilities-AP2II77QABDU9VF26BIN6UG26.scan

PrecompileModule /Users/khanghnguyen/Library/Developer/Xcode/DerivedData/Wishie-gavmeupfwiyxzhaiqkwzocyeeixy/Build/Intermediates.noindex/ExplicitPrecompiledModules/IOSurface-2A4UL1QG6DOBQHFFVF7DFUPMT.scan
    cd /
    builtin-precompileModule /Users/khanghnguyen/Library/Developer/Xcode/DerivedData/Wishie-gavmeupfwiyxzhaiqkwzocyeeixy/Build/Intermediates.noindex/ExplicitPrecompiledModules/IOSurface-2A4UL1QG6DOBQHFFVF7DFUPMT.scan

PrecompileModule /Users/khanghnguyen/Library/Developer/Xcode/DerivedData/Wishie-gavmeupfwiyxzhaiqkwzocyeeixy/Build/Intermediates.noindex/ExplicitPrecompiledModules/FileProvider-CTC89LIG8A6G967LLRPUT00LF.scan
    cd /
    builtin-precompileModule /Users/khanghnguyen/Library/Developer/Xcode/DerivedData/Wishie-gavmeupfwiyxzhaiqkwzocyeeixy/Build/Intermediates.noindex/ExplicitPrecompiledModules/FileProvider-CTC89LIG8A6G967LLRPUT00LF.scan

PrecompileModule /Users/khanghnguyen/Library/Developer/Xcode/DerivedData/Wishie-gavmeupfwiyxzhaiqkwzocyeeixy/Build/Intermediates.noindex/ExplicitPrecompiledModules/UserNotifications-2G6BLE9QIFRJP2VG16PLFJUTF.scan
    cd /
    builtin-precompileModule /Users/khanghnguyen/Library/Developer/Xcode/DerivedData/Wishie-gavmeupfwiyxzhaiqkwzocyeeixy/Build/Intermediates.noindex/ExplicitPrecompiledModules/UserNotifications-2G6BLE9QIFRJP2VG16PLFJUTF.scan

WriteAuxiliaryFile /Users/khanghnguyen/Library/Developer/Xcode/DerivedData/Wishie-gavmeupfwiyxzhaiqkwzocyeeixy/Build/Intermediates.noindex/gRPC.build/Debug-iphoneos/opensslWrapper.build/opensslWrapper.modulemap (in target 'opensslWrapper' from project 'gRPC')
    cd /Users/khanghnguyen/Library/Developer/Xcode/DerivedData/Wishie-gavmeupfwiyxzhaiqkwzocyeeixy/SourcePackages/checkouts/grpc-binary
    write-file /Users/khanghnguyen/Library/Developer/Xcode/DerivedData/Wishie-gavmeupfwiyxzhaiqkwzocyeeixy/Build/Intermediates.noindex/gRPC.build/Debug-iphoneos/opensslWrapper.build/opensslWrapper.modulemap

WriteAuxiliaryFile /Users/khanghnguyen/Library/Developer/Xcode/DerivedData/Wishie-gavmeupfwiyxzhaiqkwzocyeeixy/Build/Intermediates.noindex/gRPC.build/Debug-iphoneos/opensslWrapper.build/opensslWrapper.DependencyStaticMetadataFileList (in target 'opensslWrapper' from project 'gRPC')
    cd /Users/khanghnguyen/Library/Developer/Xcode/DerivedData/Wishie-gavmeupfwiyxzhaiqkwzocyeeixy/SourcePackages/checkouts/grpc-binary
    write-file /Users/khanghnguyen/Library/Developer/Xcode/DerivedData/Wishie-gavmeupfwiyxzhaiqkwzocyeeixy/Build/Intermediates.noindex/gRPC.build/Debug-iphoneos/opensslWrapper.build/opensslWrapper.DependencyStaticMetadataFileList

WriteAuxiliaryFile /Users/khanghnguyen/Library/Developer/Xcode/DerivedData/Wishie-gavmeupfwiyxzhaiqkwzocyeeixy/Build/Intermediates.noindex/gRPC.build/Debug-iphoneos/opensslWrapper.build/opensslWrapper.DependencyMetadataFileList (in target 'opensslWrapper' from project 'gRPC')
    cd /Users/khanghnguyen/Library/Developer/Xcode/DerivedData/Wishie-gavmeupfwiyxzhaiqkwzocyeeixy/SourcePackages/checkouts/grpc-binary
    write-file /Users/khanghnguyen/Library/Developer/Xcode/DerivedData/Wishie-gavmeupfwiyxzhaiqkwzocyeeixy/Build/Intermediates.noindex/gRPC.build/Debug-iphoneos/opensslWrapper.build/opensslWrapper.DependencyMetadataFileList

WriteAuxiliaryFile /Users/khanghnguyen/Library/Developer/Xcode/DerivedData/Wishie-gavmeupfwiyxzhaiqkwzocyeeixy/Build/Intermediates.noindex/gRPC.build/Debug-iphoneos/opensslWrapper.build/Objects-normal/arm64/opensslWrapper.LinkFileList (in target 'opensslWrapper' from project 'gRPC')
    cd /Users/khanghnguyen/Library/Developer/Xcode/DerivedData/Wishie-gavmeupfwiyxzhaiqkwzocyeeixy/SourcePackages/checkouts/grpc-binary
    write-file /Users/khanghnguyen/Library/Developer/Xcode/DerivedData/Wishie-gavmeupfwiyxzhaiqkwzocyeeixy/Build/Intermediates.noindex/gRPC.build/Debug-iphoneos/opensslWrapper.build/Objects-normal/arm64/opensslWrapper.LinkFileList

WriteAuxiliaryFile /Users/khanghnguyen/Library/Developer/Xcode/DerivedData/Wishie-gavmeupfwiyxzhaiqkwzocyeeixy/Build/Intermediates.noindex/gRPC.build/Debug-iphoneos/opensslWrapper.build/Objects-normal/arm64/e6072d4f65d7061329687fe24e3d63a7-common-args.resp (in target 'opensslWrapper' from project 'gRPC')
    cd /Users/khanghnguyen/Library/Developer/Xcode/DerivedData/Wishie-gavmeupfwiyxzhaiqkwzocyeeixy/SourcePackages/checkouts/grpc-binary
    write-file /Users/khanghnguyen/Library/Developer/Xcode/DerivedData/Wishie-gavmeupfwiyxzhaiqkwzocyeeixy/Build/Intermediates.noindex/gRPC.build/Debug-iphoneos/opensslWrapper.build/Objects-normal/arm64/e6072d4f65d7061329687fe24e3d63a7-common-args.resp
-target arm64-apple-ios12.0 -fobjc-arc -fmodules -gmodules '-fmodules-cache-path=/Users/khanghnguyen/Library/Developer/Xcode/DerivedData/ModuleCache.noindex' '-fmodule-name=opensslWrapper' -fpascal-strings -O0 -DSWIFT_PACKAGE '-DDEBUG=1' '-DOBJC_OLD_DISPATCH_PROTOTYPES=1' -isysroot /Applications/Xcode.app/Contents/Developer/Platforms/iPhoneOS.platform/Developer/SDKs/iPhoneOS26.2.sdk -g -fprofile-instr-generate -fcoverage-mapping -I/Users/khanghnguyen/Library/Developer/Xcode/DerivedData/Wishie-gavmeupfwiyxzhaiqkwzocyeeixy/Build/Products/Debug-iphoneos/include -I/Users/khanghnguyen/Library/Developer/Xcode/DerivedData/Wishie-gavmeupfwiyxzhaiqkwzocyeeixy/SourcePackages/checkouts/grpc-binary/openssl-grpc-Wrapper/include -I/Users/khanghnguyen/Library/Developer/Xcode/DerivedData/Wishie-gavmeupfwiyxzhaiqkwzocyeeixy/Build/Intermediates.noindex/gRPC.build/Debug-iphoneos/opensslWrapper.build/DerivedSources-normal/arm64 -I/Users/khanghnguyen/Library/Developer/Xcode/DerivedData/Wishie-gavmeupfwiyxzhaiqkwzocyeeixy/Build/Intermediates.noindex/gRPC.build/Debug-iphoneos/opensslWrapper.build/DerivedSources/arm64 -I/Users/khanghnguyen/Library/Developer/Xcode/DerivedData/Wishie-gavmeupfwiyxzhaiqkwzocyeeixy/Build/Intermediates.noindex/gRPC.build/Debug-iphoneos/opensslWrapper.build/DerivedSources -F/Users/khanghnguyen/Library/Developer/Xcode/DerivedData/Wishie-gavmeupfwiyxzhaiqkwzocyeeixy/Build/Products/Debug-iphoneos -iframework /Applications/Xcode.app/Contents/Developer/Platforms/iPhoneOS.platform/Developer/Library/Frameworks -iframework /Applications/Xcode.app/Contents/Developer/Platforms/iPhoneOS.platform/Developer/SDKs/iPhoneOS26.2.sdk/Developer/Library/Frameworks -DXcode

WriteAuxiliaryFile /Users/khanghnguyen/Library/Developer/Xcode/DerivedData/Wishie-gavmeupfwiyxzhaiqkwzocyeeixy/Build/Intermediates.noindex/gRPC.build/Debug-iphoneos/opensslWrapper.build/DerivedSources/resource_bundle_accessor.m (in target 'opensslWrapper' from project 'gRPC')
    cd /Users/khanghnguyen/Library/Developer/Xcode/DerivedData/Wishie-gavmeupfwiyxzhaiqkwzocyeeixy/SourcePackages/checkouts/grpc-binary
    write-file /Users/khanghnguyen/Library/Developer/Xcode/DerivedData/Wishie-gavmeupfwiyxzhaiqkwzocyeeixy/Build/Intermediates.noindex/gRPC.build/Debug-iphoneos/opensslWrapper.build/DerivedSources/resource_bundle_accessor.m

WriteAuxiliaryFile /Users/khanghnguyen/Library/Developer/Xcode/DerivedData/Wishie-gavmeupfwiyxzhaiqkwzocyeeixy/Build/Intermediates.noindex/gRPC.build/Debug-iphoneos/opensslWrapper.build/DerivedSources/resource_bundle_accessor.h (in target 'opensslWrapper' from project 'gRPC')
    cd /Users/khanghnguyen/Library/Developer/Xcode/DerivedData/Wishie-gavmeupfwiyxzhaiqkwzocyeeixy/SourcePackages/checkouts/grpc-binary
    write-file /Users/khanghnguyen/Library/Developer/Xcode/DerivedData/Wishie-gavmeupfwiyxzhaiqkwzocyeeixy/Build/Intermediates.noindex/gRPC.build/Debug-iphoneos/opensslWrapper.build/DerivedSources/resource_bundle_accessor.h

Copy /Users/khanghnguyen/Library/Developer/Xcode/DerivedData/Wishie-gavmeupfwiyxzhaiqkwzocyeeixy/Build/Intermediates.noindex/GeneratedModuleMaps-iphoneos/opensslWrapper.modulemap /Users/khanghnguyen/Library/Developer/Xcode/DerivedData/Wishie-gavmeupfwiyxzhaiqkwzocyeeixy/Build/Intermediates.noindex/gRPC.build/Debug-iphoneos/opensslWrapper.build/opensslWrapper.modulemap (in target 'opensslWrapper' from project 'gRPC')
    cd /Users/khanghnguyen/Library/Developer/Xcode/DerivedData/Wishie-gavmeupfwiyxzhaiqkwzocyeeixy/SourcePackages/checkouts/grpc-binary
    builtin-copy -exclude .DS_Store -exclude CVS -exclude .svn -exclude .git -exclude .hg -resolve-src-symlinks /Users/khanghnguyen/Library/Developer/Xcode/DerivedData/Wishie-gavmeupfwiyxzhaiqkwzocyeeixy/Build/Intermediates.noindex/gRPC.build/Debug-iphoneos/opensslWrapper.build/opensslWrapper.modulemap /Users/khanghnguyen/Library/Developer/Xcode/DerivedData/Wishie-gavmeupfwiyxzhaiqkwzocyeeixy/Build/Intermediates.noindex/GeneratedModuleMaps-iphoneos

PrecompileModule /Users/khanghnguyen/Library/Developer/Xcode/DerivedData/Wishie-gavmeupfwiyxzhaiqkwzocyeeixy/Build/Intermediates.noindex/ExplicitPrecompiledModules/OpenGLES-3VB7Y0PBY19HCY2TXRRWEZR4X.scan
    cd /
    builtin-precompileModule /Users/khanghnguyen/Library/Developer/Xcode/DerivedData/Wishie-gavmeupfwiyxzhaiqkwzocyeeixy/Build/Intermediates.noindex/ExplicitPrecompiledModules/OpenGLES-3VB7Y0PBY19HCY2TXRRWEZR4X.scan

PrecompileModule /Users/khanghnguyen/Library/Developer/Xcode/DerivedData/Wishie-gavmeupfwiyxzhaiqkwzocyeeixy/Build/Intermediates.noindex/ExplicitPrecompiledModules/Metal-78ZXFXLIXWD0C51VJYPZVDRCW.scan
    cd /
    builtin-precompileModule /Users/khanghnguyen/Library/Developer/Xcode/DerivedData/Wishie-gavmeupfwiyxzhaiqkwzocyeeixy/Build/Intermediates.noindex/ExplicitPrecompiledModules/Metal-78ZXFXLIXWD0C51VJYPZVDRCW.scan

RegisterExecutionPolicyException /Users/khanghnguyen/Library/Developer/Xcode/DerivedData/Wishie-gavmeupfwiyxzhaiqkwzocyeeixy/Build/Products/Debug-iphoneos/nanopb.o (in target 'nanopb' from project 'nanopb')
    cd /Users/khanghnguyen/Library/Developer/Xcode/DerivedData/Wishie-gavmeupfwiyxzhaiqkwzocyeeixy/SourcePackages/checkouts/nanopb
    builtin-RegisterExecutionPolicyException /Users/khanghnguyen/Library/Developer/Xcode/DerivedData/Wishie-gavmeupfwiyxzhaiqkwzocyeeixy/Build/Products/Debug-iphoneos/nanopb.o

ScanDependencies /Users/khanghnguyen/Library/Developer/Xcode/DerivedData/Wishie-gavmeupfwiyxzhaiqkwzocyeeixy/Build/Intermediates.noindex/gRPC.build/Debug-iphoneos/opensslWrapper.build/Objects-normal/arm64/resource_bundle_accessor.o /Users/khanghnguyen/Library/Developer/Xcode/DerivedData/Wishie-gavmeupfwiyxzhaiqkwzocyeeixy/Build/Intermediates.noindex/gRPC.build/Debug-iphoneos/opensslWrapper.build/DerivedSources/resource_bundle_accessor.m normal arm64 objective-c com.apple.compilers.llvm.clang.1_0.compiler (in target 'opensslWrapper' from project 'gRPC')
    cd /Users/khanghnguyen/Downloads/Wishie/Wishie.xcodeproj
    
    Using response file: /Users/khanghnguyen/Library/Developer/Xcode/DerivedData/Wishie-gavmeupfwiyxzhaiqkwzocyeeixy/Build/Intermediates.noindex/gRPC.build/Debug-iphoneos/opensslWrapper.build/Objects-normal/arm64/e6072d4f65d7061329687fe24e3d63a7-common-args.resp
    
    builtin-ScanDependencies -o /Users/khanghnguyen/Library/Developer/Xcode/DerivedData/Wishie-gavmeupfwiyxzhaiqkwzocyeeixy/Build/Intermediates.noindex/gRPC.build/Debug-iphoneos/opensslWrapper.build/Objects-normal/arm64/resource_bundle_accessor.o.scan -- /Applications/Xcode.app/Contents/Developer/Toolchains/XcodeDefault.xctoolchain/usr/bin/clang -x objective-c -ivfsstatcache /Users/khanghnguyen/Library/Developer/Xcode/DerivedData/SDKStatCaches.noindex/iphoneos26.2-23C57-3794476bd08197c3e2abd9bb477ef7f7.sdkstatcache -fmessage-length\=0 -fdiagnostics-show-note-include-stack -fmacro-backtrace-limit\=0 -fno-color-diagnostics -fmodules-prune-interval\=86400 -fmodules-prune-after\=345600 -fbuild-session-file\=/Users/khanghnguyen/Library/Developer/Xcode/DerivedData/ModuleCache.noindex/Session.modulevalidation -fmodules-validate-once-per-build-session -Wnon-modular-include-in-framework-module -Werror\=non-modular-include-in-framework-module -Wno-trigraphs -Wno-missing-field-initializers -Wno-missing-prototypes -Wno-return-type -Wno-implicit-atomic-properties -Wno-objc-interface-ivars -Wno-arc-repeated-use-of-weak -Wno-missing-braces -Wparentheses -Wswitch -Wno-unused-function -Wno-unused-label -Wno-unused-parameter -Wno-unused-variable -Wunused-value -Wno-empty-body -Wno-uninitialized -Wno-unknown-pragmas -w -Wno-shadow -Wno-four-char-constants -Wno-conversion -Wno-constant-conversion -Wno-int-conversion -Wno-bool-conversion -Wno-enum-conversion -Wno-float-conversion -Wno-non-literal-null-conversion -Wno-objc-literal-conversion -Wshorten-64-to-32 -Wpointer-sign -Wno-newline-eof -Wno-selector -Wno-strict-selector-match -Wno-undeclared-selector -Wno-deprecated-implementations -Wno-implicit-fallthrough -fstrict-aliasing -Wprotocol -Wdeprecated-declarations -Wno-sign-conversion -Wno-infinite-recursion -Wno-comma -Wno-block-capture-autoreleasing -Wno-strict-prototypes -Wno-semicolon-before-method-body -index-store-path /Users/khanghnguyen/Library/Developer/Xcode/DerivedData/Wishie-gavmeupfwiyxzhaiqkwzocyeeixy/Index.noindex/DataStore @/Users/khanghnguyen/Library/Developer/Xcode/DerivedData/Wishie-gavmeupfwiyxzhaiqkwzocyeeixy/Build/Intermediates.noindex/gRPC.build/Debug-iphoneos/opensslWrapper.build/Objects-normal/arm64/e6072d4f65d7061329687fe24e3d63a7-common-args.resp -include /Users/khanghnguyen/Library/Developer/Xcode/DerivedData/Wishie-gavmeupfwiyxzhaiqkwzocyeeixy/Build/Intermediates.noindex/gRPC.build/Debug-iphoneos/opensslWrapper.build/DerivedSources/resource_bundle_accessor.h -MMD -MT dependencies -MF /Users/khanghnguyen/Library/Developer/Xcode/DerivedData/Wishie-gavmeupfwiyxzhaiqkwzocyeeixy/Build/Intermediates.noindex/gRPC.build/Debug-iphoneos/opensslWrapper.build/Objects-normal/arm64/resource_bundle_accessor.d --serialize-diagnostics /Users/khanghnguyen/Library/Developer/Xcode/DerivedData/Wishie-gavmeupfwiyxzhaiqkwzocyeeixy/Build/Intermediates.noindex/gRPC.build/Debug-iphoneos/opensslWrapper.build/Objects-normal/arm64/resource_bundle_accessor.dia -c /Users/khanghnguyen/Library/Developer/Xcode/DerivedData/Wishie-gavmeupfwiyxzhaiqkwzocyeeixy/Build/Intermediates.noindex/gRPC.build/Debug-iphoneos/opensslWrapper.build/DerivedSources/resource_bundle_accessor.m -o /Users/khanghnguyen/Library/Developer/Xcode/DerivedData/Wishie-gavmeupfwiyxzhaiqkwzocyeeixy/Build/Intermediates.noindex/gRPC.build/Debug-iphoneos/opensslWrapper.build/Objects-normal/arm64/resource_bundle_accessor.o -index-unit-output-path /gRPC.build/Debug-iphoneos/opensslWrapper.build/Objects-normal/arm64/resource_bundle_accessor.o

ScanDependencies /Users/khanghnguyen/Library/Developer/Xcode/DerivedData/Wishie-gavmeupfwiyxzhaiqkwzocyeeixy/Build/Intermediates.noindex/gRPC.build/Debug-iphoneos/opensslWrapper.build/Objects-normal/arm64/empty.o /Users/khanghnguyen/Library/Developer/Xcode/DerivedData/Wishie-gavmeupfwiyxzhaiqkwzocyeeixy/SourcePackages/checkouts/grpc-binary/openssl-grpc-Wrapper/empty.m normal arm64 objective-c com.apple.compilers.llvm.clang.1_0.compiler (in target 'opensslWrapper' from project 'gRPC')
    cd /Users/khanghnguyen/Downloads/Wishie/Wishie.xcodeproj
    
    Using response file: /Users/khanghnguyen/Library/Developer/Xcode/DerivedData/Wishie-gavmeupfwiyxzhaiqkwzocyeeixy/Build/Intermediates.noindex/gRPC.build/Debug-iphoneos/opensslWrapper.build/Objects-normal/arm64/e6072d4f65d7061329687fe24e3d63a7-common-args.resp
    
    builtin-ScanDependencies -o /Users/khanghnguyen/Library/Developer/Xcode/DerivedData/Wishie-gavmeupfwiyxzhaiqkwzocyeeixy/Build/Intermediates.noindex/gRPC.build/Debug-iphoneos/opensslWrapper.build/Objects-normal/arm64/empty.o.scan -- /Applications/Xcode.app/Contents/Developer/Toolchains/XcodeDefault.xctoolchain/usr/bin/clang -x objective-c -ivfsstatcache /Users/khanghnguyen/Library/Developer/Xcode/DerivedData/SDKStatCaches.noindex/iphoneos26.2-23C57-3794476bd08197c3e2abd9bb477ef7f7.sdkstatcache -fmessage-length\=0 -fdiagnostics-show-note-include-stack -fmacro-backtrace-limit\=0 -fno-color-diagnostics -fmodules-prune-interval\=86400 -fmodules-prune-after\=345600 -fbuild-session-file\=/Users/khanghnguyen/Library/Developer/Xcode/DerivedData/ModuleCache.noindex/Session.modulevalidation -fmodules-validate-once-per-build-session -Wnon-modular-include-in-framework-module -Werror\=non-modular-include-in-framework-module -Wno-trigraphs -Wno-missing-field-initializers -Wno-missing-prototypes -Wno-return-type -Wno-implicit-atomic-properties -Wno-objc-interface-ivars -Wno-arc-repeated-use-of-weak -Wno-missing-braces -Wparentheses -Wswitch -Wno-unused-function -Wno-unused-label -Wno-unused-parameter -Wno-unused-variable -Wunused-value -Wno-empty-body -Wno-uninitialized -Wno-unknown-pragmas -w -Wno-shadow -Wno-four-char-constants -Wno-conversion -Wno-constant-conversion -Wno-int-conversion -Wno-bool-conversion -Wno-enum-conversion -Wno-float-conversion -Wno-non-literal-null-conversion -Wno-objc-literal-conversion -Wshorten-64-to-32 -Wpointer-sign -Wno-newline-eof -Wno-selector -Wno-strict-selector-match -Wno-undeclared-selector -Wno-deprecated-implementations -Wno-implicit-fallthrough -fstrict-aliasing -Wprotocol -Wdeprecated-declarations -Wno-sign-conversion -Wno-infinite-recursion -Wno-comma -Wno-block-capture-autoreleasing -Wno-strict-prototypes -Wno-semicolon-before-method-body -index-store-path /Users/khanghnguyen/Library/Developer/Xcode/DerivedData/Wishie-gavmeupfwiyxzhaiqkwzocyeeixy/Index.noindex/DataStore @/Users/khanghnguyen/Library/Developer/Xcode/DerivedData/Wishie-gavmeupfwiyxzhaiqkwzocyeeixy/Build/Intermediates.noindex/gRPC.build/Debug-iphoneos/opensslWrapper.build/Objects-normal/arm64/e6072d4f65d7061329687fe24e3d63a7-common-args.resp -include /Users/khanghnguyen/Library/Developer/Xcode/DerivedData/Wishie-gavmeupfwiyxzhaiqkwzocyeeixy/Build/Intermediates.noindex/gRPC.build/Debug-iphoneos/opensslWrapper.build/DerivedSources/resource_bundle_accessor.h -MMD -MT dependencies -MF /Users/khanghnguyen/Library/Developer/Xcode/DerivedData/Wishie-gavmeupfwiyxzhaiqkwzocyeeixy/Build/Intermediates.noindex/gRPC.build/Debug-iphoneos/opensslWrapper.build/Objects-normal/arm64/empty.d --serialize-diagnostics /Users/khanghnguyen/Library/Developer/Xcode/DerivedData/Wishie-gavmeupfwiyxzhaiqkwzocyeeixy/Build/Intermediates.noindex/gRPC.build/Debug-iphoneos/opensslWrapper.build/Objects-normal/arm64/empty.dia -c /Users/khanghnguyen/Library/Developer/Xcode/DerivedData/Wishie-gavmeupfwiyxzhaiqkwzocyeeixy/SourcePackages/checkouts/grpc-binary/openssl-grpc-Wrapper/empty.m -o /Users/khanghnguyen/Library/Developer/Xcode/DerivedData/Wishie-gavmeupfwiyxzhaiqkwzocyeeixy/Build/Intermediates.noindex/gRPC.build/Debug-iphoneos/opensslWrapper.build/Objects-normal/arm64/empty.o -index-unit-output-path /gRPC.build/Debug-iphoneos/opensslWrapper.build/Objects-normal/arm64/empty.o

CompileC /Users/khanghnguyen/Library/Developer/Xcode/DerivedData/Wishie-gavmeupfwiyxzhaiqkwzocyeeixy/Build/Intermediates.noindex/gRPC.build/Debug-iphoneos/opensslWrapper.build/Objects-normal/arm64/resource_bundle_accessor.o /Users/khanghnguyen/Library/Developer/Xcode/DerivedData/Wishie-gavmeupfwiyxzhaiqkwzocyeeixy/Build/Intermediates.noindex/gRPC.build/Debug-iphoneos/opensslWrapper.build/DerivedSources/resource_bundle_accessor.m normal arm64 objective-c com.apple.compilers.llvm.clang.1_0.compiler (in target 'opensslWrapper' from project 'gRPC')
    cd /Users/khanghnguyen/Downloads/Wishie/Wishie.xcodeproj
    
    Using response file: /Users/khanghnguyen/Library/Developer/Xcode/DerivedData/Wishie-gavmeupfwiyxzhaiqkwzocyeeixy/Build/Intermediates.noindex/gRPC.build/Debug-iphoneos/opensslWrapper.build/Objects-normal/arm64/e6072d4f65d7061329687fe24e3d63a7-common-args.resp
    
    /Applications/Xcode.app/Contents/Developer/Toolchains/XcodeDefault.xctoolchain/usr/bin/clang -x objective-c -ivfsstatcache /Users/khanghnguyen/Library/Developer/Xcode/DerivedData/SDKStatCaches.noindex/iphoneos26.2-23C57-3794476bd08197c3e2abd9bb477ef7f7.sdkstatcache -fmessage-length\=0 -fdiagnostics-show-note-include-stack -fmacro-backtrace-limit\=0 -fno-color-diagnostics -fmodules-prune-interval\=86400 -fmodules-prune-after\=345600 -fbuild-session-file\=/Users/khanghnguyen/Library/Developer/Xcode/DerivedData/ModuleCache.noindex/Session.modulevalidation -fmodules-validate-once-per-build-session -Wnon-modular-include-in-framework-module -Werror\=non-modular-include-in-framework-module -Wno-trigraphs -Wno-missing-field-initializers -Wno-missing-prototypes -Wno-return-type -Wno-implicit-atomic-properties -Wno-objc-interface-ivars -Wno-arc-repeated-use-of-weak -Wno-missing-braces -Wparentheses -Wswitch -Wno-unused-function -Wno-unused-label -Wno-unused-parameter -Wno-unused-variable -Wunused-value -Wno-empty-body -Wno-uninitialized -Wno-unknown-pragmas -w -Wno-shadow -Wno-four-char-constants -Wno-conversion -Wno-constant-conversion -Wno-int-conversion -Wno-bool-conversion -Wno-enum-conversion -Wno-float-conversion -Wno-non-literal-null-conversion -Wno-objc-literal-conversion -Wshorten-64-to-32 -Wpointer-sign -Wno-newline-eof -Wno-selector -Wno-strict-selector-match -Wno-undeclared-selector -Wno-deprecated-implementations -Wno-implicit-fallthrough -fstrict-aliasing -Wprotocol -Wdeprecated-declarations -Wno-sign-conversion -Wno-infinite-recursion -Wno-comma -Wno-block-capture-autoreleasing -Wno-strict-prototypes -Wno-semicolon-before-method-body -index-store-path /Users/khanghnguyen/Library/Developer/Xcode/DerivedData/Wishie-gavmeupfwiyxzhaiqkwzocyeeixy/Index.noindex/DataStore @/Users/khanghnguyen/Library/Developer/Xcode/DerivedData/Wishie-gavmeupfwiyxzhaiqkwzocyeeixy/Build/Intermediates.noindex/gRPC.build/Debug-iphoneos/opensslWrapper.build/Objects-normal/arm64/e6072d4f65d7061329687fe24e3d63a7-common-args.resp -include /Users/khanghnguyen/Library/Developer/Xcode/DerivedData/Wishie-gavmeupfwiyxzhaiqkwzocyeeixy/Build/Intermediates.noindex/gRPC.build/Debug-iphoneos/opensslWrapper.build/DerivedSources/resource_bundle_accessor.h -MMD -MT dependencies -MF /Users/khanghnguyen/Library/Developer/Xcode/DerivedData/Wishie-gavmeupfwiyxzhaiqkwzocyeeixy/Build/Intermediates.noindex/gRPC.build/Debug-iphoneos/opensslWrapper.build/Objects-normal/arm64/resource_bundle_accessor.d --serialize-diagnostics /Users/khanghnguyen/Library/Developer/Xcode/DerivedData/Wishie-gavmeupfwiyxzhaiqkwzocyeeixy/Build/Intermediates.noindex/gRPC.build/Debug-iphoneos/opensslWrapper.build/Objects-normal/arm64/resource_bundle_accessor.dia -c /Users/khanghnguyen/Library/Developer/Xcode/DerivedData/Wishie-gavmeupfwiyxzhaiqkwzocyeeixy/Build/Intermediates.noindex/gRPC.build/Debug-iphoneos/opensslWrapper.build/DerivedSources/resource_bundle_accessor.m -o /Users/khanghnguyen/Library/Developer/Xcode/DerivedData/Wishie-gavmeupfwiyxzhaiqkwzocyeeixy/Build/Intermediates.noindex/gRPC.build/Debug-iphoneos/opensslWrapper.build/Objects-normal/arm64/resource_bundle_accessor.o -index-unit-output-path /gRPC.build/Debug-iphoneos/opensslWrapper.build/Objects-normal/arm64/resource_bundle_accessor.o

Ld /Users/khanghnguyen/Library/Developer/Xcode/DerivedData/Wishie-gavmeupfwiyxzhaiqkwzocyeeixy/Build/Products/Debug-iphoneos/FirebaseSharedSwift.o normal (in target 'FirebaseSharedSwift' from project 'Firebase')
    cd /Users/khanghnguyen/Library/Developer/Xcode/DerivedData/Wishie-gavmeupfwiyxzhaiqkwzocyeeixy/SourcePackages/checkouts/firebase-ios-sdk
    /Applications/Xcode.app/Contents/Developer/Toolchains/XcodeDefault.xctoolchain/usr/bin/clang -Xlinker -reproducible -target arm64-apple-ios15.0 -r -isysroot /Applications/Xcode.app/Contents/Developer/Platforms/iPhoneOS.platform/Developer/SDKs/iPhoneOS26.2.sdk -O0 -w -L/Users/khanghnguyen/Library/Developer/Xcode/DerivedData/Wishie-gavmeupfwiyxzhaiqkwzocyeeixy/Build/Intermediates.noindex/EagerLinkingTBDs/Debug-iphoneos -L/Users/khanghnguyen/Library/Developer/Xcode/DerivedData/Wishie-gavmeupfwiyxzhaiqkwzocyeeixy/Build/Products/Debug-iphoneos -L/Applications/Xcode.app/Contents/Developer/Platforms/iPhoneOS.platform/Developer/usr/lib -F/Users/khanghnguyen/Library/Developer/Xcode/DerivedData/Wishie-gavmeupfwiyxzhaiqkwzocyeeixy/Build/Intermediates.noindex/EagerLinkingTBDs/Debug-iphoneos -F/Users/khanghnguyen/Library/Developer/Xcode/DerivedData/Wishie-gavmeupfwiyxzhaiqkwzocyeeixy/Build/Products/Debug-iphoneos -iframework /Applications/Xcode.app/Contents/Developer/Platforms/iPhoneOS.platform/Developer/Library/Frameworks -iframework /Applications/Xcode.app/Contents/Developer/Platforms/iPhoneOS.platform/Developer/SDKs/iPhoneOS26.2.sdk/Developer/Library/Frameworks -filelist /Users/khanghnguyen/Library/Developer/Xcode/DerivedData/Wishie-gavmeupfwiyxzhaiqkwzocyeeixy/Build/Intermediates.noindex/Firebase.build/Debug-iphoneos/FirebaseSharedSwift.build/Objects-normal/arm64/FirebaseSharedSwift.LinkFileList -nostdlib -Xlinker -object_path_lto -Xlinker /Users/khanghnguyen/Library/Developer/Xcode/DerivedData/Wishie-gavmeupfwiyxzhaiqkwzocyeeixy/Build/Intermediates.noindex/Firebase.build/Debug-iphoneos/FirebaseSharedSwift.build/Objects-normal/arm64/FirebaseSharedSwift_lto.o -rdynamic -Xlinker -no_deduplicate -Xlinker -debug_variant -Xlinker -dependency_info -Xlinker /Users/khanghnguyen/Library/Developer/Xcode/DerivedData/Wishie-gavmeupfwiyxzhaiqkwzocyeeixy/Build/Intermediates.noindex/Firebase.build/Debug-iphoneos/FirebaseSharedSwift.build/Objects-normal/arm64/FirebaseSharedSwift_dependency_info.dat -fobjc-link-runtime -L/Applications/Xcode.app/Contents/Developer/Toolchains/XcodeDefault.xctoolchain/usr/lib/swift/iphoneos -L/usr/lib/swift -Xlinker -add_ast_path -Xlinker /Users/khanghnguyen/Library/Developer/Xcode/DerivedData/Wishie-gavmeupfwiyxzhaiqkwzocyeeixy/Build/Intermediates.noindex/Firebase.build/Debug-iphoneos/FirebaseSharedSwift.build/Objects-normal/arm64/FirebaseSharedSwift.swiftmodule @/Users/khanghnguyen/Library/Developer/Xcode/DerivedData/Wishie-gavmeupfwiyxzhaiqkwzocyeeixy/Build/Intermediates.noindex/Firebase.build/Debug-iphoneos/FirebaseSharedSwift.build/Objects-normal/arm64/FirebaseSharedSwift-linker-args.resp -o /Users/khanghnguyen/Library/Developer/Xcode/DerivedData/Wishie-gavmeupfwiyxzhaiqkwzocyeeixy/Build/Products/Debug-iphoneos/FirebaseSharedSwift.o

CompileC /Users/khanghnguyen/Library/Developer/Xcode/DerivedData/Wishie-gavmeupfwiyxzhaiqkwzocyeeixy/Build/Intermediates.noindex/gRPC.build/Debug-iphoneos/opensslWrapper.build/Objects-normal/arm64/empty.o /Users/khanghnguyen/Library/Developer/Xcode/DerivedData/Wishie-gavmeupfwiyxzhaiqkwzocyeeixy/SourcePackages/checkouts/grpc-binary/openssl-grpc-Wrapper/empty.m normal arm64 objective-c com.apple.compilers.llvm.clang.1_0.compiler (in target 'opensslWrapper' from project 'gRPC')
    cd /Users/khanghnguyen/Downloads/Wishie/Wishie.xcodeproj
    
    Using response file: /Users/khanghnguyen/Library/Developer/Xcode/DerivedData/Wishie-gavmeupfwiyxzhaiqkwzocyeeixy/Build/Intermediates.noindex/gRPC.build/Debug-iphoneos/opensslWrapper.build/Objects-normal/arm64/e6072d4f65d7061329687fe24e3d63a7-common-args.resp
    
    /Applications/Xcode.app/Contents/Developer/Toolchains/XcodeDefault.xctoolchain/usr/bin/clang -x objective-c -ivfsstatcache /Users/khanghnguyen/Library/Developer/Xcode/DerivedData/SDKStatCaches.noindex/iphoneos26.2-23C57-3794476bd08197c3e2abd9bb477ef7f7.sdkstatcache -fmessage-length\=0 -fdiagnostics-show-note-include-stack -fmacro-backtrace-limit\=0 -fno-color-diagnostics -fmodules-prune-interval\=86400 -fmodules-prune-after\=345600 -fbuild-session-file\=/Users/khanghnguyen/Library/Developer/Xcode/DerivedData/ModuleCache.noindex/Session.modulevalidation -fmodules-validate-once-per-build-session -Wnon-modular-include-in-framework-module -Werror\=non-modular-include-in-framework-module -Wno-trigraphs -Wno-missing-field-initializers -Wno-missing-prototypes -Wno-return-type -Wno-implicit-atomic-properties -Wno-objc-interface-ivars -Wno-arc-repeated-use-of-weak -Wno-missing-braces -Wparentheses -Wswitch -Wno-unused-function -Wno-unused-label -Wno-unused-parameter -Wno-unused-variable -Wunused-value -Wno-empty-body -Wno-uninitialized -Wno-unknown-pragmas -w -Wno-shadow -Wno-four-char-constants -Wno-conversion -Wno-constant-conversion -Wno-int-conversion -Wno-bool-conversion -Wno-enum-conversion -Wno-float-conversion -Wno-non-literal-null-conversion -Wno-objc-literal-conversion -Wshorten-64-to-32 -Wpointer-sign -Wno-newline-eof -Wno-selector -Wno-strict-selector-match -Wno-undeclared-selector -Wno-deprecated-implementations -Wno-implicit-fallthrough -fstrict-aliasing -Wprotocol -Wdeprecated-declarations -Wno-sign-conversion -Wno-infinite-recursion -Wno-comma -Wno-block-capture-autoreleasing -Wno-strict-prototypes -Wno-semicolon-before-method-body -index-store-path /Users/khanghnguyen/Library/Developer/Xcode/DerivedData/Wishie-gavmeupfwiyxzhaiqkwzocyeeixy/Index.noindex/DataStore @/Users/khanghnguyen/Library/Developer/Xcode/DerivedData/Wishie-gavmeupfwiyxzhaiqkwzocyeeixy/Build/Intermediates.noindex/gRPC.build/Debug-iphoneos/opensslWrapper.build/Objects-normal/arm64/e6072d4f65d7061329687fe24e3d63a7-common-args.resp -include /Users/khanghnguyen/Library/Developer/Xcode/DerivedData/Wishie-gavmeupfwiyxzhaiqkwzocyeeixy/Build/Intermediates.noindex/gRPC.build/Debug-iphoneos/opensslWrapper.build/DerivedSources/resource_bundle_accessor.h -MMD -MT dependencies -MF /Users/khanghnguyen/Library/Developer/Xcode/DerivedData/Wishie-gavmeupfwiyxzhaiqkwzocyeeixy/Build/Intermediates.noindex/gRPC.build/Debug-iphoneos/opensslWrapper.build/Objects-normal/arm64/empty.d --serialize-diagnostics /Users/khanghnguyen/Library/Developer/Xcode/DerivedData/Wishie-gavmeupfwiyxzhaiqkwzocyeeixy/Build/Intermediates.noindex/gRPC.build/Debug-iphoneos/opensslWrapper.build/Objects-normal/arm64/empty.dia -c /Users/khanghnguyen/Library/Developer/Xcode/DerivedData/Wishie-gavmeupfwiyxzhaiqkwzocyeeixy/SourcePackages/checkouts/grpc-binary/openssl-grpc-Wrapper/empty.m -o /Users/khanghnguyen/Library/Developer/Xcode/DerivedData/Wishie-gavmeupfwiyxzhaiqkwzocyeeixy/Build/Intermediates.noindex/gRPC.build/Debug-iphoneos/opensslWrapper.build/Objects-normal/arm64/empty.o -index-unit-output-path /gRPC.build/Debug-iphoneos/opensslWrapper.build/Objects-normal/arm64/empty.o

Ld /Users/khanghnguyen/Library/Developer/Xcode/DerivedData/Wishie-gavmeupfwiyxzhaiqkwzocyeeixy/Build/Products/Debug-iphoneos/opensslWrapper.o normal (in target 'opensslWrapper' from project 'gRPC')
    cd /Users/khanghnguyen/Library/Developer/Xcode/DerivedData/Wishie-gavmeupfwiyxzhaiqkwzocyeeixy/SourcePackages/checkouts/grpc-binary
    /Applications/Xcode.app/Contents/Developer/Toolchains/XcodeDefault.xctoolchain/usr/bin/clang -Xlinker -reproducible -target arm64-apple-ios12.0 -r -isysroot /Applications/Xcode.app/Contents/Developer/Platforms/iPhoneOS.platform/Developer/SDKs/iPhoneOS26.2.sdk -O0 -w -L/Users/khanghnguyen/Library/Developer/Xcode/DerivedData/Wishie-gavmeupfwiyxzhaiqkwzocyeeixy/Build/Intermediates.noindex/EagerLinkingTBDs/Debug-iphoneos -L/Users/khanghnguyen/Library/Developer/Xcode/DerivedData/Wishie-gavmeupfwiyxzhaiqkwzocyeeixy/Build/Products/Debug-iphoneos -L/Applications/Xcode.app/Contents/Developer/Platforms/iPhoneOS.platform/Developer/usr/lib -F/Users/khanghnguyen/Library/Developer/Xcode/DerivedData/Wishie-gavmeupfwiyxzhaiqkwzocyeeixy/Build/Intermediates.noindex/EagerLinkingTBDs/Debug-iphoneos -F/Users/khanghnguyen/Library/Developer/Xcode/DerivedData/Wishie-gavmeupfwiyxzhaiqkwzocyeeixy/Build/Products/Debug-iphoneos -iframework /Applications/Xcode.app/Contents/Developer/Platforms/iPhoneOS.platform/Developer/Library/Frameworks -iframework /Applications/Xcode.app/Contents/Developer/Platforms/iPhoneOS.platform/Developer/SDKs/iPhoneOS26.2.sdk/Developer/Library/Frameworks -filelist /Users/khanghnguyen/Library/Developer/Xcode/DerivedData/Wishie-gavmeupfwiyxzhaiqkwzocyeeixy/Build/Intermediates.noindex/gRPC.build/Debug-iphoneos/opensslWrapper.build/Objects-normal/arm64/opensslWrapper.LinkFileList -nostdlib -Xlinker -object_path_lto -Xlinker /Users/khanghnguyen/Library/Developer/Xcode/DerivedData/Wishie-gavmeupfwiyxzhaiqkwzocyeeixy/Build/Intermediates.noindex/gRPC.build/Debug-iphoneos/opensslWrapper.build/Objects-normal/arm64/opensslWrapper_lto.o -rdynamic -Xlinker -no_deduplicate -Xlinker -debug_variant -Xlinker -dependency_info -Xlinker /Users/khanghnguyen/Library/Developer/Xcode/DerivedData/Wishie-gavmeupfwiyxzhaiqkwzocyeeixy/Build/Intermediates.noindex/gRPC.build/Debug-iphoneos/opensslWrapper.build/Objects-normal/arm64/opensslWrapper_dependency_info.dat -fobjc-arc -fobjc-link-runtime -o /Users/khanghnguyen/Library/Developer/Xcode/DerivedData/Wishie-gavmeupfwiyxzhaiqkwzocyeeixy/Build/Products/Debug-iphoneos/opensslWrapper.o

WriteAuxiliaryFile /Users/khanghnguyen/Library/Developer/Xcode/DerivedData/Wishie-gavmeupfwiyxzhaiqkwzocyeeixy/Build/Intermediates.noindex/abseil.build/Debug-iphoneos/abslWrapper.build/abslWrapper.modulemap (in target 'abslWrapper' from project 'abseil')
    cd /Users/khanghnguyen/Library/Developer/Xcode/DerivedData/Wishie-gavmeupfwiyxzhaiqkwzocyeeixy/SourcePackages/checkouts/abseil-cpp-binary
    write-file /Users/khanghnguyen/Library/Developer/Xcode/DerivedData/Wishie-gavmeupfwiyxzhaiqkwzocyeeixy/Build/Intermediates.noindex/abseil.build/Debug-iphoneos/abslWrapper.build/abslWrapper.modulemap

WriteAuxiliaryFile /Users/khanghnguyen/Library/Developer/Xcode/DerivedData/Wishie-gavmeupfwiyxzhaiqkwzocyeeixy/Build/Intermediates.noindex/abseil.build/Debug-iphoneos/abslWrapper.build/abslWrapper.DependencyStaticMetadataFileList (in target 'abslWrapper' from project 'abseil')
    cd /Users/khanghnguyen/Library/Developer/Xcode/DerivedData/Wishie-gavmeupfwiyxzhaiqkwzocyeeixy/SourcePackages/checkouts/abseil-cpp-binary
    write-file /Users/khanghnguyen/Library/Developer/Xcode/DerivedData/Wishie-gavmeupfwiyxzhaiqkwzocyeeixy/Build/Intermediates.noindex/abseil.build/Debug-iphoneos/abslWrapper.build/abslWrapper.DependencyStaticMetadataFileList

WriteAuxiliaryFile /Users/khanghnguyen/Library/Developer/Xcode/DerivedData/Wishie-gavmeupfwiyxzhaiqkwzocyeeixy/Build/Intermediates.noindex/abseil.build/Debug-iphoneos/abslWrapper.build/abslWrapper.DependencyMetadataFileList (in target 'abslWrapper' from project 'abseil')
    cd /Users/khanghnguyen/Library/Developer/Xcode/DerivedData/Wishie-gavmeupfwiyxzhaiqkwzocyeeixy/SourcePackages/checkouts/abseil-cpp-binary
    write-file /Users/khanghnguyen/Library/Developer/Xcode/DerivedData/Wishie-gavmeupfwiyxzhaiqkwzocyeeixy/Build/Intermediates.noindex/abseil.build/Debug-iphoneos/abslWrapper.build/abslWrapper.DependencyMetadataFileList

WriteAuxiliaryFile /Users/khanghnguyen/Library/Developer/Xcode/DerivedData/Wishie-gavmeupfwiyxzhaiqkwzocyeeixy/Build/Intermediates.noindex/abseil.build/Debug-iphoneos/abslWrapper.build/Objects-normal/arm64/e6072d4f65d7061329687fe24e3d63a7-common-args.resp (in target 'abslWrapper' from project 'abseil')
    cd /Users/khanghnguyen/Library/Developer/Xcode/DerivedData/Wishie-gavmeupfwiyxzhaiqkwzocyeeixy/SourcePackages/checkouts/abseil-cpp-binary
    write-file /Users/khanghnguyen/Library/Developer/Xcode/DerivedData/Wishie-gavmeupfwiyxzhaiqkwzocyeeixy/Build/Intermediates.noindex/abseil.build/Debug-iphoneos/abslWrapper.build/Objects-normal/arm64/e6072d4f65d7061329687fe24e3d63a7-common-args.resp
-target arm64-apple-ios12.0 -fobjc-arc -fmodules -gmodules '-fmodules-cache-path=/Users/khanghnguyen/Library/Developer/Xcode/DerivedData/ModuleCache.noindex' '-fmodule-name=abslWrapper' -fpascal-strings -O0 -DSWIFT_PACKAGE '-DDEBUG=1' '-DOBJC_OLD_DISPATCH_PROTOTYPES=1' -isysroot /Applications/Xcode.app/Contents/Developer/Platforms/iPhoneOS.platform/Developer/SDKs/iPhoneOS26.2.sdk -g -fprofile-instr-generate -fcoverage-mapping -I/Users/khanghnguyen/Library/Developer/Xcode/DerivedData/Wishie-gavmeupfwiyxzhaiqkwzocyeeixy/Build/Products/Debug-iphoneos/include -I/Users/khanghnguyen/Library/Developer/Xcode/DerivedData/Wishie-gavmeupfwiyxzhaiqkwzocyeeixy/SourcePackages/checkouts/abseil-cpp-binary/absl-Wrapper/include -I/Users/khanghnguyen/Library/Developer/Xcode/DerivedData/Wishie-gavmeupfwiyxzhaiqkwzocyeeixy/Build/Intermediates.noindex/abseil.build/Debug-iphoneos/abslWrapper.build/DerivedSources-normal/arm64 -I/Users/khanghnguyen/Library/Developer/Xcode/DerivedData/Wishie-gavmeupfwiyxzhaiqkwzocyeeixy/Build/Intermediates.noindex/abseil.build/Debug-iphoneos/abslWrapper.build/DerivedSources/arm64 -I/Users/khanghnguyen/Library/Developer/Xcode/DerivedData/Wishie-gavmeupfwiyxzhaiqkwzocyeeixy/Build/Intermediates.noindex/abseil.build/Debug-iphoneos/abslWrapper.build/DerivedSources -F/Users/khanghnguyen/Library/Developer/Xcode/DerivedData/Wishie-gavmeupfwiyxzhaiqkwzocyeeixy/Build/Products/Debug-iphoneos -iframework /Applications/Xcode.app/Contents/Developer/Platforms/iPhoneOS.platform/Developer/Library/Frameworks -iframework /Applications/Xcode.app/Contents/Developer/Platforms/iPhoneOS.platform/Developer/SDKs/iPhoneOS26.2.sdk/Developer/Library/Frameworks -DXcode

WriteAuxiliaryFile /Users/khanghnguyen/Library/Developer/Xcode/DerivedData/Wishie-gavmeupfwiyxzhaiqkwzocyeeixy/Build/Intermediates.noindex/abseil.build/Debug-iphoneos/abslWrapper.build/Objects-normal/arm64/abslWrapper.LinkFileList (in target 'abslWrapper' from project 'abseil')
    cd /Users/khanghnguyen/Library/Developer/Xcode/DerivedData/Wishie-gavmeupfwiyxzhaiqkwzocyeeixy/SourcePackages/checkouts/abseil-cpp-binary
    write-file /Users/khanghnguyen/Library/Developer/Xcode/DerivedData/Wishie-gavmeupfwiyxzhaiqkwzocyeeixy/Build/Intermediates.noindex/abseil.build/Debug-iphoneos/abslWrapper.build/Objects-normal/arm64/abslWrapper.LinkFileList

WriteAuxiliaryFile /Users/khanghnguyen/Library/Developer/Xcode/DerivedData/Wishie-gavmeupfwiyxzhaiqkwzocyeeixy/Build/Intermediates.noindex/abseil.build/Debug-iphoneos/abslWrapper.build/DerivedSources/resource_bundle_accessor.m (in target 'abslWrapper' from project 'abseil')
    cd /Users/khanghnguyen/Library/Developer/Xcode/DerivedData/Wishie-gavmeupfwiyxzhaiqkwzocyeeixy/SourcePackages/checkouts/abseil-cpp-binary
    write-file /Users/khanghnguyen/Library/Developer/Xcode/DerivedData/Wishie-gavmeupfwiyxzhaiqkwzocyeeixy/Build/Intermediates.noindex/abseil.build/Debug-iphoneos/abslWrapper.build/DerivedSources/resource_bundle_accessor.m

WriteAuxiliaryFile /Users/khanghnguyen/Library/Developer/Xcode/DerivedData/Wishie-gavmeupfwiyxzhaiqkwzocyeeixy/Build/Intermediates.noindex/abseil.build/Debug-iphoneos/abslWrapper.build/DerivedSources/resource_bundle_accessor.h (in target 'abslWrapper' from project 'abseil')
    cd /Users/khanghnguyen/Library/Developer/Xcode/DerivedData/Wishie-gavmeupfwiyxzhaiqkwzocyeeixy/SourcePackages/checkouts/abseil-cpp-binary
    write-file /Users/khanghnguyen/Library/Developer/Xcode/DerivedData/Wishie-gavmeupfwiyxzhaiqkwzocyeeixy/Build/Intermediates.noindex/abseil.build/Debug-iphoneos/abslWrapper.build/DerivedSources/resource_bundle_accessor.h

Copy /Users/khanghnguyen/Library/Developer/Xcode/DerivedData/Wishie-gavmeupfwiyxzhaiqkwzocyeeixy/Build/Intermediates.noindex/GeneratedModuleMaps-iphoneos/abslWrapper.modulemap /Users/khanghnguyen/Library/Developer/Xcode/DerivedData/Wishie-gavmeupfwiyxzhaiqkwzocyeeixy/Build/Intermediates.noindex/abseil.build/Debug-iphoneos/abslWrapper.build/abslWrapper.modulemap (in target 'abslWrapper' from project 'abseil')
    cd /Users/khanghnguyen/Library/Developer/Xcode/DerivedData/Wishie-gavmeupfwiyxzhaiqkwzocyeeixy/SourcePackages/checkouts/abseil-cpp-binary
    builtin-copy -exclude .DS_Store -exclude CVS -exclude .svn -exclude .git -exclude .hg -resolve-src-symlinks /Users/khanghnguyen/Library/Developer/Xcode/DerivedData/Wishie-gavmeupfwiyxzhaiqkwzocyeeixy/Build/Intermediates.noindex/abseil.build/Debug-iphoneos/abslWrapper.build/abslWrapper.modulemap /Users/khanghnguyen/Library/Developer/Xcode/DerivedData/Wishie-gavmeupfwiyxzhaiqkwzocyeeixy/Build/Intermediates.noindex/GeneratedModuleMaps-iphoneos

Ld /Users/khanghnguyen/Library/Developer/Xcode/DerivedData/Wishie-gavmeupfwiyxzhaiqkwzocyeeixy/Build/Products/Debug-iphoneos/SDWebImage.o normal (in target 'SDWebImage' from project 'SDWebImage')
    cd /Users/khanghnguyen/Library/Developer/Xcode/DerivedData/Wishie-gavmeupfwiyxzhaiqkwzocyeeixy/SourcePackages/checkouts/SDWebImage
    /Applications/Xcode.app/Contents/Developer/Toolchains/XcodeDefault.xctoolchain/usr/bin/clang -Xlinker -reproducible -target arm64-apple-ios12.0 -r -isysroot /Applications/Xcode.app/Contents/Developer/Platforms/iPhoneOS.platform/Developer/SDKs/iPhoneOS26.2.sdk -O0 -w -L/Users/khanghnguyen/Library/Developer/Xcode/DerivedData/Wishie-gavmeupfwiyxzhaiqkwzocyeeixy/Build/Intermediates.noindex/EagerLinkingTBDs/Debug-iphoneos -L/Users/khanghnguyen/Library/Developer/Xcode/DerivedData/Wishie-gavmeupfwiyxzhaiqkwzocyeeixy/Build/Products/Debug-iphoneos -L/Applications/Xcode.app/Contents/Developer/Platforms/iPhoneOS.platform/Developer/usr/lib -F/Users/khanghnguyen/Library/Developer/Xcode/DerivedData/Wishie-gavmeupfwiyxzhaiqkwzocyeeixy/Build/Intermediates.noindex/EagerLinkingTBDs/Debug-iphoneos -F/Users/khanghnguyen/Library/Developer/Xcode/DerivedData/Wishie-gavmeupfwiyxzhaiqkwzocyeeixy/Build/Products/Debug-iphoneos -iframework /Applications/Xcode.app/Contents/Developer/Platforms/iPhoneOS.platform/Developer/Library/Frameworks -iframework /Applications/Xcode.app/Contents/Developer/Platforms/iPhoneOS.platform/Developer/SDKs/iPhoneOS26.2.sdk/Developer/Library/Frameworks -filelist /Users/khanghnguyen/Library/Developer/Xcode/DerivedData/Wishie-gavmeupfwiyxzhaiqkwzocyeeixy/Build/Intermediates.noindex/SDWebImage.build/Debug-iphoneos/SDWebImage.build/Objects-normal/arm64/SDWebImage.LinkFileList -nostdlib -Xlinker -object_path_lto -Xlinker /Users/khanghnguyen/Library/Developer/Xcode/DerivedData/Wishie-gavmeupfwiyxzhaiqkwzocyeeixy/Build/Intermediates.noindex/SDWebImage.build/Debug-iphoneos/SDWebImage.build/Objects-normal/arm64/SDWebImage_lto.o -rdynamic -Xlinker -no_deduplicate -Xlinker -debug_variant -Xlinker -dependency_info -Xlinker /Users/khanghnguyen/Library/Developer/Xcode/DerivedData/Wishie-gavmeupfwiyxzhaiqkwzocyeeixy/Build/Intermediates.noindex/SDWebImage.build/Debug-iphoneos/SDWebImage.build/Objects-normal/arm64/SDWebImage_dependency_info.dat -fobjc-arc -fobjc-link-runtime -o /Users/khanghnguyen/Library/Developer/Xcode/DerivedData/Wishie-gavmeupfwiyxzhaiqkwzocyeeixy/Build/Products/Debug-iphoneos/SDWebImage.o

ScanDependencies /Users/khanghnguyen/Library/Developer/Xcode/DerivedData/Wishie-gavmeupfwiyxzhaiqkwzocyeeixy/Build/Intermediates.noindex/GoogleUtilities.build/Debug-iphoneos/GoogleUtilities-Environment.build/Objects-normal/arm64/resource_bundle_accessor.o /Users/khanghnguyen/Library/Developer/Xcode/DerivedData/Wishie-gavmeupfwiyxzhaiqkwzocyeeixy/Build/Intermediates.noindex/GoogleUtilities.build/Debug-iphoneos/GoogleUtilities-Environment.build/DerivedSources/resource_bundle_accessor.m normal arm64 objective-c com.apple.compilers.llvm.clang.1_0.compiler (in target 'GoogleUtilities-Environment' from project 'GoogleUtilities')
    cd /Users/khanghnguyen/Downloads/Wishie/Wishie.xcodeproj
    
    Using response file: /Users/khanghnguyen/Library/Developer/Xcode/DerivedData/Wishie-gavmeupfwiyxzhaiqkwzocyeeixy/Build/Intermediates.noindex/GoogleUtilities.build/Debug-iphoneos/GoogleUtilities-Environment.build/Objects-normal/arm64/e6072d4f65d7061329687fe24e3d63a7-common-args.resp
    
    builtin-ScanDependencies -o /Users/khanghnguyen/Library/Developer/Xcode/DerivedData/Wishie-gavmeupfwiyxzhaiqkwzocyeeixy/Build/Intermediates.noindex/GoogleUtilities.build/Debug-iphoneos/GoogleUtilities-Environment.build/Objects-normal/arm64/resource_bundle_accessor.o.scan -- /Applications/Xcode.app/Contents/Developer/Toolchains/XcodeDefault.xctoolchain/usr/bin/clang -x objective-c -ivfsstatcache /Users/khanghnguyen/Library/Developer/Xcode/DerivedData/SDKStatCaches.noindex/iphoneos26.2-23C57-3794476bd08197c3e2abd9bb477ef7f7.sdkstatcache -fmessage-length\=0 -fdiagnostics-show-note-include-stack -fmacro-backtrace-limit\=0 -fno-color-diagnostics -fmodules-prune-interval\=86400 -fmodules-prune-after\=345600 -fbuild-session-file\=/Users/khanghnguyen/Library/Developer/Xcode/DerivedData/ModuleCache.noindex/Session.modulevalidation -fmodules-validate-once-per-build-session -Wnon-modular-include-in-framework-module -Werror\=non-modular-include-in-framework-module -Wno-trigraphs -Wno-missing-field-initializers -Wno-missing-prototypes -Wno-return-type -Wno-implicit-atomic-properties -Wno-objc-interface-ivars -Wno-arc-repeated-use-of-weak -Wno-missing-braces -Wparentheses -Wswitch -Wno-unused-function -Wno-unused-label -Wno-unused-parameter -Wno-unused-variable -Wunused-value -Wno-empty-body -Wno-uninitialized -Wno-unknown-pragmas -w -Wno-shadow -Wno-four-char-constants -Wno-conversion -Wno-constant-conversion -Wno-int-conversion -Wno-bool-conversion -Wno-enum-conversion -Wno-float-conversion -Wno-non-literal-null-conversion -Wno-objc-literal-conversion -Wshorten-64-to-32 -Wpointer-sign -Wno-newline-eof -Wno-selector -Wno-strict-selector-match -Wno-undeclared-selector -Wno-deprecated-implementations -Wno-implicit-fallthrough -fstrict-aliasing -Wprotocol -Wdeprecated-declarations -Wno-sign-conversion -Wno-infinite-recursion -Wno-comma -Wno-block-capture-autoreleasing -Wno-strict-prototypes -Wno-semicolon-before-method-body -index-store-path /Users/khanghnguyen/Library/Developer/Xcode/DerivedData/Wishie-gavmeupfwiyxzhaiqkwzocyeeixy/Index.noindex/DataStore @/Users/khanghnguyen/Library/Developer/Xcode/DerivedData/Wishie-gavmeupfwiyxzhaiqkwzocyeeixy/Build/Intermediates.noindex/GoogleUtilities.build/Debug-iphoneos/GoogleUtilities-Environment.build/Objects-normal/arm64/e6072d4f65d7061329687fe24e3d63a7-common-args.resp -include /Users/khanghnguyen/Library/Developer/Xcode/DerivedData/Wishie-gavmeupfwiyxzhaiqkwzocyeeixy/Build/Intermediates.noindex/GoogleUtilities.build/Debug-iphoneos/GoogleUtilities-Environment.build/DerivedSources/resource_bundle_accessor.h -MMD -MT dependencies -MF /Users/khanghnguyen/Library/Developer/Xcode/DerivedData/Wishie-gavmeupfwiyxzhaiqkwzocyeeixy/Build/Intermediates.noindex/GoogleUtilities.build/Debug-iphoneos/GoogleUtilities-Environment.build/Objects-normal/arm64/resource_bundle_accessor.d --serialize-diagnostics /Users/khanghnguyen/Library/Developer/Xcode/DerivedData/Wishie-gavmeupfwiyxzhaiqkwzocyeeixy/Build/Intermediates.noindex/GoogleUtilities.build/Debug-iphoneos/GoogleUtilities-Environment.build/Objects-normal/arm64/resource_bundle_accessor.dia -c /Users/khanghnguyen/Library/Developer/Xcode/DerivedData/Wishie-gavmeupfwiyxzhaiqkwzocyeeixy/Build/Intermediates.noindex/GoogleUtilities.build/Debug-iphoneos/GoogleUtilities-Environment.build/DerivedSources/resource_bundle_accessor.m -o /Users/khanghnguyen/Library/Developer/Xcode/DerivedData/Wishie-gavmeupfwiyxzhaiqkwzocyeeixy/Build/Intermediates.noindex/GoogleUtilities.build/Debug-iphoneos/GoogleUtilities-Environment.build/Objects-normal/arm64/resource_bundle_accessor.o -index-unit-output-path /GoogleUtilities.build/Debug-iphoneos/GoogleUtilities-Environment.build/Objects-normal/arm64/resource_bundle_accessor.o

ScanDependencies /Users/khanghnguyen/Library/Developer/Xcode/DerivedData/Wishie-gavmeupfwiyxzhaiqkwzocyeeixy/Build/Intermediates.noindex/GoogleUtilities.build/Debug-iphoneos/GoogleUtilities-Environment.build/Objects-normal/arm64/GULNetworkInfo.o /Users/khanghnguyen/Library/Developer/Xcode/DerivedData/Wishie-gavmeupfwiyxzhaiqkwzocyeeixy/SourcePackages/checkouts/GoogleUtilities/GoogleUtilities/Environment/NetworkInfo/GULNetworkInfo.m normal arm64 objective-c com.apple.compilers.llvm.clang.1_0.compiler (in target 'GoogleUtilities-Environment' from project 'GoogleUtilities')
    cd /Users/khanghnguyen/Downloads/Wishie/Wishie.xcodeproj
    
    Using response file: /Users/khanghnguyen/Library/Developer/Xcode/DerivedData/Wishie-gavmeupfwiyxzhaiqkwzocyeeixy/Build/Intermediates.noindex/GoogleUtilities.build/Debug-iphoneos/GoogleUtilities-Environment.build/Objects-normal/arm64/e6072d4f65d7061329687fe24e3d63a7-common-args.resp
    
    builtin-ScanDependencies -o /Users/khanghnguyen/Library/Developer/Xcode/DerivedData/Wishie-gavmeupfwiyxzhaiqkwzocyeeixy/Build/Intermediates.noindex/GoogleUtilities.build/Debug-iphoneos/GoogleUtilities-Environment.build/Objects-normal/arm64/GULNetworkInfo.o.scan -- /Applications/Xcode.app/Contents/Developer/Toolchains/XcodeDefault.xctoolchain/usr/bin/clang -x objective-c -ivfsstatcache /Users/khanghnguyen/Library/Developer/Xcode/DerivedData/SDKStatCaches.noindex/iphoneos26.2-23C57-3794476bd08197c3e2abd9bb477ef7f7.sdkstatcache -fmessage-length\=0 -fdiagnostics-show-note-include-stack -fmacro-backtrace-limit\=0 -fno-color-diagnostics -fmodules-prune-interval\=86400 -fmodules-prune-after\=345600 -fbuild-session-file\=/Users/khanghnguyen/Library/Developer/Xcode/DerivedData/ModuleCache.noindex/Session.modulevalidation -fmodules-validate-once-per-build-session -Wnon-modular-include-in-framework-module -Werror\=non-modular-include-in-framework-module -Wno-trigraphs -Wno-missing-field-initializers -Wno-missing-prototypes -Wno-return-type -Wno-implicit-atomic-properties -Wno-objc-interface-ivars -Wno-arc-repeated-use-of-weak -Wno-missing-braces -Wparentheses -Wswitch -Wno-unused-function -Wno-unused-label -Wno-unused-parameter -Wno-unused-variable -Wunused-value -Wno-empty-body -Wno-uninitialized -Wno-unknown-pragmas -w -Wno-shadow -Wno-four-char-constants -Wno-conversion -Wno-constant-conversion -Wno-int-conversion -Wno-bool-conversion -Wno-enum-conversion -Wno-float-conversion -Wno-non-literal-null-conversion -Wno-objc-literal-conversion -Wshorten-64-to-32 -Wpointer-sign -Wno-newline-eof -Wno-selector -Wno-strict-selector-match -Wno-undeclared-selector -Wno-deprecated-implementations -Wno-implicit-fallthrough -fstrict-aliasing -Wprotocol -Wdeprecated-declarations -Wno-sign-conversion -Wno-infinite-recursion -Wno-comma -Wno-block-capture-autoreleasing -Wno-strict-prototypes -Wno-semicolon-before-method-body -index-store-path /Users/khanghnguyen/Library/Developer/Xcode/DerivedData/Wishie-gavmeupfwiyxzhaiqkwzocyeeixy/Index.noindex/DataStore @/Users/khanghnguyen/Library/Developer/Xcode/DerivedData/Wishie-gavmeupfwiyxzhaiqkwzocyeeixy/Build/Intermediates.noindex/GoogleUtilities.build/Debug-iphoneos/GoogleUtilities-Environment.build/Objects-normal/arm64/e6072d4f65d7061329687fe24e3d63a7-common-args.resp -include /Users/khanghnguyen/Library/Developer/Xcode/DerivedData/Wishie-gavmeupfwiyxzhaiqkwzocyeeixy/Build/Intermediates.noindex/GoogleUtilities.build/Debug-iphoneos/GoogleUtilities-Environment.build/DerivedSources/resource_bundle_accessor.h -MMD -MT dependencies -MF /Users/khanghnguyen/Library/Developer/Xcode/DerivedData/Wishie-gavmeupfwiyxzhaiqkwzocyeeixy/Build/Intermediates.noindex/GoogleUtilities.build/Debug-iphoneos/GoogleUtilities-Environment.build/Objects-normal/arm64/GULNetworkInfo.d --serialize-diagnostics /Users/khanghnguyen/Library/Developer/Xcode/DerivedData/Wishie-gavmeupfwiyxzhaiqkwzocyeeixy/Build/Intermediates.noindex/GoogleUtilities.build/Debug-iphoneos/GoogleUtilities-Environment.build/Objects-normal/arm64/GULNetworkInfo.dia -c /Users/khanghnguyen/Library/Developer/Xcode/DerivedData/Wishie-gavmeupfwiyxzhaiqkwzocyeeixy/SourcePackages/checkouts/GoogleUtilities/GoogleUtilities/Environment/NetworkInfo/GULNetworkInfo.m -o /Users/khanghnguyen/Library/Developer/Xcode/DerivedData/Wishie-gavmeupfwiyxzhaiqkwzocyeeixy/Build/Intermediates.noindex/GoogleUtilities.build/Debug-iphoneos/GoogleUtilities-Environment.build/Objects-normal/arm64/GULNetworkInfo.o -index-unit-output-path /GoogleUtilities.build/Debug-iphoneos/GoogleUtilities-Environment.build/Objects-normal/arm64/GULNetworkInfo.o

ScanDependencies /Users/khanghnguyen/Library/Developer/Xcode/DerivedData/Wishie-gavmeupfwiyxzhaiqkwzocyeeixy/Build/Intermediates.noindex/GoogleUtilities.build/Debug-iphoneos/GoogleUtilities-Environment.build/Objects-normal/arm64/GULKeychainUtils.o /Users/khanghnguyen/Library/Developer/Xcode/DerivedData/Wishie-gavmeupfwiyxzhaiqkwzocyeeixy/SourcePackages/checkouts/GoogleUtilities/GoogleUtilities/Environment/SecureStorage/GULKeychainUtils.m normal arm64 objective-c com.apple.compilers.llvm.clang.1_0.compiler (in target 'GoogleUtilities-Environment' from project 'GoogleUtilities')
    cd /Users/khanghnguyen/Downloads/Wishie/Wishie.xcodeproj
    
    Using response file: /Users/khanghnguyen/Library/Developer/Xcode/DerivedData/Wishie-gavmeupfwiyxzhaiqkwzocyeeixy/Build/Intermediates.noindex/GoogleUtilities.build/Debug-iphoneos/GoogleUtilities-Environment.build/Objects-normal/arm64/e6072d4f65d7061329687fe24e3d63a7-common-args.resp
    
    builtin-ScanDependencies -o /Users/khanghnguyen/Library/Developer/Xcode/DerivedData/Wishie-gavmeupfwiyxzhaiqkwzocyeeixy/Build/Intermediates.noindex/GoogleUtilities.build/Debug-iphoneos/GoogleUtilities-Environment.build/Objects-normal/arm64/GULKeychainUtils.o.scan -- /Applications/Xcode.app/Contents/Developer/Toolchains/XcodeDefault.xctoolchain/usr/bin/clang -x objective-c -ivfsstatcache /Users/khanghnguyen/Library/Developer/Xcode/DerivedData/SDKStatCaches.noindex/iphoneos26.2-23C57-3794476bd08197c3e2abd9bb477ef7f7.sdkstatcache -fmessage-length\=0 -fdiagnostics-show-note-include-stack -fmacro-backtrace-limit\=0 -fno-color-diagnostics -fmodules-prune-interval\=86400 -fmodules-prune-after\=345600 -fbuild-session-file\=/Users/khanghnguyen/Library/Developer/Xcode/DerivedData/ModuleCache.noindex/Session.modulevalidation -fmodules-validate-once-per-build-session -Wnon-modular-include-in-framework-module -Werror\=non-modular-include-in-framework-module -Wno-trigraphs -Wno-missing-field-initializers -Wno-missing-prototypes -Wno-return-type -Wno-implicit-atomic-properties -Wno-objc-interface-ivars -Wno-arc-repeated-use-of-weak -Wno-missing-braces -Wparentheses -Wswitch -Wno-unused-function -Wno-unused-label -Wno-unused-parameter -Wno-unused-variable -Wunused-value -Wno-empty-body -Wno-uninitialized -Wno-unknown-pragmas -w -Wno-shadow -Wno-four-char-constants -Wno-conversion -Wno-constant-conversion -Wno-int-conversion -Wno-bool-conversion -Wno-enum-conversion -Wno-float-conversion -Wno-non-literal-null-conversion -Wno-objc-literal-conversion -Wshorten-64-to-32 -Wpointer-sign -Wno-newline-eof -Wno-selector -Wno-strict-selector-match -Wno-undeclared-selector -Wno-deprecated-implementations -Wno-implicit-fallthrough -fstrict-aliasing -Wprotocol -Wdeprecated-declarations -Wno-sign-conversion -Wno-infinite-recursion -Wno-comma -Wno-block-capture-autoreleasing -Wno-strict-prototypes -Wno-semicolon-before-method-body -index-store-path /Users/khanghnguyen/Library/Developer/Xcode/DerivedData/Wishie-gavmeupfwiyxzhaiqkwzocyeeixy/Index.noindex/DataStore @/Users/khanghnguyen/Library/Developer/Xcode/DerivedData/Wishie-gavmeupfwiyxzhaiqkwzocyeeixy/Build/Intermediates.noindex/GoogleUtilities.build/Debug-iphoneos/GoogleUtilities-Environment.build/Objects-normal/arm64/e6072d4f65d7061329687fe24e3d63a7-common-args.resp -include /Users/khanghnguyen/Library/Developer/Xcode/DerivedData/Wishie-gavmeupfwiyxzhaiqkwzocyeeixy/Build/Intermediates.noindex/GoogleUtilities.build/Debug-iphoneos/GoogleUtilities-Environment.build/DerivedSources/resource_bundle_accessor.h -MMD -MT dependencies -MF /Users/khanghnguyen/Library/Developer/Xcode/DerivedData/Wishie-gavmeupfwiyxzhaiqkwzocyeeixy/Build/Intermediates.noindex/GoogleUtilities.build/Debug-iphoneos/GoogleUtilities-Environment.build/Objects-normal/arm64/GULKeychainUtils.d --serialize-diagnostics /Users/khanghnguyen/Library/Developer/Xcode/DerivedData/Wishie-gavmeupfwiyxzhaiqkwzocyeeixy/Build/Intermediates.noindex/GoogleUtilities.build/Debug-iphoneos/GoogleUtilities-Environment.build/Objects-normal/arm64/GULKeychainUtils.dia -c /Users/khanghnguyen/Library/Developer/Xcode/DerivedData/Wishie-gavmeupfwiyxzhaiqkwzocyeeixy/SourcePackages/checkouts/GoogleUtilities/GoogleUtilities/Environment/SecureStorage/GULKeychainUtils.m -o /Users/khanghnguyen/Library/Developer/Xcode/DerivedData/Wishie-gavmeupfwiyxzhaiqkwzocyeeixy/Build/Intermediates.noindex/GoogleUtilities.build/Debug-iphoneos/GoogleUtilities-Environment.build/Objects-normal/arm64/GULKeychainUtils.o -index-unit-output-path /GoogleUtilities.build/Debug-iphoneos/GoogleUtilities-Environment.build/Objects-normal/arm64/GULKeychainUtils.o

PrecompileModule /Users/khanghnguyen/Library/Developer/Xcode/DerivedData/Wishie-gavmeupfwiyxzhaiqkwzocyeeixy/Build/Intermediates.noindex/ExplicitPrecompiledModules/CoreVideo-95VHBHP2TDRHD15G572IQAGSM.scan
    cd /
    builtin-precompileModule /Users/khanghnguyen/Library/Developer/Xcode/DerivedData/Wishie-gavmeupfwiyxzhaiqkwzocyeeixy/Build/Intermediates.noindex/ExplicitPrecompiledModules/CoreVideo-95VHBHP2TDRHD15G572IQAGSM.scan

ScanDependencies /Users/khanghnguyen/Library/Developer/Xcode/DerivedData/Wishie-gavmeupfwiyxzhaiqkwzocyeeixy/Build/Intermediates.noindex/GoogleUtilities.build/Debug-iphoneos/GoogleUtilities-Environment.build/Objects-normal/arm64/GULKeychainStorage.o /Users/khanghnguyen/Library/Developer/Xcode/DerivedData/Wishie-gavmeupfwiyxzhaiqkwzocyeeixy/SourcePackages/checkouts/GoogleUtilities/GoogleUtilities/Environment/SecureStorage/GULKeychainStorage.m normal arm64 objective-c com.apple.compilers.llvm.clang.1_0.compiler (in target 'GoogleUtilities-Environment' from project 'GoogleUtilities')
    cd /Users/khanghnguyen/Downloads/Wishie/Wishie.xcodeproj
    
    Using response file: /Users/khanghnguyen/Library/Developer/Xcode/DerivedData/Wishie-gavmeupfwiyxzhaiqkwzocyeeixy/Build/Intermediates.noindex/GoogleUtilities.build/Debug-iphoneos/GoogleUtilities-Environment.build/Objects-normal/arm64/e6072d4f65d7061329687fe24e3d63a7-common-args.resp
    
    builtin-ScanDependencies -o /Users/khanghnguyen/Library/Developer/Xcode/DerivedData/Wishie-gavmeupfwiyxzhaiqkwzocyeeixy/Build/Intermediates.noindex/GoogleUtilities.build/Debug-iphoneos/GoogleUtilities-Environment.build/Objects-normal/arm64/GULKeychainStorage.o.scan -- /Applications/Xcode.app/Contents/Developer/Toolchains/XcodeDefault.xctoolchain/usr/bin/clang -x objective-c -ivfsstatcache /Users/khanghnguyen/Library/Developer/Xcode/DerivedData/SDKStatCaches.noindex/iphoneos26.2-23C57-3794476bd08197c3e2abd9bb477ef7f7.sdkstatcache -fmessage-length\=0 -fdiagnostics-show-note-include-stack -fmacro-backtrace-limit\=0 -fno-color-diagnostics -fmodules-prune-interval\=86400 -fmodules-prune-after\=345600 -fbuild-session-file\=/Users/khanghnguyen/Library/Developer/Xcode/DerivedData/ModuleCache.noindex/Session.modulevalidation -fmodules-validate-once-per-build-session -Wnon-modular-include-in-framework-module -Werror\=non-modular-include-in-framework-module -Wno-trigraphs -Wno-missing-field-initializers -Wno-missing-prototypes -Wno-return-type -Wno-implicit-atomic-properties -Wno-objc-interface-ivars -Wno-arc-repeated-use-of-weak -Wno-missing-braces -Wparentheses -Wswitch -Wno-unused-function -Wno-unused-label -Wno-unused-parameter -Wno-unused-variable -Wunused-value -Wno-empty-body -Wno-uninitialized -Wno-unknown-pragmas -w -Wno-shadow -Wno-four-char-constants -Wno-conversion -Wno-constant-conversion -Wno-int-conversion -Wno-bool-conversion -Wno-enum-conversion -Wno-float-conversion -Wno-non-literal-null-conversion -Wno-objc-literal-conversion -Wshorten-64-to-32 -Wpointer-sign -Wno-newline-eof -Wno-selector -Wno-strict-selector-match -Wno-undeclared-selector -Wno-deprecated-implementations -Wno-implicit-fallthrough -fstrict-aliasing -Wprotocol -Wdeprecated-declarations -Wno-sign-conversion -Wno-infinite-recursion -Wno-comma -Wno-block-capture-autoreleasing -Wno-strict-prototypes -Wno-semicolon-before-method-body -index-store-path /Users/khanghnguyen/Library/Developer/Xcode/DerivedData/Wishie-gavmeupfwiyxzhaiqkwzocyeeixy/Index.noindex/DataStore @/Users/khanghnguyen/Library/Developer/Xcode/DerivedData/Wishie-gavmeupfwiyxzhaiqkwzocyeeixy/Build/Intermediates.noindex/GoogleUtilities.build/Debug-iphoneos/GoogleUtilities-Environment.build/Objects-normal/arm64/e6072d4f65d7061329687fe24e3d63a7-common-args.resp -include /Users/khanghnguyen/Library/Developer/Xcode/DerivedData/Wishie-gavmeupfwiyxzhaiqkwzocyeeixy/Build/Intermediates.noindex/GoogleUtilities.build/Debug-iphoneos/GoogleUtilities-Environment.build/DerivedSources/resource_bundle_accessor.h -MMD -MT dependencies -MF /Users/khanghnguyen/Library/Developer/Xcode/DerivedData/Wishie-gavmeupfwiyxzhaiqkwzocyeeixy/Build/Intermediates.noindex/GoogleUtilities.build/Debug-iphoneos/GoogleUtilities-Environment.build/Objects-normal/arm64/GULKeychainStorage.d --serialize-diagnostics /Users/khanghnguyen/Library/Developer/Xcode/DerivedData/Wishie-gavmeupfwiyxzhaiqkwzocyeeixy/Build/Intermediates.noindex/GoogleUtilities.build/Debug-iphoneos/GoogleUtilities-Environment.build/Objects-normal/arm64/GULKeychainStorage.dia -c /Users/khanghnguyen/Library/Developer/Xcode/DerivedData/Wishie-gavmeupfwiyxzhaiqkwzocyeeixy/SourcePackages/checkouts/GoogleUtilities/GoogleUtilities/Environment/SecureStorage/GULKeychainStorage.m -o /Users/khanghnguyen/Library/Developer/Xcode/DerivedData/Wishie-gavmeupfwiyxzhaiqkwzocyeeixy/Build/Intermediates.noindex/GoogleUtilities.build/Debug-iphoneos/GoogleUtilities-Environment.build/Objects-normal/arm64/GULKeychainStorage.o -index-unit-output-path /GoogleUtilities.build/Debug-iphoneos/GoogleUtilities-Environment.build/Objects-normal/arm64/GULKeychainStorage.o

CompileC /Users/khanghnguyen/Library/Developer/Xcode/DerivedData/Wishie-gavmeupfwiyxzhaiqkwzocyeeixy/Build/Intermediates.noindex/GoogleUtilities.build/Debug-iphoneos/GoogleUtilities-Environment.build/Objects-normal/arm64/resource_bundle_accessor.o /Users/khanghnguyen/Library/Developer/Xcode/DerivedData/Wishie-gavmeupfwiyxzhaiqkwzocyeeixy/Build/Intermediates.noindex/GoogleUtilities.build/Debug-iphoneos/GoogleUtilities-Environment.build/DerivedSources/resource_bundle_accessor.m normal arm64 objective-c com.apple.compilers.llvm.clang.1_0.compiler (in target 'GoogleUtilities-Environment' from project 'GoogleUtilities')
    cd /Users/khanghnguyen/Downloads/Wishie/Wishie.xcodeproj
    
    Using response file: /Users/khanghnguyen/Library/Developer/Xcode/DerivedData/Wishie-gavmeupfwiyxzhaiqkwzocyeeixy/Build/Intermediates.noindex/GoogleUtilities.build/Debug-iphoneos/GoogleUtilities-Environment.build/Objects-normal/arm64/e6072d4f65d7061329687fe24e3d63a7-common-args.resp
    
    /Applications/Xcode.app/Contents/Developer/Toolchains/XcodeDefault.xctoolchain/usr/bin/clang -x objective-c -ivfsstatcache /Users/khanghnguyen/Library/Developer/Xcode/DerivedData/SDKStatCaches.noindex/iphoneos26.2-23C57-3794476bd08197c3e2abd9bb477ef7f7.sdkstatcache -fmessage-length\=0 -fdiagnostics-show-note-include-stack -fmacro-backtrace-limit\=0 -fno-color-diagnostics -fmodules-prune-interval\=86400 -fmodules-prune-after\=345600 -fbuild-session-file\=/Users/khanghnguyen/Library/Developer/Xcode/DerivedData/ModuleCache.noindex/Session.modulevalidation -fmodules-validate-once-per-build-session -Wnon-modular-include-in-framework-module -Werror\=non-modular-include-in-framework-module -Wno-trigraphs -Wno-missing-field-initializers -Wno-missing-prototypes -Wno-return-type -Wno-implicit-atomic-properties -Wno-objc-interface-ivars -Wno-arc-repeated-use-of-weak -Wno-missing-braces -Wparentheses -Wswitch -Wno-unused-function -Wno-unused-label -Wno-unused-parameter -Wno-unused-variable -Wunused-value -Wno-empty-body -Wno-uninitialized -Wno-unknown-pragmas -w -Wno-shadow -Wno-four-char-constants -Wno-conversion -Wno-constant-conversion -Wno-int-conversion -Wno-bool-conversion -Wno-enum-conversion -Wno-float-conversion -Wno-non-literal-null-conversion -Wno-objc-literal-conversion -Wshorten-64-to-32 -Wpointer-sign -Wno-newline-eof -Wno-selector -Wno-strict-selector-match -Wno-undeclared-selector -Wno-deprecated-implementations -Wno-implicit-fallthrough -fstrict-aliasing -Wprotocol -Wdeprecated-declarations -Wno-sign-conversion -Wno-infinite-recursion -Wno-comma -Wno-block-capture-autoreleasing -Wno-strict-prototypes -Wno-semicolon-before-method-body -index-store-path /Users/khanghnguyen/Library/Developer/Xcode/DerivedData/Wishie-gavmeupfwiyxzhaiqkwzocyeeixy/Index.noindex/DataStore @/Users/khanghnguyen/Library/Developer/Xcode/DerivedData/Wishie-gavmeupfwiyxzhaiqkwzocyeeixy/Build/Intermediates.noindex/GoogleUtilities.build/Debug-iphoneos/GoogleUtilities-Environment.build/Objects-normal/arm64/e6072d4f65d7061329687fe24e3d63a7-common-args.resp -include /Users/khanghnguyen/Library/Developer/Xcode/DerivedData/Wishie-gavmeupfwiyxzhaiqkwzocyeeixy/Build/Intermediates.noindex/GoogleUtilities.build/Debug-iphoneos/GoogleUtilities-Environment.build/DerivedSources/resource_bundle_accessor.h -MMD -MT dependencies -MF /Users/khanghnguyen/Library/Developer/Xcode/DerivedData/Wishie-gavmeupfwiyxzhaiqkwzocyeeixy/Build/Intermediates.noindex/GoogleUtilities.build/Debug-iphoneos/GoogleUtilities-Environment.build/Objects-normal/arm64/resource_bundle_accessor.d --serialize-diagnostics /Users/khanghnguyen/Library/Developer/Xcode/DerivedData/Wishie-gavmeupfwiyxzhaiqkwzocyeeixy/Build/Intermediates.noindex/GoogleUtilities.build/Debug-iphoneos/GoogleUtilities-Environment.build/Objects-normal/arm64/resource_bundle_accessor.dia -c /Users/khanghnguyen/Library/Developer/Xcode/DerivedData/Wishie-gavmeupfwiyxzhaiqkwzocyeeixy/Build/Intermediates.noindex/GoogleUtilities.build/Debug-iphoneos/GoogleUtilities-Environment.build/DerivedSources/resource_bundle_accessor.m -o /Users/khanghnguyen/Library/Developer/Xcode/DerivedData/Wishie-gavmeupfwiyxzhaiqkwzocyeeixy/Build/Intermediates.noindex/GoogleUtilities.build/Debug-iphoneos/GoogleUtilities-Environment.build/Objects-normal/arm64/resource_bundle_accessor.o -index-unit-output-path /GoogleUtilities.build/Debug-iphoneos/GoogleUtilities-Environment.build/Objects-normal/arm64/resource_bundle_accessor.o

PrecompileModule /Users/khanghnguyen/Library/Developer/Xcode/DerivedData/Wishie-gavmeupfwiyxzhaiqkwzocyeeixy/Build/Intermediates.noindex/ExplicitPrecompiledModules/QuartzCore-9H38MEZYZW3C8CLGOUK1PFU3I.scan
    cd /
    builtin-precompileModule /Users/khanghnguyen/Library/Developer/Xcode/DerivedData/Wishie-gavmeupfwiyxzhaiqkwzocyeeixy/Build/Intermediates.noindex/ExplicitPrecompiledModules/QuartzCore-9H38MEZYZW3C8CLGOUK1PFU3I.scan

CompileC /Users/khanghnguyen/Library/Developer/Xcode/DerivedData/Wishie-gavmeupfwiyxzhaiqkwzocyeeixy/Build/Intermediates.noindex/GoogleUtilities.build/Debug-iphoneos/GoogleUtilities-Environment.build/Objects-normal/arm64/GULKeychainUtils.o /Users/khanghnguyen/Library/Developer/Xcode/DerivedData/Wishie-gavmeupfwiyxzhaiqkwzocyeeixy/SourcePackages/checkouts/GoogleUtilities/GoogleUtilities/Environment/SecureStorage/GULKeychainUtils.m normal arm64 objective-c com.apple.compilers.llvm.clang.1_0.compiler (in target 'GoogleUtilities-Environment' from project 'GoogleUtilities')
    cd /Users/khanghnguyen/Downloads/Wishie/Wishie.xcodeproj
    
    Using response file: /Users/khanghnguyen/Library/Developer/Xcode/DerivedData/Wishie-gavmeupfwiyxzhaiqkwzocyeeixy/Build/Intermediates.noindex/GoogleUtilities.build/Debug-iphoneos/GoogleUtilities-Environment.build/Objects-normal/arm64/e6072d4f65d7061329687fe24e3d63a7-common-args.resp
    
    /Applications/Xcode.app/Contents/Developer/Toolchains/XcodeDefault.xctoolchain/usr/bin/clang -x objective-c -ivfsstatcache /Users/khanghnguyen/Library/Developer/Xcode/DerivedData/SDKStatCaches.noindex/iphoneos26.2-23C57-3794476bd08197c3e2abd9bb477ef7f7.sdkstatcache -fmessage-length\=0 -fdiagnostics-show-note-include-stack -fmacro-backtrace-limit\=0 -fno-color-diagnostics -fmodules-prune-interval\=86400 -fmodules-prune-after\=345600 -fbuild-session-file\=/Users/khanghnguyen/Library/Developer/Xcode/DerivedData/ModuleCache.noindex/Session.modulevalidation -fmodules-validate-once-per-build-session -Wnon-modular-include-in-framework-module -Werror\=non-modular-include-in-framework-module -Wno-trigraphs -Wno-missing-field-initializers -Wno-missing-prototypes -Wno-return-type -Wno-implicit-atomic-properties -Wno-objc-interface-ivars -Wno-arc-repeated-use-of-weak -Wno-missing-braces -Wparentheses -Wswitch -Wno-unused-function -Wno-unused-label -Wno-unused-parameter -Wno-unused-variable -Wunused-value -Wno-empty-body -Wno-uninitialized -Wno-unknown-pragmas -w -Wno-shadow -Wno-four-char-constants -Wno-conversion -Wno-constant-conversion -Wno-int-conversion -Wno-bool-conversion -Wno-enum-conversion -Wno-float-conversion -Wno-non-literal-null-conversion -Wno-objc-literal-conversion -Wshorten-64-to-32 -Wpointer-sign -Wno-newline-eof -Wno-selector -Wno-strict-selector-match -Wno-undeclared-selector -Wno-deprecated-implementations -Wno-implicit-fallthrough -fstrict-aliasing -Wprotocol -Wdeprecated-declarations -Wno-sign-conversion -Wno-infinite-recursion -Wno-comma -Wno-block-capture-autoreleasing -Wno-strict-prototypes -Wno-semicolon-before-method-body -index-store-path /Users/khanghnguyen/Library/Developer/Xcode/DerivedData/Wishie-gavmeupfwiyxzhaiqkwzocyeeixy/Index.noindex/DataStore @/Users/khanghnguyen/Library/Developer/Xcode/DerivedData/Wishie-gavmeupfwiyxzhaiqkwzocyeeixy/Build/Intermediates.noindex/GoogleUtilities.build/Debug-iphoneos/GoogleUtilities-Environment.build/Objects-normal/arm64/e6072d4f65d7061329687fe24e3d63a7-common-args.resp -include /Users/khanghnguyen/Library/Developer/Xcode/DerivedData/Wishie-gavmeupfwiyxzhaiqkwzocyeeixy/Build/Intermediates.noindex/GoogleUtilities.build/Debug-iphoneos/GoogleUtilities-Environment.build/DerivedSources/resource_bundle_accessor.h -MMD -MT dependencies -MF /Users/khanghnguyen/Library/Developer/Xcode/DerivedData/Wishie-gavmeupfwiyxzhaiqkwzocyeeixy/Build/Intermediates.noindex/GoogleUtilities.build/Debug-iphoneos/GoogleUtilities-Environment.build/Objects-normal/arm64/GULKeychainUtils.d --serialize-diagnostics /Users/khanghnguyen/Library/Developer/Xcode/DerivedData/Wishie-gavmeupfwiyxzhaiqkwzocyeeixy/Build/Intermediates.noindex/GoogleUtilities.build/Debug-iphoneos/GoogleUtilities-Environment.build/Objects-normal/arm64/GULKeychainUtils.dia -c /Users/khanghnguyen/Library/Developer/Xcode/DerivedData/Wishie-gavmeupfwiyxzhaiqkwzocyeeixy/SourcePackages/checkouts/GoogleUtilities/GoogleUtilities/Environment/SecureStorage/GULKeychainUtils.m -o /Users/khanghnguyen/Library/Developer/Xcode/DerivedData/Wishie-gavmeupfwiyxzhaiqkwzocyeeixy/Build/Intermediates.noindex/GoogleUtilities.build/Debug-iphoneos/GoogleUtilities-Environment.build/Objects-normal/arm64/GULKeychainUtils.o -index-unit-output-path /GoogleUtilities.build/Debug-iphoneos/GoogleUtilities-Environment.build/Objects-normal/arm64/GULKeychainUtils.o

CompileC /Users/khanghnguyen/Library/Developer/Xcode/DerivedData/Wishie-gavmeupfwiyxzhaiqkwzocyeeixy/Build/Intermediates.noindex/GoogleUtilities.build/Debug-iphoneos/GoogleUtilities-Environment.build/Objects-normal/arm64/GULKeychainStorage.o /Users/khanghnguyen/Library/Developer/Xcode/DerivedData/Wishie-gavmeupfwiyxzhaiqkwzocyeeixy/SourcePackages/checkouts/GoogleUtilities/GoogleUtilities/Environment/SecureStorage/GULKeychainStorage.m normal arm64 objective-c com.apple.compilers.llvm.clang.1_0.compiler (in target 'GoogleUtilities-Environment' from project 'GoogleUtilities')
    cd /Users/khanghnguyen/Downloads/Wishie/Wishie.xcodeproj
    
    Using response file: /Users/khanghnguyen/Library/Developer/Xcode/DerivedData/Wishie-gavmeupfwiyxzhaiqkwzocyeeixy/Build/Intermediates.noindex/GoogleUtilities.build/Debug-iphoneos/GoogleUtilities-Environment.build/Objects-normal/arm64/e6072d4f65d7061329687fe24e3d63a7-common-args.resp
    
    /Applications/Xcode.app/Contents/Developer/Toolchains/XcodeDefault.xctoolchain/usr/bin/clang -x objective-c -ivfsstatcache /Users/khanghnguyen/Library/Developer/Xcode/DerivedData/SDKStatCaches.noindex/iphoneos26.2-23C57-3794476bd08197c3e2abd9bb477ef7f7.sdkstatcache -fmessage-length\=0 -fdiagnostics-show-note-include-stack -fmacro-backtrace-limit\=0 -fno-color-diagnostics -fmodules-prune-interval\=86400 -fmodules-prune-after\=345600 -fbuild-session-file\=/Users/khanghnguyen/Library/Developer/Xcode/DerivedData/ModuleCache.noindex/Session.modulevalidation -fmodules-validate-once-per-build-session -Wnon-modular-include-in-framework-module -Werror\=non-modular-include-in-framework-module -Wno-trigraphs -Wno-missing-field-initializers -Wno-missing-prototypes -Wno-return-type -Wno-implicit-atomic-properties -Wno-objc-interface-ivars -Wno-arc-repeated-use-of-weak -Wno-missing-braces -Wparentheses -Wswitch -Wno-unused-function -Wno-unused-label -Wno-unused-parameter -Wno-unused-variable -Wunused-value -Wno-empty-body -Wno-uninitialized -Wno-unknown-pragmas -w -Wno-shadow -Wno-four-char-constants -Wno-conversion -Wno-constant-conversion -Wno-int-conversion -Wno-bool-conversion -Wno-enum-conversion -Wno-float-conversion -Wno-non-literal-null-conversion -Wno-objc-literal-conversion -Wshorten-64-to-32 -Wpointer-sign -Wno-newline-eof -Wno-selector -Wno-strict-selector-match -Wno-undeclared-selector -Wno-deprecated-implementations -Wno-implicit-fallthrough -fstrict-aliasing -Wprotocol -Wdeprecated-declarations -Wno-sign-conversion -Wno-infinite-recursion -Wno-comma -Wno-block-capture-autoreleasing -Wno-strict-prototypes -Wno-semicolon-before-method-body -index-store-path /Users/khanghnguyen/Library/Developer/Xcode/DerivedData/Wishie-gavmeupfwiyxzhaiqkwzocyeeixy/Index.noindex/DataStore @/Users/khanghnguyen/Library/Developer/Xcode/DerivedData/Wishie-gavmeupfwiyxzhaiqkwzocyeeixy/Build/Intermediates.noindex/GoogleUtilities.build/Debug-iphoneos/GoogleUtilities-Environment.build/Objects-normal/arm64/e6072d4f65d7061329687fe24e3d63a7-common-args.resp -include /Users/khanghnguyen/Library/Developer/Xcode/DerivedData/Wishie-gavmeupfwiyxzhaiqkwzocyeeixy/Build/Intermediates.noindex/GoogleUtilities.build/Debug-iphoneos/GoogleUtilities-Environment.build/DerivedSources/resource_bundle_accessor.h -MMD -MT dependencies -MF /Users/khanghnguyen/Library/Developer/Xcode/DerivedData/Wishie-gavmeupfwiyxzhaiqkwzocyeeixy/Build/Intermediates.noindex/GoogleUtilities.build/Debug-iphoneos/GoogleUtilities-Environment.build/Objects-normal/arm64/GULKeychainStorage.d --serialize-diagnostics /Users/khanghnguyen/Library/Developer/Xcode/DerivedData/Wishie-gavmeupfwiyxzhaiqkwzocyeeixy/Build/Intermediates.noindex/GoogleUtilities.build/Debug-iphoneos/GoogleUtilities-Environment.build/Objects-normal/arm64/GULKeychainStorage.dia -c /Users/khanghnguyen/Library/Developer/Xcode/DerivedData/Wishie-gavmeupfwiyxzhaiqkwzocyeeixy/SourcePackages/checkouts/GoogleUtilities/GoogleUtilities/Environment/SecureStorage/GULKeychainStorage.m -o /Users/khanghnguyen/Library/Developer/Xcode/DerivedData/Wishie-gavmeupfwiyxzhaiqkwzocyeeixy/Build/Intermediates.noindex/GoogleUtilities.build/Debug-iphoneos/GoogleUtilities-Environment.build/Objects-normal/arm64/GULKeychainStorage.o -index-unit-output-path /GoogleUtilities.build/Debug-iphoneos/GoogleUtilities-Environment.build/Objects-normal/arm64/GULKeychainStorage.o

PrecompileModule /Users/khanghnguyen/Library/Developer/Xcode/DerivedData/Wishie-gavmeupfwiyxzhaiqkwzocyeeixy/Build/Intermediates.noindex/ExplicitPrecompiledModules/SystemConfiguration-7EFD5TBGSHJDZ1GJ1D6N34LCT.scan
    cd /
    builtin-precompileModule /Users/khanghnguyen/Library/Developer/Xcode/DerivedData/Wishie-gavmeupfwiyxzhaiqkwzocyeeixy/Build/Intermediates.noindex/ExplicitPrecompiledModules/SystemConfiguration-7EFD5TBGSHJDZ1GJ1D6N34LCT.scan

PrecompileModule /Users/khanghnguyen/Library/Developer/Xcode/DerivedData/Wishie-gavmeupfwiyxzhaiqkwzocyeeixy/Build/Intermediates.noindex/ExplicitPrecompiledModules/CoreTelephony-3G7SBRY40QHODWW451Z4XUW0.scan
    cd /
    builtin-precompileModule /Users/khanghnguyen/Library/Developer/Xcode/DerivedData/Wishie-gavmeupfwiyxzhaiqkwzocyeeixy/Build/Intermediates.noindex/ExplicitPrecompiledModules/CoreTelephony-3G7SBRY40QHODWW451Z4XUW0.scan

PrecompileModule /Users/khanghnguyen/Library/Developer/Xcode/DerivedData/Wishie-gavmeupfwiyxzhaiqkwzocyeeixy/Build/Intermediates.noindex/ExplicitPrecompiledModules/CoreImage-DALN9P3KFJIDCQH8JWJG9VXFY.scan
    cd /
    builtin-precompileModule /Users/khanghnguyen/Library/Developer/Xcode/DerivedData/Wishie-gavmeupfwiyxzhaiqkwzocyeeixy/Build/Intermediates.noindex/ExplicitPrecompiledModules/CoreImage-DALN9P3KFJIDCQH8JWJG9VXFY.scan

ScanDependencies /Users/khanghnguyen/Library/Developer/Xcode/DerivedData/Wishie-gavmeupfwiyxzhaiqkwzocyeeixy/Build/Intermediates.noindex/GoogleUtilities.build/Debug-iphoneos/GoogleUtilities-Environment.build/Objects-normal/arm64/GULAppEnvironmentUtil.o /Users/khanghnguyen/Library/Developer/Xcode/DerivedData/Wishie-gavmeupfwiyxzhaiqkwzocyeeixy/SourcePackages/checkouts/GoogleUtilities/GoogleUtilities/Environment/GULAppEnvironmentUtil.m normal arm64 objective-c com.apple.compilers.llvm.clang.1_0.compiler (in target 'GoogleUtilities-Environment' from project 'GoogleUtilities')
    cd /Users/khanghnguyen/Downloads/Wishie/Wishie.xcodeproj
    
    Using response file: /Users/khanghnguyen/Library/Developer/Xcode/DerivedData/Wishie-gavmeupfwiyxzhaiqkwzocyeeixy/Build/Intermediates.noindex/GoogleUtilities.build/Debug-iphoneos/GoogleUtilities-Environment.build/Objects-normal/arm64/e6072d4f65d7061329687fe24e3d63a7-common-args.resp
    
    builtin-ScanDependencies -o /Users/khanghnguyen/Library/Developer/Xcode/DerivedData/Wishie-gavmeupfwiyxzhaiqkwzocyeeixy/Build/Intermediates.noindex/GoogleUtilities.build/Debug-iphoneos/GoogleUtilities-Environment.build/Objects-normal/arm64/GULAppEnvironmentUtil.o.scan -- /Applications/Xcode.app/Contents/Developer/Toolchains/XcodeDefault.xctoolchain/usr/bin/clang -x objective-c -ivfsstatcache /Users/khanghnguyen/Library/Developer/Xcode/DerivedData/SDKStatCaches.noindex/iphoneos26.2-23C57-3794476bd08197c3e2abd9bb477ef7f7.sdkstatcache -fmessage-length\=0 -fdiagnostics-show-note-include-stack -fmacro-backtrace-limit\=0 -fno-color-diagnostics -fmodules-prune-interval\=86400 -fmodules-prune-after\=345600 -fbuild-session-file\=/Users/khanghnguyen/Library/Developer/Xcode/DerivedData/ModuleCache.noindex/Session.modulevalidation -fmodules-validate-once-per-build-session -Wnon-modular-include-in-framework-module -Werror\=non-modular-include-in-framework-module -Wno-trigraphs -Wno-missing-field-initializers -Wno-missing-prototypes -Wno-return-type -Wno-implicit-atomic-properties -Wno-objc-interface-ivars -Wno-arc-repeated-use-of-weak -Wno-missing-braces -Wparentheses -Wswitch -Wno-unused-function -Wno-unused-label -Wno-unused-parameter -Wno-unused-variable -Wunused-value -Wno-empty-body -Wno-uninitialized -Wno-unknown-pragmas -w -Wno-shadow -Wno-four-char-constants -Wno-conversion -Wno-constant-conversion -Wno-int-conversion -Wno-bool-conversion -Wno-enum-conversion -Wno-float-conversion -Wno-non-literal-null-conversion -Wno-objc-literal-conversion -Wshorten-64-to-32 -Wpointer-sign -Wno-newline-eof -Wno-selector -Wno-strict-selector-match -Wno-undeclared-selector -Wno-deprecated-implementations -Wno-implicit-fallthrough -fstrict-aliasing -Wprotocol -Wdeprecated-declarations -Wno-sign-conversion -Wno-infinite-recursion -Wno-comma -Wno-block-capture-autoreleasing -Wno-strict-prototypes -Wno-semicolon-before-method-body -index-store-path /Users/khanghnguyen/Library/Developer/Xcode/DerivedData/Wishie-gavmeupfwiyxzhaiqkwzocyeeixy/Index.noindex/DataStore @/Users/khanghnguyen/Library/Developer/Xcode/DerivedData/Wishie-gavmeupfwiyxzhaiqkwzocyeeixy/Build/Intermediates.noindex/GoogleUtilities.build/Debug-iphoneos/GoogleUtilities-Environment.build/Objects-normal/arm64/e6072d4f65d7061329687fe24e3d63a7-common-args.resp -include /Users/khanghnguyen/Library/Developer/Xcode/DerivedData/Wishie-gavmeupfwiyxzhaiqkwzocyeeixy/Build/Intermediates.noindex/GoogleUtilities.build/Debug-iphoneos/GoogleUtilities-Environment.build/DerivedSources/resource_bundle_accessor.h -MMD -MT dependencies -MF /Users/khanghnguyen/Library/Developer/Xcode/DerivedData/Wishie-gavmeupfwiyxzhaiqkwzocyeeixy/Build/Intermediates.noindex/GoogleUtilities.build/Debug-iphoneos/GoogleUtilities-Environment.build/Objects-normal/arm64/GULAppEnvironmentUtil.d --serialize-diagnostics /Users/khanghnguyen/Library/Developer/Xcode/DerivedData/Wishie-gavmeupfwiyxzhaiqkwzocyeeixy/Build/Intermediates.noindex/GoogleUtilities.build/Debug-iphoneos/GoogleUtilities-Environment.build/Objects-normal/arm64/GULAppEnvironmentUtil.dia -c /Users/khanghnguyen/Library/Developer/Xcode/DerivedData/Wishie-gavmeupfwiyxzhaiqkwzocyeeixy/SourcePackages/checkouts/GoogleUtilities/GoogleUtilities/Environment/GULAppEnvironmentUtil.m -o /Users/khanghnguyen/Library/Developer/Xcode/DerivedData/Wishie-gavmeupfwiyxzhaiqkwzocyeeixy/Build/Intermediates.noindex/GoogleUtilities.build/Debug-iphoneos/GoogleUtilities-Environment.build/Objects-normal/arm64/GULAppEnvironmentUtil.o -index-unit-output-path /GoogleUtilities.build/Debug-iphoneos/GoogleUtilities-Environment.build/Objects-normal/arm64/GULAppEnvironmentUtil.o

RegisterExecutionPolicyException /Users/khanghnguyen/Library/Developer/Xcode/DerivedData/Wishie-gavmeupfwiyxzhaiqkwzocyeeixy/Build/Products/Debug-iphoneos/leveldb.o (in target 'leveldb' from project 'leveldb')
    cd /Users/khanghnguyen/Library/Developer/Xcode/DerivedData/Wishie-gavmeupfwiyxzhaiqkwzocyeeixy/SourcePackages/checkouts/leveldb
    builtin-RegisterExecutionPolicyException /Users/khanghnguyen/Library/Developer/Xcode/DerivedData/Wishie-gavmeupfwiyxzhaiqkwzocyeeixy/Build/Products/Debug-iphoneos/leveldb.o

RegisterExecutionPolicyException /Users/khanghnguyen/Library/Developer/Xcode/DerivedData/Wishie-gavmeupfwiyxzhaiqkwzocyeeixy/Build/Products/Debug-iphoneos/SDWebImageSwiftUI_SDWebImageSwiftUI.bundle (in target 'SDWebImageSwiftUI_SDWebImageSwiftUI' from project 'SDWebImageSwiftUI')
    cd /Users/khanghnguyen/Library/Developer/Xcode/DerivedData/Wishie-gavmeupfwiyxzhaiqkwzocyeeixy/SourcePackages/checkouts/SDWebImageSwiftUI
    builtin-RegisterExecutionPolicyException /Users/khanghnguyen/Library/Developer/Xcode/DerivedData/Wishie-gavmeupfwiyxzhaiqkwzocyeeixy/Build/Products/Debug-iphoneos/SDWebImageSwiftUI_SDWebImageSwiftUI.bundle

Touch /Users/khanghnguyen/Library/Developer/Xcode/DerivedData/Wishie-gavmeupfwiyxzhaiqkwzocyeeixy/Build/Products/Debug-iphoneos/SDWebImageSwiftUI_SDWebImageSwiftUI.bundle (in target 'SDWebImageSwiftUI_SDWebImageSwiftUI' from project 'SDWebImageSwiftUI')
    cd /Users/khanghnguyen/Library/Developer/Xcode/DerivedData/Wishie-gavmeupfwiyxzhaiqkwzocyeeixy/SourcePackages/checkouts/SDWebImageSwiftUI
    /usr/bin/touch -c /Users/khanghnguyen/Library/Developer/Xcode/DerivedData/Wishie-gavmeupfwiyxzhaiqkwzocyeeixy/Build/Products/Debug-iphoneos/SDWebImageSwiftUI_SDWebImageSwiftUI.bundle

PrecompileModule /Users/khanghnguyen/Library/Developer/Xcode/DerivedData/Wishie-gavmeupfwiyxzhaiqkwzocyeeixy/Build/Intermediates.noindex/ExplicitPrecompiledModules/UIKit-27GEOB6D29LD61EPTILOZUXCK.scan
    cd /
    builtin-precompileModule /Users/khanghnguyen/Library/Developer/Xcode/DerivedData/Wishie-gavmeupfwiyxzhaiqkwzocyeeixy/Build/Intermediates.noindex/ExplicitPrecompiledModules/UIKit-27GEOB6D29LD61EPTILOZUXCK.scan

RegisterExecutionPolicyException /Users/khanghnguyen/Library/Developer/Xcode/DerivedData/Wishie-gavmeupfwiyxzhaiqkwzocyeeixy/Build/Products/Debug-iphoneos/opensslWrapper.o (in target 'opensslWrapper' from project 'gRPC')
    cd /Users/khanghnguyen/Library/Developer/Xcode/DerivedData/Wishie-gavmeupfwiyxzhaiqkwzocyeeixy/SourcePackages/checkouts/grpc-binary
    builtin-RegisterExecutionPolicyException /Users/khanghnguyen/Library/Developer/Xcode/DerivedData/Wishie-gavmeupfwiyxzhaiqkwzocyeeixy/Build/Products/Debug-iphoneos/opensslWrapper.o

ScanDependencies /Users/khanghnguyen/Library/Developer/Xcode/DerivedData/Wishie-gavmeupfwiyxzhaiqkwzocyeeixy/Build/Intermediates.noindex/abseil.build/Debug-iphoneos/abslWrapper.build/Objects-normal/arm64/resource_bundle_accessor.o /Users/khanghnguyen/Library/Developer/Xcode/DerivedData/Wishie-gavmeupfwiyxzhaiqkwzocyeeixy/Build/Intermediates.noindex/abseil.build/Debug-iphoneos/abslWrapper.build/DerivedSources/resource_bundle_accessor.m normal arm64 objective-c com.apple.compilers.llvm.clang.1_0.compiler (in target 'abslWrapper' from project 'abseil')
    cd /Users/khanghnguyen/Downloads/Wishie/Wishie.xcodeproj
    
    Using response file: /Users/khanghnguyen/Library/Developer/Xcode/DerivedData/Wishie-gavmeupfwiyxzhaiqkwzocyeeixy/Build/Intermediates.noindex/abseil.build/Debug-iphoneos/abslWrapper.build/Objects-normal/arm64/e6072d4f65d7061329687fe24e3d63a7-common-args.resp
    
    builtin-ScanDependencies -o /Users/khanghnguyen/Library/Developer/Xcode/DerivedData/Wishie-gavmeupfwiyxzhaiqkwzocyeeixy/Build/Intermediates.noindex/abseil.build/Debug-iphoneos/abslWrapper.build/Objects-normal/arm64/resource_bundle_accessor.o.scan -- /Applications/Xcode.app/Contents/Developer/Toolchains/XcodeDefault.xctoolchain/usr/bin/clang -x objective-c -ivfsstatcache /Users/khanghnguyen/Library/Developer/Xcode/DerivedData/SDKStatCaches.noindex/iphoneos26.2-23C57-3794476bd08197c3e2abd9bb477ef7f7.sdkstatcache -fmessage-length\=0 -fdiagnostics-show-note-include-stack -fmacro-backtrace-limit\=0 -fno-color-diagnostics -fmodules-prune-interval\=86400 -fmodules-prune-after\=345600 -fbuild-session-file\=/Users/khanghnguyen/Library/Developer/Xcode/DerivedData/ModuleCache.noindex/Session.modulevalidation -fmodules-validate-once-per-build-session -Wnon-modular-include-in-framework-module -Werror\=non-modular-include-in-framework-module -Wno-trigraphs -Wno-missing-field-initializers -Wno-missing-prototypes -Wno-return-type -Wno-implicit-atomic-properties -Wno-objc-interface-ivars -Wno-arc-repeated-use-of-weak -Wno-missing-braces -Wparentheses -Wswitch -Wno-unused-function -Wno-unused-label -Wno-unused-parameter -Wno-unused-variable -Wunused-value -Wno-empty-body -Wno-uninitialized -Wno-unknown-pragmas -w -Wno-shadow -Wno-four-char-constants -Wno-conversion -Wno-constant-conversion -Wno-int-conversion -Wno-bool-conversion -Wno-enum-conversion -Wno-float-conversion -Wno-non-literal-null-conversion -Wno-objc-literal-conversion -Wshorten-64-to-32 -Wpointer-sign -Wno-newline-eof -Wno-selector -Wno-strict-selector-match -Wno-undeclared-selector -Wno-deprecated-implementations -Wno-implicit-fallthrough -fstrict-aliasing -Wprotocol -Wdeprecated-declarations -Wno-sign-conversion -Wno-infinite-recursion -Wno-comma -Wno-block-capture-autoreleasing -Wno-strict-prototypes -Wno-semicolon-before-method-body -index-store-path /Users/khanghnguyen/Library/Developer/Xcode/DerivedData/Wishie-gavmeupfwiyxzhaiqkwzocyeeixy/Index.noindex/DataStore @/Users/khanghnguyen/Library/Developer/Xcode/DerivedData/Wishie-gavmeupfwiyxzhaiqkwzocyeeixy/Build/Intermediates.noindex/abseil.build/Debug-iphoneos/abslWrapper.build/Objects-normal/arm64/e6072d4f65d7061329687fe24e3d63a7-common-args.resp -include /Users/khanghnguyen/Library/Developer/Xcode/DerivedData/Wishie-gavmeupfwiyxzhaiqkwzocyeeixy/Build/Intermediates.noindex/abseil.build/Debug-iphoneos/abslWrapper.build/DerivedSources/resource_bundle_accessor.h -MMD -MT dependencies -MF /Users/khanghnguyen/Library/Developer/Xcode/DerivedData/Wishie-gavmeupfwiyxzhaiqkwzocyeeixy/Build/Intermediates.noindex/abseil.build/Debug-iphoneos/abslWrapper.build/Objects-normal/arm64/resource_bundle_accessor.d --serialize-diagnostics /Users/khanghnguyen/Library/Developer/Xcode/DerivedData/Wishie-gavmeupfwiyxzhaiqkwzocyeeixy/Build/Intermediates.noindex/abseil.build/Debug-iphoneos/abslWrapper.build/Objects-normal/arm64/resource_bundle_accessor.dia -c /Users/khanghnguyen/Library/Developer/Xcode/DerivedData/Wishie-gavmeupfwiyxzhaiqkwzocyeeixy/Build/Intermediates.noindex/abseil.build/Debug-iphoneos/abslWrapper.build/DerivedSources/resource_bundle_accessor.m -o /Users/khanghnguyen/Library/Developer/Xcode/DerivedData/Wishie-gavmeupfwiyxzhaiqkwzocyeeixy/Build/Intermediates.noindex/abseil.build/Debug-iphoneos/abslWrapper.build/Objects-normal/arm64/resource_bundle_accessor.o -index-unit-output-path /abseil.build/Debug-iphoneos/abslWrapper.build/Objects-normal/arm64/resource_bundle_accessor.o

ScanDependencies /Users/khanghnguyen/Library/Developer/Xcode/DerivedData/Wishie-gavmeupfwiyxzhaiqkwzocyeeixy/Build/Intermediates.noindex/abseil.build/Debug-iphoneos/abslWrapper.build/Objects-normal/arm64/empty.o /Users/khanghnguyen/Library/Developer/Xcode/DerivedData/Wishie-gavmeupfwiyxzhaiqkwzocyeeixy/SourcePackages/checkouts/abseil-cpp-binary/absl-Wrapper/empty.m normal arm64 objective-c com.apple.compilers.llvm.clang.1_0.compiler (in target 'abslWrapper' from project 'abseil')
    cd /Users/khanghnguyen/Downloads/Wishie/Wishie.xcodeproj
    
    Using response file: /Users/khanghnguyen/Library/Developer/Xcode/DerivedData/Wishie-gavmeupfwiyxzhaiqkwzocyeeixy/Build/Intermediates.noindex/abseil.build/Debug-iphoneos/abslWrapper.build/Objects-normal/arm64/e6072d4f65d7061329687fe24e3d63a7-common-args.resp
    
    builtin-ScanDependencies -o /Users/khanghnguyen/Library/Developer/Xcode/DerivedData/Wishie-gavmeupfwiyxzhaiqkwzocyeeixy/Build/Intermediates.noindex/abseil.build/Debug-iphoneos/abslWrapper.build/Objects-normal/arm64/empty.o.scan -- /Applications/Xcode.app/Contents/Developer/Toolchains/XcodeDefault.xctoolchain/usr/bin/clang -x objective-c -ivfsstatcache /Users/khanghnguyen/Library/Developer/Xcode/DerivedData/SDKStatCaches.noindex/iphoneos26.2-23C57-3794476bd08197c3e2abd9bb477ef7f7.sdkstatcache -fmessage-length\=0 -fdiagnostics-show-note-include-stack -fmacro-backtrace-limit\=0 -fno-color-diagnostics -fmodules-prune-interval\=86400 -fmodules-prune-after\=345600 -fbuild-session-file\=/Users/khanghnguyen/Library/Developer/Xcode/DerivedData/ModuleCache.noindex/Session.modulevalidation -fmodules-validate-once-per-build-session -Wnon-modular-include-in-framework-module -Werror\=non-modular-include-in-framework-module -Wno-trigraphs -Wno-missing-field-initializers -Wno-missing-prototypes -Wno-return-type -Wno-implicit-atomic-properties -Wno-objc-interface-ivars -Wno-arc-repeated-use-of-weak -Wno-missing-braces -Wparentheses -Wswitch -Wno-unused-function -Wno-unused-label -Wno-unused-parameter -Wno-unused-variable -Wunused-value -Wno-empty-body -Wno-uninitialized -Wno-unknown-pragmas -w -Wno-shadow -Wno-four-char-constants -Wno-conversion -Wno-constant-conversion -Wno-int-conversion -Wno-bool-conversion -Wno-enum-conversion -Wno-float-conversion -Wno-non-literal-null-conversion -Wno-objc-literal-conversion -Wshorten-64-to-32 -Wpointer-sign -Wno-newline-eof -Wno-selector -Wno-strict-selector-match -Wno-undeclared-selector -Wno-deprecated-implementations -Wno-implicit-fallthrough -fstrict-aliasing -Wprotocol -Wdeprecated-declarations -Wno-sign-conversion -Wno-infinite-recursion -Wno-comma -Wno-block-capture-autoreleasing -Wno-strict-prototypes -Wno-semicolon-before-method-body -index-store-path /Users/khanghnguyen/Library/Developer/Xcode/DerivedData/Wishie-gavmeupfwiyxzhaiqkwzocyeeixy/Index.noindex/DataStore @/Users/khanghnguyen/Library/Developer/Xcode/DerivedData/Wishie-gavmeupfwiyxzhaiqkwzocyeeixy/Build/Intermediates.noindex/abseil.build/Debug-iphoneos/abslWrapper.build/Objects-normal/arm64/e6072d4f65d7061329687fe24e3d63a7-common-args.resp -include /Users/khanghnguyen/Library/Developer/Xcode/DerivedData/Wishie-gavmeupfwiyxzhaiqkwzocyeeixy/Build/Intermediates.noindex/abseil.build/Debug-iphoneos/abslWrapper.build/DerivedSources/resource_bundle_accessor.h -MMD -MT dependencies -MF /Users/khanghnguyen/Library/Developer/Xcode/DerivedData/Wishie-gavmeupfwiyxzhaiqkwzocyeeixy/Build/Intermediates.noindex/abseil.build/Debug-iphoneos/abslWrapper.build/Objects-normal/arm64/empty.d --serialize-diagnostics /Users/khanghnguyen/Library/Developer/Xcode/DerivedData/Wishie-gavmeupfwiyxzhaiqkwzocyeeixy/Build/Intermediates.noindex/abseil.build/Debug-iphoneos/abslWrapper.build/Objects-normal/arm64/empty.dia -c /Users/khanghnguyen/Library/Developer/Xcode/DerivedData/Wishie-gavmeupfwiyxzhaiqkwzocyeeixy/SourcePackages/checkouts/abseil-cpp-binary/absl-Wrapper/empty.m -o /Users/khanghnguyen/Library/Developer/Xcode/DerivedData/Wishie-gavmeupfwiyxzhaiqkwzocyeeixy/Build/Intermediates.noindex/abseil.build/Debug-iphoneos/abslWrapper.build/Objects-normal/arm64/empty.o -index-unit-output-path /abseil.build/Debug-iphoneos/abslWrapper.build/Objects-normal/arm64/empty.o

CompileC /Users/khanghnguyen/Library/Developer/Xcode/DerivedData/Wishie-gavmeupfwiyxzhaiqkwzocyeeixy/Build/Intermediates.noindex/GoogleUtilities.build/Debug-iphoneos/GoogleUtilities-Environment.build/Objects-normal/arm64/GULNetworkInfo.o /Users/khanghnguyen/Library/Developer/Xcode/DerivedData/Wishie-gavmeupfwiyxzhaiqkwzocyeeixy/SourcePackages/checkouts/GoogleUtilities/GoogleUtilities/Environment/NetworkInfo/GULNetworkInfo.m normal arm64 objective-c com.apple.compilers.llvm.clang.1_0.compiler (in target 'GoogleUtilities-Environment' from project 'GoogleUtilities')
    cd /Users/khanghnguyen/Downloads/Wishie/Wishie.xcodeproj
    
    Using response file: /Users/khanghnguyen/Library/Developer/Xcode/DerivedData/Wishie-gavmeupfwiyxzhaiqkwzocyeeixy/Build/Intermediates.noindex/GoogleUtilities.build/Debug-iphoneos/GoogleUtilities-Environment.build/Objects-normal/arm64/e6072d4f65d7061329687fe24e3d63a7-common-args.resp
    
    /Applications/Xcode.app/Contents/Developer/Toolchains/XcodeDefault.xctoolchain/usr/bin/clang -x objective-c -ivfsstatcache /Users/khanghnguyen/Library/Developer/Xcode/DerivedData/SDKStatCaches.noindex/iphoneos26.2-23C57-3794476bd08197c3e2abd9bb477ef7f7.sdkstatcache -fmessage-length\=0 -fdiagnostics-show-note-include-stack -fmacro-backtrace-limit\=0 -fno-color-diagnostics -fmodules-prune-interval\=86400 -fmodules-prune-after\=345600 -fbuild-session-file\=/Users/khanghnguyen/Library/Developer/Xcode/DerivedData/ModuleCache.noindex/Session.modulevalidation -fmodules-validate-once-per-build-session -Wnon-modular-include-in-framework-module -Werror\=non-modular-include-in-framework-module -Wno-trigraphs -Wno-missing-field-initializers -Wno-missing-prototypes -Wno-return-type -Wno-implicit-atomic-properties -Wno-objc-interface-ivars -Wno-arc-repeated-use-of-weak -Wno-missing-braces -Wparentheses -Wswitch -Wno-unused-function -Wno-unused-label -Wno-unused-parameter -Wno-unused-variable -Wunused-value -Wno-empty-body -Wno-uninitialized -Wno-unknown-pragmas -w -Wno-shadow -Wno-four-char-constants -Wno-conversion -Wno-constant-conversion -Wno-int-conversion -Wno-bool-conversion -Wno-enum-conversion -Wno-float-conversion -Wno-non-literal-null-conversion -Wno-objc-literal-conversion -Wshorten-64-to-32 -Wpointer-sign -Wno-newline-eof -Wno-selector -Wno-strict-selector-match -Wno-undeclared-selector -Wno-deprecated-implementations -Wno-implicit-fallthrough -fstrict-aliasing -Wprotocol -Wdeprecated-declarations -Wno-sign-conversion -Wno-infinite-recursion -Wno-comma -Wno-block-capture-autoreleasing -Wno-strict-prototypes -Wno-semicolon-before-method-body -index-store-path /Users/khanghnguyen/Library/Developer/Xcode/DerivedData/Wishie-gavmeupfwiyxzhaiqkwzocyeeixy/Index.noindex/DataStore @/Users/khanghnguyen/Library/Developer/Xcode/DerivedData/Wishie-gavmeupfwiyxzhaiqkwzocyeeixy/Build/Intermediates.noindex/GoogleUtilities.build/Debug-iphoneos/GoogleUtilities-Environment.build/Objects-normal/arm64/e6072d4f65d7061329687fe24e3d63a7-common-args.resp -include /Users/khanghnguyen/Library/Developer/Xcode/DerivedData/Wishie-gavmeupfwiyxzhaiqkwzocyeeixy/Build/Intermediates.noindex/GoogleUtilities.build/Debug-iphoneos/GoogleUtilities-Environment.build/DerivedSources/resource_bundle_accessor.h -MMD -MT dependencies -MF /Users/khanghnguyen/Library/Developer/Xcode/DerivedData/Wishie-gavmeupfwiyxzhaiqkwzocyeeixy/Build/Intermediates.noindex/GoogleUtilities.build/Debug-iphoneos/GoogleUtilities-Environment.build/Objects-normal/arm64/GULNetworkInfo.d --serialize-diagnostics /Users/khanghnguyen/Library/Developer/Xcode/DerivedData/Wishie-gavmeupfwiyxzhaiqkwzocyeeixy/Build/Intermediates.noindex/GoogleUtilities.build/Debug-iphoneos/GoogleUtilities-Environment.build/Objects-normal/arm64/GULNetworkInfo.dia -c /Users/khanghnguyen/Library/Developer/Xcode/DerivedData/Wishie-gavmeupfwiyxzhaiqkwzocyeeixy/SourcePackages/checkouts/GoogleUtilities/GoogleUtilities/Environment/NetworkInfo/GULNetworkInfo.m -o /Users/khanghnguyen/Library/Developer/Xcode/DerivedData/Wishie-gavmeupfwiyxzhaiqkwzocyeeixy/Build/Intermediates.noindex/GoogleUtilities.build/Debug-iphoneos/GoogleUtilities-Environment.build/Objects-normal/arm64/GULNetworkInfo.o -index-unit-output-path /GoogleUtilities.build/Debug-iphoneos/GoogleUtilities-Environment.build/Objects-normal/arm64/GULNetworkInfo.o

PrecompileModule /Users/khanghnguyen/Library/Developer/Xcode/DerivedData/Wishie-gavmeupfwiyxzhaiqkwzocyeeixy/Build/Intermediates.noindex/ExplicitPrecompiledModules/third_party_IsAppEncrypted-7FFTNUTPRHMFG7E7OL9B04GRY.scan
    cd /
    builtin-precompileModule /Users/khanghnguyen/Library/Developer/Xcode/DerivedData/Wishie-gavmeupfwiyxzhaiqkwzocyeeixy/Build/Intermediates.noindex/ExplicitPrecompiledModules/third_party_IsAppEncrypted-7FFTNUTPRHMFG7E7OL9B04GRY.scan

PrecompileModule /Users/khanghnguyen/Library/Developer/Xcode/DerivedData/Wishie-gavmeupfwiyxzhaiqkwzocyeeixy/Build/Intermediates.noindex/ExplicitPrecompiledModules/UIUtilities-6GITZOFSUHSWAHRTHGVQES5GL.scan
    cd /
    builtin-precompileModule /Users/khanghnguyen/Library/Developer/Xcode/DerivedData/Wishie-gavmeupfwiyxzhaiqkwzocyeeixy/Build/Intermediates.noindex/ExplicitPrecompiledModules/UIUtilities-6GITZOFSUHSWAHRTHGVQES5GL.scan

Ld /Users/khanghnguyen/Library/Developer/Xcode/DerivedData/Wishie-gavmeupfwiyxzhaiqkwzocyeeixy/Build/Products/Debug-iphoneos/Crypto.o normal (in target 'Crypto' from project 'swift-crypto')
    cd /Users/khanghnguyen/Library/Developer/Xcode/DerivedData/Wishie-gavmeupfwiyxzhaiqkwzocyeeixy/SourcePackages/checkouts/swift-crypto
    /Applications/Xcode.app/Contents/Developer/Toolchains/XcodeDefault.xctoolchain/usr/bin/clang -Xlinker -reproducible -target arm64-apple-ios12.0 -r -isysroot /Applications/Xcode.app/Contents/Developer/Platforms/iPhoneOS.platform/Developer/SDKs/iPhoneOS26.2.sdk -O0 -w -L/Users/khanghnguyen/Library/Developer/Xcode/DerivedData/Wishie-gavmeupfwiyxzhaiqkwzocyeeixy/Build/Intermediates.noindex/EagerLinkingTBDs/Debug-iphoneos -L/Users/khanghnguyen/Library/Developer/Xcode/DerivedData/Wishie-gavmeupfwiyxzhaiqkwzocyeeixy/Build/Products/Debug-iphoneos -L/Applications/Xcode.app/Contents/Developer/Platforms/iPhoneOS.platform/Developer/usr/lib -F/Users/khanghnguyen/Library/Developer/Xcode/DerivedData/Wishie-gavmeupfwiyxzhaiqkwzocyeeixy/Build/Intermediates.noindex/EagerLinkingTBDs/Debug-iphoneos -F/Users/khanghnguyen/Library/Developer/Xcode/DerivedData/Wishie-gavmeupfwiyxzhaiqkwzocyeeixy/Build/Products/Debug-iphoneos -iframework /Applications/Xcode.app/Contents/Developer/Platforms/iPhoneOS.platform/Developer/Library/Frameworks -iframework /Applications/Xcode.app/Contents/Developer/Platforms/iPhoneOS.platform/Developer/SDKs/iPhoneOS26.2.sdk/Developer/Library/Frameworks -filelist /Users/khanghnguyen/Library/Developer/Xcode/DerivedData/Wishie-gavmeupfwiyxzhaiqkwzocyeeixy/Build/Intermediates.noindex/swift-crypto.build/Debug-iphoneos/Crypto.build/Objects-normal/arm64/Crypto.LinkFileList -nostdlib -Xlinker -object_path_lto -Xlinker /Users/khanghnguyen/Library/Developer/Xcode/DerivedData/Wishie-gavmeupfwiyxzhaiqkwzocyeeixy/Build/Intermediates.noindex/swift-crypto.build/Debug-iphoneos/Crypto.build/Objects-normal/arm64/Crypto_lto.o -rdynamic -Xlinker -no_deduplicate -Xlinker -debug_variant -Xlinker -dependency_info -Xlinker /Users/khanghnguyen/Library/Developer/Xcode/DerivedData/Wishie-gavmeupfwiyxzhaiqkwzocyeeixy/Build/Intermediates.noindex/swift-crypto.build/Debug-iphoneos/Crypto.build/Objects-normal/arm64/Crypto_dependency_info.dat -fobjc-link-runtime -L/Applications/Xcode.app/Contents/Developer/Toolchains/XcodeDefault.xctoolchain/usr/lib/swift/iphoneos -L/usr/lib/swift -Xlinker -add_ast_path -Xlinker /Users/khanghnguyen/Library/Developer/Xcode/DerivedData/Wishie-gavmeupfwiyxzhaiqkwzocyeeixy/Build/Intermediates.noindex/swift-crypto.build/Debug-iphoneos/Crypto.build/Objects-normal/arm64/Crypto.swiftmodule @/Users/khanghnguyen/Library/Developer/Xcode/DerivedData/Wishie-gavmeupfwiyxzhaiqkwzocyeeixy/Build/Intermediates.noindex/swift-crypto.build/Debug-iphoneos/Crypto.build/Objects-normal/arm64/Crypto-linker-args.resp -o /Users/khanghnguyen/Library/Developer/Xcode/DerivedData/Wishie-gavmeupfwiyxzhaiqkwzocyeeixy/Build/Products/Debug-iphoneos/Crypto.o

Ld /Users/khanghnguyen/Library/Developer/Xcode/DerivedData/Wishie-gavmeupfwiyxzhaiqkwzocyeeixy/Build/Products/Debug-iphoneos/ConcurrencyExtras.o normal (in target 'ConcurrencyExtras' from project 'swift-concurrency-extras')
    cd /Users/khanghnguyen/Library/Developer/Xcode/DerivedData/Wishie-gavmeupfwiyxzhaiqkwzocyeeixy/SourcePackages/checkouts/swift-concurrency-extras
    /Applications/Xcode.app/Contents/Developer/Toolchains/XcodeDefault.xctoolchain/usr/bin/clang -Xlinker -reproducible -target arm64-apple-ios13.0 -r -isysroot /Applications/Xcode.app/Contents/Developer/Platforms/iPhoneOS.platform/Developer/SDKs/iPhoneOS26.2.sdk -O0 -w -L/Users/khanghnguyen/Library/Developer/Xcode/DerivedData/Wishie-gavmeupfwiyxzhaiqkwzocyeeixy/Build/Intermediates.noindex/EagerLinkingTBDs/Debug-iphoneos -L/Users/khanghnguyen/Library/Developer/Xcode/DerivedData/Wishie-gavmeupfwiyxzhaiqkwzocyeeixy/Build/Products/Debug-iphoneos -L/Applications/Xcode.app/Contents/Developer/Platforms/iPhoneOS.platform/Developer/usr/lib -F/Users/khanghnguyen/Library/Developer/Xcode/DerivedData/Wishie-gavmeupfwiyxzhaiqkwzocyeeixy/Build/Intermediates.noindex/EagerLinkingTBDs/Debug-iphoneos -F/Users/khanghnguyen/Library/Developer/Xcode/DerivedData/Wishie-gavmeupfwiyxzhaiqkwzocyeeixy/Build/Products/Debug-iphoneos -iframework /Applications/Xcode.app/Contents/Developer/Platforms/iPhoneOS.platform/Developer/Library/Frameworks -iframework /Applications/Xcode.app/Contents/Developer/Platforms/iPhoneOS.platform/Developer/SDKs/iPhoneOS26.2.sdk/Developer/Library/Frameworks -filelist /Users/khanghnguyen/Library/Developer/Xcode/DerivedData/Wishie-gavmeupfwiyxzhaiqkwzocyeeixy/Build/Intermediates.noindex/swift-concurrency-extras.build/Debug-iphoneos/ConcurrencyExtras.build/Objects-normal/arm64/ConcurrencyExtras.LinkFileList -nostdlib -Xlinker -object_path_lto -Xlinker /Users/khanghnguyen/Library/Developer/Xcode/DerivedData/Wishie-gavmeupfwiyxzhaiqkwzocyeeixy/Build/Intermediates.noindex/swift-concurrency-extras.build/Debug-iphoneos/ConcurrencyExtras.build/Objects-normal/arm64/ConcurrencyExtras_lto.o -rdynamic -Xlinker -no_deduplicate -Xlinker -debug_variant -Xlinker -dependency_info -Xlinker /Users/khanghnguyen/Library/Developer/Xcode/DerivedData/Wishie-gavmeupfwiyxzhaiqkwzocyeeixy/Build/Intermediates.noindex/swift-concurrency-extras.build/Debug-iphoneos/ConcurrencyExtras.build/Objects-normal/arm64/ConcurrencyExtras_dependency_info.dat -fobjc-link-runtime -L/Applications/Xcode.app/Contents/Developer/Toolchains/XcodeDefault.xctoolchain/usr/lib/swift/iphoneos -L/usr/lib/swift -Xlinker -add_ast_path -Xlinker /Users/khanghnguyen/Library/Developer/Xcode/DerivedData/Wishie-gavmeupfwiyxzhaiqkwzocyeeixy/Build/Intermediates.noindex/swift-concurrency-extras.build/Debug-iphoneos/ConcurrencyExtras.build/Objects-normal/arm64/ConcurrencyExtras.swiftmodule @/Users/khanghnguyen/Library/Developer/Xcode/DerivedData/Wishie-gavmeupfwiyxzhaiqkwzocyeeixy/Build/Intermediates.noindex/swift-concurrency-extras.build/Debug-iphoneos/ConcurrencyExtras.build/Objects-normal/arm64/ConcurrencyExtras-linker-args.resp -o /Users/khanghnguyen/Library/Developer/Xcode/DerivedData/Wishie-gavmeupfwiyxzhaiqkwzocyeeixy/Build/Products/Debug-iphoneos/ConcurrencyExtras.o

SwiftExplicitDependencyGeneratePcm arm64 /Users/khanghnguyen/Library/Developer/Xcode/DerivedData/Wishie-gavmeupfwiyxzhaiqkwzocyeeixy/Build/Intermediates.noindex/SwiftExplicitPrecompiledModules/SDWebImage-CQO3B3FVZFPMRA26YX3MXQU6U.pcm

PrecompileModule /Users/khanghnguyen/Library/Developer/Xcode/DerivedData/Wishie-gavmeupfwiyxzhaiqkwzocyeeixy/Build/Intermediates.noindex/ExplicitPrecompiledModules/CoreGraphics-AQQKFI3J2AYTB4SUDZ6GW9ON4.scan
    cd /
    builtin-precompileModule /Users/khanghnguyen/Library/Developer/Xcode/DerivedData/Wishie-gavmeupfwiyxzhaiqkwzocyeeixy/Build/Intermediates.noindex/ExplicitPrecompiledModules/CoreGraphics-AQQKFI3J2AYTB4SUDZ6GW9ON4.scan

PrecompileModule /Users/khanghnguyen/Library/Developer/Xcode/DerivedData/Wishie-gavmeupfwiyxzhaiqkwzocyeeixy/Build/Intermediates.noindex/ExplicitPrecompiledModules/IOSurface-2QM9DKAQJ5O6KZOH31177PMRC.scan
    cd /
    builtin-precompileModule /Users/khanghnguyen/Library/Developer/Xcode/DerivedData/Wishie-gavmeupfwiyxzhaiqkwzocyeeixy/Build/Intermediates.noindex/ExplicitPrecompiledModules/IOSurface-2QM9DKAQJ5O6KZOH31177PMRC.scan

PrecompileModule /Users/khanghnguyen/Library/Developer/Xcode/DerivedData/Wishie-gavmeupfwiyxzhaiqkwzocyeeixy/Build/Intermediates.noindex/ExplicitPrecompiledModules/Symbols-30Q61XGBTPG8F3MT52D3EV5KU.scan
    cd /
    builtin-precompileModule /Users/khanghnguyen/Library/Developer/Xcode/DerivedData/Wishie-gavmeupfwiyxzhaiqkwzocyeeixy/Build/Intermediates.noindex/ExplicitPrecompiledModules/Symbols-30Q61XGBTPG8F3MT52D3EV5KU.scan

PrecompileModule /Users/khanghnguyen/Library/Developer/Xcode/DerivedData/Wishie-gavmeupfwiyxzhaiqkwzocyeeixy/Build/Intermediates.noindex/ExplicitPrecompiledModules/Metal-713L31BJ6F3WVRD6EFQNQ4W95.scan
    cd /
    builtin-precompileModule /Users/khanghnguyen/Library/Developer/Xcode/DerivedData/Wishie-gavmeupfwiyxzhaiqkwzocyeeixy/Build/Intermediates.noindex/ExplicitPrecompiledModules/Metal-713L31BJ6F3WVRD6EFQNQ4W95.scan

CompileC /Users/khanghnguyen/Library/Developer/Xcode/DerivedData/Wishie-gavmeupfwiyxzhaiqkwzocyeeixy/Build/Intermediates.noindex/abseil.build/Debug-iphoneos/abslWrapper.build/Objects-normal/arm64/empty.o /Users/khanghnguyen/Library/Developer/Xcode/DerivedData/Wishie-gavmeupfwiyxzhaiqkwzocyeeixy/SourcePackages/checkouts/abseil-cpp-binary/absl-Wrapper/empty.m normal arm64 objective-c com.apple.compilers.llvm.clang.1_0.compiler (in target 'abslWrapper' from project 'abseil')
    cd /Users/khanghnguyen/Downloads/Wishie/Wishie.xcodeproj
    
    Using response file: /Users/khanghnguyen/Library/Developer/Xcode/DerivedData/Wishie-gavmeupfwiyxzhaiqkwzocyeeixy/Build/Intermediates.noindex/abseil.build/Debug-iphoneos/abslWrapper.build/Objects-normal/arm64/e6072d4f65d7061329687fe24e3d63a7-common-args.resp
    
    /Applications/Xcode.app/Contents/Developer/Toolchains/XcodeDefault.xctoolchain/usr/bin/clang -x objective-c -ivfsstatcache /Users/khanghnguyen/Library/Developer/Xcode/DerivedData/SDKStatCaches.noindex/iphoneos26.2-23C57-3794476bd08197c3e2abd9bb477ef7f7.sdkstatcache -fmessage-length\=0 -fdiagnostics-show-note-include-stack -fmacro-backtrace-limit\=0 -fno-color-diagnostics -fmodules-prune-interval\=86400 -fmodules-prune-after\=345600 -fbuild-session-file\=/Users/khanghnguyen/Library/Developer/Xcode/DerivedData/ModuleCache.noindex/Session.modulevalidation -fmodules-validate-once-per-build-session -Wnon-modular-include-in-framework-module -Werror\=non-modular-include-in-framework-module -Wno-trigraphs -Wno-missing-field-initializers -Wno-missing-prototypes -Wno-return-type -Wno-implicit-atomic-properties -Wno-objc-interface-ivars -Wno-arc-repeated-use-of-weak -Wno-missing-braces -Wparentheses -Wswitch -Wno-unused-function -Wno-unused-label -Wno-unused-parameter -Wno-unused-variable -Wunused-value -Wno-empty-body -Wno-uninitialized -Wno-unknown-pragmas -w -Wno-shadow -Wno-four-char-constants -Wno-conversion -Wno-constant-conversion -Wno-int-conversion -Wno-bool-conversion -Wno-enum-conversion -Wno-float-conversion -Wno-non-literal-null-conversion -Wno-objc-literal-conversion -Wshorten-64-to-32 -Wpointer-sign -Wno-newline-eof -Wno-selector -Wno-strict-selector-match -Wno-undeclared-selector -Wno-deprecated-implementations -Wno-implicit-fallthrough -fstrict-aliasing -Wprotocol -Wdeprecated-declarations -Wno-sign-conversion -Wno-infinite-recursion -Wno-comma -Wno-block-capture-autoreleasing -Wno-strict-prototypes -Wno-semicolon-before-method-body -index-store-path /Users/khanghnguyen/Library/Developer/Xcode/DerivedData/Wishie-gavmeupfwiyxzhaiqkwzocyeeixy/Index.noindex/DataStore @/Users/khanghnguyen/Library/Developer/Xcode/DerivedData/Wishie-gavmeupfwiyxzhaiqkwzocyeeixy/Build/Intermediates.noindex/abseil.build/Debug-iphoneos/abslWrapper.build/Objects-normal/arm64/e6072d4f65d7061329687fe24e3d63a7-common-args.resp -include /Users/khanghnguyen/Library/Developer/Xcode/DerivedData/Wishie-gavmeupfwiyxzhaiqkwzocyeeixy/Build/Intermediates.noindex/abseil.build/Debug-iphoneos/abslWrapper.build/DerivedSources/resource_bundle_accessor.h -MMD -MT dependencies -MF /Users/khanghnguyen/Library/Developer/Xcode/DerivedData/Wishie-gavmeupfwiyxzhaiqkwzocyeeixy/Build/Intermediates.noindex/abseil.build/Debug-iphoneos/abslWrapper.build/Objects-normal/arm64/empty.d --serialize-diagnostics /Users/khanghnguyen/Library/Developer/Xcode/DerivedData/Wishie-gavmeupfwiyxzhaiqkwzocyeeixy/Build/Intermediates.noindex/abseil.build/Debug-iphoneos/abslWrapper.build/Objects-normal/arm64/empty.dia -c /Users/khanghnguyen/Library/Developer/Xcode/DerivedData/Wishie-gavmeupfwiyxzhaiqkwzocyeeixy/SourcePackages/checkouts/abseil-cpp-binary/absl-Wrapper/empty.m -o /Users/khanghnguyen/Library/Developer/Xcode/DerivedData/Wishie-gavmeupfwiyxzhaiqkwzocyeeixy/Build/Intermediates.noindex/abseil.build/Debug-iphoneos/abslWrapper.build/Objects-normal/arm64/empty.o -index-unit-output-path /abseil.build/Debug-iphoneos/abslWrapper.build/Objects-normal/arm64/empty.o

CompileC /Users/khanghnguyen/Library/Developer/Xcode/DerivedData/Wishie-gavmeupfwiyxzhaiqkwzocyeeixy/Build/Intermediates.noindex/abseil.build/Debug-iphoneos/abslWrapper.build/Objects-normal/arm64/resource_bundle_accessor.o /Users/khanghnguyen/Library/Developer/Xcode/DerivedData/Wishie-gavmeupfwiyxzhaiqkwzocyeeixy/Build/Intermediates.noindex/abseil.build/Debug-iphoneos/abslWrapper.build/DerivedSources/resource_bundle_accessor.m normal arm64 objective-c com.apple.compilers.llvm.clang.1_0.compiler (in target 'abslWrapper' from project 'abseil')
    cd /Users/khanghnguyen/Downloads/Wishie/Wishie.xcodeproj
    
    Using response file: /Users/khanghnguyen/Library/Developer/Xcode/DerivedData/Wishie-gavmeupfwiyxzhaiqkwzocyeeixy/Build/Intermediates.noindex/abseil.build/Debug-iphoneos/abslWrapper.build/Objects-normal/arm64/e6072d4f65d7061329687fe24e3d63a7-common-args.resp
    
    /Applications/Xcode.app/Contents/Developer/Toolchains/XcodeDefault.xctoolchain/usr/bin/clang -x objective-c -ivfsstatcache /Users/khanghnguyen/Library/Developer/Xcode/DerivedData/SDKStatCaches.noindex/iphoneos26.2-23C57-3794476bd08197c3e2abd9bb477ef7f7.sdkstatcache -fmessage-length\=0 -fdiagnostics-show-note-include-stack -fmacro-backtrace-limit\=0 -fno-color-diagnostics -fmodules-prune-interval\=86400 -fmodules-prune-after\=345600 -fbuild-session-file\=/Users/khanghnguyen/Library/Developer/Xcode/DerivedData/ModuleCache.noindex/Session.modulevalidation -fmodules-validate-once-per-build-session -Wnon-modular-include-in-framework-module -Werror\=non-modular-include-in-framework-module -Wno-trigraphs -Wno-missing-field-initializers -Wno-missing-prototypes -Wno-return-type -Wno-implicit-atomic-properties -Wno-objc-interface-ivars -Wno-arc-repeated-use-of-weak -Wno-missing-braces -Wparentheses -Wswitch -Wno-unused-function -Wno-unused-label -Wno-unused-parameter -Wno-unused-variable -Wunused-value -Wno-empty-body -Wno-uninitialized -Wno-unknown-pragmas -w -Wno-shadow -Wno-four-char-constants -Wno-conversion -Wno-constant-conversion -Wno-int-conversion -Wno-bool-conversion -Wno-enum-conversion -Wno-float-conversion -Wno-non-literal-null-conversion -Wno-objc-literal-conversion -Wshorten-64-to-32 -Wpointer-sign -Wno-newline-eof -Wno-selector -Wno-strict-selector-match -Wno-undeclared-selector -Wno-deprecated-implementations -Wno-implicit-fallthrough -fstrict-aliasing -Wprotocol -Wdeprecated-declarations -Wno-sign-conversion -Wno-infinite-recursion -Wno-comma -Wno-block-capture-autoreleasing -Wno-strict-prototypes -Wno-semicolon-before-method-body -index-store-path /Users/khanghnguyen/Library/Developer/Xcode/DerivedData/Wishie-gavmeupfwiyxzhaiqkwzocyeeixy/Index.noindex/DataStore @/Users/khanghnguyen/Library/Developer/Xcode/DerivedData/Wishie-gavmeupfwiyxzhaiqkwzocyeeixy/Build/Intermediates.noindex/abseil.build/Debug-iphoneos/abslWrapper.build/Objects-normal/arm64/e6072d4f65d7061329687fe24e3d63a7-common-args.resp -include /Users/khanghnguyen/Library/Developer/Xcode/DerivedData/Wishie-gavmeupfwiyxzhaiqkwzocyeeixy/Build/Intermediates.noindex/abseil.build/Debug-iphoneos/abslWrapper.build/DerivedSources/resource_bundle_accessor.h -MMD -MT dependencies -MF /Users/khanghnguyen/Library/Developer/Xcode/DerivedData/Wishie-gavmeupfwiyxzhaiqkwzocyeeixy/Build/Intermediates.noindex/abseil.build/Debug-iphoneos/abslWrapper.build/Objects-normal/arm64/resource_bundle_accessor.d --serialize-diagnostics /Users/khanghnguyen/Library/Developer/Xcode/DerivedData/Wishie-gavmeupfwiyxzhaiqkwzocyeeixy/Build/Intermediates.noindex/abseil.build/Debug-iphoneos/abslWrapper.build/Objects-normal/arm64/resource_bundle_accessor.dia -c /Users/khanghnguyen/Library/Developer/Xcode/DerivedData/Wishie-gavmeupfwiyxzhaiqkwzocyeeixy/Build/Intermediates.noindex/abseil.build/Debug-iphoneos/abslWrapper.build/DerivedSources/resource_bundle_accessor.m -o /Users/khanghnguyen/Library/Developer/Xcode/DerivedData/Wishie-gavmeupfwiyxzhaiqkwzocyeeixy/Build/Intermediates.noindex/abseil.build/Debug-iphoneos/abslWrapper.build/Objects-normal/arm64/resource_bundle_accessor.o -index-unit-output-path /abseil.build/Debug-iphoneos/abslWrapper.build/Objects-normal/arm64/resource_bundle_accessor.o

PrecompileModule /Users/khanghnguyen/Library/Developer/Xcode/DerivedData/Wishie-gavmeupfwiyxzhaiqkwzocyeeixy/Build/Intermediates.noindex/ExplicitPrecompiledModules/ImageIO-7L34AW8MYAS6T7KON673JGJIX.scan
    cd /
    builtin-precompileModule /Users/khanghnguyen/Library/Developer/Xcode/DerivedData/Wishie-gavmeupfwiyxzhaiqkwzocyeeixy/Build/Intermediates.noindex/ExplicitPrecompiledModules/ImageIO-7L34AW8MYAS6T7KON673JGJIX.scan

PrecompileModule /Users/khanghnguyen/Library/Developer/Xcode/DerivedData/Wishie-gavmeupfwiyxzhaiqkwzocyeeixy/Build/Intermediates.noindex/ExplicitPrecompiledModules/OpenGLES-E35U51J7FG8SCYYYJX00HK2ZV.scan
    cd /
    builtin-precompileModule /Users/khanghnguyen/Library/Developer/Xcode/DerivedData/Wishie-gavmeupfwiyxzhaiqkwzocyeeixy/Build/Intermediates.noindex/ExplicitPrecompiledModules/OpenGLES-E35U51J7FG8SCYYYJX00HK2ZV.scan

PrecompileModule /Users/khanghnguyen/Library/Developer/Xcode/DerivedData/Wishie-gavmeupfwiyxzhaiqkwzocyeeixy/Build/Intermediates.noindex/ExplicitPrecompiledModules/UserNotifications-ALXIY7I2GTCOBQLQ4A9M1EE7G.scan
    cd /
    builtin-precompileModule /Users/khanghnguyen/Library/Developer/Xcode/DerivedData/Wishie-gavmeupfwiyxzhaiqkwzocyeeixy/Build/Intermediates.noindex/ExplicitPrecompiledModules/UserNotifications-ALXIY7I2GTCOBQLQ4A9M1EE7G.scan

Ld /Users/khanghnguyen/Library/Developer/Xcode/DerivedData/Wishie-gavmeupfwiyxzhaiqkwzocyeeixy/Build/Products/Debug-iphoneos/abslWrapper.o normal (in target 'abslWrapper' from project 'abseil')
    cd /Users/khanghnguyen/Library/Developer/Xcode/DerivedData/Wishie-gavmeupfwiyxzhaiqkwzocyeeixy/SourcePackages/checkouts/abseil-cpp-binary
    /Applications/Xcode.app/Contents/Developer/Toolchains/XcodeDefault.xctoolchain/usr/bin/clang -Xlinker -reproducible -target arm64-apple-ios12.0 -r -isysroot /Applications/Xcode.app/Contents/Developer/Platforms/iPhoneOS.platform/Developer/SDKs/iPhoneOS26.2.sdk -O0 -w -L/Users/khanghnguyen/Library/Developer/Xcode/DerivedData/Wishie-gavmeupfwiyxzhaiqkwzocyeeixy/Build/Intermediates.noindex/EagerLinkingTBDs/Debug-iphoneos -L/Users/khanghnguyen/Library/Developer/Xcode/DerivedData/Wishie-gavmeupfwiyxzhaiqkwzocyeeixy/Build/Products/Debug-iphoneos -L/Applications/Xcode.app/Contents/Developer/Platforms/iPhoneOS.platform/Developer/usr/lib -F/Users/khanghnguyen/Library/Developer/Xcode/DerivedData/Wishie-gavmeupfwiyxzhaiqkwzocyeeixy/Build/Intermediates.noindex/EagerLinkingTBDs/Debug-iphoneos -F/Users/khanghnguyen/Library/Developer/Xcode/DerivedData/Wishie-gavmeupfwiyxzhaiqkwzocyeeixy/Build/Products/Debug-iphoneos -iframework /Applications/Xcode.app/Contents/Developer/Platforms/iPhoneOS.platform/Developer/Library/Frameworks -iframework /Applications/Xcode.app/Contents/Developer/Platforms/iPhoneOS.platform/Developer/SDKs/iPhoneOS26.2.sdk/Developer/Library/Frameworks -filelist /Users/khanghnguyen/Library/Developer/Xcode/DerivedData/Wishie-gavmeupfwiyxzhaiqkwzocyeeixy/Build/Intermediates.noindex/abseil.build/Debug-iphoneos/abslWrapper.build/Objects-normal/arm64/abslWrapper.LinkFileList -nostdlib -Xlinker -object_path_lto -Xlinker /Users/khanghnguyen/Library/Developer/Xcode/DerivedData/Wishie-gavmeupfwiyxzhaiqkwzocyeeixy/Build/Intermediates.noindex/abseil.build/Debug-iphoneos/abslWrapper.build/Objects-normal/arm64/abslWrapper_lto.o -rdynamic -Xlinker -no_deduplicate -Xlinker -debug_variant -Xlinker -dependency_info -Xlinker /Users/khanghnguyen/Library/Developer/Xcode/DerivedData/Wishie-gavmeupfwiyxzhaiqkwzocyeeixy/Build/Intermediates.noindex/abseil.build/Debug-iphoneos/abslWrapper.build/Objects-normal/arm64/abslWrapper_dependency_info.dat -fobjc-arc -fobjc-link-runtime -o /Users/khanghnguyen/Library/Developer/Xcode/DerivedData/Wishie-gavmeupfwiyxzhaiqkwzocyeeixy/Build/Products/Debug-iphoneos/abslWrapper.o

SwiftEmitModule normal arm64 Emitting\ module\ for\ SDWebImageSwiftUI (in target 'SDWebImageSwiftUI' from project 'SDWebImageSwiftUI')

EmitSwiftModule normal arm64 (in target 'SDWebImageSwiftUI' from project 'SDWebImageSwiftUI')
    cd /Users/khanghnguyen/Downloads/Wishie/Wishie.xcodeproj
    

PrecompileModule /Users/khanghnguyen/Library/Developer/Xcode/DerivedData/Wishie-gavmeupfwiyxzhaiqkwzocyeeixy/Build/Intermediates.noindex/ExplicitPrecompiledModules/FileProvider-1HRGKOOOAMNVZYQK1HISBIYNG.scan
    cd /
    builtin-precompileModule /Users/khanghnguyen/Library/Developer/Xcode/DerivedData/Wishie-gavmeupfwiyxzhaiqkwzocyeeixy/Build/Intermediates.noindex/ExplicitPrecompiledModules/FileProvider-1HRGKOOOAMNVZYQK1HISBIYNG.scan

PrecompileModule /Users/khanghnguyen/Library/Developer/Xcode/DerivedData/Wishie-gavmeupfwiyxzhaiqkwzocyeeixy/Build/Intermediates.noindex/ExplicitPrecompiledModules/CoreText-5VKYAQQAO30BBFM4TT6R6PSF.scan
    cd /
    builtin-precompileModule /Users/khanghnguyen/Library/Developer/Xcode/DerivedData/Wishie-gavmeupfwiyxzhaiqkwzocyeeixy/Build/Intermediates.noindex/ExplicitPrecompiledModules/CoreText-5VKYAQQAO30BBFM4TT6R6PSF.scan

PrecompileModule /Users/khanghnguyen/Library/Developer/Xcode/DerivedData/Wishie-gavmeupfwiyxzhaiqkwzocyeeixy/Build/Intermediates.noindex/ExplicitPrecompiledModules/CoreVideo-D4N7CJFI04WIHSAPN7JXVC8DT.scan
    cd /
    builtin-precompileModule /Users/khanghnguyen/Library/Developer/Xcode/DerivedData/Wishie-gavmeupfwiyxzhaiqkwzocyeeixy/Build/Intermediates.noindex/ExplicitPrecompiledModules/CoreVideo-D4N7CJFI04WIHSAPN7JXVC8DT.scan

SwiftCompile normal arm64 Compiling\ Indicator.swift /Users/khanghnguyen/Library/Developer/Xcode/DerivedData/Wishie-gavmeupfwiyxzhaiqkwzocyeeixy/SourcePackages/checkouts/SDWebImageSwiftUI/SDWebImageSwiftUI/Classes/Indicator/Indicator.swift (in target 'SDWebImageSwiftUI' from project 'SDWebImageSwiftUI')

SwiftCompile normal arm64 /Users/khanghnguyen/Library/Developer/Xcode/DerivedData/Wishie-gavmeupfwiyxzhaiqkwzocyeeixy/SourcePackages/checkouts/SDWebImageSwiftUI/SDWebImageSwiftUI/Classes/Indicator/Indicator.swift (in target 'SDWebImageSwiftUI' from project 'SDWebImageSwiftUI')
    cd /Users/khanghnguyen/Downloads/Wishie/Wishie.xcodeproj
    

SwiftCompile normal arm64 Compiling\ Transition.swift /Users/khanghnguyen/Library/Developer/Xcode/DerivedData/Wishie-gavmeupfwiyxzhaiqkwzocyeeixy/SourcePackages/checkouts/SDWebImageSwiftUI/SDWebImageSwiftUI/Classes/Transition/Transition.swift (in target 'SDWebImageSwiftUI' from project 'SDWebImageSwiftUI')

SwiftCompile normal arm64 /Users/khanghnguyen/Library/Developer/Xcode/DerivedData/Wishie-gavmeupfwiyxzhaiqkwzocyeeixy/SourcePackages/checkouts/SDWebImageSwiftUI/SDWebImageSwiftUI/Classes/Transition/Transition.swift (in target 'SDWebImageSwiftUI' from project 'SDWebImageSwiftUI')
    cd /Users/khanghnguyen/Downloads/Wishie/Wishie.xcodeproj
    

SwiftCompile normal arm64 Compiling\ ImagePlayer.swift /Users/khanghnguyen/Library/Developer/Xcode/DerivedData/Wishie-gavmeupfwiyxzhaiqkwzocyeeixy/SourcePackages/checkouts/SDWebImageSwiftUI/SDWebImageSwiftUI/Classes/ImagePlayer.swift (in target 'SDWebImageSwiftUI' from project 'SDWebImageSwiftUI')

SwiftCompile normal arm64 /Users/khanghnguyen/Library/Developer/Xcode/DerivedData/Wishie-gavmeupfwiyxzhaiqkwzocyeeixy/SourcePackages/checkouts/SDWebImageSwiftUI/SDWebImageSwiftUI/Classes/ImagePlayer.swift (in target 'SDWebImageSwiftUI' from project 'SDWebImageSwiftUI')
    cd /Users/khanghnguyen/Downloads/Wishie/Wishie.xcodeproj
    

CompileC /Users/khanghnguyen/Library/Developer/Xcode/DerivedData/Wishie-gavmeupfwiyxzhaiqkwzocyeeixy/Build/Intermediates.noindex/GTMSessionFetcher.build/Debug-iphoneos/GTMSessionFetcherCore.build/Objects-normal/arm64/GTMSessionUploadFetcher.o /Users/khanghnguyen/Library/Developer/Xcode/DerivedData/Wishie-gavmeupfwiyxzhaiqkwzocyeeixy/SourcePackages/checkouts/gtm-session-fetcher/Sources/Core/GTMSessionUploadFetcher.m normal arm64 objective-c com.apple.compilers.llvm.clang.1_0.compiler (in target 'GTMSessionFetcherCore' from project 'GTMSessionFetcher')
    cd /Users/khanghnguyen/Downloads/Wishie/Wishie.xcodeproj
    
    Using response file: /Users/khanghnguyen/Library/Developer/Xcode/DerivedData/Wishie-gavmeupfwiyxzhaiqkwzocyeeixy/Build/Intermediates.noindex/GTMSessionFetcher.build/Debug-iphoneos/GTMSessionFetcherCore.build/Objects-normal/arm64/e6072d4f65d7061329687fe24e3d63a7-common-args.resp
    
    /Applications/Xcode.app/Contents/Developer/Toolchains/XcodeDefault.xctoolchain/usr/bin/clang -x objective-c -ivfsstatcache /Users/khanghnguyen/Library/Developer/Xcode/DerivedData/SDKStatCaches.noindex/iphoneos26.2-23C57-3794476bd08197c3e2abd9bb477ef7f7.sdkstatcache -fmessage-length\=0 -fdiagnostics-show-note-include-stack -fmacro-backtrace-limit\=0 -fno-color-diagnostics -fmodules-prune-interval\=86400 -fmodules-prune-after\=345600 -fbuild-session-file\=/Users/khanghnguyen/Library/Developer/Xcode/DerivedData/ModuleCache.noindex/Session.modulevalidation -fmodules-validate-once-per-build-session -Wnon-modular-include-in-framework-module -Werror\=non-modular-include-in-framework-module -Wno-trigraphs -Wno-missing-field-initializers -Wno-missing-prototypes -Wno-return-type -Wno-implicit-atomic-properties -Wno-objc-interface-ivars -Wno-arc-repeated-use-of-weak -Wno-missing-braces -Wparentheses -Wswitch -Wno-unused-function -Wno-unused-label -Wno-unused-parameter -Wno-unused-variable -Wunused-value -Wno-empty-body -Wno-uninitialized -Wno-unknown-pragmas -w -Wno-shadow -Wno-four-char-constants -Wno-conversion -Wno-constant-conversion -Wno-int-conversion -Wno-bool-conversion -Wno-enum-conversion -Wno-float-conversion -Wno-non-literal-null-conversion -Wno-objc-literal-conversion -Wshorten-64-to-32 -Wpointer-sign -Wno-newline-eof -Wno-selector -Wno-strict-selector-match -Wno-undeclared-selector -Wno-deprecated-implementations -Wno-implicit-fallthrough -fstrict-aliasing -Wprotocol -Wdeprecated-declarations -Wno-sign-conversion -Wno-infinite-recursion -Wno-comma -Wno-block-capture-autoreleasing -Wno-strict-prototypes -Wno-semicolon-before-method-body -index-store-path /Users/khanghnguyen/Library/Developer/Xcode/DerivedData/Wishie-gavmeupfwiyxzhaiqkwzocyeeixy/Index.noindex/DataStore @/Users/khanghnguyen/Library/Developer/Xcode/DerivedData/Wishie-gavmeupfwiyxzhaiqkwzocyeeixy/Build/Intermediates.noindex/GTMSessionFetcher.build/Debug-iphoneos/GTMSessionFetcherCore.build/Objects-normal/arm64/e6072d4f65d7061329687fe24e3d63a7-common-args.resp -include /Users/khanghnguyen/Library/Developer/Xcode/DerivedData/Wishie-gavmeupfwiyxzhaiqkwzocyeeixy/Build/Intermediates.noindex/GTMSessionFetcher.build/Debug-iphoneos/GTMSessionFetcherCore.build/DerivedSources/resource_bundle_accessor.h -MMD -MT dependencies -MF /Users/khanghnguyen/Library/Developer/Xcode/DerivedData/Wishie-gavmeupfwiyxzhaiqkwzocyeeixy/Build/Intermediates.noindex/GTMSessionFetcher.build/Debug-iphoneos/GTMSessionFetcherCore.build/Objects-normal/arm64/GTMSessionUploadFetcher.d --serialize-diagnostics /Users/khanghnguyen/Library/Developer/Xcode/DerivedData/Wishie-gavmeupfwiyxzhaiqkwzocyeeixy/Build/Intermediates.noindex/GTMSessionFetcher.build/Debug-iphoneos/GTMSessionFetcherCore.build/Objects-normal/arm64/GTMSessionUploadFetcher.dia -c /Users/khanghnguyen/Library/Developer/Xcode/DerivedData/Wishie-gavmeupfwiyxzhaiqkwzocyeeixy/SourcePackages/checkouts/gtm-session-fetcher/Sources/Core/GTMSessionUploadFetcher.m -o /Users/khanghnguyen/Library/Developer/Xcode/DerivedData/Wishie-gavmeupfwiyxzhaiqkwzocyeeixy/Build/Intermediates.noindex/GTMSessionFetcher.build/Debug-iphoneos/GTMSessionFetcherCore.build/Objects-normal/arm64/GTMSessionUploadFetcher.o -index-unit-output-path /GTMSessionFetcher.build/Debug-iphoneos/GTMSessionFetcherCore.build/Objects-normal/arm64/GTMSessionUploadFetcher.o

CompileC /Users/khanghnguyen/Library/Developer/Xcode/DerivedData/Wishie-gavmeupfwiyxzhaiqkwzocyeeixy/Build/Intermediates.noindex/GTMSessionFetcher.build/Debug-iphoneos/GTMSessionFetcherCore.build/Objects-normal/arm64/GTMSessionFetcherService.o /Users/khanghnguyen/Library/Developer/Xcode/DerivedData/Wishie-gavmeupfwiyxzhaiqkwzocyeeixy/SourcePackages/checkouts/gtm-session-fetcher/Sources/Core/GTMSessionFetcherService.m normal arm64 objective-c com.apple.compilers.llvm.clang.1_0.compiler (in target 'GTMSessionFetcherCore' from project 'GTMSessionFetcher')
    cd /Users/khanghnguyen/Downloads/Wishie/Wishie.xcodeproj
    
    Using response file: /Users/khanghnguyen/Library/Developer/Xcode/DerivedData/Wishie-gavmeupfwiyxzhaiqkwzocyeeixy/Build/Intermediates.noindex/GTMSessionFetcher.build/Debug-iphoneos/GTMSessionFetcherCore.build/Objects-normal/arm64/e6072d4f65d7061329687fe24e3d63a7-common-args.resp
    
    /Applications/Xcode.app/Contents/Developer/Toolchains/XcodeDefault.xctoolchain/usr/bin/clang -x objective-c -ivfsstatcache /Users/khanghnguyen/Library/Developer/Xcode/DerivedData/SDKStatCaches.noindex/iphoneos26.2-23C57-3794476bd08197c3e2abd9bb477ef7f7.sdkstatcache -fmessage-length\=0 -fdiagnostics-show-note-include-stack -fmacro-backtrace-limit\=0 -fno-color-diagnostics -fmodules-prune-interval\=86400 -fmodules-prune-after\=345600 -fbuild-session-file\=/Users/khanghnguyen/Library/Developer/Xcode/DerivedData/ModuleCache.noindex/Session.modulevalidation -fmodules-validate-once-per-build-session -Wnon-modular-include-in-framework-module -Werror\=non-modular-include-in-framework-module -Wno-trigraphs -Wno-missing-field-initializers -Wno-missing-prototypes -Wno-return-type -Wno-implicit-atomic-properties -Wno-objc-interface-ivars -Wno-arc-repeated-use-of-weak -Wno-missing-braces -Wparentheses -Wswitch -Wno-unused-function -Wno-unused-label -Wno-unused-parameter -Wno-unused-variable -Wunused-value -Wno-empty-body -Wno-uninitialized -Wno-unknown-pragmas -w -Wno-shadow -Wno-four-char-constants -Wno-conversion -Wno-constant-conversion -Wno-int-conversion -Wno-bool-conversion -Wno-enum-conversion -Wno-float-conversion -Wno-non-literal-null-conversion -Wno-objc-literal-conversion -Wshorten-64-to-32 -Wpointer-sign -Wno-newline-eof -Wno-selector -Wno-strict-selector-match -Wno-undeclared-selector -Wno-deprecated-implementations -Wno-implicit-fallthrough -fstrict-aliasing -Wprotocol -Wdeprecated-declarations -Wno-sign-conversion -Wno-infinite-recursion -Wno-comma -Wno-block-capture-autoreleasing -Wno-strict-prototypes -Wno-semicolon-before-method-body -index-store-path /Users/khanghnguyen/Library/Developer/Xcode/DerivedData/Wishie-gavmeupfwiyxzhaiqkwzocyeeixy/Index.noindex/DataStore @/Users/khanghnguyen/Library/Developer/Xcode/DerivedData/Wishie-gavmeupfwiyxzhaiqkwzocyeeixy/Build/Intermediates.noindex/GTMSessionFetcher.build/Debug-iphoneos/GTMSessionFetcherCore.build/Objects-normal/arm64/e6072d4f65d7061329687fe24e3d63a7-common-args.resp -include /Users/khanghnguyen/Library/Developer/Xcode/DerivedData/Wishie-gavmeupfwiyxzhaiqkwzocyeeixy/Build/Intermediates.noindex/GTMSessionFetcher.build/Debug-iphoneos/GTMSessionFetcherCore.build/DerivedSources/resource_bundle_accessor.h -MMD -MT dependencies -MF /Users/khanghnguyen/Library/Developer/Xcode/DerivedData/Wishie-gavmeupfwiyxzhaiqkwzocyeeixy/Build/Intermediates.noindex/GTMSessionFetcher.build/Debug-iphoneos/GTMSessionFetcherCore.build/Objects-normal/arm64/GTMSessionFetcherService.d --serialize-diagnostics /Users/khanghnguyen/Library/Developer/Xcode/DerivedData/Wishie-gavmeupfwiyxzhaiqkwzocyeeixy/Build/Intermediates.noindex/GTMSessionFetcher.build/Debug-iphoneos/GTMSessionFetcherCore.build/Objects-normal/arm64/GTMSessionFetcherService.dia -c /Users/khanghnguyen/Library/Developer/Xcode/DerivedData/Wishie-gavmeupfwiyxzhaiqkwzocyeeixy/SourcePackages/checkouts/gtm-session-fetcher/Sources/Core/GTMSessionFetcherService.m -o /Users/khanghnguyen/Library/Developer/Xcode/DerivedData/Wishie-gavmeupfwiyxzhaiqkwzocyeeixy/Build/Intermediates.noindex/GTMSessionFetcher.build/Debug-iphoneos/GTMSessionFetcherCore.build/Objects-normal/arm64/GTMSessionFetcherService.o -index-unit-output-path /GTMSessionFetcher.build/Debug-iphoneos/GTMSessionFetcherCore.build/Objects-normal/arm64/GTMSessionFetcherService.o

CompileC /Users/khanghnguyen/Library/Developer/Xcode/DerivedData/Wishie-gavmeupfwiyxzhaiqkwzocyeeixy/Build/Intermediates.noindex/GTMSessionFetcher.build/Debug-iphoneos/GTMSessionFetcherCore.build/Objects-normal/arm64/GTMSessionFetcherLogging.o /Users/khanghnguyen/Library/Developer/Xcode/DerivedData/Wishie-gavmeupfwiyxzhaiqkwzocyeeixy/SourcePackages/checkouts/gtm-session-fetcher/Sources/Core/GTMSessionFetcherLogging.m normal arm64 objective-c com.apple.compilers.llvm.clang.1_0.compiler (in target 'GTMSessionFetcherCore' from project 'GTMSessionFetcher')
    cd /Users/khanghnguyen/Downloads/Wishie/Wishie.xcodeproj
    
    Using response file: /Users/khanghnguyen/Library/Developer/Xcode/DerivedData/Wishie-gavmeupfwiyxzhaiqkwzocyeeixy/Build/Intermediates.noindex/GTMSessionFetcher.build/Debug-iphoneos/GTMSessionFetcherCore.build/Objects-normal/arm64/e6072d4f65d7061329687fe24e3d63a7-common-args.resp
    
    /Applications/Xcode.app/Contents/Developer/Toolchains/XcodeDefault.xctoolchain/usr/bin/clang -x objective-c -ivfsstatcache /Users/khanghnguyen/Library/Developer/Xcode/DerivedData/SDKStatCaches.noindex/iphoneos26.2-23C57-3794476bd08197c3e2abd9bb477ef7f7.sdkstatcache -fmessage-length\=0 -fdiagnostics-show-note-include-stack -fmacro-backtrace-limit\=0 -fno-color-diagnostics -fmodules-prune-interval\=86400 -fmodules-prune-after\=345600 -fbuild-session-file\=/Users/khanghnguyen/Library/Developer/Xcode/DerivedData/ModuleCache.noindex/Session.modulevalidation -fmodules-validate-once-per-build-session -Wnon-modular-include-in-framework-module -Werror\=non-modular-include-in-framework-module -Wno-trigraphs -Wno-missing-field-initializers -Wno-missing-prototypes -Wno-return-type -Wno-implicit-atomic-properties -Wno-objc-interface-ivars -Wno-arc-repeated-use-of-weak -Wno-missing-braces -Wparentheses -Wswitch -Wno-unused-function -Wno-unused-label -Wno-unused-parameter -Wno-unused-variable -Wunused-value -Wno-empty-body -Wno-uninitialized -Wno-unknown-pragmas -w -Wno-shadow -Wno-four-char-constants -Wno-conversion -Wno-constant-conversion -Wno-int-conversion -Wno-bool-conversion -Wno-enum-conversion -Wno-float-conversion -Wno-non-literal-null-conversion -Wno-objc-literal-conversion -Wshorten-64-to-32 -Wpointer-sign -Wno-newline-eof -Wno-selector -Wno-strict-selector-match -Wno-undeclared-selector -Wno-deprecated-implementations -Wno-implicit-fallthrough -fstrict-aliasing -Wprotocol -Wdeprecated-declarations -Wno-sign-conversion -Wno-infinite-recursion -Wno-comma -Wno-block-capture-autoreleasing -Wno-strict-prototypes -Wno-semicolon-before-method-body -index-store-path /Users/khanghnguyen/Library/Developer/Xcode/DerivedData/Wishie-gavmeupfwiyxzhaiqkwzocyeeixy/Index.noindex/DataStore @/Users/khanghnguyen/Library/Developer/Xcode/DerivedData/Wishie-gavmeupfwiyxzhaiqkwzocyeeixy/Build/Intermediates.noindex/GTMSessionFetcher.build/Debug-iphoneos/GTMSessionFetcherCore.build/Objects-normal/arm64/e6072d4f65d7061329687fe24e3d63a7-common-args.resp -include /Users/khanghnguyen/Library/Developer/Xcode/DerivedData/Wishie-gavmeupfwiyxzhaiqkwzocyeeixy/Build/Intermediates.noindex/GTMSessionFetcher.build/Debug-iphoneos/GTMSessionFetcherCore.build/DerivedSources/resource_bundle_accessor.h -MMD -MT dependencies -MF /Users/khanghnguyen/Library/Developer/Xcode/DerivedData/Wishie-gavmeupfwiyxzhaiqkwzocyeeixy/Build/Intermediates.noindex/GTMSessionFetcher.build/Debug-iphoneos/GTMSessionFetcherCore.build/Objects-normal/arm64/GTMSessionFetcherLogging.d --serialize-diagnostics /Users/khanghnguyen/Library/Developer/Xcode/DerivedData/Wishie-gavmeupfwiyxzhaiqkwzocyeeixy/Build/Intermediates.noindex/GTMSessionFetcher.build/Debug-iphoneos/GTMSessionFetcherCore.build/Objects-normal/arm64/GTMSessionFetcherLogging.dia -c /Users/khanghnguyen/Library/Developer/Xcode/DerivedData/Wishie-gavmeupfwiyxzhaiqkwzocyeeixy/SourcePackages/checkouts/gtm-session-fetcher/Sources/Core/GTMSessionFetcherLogging.m -o /Users/khanghnguyen/Library/Developer/Xcode/DerivedData/Wishie-gavmeupfwiyxzhaiqkwzocyeeixy/Build/Intermediates.noindex/GTMSessionFetcher.build/Debug-iphoneos/GTMSessionFetcherCore.build/Objects-normal/arm64/GTMSessionFetcherLogging.o -index-unit-output-path /GTMSessionFetcher.build/Debug-iphoneos/GTMSessionFetcherCore.build/Objects-normal/arm64/GTMSessionFetcherLogging.o

CompileC /Users/khanghnguyen/Library/Developer/Xcode/DerivedData/Wishie-gavmeupfwiyxzhaiqkwzocyeeixy/Build/Intermediates.noindex/GTMSessionFetcher.build/Debug-iphoneos/GTMSessionFetcherCore.build/Objects-normal/arm64/GTMSessionFetcher.o /Users/khanghnguyen/Library/Developer/Xcode/DerivedData/Wishie-gavmeupfwiyxzhaiqkwzocyeeixy/SourcePackages/checkouts/gtm-session-fetcher/Sources/Core/GTMSessionFetcher.m normal arm64 objective-c com.apple.compilers.llvm.clang.1_0.compiler (in target 'GTMSessionFetcherCore' from project 'GTMSessionFetcher')
    cd /Users/khanghnguyen/Downloads/Wishie/Wishie.xcodeproj
    
    Using response file: /Users/khanghnguyen/Library/Developer/Xcode/DerivedData/Wishie-gavmeupfwiyxzhaiqkwzocyeeixy/Build/Intermediates.noindex/GTMSessionFetcher.build/Debug-iphoneos/GTMSessionFetcherCore.build/Objects-normal/arm64/e6072d4f65d7061329687fe24e3d63a7-common-args.resp
    
    /Applications/Xcode.app/Contents/Developer/Toolchains/XcodeDefault.xctoolchain/usr/bin/clang -x objective-c -ivfsstatcache /Users/khanghnguyen/Library/Developer/Xcode/DerivedData/SDKStatCaches.noindex/iphoneos26.2-23C57-3794476bd08197c3e2abd9bb477ef7f7.sdkstatcache -fmessage-length\=0 -fdiagnostics-show-note-include-stack -fmacro-backtrace-limit\=0 -fno-color-diagnostics -fmodules-prune-interval\=86400 -fmodules-prune-after\=345600 -fbuild-session-file\=/Users/khanghnguyen/Library/Developer/Xcode/DerivedData/ModuleCache.noindex/Session.modulevalidation -fmodules-validate-once-per-build-session -Wnon-modular-include-in-framework-module -Werror\=non-modular-include-in-framework-module -Wno-trigraphs -Wno-missing-field-initializers -Wno-missing-prototypes -Wno-return-type -Wno-implicit-atomic-properties -Wno-objc-interface-ivars -Wno-arc-repeated-use-of-weak -Wno-missing-braces -Wparentheses -Wswitch -Wno-unused-function -Wno-unused-label -Wno-unused-parameter -Wno-unused-variable -Wunused-value -Wno-empty-body -Wno-uninitialized -Wno-unknown-pragmas -w -Wno-shadow -Wno-four-char-constants -Wno-conversion -Wno-constant-conversion -Wno-int-conversion -Wno-bool-conversion -Wno-enum-conversion -Wno-float-conversion -Wno-non-literal-null-conversion -Wno-objc-literal-conversion -Wshorten-64-to-32 -Wpointer-sign -Wno-newline-eof -Wno-selector -Wno-strict-selector-match -Wno-undeclared-selector -Wno-deprecated-implementations -Wno-implicit-fallthrough -fstrict-aliasing -Wprotocol -Wdeprecated-declarations -Wno-sign-conversion -Wno-infinite-recursion -Wno-comma -Wno-block-capture-autoreleasing -Wno-strict-prototypes -Wno-semicolon-before-method-body -index-store-path /Users/khanghnguyen/Library/Developer/Xcode/DerivedData/Wishie-gavmeupfwiyxzhaiqkwzocyeeixy/Index.noindex/DataStore @/Users/khanghnguyen/Library/Developer/Xcode/DerivedData/Wishie-gavmeupfwiyxzhaiqkwzocyeeixy/Build/Intermediates.noindex/GTMSessionFetcher.build/Debug-iphoneos/GTMSessionFetcherCore.build/Objects-normal/arm64/e6072d4f65d7061329687fe24e3d63a7-common-args.resp -include /Users/khanghnguyen/Library/Developer/Xcode/DerivedData/Wishie-gavmeupfwiyxzhaiqkwzocyeeixy/Build/Intermediates.noindex/GTMSessionFetcher.build/Debug-iphoneos/GTMSessionFetcherCore.build/DerivedSources/resource_bundle_accessor.h -MMD -MT dependencies -MF /Users/khanghnguyen/Library/Developer/Xcode/DerivedData/Wishie-gavmeupfwiyxzhaiqkwzocyeeixy/Build/Intermediates.noindex/GTMSessionFetcher.build/Debug-iphoneos/GTMSessionFetcherCore.build/Objects-normal/arm64/GTMSessionFetcher.d --serialize-diagnostics /Users/khanghnguyen/Library/Developer/Xcode/DerivedData/Wishie-gavmeupfwiyxzhaiqkwzocyeeixy/Build/Intermediates.noindex/GTMSessionFetcher.build/Debug-iphoneos/GTMSessionFetcherCore.build/Objects-normal/arm64/GTMSessionFetcher.dia -c /Users/khanghnguyen/Library/Developer/Xcode/DerivedData/Wishie-gavmeupfwiyxzhaiqkwzocyeeixy/SourcePackages/checkouts/gtm-session-fetcher/Sources/Core/GTMSessionFetcher.m -o /Users/khanghnguyen/Library/Developer/Xcode/DerivedData/Wishie-gavmeupfwiyxzhaiqkwzocyeeixy/Build/Intermediates.noindex/GTMSessionFetcher.build/Debug-iphoneos/GTMSessionFetcherCore.build/Objects-normal/arm64/GTMSessionFetcher.o -index-unit-output-path /GTMSessionFetcher.build/Debug-iphoneos/GTMSessionFetcherCore.build/Objects-normal/arm64/GTMSessionFetcher.o

PrecompileModule /Users/khanghnguyen/Library/Developer/Xcode/DerivedData/Wishie-gavmeupfwiyxzhaiqkwzocyeeixy/Build/Intermediates.noindex/ExplicitPrecompiledModules/CoreImage-ATBYMUTIB7D07FBV2EAKP7HG4.scan
    cd /
    builtin-precompileModule /Users/khanghnguyen/Library/Developer/Xcode/DerivedData/Wishie-gavmeupfwiyxzhaiqkwzocyeeixy/Build/Intermediates.noindex/ExplicitPrecompiledModules/CoreImage-ATBYMUTIB7D07FBV2EAKP7HG4.scan

SwiftDriverJobDiscovery normal arm64 Compiling Transition.swift (in target 'SDWebImageSwiftUI' from project 'SDWebImageSwiftUI')

PrecompileModule /Users/khanghnguyen/Library/Developer/Xcode/DerivedData/Wishie-gavmeupfwiyxzhaiqkwzocyeeixy/Build/Intermediates.noindex/ExplicitPrecompiledModules/QuartzCore-7WM16NYEI48MT772FHPI2X71B.scan
    cd /
    builtin-precompileModule /Users/khanghnguyen/Library/Developer/Xcode/DerivedData/Wishie-gavmeupfwiyxzhaiqkwzocyeeixy/Build/Intermediates.noindex/ExplicitPrecompiledModules/QuartzCore-7WM16NYEI48MT772FHPI2X71B.scan

SwiftDriverJobDiscovery normal arm64 Compiling Indicator.swift (in target 'SDWebImageSwiftUI' from project 'SDWebImageSwiftUI')

SwiftCompile normal arm64 Compiling\ SDWebImageSwiftUI.swift /Users/khanghnguyen/Library/Developer/Xcode/DerivedData/Wishie-gavmeupfwiyxzhaiqkwzocyeeixy/SourcePackages/checkouts/SDWebImageSwiftUI/SDWebImageSwiftUI/Classes/SDWebImageSwiftUI.swift (in target 'SDWebImageSwiftUI' from project 'SDWebImageSwiftUI')

SwiftCompile normal arm64 /Users/khanghnguyen/Library/Developer/Xcode/DerivedData/Wishie-gavmeupfwiyxzhaiqkwzocyeeixy/SourcePackages/checkouts/SDWebImageSwiftUI/SDWebImageSwiftUI/Classes/SDWebImageSwiftUI.swift (in target 'SDWebImageSwiftUI' from project 'SDWebImageSwiftUI')
    cd /Users/khanghnguyen/Downloads/Wishie/Wishie.xcodeproj
    

SwiftDriverJobDiscovery normal arm64 Compiling ImagePlayer.swift (in target 'SDWebImageSwiftUI' from project 'SDWebImageSwiftUI')

SwiftCompile normal arm64 Compiling\ resource_bundle_accessor.swift,\ AnimatedImage.swift /Users/khanghnguyen/Library/Developer/Xcode/DerivedData/Wishie-gavmeupfwiyxzhaiqkwzocyeeixy/Build/Intermediates.noindex/SDWebImageSwiftUI.build/Debug-iphoneos/SDWebImageSwiftUI.build/DerivedSources/resource_bundle_accessor.swift /Users/khanghnguyen/Library/Developer/Xcode/DerivedData/Wishie-gavmeupfwiyxzhaiqkwzocyeeixy/SourcePackages/checkouts/SDWebImageSwiftUI/SDWebImageSwiftUI/Classes/AnimatedImage.swift (in target 'SDWebImageSwiftUI' from project 'SDWebImageSwiftUI')

SwiftCompile normal arm64 /Users/khanghnguyen/Library/Developer/Xcode/DerivedData/Wishie-gavmeupfwiyxzhaiqkwzocyeeixy/Build/Intermediates.noindex/SDWebImageSwiftUI.build/Debug-iphoneos/SDWebImageSwiftUI.build/DerivedSources/resource_bundle_accessor.swift (in target 'SDWebImageSwiftUI' from project 'SDWebImageSwiftUI')
    cd /Users/khanghnguyen/Downloads/Wishie/Wishie.xcodeproj
    

SwiftCompile normal arm64 /Users/khanghnguyen/Library/Developer/Xcode/DerivedData/Wishie-gavmeupfwiyxzhaiqkwzocyeeixy/SourcePackages/checkouts/SDWebImageSwiftUI/SDWebImageSwiftUI/Classes/AnimatedImage.swift (in target 'SDWebImageSwiftUI' from project 'SDWebImageSwiftUI')
    cd /Users/khanghnguyen/Downloads/Wishie/Wishie.xcodeproj
    

SwiftCompile normal arm64 Compiling\ Image.swift,\ ImageManager.swift /Users/khanghnguyen/Library/Developer/Xcode/DerivedData/Wishie-gavmeupfwiyxzhaiqkwzocyeeixy/SourcePackages/checkouts/SDWebImageSwiftUI/SDWebImageSwiftUI/Classes/Image.swift /Users/khanghnguyen/Library/Developer/Xcode/DerivedData/Wishie-gavmeupfwiyxzhaiqkwzocyeeixy/SourcePackages/checkouts/SDWebImageSwiftUI/SDWebImageSwiftUI/Classes/ImageManager.swift (in target 'SDWebImageSwiftUI' from project 'SDWebImageSwiftUI')

SwiftCompile normal arm64 /Users/khanghnguyen/Library/Developer/Xcode/DerivedData/Wishie-gavmeupfwiyxzhaiqkwzocyeeixy/SourcePackages/checkouts/SDWebImageSwiftUI/SDWebImageSwiftUI/Classes/Image.swift (in target 'SDWebImageSwiftUI' from project 'SDWebImageSwiftUI')
    cd /Users/khanghnguyen/Downloads/Wishie/Wishie.xcodeproj
    

SwiftCompile normal arm64 /Users/khanghnguyen/Library/Developer/Xcode/DerivedData/Wishie-gavmeupfwiyxzhaiqkwzocyeeixy/SourcePackages/checkouts/SDWebImageSwiftUI/SDWebImageSwiftUI/Classes/ImageManager.swift (in target 'SDWebImageSwiftUI' from project 'SDWebImageSwiftUI')
    cd /Users/khanghnguyen/Downloads/Wishie/Wishie.xcodeproj
    

SwiftCompile normal arm64 Compiling\ WebImage.swift /Users/khanghnguyen/Library/Developer/Xcode/DerivedData/Wishie-gavmeupfwiyxzhaiqkwzocyeeixy/SourcePackages/checkouts/SDWebImageSwiftUI/SDWebImageSwiftUI/Classes/WebImage.swift (in target 'SDWebImageSwiftUI' from project 'SDWebImageSwiftUI')

SwiftCompile normal arm64 /Users/khanghnguyen/Library/Developer/Xcode/DerivedData/Wishie-gavmeupfwiyxzhaiqkwzocyeeixy/SourcePackages/checkouts/SDWebImageSwiftUI/SDWebImageSwiftUI/Classes/WebImage.swift (in target 'SDWebImageSwiftUI' from project 'SDWebImageSwiftUI')
    cd /Users/khanghnguyen/Downloads/Wishie/Wishie.xcodeproj
    

PrecompileModule /Users/khanghnguyen/Library/Developer/Xcode/DerivedData/Wishie-gavmeupfwiyxzhaiqkwzocyeeixy/Build/Intermediates.noindex/ExplicitPrecompiledModules/UIKit-9QA9Z1CWDVRP2DLDK6Z0UBOC9.scan
    cd /
    builtin-precompileModule /Users/khanghnguyen/Library/Developer/Xcode/DerivedData/Wishie-gavmeupfwiyxzhaiqkwzocyeeixy/Build/Intermediates.noindex/ExplicitPrecompiledModules/UIKit-9QA9Z1CWDVRP2DLDK6Z0UBOC9.scan

SwiftDriverJobDiscovery normal arm64 Emitting module for SDWebImageSwiftUI (in target 'SDWebImageSwiftUI' from project 'SDWebImageSwiftUI')

SwiftDriver\ Compilation\ Requirements SDWebImageSwiftUI normal arm64 com.apple.xcode.tools.swift.compiler (in target 'SDWebImageSwiftUI' from project 'SDWebImageSwiftUI')
    cd /Users/khanghnguyen/Downloads/Wishie/Wishie.xcodeproj
    builtin-Swift-Compilation-Requirements -- /Applications/Xcode.app/Contents/Developer/Toolchains/XcodeDefault.xctoolchain/usr/bin/swiftc -module-name SDWebImageSwiftUI -Onone -enforce-exclusivity\=checked @/Users/khanghnguyen/Library/Developer/Xcode/DerivedData/Wishie-gavmeupfwiyxzhaiqkwzocyeeixy/Build/Intermediates.noindex/SDWebImageSwiftUI.build/Debug-iphoneos/SDWebImageSwiftUI.build/Objects-normal/arm64/SDWebImageSwiftUI.SwiftFileList -DSWIFT_PACKAGE -DDEBUG -DSWIFT_MODULE_RESOURCE_BUNDLE_AVAILABLE -Xcc -fmodule-map-file\=/Users/khanghnguyen/Library/Developer/Xcode/DerivedData/Wishie-gavmeupfwiyxzhaiqkwzocyeeixy/Build/Intermediates.noindex/GeneratedModuleMaps-iphoneos/SDWebImage.modulemap -DXcode -plugin-path /Applications/Xcode.app/Contents/Developer/Toolchains/XcodeDefault.xctoolchain/usr/lib/swift/host/plugins/testing -enable-experimental-feature DebugDescriptionMacro -sdk /Applications/Xcode.app/Contents/Developer/Platforms/iPhoneOS.platform/Developer/SDKs/iPhoneOS26.2.sdk -target arm64-apple-ios14.0 -g -module-cache-path /Users/khanghnguyen/Library/Developer/Xcode/DerivedData/ModuleCache.noindex -Xfrontend -serialize-debugging-options -profile-coverage-mapping -profile-generate -enable-testing -suppress-warnings -index-store-path /Users/khanghnguyen/Library/Developer/Xcode/DerivedData/Wishie-gavmeupfwiyxzhaiqkwzocyeeixy/Index.noindex/DataStore -Xcc -D_LIBCPP_HARDENING_MODE\=_LIBCPP_HARDENING_MODE_DEBUG -swift-version 5 -I /Users/khanghnguyen/Library/Developer/Xcode/DerivedData/Wishie-gavmeupfwiyxzhaiqkwzocyeeixy/Build/Products/Debug-iphoneos -Isystem /Applications/Xcode.app/Contents/Developer/Platforms/iPhoneOS.platform/Developer/usr/lib -F /Users/khanghnguyen/Library/Developer/Xcode/DerivedData/Wishie-gavmeupfwiyxzhaiqkwzocyeeixy/Build/Products/Debug-iphoneos/PackageFrameworks -F /Users/khanghnguyen/Library/Developer/Xcode/DerivedData/Wishie-gavmeupfwiyxzhaiqkwzocyeeixy/Build/Products/Debug-iphoneos -F /Applications/Xcode.app/Contents/Developer/Platforms/iPhoneOS.platform/Developer/Library/Frameworks -F /Applications/Xcode.app/Contents/Developer/Platforms/iPhoneOS.platform/Developer/SDKs/iPhoneOS26.2.sdk/Developer/Library/Frameworks -c -j8 -enable-batch-mode -incremental -Xcc -ivfsstatcache -Xcc /Users/khanghnguyen/Library/Developer/Xcode/DerivedData/SDKStatCaches.noindex/iphoneos26.2-23C57-3794476bd08197c3e2abd9bb477ef7f7.sdkstatcache -output-file-map /Users/khanghnguyen/Library/Developer/Xcode/DerivedData/Wishie-gavmeupfwiyxzhaiqkwzocyeeixy/Build/Intermediates.noindex/SDWebImageSwiftUI.build/Debug-iphoneos/SDWebImageSwiftUI.build/Objects-normal/arm64/SDWebImageSwiftUI-OutputFileMap.json -use-frontend-parseable-output -save-temps -no-color-diagnostics -explicit-module-build -module-cache-path /Users/khanghnguyen/Library/Developer/Xcode/DerivedData/Wishie-gavmeupfwiyxzhaiqkwzocyeeixy/Build/Intermediates.noindex/SwiftExplicitPrecompiledModules -clang-scanner-module-cache-path /Users/khanghnguyen/Library/Developer/Xcode/DerivedData/ModuleCache.noindex -sdk-module-cache-path /Users/khanghnguyen/Library/Developer/Xcode/DerivedData/ModuleCache.noindex -serialize-diagnostics -emit-dependencies -emit-module -emit-module-path /Users/khanghnguyen/Library/Developer/Xcode/DerivedData/Wishie-gavmeupfwiyxzhaiqkwzocyeeixy/Build/Intermediates.noindex/SDWebImageSwiftUI.build/Debug-iphoneos/SDWebImageSwiftUI.build/Objects-normal/arm64/SDWebImageSwiftUI.swiftmodule -validate-clang-modules-once -clang-build-session-file /Users/khanghnguyen/Library/Developer/Xcode/DerivedData/ModuleCache.noindex/Session.modulevalidation -Xcc -I/Users/khanghnguyen/Library/Developer/Xcode/DerivedData/Wishie-gavmeupfwiyxzhaiqkwzocyeeixy/Build/Intermediates.noindex/SDWebImageSwiftUI.build/Debug-iphoneos/SDWebImageSwiftUI.build/swift-overrides.hmap -emit-const-values -Xfrontend -const-gather-protocols-file -Xfrontend /Users/khanghnguyen/Library/Developer/Xcode/DerivedData/Wishie-gavmeupfwiyxzhaiqkwzocyeeixy/Build/Intermediates.noindex/SDWebImageSwiftUI.build/Debug-iphoneos/SDWebImageSwiftUI.build/Objects-normal/arm64/SDWebImageSwiftUI_const_extract_protocols.json -Xcc -I/Users/khanghnguyen/Library/Developer/Xcode/DerivedData/Wishie-gavmeupfwiyxzhaiqkwzocyeeixy/SourcePackages/checkouts/SDWebImage/SDWebImage/include -Xcc -I/Users/khanghnguyen/Library/Developer/Xcode/DerivedData/Wishie-gavmeupfwiyxzhaiqkwzocyeeixy/Build/Products/Debug-iphoneos/include -Xcc -I/Users/khanghnguyen/Library/Developer/Xcode/DerivedData/Wishie-gavmeupfwiyxzhaiqkwzocyeeixy/Build/Intermediates.noindex/SDWebImageSwiftUI.build/Debug-iphoneos/SDWebImageSwiftUI.build/DerivedSources-normal/arm64 -Xcc -I/Users/khanghnguyen/Library/Developer/Xcode/DerivedData/Wishie-gavmeupfwiyxzhaiqkwzocyeeixy/Build/Intermediates.noindex/SDWebImageSwiftUI.build/Debug-iphoneos/SDWebImageSwiftUI.build/DerivedSources/arm64 -Xcc -I/Users/khanghnguyen/Library/Developer/Xcode/DerivedData/Wishie-gavmeupfwiyxzhaiqkwzocyeeixy/Build/Intermediates.noindex/SDWebImageSwiftUI.build/Debug-iphoneos/SDWebImageSwiftUI.build/DerivedSources -Xcc -DSWIFT_PACKAGE -Xcc -DDEBUG\=1 -emit-objc-header -emit-objc-header-path /Users/khanghnguyen/Library/Developer/Xcode/DerivedData/Wishie-gavmeupfwiyxzhaiqkwzocyeeixy/Build/Intermediates.noindex/SDWebImageSwiftUI.build/Debug-iphoneos/SDWebImageSwiftUI.build/Objects-normal/arm64/SDWebImageSwiftUI-Swift.h -working-directory /Users/khanghnguyen/Downloads/Wishie/Wishie.xcodeproj -experimental-emit-module-separately -disable-cmo

SwiftDriverJobDiscovery normal arm64 Compiling SDWebImageSwiftUI.swift (in target 'SDWebImageSwiftUI' from project 'SDWebImageSwiftUI')

SwiftCompile normal arm64 Compiling\ ImageViewWrapper.swift /Users/khanghnguyen/Library/Developer/Xcode/DerivedData/Wishie-gavmeupfwiyxzhaiqkwzocyeeixy/SourcePackages/checkouts/SDWebImageSwiftUI/SDWebImageSwiftUI/Classes/ImageViewWrapper.swift (in target 'SDWebImageSwiftUI' from project 'SDWebImageSwiftUI')

SwiftCompile normal arm64 /Users/khanghnguyen/Library/Developer/Xcode/DerivedData/Wishie-gavmeupfwiyxzhaiqkwzocyeeixy/SourcePackages/checkouts/SDWebImageSwiftUI/SDWebImageSwiftUI/Classes/ImageViewWrapper.swift (in target 'SDWebImageSwiftUI' from project 'SDWebImageSwiftUI')
    cd /Users/khanghnguyen/Downloads/Wishie/Wishie.xcodeproj
    

SwiftMergeGeneratedHeaders /Users/khanghnguyen/Library/Developer/Xcode/DerivedData/Wishie-gavmeupfwiyxzhaiqkwzocyeeixy/Build/Intermediates.noindex/GeneratedModuleMaps-iphoneos/SDWebImageSwiftUI-Swift.h /Users/khanghnguyen/Library/Developer/Xcode/DerivedData/Wishie-gavmeupfwiyxzhaiqkwzocyeeixy/Build/Intermediates.noindex/SDWebImageSwiftUI.build/Debug-iphoneos/SDWebImageSwiftUI.build/Objects-normal/arm64/SDWebImageSwiftUI-Swift.h (in target 'SDWebImageSwiftUI' from project 'SDWebImageSwiftUI')
    cd /Users/khanghnguyen/Library/Developer/Xcode/DerivedData/Wishie-gavmeupfwiyxzhaiqkwzocyeeixy/SourcePackages/checkouts/SDWebImageSwiftUI
    builtin-swiftHeaderTool -arch arm64 /Users/khanghnguyen/Library/Developer/Xcode/DerivedData/Wishie-gavmeupfwiyxzhaiqkwzocyeeixy/Build/Intermediates.noindex/SDWebImageSwiftUI.build/Debug-iphoneos/SDWebImageSwiftUI.build/Objects-normal/arm64/SDWebImageSwiftUI-Swift.h -o /Users/khanghnguyen/Library/Developer/Xcode/DerivedData/Wishie-gavmeupfwiyxzhaiqkwzocyeeixy/Build/Intermediates.noindex/GeneratedModuleMaps-iphoneos/SDWebImageSwiftUI-Swift.h

Copy /Users/khanghnguyen/Library/Developer/Xcode/DerivedData/Wishie-gavmeupfwiyxzhaiqkwzocyeeixy/Build/Products/Debug-iphoneos/SDWebImageSwiftUI.swiftmodule/arm64-apple-ios.swiftmodule /Users/khanghnguyen/Library/Developer/Xcode/DerivedData/Wishie-gavmeupfwiyxzhaiqkwzocyeeixy/Build/Intermediates.noindex/SDWebImageSwiftUI.build/Debug-iphoneos/SDWebImageSwiftUI.build/Objects-normal/arm64/SDWebImageSwiftUI.swiftmodule (in target 'SDWebImageSwiftUI' from project 'SDWebImageSwiftUI')
    cd /Users/khanghnguyen/Library/Developer/Xcode/DerivedData/Wishie-gavmeupfwiyxzhaiqkwzocyeeixy/SourcePackages/checkouts/SDWebImageSwiftUI
    builtin-copy -exclude .DS_Store -exclude CVS -exclude .svn -exclude .git -exclude .hg -resolve-src-symlinks -rename /Users/khanghnguyen/Library/Developer/Xcode/DerivedData/Wishie-gavmeupfwiyxzhaiqkwzocyeeixy/Build/Intermediates.noindex/SDWebImageSwiftUI.build/Debug-iphoneos/SDWebImageSwiftUI.build/Objects-normal/arm64/SDWebImageSwiftUI.swiftmodule /Users/khanghnguyen/Library/Developer/Xcode/DerivedData/Wishie-gavmeupfwiyxzhaiqkwzocyeeixy/Build/Products/Debug-iphoneos/SDWebImageSwiftUI.swiftmodule/arm64-apple-ios.swiftmodule

Copy /Users/khanghnguyen/Library/Developer/Xcode/DerivedData/Wishie-gavmeupfwiyxzhaiqkwzocyeeixy/Build/Products/Debug-iphoneos/SDWebImageSwiftUI.swiftmodule/arm64-apple-ios.swiftdoc /Users/khanghnguyen/Library/Developer/Xcode/DerivedData/Wishie-gavmeupfwiyxzhaiqkwzocyeeixy/Build/Intermediates.noindex/SDWebImageSwiftUI.build/Debug-iphoneos/SDWebImageSwiftUI.build/Objects-normal/arm64/SDWebImageSwiftUI.swiftdoc (in target 'SDWebImageSwiftUI' from project 'SDWebImageSwiftUI')
    cd /Users/khanghnguyen/Library/Developer/Xcode/DerivedData/Wishie-gavmeupfwiyxzhaiqkwzocyeeixy/SourcePackages/checkouts/SDWebImageSwiftUI
    builtin-copy -exclude .DS_Store -exclude CVS -exclude .svn -exclude .git -exclude .hg -resolve-src-symlinks -rename /Users/khanghnguyen/Library/Developer/Xcode/DerivedData/Wishie-gavmeupfwiyxzhaiqkwzocyeeixy/Build/Intermediates.noindex/SDWebImageSwiftUI.build/Debug-iphoneos/SDWebImageSwiftUI.build/Objects-normal/arm64/SDWebImageSwiftUI.swiftdoc /Users/khanghnguyen/Library/Developer/Xcode/DerivedData/Wishie-gavmeupfwiyxzhaiqkwzocyeeixy/Build/Products/Debug-iphoneos/SDWebImageSwiftUI.swiftmodule/arm64-apple-ios.swiftdoc

Copy /Users/khanghnguyen/Library/Developer/Xcode/DerivedData/Wishie-gavmeupfwiyxzhaiqkwzocyeeixy/Build/Products/Debug-iphoneos/SDWebImageSwiftUI.swiftmodule/arm64-apple-ios.abi.json /Users/khanghnguyen/Library/Developer/Xcode/DerivedData/Wishie-gavmeupfwiyxzhaiqkwzocyeeixy/Build/Intermediates.noindex/SDWebImageSwiftUI.build/Debug-iphoneos/SDWebImageSwiftUI.build/Objects-normal/arm64/SDWebImageSwiftUI.abi.json (in target 'SDWebImageSwiftUI' from project 'SDWebImageSwiftUI')
    cd /Users/khanghnguyen/Library/Developer/Xcode/DerivedData/Wishie-gavmeupfwiyxzhaiqkwzocyeeixy/SourcePackages/checkouts/SDWebImageSwiftUI
    builtin-copy -exclude .DS_Store -exclude CVS -exclude .svn -exclude .git -exclude .hg -resolve-src-symlinks -rename /Users/khanghnguyen/Library/Developer/Xcode/DerivedData/Wishie-gavmeupfwiyxzhaiqkwzocyeeixy/Build/Intermediates.noindex/SDWebImageSwiftUI.build/Debug-iphoneos/SDWebImageSwiftUI.build/Objects-normal/arm64/SDWebImageSwiftUI.abi.json /Users/khanghnguyen/Library/Developer/Xcode/DerivedData/Wishie-gavmeupfwiyxzhaiqkwzocyeeixy/Build/Products/Debug-iphoneos/SDWebImageSwiftUI.swiftmodule/arm64-apple-ios.abi.json

Copy /Users/khanghnguyen/Library/Developer/Xcode/DerivedData/Wishie-gavmeupfwiyxzhaiqkwzocyeeixy/Build/Products/Debug-iphoneos/SDWebImageSwiftUI.swiftmodule/Project/arm64-apple-ios.swiftsourceinfo /Users/khanghnguyen/Library/Developer/Xcode/DerivedData/Wishie-gavmeupfwiyxzhaiqkwzocyeeixy/Build/Intermediates.noindex/SDWebImageSwiftUI.build/Debug-iphoneos/SDWebImageSwiftUI.build/Objects-normal/arm64/SDWebImageSwiftUI.swiftsourceinfo (in target 'SDWebImageSwiftUI' from project 'SDWebImageSwiftUI')
    cd /Users/khanghnguyen/Library/Developer/Xcode/DerivedData/Wishie-gavmeupfwiyxzhaiqkwzocyeeixy/SourcePackages/checkouts/SDWebImageSwiftUI
    builtin-copy -exclude .DS_Store -exclude CVS -exclude .svn -exclude .git -exclude .hg -resolve-src-symlinks -rename /Users/khanghnguyen/Library/Developer/Xcode/DerivedData/Wishie-gavmeupfwiyxzhaiqkwzocyeeixy/Build/Intermediates.noindex/SDWebImageSwiftUI.build/Debug-iphoneos/SDWebImageSwiftUI.build/Objects-normal/arm64/SDWebImageSwiftUI.swiftsourceinfo /Users/khanghnguyen/Library/Developer/Xcode/DerivedData/Wishie-gavmeupfwiyxzhaiqkwzocyeeixy/Build/Products/Debug-iphoneos/SDWebImageSwiftUI.swiftmodule/Project/arm64-apple-ios.swiftsourceinfo

ExtractAppIntentsMetadata (in target 'FirebaseSharedSwift' from project 'Firebase')
    cd /Users/khanghnguyen/Library/Developer/Xcode/DerivedData/Wishie-gavmeupfwiyxzhaiqkwzocyeeixy/SourcePackages/checkouts/firebase-ios-sdk
    /Applications/Xcode.app/Contents/Developer/Toolchains/XcodeDefault.xctoolchain/usr/bin/appintentsmetadataprocessor --toolchain-dir /Applications/Xcode.app/Contents/Developer/Toolchains/XcodeDefault.xctoolchain --module-name FirebaseSharedSwift --sdk-root /Applications/Xcode.app/Contents/Developer/Platforms/iPhoneOS.platform/Developer/SDKs/iPhoneOS26.2.sdk --xcode-version 17C529 --platform-family iOS --deployment-target 15.0 --bundle-identifier firebase-ios-sdk.FirebaseSharedSwift --output /Users/khanghnguyen/Library/Developer/Xcode/DerivedData/Wishie-gavmeupfwiyxzhaiqkwzocyeeixy/Build/Products/Debug-iphoneos/FirebaseSharedSwift.appintents --target-triple arm64-apple-ios15.0 --binary-file /Users/khanghnguyen/Library/Developer/Xcode/DerivedData/Wishie-gavmeupfwiyxzhaiqkwzocyeeixy/Build/Products/Debug-iphoneos/FirebaseSharedSwift.o --dependency-file /Users/khanghnguyen/Library/Developer/Xcode/DerivedData/Wishie-gavmeupfwiyxzhaiqkwzocyeeixy/Build/Intermediates.noindex/Firebase.build/Debug-iphoneos/FirebaseSharedSwift.build/Objects-normal/arm64/FirebaseSharedSwift_dependency_info.dat --stringsdata-file /Users/khanghnguyen/Library/Developer/Xcode/DerivedData/Wishie-gavmeupfwiyxzhaiqkwzocyeeixy/Build/Intermediates.noindex/Firebase.build/Debug-iphoneos/FirebaseSharedSwift.build/Objects-normal/arm64/ExtractedAppShortcutsMetadata.stringsdata --source-file-list /Users/khanghnguyen/Library/Developer/Xcode/DerivedData/Wishie-gavmeupfwiyxzhaiqkwzocyeeixy/Build/Intermediates.noindex/Firebase.build/Debug-iphoneos/FirebaseSharedSwift.build/Objects-normal/arm64/FirebaseSharedSwift.SwiftFileList --metadata-file-list /Users/khanghnguyen/Library/Developer/Xcode/DerivedData/Wishie-gavmeupfwiyxzhaiqkwzocyeeixy/Build/Intermediates.noindex/Firebase.build/Debug-iphoneos/FirebaseSharedSwift.build/FirebaseSharedSwift.DependencyMetadataFileList --static-metadata-file-list /Users/khanghnguyen/Library/Developer/Xcode/DerivedData/Wishie-gavmeupfwiyxzhaiqkwzocyeeixy/Build/Intermediates.noindex/Firebase.build/Debug-iphoneos/FirebaseSharedSwift.build/FirebaseSharedSwift.DependencyStaticMetadataFileList --swift-const-vals-list /Users/khanghnguyen/Library/Developer/Xcode/DerivedData/Wishie-gavmeupfwiyxzhaiqkwzocyeeixy/Build/Intermediates.noindex/Firebase.build/Debug-iphoneos/FirebaseSharedSwift.build/Objects-normal/arm64/FirebaseSharedSwift.SwiftConstValuesFileList --force --compile-time-extraction --deployment-aware-processing --validate-assistant-intents --no-app-shortcuts-localization
2026-05-24 14:36:11.785 appintentsmetadataprocessor[44587:13981304] Starting appintentsmetadataprocessor export
2026-05-24 14:36:11.923 appintentsmetadataprocessor[44587:13981304] Extracted no relevant App Intents symbols, skipping writing output

SwiftDriver IssueReporting normal arm64 com.apple.xcode.tools.swift.compiler (in target 'IssueReporting' from project 'xctest-dynamic-overlay')
    cd /Users/khanghnguyen/Downloads/Wishie/Wishie.xcodeproj
    builtin-SwiftDriver -- /Applications/Xcode.app/Contents/Developer/Toolchains/XcodeDefault.xctoolchain/usr/bin/swiftc -module-name IssueReporting -Onone -enforce-exclusivity\=checked @/Users/khanghnguyen/Library/Developer/Xcode/DerivedData/Wishie-gavmeupfwiyxzhaiqkwzocyeeixy/Build/Intermediates.noindex/xctest-dynamic-overlay.build/Debug-iphoneos/IssueReporting.build/Objects-normal/arm64/IssueReporting.SwiftFileList -DSWIFT_PACKAGE -DDEBUG -DSWIFT_MODULE_RESOURCE_BUNDLE_UNAVAILABLE -DXcode -plugin-path /Applications/Xcode.app/Contents/Developer/Toolchains/XcodeDefault.xctoolchain/usr/lib/swift/host/plugins/testing -enable-experimental-feature DebugDescriptionMacro -sdk /Applications/Xcode.app/Contents/Developer/Platforms/iPhoneOS.platform/Developer/SDKs/iPhoneOS26.2.sdk -target arm64-apple-ios13.0 -g -module-cache-path /Users/khanghnguyen/Library/Developer/Xcode/DerivedData/ModuleCache.noindex -Xfrontend -serialize-debugging-options -profile-coverage-mapping -profile-generate -enable-testing -suppress-warnings -index-store-path /Users/khanghnguyen/Library/Developer/Xcode/DerivedData/Wishie-gavmeupfwiyxzhaiqkwzocyeeixy/Index.noindex/DataStore -Xcc -D_LIBCPP_HARDENING_MODE\=_LIBCPP_HARDENING_MODE_DEBUG -swift-version 6 -I /Users/khanghnguyen/Library/Developer/Xcode/DerivedData/Wishie-gavmeupfwiyxzhaiqkwzocyeeixy/Build/Products/Debug-iphoneos -Isystem /Applications/Xcode.app/Contents/Developer/Platforms/iPhoneOS.platform/Developer/usr/lib -F /Users/khanghnguyen/Library/Developer/Xcode/DerivedData/Wishie-gavmeupfwiyxzhaiqkwzocyeeixy/Build/Products/Debug-iphoneos/PackageFrameworks -F /Users/khanghnguyen/Library/Developer/Xcode/DerivedData/Wishie-gavmeupfwiyxzhaiqkwzocyeeixy/Build/Products/Debug-iphoneos -F /Applications/Xcode.app/Contents/Developer/Platforms/iPhoneOS.platform/Developer/Library/Frameworks -F /Applications/Xcode.app/Contents/Developer/Platforms/iPhoneOS.platform/Developer/SDKs/iPhoneOS26.2.sdk/Developer/Library/Frameworks -c -j8 -enable-batch-mode -incremental -Xcc -ivfsstatcache -Xcc /Users/khanghnguyen/Library/Developer/Xcode/DerivedData/SDKStatCaches.noindex/iphoneos26.2-23C57-3794476bd08197c3e2abd9bb477ef7f7.sdkstatcache -output-file-map /Users/khanghnguyen/Library/Developer/Xcode/DerivedData/Wishie-gavmeupfwiyxzhaiqkwzocyeeixy/Build/Intermediates.noindex/xctest-dynamic-overlay.build/Debug-iphoneos/IssueReporting.build/Objects-normal/arm64/IssueReporting-OutputFileMap.json -use-frontend-parseable-output -save-temps -no-color-diagnostics -explicit-module-build -module-cache-path /Users/khanghnguyen/Library/Developer/Xcode/DerivedData/Wishie-gavmeupfwiyxzhaiqkwzocyeeixy/Build/Intermediates.noindex/SwiftExplicitPrecompiledModules -clang-scanner-module-cache-path /Users/khanghnguyen/Library/Developer/Xcode/DerivedData/ModuleCache.noindex -sdk-module-cache-path /Users/khanghnguyen/Library/Developer/Xcode/DerivedData/ModuleCache.noindex -serialize-diagnostics -emit-dependencies -emit-module -emit-module-path /Users/khanghnguyen/Library/Developer/Xcode/DerivedData/Wishie-gavmeupfwiyxzhaiqkwzocyeeixy/Build/Intermediates.noindex/xctest-dynamic-overlay.build/Debug-iphoneos/IssueReporting.build/Objects-normal/arm64/IssueReporting.swiftmodule -user-module-version 1.8.0 -validate-clang-modules-once -clang-build-session-file /Users/khanghnguyen/Library/Developer/Xcode/DerivedData/ModuleCache.noindex/Session.modulevalidation -package-name xctest_dynamic_overlay -Xcc -I/Users/khanghnguyen/Library/Developer/Xcode/DerivedData/Wishie-gavmeupfwiyxzhaiqkwzocyeeixy/Build/Intermediates.noindex/xctest-dynamic-overlay.build/Debug-iphoneos/IssueReporting.build/swift-overrides.hmap -emit-const-values -Xfrontend -const-gather-protocols-file -Xfrontend /Users/khanghnguyen/Library/Developer/Xcode/DerivedData/Wishie-gavmeupfwiyxzhaiqkwzocyeeixy/Build/Intermediates.noindex/xctest-dynamic-overlay.build/Debug-iphoneos/IssueReporting.build/Objects-normal/arm64/IssueReporting_const_extract_protocols.json -Xcc -I/Users/khanghnguyen/Library/Developer/Xcode/DerivedData/Wishie-gavmeupfwiyxzhaiqkwzocyeeixy/Build/Products/Debug-iphoneos/include -Xcc -I/Users/khanghnguyen/Library/Developer/Xcode/DerivedData/Wishie-gavmeupfwiyxzhaiqkwzocyeeixy/Build/Intermediates.noindex/xctest-dynamic-overlay.build/Debug-iphoneos/IssueReporting.build/DerivedSources-normal/arm64 -Xcc -I/Users/khanghnguyen/Library/Developer/Xcode/DerivedData/Wishie-gavmeupfwiyxzhaiqkwzocyeeixy/Build/Intermediates.noindex/xctest-dynamic-overlay.build/Debug-iphoneos/IssueReporting.build/DerivedSources/arm64 -Xcc -I/Users/khanghnguyen/Library/Developer/Xcode/DerivedData/Wishie-gavmeupfwiyxzhaiqkwzocyeeixy/Build/Intermediates.noindex/xctest-dynamic-overlay.build/Debug-iphoneos/IssueReporting.build/DerivedSources -Xcc -DSWIFT_PACKAGE -Xcc -DDEBUG\=1 -emit-objc-header -emit-objc-header-path /Users/khanghnguyen/Library/Developer/Xcode/DerivedData/Wishie-gavmeupfwiyxzhaiqkwzocyeeixy/Build/Intermediates.noindex/xctest-dynamic-overlay.build/Debug-iphoneos/IssueReporting.build/Objects-normal/arm64/IssueReporting-Swift.h -working-directory /Users/khanghnguyen/Downloads/Wishie/Wishie.xcodeproj -experimental-emit-module-separately -disable-cmo

SwiftDriverJobDiscovery normal arm64 Compiling Image.swift, ImageManager.swift (in target 'SDWebImageSwiftUI' from project 'SDWebImageSwiftUI')

RegisterExecutionPolicyException /Users/khanghnguyen/Library/Developer/Xcode/DerivedData/Wishie-gavmeupfwiyxzhaiqkwzocyeeixy/Build/Products/Debug-iphoneos/RecaptchaInterop.o (in target 'RecaptchaInterop' from project 'InteropForGoogle')
    cd /Users/khanghnguyen/Library/Developer/Xcode/DerivedData/Wishie-gavmeupfwiyxzhaiqkwzocyeeixy/SourcePackages/checkouts/interop-ios-for-google-sdks
    builtin-RegisterExecutionPolicyException /Users/khanghnguyen/Library/Developer/Xcode/DerivedData/Wishie-gavmeupfwiyxzhaiqkwzocyeeixy/Build/Products/Debug-iphoneos/RecaptchaInterop.o

RegisterExecutionPolicyException /Users/khanghnguyen/Library/Developer/Xcode/DerivedData/Wishie-gavmeupfwiyxzhaiqkwzocyeeixy/Build/Products/Debug-iphoneos/SDWebImage.o (in target 'SDWebImage' from project 'SDWebImage')
    cd /Users/khanghnguyen/Library/Developer/Xcode/DerivedData/Wishie-gavmeupfwiyxzhaiqkwzocyeeixy/SourcePackages/checkouts/SDWebImage
    builtin-RegisterExecutionPolicyException /Users/khanghnguyen/Library/Developer/Xcode/DerivedData/Wishie-gavmeupfwiyxzhaiqkwzocyeeixy/Build/Products/Debug-iphoneos/SDWebImage.o

RegisterExecutionPolicyException /Users/khanghnguyen/Library/Developer/Xcode/DerivedData/Wishie-gavmeupfwiyxzhaiqkwzocyeeixy/Build/Products/Debug-iphoneos/abslWrapper.o (in target 'abslWrapper' from project 'abseil')
    cd /Users/khanghnguyen/Library/Developer/Xcode/DerivedData/Wishie-gavmeupfwiyxzhaiqkwzocyeeixy/SourcePackages/checkouts/abseil-cpp-binary
    builtin-RegisterExecutionPolicyException /Users/khanghnguyen/Library/Developer/Xcode/DerivedData/Wishie-gavmeupfwiyxzhaiqkwzocyeeixy/Build/Products/Debug-iphoneos/abslWrapper.o

RegisterExecutionPolicyException /Users/khanghnguyen/Library/Developer/Xcode/DerivedData/Wishie-gavmeupfwiyxzhaiqkwzocyeeixy/Build/Products/Debug-iphoneos/IssueReportingPackageSupport.o (in target 'IssueReportingPackageSupport' from project 'xctest-dynamic-overlay')
    cd /Users/khanghnguyen/Library/Developer/Xcode/DerivedData/Wishie-gavmeupfwiyxzhaiqkwzocyeeixy/SourcePackages/checkouts/xctest-dynamic-overlay
    builtin-RegisterExecutionPolicyException /Users/khanghnguyen/Library/Developer/Xcode/DerivedData/Wishie-gavmeupfwiyxzhaiqkwzocyeeixy/Build/Products/Debug-iphoneos/IssueReportingPackageSupport.o

RegisterExecutionPolicyException /Users/khanghnguyen/Library/Developer/Xcode/DerivedData/Wishie-gavmeupfwiyxzhaiqkwzocyeeixy/Build/Products/Debug-iphoneos/HTTPTypes.o (in target 'HTTPTypes' from project 'swift-http-types')
    cd /Users/khanghnguyen/Library/Developer/Xcode/DerivedData/Wishie-gavmeupfwiyxzhaiqkwzocyeeixy/SourcePackages/checkouts/swift-http-types
    builtin-RegisterExecutionPolicyException /Users/khanghnguyen/Library/Developer/Xcode/DerivedData/Wishie-gavmeupfwiyxzhaiqkwzocyeeixy/Build/Products/Debug-iphoneos/HTTPTypes.o

RegisterExecutionPolicyException /Users/khanghnguyen/Library/Developer/Xcode/DerivedData/Wishie-gavmeupfwiyxzhaiqkwzocyeeixy/Build/Products/Debug-iphoneos/GoogleUtilities_GoogleUtilities-Reachability.bundle (in target 'GoogleUtilities_GoogleUtilities-Reachability' from project 'GoogleUtilities')
    cd /Users/khanghnguyen/Library/Developer/Xcode/DerivedData/Wishie-gavmeupfwiyxzhaiqkwzocyeeixy/SourcePackages/checkouts/GoogleUtilities
    builtin-RegisterExecutionPolicyException /Users/khanghnguyen/Library/Developer/Xcode/DerivedData/Wishie-gavmeupfwiyxzhaiqkwzocyeeixy/Build/Products/Debug-iphoneos/GoogleUtilities_GoogleUtilities-Reachability.bundle

Touch /Users/khanghnguyen/Library/Developer/Xcode/DerivedData/Wishie-gavmeupfwiyxzhaiqkwzocyeeixy/Build/Products/Debug-iphoneos/GoogleUtilities_GoogleUtilities-Reachability.bundle (in target 'GoogleUtilities_GoogleUtilities-Reachability' from project 'GoogleUtilities')
    cd /Users/khanghnguyen/Library/Developer/Xcode/DerivedData/Wishie-gavmeupfwiyxzhaiqkwzocyeeixy/SourcePackages/checkouts/GoogleUtilities
    /usr/bin/touch -c /Users/khanghnguyen/Library/Developer/Xcode/DerivedData/Wishie-gavmeupfwiyxzhaiqkwzocyeeixy/Build/Products/Debug-iphoneos/GoogleUtilities_GoogleUtilities-Reachability.bundle

SwiftDriverJobDiscovery normal arm64 Compiling ImageViewWrapper.swift (in target 'SDWebImageSwiftUI' from project 'SDWebImageSwiftUI')

ScanDependencies /Users/khanghnguyen/Library/Developer/Xcode/DerivedData/Wishie-gavmeupfwiyxzhaiqkwzocyeeixy/Build/Intermediates.noindex/GoogleUtilities.build/Debug-iphoneos/GoogleUtilities-Logger.build/Objects-normal/arm64/resource_bundle_accessor.o /Users/khanghnguyen/Library/Developer/Xcode/DerivedData/Wishie-gavmeupfwiyxzhaiqkwzocyeeixy/Build/Intermediates.noindex/GoogleUtilities.build/Debug-iphoneos/GoogleUtilities-Logger.build/DerivedSources/resource_bundle_accessor.m normal arm64 objective-c com.apple.compilers.llvm.clang.1_0.compiler (in target 'GoogleUtilities-Logger' from project 'GoogleUtilities')
    cd /Users/khanghnguyen/Downloads/Wishie/Wishie.xcodeproj
    
    Using response file: /Users/khanghnguyen/Library/Developer/Xcode/DerivedData/Wishie-gavmeupfwiyxzhaiqkwzocyeeixy/Build/Intermediates.noindex/GoogleUtilities.build/Debug-iphoneos/GoogleUtilities-Logger.build/Objects-normal/arm64/e6072d4f65d7061329687fe24e3d63a7-common-args.resp
    
    builtin-ScanDependencies -o /Users/khanghnguyen/Library/Developer/Xcode/DerivedData/Wishie-gavmeupfwiyxzhaiqkwzocyeeixy/Build/Intermediates.noindex/GoogleUtilities.build/Debug-iphoneos/GoogleUtilities-Logger.build/Objects-normal/arm64/resource_bundle_accessor.o.scan -- /Applications/Xcode.app/Contents/Developer/Toolchains/XcodeDefault.xctoolchain/usr/bin/clang -x objective-c -ivfsstatcache /Users/khanghnguyen/Library/Developer/Xcode/DerivedData/SDKStatCaches.noindex/iphoneos26.2-23C57-3794476bd08197c3e2abd9bb477ef7f7.sdkstatcache -fmessage-length\=0 -fdiagnostics-show-note-include-stack -fmacro-backtrace-limit\=0 -fno-color-diagnostics -fmodules-prune-interval\=86400 -fmodules-prune-after\=345600 -fbuild-session-file\=/Users/khanghnguyen/Library/Developer/Xcode/DerivedData/ModuleCache.noindex/Session.modulevalidation -fmodules-validate-once-per-build-session -Wnon-modular-include-in-framework-module -Werror\=non-modular-include-in-framework-module -Wno-trigraphs -Wno-missing-field-initializers -Wno-missing-prototypes -Wno-return-type -Wno-implicit-atomic-properties -Wno-objc-interface-ivars -Wno-arc-repeated-use-of-weak -Wno-missing-braces -Wparentheses -Wswitch -Wno-unused-function -Wno-unused-label -Wno-unused-parameter -Wno-unused-variable -Wunused-value -Wno-empty-body -Wno-uninitialized -Wno-unknown-pragmas -w -Wno-shadow -Wno-four-char-constants -Wno-conversion -Wno-constant-conversion -Wno-int-conversion -Wno-bool-conversion -Wno-enum-conversion -Wno-float-conversion -Wno-non-literal-null-conversion -Wno-objc-literal-conversion -Wshorten-64-to-32 -Wpointer-sign -Wno-newline-eof -Wno-selector -Wno-strict-selector-match -Wno-undeclared-selector -Wno-deprecated-implementations -Wno-implicit-fallthrough -fstrict-aliasing -Wprotocol -Wdeprecated-declarations -Wno-sign-conversion -Wno-infinite-recursion -Wno-comma -Wno-block-capture-autoreleasing -Wno-strict-prototypes -Wno-semicolon-before-method-body -index-store-path /Users/khanghnguyen/Library/Developer/Xcode/DerivedData/Wishie-gavmeupfwiyxzhaiqkwzocyeeixy/Index.noindex/DataStore @/Users/khanghnguyen/Library/Developer/Xcode/DerivedData/Wishie-gavmeupfwiyxzhaiqkwzocyeeixy/Build/Intermediates.noindex/GoogleUtilities.build/Debug-iphoneos/GoogleUtilities-Logger.build/Objects-normal/arm64/e6072d4f65d7061329687fe24e3d63a7-common-args.resp -include /Users/khanghnguyen/Library/Developer/Xcode/DerivedData/Wishie-gavmeupfwiyxzhaiqkwzocyeeixy/Build/Intermediates.noindex/GoogleUtilities.build/Debug-iphoneos/GoogleUtilities-Logger.build/DerivedSources/resource_bundle_accessor.h -MMD -MT dependencies -MF /Users/khanghnguyen/Library/Developer/Xcode/DerivedData/Wishie-gavmeupfwiyxzhaiqkwzocyeeixy/Build/Intermediates.noindex/GoogleUtilities.build/Debug-iphoneos/GoogleUtilities-Logger.build/Objects-normal/arm64/resource_bundle_accessor.d --serialize-diagnostics /Users/khanghnguyen/Library/Developer/Xcode/DerivedData/Wishie-gavmeupfwiyxzhaiqkwzocyeeixy/Build/Intermediates.noindex/GoogleUtilities.build/Debug-iphoneos/GoogleUtilities-Logger.build/Objects-normal/arm64/resource_bundle_accessor.dia -c /Users/khanghnguyen/Library/Developer/Xcode/DerivedData/Wishie-gavmeupfwiyxzhaiqkwzocyeeixy/Build/Intermediates.noindex/GoogleUtilities.build/Debug-iphoneos/GoogleUtilities-Logger.build/DerivedSources/resource_bundle_accessor.m -o /Users/khanghnguyen/Library/Developer/Xcode/DerivedData/Wishie-gavmeupfwiyxzhaiqkwzocyeeixy/Build/Intermediates.noindex/GoogleUtilities.build/Debug-iphoneos/GoogleUtilities-Logger.build/Objects-normal/arm64/resource_bundle_accessor.o -index-unit-output-path /GoogleUtilities.build/Debug-iphoneos/GoogleUtilities-Logger.build/Objects-normal/arm64/resource_bundle_accessor.o

ScanDependencies /Users/khanghnguyen/Library/Developer/Xcode/DerivedData/Wishie-gavmeupfwiyxzhaiqkwzocyeeixy/Build/Intermediates.noindex/GoogleUtilities.build/Debug-iphoneos/GoogleUtilities-Logger.build/Objects-normal/arm64/GULLogger.o /Users/khanghnguyen/Library/Developer/Xcode/DerivedData/Wishie-gavmeupfwiyxzhaiqkwzocyeeixy/SourcePackages/checkouts/GoogleUtilities/GoogleUtilities/Logger/GULLogger.m normal arm64 objective-c com.apple.compilers.llvm.clang.1_0.compiler (in target 'GoogleUtilities-Logger' from project 'GoogleUtilities')
    cd /Users/khanghnguyen/Downloads/Wishie/Wishie.xcodeproj
    
    Using response file: /Users/khanghnguyen/Library/Developer/Xcode/DerivedData/Wishie-gavmeupfwiyxzhaiqkwzocyeeixy/Build/Intermediates.noindex/GoogleUtilities.build/Debug-iphoneos/GoogleUtilities-Logger.build/Objects-normal/arm64/e6072d4f65d7061329687fe24e3d63a7-common-args.resp
    
    builtin-ScanDependencies -o /Users/khanghnguyen/Library/Developer/Xcode/DerivedData/Wishie-gavmeupfwiyxzhaiqkwzocyeeixy/Build/Intermediates.noindex/GoogleUtilities.build/Debug-iphoneos/GoogleUtilities-Logger.build/Objects-normal/arm64/GULLogger.o.scan -- /Applications/Xcode.app/Contents/Developer/Toolchains/XcodeDefault.xctoolchain/usr/bin/clang -x objective-c -ivfsstatcache /Users/khanghnguyen/Library/Developer/Xcode/DerivedData/SDKStatCaches.noindex/iphoneos26.2-23C57-3794476bd08197c3e2abd9bb477ef7f7.sdkstatcache -fmessage-length\=0 -fdiagnostics-show-note-include-stack -fmacro-backtrace-limit\=0 -fno-color-diagnostics -fmodules-prune-interval\=86400 -fmodules-prune-after\=345600 -fbuild-session-file\=/Users/khanghnguyen/Library/Developer/Xcode/DerivedData/ModuleCache.noindex/Session.modulevalidation -fmodules-validate-once-per-build-session -Wnon-modular-include-in-framework-module -Werror\=non-modular-include-in-framework-module -Wno-trigraphs -Wno-missing-field-initializers -Wno-missing-prototypes -Wno-return-type -Wno-implicit-atomic-properties -Wno-objc-interface-ivars -Wno-arc-repeated-use-of-weak -Wno-missing-braces -Wparentheses -Wswitch -Wno-unused-function -Wno-unused-label -Wno-unused-parameter -Wno-unused-variable -Wunused-value -Wno-empty-body -Wno-uninitialized -Wno-unknown-pragmas -w -Wno-shadow -Wno-four-char-constants -Wno-conversion -Wno-constant-conversion -Wno-int-conversion -Wno-bool-conversion -Wno-enum-conversion -Wno-float-conversion -Wno-non-literal-null-conversion -Wno-objc-literal-conversion -Wshorten-64-to-32 -Wpointer-sign -Wno-newline-eof -Wno-selector -Wno-strict-selector-match -Wno-undeclared-selector -Wno-deprecated-implementations -Wno-implicit-fallthrough -fstrict-aliasing -Wprotocol -Wdeprecated-declarations -Wno-sign-conversion -Wno-infinite-recursion -Wno-comma -Wno-block-capture-autoreleasing -Wno-strict-prototypes -Wno-semicolon-before-method-body -index-store-path /Users/khanghnguyen/Library/Developer/Xcode/DerivedData/Wishie-gavmeupfwiyxzhaiqkwzocyeeixy/Index.noindex/DataStore @/Users/khanghnguyen/Library/Developer/Xcode/DerivedData/Wishie-gavmeupfwiyxzhaiqkwzocyeeixy/Build/Intermediates.noindex/GoogleUtilities.build/Debug-iphoneos/GoogleUtilities-Logger.build/Objects-normal/arm64/e6072d4f65d7061329687fe24e3d63a7-common-args.resp -include /Users/khanghnguyen/Library/Developer/Xcode/DerivedData/Wishie-gavmeupfwiyxzhaiqkwzocyeeixy/Build/Intermediates.noindex/GoogleUtilities.build/Debug-iphoneos/GoogleUtilities-Logger.build/DerivedSources/resource_bundle_accessor.h -MMD -MT dependencies -MF /Users/khanghnguyen/Library/Developer/Xcode/DerivedData/Wishie-gavmeupfwiyxzhaiqkwzocyeeixy/Build/Intermediates.noindex/GoogleUtilities.build/Debug-iphoneos/GoogleUtilities-Logger.build/Objects-normal/arm64/GULLogger.d --serialize-diagnostics /Users/khanghnguyen/Library/Developer/Xcode/DerivedData/Wishie-gavmeupfwiyxzhaiqkwzocyeeixy/Build/Intermediates.noindex/GoogleUtilities.build/Debug-iphoneos/GoogleUtilities-Logger.build/Objects-normal/arm64/GULLogger.dia -c /Users/khanghnguyen/Library/Developer/Xcode/DerivedData/Wishie-gavmeupfwiyxzhaiqkwzocyeeixy/SourcePackages/checkouts/GoogleUtilities/GoogleUtilities/Logger/GULLogger.m -o /Users/khanghnguyen/Library/Developer/Xcode/DerivedData/Wishie-gavmeupfwiyxzhaiqkwzocyeeixy/Build/Intermediates.noindex/GoogleUtilities.build/Debug-iphoneos/GoogleUtilities-Logger.build/Objects-normal/arm64/GULLogger.o -index-unit-output-path /GoogleUtilities.build/Debug-iphoneos/GoogleUtilities-Logger.build/Objects-normal/arm64/GULLogger.o

SwiftDriverJobDiscovery normal arm64 Compiling WebImage.swift (in target 'SDWebImageSwiftUI' from project 'SDWebImageSwiftUI')

ExtractAppIntentsMetadata (in target 'Crypto' from project 'swift-crypto')
    cd /Users/khanghnguyen/Library/Developer/Xcode/DerivedData/Wishie-gavmeupfwiyxzhaiqkwzocyeeixy/SourcePackages/checkouts/swift-crypto
    /Applications/Xcode.app/Contents/Developer/Toolchains/XcodeDefault.xctoolchain/usr/bin/appintentsmetadataprocessor --toolchain-dir /Applications/Xcode.app/Contents/Developer/Toolchains/XcodeDefault.xctoolchain --module-name Crypto --sdk-root /Applications/Xcode.app/Contents/Developer/Platforms/iPhoneOS.platform/Developer/SDKs/iPhoneOS26.2.sdk --xcode-version 17C529 --platform-family iOS --deployment-target 12.0 --bundle-identifier swift-crypto.Crypto --output /Users/khanghnguyen/Library/Developer/Xcode/DerivedData/Wishie-gavmeupfwiyxzhaiqkwzocyeeixy/Build/Products/Debug-iphoneos/Crypto.appintents --target-triple arm64-apple-ios12.0 --binary-file /Users/khanghnguyen/Library/Developer/Xcode/DerivedData/Wishie-gavmeupfwiyxzhaiqkwzocyeeixy/Build/Products/Debug-iphoneos/Crypto.o --dependency-file /Users/khanghnguyen/Library/Developer/Xcode/DerivedData/Wishie-gavmeupfwiyxzhaiqkwzocyeeixy/Build/Intermediates.noindex/swift-crypto.build/Debug-iphoneos/Crypto.build/Objects-normal/arm64/Crypto_dependency_info.dat --stringsdata-file /Users/khanghnguyen/Library/Developer/Xcode/DerivedData/Wishie-gavmeupfwiyxzhaiqkwzocyeeixy/Build/Intermediates.noindex/swift-crypto.build/Debug-iphoneos/Crypto.build/Objects-normal/arm64/ExtractedAppShortcutsMetadata.stringsdata --source-file-list /Users/khanghnguyen/Library/Developer/Xcode/DerivedData/Wishie-gavmeupfwiyxzhaiqkwzocyeeixy/Build/Intermediates.noindex/swift-crypto.build/Debug-iphoneos/Crypto.build/Objects-normal/arm64/Crypto.SwiftFileList --metadata-file-list /Users/khanghnguyen/Library/Developer/Xcode/DerivedData/Wishie-gavmeupfwiyxzhaiqkwzocyeeixy/Build/Intermediates.noindex/swift-crypto.build/Debug-iphoneos/Crypto.build/Crypto.DependencyMetadataFileList --static-metadata-file-list /Users/khanghnguyen/Library/Developer/Xcode/DerivedData/Wishie-gavmeupfwiyxzhaiqkwzocyeeixy/Build/Intermediates.noindex/swift-crypto.build/Debug-iphoneos/Crypto.build/Crypto.DependencyStaticMetadataFileList --swift-const-vals-list /Users/khanghnguyen/Library/Developer/Xcode/DerivedData/Wishie-gavmeupfwiyxzhaiqkwzocyeeixy/Build/Intermediates.noindex/swift-crypto.build/Debug-iphoneos/Crypto.build/Objects-normal/arm64/Crypto.SwiftConstValuesFileList --force --compile-time-extraction --deployment-aware-processing --validate-assistant-intents --no-app-shortcuts-localization
2026-05-24 14:36:12.283 appintentsmetadataprocessor[44589:13981375] Starting appintentsmetadataprocessor export
2026-05-24 14:36:12.448 appintentsmetadataprocessor[44589:13981375] Extracted no relevant App Intents symbols, skipping writing output

CompileC /Users/khanghnguyen/Library/Developer/Xcode/DerivedData/Wishie-gavmeupfwiyxzhaiqkwzocyeeixy/Build/Intermediates.noindex/GoogleUtilities.build/Debug-iphoneos/GoogleUtilities-Environment.build/Objects-normal/arm64/GULAppEnvironmentUtil.o /Users/khanghnguyen/Library/Developer/Xcode/DerivedData/Wishie-gavmeupfwiyxzhaiqkwzocyeeixy/SourcePackages/checkouts/GoogleUtilities/GoogleUtilities/Environment/GULAppEnvironmentUtil.m normal arm64 objective-c com.apple.compilers.llvm.clang.1_0.compiler (in target 'GoogleUtilities-Environment' from project 'GoogleUtilities')
    cd /Users/khanghnguyen/Downloads/Wishie/Wishie.xcodeproj
    
    Using response file: /Users/khanghnguyen/Library/Developer/Xcode/DerivedData/Wishie-gavmeupfwiyxzhaiqkwzocyeeixy/Build/Intermediates.noindex/GoogleUtilities.build/Debug-iphoneos/GoogleUtilities-Environment.build/Objects-normal/arm64/e6072d4f65d7061329687fe24e3d63a7-common-args.resp
    
    /Applications/Xcode.app/Contents/Developer/Toolchains/XcodeDefault.xctoolchain/usr/bin/clang -x objective-c -ivfsstatcache /Users/khanghnguyen/Library/Developer/Xcode/DerivedData/SDKStatCaches.noindex/iphoneos26.2-23C57-3794476bd08197c3e2abd9bb477ef7f7.sdkstatcache -fmessage-length\=0 -fdiagnostics-show-note-include-stack -fmacro-backtrace-limit\=0 -fno-color-diagnostics -fmodules-prune-interval\=86400 -fmodules-prune-after\=345600 -fbuild-session-file\=/Users/khanghnguyen/Library/Developer/Xcode/DerivedData/ModuleCache.noindex/Session.modulevalidation -fmodules-validate-once-per-build-session -Wnon-modular-include-in-framework-module -Werror\=non-modular-include-in-framework-module -Wno-trigraphs -Wno-missing-field-initializers -Wno-missing-prototypes -Wno-return-type -Wno-implicit-atomic-properties -Wno-objc-interface-ivars -Wno-arc-repeated-use-of-weak -Wno-missing-braces -Wparentheses -Wswitch -Wno-unused-function -Wno-unused-label -Wno-unused-parameter -Wno-unused-variable -Wunused-value -Wno-empty-body -Wno-uninitialized -Wno-unknown-pragmas -w -Wno-shadow -Wno-four-char-constants -Wno-conversion -Wno-constant-conversion -Wno-int-conversion -Wno-bool-conversion -Wno-enum-conversion -Wno-float-conversion -Wno-non-literal-null-conversion -Wno-objc-literal-conversion -Wshorten-64-to-32 -Wpointer-sign -Wno-newline-eof -Wno-selector -Wno-strict-selector-match -Wno-undeclared-selector -Wno-deprecated-implementations -Wno-implicit-fallthrough -fstrict-aliasing -Wprotocol -Wdeprecated-declarations -Wno-sign-conversion -Wno-infinite-recursion -Wno-comma -Wno-block-capture-autoreleasing -Wno-strict-prototypes -Wno-semicolon-before-method-body -index-store-path /Users/khanghnguyen/Library/Developer/Xcode/DerivedData/Wishie-gavmeupfwiyxzhaiqkwzocyeeixy/Index.noindex/DataStore @/Users/khanghnguyen/Library/Developer/Xcode/DerivedData/Wishie-gavmeupfwiyxzhaiqkwzocyeeixy/Build/Intermediates.noindex/GoogleUtilities.build/Debug-iphoneos/GoogleUtilities-Environment.build/Objects-normal/arm64/e6072d4f65d7061329687fe24e3d63a7-common-args.resp -include /Users/khanghnguyen/Library/Developer/Xcode/DerivedData/Wishie-gavmeupfwiyxzhaiqkwzocyeeixy/Build/Intermediates.noindex/GoogleUtilities.build/Debug-iphoneos/GoogleUtilities-Environment.build/DerivedSources/resource_bundle_accessor.h -MMD -MT dependencies -MF /Users/khanghnguyen/Library/Developer/Xcode/DerivedData/Wishie-gavmeupfwiyxzhaiqkwzocyeeixy/Build/Intermediates.noindex/GoogleUtilities.build/Debug-iphoneos/GoogleUtilities-Environment.build/Objects-normal/arm64/GULAppEnvironmentUtil.d --serialize-diagnostics /Users/khanghnguyen/Library/Developer/Xcode/DerivedData/Wishie-gavmeupfwiyxzhaiqkwzocyeeixy/Build/Intermediates.noindex/GoogleUtilities.build/Debug-iphoneos/GoogleUtilities-Environment.build/Objects-normal/arm64/GULAppEnvironmentUtil.dia -c /Users/khanghnguyen/Library/Developer/Xcode/DerivedData/Wishie-gavmeupfwiyxzhaiqkwzocyeeixy/SourcePackages/checkouts/GoogleUtilities/GoogleUtilities/Environment/GULAppEnvironmentUtil.m -o /Users/khanghnguyen/Library/Developer/Xcode/DerivedData/Wishie-gavmeupfwiyxzhaiqkwzocyeeixy/Build/Intermediates.noindex/GoogleUtilities.build/Debug-iphoneos/GoogleUtilities-Environment.build/Objects-normal/arm64/GULAppEnvironmentUtil.o -index-unit-output-path /GoogleUtilities.build/Debug-iphoneos/GoogleUtilities-Environment.build/Objects-normal/arm64/GULAppEnvironmentUtil.o

ExtractAppIntentsMetadata (in target 'ConcurrencyExtras' from project 'swift-concurrency-extras')
    cd /Users/khanghnguyen/Library/Developer/Xcode/DerivedData/Wishie-gavmeupfwiyxzhaiqkwzocyeeixy/SourcePackages/checkouts/swift-concurrency-extras
    /Applications/Xcode.app/Contents/Developer/Toolchains/XcodeDefault.xctoolchain/usr/bin/appintentsmetadataprocessor --toolchain-dir /Applications/Xcode.app/Contents/Developer/Toolchains/XcodeDefault.xctoolchain --module-name ConcurrencyExtras --sdk-root /Applications/Xcode.app/Contents/Developer/Platforms/iPhoneOS.platform/Developer/SDKs/iPhoneOS26.2.sdk --xcode-version 17C529 --platform-family iOS --deployment-target 13.0 --bundle-identifier swift-concurrency-extras.ConcurrencyExtras --output /Users/khanghnguyen/Library/Developer/Xcode/DerivedData/Wishie-gavmeupfwiyxzhaiqkwzocyeeixy/Build/Products/Debug-iphoneos/ConcurrencyExtras.appintents --target-triple arm64-apple-ios13.0 --binary-file /Users/khanghnguyen/Library/Developer/Xcode/DerivedData/Wishie-gavmeupfwiyxzhaiqkwzocyeeixy/Build/Products/Debug-iphoneos/ConcurrencyExtras.o --dependency-file /Users/khanghnguyen/Library/Developer/Xcode/DerivedData/Wishie-gavmeupfwiyxzhaiqkwzocyeeixy/Build/Intermediates.noindex/swift-concurrency-extras.build/Debug-iphoneos/ConcurrencyExtras.build/Objects-normal/arm64/ConcurrencyExtras_dependency_info.dat --stringsdata-file /Users/khanghnguyen/Library/Developer/Xcode/DerivedData/Wishie-gavmeupfwiyxzhaiqkwzocyeeixy/Build/Intermediates.noindex/swift-concurrency-extras.build/Debug-iphoneos/ConcurrencyExtras.build/Objects-normal/arm64/ExtractedAppShortcutsMetadata.stringsdata --source-file-list /Users/khanghnguyen/Library/Developer/Xcode/DerivedData/Wishie-gavmeupfwiyxzhaiqkwzocyeeixy/Build/Intermediates.noindex/swift-concurrency-extras.build/Debug-iphoneos/ConcurrencyExtras.build/Objects-normal/arm64/ConcurrencyExtras.SwiftFileList --metadata-file-list /Users/khanghnguyen/Library/Developer/Xcode/DerivedData/Wishie-gavmeupfwiyxzhaiqkwzocyeeixy/Build/Intermediates.noindex/swift-concurrency-extras.build/Debug-iphoneos/ConcurrencyExtras.build/ConcurrencyExtras.DependencyMetadataFileList --static-metadata-file-list /Users/khanghnguyen/Library/Developer/Xcode/DerivedData/Wishie-gavmeupfwiyxzhaiqkwzocyeeixy/Build/Intermediates.noindex/swift-concurrency-extras.build/Debug-iphoneos/ConcurrencyExtras.build/ConcurrencyExtras.DependencyStaticMetadataFileList --swift-const-vals-list /Users/khanghnguyen/Library/Developer/Xcode/DerivedData/Wishie-gavmeupfwiyxzhaiqkwzocyeeixy/Build/Intermediates.noindex/swift-concurrency-extras.build/Debug-iphoneos/ConcurrencyExtras.build/Objects-normal/arm64/ConcurrencyExtras.SwiftConstValuesFileList --force --compile-time-extraction --deployment-aware-processing --validate-assistant-intents --no-app-shortcuts-localization
2026-05-24 14:36:12.309 appintentsmetadataprocessor[44591:13981384] Starting appintentsmetadataprocessor export
2026-05-24 14:36:12.431 appintentsmetadataprocessor[44591:13981384] Extracted no relevant App Intents symbols, skipping writing output

CompileC /Users/khanghnguyen/Library/Developer/Xcode/DerivedData/Wishie-gavmeupfwiyxzhaiqkwzocyeeixy/Build/Intermediates.noindex/GoogleUtilities.build/Debug-iphoneos/GoogleUtilities-Logger.build/Objects-normal/arm64/resource_bundle_accessor.o /Users/khanghnguyen/Library/Developer/Xcode/DerivedData/Wishie-gavmeupfwiyxzhaiqkwzocyeeixy/Build/Intermediates.noindex/GoogleUtilities.build/Debug-iphoneos/GoogleUtilities-Logger.build/DerivedSources/resource_bundle_accessor.m normal arm64 objective-c com.apple.compilers.llvm.clang.1_0.compiler (in target 'GoogleUtilities-Logger' from project 'GoogleUtilities')
    cd /Users/khanghnguyen/Downloads/Wishie/Wishie.xcodeproj
    
    Using response file: /Users/khanghnguyen/Library/Developer/Xcode/DerivedData/Wishie-gavmeupfwiyxzhaiqkwzocyeeixy/Build/Intermediates.noindex/GoogleUtilities.build/Debug-iphoneos/GoogleUtilities-Logger.build/Objects-normal/arm64/e6072d4f65d7061329687fe24e3d63a7-common-args.resp
    
    /Applications/Xcode.app/Contents/Developer/Toolchains/XcodeDefault.xctoolchain/usr/bin/clang -x objective-c -ivfsstatcache /Users/khanghnguyen/Library/Developer/Xcode/DerivedData/SDKStatCaches.noindex/iphoneos26.2-23C57-3794476bd08197c3e2abd9bb477ef7f7.sdkstatcache -fmessage-length\=0 -fdiagnostics-show-note-include-stack -fmacro-backtrace-limit\=0 -fno-color-diagnostics -fmodules-prune-interval\=86400 -fmodules-prune-after\=345600 -fbuild-session-file\=/Users/khanghnguyen/Library/Developer/Xcode/DerivedData/ModuleCache.noindex/Session.modulevalidation -fmodules-validate-once-per-build-session -Wnon-modular-include-in-framework-module -Werror\=non-modular-include-in-framework-module -Wno-trigraphs -Wno-missing-field-initializers -Wno-missing-prototypes -Wno-return-type -Wno-implicit-atomic-properties -Wno-objc-interface-ivars -Wno-arc-repeated-use-of-weak -Wno-missing-braces -Wparentheses -Wswitch -Wno-unused-function -Wno-unused-label -Wno-unused-parameter -Wno-unused-variable -Wunused-value -Wno-empty-body -Wno-uninitialized -Wno-unknown-pragmas -w -Wno-shadow -Wno-four-char-constants -Wno-conversion -Wno-constant-conversion -Wno-int-conversion -Wno-bool-conversion -Wno-enum-conversion -Wno-float-conversion -Wno-non-literal-null-conversion -Wno-objc-literal-conversion -Wshorten-64-to-32 -Wpointer-sign -Wno-newline-eof -Wno-selector -Wno-strict-selector-match -Wno-undeclared-selector -Wno-deprecated-implementations -Wno-implicit-fallthrough -fstrict-aliasing -Wprotocol -Wdeprecated-declarations -Wno-sign-conversion -Wno-infinite-recursion -Wno-comma -Wno-block-capture-autoreleasing -Wno-strict-prototypes -Wno-semicolon-before-method-body -index-store-path /Users/khanghnguyen/Library/Developer/Xcode/DerivedData/Wishie-gavmeupfwiyxzhaiqkwzocyeeixy/Index.noindex/DataStore @/Users/khanghnguyen/Library/Developer/Xcode/DerivedData/Wishie-gavmeupfwiyxzhaiqkwzocyeeixy/Build/Intermediates.noindex/GoogleUtilities.build/Debug-iphoneos/GoogleUtilities-Logger.build/Objects-normal/arm64/e6072d4f65d7061329687fe24e3d63a7-common-args.resp -include /Users/khanghnguyen/Library/Developer/Xcode/DerivedData/Wishie-gavmeupfwiyxzhaiqkwzocyeeixy/Build/Intermediates.noindex/GoogleUtilities.build/Debug-iphoneos/GoogleUtilities-Logger.build/DerivedSources/resource_bundle_accessor.h -MMD -MT dependencies -MF /Users/khanghnguyen/Library/Developer/Xcode/DerivedData/Wishie-gavmeupfwiyxzhaiqkwzocyeeixy/Build/Intermediates.noindex/GoogleUtilities.build/Debug-iphoneos/GoogleUtilities-Logger.build/Objects-normal/arm64/resource_bundle_accessor.d --serialize-diagnostics /Users/khanghnguyen/Library/Developer/Xcode/DerivedData/Wishie-gavmeupfwiyxzhaiqkwzocyeeixy/Build/Intermediates.noindex/GoogleUtilities.build/Debug-iphoneos/GoogleUtilities-Logger.build/Objects-normal/arm64/resource_bundle_accessor.dia -c /Users/khanghnguyen/Library/Developer/Xcode/DerivedData/Wishie-gavmeupfwiyxzhaiqkwzocyeeixy/Build/Intermediates.noindex/GoogleUtilities.build/Debug-iphoneos/GoogleUtilities-Logger.build/DerivedSources/resource_bundle_accessor.m -o /Users/khanghnguyen/Library/Developer/Xcode/DerivedData/Wishie-gavmeupfwiyxzhaiqkwzocyeeixy/Build/Intermediates.noindex/GoogleUtilities.build/Debug-iphoneos/GoogleUtilities-Logger.build/Objects-normal/arm64/resource_bundle_accessor.o -index-unit-output-path /GoogleUtilities.build/Debug-iphoneos/GoogleUtilities-Logger.build/Objects-normal/arm64/resource_bundle_accessor.o

PrecompileModule /Users/khanghnguyen/Library/Developer/Xcode/DerivedData/Wishie-gavmeupfwiyxzhaiqkwzocyeeixy/Build/Intermediates.noindex/ExplicitPrecompiledModules/GoogleUtilities_Environment-3BI5DPBM1V8CKRCBXT776X7IE.scan
    cd /
    builtin-precompileModule /Users/khanghnguyen/Library/Developer/Xcode/DerivedData/Wishie-gavmeupfwiyxzhaiqkwzocyeeixy/Build/Intermediates.noindex/ExplicitPrecompiledModules/GoogleUtilities_Environment-3BI5DPBM1V8CKRCBXT776X7IE.scan

PrecompileModule /Users/khanghnguyen/Library/Developer/Xcode/DerivedData/Wishie-gavmeupfwiyxzhaiqkwzocyeeixy/Build/Intermediates.noindex/ExplicitPrecompiledModules/_Builtin_stdatomic-ES9I0K0NRH8O79D5VIBJNWRKQ.scan
    cd /
    builtin-precompileModule /Users/khanghnguyen/Library/Developer/Xcode/DerivedData/Wishie-gavmeupfwiyxzhaiqkwzocyeeixy/Build/Intermediates.noindex/ExplicitPrecompiledModules/_Builtin_stdatomic-ES9I0K0NRH8O79D5VIBJNWRKQ.scan

SwiftDriverJobDiscovery normal arm64 Compiling resource_bundle_accessor.swift, AnimatedImage.swift (in target 'SDWebImageSwiftUI' from project 'SDWebImageSwiftUI')

SwiftDriver\ Compilation SDWebImageSwiftUI normal arm64 com.apple.xcode.tools.swift.compiler (in target 'SDWebImageSwiftUI' from project 'SDWebImageSwiftUI')
    cd /Users/khanghnguyen/Downloads/Wishie/Wishie.xcodeproj
    builtin-Swift-Compilation -- /Applications/Xcode.app/Contents/Developer/Toolchains/XcodeDefault.xctoolchain/usr/bin/swiftc -module-name SDWebImageSwiftUI -Onone -enforce-exclusivity\=checked @/Users/khanghnguyen/Library/Developer/Xcode/DerivedData/Wishie-gavmeupfwiyxzhaiqkwzocyeeixy/Build/Intermediates.noindex/SDWebImageSwiftUI.build/Debug-iphoneos/SDWebImageSwiftUI.build/Objects-normal/arm64/SDWebImageSwiftUI.SwiftFileList -DSWIFT_PACKAGE -DDEBUG -DSWIFT_MODULE_RESOURCE_BUNDLE_AVAILABLE -Xcc -fmodule-map-file\=/Users/khanghnguyen/Library/Developer/Xcode/DerivedData/Wishie-gavmeupfwiyxzhaiqkwzocyeeixy/Build/Intermediates.noindex/GeneratedModuleMaps-iphoneos/SDWebImage.modulemap -DXcode -plugin-path /Applications/Xcode.app/Contents/Developer/Toolchains/XcodeDefault.xctoolchain/usr/lib/swift/host/plugins/testing -enable-experimental-feature DebugDescriptionMacro -sdk /Applications/Xcode.app/Contents/Developer/Platforms/iPhoneOS.platform/Developer/SDKs/iPhoneOS26.2.sdk -target arm64-apple-ios14.0 -g -module-cache-path /Users/khanghnguyen/Library/Developer/Xcode/DerivedData/ModuleCache.noindex -Xfrontend -serialize-debugging-options -profile-coverage-mapping -profile-generate -enable-testing -suppress-warnings -index-store-path /Users/khanghnguyen/Library/Developer/Xcode/DerivedData/Wishie-gavmeupfwiyxzhaiqkwzocyeeixy/Index.noindex/DataStore -Xcc -D_LIBCPP_HARDENING_MODE\=_LIBCPP_HARDENING_MODE_DEBUG -swift-version 5 -I /Users/khanghnguyen/Library/Developer/Xcode/DerivedData/Wishie-gavmeupfwiyxzhaiqkwzocyeeixy/Build/Products/Debug-iphoneos -Isystem /Applications/Xcode.app/Contents/Developer/Platforms/iPhoneOS.platform/Developer/usr/lib -F /Users/khanghnguyen/Library/Developer/Xcode/DerivedData/Wishie-gavmeupfwiyxzhaiqkwzocyeeixy/Build/Products/Debug-iphoneos/PackageFrameworks -F /Users/khanghnguyen/Library/Developer/Xcode/DerivedData/Wishie-gavmeupfwiyxzhaiqkwzocyeeixy/Build/Products/Debug-iphoneos -F /Applications/Xcode.app/Contents/Developer/Platforms/iPhoneOS.platform/Developer/Library/Frameworks -F /Applications/Xcode.app/Contents/Developer/Platforms/iPhoneOS.platform/Developer/SDKs/iPhoneOS26.2.sdk/Developer/Library/Frameworks -c -j8 -enable-batch-mode -incremental -Xcc -ivfsstatcache -Xcc /Users/khanghnguyen/Library/Developer/Xcode/DerivedData/SDKStatCaches.noindex/iphoneos26.2-23C57-3794476bd08197c3e2abd9bb477ef7f7.sdkstatcache -output-file-map /Users/khanghnguyen/Library/Developer/Xcode/DerivedData/Wishie-gavmeupfwiyxzhaiqkwzocyeeixy/Build/Intermediates.noindex/SDWebImageSwiftUI.build/Debug-iphoneos/SDWebImageSwiftUI.build/Objects-normal/arm64/SDWebImageSwiftUI-OutputFileMap.json -use-frontend-parseable-output -save-temps -no-color-diagnostics -explicit-module-build -module-cache-path /Users/khanghnguyen/Library/Developer/Xcode/DerivedData/Wishie-gavmeupfwiyxzhaiqkwzocyeeixy/Build/Intermediates.noindex/SwiftExplicitPrecompiledModules -clang-scanner-module-cache-path /Users/khanghnguyen/Library/Developer/Xcode/DerivedData/ModuleCache.noindex -sdk-module-cache-path /Users/khanghnguyen/Library/Developer/Xcode/DerivedData/ModuleCache.noindex -serialize-diagnostics -emit-dependencies -emit-module -emit-module-path /Users/khanghnguyen/Library/Developer/Xcode/DerivedData/Wishie-gavmeupfwiyxzhaiqkwzocyeeixy/Build/Intermediates.noindex/SDWebImageSwiftUI.build/Debug-iphoneos/SDWebImageSwiftUI.build/Objects-normal/arm64/SDWebImageSwiftUI.swiftmodule -validate-clang-modules-once -clang-build-session-file /Users/khanghnguyen/Library/Developer/Xcode/DerivedData/ModuleCache.noindex/Session.modulevalidation -Xcc -I/Users/khanghnguyen/Library/Developer/Xcode/DerivedData/Wishie-gavmeupfwiyxzhaiqkwzocyeeixy/Build/Intermediates.noindex/SDWebImageSwiftUI.build/Debug-iphoneos/SDWebImageSwiftUI.build/swift-overrides.hmap -emit-const-values -Xfrontend -const-gather-protocols-file -Xfrontend /Users/khanghnguyen/Library/Developer/Xcode/DerivedData/Wishie-gavmeupfwiyxzhaiqkwzocyeeixy/Build/Intermediates.noindex/SDWebImageSwiftUI.build/Debug-iphoneos/SDWebImageSwiftUI.build/Objects-normal/arm64/SDWebImageSwiftUI_const_extract_protocols.json -Xcc -I/Users/khanghnguyen/Library/Developer/Xcode/DerivedData/Wishie-gavmeupfwiyxzhaiqkwzocyeeixy/SourcePackages/checkouts/SDWebImage/SDWebImage/include -Xcc -I/Users/khanghnguyen/Library/Developer/Xcode/DerivedData/Wishie-gavmeupfwiyxzhaiqkwzocyeeixy/Build/Products/Debug-iphoneos/include -Xcc -I/Users/khanghnguyen/Library/Developer/Xcode/DerivedData/Wishie-gavmeupfwiyxzhaiqkwzocyeeixy/Build/Intermediates.noindex/SDWebImageSwiftUI.build/Debug-iphoneos/SDWebImageSwiftUI.build/DerivedSources-normal/arm64 -Xcc -I/Users/khanghnguyen/Library/Developer/Xcode/DerivedData/Wishie-gavmeupfwiyxzhaiqkwzocyeeixy/Build/Intermediates.noindex/SDWebImageSwiftUI.build/Debug-iphoneos/SDWebImageSwiftUI.build/DerivedSources/arm64 -Xcc -I/Users/khanghnguyen/Library/Developer/Xcode/DerivedData/Wishie-gavmeupfwiyxzhaiqkwzocyeeixy/Build/Intermediates.noindex/SDWebImageSwiftUI.build/Debug-iphoneos/SDWebImageSwiftUI.build/DerivedSources -Xcc -DSWIFT_PACKAGE -Xcc -DDEBUG\=1 -emit-objc-header -emit-objc-header-path /Users/khanghnguyen/Library/Developer/Xcode/DerivedData/Wishie-gavmeupfwiyxzhaiqkwzocyeeixy/Build/Intermediates.noindex/SDWebImageSwiftUI.build/Debug-iphoneos/SDWebImageSwiftUI.build/Objects-normal/arm64/SDWebImageSwiftUI-Swift.h -working-directory /Users/khanghnguyen/Downloads/Wishie/Wishie.xcodeproj -experimental-emit-module-separately -disable-cmo

SwiftEmitModule normal arm64 Emitting\ module\ for\ IssueReporting (in target 'IssueReporting' from project 'xctest-dynamic-overlay')

EmitSwiftModule normal arm64 (in target 'IssueReporting' from project 'xctest-dynamic-overlay')
    cd /Users/khanghnguyen/Downloads/Wishie/Wishie.xcodeproj
    

Ld /Users/khanghnguyen/Library/Developer/Xcode/DerivedData/Wishie-gavmeupfwiyxzhaiqkwzocyeeixy/Build/Products/Debug-iphoneos/SDWebImageSwiftUI.o normal (in target 'SDWebImageSwiftUI' from project 'SDWebImageSwiftUI')
    cd /Users/khanghnguyen/Library/Developer/Xcode/DerivedData/Wishie-gavmeupfwiyxzhaiqkwzocyeeixy/SourcePackages/checkouts/SDWebImageSwiftUI
    /Applications/Xcode.app/Contents/Developer/Toolchains/XcodeDefault.xctoolchain/usr/bin/clang -Xlinker -reproducible -target arm64-apple-ios14.0 -r -isysroot /Applications/Xcode.app/Contents/Developer/Platforms/iPhoneOS.platform/Developer/SDKs/iPhoneOS26.2.sdk -O0 -w -L/Users/khanghnguyen/Library/Developer/Xcode/DerivedData/Wishie-gavmeupfwiyxzhaiqkwzocyeeixy/Build/Intermediates.noindex/EagerLinkingTBDs/Debug-iphoneos -L/Users/khanghnguyen/Library/Developer/Xcode/DerivedData/Wishie-gavmeupfwiyxzhaiqkwzocyeeixy/Build/Products/Debug-iphoneos -L/Applications/Xcode.app/Contents/Developer/Platforms/iPhoneOS.platform/Developer/usr/lib -F/Users/khanghnguyen/Library/Developer/Xcode/DerivedData/Wishie-gavmeupfwiyxzhaiqkwzocyeeixy/Build/Intermediates.noindex/EagerLinkingTBDs/Debug-iphoneos -F/Users/khanghnguyen/Library/Developer/Xcode/DerivedData/Wishie-gavmeupfwiyxzhaiqkwzocyeeixy/Build/Products/Debug-iphoneos/PackageFrameworks -F/Users/khanghnguyen/Library/Developer/Xcode/DerivedData/Wishie-gavmeupfwiyxzhaiqkwzocyeeixy/Build/Products/Debug-iphoneos -iframework /Applications/Xcode.app/Contents/Developer/Platforms/iPhoneOS.platform/Developer/Library/Frameworks -iframework /Applications/Xcode.app/Contents/Developer/Platforms/iPhoneOS.platform/Developer/SDKs/iPhoneOS26.2.sdk/Developer/Library/Frameworks -filelist /Users/khanghnguyen/Library/Developer/Xcode/DerivedData/Wishie-gavmeupfwiyxzhaiqkwzocyeeixy/Build/Intermediates.noindex/SDWebImageSwiftUI.build/Debug-iphoneos/SDWebImageSwiftUI.build/Objects-normal/arm64/SDWebImageSwiftUI.LinkFileList -nostdlib -Xlinker -object_path_lto -Xlinker /Users/khanghnguyen/Library/Developer/Xcode/DerivedData/Wishie-gavmeupfwiyxzhaiqkwzocyeeixy/Build/Intermediates.noindex/SDWebImageSwiftUI.build/Debug-iphoneos/SDWebImageSwiftUI.build/Objects-normal/arm64/SDWebImageSwiftUI_lto.o -rdynamic -Xlinker -no_deduplicate -Xlinker -debug_variant -Xlinker -dependency_info -Xlinker /Users/khanghnguyen/Library/Developer/Xcode/DerivedData/Wishie-gavmeupfwiyxzhaiqkwzocyeeixy/Build/Intermediates.noindex/SDWebImageSwiftUI.build/Debug-iphoneos/SDWebImageSwiftUI.build/Objects-normal/arm64/SDWebImageSwiftUI_dependency_info.dat -fobjc-link-runtime -L/Applications/Xcode.app/Contents/Developer/Toolchains/XcodeDefault.xctoolchain/usr/lib/swift/iphoneos -L/usr/lib/swift -Xlinker -add_ast_path -Xlinker /Users/khanghnguyen/Library/Developer/Xcode/DerivedData/Wishie-gavmeupfwiyxzhaiqkwzocyeeixy/Build/Intermediates.noindex/SDWebImageSwiftUI.build/Debug-iphoneos/SDWebImageSwiftUI.build/Objects-normal/arm64/SDWebImageSwiftUI.swiftmodule @/Users/khanghnguyen/Library/Developer/Xcode/DerivedData/Wishie-gavmeupfwiyxzhaiqkwzocyeeixy/Build/Intermediates.noindex/SDWebImageSwiftUI.build/Debug-iphoneos/SDWebImageSwiftUI.build/Objects-normal/arm64/SDWebImageSwiftUI-linker-args.resp -o /Users/khanghnguyen/Library/Developer/Xcode/DerivedData/Wishie-gavmeupfwiyxzhaiqkwzocyeeixy/Build/Products/Debug-iphoneos/SDWebImageSwiftUI.o

SwiftCompile normal arm64 Compiling\ SwiftTesting.swift,\ UncheckedSendable.swift,\ Warn.swift /Users/khanghnguyen/Library/Developer/Xcode/DerivedData/Wishie-gavmeupfwiyxzhaiqkwzocyeeixy/SourcePackages/checkouts/xctest-dynamic-overlay/Sources/IssueReporting/Internal/SwiftTesting.swift /Users/khanghnguyen/Library/Developer/Xcode/DerivedData/Wishie-gavmeupfwiyxzhaiqkwzocyeeixy/SourcePackages/checkouts/xctest-dynamic-overlay/Sources/IssueReporting/Internal/UncheckedSendable.swift /Users/khanghnguyen/Library/Developer/Xcode/DerivedData/Wishie-gavmeupfwiyxzhaiqkwzocyeeixy/SourcePackages/checkouts/xctest-dynamic-overlay/Sources/IssueReporting/Internal/Warn.swift (in target 'IssueReporting' from project 'xctest-dynamic-overlay')

SwiftCompile normal arm64 /Users/khanghnguyen/Library/Developer/Xcode/DerivedData/Wishie-gavmeupfwiyxzhaiqkwzocyeeixy/SourcePackages/checkouts/xctest-dynamic-overlay/Sources/IssueReporting/Internal/SwiftTesting.swift (in target 'IssueReporting' from project 'xctest-dynamic-overlay')
    cd /Users/khanghnguyen/Downloads/Wishie/Wishie.xcodeproj
    

SwiftCompile normal arm64 /Users/khanghnguyen/Library/Developer/Xcode/DerivedData/Wishie-gavmeupfwiyxzhaiqkwzocyeeixy/SourcePackages/checkouts/xctest-dynamic-overlay/Sources/IssueReporting/Internal/UncheckedSendable.swift (in target 'IssueReporting' from project 'xctest-dynamic-overlay')
    cd /Users/khanghnguyen/Downloads/Wishie/Wishie.xcodeproj
    

SwiftCompile normal arm64 /Users/khanghnguyen/Library/Developer/Xcode/DerivedData/Wishie-gavmeupfwiyxzhaiqkwzocyeeixy/SourcePackages/checkouts/xctest-dynamic-overlay/Sources/IssueReporting/Internal/Warn.swift (in target 'IssueReporting' from project 'xctest-dynamic-overlay')
    cd /Users/khanghnguyen/Downloads/Wishie/Wishie.xcodeproj
    

PrecompileModule /Users/khanghnguyen/Library/Developer/Xcode/DerivedData/Wishie-gavmeupfwiyxzhaiqkwzocyeeixy/Build/Intermediates.noindex/ExplicitPrecompiledModules/os-ASDFW2IMZ6Y5C8NNMUOE68PUS.scan
    cd /
    builtin-precompileModule /Users/khanghnguyen/Library/Developer/Xcode/DerivedData/Wishie-gavmeupfwiyxzhaiqkwzocyeeixy/Build/Intermediates.noindex/ExplicitPrecompiledModules/os-ASDFW2IMZ6Y5C8NNMUOE68PUS.scan

SwiftCompile normal arm64 Compiling\ FailureObserver.swift,\ LockIsolated.swift,\ Rethrows.swift /Users/khanghnguyen/Library/Developer/Xcode/DerivedData/Wishie-gavmeupfwiyxzhaiqkwzocyeeixy/SourcePackages/checkouts/xctest-dynamic-overlay/Sources/IssueReporting/Internal/FailureObserver.swift /Users/khanghnguyen/Library/Developer/Xcode/DerivedData/Wishie-gavmeupfwiyxzhaiqkwzocyeeixy/SourcePackages/checkouts/xctest-dynamic-overlay/Sources/IssueReporting/Internal/LockIsolated.swift /Users/khanghnguyen/Library/Developer/Xcode/DerivedData/Wishie-gavmeupfwiyxzhaiqkwzocyeeixy/SourcePackages/checkouts/xctest-dynamic-overlay/Sources/IssueReporting/Internal/Rethrows.swift (in target 'IssueReporting' from project 'xctest-dynamic-overlay')

SwiftCompile normal arm64 /Users/khanghnguyen/Library/Developer/Xcode/DerivedData/Wishie-gavmeupfwiyxzhaiqkwzocyeeixy/SourcePackages/checkouts/xctest-dynamic-overlay/Sources/IssueReporting/Internal/FailureObserver.swift (in target 'IssueReporting' from project 'xctest-dynamic-overlay')
    cd /Users/khanghnguyen/Downloads/Wishie/Wishie.xcodeproj
    

SwiftCompile normal arm64 /Users/khanghnguyen/Library/Developer/Xcode/DerivedData/Wishie-gavmeupfwiyxzhaiqkwzocyeeixy/SourcePackages/checkouts/xctest-dynamic-overlay/Sources/IssueReporting/Internal/LockIsolated.swift (in target 'IssueReporting' from project 'xctest-dynamic-overlay')
    cd /Users/khanghnguyen/Downloads/Wishie/Wishie.xcodeproj
    

SwiftCompile normal arm64 /Users/khanghnguyen/Library/Developer/Xcode/DerivedData/Wishie-gavmeupfwiyxzhaiqkwzocyeeixy/SourcePackages/checkouts/xctest-dynamic-overlay/Sources/IssueReporting/Internal/Rethrows.swift (in target 'IssueReporting' from project 'xctest-dynamic-overlay')
    cd /Users/khanghnguyen/Downloads/Wishie/Wishie.xcodeproj
    

SwiftCompile normal arm64 Compiling\ FatalErrorReporter.swift,\ ReportIssue.swift /Users/khanghnguyen/Library/Developer/Xcode/DerivedData/Wishie-gavmeupfwiyxzhaiqkwzocyeeixy/SourcePackages/checkouts/xctest-dynamic-overlay/Sources/IssueReporting/IssueReporters/FatalErrorReporter.swift /Users/khanghnguyen/Library/Developer/Xcode/DerivedData/Wishie-gavmeupfwiyxzhaiqkwzocyeeixy/SourcePackages/checkouts/xctest-dynamic-overlay/Sources/IssueReporting/ReportIssue.swift (in target 'IssueReporting' from project 'xctest-dynamic-overlay')

SwiftCompile normal arm64 /Users/khanghnguyen/Library/Developer/Xcode/DerivedData/Wishie-gavmeupfwiyxzhaiqkwzocyeeixy/SourcePackages/checkouts/xctest-dynamic-overlay/Sources/IssueReporting/IssueReporters/FatalErrorReporter.swift (in target 'IssueReporting' from project 'xctest-dynamic-overlay')
    cd /Users/khanghnguyen/Downloads/Wishie/Wishie.xcodeproj
    

SwiftCompile normal arm64 /Users/khanghnguyen/Library/Developer/Xcode/DerivedData/Wishie-gavmeupfwiyxzhaiqkwzocyeeixy/SourcePackages/checkouts/xctest-dynamic-overlay/Sources/IssueReporting/ReportIssue.swift (in target 'IssueReporting' from project 'xctest-dynamic-overlay')
    cd /Users/khanghnguyen/Downloads/Wishie/Wishie.xcodeproj
    

SwiftCompile normal arm64 Compiling\ BreakpointReporter.swift,\ DefaultReporter.swift /Users/khanghnguyen/Library/Developer/Xcode/DerivedData/Wishie-gavmeupfwiyxzhaiqkwzocyeeixy/SourcePackages/checkouts/xctest-dynamic-overlay/Sources/IssueReporting/IssueReporters/BreakpointReporter.swift /Users/khanghnguyen/Library/Developer/Xcode/DerivedData/Wishie-gavmeupfwiyxzhaiqkwzocyeeixy/SourcePackages/checkouts/xctest-dynamic-overlay/Sources/IssueReporting/IssueReporters/DefaultReporter.swift (in target 'IssueReporting' from project 'xctest-dynamic-overlay')

SwiftCompile normal arm64 /Users/khanghnguyen/Library/Developer/Xcode/DerivedData/Wishie-gavmeupfwiyxzhaiqkwzocyeeixy/SourcePackages/checkouts/xctest-dynamic-overlay/Sources/IssueReporting/IssueReporters/BreakpointReporter.swift (in target 'IssueReporting' from project 'xctest-dynamic-overlay')
    cd /Users/khanghnguyen/Downloads/Wishie/Wishie.xcodeproj
    

SwiftCompile normal arm64 /Users/khanghnguyen/Library/Developer/Xcode/DerivedData/Wishie-gavmeupfwiyxzhaiqkwzocyeeixy/SourcePackages/checkouts/xctest-dynamic-overlay/Sources/IssueReporting/IssueReporters/DefaultReporter.swift (in target 'IssueReporting' from project 'xctest-dynamic-overlay')
    cd /Users/khanghnguyen/Downloads/Wishie/Wishie.xcodeproj
    

SwiftCompile normal arm64 Compiling\ ErrorReporting.swift,\ AppHostWarning.swift,\ Deprecations.swift /Users/khanghnguyen/Library/Developer/Xcode/DerivedData/Wishie-gavmeupfwiyxzhaiqkwzocyeeixy/SourcePackages/checkouts/xctest-dynamic-overlay/Sources/IssueReporting/ErrorReporting.swift /Users/khanghnguyen/Library/Developer/Xcode/DerivedData/Wishie-gavmeupfwiyxzhaiqkwzocyeeixy/SourcePackages/checkouts/xctest-dynamic-overlay/Sources/IssueReporting/Internal/AppHostWarning.swift /Users/khanghnguyen/Library/Developer/Xcode/DerivedData/Wishie-gavmeupfwiyxzhaiqkwzocyeeixy/SourcePackages/checkouts/xctest-dynamic-overlay/Sources/IssueReporting/Internal/Deprecations.swift (in target 'IssueReporting' from project 'xctest-dynamic-overlay')

SwiftCompile normal arm64 /Users/khanghnguyen/Library/Developer/Xcode/DerivedData/Wishie-gavmeupfwiyxzhaiqkwzocyeeixy/SourcePackages/checkouts/xctest-dynamic-overlay/Sources/IssueReporting/ErrorReporting.swift (in target 'IssueReporting' from project 'xctest-dynamic-overlay')
    cd /Users/khanghnguyen/Downloads/Wishie/Wishie.xcodeproj
    

SwiftCompile normal arm64 /Users/khanghnguyen/Library/Developer/Xcode/DerivedData/Wishie-gavmeupfwiyxzhaiqkwzocyeeixy/SourcePackages/checkouts/xctest-dynamic-overlay/Sources/IssueReporting/Internal/AppHostWarning.swift (in target 'IssueReporting' from project 'xctest-dynamic-overlay')
    cd /Users/khanghnguyen/Downloads/Wishie/Wishie.xcodeproj
    

SwiftCompile normal arm64 /Users/khanghnguyen/Library/Developer/Xcode/DerivedData/Wishie-gavmeupfwiyxzhaiqkwzocyeeixy/SourcePackages/checkouts/xctest-dynamic-overlay/Sources/IssueReporting/Internal/Deprecations.swift (in target 'IssueReporting' from project 'xctest-dynamic-overlay')
    cd /Users/khanghnguyen/Downloads/Wishie/Wishie.xcodeproj
    

CompileC /Users/khanghnguyen/Library/Developer/Xcode/DerivedData/Wishie-gavmeupfwiyxzhaiqkwzocyeeixy/Build/Intermediates.noindex/GoogleUtilities.build/Debug-iphoneos/GoogleUtilities-Logger.build/Objects-normal/arm64/GULLogger.o /Users/khanghnguyen/Library/Developer/Xcode/DerivedData/Wishie-gavmeupfwiyxzhaiqkwzocyeeixy/SourcePackages/checkouts/GoogleUtilities/GoogleUtilities/Logger/GULLogger.m normal arm64 objective-c com.apple.compilers.llvm.clang.1_0.compiler (in target 'GoogleUtilities-Logger' from project 'GoogleUtilities')
    cd /Users/khanghnguyen/Downloads/Wishie/Wishie.xcodeproj
    
    Using response file: /Users/khanghnguyen/Library/Developer/Xcode/DerivedData/Wishie-gavmeupfwiyxzhaiqkwzocyeeixy/Build/Intermediates.noindex/GoogleUtilities.build/Debug-iphoneos/GoogleUtilities-Logger.build/Objects-normal/arm64/e6072d4f65d7061329687fe24e3d63a7-common-args.resp
    
    /Applications/Xcode.app/Contents/Developer/Toolchains/XcodeDefault.xctoolchain/usr/bin/clang -x objective-c -ivfsstatcache /Users/khanghnguyen/Library/Developer/Xcode/DerivedData/SDKStatCaches.noindex/iphoneos26.2-23C57-3794476bd08197c3e2abd9bb477ef7f7.sdkstatcache -fmessage-length\=0 -fdiagnostics-show-note-include-stack -fmacro-backtrace-limit\=0 -fno-color-diagnostics -fmodules-prune-interval\=86400 -fmodules-prune-after\=345600 -fbuild-session-file\=/Users/khanghnguyen/Library/Developer/Xcode/DerivedData/ModuleCache.noindex/Session.modulevalidation -fmodules-validate-once-per-build-session -Wnon-modular-include-in-framework-module -Werror\=non-modular-include-in-framework-module -Wno-trigraphs -Wno-missing-field-initializers -Wno-missing-prototypes -Wno-return-type -Wno-implicit-atomic-properties -Wno-objc-interface-ivars -Wno-arc-repeated-use-of-weak -Wno-missing-braces -Wparentheses -Wswitch -Wno-unused-function -Wno-unused-label -Wno-unused-parameter -Wno-unused-variable -Wunused-value -Wno-empty-body -Wno-uninitialized -Wno-unknown-pragmas -w -Wno-shadow -Wno-four-char-constants -Wno-conversion -Wno-constant-conversion -Wno-int-conversion -Wno-bool-conversion -Wno-enum-conversion -Wno-float-conversion -Wno-non-literal-null-conversion -Wno-objc-literal-conversion -Wshorten-64-to-32 -Wpointer-sign -Wno-newline-eof -Wno-selector -Wno-strict-selector-match -Wno-undeclared-selector -Wno-deprecated-implementations -Wno-implicit-fallthrough -fstrict-aliasing -Wprotocol -Wdeprecated-declarations -Wno-sign-conversion -Wno-infinite-recursion -Wno-comma -Wno-block-capture-autoreleasing -Wno-strict-prototypes -Wno-semicolon-before-method-body -index-store-path /Users/khanghnguyen/Library/Developer/Xcode/DerivedData/Wishie-gavmeupfwiyxzhaiqkwzocyeeixy/Index.noindex/DataStore @/Users/khanghnguyen/Library/Developer/Xcode/DerivedData/Wishie-gavmeupfwiyxzhaiqkwzocyeeixy/Build/Intermediates.noindex/GoogleUtilities.build/Debug-iphoneos/GoogleUtilities-Logger.build/Objects-normal/arm64/e6072d4f65d7061329687fe24e3d63a7-common-args.resp -include /Users/khanghnguyen/Library/Developer/Xcode/DerivedData/Wishie-gavmeupfwiyxzhaiqkwzocyeeixy/Build/Intermediates.noindex/GoogleUtilities.build/Debug-iphoneos/GoogleUtilities-Logger.build/DerivedSources/resource_bundle_accessor.h -MMD -MT dependencies -MF /Users/khanghnguyen/Library/Developer/Xcode/DerivedData/Wishie-gavmeupfwiyxzhaiqkwzocyeeixy/Build/Intermediates.noindex/GoogleUtilities.build/Debug-iphoneos/GoogleUtilities-Logger.build/Objects-normal/arm64/GULLogger.d --serialize-diagnostics /Users/khanghnguyen/Library/Developer/Xcode/DerivedData/Wishie-gavmeupfwiyxzhaiqkwzocyeeixy/Build/Intermediates.noindex/GoogleUtilities.build/Debug-iphoneos/GoogleUtilities-Logger.build/Objects-normal/arm64/GULLogger.dia -c /Users/khanghnguyen/Library/Developer/Xcode/DerivedData/Wishie-gavmeupfwiyxzhaiqkwzocyeeixy/SourcePackages/checkouts/GoogleUtilities/GoogleUtilities/Logger/GULLogger.m -o /Users/khanghnguyen/Library/Developer/Xcode/DerivedData/Wishie-gavmeupfwiyxzhaiqkwzocyeeixy/Build/Intermediates.noindex/GoogleUtilities.build/Debug-iphoneos/GoogleUtilities-Logger.build/Objects-normal/arm64/GULLogger.o -index-unit-output-path /GoogleUtilities.build/Debug-iphoneos/GoogleUtilities-Logger.build/Objects-normal/arm64/GULLogger.o

SwiftDriverJobDiscovery normal arm64 Compiling FailureObserver.swift, LockIsolated.swift, Rethrows.swift (in target 'IssueReporting' from project 'xctest-dynamic-overlay')

SwiftCompile normal arm64 Compiling\ TestContext.swift,\ Unimplemented.swift /Users/khanghnguyen/Library/Developer/Xcode/DerivedData/Wishie-gavmeupfwiyxzhaiqkwzocyeeixy/SourcePackages/checkouts/xctest-dynamic-overlay/Sources/IssueReporting/TestContext.swift /Users/khanghnguyen/Library/Developer/Xcode/DerivedData/Wishie-gavmeupfwiyxzhaiqkwzocyeeixy/SourcePackages/checkouts/xctest-dynamic-overlay/Sources/IssueReporting/Unimplemented.swift (in target 'IssueReporting' from project 'xctest-dynamic-overlay')

SwiftCompile normal arm64 /Users/khanghnguyen/Library/Developer/Xcode/DerivedData/Wishie-gavmeupfwiyxzhaiqkwzocyeeixy/SourcePackages/checkouts/xctest-dynamic-overlay/Sources/IssueReporting/TestContext.swift (in target 'IssueReporting' from project 'xctest-dynamic-overlay')
    cd /Users/khanghnguyen/Downloads/Wishie/Wishie.xcodeproj
    

SwiftCompile normal arm64 /Users/khanghnguyen/Library/Developer/Xcode/DerivedData/Wishie-gavmeupfwiyxzhaiqkwzocyeeixy/SourcePackages/checkouts/xctest-dynamic-overlay/Sources/IssueReporting/Unimplemented.swift (in target 'IssueReporting' from project 'xctest-dynamic-overlay')
    cd /Users/khanghnguyen/Downloads/Wishie/Wishie.xcodeproj
    

SwiftDriverJobDiscovery normal arm64 Compiling FatalErrorReporter.swift, ReportIssue.swift (in target 'IssueReporting' from project 'xctest-dynamic-overlay')

SwiftCompile normal arm64 Compiling\ XCTest.swift,\ IsTesting.swift,\ IssueReporter.swift /Users/khanghnguyen/Library/Developer/Xcode/DerivedData/Wishie-gavmeupfwiyxzhaiqkwzocyeeixy/SourcePackages/checkouts/xctest-dynamic-overlay/Sources/IssueReporting/Internal/XCTest.swift /Users/khanghnguyen/Library/Developer/Xcode/DerivedData/Wishie-gavmeupfwiyxzhaiqkwzocyeeixy/SourcePackages/checkouts/xctest-dynamic-overlay/Sources/IssueReporting/IsTesting.swift /Users/khanghnguyen/Library/Developer/Xcode/DerivedData/Wishie-gavmeupfwiyxzhaiqkwzocyeeixy/SourcePackages/checkouts/xctest-dynamic-overlay/Sources/IssueReporting/IssueReporter.swift (in target 'IssueReporting' from project 'xctest-dynamic-overlay')

SwiftCompile normal arm64 /Users/khanghnguyen/Library/Developer/Xcode/DerivedData/Wishie-gavmeupfwiyxzhaiqkwzocyeeixy/SourcePackages/checkouts/xctest-dynamic-overlay/Sources/IssueReporting/Internal/XCTest.swift (in target 'IssueReporting' from project 'xctest-dynamic-overlay')
    cd /Users/khanghnguyen/Downloads/Wishie/Wishie.xcodeproj
    

SwiftCompile normal arm64 /Users/khanghnguyen/Library/Developer/Xcode/DerivedData/Wishie-gavmeupfwiyxzhaiqkwzocyeeixy/SourcePackages/checkouts/xctest-dynamic-overlay/Sources/IssueReporting/IsTesting.swift (in target 'IssueReporting' from project 'xctest-dynamic-overlay')
    cd /Users/khanghnguyen/Downloads/Wishie/Wishie.xcodeproj
    

SwiftCompile normal arm64 /Users/khanghnguyen/Library/Developer/Xcode/DerivedData/Wishie-gavmeupfwiyxzhaiqkwzocyeeixy/SourcePackages/checkouts/xctest-dynamic-overlay/Sources/IssueReporting/IssueReporter.swift (in target 'IssueReporting' from project 'xctest-dynamic-overlay')
    cd /Users/khanghnguyen/Downloads/Wishie/Wishie.xcodeproj
    

SwiftDriverJobDiscovery normal arm64 Compiling ErrorReporting.swift, AppHostWarning.swift, Deprecations.swift (in target 'IssueReporting' from project 'xctest-dynamic-overlay')

SwiftCompile normal arm64 Compiling\ WithExpectedIssue.swift,\ WithIssueContext.swift /Users/khanghnguyen/Library/Developer/Xcode/DerivedData/Wishie-gavmeupfwiyxzhaiqkwzocyeeixy/SourcePackages/checkouts/xctest-dynamic-overlay/Sources/IssueReporting/WithExpectedIssue.swift /Users/khanghnguyen/Library/Developer/Xcode/DerivedData/Wishie-gavmeupfwiyxzhaiqkwzocyeeixy/SourcePackages/checkouts/xctest-dynamic-overlay/Sources/IssueReporting/WithIssueContext.swift (in target 'IssueReporting' from project 'xctest-dynamic-overlay')

SwiftCompile normal arm64 /Users/khanghnguyen/Library/Developer/Xcode/DerivedData/Wishie-gavmeupfwiyxzhaiqkwzocyeeixy/SourcePackages/checkouts/xctest-dynamic-overlay/Sources/IssueReporting/WithExpectedIssue.swift (in target 'IssueReporting' from project 'xctest-dynamic-overlay')
    cd /Users/khanghnguyen/Downloads/Wishie/Wishie.xcodeproj
    

SwiftCompile normal arm64 /Users/khanghnguyen/Library/Developer/Xcode/DerivedData/Wishie-gavmeupfwiyxzhaiqkwzocyeeixy/SourcePackages/checkouts/xctest-dynamic-overlay/Sources/IssueReporting/WithIssueContext.swift (in target 'IssueReporting' from project 'xctest-dynamic-overlay')
    cd /Users/khanghnguyen/Downloads/Wishie/Wishie.xcodeproj
    

SwiftDriverJobDiscovery normal arm64 Compiling BreakpointReporter.swift, DefaultReporter.swift (in target 'IssueReporting' from project 'xctest-dynamic-overlay')

SwiftDriverJobDiscovery normal arm64 Compiling SwiftTesting.swift, UncheckedSendable.swift, Warn.swift (in target 'IssueReporting' from project 'xctest-dynamic-overlay')

SwiftDriverJobDiscovery normal arm64 Emitting module for IssueReporting (in target 'IssueReporting' from project 'xctest-dynamic-overlay')

SwiftDriver\ Compilation\ Requirements IssueReporting normal arm64 com.apple.xcode.tools.swift.compiler (in target 'IssueReporting' from project 'xctest-dynamic-overlay')
    cd /Users/khanghnguyen/Downloads/Wishie/Wishie.xcodeproj
    builtin-Swift-Compilation-Requirements -- /Applications/Xcode.app/Contents/Developer/Toolchains/XcodeDefault.xctoolchain/usr/bin/swiftc -module-name IssueReporting -Onone -enforce-exclusivity\=checked @/Users/khanghnguyen/Library/Developer/Xcode/DerivedData/Wishie-gavmeupfwiyxzhaiqkwzocyeeixy/Build/Intermediates.noindex/xctest-dynamic-overlay.build/Debug-iphoneos/IssueReporting.build/Objects-normal/arm64/IssueReporting.SwiftFileList -DSWIFT_PACKAGE -DDEBUG -DSWIFT_MODULE_RESOURCE_BUNDLE_UNAVAILABLE -DXcode -plugin-path /Applications/Xcode.app/Contents/Developer/Toolchains/XcodeDefault.xctoolchain/usr/lib/swift/host/plugins/testing -enable-experimental-feature DebugDescriptionMacro -sdk /Applications/Xcode.app/Contents/Developer/Platforms/iPhoneOS.platform/Developer/SDKs/iPhoneOS26.2.sdk -target arm64-apple-ios13.0 -g -module-cache-path /Users/khanghnguyen/Library/Developer/Xcode/DerivedData/ModuleCache.noindex -Xfrontend -serialize-debugging-options -profile-coverage-mapping -profile-generate -enable-testing -suppress-warnings -index-store-path /Users/khanghnguyen/Library/Developer/Xcode/DerivedData/Wishie-gavmeupfwiyxzhaiqkwzocyeeixy/Index.noindex/DataStore -Xcc -D_LIBCPP_HARDENING_MODE\=_LIBCPP_HARDENING_MODE_DEBUG -swift-version 6 -I /Users/khanghnguyen/Library/Developer/Xcode/DerivedData/Wishie-gavmeupfwiyxzhaiqkwzocyeeixy/Build/Products/Debug-iphoneos -Isystem /Applications/Xcode.app/Contents/Developer/Platforms/iPhoneOS.platform/Developer/usr/lib -F /Users/khanghnguyen/Library/Developer/Xcode/DerivedData/Wishie-gavmeupfwiyxzhaiqkwzocyeeixy/Build/Products/Debug-iphoneos/PackageFrameworks -F /Users/khanghnguyen/Library/Developer/Xcode/DerivedData/Wishie-gavmeupfwiyxzhaiqkwzocyeeixy/Build/Products/Debug-iphoneos -F /Applications/Xcode.app/Contents/Developer/Platforms/iPhoneOS.platform/Developer/Library/Frameworks -F /Applications/Xcode.app/Contents/Developer/Platforms/iPhoneOS.platform/Developer/SDKs/iPhoneOS26.2.sdk/Developer/Library/Frameworks -c -j8 -enable-batch-mode -incremental -Xcc -ivfsstatcache -Xcc /Users/khanghnguyen/Library/Developer/Xcode/DerivedData/SDKStatCaches.noindex/iphoneos26.2-23C57-3794476bd08197c3e2abd9bb477ef7f7.sdkstatcache -output-file-map /Users/khanghnguyen/Library/Developer/Xcode/DerivedData/Wishie-gavmeupfwiyxzhaiqkwzocyeeixy/Build/Intermediates.noindex/xctest-dynamic-overlay.build/Debug-iphoneos/IssueReporting.build/Objects-normal/arm64/IssueReporting-OutputFileMap.json -use-frontend-parseable-output -save-temps -no-color-diagnostics -explicit-module-build -module-cache-path /Users/khanghnguyen/Library/Developer/Xcode/DerivedData/Wishie-gavmeupfwiyxzhaiqkwzocyeeixy/Build/Intermediates.noindex/SwiftExplicitPrecompiledModules -clang-scanner-module-cache-path /Users/khanghnguyen/Library/Developer/Xcode/DerivedData/ModuleCache.noindex -sdk-module-cache-path /Users/khanghnguyen/Library/Developer/Xcode/DerivedData/ModuleCache.noindex -serialize-diagnostics -emit-dependencies -emit-module -emit-module-path /Users/khanghnguyen/Library/Developer/Xcode/DerivedData/Wishie-gavmeupfwiyxzhaiqkwzocyeeixy/Build/Intermediates.noindex/xctest-dynamic-overlay.build/Debug-iphoneos/IssueReporting.build/Objects-normal/arm64/IssueReporting.swiftmodule -user-module-version 1.8.0 -validate-clang-modules-once -clang-build-session-file /Users/khanghnguyen/Library/Developer/Xcode/DerivedData/ModuleCache.noindex/Session.modulevalidation -package-name xctest_dynamic_overlay -Xcc -I/Users/khanghnguyen/Library/Developer/Xcode/DerivedData/Wishie-gavmeupfwiyxzhaiqkwzocyeeixy/Build/Intermediates.noindex/xctest-dynamic-overlay.build/Debug-iphoneos/IssueReporting.build/swift-overrides.hmap -emit-const-values -Xfrontend -const-gather-protocols-file -Xfrontend /Users/khanghnguyen/Library/Developer/Xcode/DerivedData/Wishie-gavmeupfwiyxzhaiqkwzocyeeixy/Build/Intermediates.noindex/xctest-dynamic-overlay.build/Debug-iphoneos/IssueReporting.build/Objects-normal/arm64/IssueReporting_const_extract_protocols.json -Xcc -I/Users/khanghnguyen/Library/Developer/Xcode/DerivedData/Wishie-gavmeupfwiyxzhaiqkwzocyeeixy/Build/Products/Debug-iphoneos/include -Xcc -I/Users/khanghnguyen/Library/Developer/Xcode/DerivedData/Wishie-gavmeupfwiyxzhaiqkwzocyeeixy/Build/Intermediates.noindex/xctest-dynamic-overlay.build/Debug-iphoneos/IssueReporting.build/DerivedSources-normal/arm64 -Xcc -I/Users/khanghnguyen/Library/Developer/Xcode/DerivedData/Wishie-gavmeupfwiyxzhaiqkwzocyeeixy/Build/Intermediates.noindex/xctest-dynamic-overlay.build/Debug-iphoneos/IssueReporting.build/DerivedSources/arm64 -Xcc -I/Users/khanghnguyen/Library/Developer/Xcode/DerivedData/Wishie-gavmeupfwiyxzhaiqkwzocyeeixy/Build/Intermediates.noindex/xctest-dynamic-overlay.build/Debug-iphoneos/IssueReporting.build/DerivedSources -Xcc -DSWIFT_PACKAGE -Xcc -DDEBUG\=1 -emit-objc-header -emit-objc-header-path /Users/khanghnguyen/Library/Developer/Xcode/DerivedData/Wishie-gavmeupfwiyxzhaiqkwzocyeeixy/Build/Intermediates.noindex/xctest-dynamic-overlay.build/Debug-iphoneos/IssueReporting.build/Objects-normal/arm64/IssueReporting-Swift.h -working-directory /Users/khanghnguyen/Downloads/Wishie/Wishie.xcodeproj -experimental-emit-module-separately -disable-cmo

ExtractAppIntentsMetadata (in target 'SDWebImageSwiftUI' from project 'SDWebImageSwiftUI')
    cd /Users/khanghnguyen/Library/Developer/Xcode/DerivedData/Wishie-gavmeupfwiyxzhaiqkwzocyeeixy/SourcePackages/checkouts/SDWebImageSwiftUI
    /Applications/Xcode.app/Contents/Developer/Toolchains/XcodeDefault.xctoolchain/usr/bin/appintentsmetadataprocessor --toolchain-dir /Applications/Xcode.app/Contents/Developer/Toolchains/XcodeDefault.xctoolchain --module-name SDWebImageSwiftUI --sdk-root /Applications/Xcode.app/Contents/Developer/Platforms/iPhoneOS.platform/Developer/SDKs/iPhoneOS26.2.sdk --xcode-version 17C529 --platform-family iOS --deployment-target 14.0 --bundle-identifier sdwebimageswiftui.SDWebImageSwiftUI --output /Users/khanghnguyen/Library/Developer/Xcode/DerivedData/Wishie-gavmeupfwiyxzhaiqkwzocyeeixy/Build/Products/Debug-iphoneos/SDWebImageSwiftUI.appintents --target-triple arm64-apple-ios14.0 --binary-file /Users/khanghnguyen/Library/Developer/Xcode/DerivedData/Wishie-gavmeupfwiyxzhaiqkwzocyeeixy/Build/Products/Debug-iphoneos/SDWebImageSwiftUI.o --dependency-file /Users/khanghnguyen/Library/Developer/Xcode/DerivedData/Wishie-gavmeupfwiyxzhaiqkwzocyeeixy/Build/Intermediates.noindex/SDWebImageSwiftUI.build/Debug-iphoneos/SDWebImageSwiftUI.build/Objects-normal/arm64/SDWebImageSwiftUI_dependency_info.dat --stringsdata-file /Users/khanghnguyen/Library/Developer/Xcode/DerivedData/Wishie-gavmeupfwiyxzhaiqkwzocyeeixy/Build/Intermediates.noindex/SDWebImageSwiftUI.build/Debug-iphoneos/SDWebImageSwiftUI.build/Objects-normal/arm64/ExtractedAppShortcutsMetadata.stringsdata --source-file-list /Users/khanghnguyen/Library/Developer/Xcode/DerivedData/Wishie-gavmeupfwiyxzhaiqkwzocyeeixy/Build/Intermediates.noindex/SDWebImageSwiftUI.build/Debug-iphoneos/SDWebImageSwiftUI.build/Objects-normal/arm64/SDWebImageSwiftUI.SwiftFileList --metadata-file-list /Users/khanghnguyen/Library/Developer/Xcode/DerivedData/Wishie-gavmeupfwiyxzhaiqkwzocyeeixy/Build/Intermediates.noindex/SDWebImageSwiftUI.build/Debug-iphoneos/SDWebImageSwiftUI.build/SDWebImageSwiftUI.DependencyMetadataFileList --static-metadata-file-list /Users/khanghnguyen/Library/Developer/Xcode/DerivedData/Wishie-gavmeupfwiyxzhaiqkwzocyeeixy/Build/Intermediates.noindex/SDWebImageSwiftUI.build/Debug-iphoneos/SDWebImageSwiftUI.build/SDWebImageSwiftUI.DependencyStaticMetadataFileList --swift-const-vals-list /Users/khanghnguyen/Library/Developer/Xcode/DerivedData/Wishie-gavmeupfwiyxzhaiqkwzocyeeixy/Build/Intermediates.noindex/SDWebImageSwiftUI.build/Debug-iphoneos/SDWebImageSwiftUI.build/Objects-normal/arm64/SDWebImageSwiftUI.SwiftConstValuesFileList --force --compile-time-extraction --deployment-aware-processing --validate-assistant-intents --no-app-shortcuts-localization
2026-05-24 14:36:12.926 appintentsmetadataprocessor[44616:13981472] Starting appintentsmetadataprocessor export
2026-05-24 14:36:13.066 appintentsmetadataprocessor[44616:13981472] Extracted no relevant App Intents symbols, skipping writing output

ScanDependencies /Users/khanghnguyen/Library/Developer/Xcode/DerivedData/Wishie-gavmeupfwiyxzhaiqkwzocyeeixy/Build/Intermediates.noindex/GoogleUtilities.build/Debug-iphoneos/GoogleUtilities-Reachability.build/Objects-normal/arm64/resource_bundle_accessor.o /Users/khanghnguyen/Library/Developer/Xcode/DerivedData/Wishie-gavmeupfwiyxzhaiqkwzocyeeixy/Build/Intermediates.noindex/GoogleUtilities.build/Debug-iphoneos/GoogleUtilities-Reachability.build/DerivedSources/resource_bundle_accessor.m normal arm64 objective-c com.apple.compilers.llvm.clang.1_0.compiler (in target 'GoogleUtilities-Reachability' from project 'GoogleUtilities')
    cd /Users/khanghnguyen/Downloads/Wishie/Wishie.xcodeproj
    
    Using response file: /Users/khanghnguyen/Library/Developer/Xcode/DerivedData/Wishie-gavmeupfwiyxzhaiqkwzocyeeixy/Build/Intermediates.noindex/GoogleUtilities.build/Debug-iphoneos/GoogleUtilities-Reachability.build/Objects-normal/arm64/e6072d4f65d7061329687fe24e3d63a7-common-args.resp
    
    builtin-ScanDependencies -o /Users/khanghnguyen/Library/Developer/Xcode/DerivedData/Wishie-gavmeupfwiyxzhaiqkwzocyeeixy/Build/Intermediates.noindex/GoogleUtilities.build/Debug-iphoneos/GoogleUtilities-Reachability.build/Objects-normal/arm64/resource_bundle_accessor.o.scan -- /Applications/Xcode.app/Contents/Developer/Toolchains/XcodeDefault.xctoolchain/usr/bin/clang -x objective-c -ivfsstatcache /Users/khanghnguyen/Library/Developer/Xcode/DerivedData/SDKStatCaches.noindex/iphoneos26.2-23C57-3794476bd08197c3e2abd9bb477ef7f7.sdkstatcache -fmessage-length\=0 -fdiagnostics-show-note-include-stack -fmacro-backtrace-limit\=0 -fno-color-diagnostics -fmodules-prune-interval\=86400 -fmodules-prune-after\=345600 -fbuild-session-file\=/Users/khanghnguyen/Library/Developer/Xcode/DerivedData/ModuleCache.noindex/Session.modulevalidation -fmodules-validate-once-per-build-session -Wnon-modular-include-in-framework-module -Werror\=non-modular-include-in-framework-module -Wno-trigraphs -Wno-missing-field-initializers -Wno-missing-prototypes -Wno-return-type -Wno-implicit-atomic-properties -Wno-objc-interface-ivars -Wno-arc-repeated-use-of-weak -Wno-missing-braces -Wparentheses -Wswitch -Wno-unused-function -Wno-unused-label -Wno-unused-parameter -Wno-unused-variable -Wunused-value -Wno-empty-body -Wno-uninitialized -Wno-unknown-pragmas -w -Wno-shadow -Wno-four-char-constants -Wno-conversion -Wno-constant-conversion -Wno-int-conversion -Wno-bool-conversion -Wno-enum-conversion -Wno-float-conversion -Wno-non-literal-null-conversion -Wno-objc-literal-conversion -Wshorten-64-to-32 -Wpointer-sign -Wno-newline-eof -Wno-selector -Wno-strict-selector-match -Wno-undeclared-selector -Wno-deprecated-implementations -Wno-implicit-fallthrough -fstrict-aliasing -Wprotocol -Wdeprecated-declarations -Wno-sign-conversion -Wno-infinite-recursion -Wno-comma -Wno-block-capture-autoreleasing -Wno-strict-prototypes -Wno-semicolon-before-method-body -index-store-path /Users/khanghnguyen/Library/Developer/Xcode/DerivedData/Wishie-gavmeupfwiyxzhaiqkwzocyeeixy/Index.noindex/DataStore @/Users/khanghnguyen/Library/Developer/Xcode/DerivedData/Wishie-gavmeupfwiyxzhaiqkwzocyeeixy/Build/Intermediates.noindex/GoogleUtilities.build/Debug-iphoneos/GoogleUtilities-Reachability.build/Objects-normal/arm64/e6072d4f65d7061329687fe24e3d63a7-common-args.resp -include /Users/khanghnguyen/Library/Developer/Xcode/DerivedData/Wishie-gavmeupfwiyxzhaiqkwzocyeeixy/Build/Intermediates.noindex/GoogleUtilities.build/Debug-iphoneos/GoogleUtilities-Reachability.build/DerivedSources/resource_bundle_accessor.h -MMD -MT dependencies -MF /Users/khanghnguyen/Library/Developer/Xcode/DerivedData/Wishie-gavmeupfwiyxzhaiqkwzocyeeixy/Build/Intermediates.noindex/GoogleUtilities.build/Debug-iphoneos/GoogleUtilities-Reachability.build/Objects-normal/arm64/resource_bundle_accessor.d --serialize-diagnostics /Users/khanghnguyen/Library/Developer/Xcode/DerivedData/Wishie-gavmeupfwiyxzhaiqkwzocyeeixy/Build/Intermediates.noindex/GoogleUtilities.build/Debug-iphoneos/GoogleUtilities-Reachability.build/Objects-normal/arm64/resource_bundle_accessor.dia -c /Users/khanghnguyen/Library/Developer/Xcode/DerivedData/Wishie-gavmeupfwiyxzhaiqkwzocyeeixy/Build/Intermediates.noindex/GoogleUtilities.build/Debug-iphoneos/GoogleUtilities-Reachability.build/DerivedSources/resource_bundle_accessor.m -o /Users/khanghnguyen/Library/Developer/Xcode/DerivedData/Wishie-gavmeupfwiyxzhaiqkwzocyeeixy/Build/Intermediates.noindex/GoogleUtilities.build/Debug-iphoneos/GoogleUtilities-Reachability.build/Objects-normal/arm64/resource_bundle_accessor.o -index-unit-output-path /GoogleUtilities.build/Debug-iphoneos/GoogleUtilities-Reachability.build/Objects-normal/arm64/resource_bundle_accessor.o

ScanDependencies /Users/khanghnguyen/Library/Developer/Xcode/DerivedData/Wishie-gavmeupfwiyxzhaiqkwzocyeeixy/Build/Intermediates.noindex/GoogleUtilities.build/Debug-iphoneos/GoogleUtilities-Reachability.build/Objects-normal/arm64/GULReachabilityChecker.o /Users/khanghnguyen/Library/Developer/Xcode/DerivedData/Wishie-gavmeupfwiyxzhaiqkwzocyeeixy/SourcePackages/checkouts/GoogleUtilities/GoogleUtilities/Reachability/GULReachabilityChecker.m normal arm64 objective-c com.apple.compilers.llvm.clang.1_0.compiler (in target 'GoogleUtilities-Reachability' from project 'GoogleUtilities')
    cd /Users/khanghnguyen/Downloads/Wishie/Wishie.xcodeproj
    
    Using response file: /Users/khanghnguyen/Library/Developer/Xcode/DerivedData/Wishie-gavmeupfwiyxzhaiqkwzocyeeixy/Build/Intermediates.noindex/GoogleUtilities.build/Debug-iphoneos/GoogleUtilities-Reachability.build/Objects-normal/arm64/e6072d4f65d7061329687fe24e3d63a7-common-args.resp
    
    builtin-ScanDependencies -o /Users/khanghnguyen/Library/Developer/Xcode/DerivedData/Wishie-gavmeupfwiyxzhaiqkwzocyeeixy/Build/Intermediates.noindex/GoogleUtilities.build/Debug-iphoneos/GoogleUtilities-Reachability.build/Objects-normal/arm64/GULReachabilityChecker.o.scan -- /Applications/Xcode.app/Contents/Developer/Toolchains/XcodeDefault.xctoolchain/usr/bin/clang -x objective-c -ivfsstatcache /Users/khanghnguyen/Library/Developer/Xcode/DerivedData/SDKStatCaches.noindex/iphoneos26.2-23C57-3794476bd08197c3e2abd9bb477ef7f7.sdkstatcache -fmessage-length\=0 -fdiagnostics-show-note-include-stack -fmacro-backtrace-limit\=0 -fno-color-diagnostics -fmodules-prune-interval\=86400 -fmodules-prune-after\=345600 -fbuild-session-file\=/Users/khanghnguyen/Library/Developer/Xcode/DerivedData/ModuleCache.noindex/Session.modulevalidation -fmodules-validate-once-per-build-session -Wnon-modular-include-in-framework-module -Werror\=non-modular-include-in-framework-module -Wno-trigraphs -Wno-missing-field-initializers -Wno-missing-prototypes -Wno-return-type -Wno-implicit-atomic-properties -Wno-objc-interface-ivars -Wno-arc-repeated-use-of-weak -Wno-missing-braces -Wparentheses -Wswitch -Wno-unused-function -Wno-unused-label -Wno-unused-parameter -Wno-unused-variable -Wunused-value -Wno-empty-body -Wno-uninitialized -Wno-unknown-pragmas -w -Wno-shadow -Wno-four-char-constants -Wno-conversion -Wno-constant-conversion -Wno-int-conversion -Wno-bool-conversion -Wno-enum-conversion -Wno-float-conversion -Wno-non-literal-null-conversion -Wno-objc-literal-conversion -Wshorten-64-to-32 -Wpointer-sign -Wno-newline-eof -Wno-selector -Wno-strict-selector-match -Wno-undeclared-selector -Wno-deprecated-implementations -Wno-implicit-fallthrough -fstrict-aliasing -Wprotocol -Wdeprecated-declarations -Wno-sign-conversion -Wno-infinite-recursion -Wno-comma -Wno-block-capture-autoreleasing -Wno-strict-prototypes -Wno-semicolon-before-method-body -index-store-path /Users/khanghnguyen/Library/Developer/Xcode/DerivedData/Wishie-gavmeupfwiyxzhaiqkwzocyeeixy/Index.noindex/DataStore @/Users/khanghnguyen/Library/Developer/Xcode/DerivedData/Wishie-gavmeupfwiyxzhaiqkwzocyeeixy/Build/Intermediates.noindex/GoogleUtilities.build/Debug-iphoneos/GoogleUtilities-Reachability.build/Objects-normal/arm64/e6072d4f65d7061329687fe24e3d63a7-common-args.resp -include /Users/khanghnguyen/Library/Developer/Xcode/DerivedData/Wishie-gavmeupfwiyxzhaiqkwzocyeeixy/Build/Intermediates.noindex/GoogleUtilities.build/Debug-iphoneos/GoogleUtilities-Reachability.build/DerivedSources/resource_bundle_accessor.h -MMD -MT dependencies -MF /Users/khanghnguyen/Library/Developer/Xcode/DerivedData/Wishie-gavmeupfwiyxzhaiqkwzocyeeixy/Build/Intermediates.noindex/GoogleUtilities.build/Debug-iphoneos/GoogleUtilities-Reachability.build/Objects-normal/arm64/GULReachabilityChecker.d --serialize-diagnostics /Users/khanghnguyen/Library/Developer/Xcode/DerivedData/Wishie-gavmeupfwiyxzhaiqkwzocyeeixy/Build/Intermediates.noindex/GoogleUtilities.build/Debug-iphoneos/GoogleUtilities-Reachability.build/Objects-normal/arm64/GULReachabilityChecker.dia -c /Users/khanghnguyen/Library/Developer/Xcode/DerivedData/Wishie-gavmeupfwiyxzhaiqkwzocyeeixy/SourcePackages/checkouts/GoogleUtilities/GoogleUtilities/Reachability/GULReachabilityChecker.m -o /Users/khanghnguyen/Library/Developer/Xcode/DerivedData/Wishie-gavmeupfwiyxzhaiqkwzocyeeixy/Build/Intermediates.noindex/GoogleUtilities.build/Debug-iphoneos/GoogleUtilities-Reachability.build/Objects-normal/arm64/GULReachabilityChecker.o -index-unit-output-path /GoogleUtilities.build/Debug-iphoneos/GoogleUtilities-Reachability.build/Objects-normal/arm64/GULReachabilityChecker.o

WriteAuxiliaryFile /Users/khanghnguyen/Library/Developer/Xcode/DerivedData/Wishie-gavmeupfwiyxzhaiqkwzocyeeixy/Build/Intermediates.noindex/gRPC.build/Debug-iphoneos/grpcWrapper.build/grpcWrapper.modulemap (in target 'grpcWrapper' from project 'gRPC')
    cd /Users/khanghnguyen/Library/Developer/Xcode/DerivedData/Wishie-gavmeupfwiyxzhaiqkwzocyeeixy/SourcePackages/checkouts/grpc-binary
    write-file /Users/khanghnguyen/Library/Developer/Xcode/DerivedData/Wishie-gavmeupfwiyxzhaiqkwzocyeeixy/Build/Intermediates.noindex/gRPC.build/Debug-iphoneos/grpcWrapper.build/grpcWrapper.modulemap

WriteAuxiliaryFile /Users/khanghnguyen/Library/Developer/Xcode/DerivedData/Wishie-gavmeupfwiyxzhaiqkwzocyeeixy/Build/Intermediates.noindex/gRPC.build/Debug-iphoneos/grpcWrapper.build/grpcWrapper.DependencyStaticMetadataFileList (in target 'grpcWrapper' from project 'gRPC')
    cd /Users/khanghnguyen/Library/Developer/Xcode/DerivedData/Wishie-gavmeupfwiyxzhaiqkwzocyeeixy/SourcePackages/checkouts/grpc-binary
    write-file /Users/khanghnguyen/Library/Developer/Xcode/DerivedData/Wishie-gavmeupfwiyxzhaiqkwzocyeeixy/Build/Intermediates.noindex/gRPC.build/Debug-iphoneos/grpcWrapper.build/grpcWrapper.DependencyStaticMetadataFileList

WriteAuxiliaryFile /Users/khanghnguyen/Library/Developer/Xcode/DerivedData/Wishie-gavmeupfwiyxzhaiqkwzocyeeixy/Build/Intermediates.noindex/gRPC.build/Debug-iphoneos/grpcWrapper.build/grpcWrapper.DependencyMetadataFileList (in target 'grpcWrapper' from project 'gRPC')
    cd /Users/khanghnguyen/Library/Developer/Xcode/DerivedData/Wishie-gavmeupfwiyxzhaiqkwzocyeeixy/SourcePackages/checkouts/grpc-binary
    write-file /Users/khanghnguyen/Library/Developer/Xcode/DerivedData/Wishie-gavmeupfwiyxzhaiqkwzocyeeixy/Build/Intermediates.noindex/gRPC.build/Debug-iphoneos/grpcWrapper.build/grpcWrapper.DependencyMetadataFileList

WriteAuxiliaryFile /Users/khanghnguyen/Library/Developer/Xcode/DerivedData/Wishie-gavmeupfwiyxzhaiqkwzocyeeixy/Build/Intermediates.noindex/gRPC.build/Debug-iphoneos/grpcWrapper.build/Objects-normal/arm64/grpcWrapper.LinkFileList (in target 'grpcWrapper' from project 'gRPC')
    cd /Users/khanghnguyen/Library/Developer/Xcode/DerivedData/Wishie-gavmeupfwiyxzhaiqkwzocyeeixy/SourcePackages/checkouts/grpc-binary
    write-file /Users/khanghnguyen/Library/Developer/Xcode/DerivedData/Wishie-gavmeupfwiyxzhaiqkwzocyeeixy/Build/Intermediates.noindex/gRPC.build/Debug-iphoneos/grpcWrapper.build/Objects-normal/arm64/grpcWrapper.LinkFileList

WriteAuxiliaryFile /Users/khanghnguyen/Library/Developer/Xcode/DerivedData/Wishie-gavmeupfwiyxzhaiqkwzocyeeixy/Build/Intermediates.noindex/gRPC.build/Debug-iphoneos/grpcWrapper.build/Objects-normal/arm64/e6072d4f65d7061329687fe24e3d63a7-common-args.resp (in target 'grpcWrapper' from project 'gRPC')
    cd /Users/khanghnguyen/Library/Developer/Xcode/DerivedData/Wishie-gavmeupfwiyxzhaiqkwzocyeeixy/SourcePackages/checkouts/grpc-binary
    write-file /Users/khanghnguyen/Library/Developer/Xcode/DerivedData/Wishie-gavmeupfwiyxzhaiqkwzocyeeixy/Build/Intermediates.noindex/gRPC.build/Debug-iphoneos/grpcWrapper.build/Objects-normal/arm64/e6072d4f65d7061329687fe24e3d63a7-common-args.resp
-target arm64-apple-ios12.0 -fobjc-arc -fmodules -gmodules '-fmodules-cache-path=/Users/khanghnguyen/Library/Developer/Xcode/DerivedData/ModuleCache.noindex' '-fmodule-name=grpcWrapper' -fpascal-strings -O0 -DSWIFT_PACKAGE '-DDEBUG=1' '-DOBJC_OLD_DISPATCH_PROTOTYPES=1' -isysroot /Applications/Xcode.app/Contents/Developer/Platforms/iPhoneOS.platform/Developer/SDKs/iPhoneOS26.2.sdk -g -fprofile-instr-generate -fcoverage-mapping -I/Users/khanghnguyen/Library/Developer/Xcode/DerivedData/Wishie-gavmeupfwiyxzhaiqkwzocyeeixy/Build/Products/Debug-iphoneos/include -I/Users/khanghnguyen/Library/Developer/Xcode/DerivedData/Wishie-gavmeupfwiyxzhaiqkwzocyeeixy/SourcePackages/checkouts/grpc-binary/grpc-Wrapper/include -I/Users/khanghnguyen/Library/Developer/Xcode/DerivedData/Wishie-gavmeupfwiyxzhaiqkwzocyeeixy/Build/Intermediates.noindex/gRPC.build/Debug-iphoneos/grpcWrapper.build/DerivedSources-normal/arm64 -I/Users/khanghnguyen/Library/Developer/Xcode/DerivedData/Wishie-gavmeupfwiyxzhaiqkwzocyeeixy/Build/Intermediates.noindex/gRPC.build/Debug-iphoneos/grpcWrapper.build/DerivedSources/arm64 -I/Users/khanghnguyen/Library/Developer/Xcode/DerivedData/Wishie-gavmeupfwiyxzhaiqkwzocyeeixy/Build/Intermediates.noindex/gRPC.build/Debug-iphoneos/grpcWrapper.build/DerivedSources -F/Users/khanghnguyen/Library/Developer/Xcode/DerivedData/Wishie-gavmeupfwiyxzhaiqkwzocyeeixy/Build/Products/Debug-iphoneos -iframework /Applications/Xcode.app/Contents/Developer/Platforms/iPhoneOS.platform/Developer/Library/Frameworks -iframework /Applications/Xcode.app/Contents/Developer/Platforms/iPhoneOS.platform/Developer/SDKs/iPhoneOS26.2.sdk/Developer/Library/Frameworks -DXcode

WriteAuxiliaryFile /Users/khanghnguyen/Library/Developer/Xcode/DerivedData/Wishie-gavmeupfwiyxzhaiqkwzocyeeixy/Build/Intermediates.noindex/gRPC.build/Debug-iphoneos/grpcWrapper.build/DerivedSources/resource_bundle_accessor.m (in target 'grpcWrapper' from project 'gRPC')
    cd /Users/khanghnguyen/Library/Developer/Xcode/DerivedData/Wishie-gavmeupfwiyxzhaiqkwzocyeeixy/SourcePackages/checkouts/grpc-binary
    write-file /Users/khanghnguyen/Library/Developer/Xcode/DerivedData/Wishie-gavmeupfwiyxzhaiqkwzocyeeixy/Build/Intermediates.noindex/gRPC.build/Debug-iphoneos/grpcWrapper.build/DerivedSources/resource_bundle_accessor.m

WriteAuxiliaryFile /Users/khanghnguyen/Library/Developer/Xcode/DerivedData/Wishie-gavmeupfwiyxzhaiqkwzocyeeixy/Build/Intermediates.noindex/gRPC.build/Debug-iphoneos/grpcWrapper.build/DerivedSources/resource_bundle_accessor.h (in target 'grpcWrapper' from project 'gRPC')
    cd /Users/khanghnguyen/Library/Developer/Xcode/DerivedData/Wishie-gavmeupfwiyxzhaiqkwzocyeeixy/SourcePackages/checkouts/grpc-binary
    write-file /Users/khanghnguyen/Library/Developer/Xcode/DerivedData/Wishie-gavmeupfwiyxzhaiqkwzocyeeixy/Build/Intermediates.noindex/gRPC.build/Debug-iphoneos/grpcWrapper.build/DerivedSources/resource_bundle_accessor.h

Copy /Users/khanghnguyen/Library/Developer/Xcode/DerivedData/Wishie-gavmeupfwiyxzhaiqkwzocyeeixy/Build/Intermediates.noindex/GeneratedModuleMaps-iphoneos/grpcWrapper.modulemap /Users/khanghnguyen/Library/Developer/Xcode/DerivedData/Wishie-gavmeupfwiyxzhaiqkwzocyeeixy/Build/Intermediates.noindex/gRPC.build/Debug-iphoneos/grpcWrapper.build/grpcWrapper.modulemap (in target 'grpcWrapper' from project 'gRPC')
    cd /Users/khanghnguyen/Library/Developer/Xcode/DerivedData/Wishie-gavmeupfwiyxzhaiqkwzocyeeixy/SourcePackages/checkouts/grpc-binary
    builtin-copy -exclude .DS_Store -exclude CVS -exclude .svn -exclude .git -exclude .hg -resolve-src-symlinks /Users/khanghnguyen/Library/Developer/Xcode/DerivedData/Wishie-gavmeupfwiyxzhaiqkwzocyeeixy/Build/Intermediates.noindex/gRPC.build/Debug-iphoneos/grpcWrapper.build/grpcWrapper.modulemap /Users/khanghnguyen/Library/Developer/Xcode/DerivedData/Wishie-gavmeupfwiyxzhaiqkwzocyeeixy/Build/Intermediates.noindex/GeneratedModuleMaps-iphoneos

SwiftMergeGeneratedHeaders /Users/khanghnguyen/Library/Developer/Xcode/DerivedData/Wishie-gavmeupfwiyxzhaiqkwzocyeeixy/Build/Intermediates.noindex/GeneratedModuleMaps-iphoneos/IssueReporting-Swift.h /Users/khanghnguyen/Library/Developer/Xcode/DerivedData/Wishie-gavmeupfwiyxzhaiqkwzocyeeixy/Build/Intermediates.noindex/xctest-dynamic-overlay.build/Debug-iphoneos/IssueReporting.build/Objects-normal/arm64/IssueReporting-Swift.h (in target 'IssueReporting' from project 'xctest-dynamic-overlay')
    cd /Users/khanghnguyen/Library/Developer/Xcode/DerivedData/Wishie-gavmeupfwiyxzhaiqkwzocyeeixy/SourcePackages/checkouts/xctest-dynamic-overlay
    builtin-swiftHeaderTool -arch arm64 /Users/khanghnguyen/Library/Developer/Xcode/DerivedData/Wishie-gavmeupfwiyxzhaiqkwzocyeeixy/Build/Intermediates.noindex/xctest-dynamic-overlay.build/Debug-iphoneos/IssueReporting.build/Objects-normal/arm64/IssueReporting-Swift.h -o /Users/khanghnguyen/Library/Developer/Xcode/DerivedData/Wishie-gavmeupfwiyxzhaiqkwzocyeeixy/Build/Intermediates.noindex/GeneratedModuleMaps-iphoneos/IssueReporting-Swift.h

Copy /Users/khanghnguyen/Library/Developer/Xcode/DerivedData/Wishie-gavmeupfwiyxzhaiqkwzocyeeixy/Build/Products/Debug-iphoneos/IssueReporting.swiftmodule/arm64-apple-ios.swiftmodule /Users/khanghnguyen/Library/Developer/Xcode/DerivedData/Wishie-gavmeupfwiyxzhaiqkwzocyeeixy/Build/Intermediates.noindex/xctest-dynamic-overlay.build/Debug-iphoneos/IssueReporting.build/Objects-normal/arm64/IssueReporting.swiftmodule (in target 'IssueReporting' from project 'xctest-dynamic-overlay')
    cd /Users/khanghnguyen/Library/Developer/Xcode/DerivedData/Wishie-gavmeupfwiyxzhaiqkwzocyeeixy/SourcePackages/checkouts/xctest-dynamic-overlay
    builtin-copy -exclude .DS_Store -exclude CVS -exclude .svn -exclude .git -exclude .hg -resolve-src-symlinks -rename /Users/khanghnguyen/Library/Developer/Xcode/DerivedData/Wishie-gavmeupfwiyxzhaiqkwzocyeeixy/Build/Intermediates.noindex/xctest-dynamic-overlay.build/Debug-iphoneos/IssueReporting.build/Objects-normal/arm64/IssueReporting.swiftmodule /Users/khanghnguyen/Library/Developer/Xcode/DerivedData/Wishie-gavmeupfwiyxzhaiqkwzocyeeixy/Build/Products/Debug-iphoneos/IssueReporting.swiftmodule/arm64-apple-ios.swiftmodule

Copy /Users/khanghnguyen/Library/Developer/Xcode/DerivedData/Wishie-gavmeupfwiyxzhaiqkwzocyeeixy/Build/Products/Debug-iphoneos/IssueReporting.swiftmodule/arm64-apple-ios.swiftdoc /Users/khanghnguyen/Library/Developer/Xcode/DerivedData/Wishie-gavmeupfwiyxzhaiqkwzocyeeixy/Build/Intermediates.noindex/xctest-dynamic-overlay.build/Debug-iphoneos/IssueReporting.build/Objects-normal/arm64/IssueReporting.swiftdoc (in target 'IssueReporting' from project 'xctest-dynamic-overlay')
    cd /Users/khanghnguyen/Library/Developer/Xcode/DerivedData/Wishie-gavmeupfwiyxzhaiqkwzocyeeixy/SourcePackages/checkouts/xctest-dynamic-overlay
    builtin-copy -exclude .DS_Store -exclude CVS -exclude .svn -exclude .git -exclude .hg -resolve-src-symlinks -rename /Users/khanghnguyen/Library/Developer/Xcode/DerivedData/Wishie-gavmeupfwiyxzhaiqkwzocyeeixy/Build/Intermediates.noindex/xctest-dynamic-overlay.build/Debug-iphoneos/IssueReporting.build/Objects-normal/arm64/IssueReporting.swiftdoc /Users/khanghnguyen/Library/Developer/Xcode/DerivedData/Wishie-gavmeupfwiyxzhaiqkwzocyeeixy/Build/Products/Debug-iphoneos/IssueReporting.swiftmodule/arm64-apple-ios.swiftdoc

Copy /Users/khanghnguyen/Library/Developer/Xcode/DerivedData/Wishie-gavmeupfwiyxzhaiqkwzocyeeixy/Build/Products/Debug-iphoneos/IssueReporting.swiftmodule/arm64-apple-ios.abi.json /Users/khanghnguyen/Library/Developer/Xcode/DerivedData/Wishie-gavmeupfwiyxzhaiqkwzocyeeixy/Build/Intermediates.noindex/xctest-dynamic-overlay.build/Debug-iphoneos/IssueReporting.build/Objects-normal/arm64/IssueReporting.abi.json (in target 'IssueReporting' from project 'xctest-dynamic-overlay')
    cd /Users/khanghnguyen/Library/Developer/Xcode/DerivedData/Wishie-gavmeupfwiyxzhaiqkwzocyeeixy/SourcePackages/checkouts/xctest-dynamic-overlay
    builtin-copy -exclude .DS_Store -exclude CVS -exclude .svn -exclude .git -exclude .hg -resolve-src-symlinks -rename /Users/khanghnguyen/Library/Developer/Xcode/DerivedData/Wishie-gavmeupfwiyxzhaiqkwzocyeeixy/Build/Intermediates.noindex/xctest-dynamic-overlay.build/Debug-iphoneos/IssueReporting.build/Objects-normal/arm64/IssueReporting.abi.json /Users/khanghnguyen/Library/Developer/Xcode/DerivedData/Wishie-gavmeupfwiyxzhaiqkwzocyeeixy/Build/Products/Debug-iphoneos/IssueReporting.swiftmodule/arm64-apple-ios.abi.json

Copy /Users/khanghnguyen/Library/Developer/Xcode/DerivedData/Wishie-gavmeupfwiyxzhaiqkwzocyeeixy/Build/Products/Debug-iphoneos/IssueReporting.swiftmodule/Project/arm64-apple-ios.swiftsourceinfo /Users/khanghnguyen/Library/Developer/Xcode/DerivedData/Wishie-gavmeupfwiyxzhaiqkwzocyeeixy/Build/Intermediates.noindex/xctest-dynamic-overlay.build/Debug-iphoneos/IssueReporting.build/Objects-normal/arm64/IssueReporting.swiftsourceinfo (in target 'IssueReporting' from project 'xctest-dynamic-overlay')
    cd /Users/khanghnguyen/Library/Developer/Xcode/DerivedData/Wishie-gavmeupfwiyxzhaiqkwzocyeeixy/SourcePackages/checkouts/xctest-dynamic-overlay
    builtin-copy -exclude .DS_Store -exclude CVS -exclude .svn -exclude .git -exclude .hg -resolve-src-symlinks -rename /Users/khanghnguyen/Library/Developer/Xcode/DerivedData/Wishie-gavmeupfwiyxzhaiqkwzocyeeixy/Build/Intermediates.noindex/xctest-dynamic-overlay.build/Debug-iphoneos/IssueReporting.build/Objects-normal/arm64/IssueReporting.swiftsourceinfo /Users/khanghnguyen/Library/Developer/Xcode/DerivedData/Wishie-gavmeupfwiyxzhaiqkwzocyeeixy/Build/Products/Debug-iphoneos/IssueReporting.swiftmodule/Project/arm64-apple-ios.swiftsourceinfo

SwiftDriver FirebaseCoreInternal normal arm64 com.apple.xcode.tools.swift.compiler (in target 'FirebaseCoreInternal' from project 'Firebase')
    cd /Users/khanghnguyen/Downloads/Wishie/Wishie.xcodeproj
    builtin-SwiftDriver -- /Applications/Xcode.app/Contents/Developer/Toolchains/XcodeDefault.xctoolchain/usr/bin/swiftc -module-name FirebaseCoreInternal -Onone -enforce-exclusivity\=checked @/Users/khanghnguyen/Library/Developer/Xcode/DerivedData/Wishie-gavmeupfwiyxzhaiqkwzocyeeixy/Build/Intermediates.noindex/Firebase.build/Debug-iphoneos/FirebaseCoreInternal.build/Objects-normal/arm64/FirebaseCoreInternal.SwiftFileList -DSWIFT_PACKAGE -DDEBUG -DSWIFT_MODULE_RESOURCE_BUNDLE_AVAILABLE -Xcc -fmodule-map-file\=/Users/khanghnguyen/Library/Developer/Xcode/DerivedData/Wishie-gavmeupfwiyxzhaiqkwzocyeeixy/Build/Intermediates.noindex/GeneratedModuleMaps-iphoneos/GoogleUtilities-NSData.modulemap -DXcode -plugin-path /Applications/Xcode.app/Contents/Developer/Toolchains/XcodeDefault.xctoolchain/usr/lib/swift/host/plugins/testing -enable-experimental-feature DebugDescriptionMacro -sdk /Applications/Xcode.app/Contents/Developer/Platforms/iPhoneOS.platform/Developer/SDKs/iPhoneOS26.2.sdk -target arm64-apple-ios15.0 -g -module-cache-path /Users/khanghnguyen/Library/Developer/Xcode/DerivedData/ModuleCache.noindex -Xfrontend -serialize-debugging-options -profile-coverage-mapping -profile-generate -enable-testing -suppress-warnings -index-store-path /Users/khanghnguyen/Library/Developer/Xcode/DerivedData/Wishie-gavmeupfwiyxzhaiqkwzocyeeixy/Index.noindex/DataStore -Xcc -D_LIBCPP_HARDENING_MODE\=_LIBCPP_HARDENING_MODE_DEBUG -swift-version 6 -I /Users/khanghnguyen/Library/Developer/Xcode/DerivedData/Wishie-gavmeupfwiyxzhaiqkwzocyeeixy/Build/Products/Debug-iphoneos -Isystem /Applications/Xcode.app/Contents/Developer/Platforms/iPhoneOS.platform/Developer/usr/lib -F /Users/khanghnguyen/Library/Developer/Xcode/DerivedData/Wishie-gavmeupfwiyxzhaiqkwzocyeeixy/Build/Products/Debug-iphoneos/PackageFrameworks -F /Users/khanghnguyen/Library/Developer/Xcode/DerivedData/Wishie-gavmeupfwiyxzhaiqkwzocyeeixy/Build/Products/Debug-iphoneos -F /Applications/Xcode.app/Contents/Developer/Platforms/iPhoneOS.platform/Developer/Library/Frameworks -F /Applications/Xcode.app/Contents/Developer/Platforms/iPhoneOS.platform/Developer/SDKs/iPhoneOS26.2.sdk/Developer/Library/Frameworks -c -j8 -enable-batch-mode -incremental -Xcc -ivfsstatcache -Xcc /Users/khanghnguyen/Library/Developer/Xcode/DerivedData/SDKStatCaches.noindex/iphoneos26.2-23C57-3794476bd08197c3e2abd9bb477ef7f7.sdkstatcache -output-file-map /Users/khanghnguyen/Library/Developer/Xcode/DerivedData/Wishie-gavmeupfwiyxzhaiqkwzocyeeixy/Build/Intermediates.noindex/Firebase.build/Debug-iphoneos/FirebaseCoreInternal.build/Objects-normal/arm64/FirebaseCoreInternal-OutputFileMap.json -use-frontend-parseable-output -save-temps -no-color-diagnostics -explicit-module-build -module-cache-path /Users/khanghnguyen/Library/Developer/Xcode/DerivedData/Wishie-gavmeupfwiyxzhaiqkwzocyeeixy/Build/Intermediates.noindex/SwiftExplicitPrecompiledModules -clang-scanner-module-cache-path /Users/khanghnguyen/Library/Developer/Xcode/DerivedData/ModuleCache.noindex -sdk-module-cache-path /Users/khanghnguyen/Library/Developer/Xcode/DerivedData/ModuleCache.noindex -serialize-diagnostics -emit-dependencies -emit-module -emit-module-path /Users/khanghnguyen/Library/Developer/Xcode/DerivedData/Wishie-gavmeupfwiyxzhaiqkwzocyeeixy/Build/Intermediates.noindex/Firebase.build/Debug-iphoneos/FirebaseCoreInternal.build/Objects-normal/arm64/FirebaseCoreInternal.swiftmodule -user-module-version 12.13.0 -validate-clang-modules-once -clang-build-session-file /Users/khanghnguyen/Library/Developer/Xcode/DerivedData/ModuleCache.noindex/Session.modulevalidation -package-name firebase_ios_sdk -Xcc -I/Users/khanghnguyen/Library/Developer/Xcode/DerivedData/Wishie-gavmeupfwiyxzhaiqkwzocyeeixy/Build/Intermediates.noindex/Firebase.build/Debug-iphoneos/FirebaseCoreInternal.build/swift-overrides.hmap -emit-const-values -Xfrontend -const-gather-protocols-file -Xfrontend /Users/khanghnguyen/Library/Developer/Xcode/DerivedData/Wishie-gavmeupfwiyxzhaiqkwzocyeeixy/Build/Intermediates.noindex/Firebase.build/Debug-iphoneos/FirebaseCoreInternal.build/Objects-normal/arm64/FirebaseCoreInternal_const_extract_protocols.json -Xcc -I/Users/khanghnguyen/Library/Developer/Xcode/DerivedData/Wishie-gavmeupfwiyxzhaiqkwzocyeeixy/SourcePackages/checkouts/GoogleUtilities/GoogleUtilities/NSData+zlib/Public -Xcc -I/Users/khanghnguyen/Library/Developer/Xcode/DerivedData/Wishie-gavmeupfwiyxzhaiqkwzocyeeixy/Build/Products/Debug-iphoneos/include -Xcc -I/Users/khanghnguyen/Library/Developer/Xcode/DerivedData/Wishie-gavmeupfwiyxzhaiqkwzocyeeixy/Build/Intermediates.noindex/Firebase.build/Debug-iphoneos/FirebaseCoreInternal.build/DerivedSources-normal/arm64 -Xcc -I/Users/khanghnguyen/Library/Developer/Xcode/DerivedData/Wishie-gavmeupfwiyxzhaiqkwzocyeeixy/Build/Intermediates.noindex/Firebase.build/Debug-iphoneos/FirebaseCoreInternal.build/DerivedSources/arm64 -Xcc -I/Users/khanghnguyen/Library/Developer/Xcode/DerivedData/Wishie-gavmeupfwiyxzhaiqkwzocyeeixy/Build/Intermediates.noindex/Firebase.build/Debug-iphoneos/FirebaseCoreInternal.build/DerivedSources -Xcc -DSWIFT_PACKAGE -Xcc -DDEBUG\=1 -emit-objc-header -emit-objc-header-path /Users/khanghnguyen/Library/Developer/Xcode/DerivedData/Wishie-gavmeupfwiyxzhaiqkwzocyeeixy/Build/Intermediates.noindex/Firebase.build/Debug-iphoneos/FirebaseCoreInternal.build/Objects-normal/arm64/FirebaseCoreInternal-Swift.h -working-directory /Users/khanghnguyen/Downloads/Wishie/Wishie.xcodeproj -experimental-emit-module-separately -disable-cmo

SwiftDriverJobDiscovery normal arm64 Compiling TestContext.swift, Unimplemented.swift (in target 'IssueReporting' from project 'xctest-dynamic-overlay')

ScanDependencies /Users/khanghnguyen/Library/Developer/Xcode/DerivedData/Wishie-gavmeupfwiyxzhaiqkwzocyeeixy/Build/Intermediates.noindex/Firebase.build/Debug-iphoneos/FirebaseAuthInternal.build/Objects-normal/arm64/FIRMultiFactorConstants.o /Users/khanghnguyen/Library/Developer/Xcode/DerivedData/Wishie-gavmeupfwiyxzhaiqkwzocyeeixy/SourcePackages/checkouts/firebase-ios-sdk/FirebaseAuth/Sources/ObjC/FIRMultiFactorConstants.m normal arm64 objective-c com.apple.compilers.llvm.clang.1_0.compiler (in target 'FirebaseAuthInternal' from project 'Firebase')
    cd /Users/khanghnguyen/Downloads/Wishie/Wishie.xcodeproj
    
    Using response file: /Users/khanghnguyen/Library/Developer/Xcode/DerivedData/Wishie-gavmeupfwiyxzhaiqkwzocyeeixy/Build/Intermediates.noindex/Firebase.build/Debug-iphoneos/FirebaseAuthInternal.build/Objects-normal/arm64/e6072d4f65d7061329687fe24e3d63a7-common-args.resp
    
    builtin-ScanDependencies -o /Users/khanghnguyen/Library/Developer/Xcode/DerivedData/Wishie-gavmeupfwiyxzhaiqkwzocyeeixy/Build/Intermediates.noindex/Firebase.build/Debug-iphoneos/FirebaseAuthInternal.build/Objects-normal/arm64/FIRMultiFactorConstants.o.scan -- /Applications/Xcode.app/Contents/Developer/Toolchains/XcodeDefault.xctoolchain/usr/bin/clang -x objective-c -ivfsstatcache /Users/khanghnguyen/Library/Developer/Xcode/DerivedData/SDKStatCaches.noindex/iphoneos26.2-23C57-3794476bd08197c3e2abd9bb477ef7f7.sdkstatcache -fmessage-length\=0 -fdiagnostics-show-note-include-stack -fmacro-backtrace-limit\=0 -fno-color-diagnostics -fmodules-prune-interval\=86400 -fmodules-prune-after\=345600 -fbuild-session-file\=/Users/khanghnguyen/Library/Developer/Xcode/DerivedData/ModuleCache.noindex/Session.modulevalidation -fmodules-validate-once-per-build-session -Wnon-modular-include-in-framework-module -Werror\=non-modular-include-in-framework-module -Wno-trigraphs -Wno-missing-field-initializers -Wno-missing-prototypes -Wno-return-type -Wno-implicit-atomic-properties -Wno-objc-interface-ivars -Wno-arc-repeated-use-of-weak -Wno-missing-braces -Wparentheses -Wswitch -Wno-unused-function -Wno-unused-label -Wno-unused-parameter -Wno-unused-variable -Wunused-value -Wno-empty-body -Wno-uninitialized -Wno-unknown-pragmas -w -Wno-shadow -Wno-four-char-constants -Wno-conversion -Wno-constant-conversion -Wno-int-conversion -Wno-bool-conversion -Wno-enum-conversion -Wno-float-conversion -Wno-non-literal-null-conversion -Wno-objc-literal-conversion -Wshorten-64-to-32 -Wpointer-sign -Wno-newline-eof -Wno-selector -Wno-strict-selector-match -Wno-undeclared-selector -Wno-deprecated-implementations -Wno-implicit-fallthrough -fstrict-aliasing -Wprotocol -Wdeprecated-declarations -Wno-sign-conversion -Wno-infinite-recursion -Wno-comma -Wno-block-capture-autoreleasing -Wno-strict-prototypes -Wno-semicolon-before-method-body -index-store-path /Users/khanghnguyen/Library/Developer/Xcode/DerivedData/Wishie-gavmeupfwiyxzhaiqkwzocyeeixy/Index.noindex/DataStore @/Users/khanghnguyen/Library/Developer/Xcode/DerivedData/Wishie-gavmeupfwiyxzhaiqkwzocyeeixy/Build/Intermediates.noindex/Firebase.build/Debug-iphoneos/FirebaseAuthInternal.build/Objects-normal/arm64/e6072d4f65d7061329687fe24e3d63a7-common-args.resp -MMD -MT dependencies -MF /Users/khanghnguyen/Library/Developer/Xcode/DerivedData/Wishie-gavmeupfwiyxzhaiqkwzocyeeixy/Build/Intermediates.noindex/Firebase.build/Debug-iphoneos/FirebaseAuthInternal.build/Objects-normal/arm64/FIRMultiFactorConstants.d --serialize-diagnostics /Users/khanghnguyen/Library/Developer/Xcode/DerivedData/Wishie-gavmeupfwiyxzhaiqkwzocyeeixy/Build/Intermediates.noindex/Firebase.build/Debug-iphoneos/FirebaseAuthInternal.build/Objects-normal/arm64/FIRMultiFactorConstants.dia -c /Users/khanghnguyen/Library/Developer/Xcode/DerivedData/Wishie-gavmeupfwiyxzhaiqkwzocyeeixy/SourcePackages/checkouts/firebase-ios-sdk/FirebaseAuth/Sources/ObjC/FIRMultiFactorConstants.m -o /Users/khanghnguyen/Library/Developer/Xcode/DerivedData/Wishie-gavmeupfwiyxzhaiqkwzocyeeixy/Build/Intermediates.noindex/Firebase.build/Debug-iphoneos/FirebaseAuthInternal.build/Objects-normal/arm64/FIRMultiFactorConstants.o -index-unit-output-path /Firebase.build/Debug-iphoneos/FirebaseAuthInternal.build/Objects-normal/arm64/FIRMultiFactorConstants.o

ScanDependencies /Users/khanghnguyen/Library/Developer/Xcode/DerivedData/Wishie-gavmeupfwiyxzhaiqkwzocyeeixy/Build/Intermediates.noindex/Firebase.build/Debug-iphoneos/FirebaseAuthInternal.build/Objects-normal/arm64/FIRAuthProvider.o /Users/khanghnguyen/Library/Developer/Xcode/DerivedData/Wishie-gavmeupfwiyxzhaiqkwzocyeeixy/SourcePackages/checkouts/firebase-ios-sdk/FirebaseAuth/Sources/ObjC/FIRAuthProvider.m normal arm64 objective-c com.apple.compilers.llvm.clang.1_0.compiler (in target 'FirebaseAuthInternal' from project 'Firebase')
    cd /Users/khanghnguyen/Downloads/Wishie/Wishie.xcodeproj
    
    Using response file: /Users/khanghnguyen/Library/Developer/Xcode/DerivedData/Wishie-gavmeupfwiyxzhaiqkwzocyeeixy/Build/Intermediates.noindex/Firebase.build/Debug-iphoneos/FirebaseAuthInternal.build/Objects-normal/arm64/e6072d4f65d7061329687fe24e3d63a7-common-args.resp
    
    builtin-ScanDependencies -o /Users/khanghnguyen/Library/Developer/Xcode/DerivedData/Wishie-gavmeupfwiyxzhaiqkwzocyeeixy/Build/Intermediates.noindex/Firebase.build/Debug-iphoneos/FirebaseAuthInternal.build/Objects-normal/arm64/FIRAuthProvider.o.scan -- /Applications/Xcode.app/Contents/Developer/Toolchains/XcodeDefault.xctoolchain/usr/bin/clang -x objective-c -ivfsstatcache /Users/khanghnguyen/Library/Developer/Xcode/DerivedData/SDKStatCaches.noindex/iphoneos26.2-23C57-3794476bd08197c3e2abd9bb477ef7f7.sdkstatcache -fmessage-length\=0 -fdiagnostics-show-note-include-stack -fmacro-backtrace-limit\=0 -fno-color-diagnostics -fmodules-prune-interval\=86400 -fmodules-prune-after\=345600 -fbuild-session-file\=/Users/khanghnguyen/Library/Developer/Xcode/DerivedData/ModuleCache.noindex/Session.modulevalidation -fmodules-validate-once-per-build-session -Wnon-modular-include-in-framework-module -Werror\=non-modular-include-in-framework-module -Wno-trigraphs -Wno-missing-field-initializers -Wno-missing-prototypes -Wno-return-type -Wno-implicit-atomic-properties -Wno-objc-interface-ivars -Wno-arc-repeated-use-of-weak -Wno-missing-braces -Wparentheses -Wswitch -Wno-unused-function -Wno-unused-label -Wno-unused-parameter -Wno-unused-variable -Wunused-value -Wno-empty-body -Wno-uninitialized -Wno-unknown-pragmas -w -Wno-shadow -Wno-four-char-constants -Wno-conversion -Wno-constant-conversion -Wno-int-conversion -Wno-bool-conversion -Wno-enum-conversion -Wno-float-conversion -Wno-non-literal-null-conversion -Wno-objc-literal-conversion -Wshorten-64-to-32 -Wpointer-sign -Wno-newline-eof -Wno-selector -Wno-strict-selector-match -Wno-undeclared-selector -Wno-deprecated-implementations -Wno-implicit-fallthrough -fstrict-aliasing -Wprotocol -Wdeprecated-declarations -Wno-sign-conversion -Wno-infinite-recursion -Wno-comma -Wno-block-capture-autoreleasing -Wno-strict-prototypes -Wno-semicolon-before-method-body -index-store-path /Users/khanghnguyen/Library/Developer/Xcode/DerivedData/Wishie-gavmeupfwiyxzhaiqkwzocyeeixy/Index.noindex/DataStore @/Users/khanghnguyen/Library/Developer/Xcode/DerivedData/Wishie-gavmeupfwiyxzhaiqkwzocyeeixy/Build/Intermediates.noindex/Firebase.build/Debug-iphoneos/FirebaseAuthInternal.build/Objects-normal/arm64/e6072d4f65d7061329687fe24e3d63a7-common-args.resp -MMD -MT dependencies -MF /Users/khanghnguyen/Library/Developer/Xcode/DerivedData/Wishie-gavmeupfwiyxzhaiqkwzocyeeixy/Build/Intermediates.noindex/Firebase.build/Debug-iphoneos/FirebaseAuthInternal.build/Objects-normal/arm64/FIRAuthProvider.d --serialize-diagnostics /Users/khanghnguyen/Library/Developer/Xcode/DerivedData/Wishie-gavmeupfwiyxzhaiqkwzocyeeixy/Build/Intermediates.noindex/Firebase.build/Debug-iphoneos/FirebaseAuthInternal.build/Objects-normal/arm64/FIRAuthProvider.dia -c /Users/khanghnguyen/Library/Developer/Xcode/DerivedData/Wishie-gavmeupfwiyxzhaiqkwzocyeeixy/SourcePackages/checkouts/firebase-ios-sdk/FirebaseAuth/Sources/ObjC/FIRAuthProvider.m -o /Users/khanghnguyen/Library/Developer/Xcode/DerivedData/Wishie-gavmeupfwiyxzhaiqkwzocyeeixy/Build/Intermediates.noindex/Firebase.build/Debug-iphoneos/FirebaseAuthInternal.build/Objects-normal/arm64/FIRAuthProvider.o -index-unit-output-path /Firebase.build/Debug-iphoneos/FirebaseAuthInternal.build/Objects-normal/arm64/FIRAuthProvider.o

ScanDependencies /Users/khanghnguyen/Library/Developer/Xcode/DerivedData/Wishie-gavmeupfwiyxzhaiqkwzocyeeixy/Build/Intermediates.noindex/Firebase.build/Debug-iphoneos/FirebaseAuthInternal.build/Objects-normal/arm64/FIRAuthErrorUtils.o /Users/khanghnguyen/Library/Developer/Xcode/DerivedData/Wishie-gavmeupfwiyxzhaiqkwzocyeeixy/SourcePackages/checkouts/firebase-ios-sdk/FirebaseAuth/Sources/ObjC/FIRAuthErrorUtils.m normal arm64 objective-c com.apple.compilers.llvm.clang.1_0.compiler (in target 'FirebaseAuthInternal' from project 'Firebase')
    cd /Users/khanghnguyen/Downloads/Wishie/Wishie.xcodeproj
    
    Using response file: /Users/khanghnguyen/Library/Developer/Xcode/DerivedData/Wishie-gavmeupfwiyxzhaiqkwzocyeeixy/Build/Intermediates.noindex/Firebase.build/Debug-iphoneos/FirebaseAuthInternal.build/Objects-normal/arm64/e6072d4f65d7061329687fe24e3d63a7-common-args.resp
    
    builtin-ScanDependencies -o /Users/khanghnguyen/Library/Developer/Xcode/DerivedData/Wishie-gavmeupfwiyxzhaiqkwzocyeeixy/Build/Intermediates.noindex/Firebase.build/Debug-iphoneos/FirebaseAuthInternal.build/Objects-normal/arm64/FIRAuthErrorUtils.o.scan -- /Applications/Xcode.app/Contents/Developer/Toolchains/XcodeDefault.xctoolchain/usr/bin/clang -x objective-c -ivfsstatcache /Users/khanghnguyen/Library/Developer/Xcode/DerivedData/SDKStatCaches.noindex/iphoneos26.2-23C57-3794476bd08197c3e2abd9bb477ef7f7.sdkstatcache -fmessage-length\=0 -fdiagnostics-show-note-include-stack -fmacro-backtrace-limit\=0 -fno-color-diagnostics -fmodules-prune-interval\=86400 -fmodules-prune-after\=345600 -fbuild-session-file\=/Users/khanghnguyen/Library/Developer/Xcode/DerivedData/ModuleCache.noindex/Session.modulevalidation -fmodules-validate-once-per-build-session -Wnon-modular-include-in-framework-module -Werror\=non-modular-include-in-framework-module -Wno-trigraphs -Wno-missing-field-initializers -Wno-missing-prototypes -Wno-return-type -Wno-implicit-atomic-properties -Wno-objc-interface-ivars -Wno-arc-repeated-use-of-weak -Wno-missing-braces -Wparentheses -Wswitch -Wno-unused-function -Wno-unused-label -Wno-unused-parameter -Wno-unused-variable -Wunused-value -Wno-empty-body -Wno-uninitialized -Wno-unknown-pragmas -w -Wno-shadow -Wno-four-char-constants -Wno-conversion -Wno-constant-conversion -Wno-int-conversion -Wno-bool-conversion -Wno-enum-conversion -Wno-float-conversion -Wno-non-literal-null-conversion -Wno-objc-literal-conversion -Wshorten-64-to-32 -Wpointer-sign -Wno-newline-eof -Wno-selector -Wno-strict-selector-match -Wno-undeclared-selector -Wno-deprecated-implementations -Wno-implicit-fallthrough -fstrict-aliasing -Wprotocol -Wdeprecated-declarations -Wno-sign-conversion -Wno-infinite-recursion -Wno-comma -Wno-block-capture-autoreleasing -Wno-strict-prototypes -Wno-semicolon-before-method-body -index-store-path /Users/khanghnguyen/Library/Developer/Xcode/DerivedData/Wishie-gavmeupfwiyxzhaiqkwzocyeeixy/Index.noindex/DataStore @/Users/khanghnguyen/Library/Developer/Xcode/DerivedData/Wishie-gavmeupfwiyxzhaiqkwzocyeeixy/Build/Intermediates.noindex/Firebase.build/Debug-iphoneos/FirebaseAuthInternal.build/Objects-normal/arm64/e6072d4f65d7061329687fe24e3d63a7-common-args.resp -MMD -MT dependencies -MF /Users/khanghnguyen/Library/Developer/Xcode/DerivedData/Wishie-gavmeupfwiyxzhaiqkwzocyeeixy/Build/Intermediates.noindex/Firebase.build/Debug-iphoneos/FirebaseAuthInternal.build/Objects-normal/arm64/FIRAuthErrorUtils.d --serialize-diagnostics /Users/khanghnguyen/Library/Developer/Xcode/DerivedData/Wishie-gavmeupfwiyxzhaiqkwzocyeeixy/Build/Intermediates.noindex/Firebase.build/Debug-iphoneos/FirebaseAuthInternal.build/Objects-normal/arm64/FIRAuthErrorUtils.dia -c /Users/khanghnguyen/Library/Developer/Xcode/DerivedData/Wishie-gavmeupfwiyxzhaiqkwzocyeeixy/SourcePackages/checkouts/firebase-ios-sdk/FirebaseAuth/Sources/ObjC/FIRAuthErrorUtils.m -o /Users/khanghnguyen/Library/Developer/Xcode/DerivedData/Wishie-gavmeupfwiyxzhaiqkwzocyeeixy/Build/Intermediates.noindex/Firebase.build/Debug-iphoneos/FirebaseAuthInternal.build/Objects-normal/arm64/FIRAuthErrorUtils.o -index-unit-output-path /Firebase.build/Debug-iphoneos/FirebaseAuthInternal.build/Objects-normal/arm64/FIRAuthErrorUtils.o

CompileC /Users/khanghnguyen/Library/Developer/Xcode/DerivedData/Wishie-gavmeupfwiyxzhaiqkwzocyeeixy/Build/Intermediates.noindex/GoogleUtilities.build/Debug-iphoneos/GoogleUtilities-Reachability.build/Objects-normal/arm64/resource_bundle_accessor.o /Users/khanghnguyen/Library/Developer/Xcode/DerivedData/Wishie-gavmeupfwiyxzhaiqkwzocyeeixy/Build/Intermediates.noindex/GoogleUtilities.build/Debug-iphoneos/GoogleUtilities-Reachability.build/DerivedSources/resource_bundle_accessor.m normal arm64 objective-c com.apple.compilers.llvm.clang.1_0.compiler (in target 'GoogleUtilities-Reachability' from project 'GoogleUtilities')
    cd /Users/khanghnguyen/Downloads/Wishie/Wishie.xcodeproj
    
    Using response file: /Users/khanghnguyen/Library/Developer/Xcode/DerivedData/Wishie-gavmeupfwiyxzhaiqkwzocyeeixy/Build/Intermediates.noindex/GoogleUtilities.build/Debug-iphoneos/GoogleUtilities-Reachability.build/Objects-normal/arm64/e6072d4f65d7061329687fe24e3d63a7-common-args.resp
    
    /Applications/Xcode.app/Contents/Developer/Toolchains/XcodeDefault.xctoolchain/usr/bin/clang -x objective-c -ivfsstatcache /Users/khanghnguyen/Library/Developer/Xcode/DerivedData/SDKStatCaches.noindex/iphoneos26.2-23C57-3794476bd08197c3e2abd9bb477ef7f7.sdkstatcache -fmessage-length\=0 -fdiagnostics-show-note-include-stack -fmacro-backtrace-limit\=0 -fno-color-diagnostics -fmodules-prune-interval\=86400 -fmodules-prune-after\=345600 -fbuild-session-file\=/Users/khanghnguyen/Library/Developer/Xcode/DerivedData/ModuleCache.noindex/Session.modulevalidation -fmodules-validate-once-per-build-session -Wnon-modular-include-in-framework-module -Werror\=non-modular-include-in-framework-module -Wno-trigraphs -Wno-missing-field-initializers -Wno-missing-prototypes -Wno-return-type -Wno-implicit-atomic-properties -Wno-objc-interface-ivars -Wno-arc-repeated-use-of-weak -Wno-missing-braces -Wparentheses -Wswitch -Wno-unused-function -Wno-unused-label -Wno-unused-parameter -Wno-unused-variable -Wunused-value -Wno-empty-body -Wno-uninitialized -Wno-unknown-pragmas -w -Wno-shadow -Wno-four-char-constants -Wno-conversion -Wno-constant-conversion -Wno-int-conversion -Wno-bool-conversion -Wno-enum-conversion -Wno-float-conversion -Wno-non-literal-null-conversion -Wno-objc-literal-conversion -Wshorten-64-to-32 -Wpointer-sign -Wno-newline-eof -Wno-selector -Wno-strict-selector-match -Wno-undeclared-selector -Wno-deprecated-implementations -Wno-implicit-fallthrough -fstrict-aliasing -Wprotocol -Wdeprecated-declarations -Wno-sign-conversion -Wno-infinite-recursion -Wno-comma -Wno-block-capture-autoreleasing -Wno-strict-prototypes -Wno-semicolon-before-method-body -index-store-path /Users/khanghnguyen/Library/Developer/Xcode/DerivedData/Wishie-gavmeupfwiyxzhaiqkwzocyeeixy/Index.noindex/DataStore @/Users/khanghnguyen/Library/Developer/Xcode/DerivedData/Wishie-gavmeupfwiyxzhaiqkwzocyeeixy/Build/Intermediates.noindex/GoogleUtilities.build/Debug-iphoneos/GoogleUtilities-Reachability.build/Objects-normal/arm64/e6072d4f65d7061329687fe24e3d63a7-common-args.resp -include /Users/khanghnguyen/Library/Developer/Xcode/DerivedData/Wishie-gavmeupfwiyxzhaiqkwzocyeeixy/Build/Intermediates.noindex/GoogleUtilities.build/Debug-iphoneos/GoogleUtilities-Reachability.build/DerivedSources/resource_bundle_accessor.h -MMD -MT dependencies -MF /Users/khanghnguyen/Library/Developer/Xcode/DerivedData/Wishie-gavmeupfwiyxzhaiqkwzocyeeixy/Build/Intermediates.noindex/GoogleUtilities.build/Debug-iphoneos/GoogleUtilities-Reachability.build/Objects-normal/arm64/resource_bundle_accessor.d --serialize-diagnostics /Users/khanghnguyen/Library/Developer/Xcode/DerivedData/Wishie-gavmeupfwiyxzhaiqkwzocyeeixy/Build/Intermediates.noindex/GoogleUtilities.build/Debug-iphoneos/GoogleUtilities-Reachability.build/Objects-normal/arm64/resource_bundle_accessor.dia -c /Users/khanghnguyen/Library/Developer/Xcode/DerivedData/Wishie-gavmeupfwiyxzhaiqkwzocyeeixy/Build/Intermediates.noindex/GoogleUtilities.build/Debug-iphoneos/GoogleUtilities-Reachability.build/DerivedSources/resource_bundle_accessor.m -o /Users/khanghnguyen/Library/Developer/Xcode/DerivedData/Wishie-gavmeupfwiyxzhaiqkwzocyeeixy/Build/Intermediates.noindex/GoogleUtilities.build/Debug-iphoneos/GoogleUtilities-Reachability.build/Objects-normal/arm64/resource_bundle_accessor.o -index-unit-output-path /GoogleUtilities.build/Debug-iphoneos/GoogleUtilities-Reachability.build/Objects-normal/arm64/resource_bundle_accessor.o

SwiftDriverJobDiscovery normal arm64 Compiling XCTest.swift, IsTesting.swift, IssueReporter.swift (in target 'IssueReporting' from project 'xctest-dynamic-overlay')

ScanDependencies /Users/khanghnguyen/Library/Developer/Xcode/DerivedData/Wishie-gavmeupfwiyxzhaiqkwzocyeeixy/Build/Intermediates.noindex/Firebase.build/Debug-iphoneos/FirebaseAuthInternal.build/Objects-normal/arm64/FIRAuth.o /Users/khanghnguyen/Library/Developer/Xcode/DerivedData/Wishie-gavmeupfwiyxzhaiqkwzocyeeixy/SourcePackages/checkouts/firebase-ios-sdk/FirebaseAuth/Sources/ObjC/FIRAuth.m normal arm64 objective-c com.apple.compilers.llvm.clang.1_0.compiler (in target 'FirebaseAuthInternal' from project 'Firebase')
    cd /Users/khanghnguyen/Downloads/Wishie/Wishie.xcodeproj
    
    Using response file: /Users/khanghnguyen/Library/Developer/Xcode/DerivedData/Wishie-gavmeupfwiyxzhaiqkwzocyeeixy/Build/Intermediates.noindex/Firebase.build/Debug-iphoneos/FirebaseAuthInternal.build/Objects-normal/arm64/e6072d4f65d7061329687fe24e3d63a7-common-args.resp
    
    builtin-ScanDependencies -o /Users/khanghnguyen/Library/Developer/Xcode/DerivedData/Wishie-gavmeupfwiyxzhaiqkwzocyeeixy/Build/Intermediates.noindex/Firebase.build/Debug-iphoneos/FirebaseAuthInternal.build/Objects-normal/arm64/FIRAuth.o.scan -- /Applications/Xcode.app/Contents/Developer/Toolchains/XcodeDefault.xctoolchain/usr/bin/clang -x objective-c -ivfsstatcache /Users/khanghnguyen/Library/Developer/Xcode/DerivedData/SDKStatCaches.noindex/iphoneos26.2-23C57-3794476bd08197c3e2abd9bb477ef7f7.sdkstatcache -fmessage-length\=0 -fdiagnostics-show-note-include-stack -fmacro-backtrace-limit\=0 -fno-color-diagnostics -fmodules-prune-interval\=86400 -fmodules-prune-after\=345600 -fbuild-session-file\=/Users/khanghnguyen/Library/Developer/Xcode/DerivedData/ModuleCache.noindex/Session.modulevalidation -fmodules-validate-once-per-build-session -Wnon-modular-include-in-framework-module -Werror\=non-modular-include-in-framework-module -Wno-trigraphs -Wno-missing-field-initializers -Wno-missing-prototypes -Wno-return-type -Wno-implicit-atomic-properties -Wno-objc-interface-ivars -Wno-arc-repeated-use-of-weak -Wno-missing-braces -Wparentheses -Wswitch -Wno-unused-function -Wno-unused-label -Wno-unused-parameter -Wno-unused-variable -Wunused-value -Wno-empty-body -Wno-uninitialized -Wno-unknown-pragmas -w -Wno-shadow -Wno-four-char-constants -Wno-conversion -Wno-constant-conversion -Wno-int-conversion -Wno-bool-conversion -Wno-enum-conversion -Wno-float-conversion -Wno-non-literal-null-conversion -Wno-objc-literal-conversion -Wshorten-64-to-32 -Wpointer-sign -Wno-newline-eof -Wno-selector -Wno-strict-selector-match -Wno-undeclared-selector -Wno-deprecated-implementations -Wno-implicit-fallthrough -fstrict-aliasing -Wprotocol -Wdeprecated-declarations -Wno-sign-conversion -Wno-infinite-recursion -Wno-comma -Wno-block-capture-autoreleasing -Wno-strict-prototypes -Wno-semicolon-before-method-body -index-store-path /Users/khanghnguyen/Library/Developer/Xcode/DerivedData/Wishie-gavmeupfwiyxzhaiqkwzocyeeixy/Index.noindex/DataStore @/Users/khanghnguyen/Library/Developer/Xcode/DerivedData/Wishie-gavmeupfwiyxzhaiqkwzocyeeixy/Build/Intermediates.noindex/Firebase.build/Debug-iphoneos/FirebaseAuthInternal.build/Objects-normal/arm64/e6072d4f65d7061329687fe24e3d63a7-common-args.resp -MMD -MT dependencies -MF /Users/khanghnguyen/Library/Developer/Xcode/DerivedData/Wishie-gavmeupfwiyxzhaiqkwzocyeeixy/Build/Intermediates.noindex/Firebase.build/Debug-iphoneos/FirebaseAuthInternal.build/Objects-normal/arm64/FIRAuth.d --serialize-diagnostics /Users/khanghnguyen/Library/Developer/Xcode/DerivedData/Wishie-gavmeupfwiyxzhaiqkwzocyeeixy/Build/Intermediates.noindex/Firebase.build/Debug-iphoneos/FirebaseAuthInternal.build/Objects-normal/arm64/FIRAuth.dia -c /Users/khanghnguyen/Library/Developer/Xcode/DerivedData/Wishie-gavmeupfwiyxzhaiqkwzocyeeixy/SourcePackages/checkouts/firebase-ios-sdk/FirebaseAuth/Sources/ObjC/FIRAuth.m -o /Users/khanghnguyen/Library/Developer/Xcode/DerivedData/Wishie-gavmeupfwiyxzhaiqkwzocyeeixy/Build/Intermediates.noindex/Firebase.build/Debug-iphoneos/FirebaseAuthInternal.build/Objects-normal/arm64/FIRAuth.o -index-unit-output-path /Firebase.build/Debug-iphoneos/FirebaseAuthInternal.build/Objects-normal/arm64/FIRAuth.o

SwiftDriverJobDiscovery normal arm64 Compiling WithExpectedIssue.swift, WithIssueContext.swift (in target 'IssueReporting' from project 'xctest-dynamic-overlay')

SwiftDriver\ Compilation IssueReporting normal arm64 com.apple.xcode.tools.swift.compiler (in target 'IssueReporting' from project 'xctest-dynamic-overlay')
    cd /Users/khanghnguyen/Downloads/Wishie/Wishie.xcodeproj
    builtin-Swift-Compilation -- /Applications/Xcode.app/Contents/Developer/Toolchains/XcodeDefault.xctoolchain/usr/bin/swiftc -module-name IssueReporting -Onone -enforce-exclusivity\=checked @/Users/khanghnguyen/Library/Developer/Xcode/DerivedData/Wishie-gavmeupfwiyxzhaiqkwzocyeeixy/Build/Intermediates.noindex/xctest-dynamic-overlay.build/Debug-iphoneos/IssueReporting.build/Objects-normal/arm64/IssueReporting.SwiftFileList -DSWIFT_PACKAGE -DDEBUG -DSWIFT_MODULE_RESOURCE_BUNDLE_UNAVAILABLE -DXcode -plugin-path /Applications/Xcode.app/Contents/Developer/Toolchains/XcodeDefault.xctoolchain/usr/lib/swift/host/plugins/testing -enable-experimental-feature DebugDescriptionMacro -sdk /Applications/Xcode.app/Contents/Developer/Platforms/iPhoneOS.platform/Developer/SDKs/iPhoneOS26.2.sdk -target arm64-apple-ios13.0 -g -module-cache-path /Users/khanghnguyen/Library/Developer/Xcode/DerivedData/ModuleCache.noindex -Xfrontend -serialize-debugging-options -profile-coverage-mapping -profile-generate -enable-testing -suppress-warnings -index-store-path /Users/khanghnguyen/Library/Developer/Xcode/DerivedData/Wishie-gavmeupfwiyxzhaiqkwzocyeeixy/Index.noindex/DataStore -Xcc -D_LIBCPP_HARDENING_MODE\=_LIBCPP_HARDENING_MODE_DEBUG -swift-version 6 -I /Users/khanghnguyen/Library/Developer/Xcode/DerivedData/Wishie-gavmeupfwiyxzhaiqkwzocyeeixy/Build/Products/Debug-iphoneos -Isystem /Applications/Xcode.app/Contents/Developer/Platforms/iPhoneOS.platform/Developer/usr/lib -F /Users/khanghnguyen/Library/Developer/Xcode/DerivedData/Wishie-gavmeupfwiyxzhaiqkwzocyeeixy/Build/Products/Debug-iphoneos/PackageFrameworks -F /Users/khanghnguyen/Library/Developer/Xcode/DerivedData/Wishie-gavmeupfwiyxzhaiqkwzocyeeixy/Build/Products/Debug-iphoneos -F /Applications/Xcode.app/Contents/Developer/Platforms/iPhoneOS.platform/Developer/Library/Frameworks -F /Applications/Xcode.app/Contents/Developer/Platforms/iPhoneOS.platform/Developer/SDKs/iPhoneOS26.2.sdk/Developer/Library/Frameworks -c -j8 -enable-batch-mode -incremental -Xcc -ivfsstatcache -Xcc /Users/khanghnguyen/Library/Developer/Xcode/DerivedData/SDKStatCaches.noindex/iphoneos26.2-23C57-3794476bd08197c3e2abd9bb477ef7f7.sdkstatcache -output-file-map /Users/khanghnguyen/Library/Developer/Xcode/DerivedData/Wishie-gavmeupfwiyxzhaiqkwzocyeeixy/Build/Intermediates.noindex/xctest-dynamic-overlay.build/Debug-iphoneos/IssueReporting.build/Objects-normal/arm64/IssueReporting-OutputFileMap.json -use-frontend-parseable-output -save-temps -no-color-diagnostics -explicit-module-build -module-cache-path /Users/khanghnguyen/Library/Developer/Xcode/DerivedData/Wishie-gavmeupfwiyxzhaiqkwzocyeeixy/Build/Intermediates.noindex/SwiftExplicitPrecompiledModules -clang-scanner-module-cache-path /Users/khanghnguyen/Library/Developer/Xcode/DerivedData/ModuleCache.noindex -sdk-module-cache-path /Users/khanghnguyen/Library/Developer/Xcode/DerivedData/ModuleCache.noindex -serialize-diagnostics -emit-dependencies -emit-module -emit-module-path /Users/khanghnguyen/Library/Developer/Xcode/DerivedData/Wishie-gavmeupfwiyxzhaiqkwzocyeeixy/Build/Intermediates.noindex/xctest-dynamic-overlay.build/Debug-iphoneos/IssueReporting.build/Objects-normal/arm64/IssueReporting.swiftmodule -user-module-version 1.8.0 -validate-clang-modules-once -clang-build-session-file /Users/khanghnguyen/Library/Developer/Xcode/DerivedData/ModuleCache.noindex/Session.modulevalidation -package-name xctest_dynamic_overlay -Xcc -I/Users/khanghnguyen/Library/Developer/Xcode/DerivedData/Wishie-gavmeupfwiyxzhaiqkwzocyeeixy/Build/Intermediates.noindex/xctest-dynamic-overlay.build/Debug-iphoneos/IssueReporting.build/swift-overrides.hmap -emit-const-values -Xfrontend -const-gather-protocols-file -Xfrontend /Users/khanghnguyen/Library/Developer/Xcode/DerivedData/Wishie-gavmeupfwiyxzhaiqkwzocyeeixy/Build/Intermediates.noindex/xctest-dynamic-overlay.build/Debug-iphoneos/IssueReporting.build/Objects-normal/arm64/IssueReporting_const_extract_protocols.json -Xcc -I/Users/khanghnguyen/Library/Developer/Xcode/DerivedData/Wishie-gavmeupfwiyxzhaiqkwzocyeeixy/Build/Products/Debug-iphoneos/include -Xcc -I/Users/khanghnguyen/Library/Developer/Xcode/DerivedData/Wishie-gavmeupfwiyxzhaiqkwzocyeeixy/Build/Intermediates.noindex/xctest-dynamic-overlay.build/Debug-iphoneos/IssueReporting.build/DerivedSources-normal/arm64 -Xcc -I/Users/khanghnguyen/Library/Developer/Xcode/DerivedData/Wishie-gavmeupfwiyxzhaiqkwzocyeeixy/Build/Intermediates.noindex/xctest-dynamic-overlay.build/Debug-iphoneos/IssueReporting.build/DerivedSources/arm64 -Xcc -I/Users/khanghnguyen/Library/Developer/Xcode/DerivedData/Wishie-gavmeupfwiyxzhaiqkwzocyeeixy/Build/Intermediates.noindex/xctest-dynamic-overlay.build/Debug-iphoneos/IssueReporting.build/DerivedSources -Xcc -DSWIFT_PACKAGE -Xcc -DDEBUG\=1 -emit-objc-header -emit-objc-header-path /Users/khanghnguyen/Library/Developer/Xcode/DerivedData/Wishie-gavmeupfwiyxzhaiqkwzocyeeixy/Build/Intermediates.noindex/xctest-dynamic-overlay.build/Debug-iphoneos/IssueReporting.build/Objects-normal/arm64/IssueReporting-Swift.h -working-directory /Users/khanghnguyen/Downloads/Wishie/Wishie.xcodeproj -experimental-emit-module-separately -disable-cmo

PrecompileModule /Users/khanghnguyen/Library/Developer/Xcode/DerivedData/Wishie-gavmeupfwiyxzhaiqkwzocyeeixy/Build/Intermediates.noindex/ExplicitPrecompiledModules/GoogleUtilities_Logger-651Q40B8BE6358X0GR7O9BT0Q.scan
    cd /
    builtin-precompileModule /Users/khanghnguyen/Library/Developer/Xcode/DerivedData/Wishie-gavmeupfwiyxzhaiqkwzocyeeixy/Build/Intermediates.noindex/ExplicitPrecompiledModules/GoogleUtilities_Logger-651Q40B8BE6358X0GR7O9BT0Q.scan

Ld /Users/khanghnguyen/Library/Developer/Xcode/DerivedData/Wishie-gavmeupfwiyxzhaiqkwzocyeeixy/Build/Products/Debug-iphoneos/IssueReporting.o normal (in target 'IssueReporting' from project 'xctest-dynamic-overlay')
    cd /Users/khanghnguyen/Library/Developer/Xcode/DerivedData/Wishie-gavmeupfwiyxzhaiqkwzocyeeixy/SourcePackages/checkouts/xctest-dynamic-overlay
    /Applications/Xcode.app/Contents/Developer/Toolchains/XcodeDefault.xctoolchain/usr/bin/clang -Xlinker -reproducible -target arm64-apple-ios13.0 -r -isysroot /Applications/Xcode.app/Contents/Developer/Platforms/iPhoneOS.platform/Developer/SDKs/iPhoneOS26.2.sdk -O0 -w -L/Users/khanghnguyen/Library/Developer/Xcode/DerivedData/Wishie-gavmeupfwiyxzhaiqkwzocyeeixy/Build/Intermediates.noindex/EagerLinkingTBDs/Debug-iphoneos -L/Users/khanghnguyen/Library/Developer/Xcode/DerivedData/Wishie-gavmeupfwiyxzhaiqkwzocyeeixy/Build/Products/Debug-iphoneos -L/Applications/Xcode.app/Contents/Developer/Platforms/iPhoneOS.platform/Developer/usr/lib -F/Users/khanghnguyen/Library/Developer/Xcode/DerivedData/Wishie-gavmeupfwiyxzhaiqkwzocyeeixy/Build/Intermediates.noindex/EagerLinkingTBDs/Debug-iphoneos -F/Users/khanghnguyen/Library/Developer/Xcode/DerivedData/Wishie-gavmeupfwiyxzhaiqkwzocyeeixy/Build/Products/Debug-iphoneos/PackageFrameworks -F/Users/khanghnguyen/Library/Developer/Xcode/DerivedData/Wishie-gavmeupfwiyxzhaiqkwzocyeeixy/Build/Products/Debug-iphoneos -iframework /Applications/Xcode.app/Contents/Developer/Platforms/iPhoneOS.platform/Developer/Library/Frameworks -iframework /Applications/Xcode.app/Contents/Developer/Platforms/iPhoneOS.platform/Developer/SDKs/iPhoneOS26.2.sdk/Developer/Library/Frameworks -filelist /Users/khanghnguyen/Library/Developer/Xcode/DerivedData/Wishie-gavmeupfwiyxzhaiqkwzocyeeixy/Build/Intermediates.noindex/xctest-dynamic-overlay.build/Debug-iphoneos/IssueReporting.build/Objects-normal/arm64/IssueReporting.LinkFileList -nostdlib -Xlinker -object_path_lto -Xlinker /Users/khanghnguyen/Library/Developer/Xcode/DerivedData/Wishie-gavmeupfwiyxzhaiqkwzocyeeixy/Build/Intermediates.noindex/xctest-dynamic-overlay.build/Debug-iphoneos/IssueReporting.build/Objects-normal/arm64/IssueReporting_lto.o -rdynamic -Xlinker -no_deduplicate -Xlinker -debug_variant -Xlinker -dependency_info -Xlinker /Users/khanghnguyen/Library/Developer/Xcode/DerivedData/Wishie-gavmeupfwiyxzhaiqkwzocyeeixy/Build/Intermediates.noindex/xctest-dynamic-overlay.build/Debug-iphoneos/IssueReporting.build/Objects-normal/arm64/IssueReporting_dependency_info.dat -fobjc-link-runtime -L/Applications/Xcode.app/Contents/Developer/Toolchains/XcodeDefault.xctoolchain/usr/lib/swift/iphoneos -L/usr/lib/swift -Xlinker -add_ast_path -Xlinker /Users/khanghnguyen/Library/Developer/Xcode/DerivedData/Wishie-gavmeupfwiyxzhaiqkwzocyeeixy/Build/Intermediates.noindex/xctest-dynamic-overlay.build/Debug-iphoneos/IssueReporting.build/Objects-normal/arm64/IssueReporting.swiftmodule @/Users/khanghnguyen/Library/Developer/Xcode/DerivedData/Wishie-gavmeupfwiyxzhaiqkwzocyeeixy/Build/Intermediates.noindex/xctest-dynamic-overlay.build/Debug-iphoneos/IssueReporting.build/Objects-normal/arm64/IssueReporting-linker-args.resp -o /Users/khanghnguyen/Library/Developer/Xcode/DerivedData/Wishie-gavmeupfwiyxzhaiqkwzocyeeixy/Build/Products/Debug-iphoneos/IssueReporting.o

CompileC /Users/khanghnguyen/Library/Developer/Xcode/DerivedData/Wishie-gavmeupfwiyxzhaiqkwzocyeeixy/Build/Intermediates.noindex/Firebase.build/Debug-iphoneos/FirebaseAuthInternal.build/Objects-normal/arm64/FIRMultiFactorConstants.o /Users/khanghnguyen/Library/Developer/Xcode/DerivedData/Wishie-gavmeupfwiyxzhaiqkwzocyeeixy/SourcePackages/checkouts/firebase-ios-sdk/FirebaseAuth/Sources/ObjC/FIRMultiFactorConstants.m normal arm64 objective-c com.apple.compilers.llvm.clang.1_0.compiler (in target 'FirebaseAuthInternal' from project 'Firebase')
    cd /Users/khanghnguyen/Downloads/Wishie/Wishie.xcodeproj
    
    Using response file: /Users/khanghnguyen/Library/Developer/Xcode/DerivedData/Wishie-gavmeupfwiyxzhaiqkwzocyeeixy/Build/Intermediates.noindex/Firebase.build/Debug-iphoneos/FirebaseAuthInternal.build/Objects-normal/arm64/e6072d4f65d7061329687fe24e3d63a7-common-args.resp
    
    /Applications/Xcode.app/Contents/Developer/Toolchains/XcodeDefault.xctoolchain/usr/bin/clang -x objective-c -ivfsstatcache /Users/khanghnguyen/Library/Developer/Xcode/DerivedData/SDKStatCaches.noindex/iphoneos26.2-23C57-3794476bd08197c3e2abd9bb477ef7f7.sdkstatcache -fmessage-length\=0 -fdiagnostics-show-note-include-stack -fmacro-backtrace-limit\=0 -fno-color-diagnostics -fmodules-prune-interval\=86400 -fmodules-prune-after\=345600 -fbuild-session-file\=/Users/khanghnguyen/Library/Developer/Xcode/DerivedData/ModuleCache.noindex/Session.modulevalidation -fmodules-validate-once-per-build-session -Wnon-modular-include-in-framework-module -Werror\=non-modular-include-in-framework-module -Wno-trigraphs -Wno-missing-field-initializers -Wno-missing-prototypes -Wno-return-type -Wno-implicit-atomic-properties -Wno-objc-interface-ivars -Wno-arc-repeated-use-of-weak -Wno-missing-braces -Wparentheses -Wswitch -Wno-unused-function -Wno-unused-label -Wno-unused-parameter -Wno-unused-variable -Wunused-value -Wno-empty-body -Wno-uninitialized -Wno-unknown-pragmas -w -Wno-shadow -Wno-four-char-constants -Wno-conversion -Wno-constant-conversion -Wno-int-conversion -Wno-bool-conversion -Wno-enum-conversion -Wno-float-conversion -Wno-non-literal-null-conversion -Wno-objc-literal-conversion -Wshorten-64-to-32 -Wpointer-sign -Wno-newline-eof -Wno-selector -Wno-strict-selector-match -Wno-undeclared-selector -Wno-deprecated-implementations -Wno-implicit-fallthrough -fstrict-aliasing -Wprotocol -Wdeprecated-declarations -Wno-sign-conversion -Wno-infinite-recursion -Wno-comma -Wno-block-capture-autoreleasing -Wno-strict-prototypes -Wno-semicolon-before-method-body -index-store-path /Users/khanghnguyen/Library/Developer/Xcode/DerivedData/Wishie-gavmeupfwiyxzhaiqkwzocyeeixy/Index.noindex/DataStore @/Users/khanghnguyen/Library/Developer/Xcode/DerivedData/Wishie-gavmeupfwiyxzhaiqkwzocyeeixy/Build/Intermediates.noindex/Firebase.build/Debug-iphoneos/FirebaseAuthInternal.build/Objects-normal/arm64/e6072d4f65d7061329687fe24e3d63a7-common-args.resp -MMD -MT dependencies -MF /Users/khanghnguyen/Library/Developer/Xcode/DerivedData/Wishie-gavmeupfwiyxzhaiqkwzocyeeixy/Build/Intermediates.noindex/Firebase.build/Debug-iphoneos/FirebaseAuthInternal.build/Objects-normal/arm64/FIRMultiFactorConstants.d --serialize-diagnostics /Users/khanghnguyen/Library/Developer/Xcode/DerivedData/Wishie-gavmeupfwiyxzhaiqkwzocyeeixy/Build/Intermediates.noindex/Firebase.build/Debug-iphoneos/FirebaseAuthInternal.build/Objects-normal/arm64/FIRMultiFactorConstants.dia -c /Users/khanghnguyen/Library/Developer/Xcode/DerivedData/Wishie-gavmeupfwiyxzhaiqkwzocyeeixy/SourcePackages/checkouts/firebase-ios-sdk/FirebaseAuth/Sources/ObjC/FIRMultiFactorConstants.m -o /Users/khanghnguyen/Library/Developer/Xcode/DerivedData/Wishie-gavmeupfwiyxzhaiqkwzocyeeixy/Build/Intermediates.noindex/Firebase.build/Debug-iphoneos/FirebaseAuthInternal.build/Objects-normal/arm64/FIRMultiFactorConstants.o -index-unit-output-path /Firebase.build/Debug-iphoneos/FirebaseAuthInternal.build/Objects-normal/arm64/FIRMultiFactorConstants.o

CompileC /Users/khanghnguyen/Library/Developer/Xcode/DerivedData/Wishie-gavmeupfwiyxzhaiqkwzocyeeixy/Build/Intermediates.noindex/Firebase.build/Debug-iphoneos/FirebaseAuthInternal.build/Objects-normal/arm64/FIRAuthErrorUtils.o /Users/khanghnguyen/Library/Developer/Xcode/DerivedData/Wishie-gavmeupfwiyxzhaiqkwzocyeeixy/SourcePackages/checkouts/firebase-ios-sdk/FirebaseAuth/Sources/ObjC/FIRAuthErrorUtils.m normal arm64 objective-c com.apple.compilers.llvm.clang.1_0.compiler (in target 'FirebaseAuthInternal' from project 'Firebase')
    cd /Users/khanghnguyen/Downloads/Wishie/Wishie.xcodeproj
    
    Using response file: /Users/khanghnguyen/Library/Developer/Xcode/DerivedData/Wishie-gavmeupfwiyxzhaiqkwzocyeeixy/Build/Intermediates.noindex/Firebase.build/Debug-iphoneos/FirebaseAuthInternal.build/Objects-normal/arm64/e6072d4f65d7061329687fe24e3d63a7-common-args.resp
    
    /Applications/Xcode.app/Contents/Developer/Toolchains/XcodeDefault.xctoolchain/usr/bin/clang -x objective-c -ivfsstatcache /Users/khanghnguyen/Library/Developer/Xcode/DerivedData/SDKStatCaches.noindex/iphoneos26.2-23C57-3794476bd08197c3e2abd9bb477ef7f7.sdkstatcache -fmessage-length\=0 -fdiagnostics-show-note-include-stack -fmacro-backtrace-limit\=0 -fno-color-diagnostics -fmodules-prune-interval\=86400 -fmodules-prune-after\=345600 -fbuild-session-file\=/Users/khanghnguyen/Library/Developer/Xcode/DerivedData/ModuleCache.noindex/Session.modulevalidation -fmodules-validate-once-per-build-session -Wnon-modular-include-in-framework-module -Werror\=non-modular-include-in-framework-module -Wno-trigraphs -Wno-missing-field-initializers -Wno-missing-prototypes -Wno-return-type -Wno-implicit-atomic-properties -Wno-objc-interface-ivars -Wno-arc-repeated-use-of-weak -Wno-missing-braces -Wparentheses -Wswitch -Wno-unused-function -Wno-unused-label -Wno-unused-parameter -Wno-unused-variable -Wunused-value -Wno-empty-body -Wno-uninitialized -Wno-unknown-pragmas -w -Wno-shadow -Wno-four-char-constants -Wno-conversion -Wno-constant-conversion -Wno-int-conversion -Wno-bool-conversion -Wno-enum-conversion -Wno-float-conversion -Wno-non-literal-null-conversion -Wno-objc-literal-conversion -Wshorten-64-to-32 -Wpointer-sign -Wno-newline-eof -Wno-selector -Wno-strict-selector-match -Wno-undeclared-selector -Wno-deprecated-implementations -Wno-implicit-fallthrough -fstrict-aliasing -Wprotocol -Wdeprecated-declarations -Wno-sign-conversion -Wno-infinite-recursion -Wno-comma -Wno-block-capture-autoreleasing -Wno-strict-prototypes -Wno-semicolon-before-method-body -index-store-path /Users/khanghnguyen/Library/Developer/Xcode/DerivedData/Wishie-gavmeupfwiyxzhaiqkwzocyeeixy/Index.noindex/DataStore @/Users/khanghnguyen/Library/Developer/Xcode/DerivedData/Wishie-gavmeupfwiyxzhaiqkwzocyeeixy/Build/Intermediates.noindex/Firebase.build/Debug-iphoneos/FirebaseAuthInternal.build/Objects-normal/arm64/e6072d4f65d7061329687fe24e3d63a7-common-args.resp -MMD -MT dependencies -MF /Users/khanghnguyen/Library/Developer/Xcode/DerivedData/Wishie-gavmeupfwiyxzhaiqkwzocyeeixy/Build/Intermediates.noindex/Firebase.build/Debug-iphoneos/FirebaseAuthInternal.build/Objects-normal/arm64/FIRAuthErrorUtils.d --serialize-diagnostics /Users/khanghnguyen/Library/Developer/Xcode/DerivedData/Wishie-gavmeupfwiyxzhaiqkwzocyeeixy/Build/Intermediates.noindex/Firebase.build/Debug-iphoneos/FirebaseAuthInternal.build/Objects-normal/arm64/FIRAuthErrorUtils.dia -c /Users/khanghnguyen/Library/Developer/Xcode/DerivedData/Wishie-gavmeupfwiyxzhaiqkwzocyeeixy/SourcePackages/checkouts/firebase-ios-sdk/FirebaseAuth/Sources/ObjC/FIRAuthErrorUtils.m -o /Users/khanghnguyen/Library/Developer/Xcode/DerivedData/Wishie-gavmeupfwiyxzhaiqkwzocyeeixy/Build/Intermediates.noindex/Firebase.build/Debug-iphoneos/FirebaseAuthInternal.build/Objects-normal/arm64/FIRAuthErrorUtils.o -index-unit-output-path /Firebase.build/Debug-iphoneos/FirebaseAuthInternal.build/Objects-normal/arm64/FIRAuthErrorUtils.o

ScanDependencies /Users/khanghnguyen/Library/Developer/Xcode/DerivedData/Wishie-gavmeupfwiyxzhaiqkwzocyeeixy/Build/Intermediates.noindex/gRPC.build/Debug-iphoneos/grpcWrapper.build/Objects-normal/arm64/resource_bundle_accessor.o /Users/khanghnguyen/Library/Developer/Xcode/DerivedData/Wishie-gavmeupfwiyxzhaiqkwzocyeeixy/Build/Intermediates.noindex/gRPC.build/Debug-iphoneos/grpcWrapper.build/DerivedSources/resource_bundle_accessor.m normal arm64 objective-c com.apple.compilers.llvm.clang.1_0.compiler (in target 'grpcWrapper' from project 'gRPC')
    cd /Users/khanghnguyen/Downloads/Wishie/Wishie.xcodeproj
    
    Using response file: /Users/khanghnguyen/Library/Developer/Xcode/DerivedData/Wishie-gavmeupfwiyxzhaiqkwzocyeeixy/Build/Intermediates.noindex/gRPC.build/Debug-iphoneos/grpcWrapper.build/Objects-normal/arm64/e6072d4f65d7061329687fe24e3d63a7-common-args.resp
    
    builtin-ScanDependencies -o /Users/khanghnguyen/Library/Developer/Xcode/DerivedData/Wishie-gavmeupfwiyxzhaiqkwzocyeeixy/Build/Intermediates.noindex/gRPC.build/Debug-iphoneos/grpcWrapper.build/Objects-normal/arm64/resource_bundle_accessor.o.scan -- /Applications/Xcode.app/Contents/Developer/Toolchains/XcodeDefault.xctoolchain/usr/bin/clang -x objective-c -ivfsstatcache /Users/khanghnguyen/Library/Developer/Xcode/DerivedData/SDKStatCaches.noindex/iphoneos26.2-23C57-3794476bd08197c3e2abd9bb477ef7f7.sdkstatcache -fmessage-length\=0 -fdiagnostics-show-note-include-stack -fmacro-backtrace-limit\=0 -fno-color-diagnostics -fmodules-prune-interval\=86400 -fmodules-prune-after\=345600 -fbuild-session-file\=/Users/khanghnguyen/Library/Developer/Xcode/DerivedData/ModuleCache.noindex/Session.modulevalidation -fmodules-validate-once-per-build-session -Wnon-modular-include-in-framework-module -Werror\=non-modular-include-in-framework-module -Wno-trigraphs -Wno-missing-field-initializers -Wno-missing-prototypes -Wno-return-type -Wno-implicit-atomic-properties -Wno-objc-interface-ivars -Wno-arc-repeated-use-of-weak -Wno-missing-braces -Wparentheses -Wswitch -Wno-unused-function -Wno-unused-label -Wno-unused-parameter -Wno-unused-variable -Wunused-value -Wno-empty-body -Wno-uninitialized -Wno-unknown-pragmas -w -Wno-shadow -Wno-four-char-constants -Wno-conversion -Wno-constant-conversion -Wno-int-conversion -Wno-bool-conversion -Wno-enum-conversion -Wno-float-conversion -Wno-non-literal-null-conversion -Wno-objc-literal-conversion -Wshorten-64-to-32 -Wpointer-sign -Wno-newline-eof -Wno-selector -Wno-strict-selector-match -Wno-undeclared-selector -Wno-deprecated-implementations -Wno-implicit-fallthrough -fstrict-aliasing -Wprotocol -Wdeprecated-declarations -Wno-sign-conversion -Wno-infinite-recursion -Wno-comma -Wno-block-capture-autoreleasing -Wno-strict-prototypes -Wno-semicolon-before-method-body -index-store-path /Users/khanghnguyen/Library/Developer/Xcode/DerivedData/Wishie-gavmeupfwiyxzhaiqkwzocyeeixy/Index.noindex/DataStore @/Users/khanghnguyen/Library/Developer/Xcode/DerivedData/Wishie-gavmeupfwiyxzhaiqkwzocyeeixy/Build/Intermediates.noindex/gRPC.build/Debug-iphoneos/grpcWrapper.build/Objects-normal/arm64/e6072d4f65d7061329687fe24e3d63a7-common-args.resp -include /Users/khanghnguyen/Library/Developer/Xcode/DerivedData/Wishie-gavmeupfwiyxzhaiqkwzocyeeixy/Build/Intermediates.noindex/gRPC.build/Debug-iphoneos/grpcWrapper.build/DerivedSources/resource_bundle_accessor.h -MMD -MT dependencies -MF /Users/khanghnguyen/Library/Developer/Xcode/DerivedData/Wishie-gavmeupfwiyxzhaiqkwzocyeeixy/Build/Intermediates.noindex/gRPC.build/Debug-iphoneos/grpcWrapper.build/Objects-normal/arm64/resource_bundle_accessor.d --serialize-diagnostics /Users/khanghnguyen/Library/Developer/Xcode/DerivedData/Wishie-gavmeupfwiyxzhaiqkwzocyeeixy/Build/Intermediates.noindex/gRPC.build/Debug-iphoneos/grpcWrapper.build/Objects-normal/arm64/resource_bundle_accessor.dia -c /Users/khanghnguyen/Library/Developer/Xcode/DerivedData/Wishie-gavmeupfwiyxzhaiqkwzocyeeixy/Build/Intermediates.noindex/gRPC.build/Debug-iphoneos/grpcWrapper.build/DerivedSources/resource_bundle_accessor.m -o /Users/khanghnguyen/Library/Developer/Xcode/DerivedData/Wishie-gavmeupfwiyxzhaiqkwzocyeeixy/Build/Intermediates.noindex/gRPC.build/Debug-iphoneos/grpcWrapper.build/Objects-normal/arm64/resource_bundle_accessor.o -index-unit-output-path /gRPC.build/Debug-iphoneos/grpcWrapper.build/Objects-normal/arm64/resource_bundle_accessor.o

CompileC /Users/khanghnguyen/Library/Developer/Xcode/DerivedData/Wishie-gavmeupfwiyxzhaiqkwzocyeeixy/Build/Intermediates.noindex/Firebase.build/Debug-iphoneos/FirebaseAuthInternal.build/Objects-normal/arm64/FIRAuthProvider.o /Users/khanghnguyen/Library/Developer/Xcode/DerivedData/Wishie-gavmeupfwiyxzhaiqkwzocyeeixy/SourcePackages/checkouts/firebase-ios-sdk/FirebaseAuth/Sources/ObjC/FIRAuthProvider.m normal arm64 objective-c com.apple.compilers.llvm.clang.1_0.compiler (in target 'FirebaseAuthInternal' from project 'Firebase')
    cd /Users/khanghnguyen/Downloads/Wishie/Wishie.xcodeproj
    
    Using response file: /Users/khanghnguyen/Library/Developer/Xcode/DerivedData/Wishie-gavmeupfwiyxzhaiqkwzocyeeixy/Build/Intermediates.noindex/Firebase.build/Debug-iphoneos/FirebaseAuthInternal.build/Objects-normal/arm64/e6072d4f65d7061329687fe24e3d63a7-common-args.resp
    
    /Applications/Xcode.app/Contents/Developer/Toolchains/XcodeDefault.xctoolchain/usr/bin/clang -x objective-c -ivfsstatcache /Users/khanghnguyen/Library/Developer/Xcode/DerivedData/SDKStatCaches.noindex/iphoneos26.2-23C57-3794476bd08197c3e2abd9bb477ef7f7.sdkstatcache -fmessage-length\=0 -fdiagnostics-show-note-include-stack -fmacro-backtrace-limit\=0 -fno-color-diagnostics -fmodules-prune-interval\=86400 -fmodules-prune-after\=345600 -fbuild-session-file\=/Users/khanghnguyen/Library/Developer/Xcode/DerivedData/ModuleCache.noindex/Session.modulevalidation -fmodules-validate-once-per-build-session -Wnon-modular-include-in-framework-module -Werror\=non-modular-include-in-framework-module -Wno-trigraphs -Wno-missing-field-initializers -Wno-missing-prototypes -Wno-return-type -Wno-implicit-atomic-properties -Wno-objc-interface-ivars -Wno-arc-repeated-use-of-weak -Wno-missing-braces -Wparentheses -Wswitch -Wno-unused-function -Wno-unused-label -Wno-unused-parameter -Wno-unused-variable -Wunused-value -Wno-empty-body -Wno-uninitialized -Wno-unknown-pragmas -w -Wno-shadow -Wno-four-char-constants -Wno-conversion -Wno-constant-conversion -Wno-int-conversion -Wno-bool-conversion -Wno-enum-conversion -Wno-float-conversion -Wno-non-literal-null-conversion -Wno-objc-literal-conversion -Wshorten-64-to-32 -Wpointer-sign -Wno-newline-eof -Wno-selector -Wno-strict-selector-match -Wno-undeclared-selector -Wno-deprecated-implementations -Wno-implicit-fallthrough -fstrict-aliasing -Wprotocol -Wdeprecated-declarations -Wno-sign-conversion -Wno-infinite-recursion -Wno-comma -Wno-block-capture-autoreleasing -Wno-strict-prototypes -Wno-semicolon-before-method-body -index-store-path /Users/khanghnguyen/Library/Developer/Xcode/DerivedData/Wishie-gavmeupfwiyxzhaiqkwzocyeeixy/Index.noindex/DataStore @/Users/khanghnguyen/Library/Developer/Xcode/DerivedData/Wishie-gavmeupfwiyxzhaiqkwzocyeeixy/Build/Intermediates.noindex/Firebase.build/Debug-iphoneos/FirebaseAuthInternal.build/Objects-normal/arm64/e6072d4f65d7061329687fe24e3d63a7-common-args.resp -MMD -MT dependencies -MF /Users/khanghnguyen/Library/Developer/Xcode/DerivedData/Wishie-gavmeupfwiyxzhaiqkwzocyeeixy/Build/Intermediates.noindex/Firebase.build/Debug-iphoneos/FirebaseAuthInternal.build/Objects-normal/arm64/FIRAuthProvider.d --serialize-diagnostics /Users/khanghnguyen/Library/Developer/Xcode/DerivedData/Wishie-gavmeupfwiyxzhaiqkwzocyeeixy/Build/Intermediates.noindex/Firebase.build/Debug-iphoneos/FirebaseAuthInternal.build/Objects-normal/arm64/FIRAuthProvider.dia -c /Users/khanghnguyen/Library/Developer/Xcode/DerivedData/Wishie-gavmeupfwiyxzhaiqkwzocyeeixy/SourcePackages/checkouts/firebase-ios-sdk/FirebaseAuth/Sources/ObjC/FIRAuthProvider.m -o /Users/khanghnguyen/Library/Developer/Xcode/DerivedData/Wishie-gavmeupfwiyxzhaiqkwzocyeeixy/Build/Intermediates.noindex/Firebase.build/Debug-iphoneos/FirebaseAuthInternal.build/Objects-normal/arm64/FIRAuthProvider.o -index-unit-output-path /Firebase.build/Debug-iphoneos/FirebaseAuthInternal.build/Objects-normal/arm64/FIRAuthProvider.o

CompileC /Users/khanghnguyen/Library/Developer/Xcode/DerivedData/Wishie-gavmeupfwiyxzhaiqkwzocyeeixy/Build/Intermediates.noindex/Firebase.build/Debug-iphoneos/FirebaseAuthInternal.build/Objects-normal/arm64/FIRAuth.o /Users/khanghnguyen/Library/Developer/Xcode/DerivedData/Wishie-gavmeupfwiyxzhaiqkwzocyeeixy/SourcePackages/checkouts/firebase-ios-sdk/FirebaseAuth/Sources/ObjC/FIRAuth.m normal arm64 objective-c com.apple.compilers.llvm.clang.1_0.compiler (in target 'FirebaseAuthInternal' from project 'Firebase')
    cd /Users/khanghnguyen/Downloads/Wishie/Wishie.xcodeproj
    
    Using response file: /Users/khanghnguyen/Library/Developer/Xcode/DerivedData/Wishie-gavmeupfwiyxzhaiqkwzocyeeixy/Build/Intermediates.noindex/Firebase.build/Debug-iphoneos/FirebaseAuthInternal.build/Objects-normal/arm64/e6072d4f65d7061329687fe24e3d63a7-common-args.resp
    
    /Applications/Xcode.app/Contents/Developer/Toolchains/XcodeDefault.xctoolchain/usr/bin/clang -x objective-c -ivfsstatcache /Users/khanghnguyen/Library/Developer/Xcode/DerivedData/SDKStatCaches.noindex/iphoneos26.2-23C57-3794476bd08197c3e2abd9bb477ef7f7.sdkstatcache -fmessage-length\=0 -fdiagnostics-show-note-include-stack -fmacro-backtrace-limit\=0 -fno-color-diagnostics -fmodules-prune-interval\=86400 -fmodules-prune-after\=345600 -fbuild-session-file\=/Users/khanghnguyen/Library/Developer/Xcode/DerivedData/ModuleCache.noindex/Session.modulevalidation -fmodules-validate-once-per-build-session -Wnon-modular-include-in-framework-module -Werror\=non-modular-include-in-framework-module -Wno-trigraphs -Wno-missing-field-initializers -Wno-missing-prototypes -Wno-return-type -Wno-implicit-atomic-properties -Wno-objc-interface-ivars -Wno-arc-repeated-use-of-weak -Wno-missing-braces -Wparentheses -Wswitch -Wno-unused-function -Wno-unused-label -Wno-unused-parameter -Wno-unused-variable -Wunused-value -Wno-empty-body -Wno-uninitialized -Wno-unknown-pragmas -w -Wno-shadow -Wno-four-char-constants -Wno-conversion -Wno-constant-conversion -Wno-int-conversion -Wno-bool-conversion -Wno-enum-conversion -Wno-float-conversion -Wno-non-literal-null-conversion -Wno-objc-literal-conversion -Wshorten-64-to-32 -Wpointer-sign -Wno-newline-eof -Wno-selector -Wno-strict-selector-match -Wno-undeclared-selector -Wno-deprecated-implementations -Wno-implicit-fallthrough -fstrict-aliasing -Wprotocol -Wdeprecated-declarations -Wno-sign-conversion -Wno-infinite-recursion -Wno-comma -Wno-block-capture-autoreleasing -Wno-strict-prototypes -Wno-semicolon-before-method-body -index-store-path /Users/khanghnguyen/Library/Developer/Xcode/DerivedData/Wishie-gavmeupfwiyxzhaiqkwzocyeeixy/Index.noindex/DataStore @/Users/khanghnguyen/Library/Developer/Xcode/DerivedData/Wishie-gavmeupfwiyxzhaiqkwzocyeeixy/Build/Intermediates.noindex/Firebase.build/Debug-iphoneos/FirebaseAuthInternal.build/Objects-normal/arm64/e6072d4f65d7061329687fe24e3d63a7-common-args.resp -MMD -MT dependencies -MF /Users/khanghnguyen/Library/Developer/Xcode/DerivedData/Wishie-gavmeupfwiyxzhaiqkwzocyeeixy/Build/Intermediates.noindex/Firebase.build/Debug-iphoneos/FirebaseAuthInternal.build/Objects-normal/arm64/FIRAuth.d --serialize-diagnostics /Users/khanghnguyen/Library/Developer/Xcode/DerivedData/Wishie-gavmeupfwiyxzhaiqkwzocyeeixy/Build/Intermediates.noindex/Firebase.build/Debug-iphoneos/FirebaseAuthInternal.build/Objects-normal/arm64/FIRAuth.dia -c /Users/khanghnguyen/Library/Developer/Xcode/DerivedData/Wishie-gavmeupfwiyxzhaiqkwzocyeeixy/SourcePackages/checkouts/firebase-ios-sdk/FirebaseAuth/Sources/ObjC/FIRAuth.m -o /Users/khanghnguyen/Library/Developer/Xcode/DerivedData/Wishie-gavmeupfwiyxzhaiqkwzocyeeixy/Build/Intermediates.noindex/Firebase.build/Debug-iphoneos/FirebaseAuthInternal.build/Objects-normal/arm64/FIRAuth.o -index-unit-output-path /Firebase.build/Debug-iphoneos/FirebaseAuthInternal.build/Objects-normal/arm64/FIRAuth.o

CompileC /Users/khanghnguyen/Library/Developer/Xcode/DerivedData/Wishie-gavmeupfwiyxzhaiqkwzocyeeixy/Build/Intermediates.noindex/GoogleUtilities.build/Debug-iphoneos/GoogleUtilities-Reachability.build/Objects-normal/arm64/GULReachabilityChecker.o /Users/khanghnguyen/Library/Developer/Xcode/DerivedData/Wishie-gavmeupfwiyxzhaiqkwzocyeeixy/SourcePackages/checkouts/GoogleUtilities/GoogleUtilities/Reachability/GULReachabilityChecker.m normal arm64 objective-c com.apple.compilers.llvm.clang.1_0.compiler (in target 'GoogleUtilities-Reachability' from project 'GoogleUtilities')
    cd /Users/khanghnguyen/Downloads/Wishie/Wishie.xcodeproj
    
    Using response file: /Users/khanghnguyen/Library/Developer/Xcode/DerivedData/Wishie-gavmeupfwiyxzhaiqkwzocyeeixy/Build/Intermediates.noindex/GoogleUtilities.build/Debug-iphoneos/GoogleUtilities-Reachability.build/Objects-normal/arm64/e6072d4f65d7061329687fe24e3d63a7-common-args.resp
    
    /Applications/Xcode.app/Contents/Developer/Toolchains/XcodeDefault.xctoolchain/usr/bin/clang -x objective-c -ivfsstatcache /Users/khanghnguyen/Library/Developer/Xcode/DerivedData/SDKStatCaches.noindex/iphoneos26.2-23C57-3794476bd08197c3e2abd9bb477ef7f7.sdkstatcache -fmessage-length\=0 -fdiagnostics-show-note-include-stack -fmacro-backtrace-limit\=0 -fno-color-diagnostics -fmodules-prune-interval\=86400 -fmodules-prune-after\=345600 -fbuild-session-file\=/Users/khanghnguyen/Library/Developer/Xcode/DerivedData/ModuleCache.noindex/Session.modulevalidation -fmodules-validate-once-per-build-session -Wnon-modular-include-in-framework-module -Werror\=non-modular-include-in-framework-module -Wno-trigraphs -Wno-missing-field-initializers -Wno-missing-prototypes -Wno-return-type -Wno-implicit-atomic-properties -Wno-objc-interface-ivars -Wno-arc-repeated-use-of-weak -Wno-missing-braces -Wparentheses -Wswitch -Wno-unused-function -Wno-unused-label -Wno-unused-parameter -Wno-unused-variable -Wunused-value -Wno-empty-body -Wno-uninitialized -Wno-unknown-pragmas -w -Wno-shadow -Wno-four-char-constants -Wno-conversion -Wno-constant-conversion -Wno-int-conversion -Wno-bool-conversion -Wno-enum-conversion -Wno-float-conversion -Wno-non-literal-null-conversion -Wno-objc-literal-conversion -Wshorten-64-to-32 -Wpointer-sign -Wno-newline-eof -Wno-selector -Wno-strict-selector-match -Wno-undeclared-selector -Wno-deprecated-implementations -Wno-implicit-fallthrough -fstrict-aliasing -Wprotocol -Wdeprecated-declarations -Wno-sign-conversion -Wno-infinite-recursion -Wno-comma -Wno-block-capture-autoreleasing -Wno-strict-prototypes -Wno-semicolon-before-method-body -index-store-path /Users/khanghnguyen/Library/Developer/Xcode/DerivedData/Wishie-gavmeupfwiyxzhaiqkwzocyeeixy/Index.noindex/DataStore @/Users/khanghnguyen/Library/Developer/Xcode/DerivedData/Wishie-gavmeupfwiyxzhaiqkwzocyeeixy/Build/Intermediates.noindex/GoogleUtilities.build/Debug-iphoneos/GoogleUtilities-Reachability.build/Objects-normal/arm64/e6072d4f65d7061329687fe24e3d63a7-common-args.resp -include /Users/khanghnguyen/Library/Developer/Xcode/DerivedData/Wishie-gavmeupfwiyxzhaiqkwzocyeeixy/Build/Intermediates.noindex/GoogleUtilities.build/Debug-iphoneos/GoogleUtilities-Reachability.build/DerivedSources/resource_bundle_accessor.h -MMD -MT dependencies -MF /Users/khanghnguyen/Library/Developer/Xcode/DerivedData/Wishie-gavmeupfwiyxzhaiqkwzocyeeixy/Build/Intermediates.noindex/GoogleUtilities.build/Debug-iphoneos/GoogleUtilities-Reachability.build/Objects-normal/arm64/GULReachabilityChecker.d --serialize-diagnostics /Users/khanghnguyen/Library/Developer/Xcode/DerivedData/Wishie-gavmeupfwiyxzhaiqkwzocyeeixy/Build/Intermediates.noindex/GoogleUtilities.build/Debug-iphoneos/GoogleUtilities-Reachability.build/Objects-normal/arm64/GULReachabilityChecker.dia -c /Users/khanghnguyen/Library/Developer/Xcode/DerivedData/Wishie-gavmeupfwiyxzhaiqkwzocyeeixy/SourcePackages/checkouts/GoogleUtilities/GoogleUtilities/Reachability/GULReachabilityChecker.m -o /Users/khanghnguyen/Library/Developer/Xcode/DerivedData/Wishie-gavmeupfwiyxzhaiqkwzocyeeixy/Build/Intermediates.noindex/GoogleUtilities.build/Debug-iphoneos/GoogleUtilities-Reachability.build/Objects-normal/arm64/GULReachabilityChecker.o -index-unit-output-path /GoogleUtilities.build/Debug-iphoneos/GoogleUtilities-Reachability.build/Objects-normal/arm64/GULReachabilityChecker.o

ScanDependencies /Users/khanghnguyen/Library/Developer/Xcode/DerivedData/Wishie-gavmeupfwiyxzhaiqkwzocyeeixy/Build/Intermediates.noindex/gRPC.build/Debug-iphoneos/grpcWrapper.build/Objects-normal/arm64/empty.o /Users/khanghnguyen/Library/Developer/Xcode/DerivedData/Wishie-gavmeupfwiyxzhaiqkwzocyeeixy/SourcePackages/checkouts/grpc-binary/grpc-Wrapper/empty.m normal arm64 objective-c com.apple.compilers.llvm.clang.1_0.compiler (in target 'grpcWrapper' from project 'gRPC')
    cd /Users/khanghnguyen/Downloads/Wishie/Wishie.xcodeproj
    
    Using response file: /Users/khanghnguyen/Library/Developer/Xcode/DerivedData/Wishie-gavmeupfwiyxzhaiqkwzocyeeixy/Build/Intermediates.noindex/gRPC.build/Debug-iphoneos/grpcWrapper.build/Objects-normal/arm64/e6072d4f65d7061329687fe24e3d63a7-common-args.resp
    
    builtin-ScanDependencies -o /Users/khanghnguyen/Library/Developer/Xcode/DerivedData/Wishie-gavmeupfwiyxzhaiqkwzocyeeixy/Build/Intermediates.noindex/gRPC.build/Debug-iphoneos/grpcWrapper.build/Objects-normal/arm64/empty.o.scan -- /Applications/Xcode.app/Contents/Developer/Toolchains/XcodeDefault.xctoolchain/usr/bin/clang -x objective-c -ivfsstatcache /Users/khanghnguyen/Library/Developer/Xcode/DerivedData/SDKStatCaches.noindex/iphoneos26.2-23C57-3794476bd08197c3e2abd9bb477ef7f7.sdkstatcache -fmessage-length\=0 -fdiagnostics-show-note-include-stack -fmacro-backtrace-limit\=0 -fno-color-diagnostics -fmodules-prune-interval\=86400 -fmodules-prune-after\=345600 -fbuild-session-file\=/Users/khanghnguyen/Library/Developer/Xcode/DerivedData/ModuleCache.noindex/Session.modulevalidation -fmodules-validate-once-per-build-session -Wnon-modular-include-in-framework-module -Werror\=non-modular-include-in-framework-module -Wno-trigraphs -Wno-missing-field-initializers -Wno-missing-prototypes -Wno-return-type -Wno-implicit-atomic-properties -Wno-objc-interface-ivars -Wno-arc-repeated-use-of-weak -Wno-missing-braces -Wparentheses -Wswitch -Wno-unused-function -Wno-unused-label -Wno-unused-parameter -Wno-unused-variable -Wunused-value -Wno-empty-body -Wno-uninitialized -Wno-unknown-pragmas -w -Wno-shadow -Wno-four-char-constants -Wno-conversion -Wno-constant-conversion -Wno-int-conversion -Wno-bool-conversion -Wno-enum-conversion -Wno-float-conversion -Wno-non-literal-null-conversion -Wno-objc-literal-conversion -Wshorten-64-to-32 -Wpointer-sign -Wno-newline-eof -Wno-selector -Wno-strict-selector-match -Wno-undeclared-selector -Wno-deprecated-implementations -Wno-implicit-fallthrough -fstrict-aliasing -Wprotocol -Wdeprecated-declarations -Wno-sign-conversion -Wno-infinite-recursion -Wno-comma -Wno-block-capture-autoreleasing -Wno-strict-prototypes -Wno-semicolon-before-method-body -index-store-path /Users/khanghnguyen/Library/Developer/Xcode/DerivedData/Wishie-gavmeupfwiyxzhaiqkwzocyeeixy/Index.noindex/DataStore @/Users/khanghnguyen/Library/Developer/Xcode/DerivedData/Wishie-gavmeupfwiyxzhaiqkwzocyeeixy/Build/Intermediates.noindex/gRPC.build/Debug-iphoneos/grpcWrapper.build/Objects-normal/arm64/e6072d4f65d7061329687fe24e3d63a7-common-args.resp -include /Users/khanghnguyen/Library/Developer/Xcode/DerivedData/Wishie-gavmeupfwiyxzhaiqkwzocyeeixy/Build/Intermediates.noindex/gRPC.build/Debug-iphoneos/grpcWrapper.build/DerivedSources/resource_bundle_accessor.h -MMD -MT dependencies -MF /Users/khanghnguyen/Library/Developer/Xcode/DerivedData/Wishie-gavmeupfwiyxzhaiqkwzocyeeixy/Build/Intermediates.noindex/gRPC.build/Debug-iphoneos/grpcWrapper.build/Objects-normal/arm64/empty.d --serialize-diagnostics /Users/khanghnguyen/Library/Developer/Xcode/DerivedData/Wishie-gavmeupfwiyxzhaiqkwzocyeeixy/Build/Intermediates.noindex/gRPC.build/Debug-iphoneos/grpcWrapper.build/Objects-normal/arm64/empty.dia -c /Users/khanghnguyen/Library/Developer/Xcode/DerivedData/Wishie-gavmeupfwiyxzhaiqkwzocyeeixy/SourcePackages/checkouts/grpc-binary/grpc-Wrapper/empty.m -o /Users/khanghnguyen/Library/Developer/Xcode/DerivedData/Wishie-gavmeupfwiyxzhaiqkwzocyeeixy/Build/Intermediates.noindex/gRPC.build/Debug-iphoneos/grpcWrapper.build/Objects-normal/arm64/empty.o -index-unit-output-path /gRPC.build/Debug-iphoneos/grpcWrapper.build/Objects-normal/arm64/empty.o

ScanDependencies /Users/khanghnguyen/Library/Developer/Xcode/DerivedData/Wishie-gavmeupfwiyxzhaiqkwzocyeeixy/Build/Intermediates.noindex/GoogleUtilities.build/Debug-iphoneos/GoogleUtilities-Network.build/Objects-normal/arm64/resource_bundle_accessor.o /Users/khanghnguyen/Library/Developer/Xcode/DerivedData/Wishie-gavmeupfwiyxzhaiqkwzocyeeixy/Build/Intermediates.noindex/GoogleUtilities.build/Debug-iphoneos/GoogleUtilities-Network.build/DerivedSources/resource_bundle_accessor.m normal arm64 objective-c com.apple.compilers.llvm.clang.1_0.compiler (in target 'GoogleUtilities-Network' from project 'GoogleUtilities')
    cd /Users/khanghnguyen/Downloads/Wishie/Wishie.xcodeproj
    
    Using response file: /Users/khanghnguyen/Library/Developer/Xcode/DerivedData/Wishie-gavmeupfwiyxzhaiqkwzocyeeixy/Build/Intermediates.noindex/GoogleUtilities.build/Debug-iphoneos/GoogleUtilities-Network.build/Objects-normal/arm64/e6072d4f65d7061329687fe24e3d63a7-common-args.resp
    
    builtin-ScanDependencies -o /Users/khanghnguyen/Library/Developer/Xcode/DerivedData/Wishie-gavmeupfwiyxzhaiqkwzocyeeixy/Build/Intermediates.noindex/GoogleUtilities.build/Debug-iphoneos/GoogleUtilities-Network.build/Objects-normal/arm64/resource_bundle_accessor.o.scan -- /Applications/Xcode.app/Contents/Developer/Toolchains/XcodeDefault.xctoolchain/usr/bin/clang -x objective-c -ivfsstatcache /Users/khanghnguyen/Library/Developer/Xcode/DerivedData/SDKStatCaches.noindex/iphoneos26.2-23C57-3794476bd08197c3e2abd9bb477ef7f7.sdkstatcache -fmessage-length\=0 -fdiagnostics-show-note-include-stack -fmacro-backtrace-limit\=0 -fno-color-diagnostics -fmodules-prune-interval\=86400 -fmodules-prune-after\=345600 -fbuild-session-file\=/Users/khanghnguyen/Library/Developer/Xcode/DerivedData/ModuleCache.noindex/Session.modulevalidation -fmodules-validate-once-per-build-session -Wnon-modular-include-in-framework-module -Werror\=non-modular-include-in-framework-module -Wno-trigraphs -Wno-missing-field-initializers -Wno-missing-prototypes -Wno-return-type -Wno-implicit-atomic-properties -Wno-objc-interface-ivars -Wno-arc-repeated-use-of-weak -Wno-missing-braces -Wparentheses -Wswitch -Wno-unused-function -Wno-unused-label -Wno-unused-parameter -Wno-unused-variable -Wunused-value -Wno-empty-body -Wno-uninitialized -Wno-unknown-pragmas -w -Wno-shadow -Wno-four-char-constants -Wno-conversion -Wno-constant-conversion -Wno-int-conversion -Wno-bool-conversion -Wno-enum-conversion -Wno-float-conversion -Wno-non-literal-null-conversion -Wno-objc-literal-conversion -Wshorten-64-to-32 -Wpointer-sign -Wno-newline-eof -Wno-selector -Wno-strict-selector-match -Wno-undeclared-selector -Wno-deprecated-implementations -Wno-implicit-fallthrough -fstrict-aliasing -Wprotocol -Wdeprecated-declarations -Wno-sign-conversion -Wno-infinite-recursion -Wno-comma -Wno-block-capture-autoreleasing -Wno-strict-prototypes -Wno-semicolon-before-method-body -index-store-path /Users/khanghnguyen/Library/Developer/Xcode/DerivedData/Wishie-gavmeupfwiyxzhaiqkwzocyeeixy/Index.noindex/DataStore @/Users/khanghnguyen/Library/Developer/Xcode/DerivedData/Wishie-gavmeupfwiyxzhaiqkwzocyeeixy/Build/Intermediates.noindex/GoogleUtilities.build/Debug-iphoneos/GoogleUtilities-Network.build/Objects-normal/arm64/e6072d4f65d7061329687fe24e3d63a7-common-args.resp -include /Users/khanghnguyen/Library/Developer/Xcode/DerivedData/Wishie-gavmeupfwiyxzhaiqkwzocyeeixy/Build/Intermediates.noindex/GoogleUtilities.build/Debug-iphoneos/GoogleUtilities-Network.build/DerivedSources/resource_bundle_accessor.h -MMD -MT dependencies -MF /Users/khanghnguyen/Library/Developer/Xcode/DerivedData/Wishie-gavmeupfwiyxzhaiqkwzocyeeixy/Build/Intermediates.noindex/GoogleUtilities.build/Debug-iphoneos/GoogleUtilities-Network.build/Objects-normal/arm64/resource_bundle_accessor.d --serialize-diagnostics /Users/khanghnguyen/Library/Developer/Xcode/DerivedData/Wishie-gavmeupfwiyxzhaiqkwzocyeeixy/Build/Intermediates.noindex/GoogleUtilities.build/Debug-iphoneos/GoogleUtilities-Network.build/Objects-normal/arm64/resource_bundle_accessor.dia -c /Users/khanghnguyen/Library/Developer/Xcode/DerivedData/Wishie-gavmeupfwiyxzhaiqkwzocyeeixy/Build/Intermediates.noindex/GoogleUtilities.build/Debug-iphoneos/GoogleUtilities-Network.build/DerivedSources/resource_bundle_accessor.m -o /Users/khanghnguyen/Library/Developer/Xcode/DerivedData/Wishie-gavmeupfwiyxzhaiqkwzocyeeixy/Build/Intermediates.noindex/GoogleUtilities.build/Debug-iphoneos/GoogleUtilities-Network.build/Objects-normal/arm64/resource_bundle_accessor.o -index-unit-output-path /GoogleUtilities.build/Debug-iphoneos/GoogleUtilities-Network.build/Objects-normal/arm64/resource_bundle_accessor.o

ScanDependencies /Users/khanghnguyen/Library/Developer/Xcode/DerivedData/Wishie-gavmeupfwiyxzhaiqkwzocyeeixy/Build/Intermediates.noindex/GoogleUtilities.build/Debug-iphoneos/GoogleUtilities-Network.build/Objects-normal/arm64/GULNetworkURLSession.o /Users/khanghnguyen/Library/Developer/Xcode/DerivedData/Wishie-gavmeupfwiyxzhaiqkwzocyeeixy/SourcePackages/checkouts/GoogleUtilities/GoogleUtilities/Network/GULNetworkURLSession.m normal arm64 objective-c com.apple.compilers.llvm.clang.1_0.compiler (in target 'GoogleUtilities-Network' from project 'GoogleUtilities')
    cd /Users/khanghnguyen/Downloads/Wishie/Wishie.xcodeproj
    
    Using response file: /Users/khanghnguyen/Library/Developer/Xcode/DerivedData/Wishie-gavmeupfwiyxzhaiqkwzocyeeixy/Build/Intermediates.noindex/GoogleUtilities.build/Debug-iphoneos/GoogleUtilities-Network.build/Objects-normal/arm64/e6072d4f65d7061329687fe24e3d63a7-common-args.resp
    
    builtin-ScanDependencies -o /Users/khanghnguyen/Library/Developer/Xcode/DerivedData/Wishie-gavmeupfwiyxzhaiqkwzocyeeixy/Build/Intermediates.noindex/GoogleUtilities.build/Debug-iphoneos/GoogleUtilities-Network.build/Objects-normal/arm64/GULNetworkURLSession.o.scan -- /Applications/Xcode.app/Contents/Developer/Toolchains/XcodeDefault.xctoolchain/usr/bin/clang -x objective-c -ivfsstatcache /Users/khanghnguyen/Library/Developer/Xcode/DerivedData/SDKStatCaches.noindex/iphoneos26.2-23C57-3794476bd08197c3e2abd9bb477ef7f7.sdkstatcache -fmessage-length\=0 -fdiagnostics-show-note-include-stack -fmacro-backtrace-limit\=0 -fno-color-diagnostics -fmodules-prune-interval\=86400 -fmodules-prune-after\=345600 -fbuild-session-file\=/Users/khanghnguyen/Library/Developer/Xcode/DerivedData/ModuleCache.noindex/Session.modulevalidation -fmodules-validate-once-per-build-session -Wnon-modular-include-in-framework-module -Werror\=non-modular-include-in-framework-module -Wno-trigraphs -Wno-missing-field-initializers -Wno-missing-prototypes -Wno-return-type -Wno-implicit-atomic-properties -Wno-objc-interface-ivars -Wno-arc-repeated-use-of-weak -Wno-missing-braces -Wparentheses -Wswitch -Wno-unused-function -Wno-unused-label -Wno-unused-parameter -Wno-unused-variable -Wunused-value -Wno-empty-body -Wno-uninitialized -Wno-unknown-pragmas -w -Wno-shadow -Wno-four-char-constants -Wno-conversion -Wno-constant-conversion -Wno-int-conversion -Wno-bool-conversion -Wno-enum-conversion -Wno-float-conversion -Wno-non-literal-null-conversion -Wno-objc-literal-conversion -Wshorten-64-to-32 -Wpointer-sign -Wno-newline-eof -Wno-selector -Wno-strict-selector-match -Wno-undeclared-selector -Wno-deprecated-implementations -Wno-implicit-fallthrough -fstrict-aliasing -Wprotocol -Wdeprecated-declarations -Wno-sign-conversion -Wno-infinite-recursion -Wno-comma -Wno-block-capture-autoreleasing -Wno-strict-prototypes -Wno-semicolon-before-method-body -index-store-path /Users/khanghnguyen/Library/Developer/Xcode/DerivedData/Wishie-gavmeupfwiyxzhaiqkwzocyeeixy/Index.noindex/DataStore @/Users/khanghnguyen/Library/Developer/Xcode/DerivedData/Wishie-gavmeupfwiyxzhaiqkwzocyeeixy/Build/Intermediates.noindex/GoogleUtilities.build/Debug-iphoneos/GoogleUtilities-Network.build/Objects-normal/arm64/e6072d4f65d7061329687fe24e3d63a7-common-args.resp -include /Users/khanghnguyen/Library/Developer/Xcode/DerivedData/Wishie-gavmeupfwiyxzhaiqkwzocyeeixy/Build/Intermediates.noindex/GoogleUtilities.build/Debug-iphoneos/GoogleUtilities-Network.build/DerivedSources/resource_bundle_accessor.h -MMD -MT dependencies -MF /Users/khanghnguyen/Library/Developer/Xcode/DerivedData/Wishie-gavmeupfwiyxzhaiqkwzocyeeixy/Build/Intermediates.noindex/GoogleUtilities.build/Debug-iphoneos/GoogleUtilities-Network.build/Objects-normal/arm64/GULNetworkURLSession.d --serialize-diagnostics /Users/khanghnguyen/Library/Developer/Xcode/DerivedData/Wishie-gavmeupfwiyxzhaiqkwzocyeeixy/Build/Intermediates.noindex/GoogleUtilities.build/Debug-iphoneos/GoogleUtilities-Network.build/Objects-normal/arm64/GULNetworkURLSession.dia -c /Users/khanghnguyen/Library/Developer/Xcode/DerivedData/Wishie-gavmeupfwiyxzhaiqkwzocyeeixy/SourcePackages/checkouts/GoogleUtilities/GoogleUtilities/Network/GULNetworkURLSession.m -o /Users/khanghnguyen/Library/Developer/Xcode/DerivedData/Wishie-gavmeupfwiyxzhaiqkwzocyeeixy/Build/Intermediates.noindex/GoogleUtilities.build/Debug-iphoneos/GoogleUtilities-Network.build/Objects-normal/arm64/GULNetworkURLSession.o -index-unit-output-path /GoogleUtilities.build/Debug-iphoneos/GoogleUtilities-Network.build/Objects-normal/arm64/GULNetworkURLSession.o

Ld /Users/khanghnguyen/Library/Developer/Xcode/DerivedData/Wishie-gavmeupfwiyxzhaiqkwzocyeeixy/Build/Products/Debug-iphoneos/FirebaseAuthInternal.o normal (in target 'FirebaseAuthInternal' from project 'Firebase')
    cd /Users/khanghnguyen/Library/Developer/Xcode/DerivedData/Wishie-gavmeupfwiyxzhaiqkwzocyeeixy/SourcePackages/checkouts/firebase-ios-sdk
    /Applications/Xcode.app/Contents/Developer/Toolchains/XcodeDefault.xctoolchain/usr/bin/clang -Xlinker -reproducible -target arm64-apple-ios15.0 -r -isysroot /Applications/Xcode.app/Contents/Developer/Platforms/iPhoneOS.platform/Developer/SDKs/iPhoneOS26.2.sdk -O0 -w -L/Users/khanghnguyen/Library/Developer/Xcode/DerivedData/Wishie-gavmeupfwiyxzhaiqkwzocyeeixy/Build/Intermediates.noindex/EagerLinkingTBDs/Debug-iphoneos -L/Users/khanghnguyen/Library/Developer/Xcode/DerivedData/Wishie-gavmeupfwiyxzhaiqkwzocyeeixy/Build/Products/Debug-iphoneos -L/Applications/Xcode.app/Contents/Developer/Platforms/iPhoneOS.platform/Developer/usr/lib -F/Users/khanghnguyen/Library/Developer/Xcode/DerivedData/Wishie-gavmeupfwiyxzhaiqkwzocyeeixy/Build/Intermediates.noindex/EagerLinkingTBDs/Debug-iphoneos -F/Users/khanghnguyen/Library/Developer/Xcode/DerivedData/Wishie-gavmeupfwiyxzhaiqkwzocyeeixy/Build/Products/Debug-iphoneos/PackageFrameworks -F/Users/khanghnguyen/Library/Developer/Xcode/DerivedData/Wishie-gavmeupfwiyxzhaiqkwzocyeeixy/Build/Products/Debug-iphoneos -iframework /Applications/Xcode.app/Contents/Developer/Platforms/iPhoneOS.platform/Developer/Library/Frameworks -iframework /Applications/Xcode.app/Contents/Developer/Platforms/iPhoneOS.platform/Developer/SDKs/iPhoneOS26.2.sdk/Developer/Library/Frameworks -filelist /Users/khanghnguyen/Library/Developer/Xcode/DerivedData/Wishie-gavmeupfwiyxzhaiqkwzocyeeixy/Build/Intermediates.noindex/Firebase.build/Debug-iphoneos/FirebaseAuthInternal.build/Objects-normal/arm64/FirebaseAuthInternal.LinkFileList -nostdlib -Xlinker -object_path_lto -Xlinker /Users/khanghnguyen/Library/Developer/Xcode/DerivedData/Wishie-gavmeupfwiyxzhaiqkwzocyeeixy/Build/Intermediates.noindex/Firebase.build/Debug-iphoneos/FirebaseAuthInternal.build/Objects-normal/arm64/FirebaseAuthInternal_lto.o -rdynamic -Xlinker -no_deduplicate -Xlinker -debug_variant -Xlinker -dependency_info -Xlinker /Users/khanghnguyen/Library/Developer/Xcode/DerivedData/Wishie-gavmeupfwiyxzhaiqkwzocyeeixy/Build/Intermediates.noindex/Firebase.build/Debug-iphoneos/FirebaseAuthInternal.build/Objects-normal/arm64/FirebaseAuthInternal_dependency_info.dat -fobjc-arc -fobjc-link-runtime -o /Users/khanghnguyen/Library/Developer/Xcode/DerivedData/Wishie-gavmeupfwiyxzhaiqkwzocyeeixy/Build/Products/Debug-iphoneos/FirebaseAuthInternal.o

ScanDependencies /Users/khanghnguyen/Library/Developer/Xcode/DerivedData/Wishie-gavmeupfwiyxzhaiqkwzocyeeixy/Build/Intermediates.noindex/GoogleUtilities.build/Debug-iphoneos/GoogleUtilities-Network.build/Objects-normal/arm64/GULNetworkConstants.o /Users/khanghnguyen/Library/Developer/Xcode/DerivedData/Wishie-gavmeupfwiyxzhaiqkwzocyeeixy/SourcePackages/checkouts/GoogleUtilities/GoogleUtilities/Network/GULNetworkConstants.m normal arm64 objective-c com.apple.compilers.llvm.clang.1_0.compiler (in target 'GoogleUtilities-Network' from project 'GoogleUtilities')
    cd /Users/khanghnguyen/Downloads/Wishie/Wishie.xcodeproj
    
    Using response file: /Users/khanghnguyen/Library/Developer/Xcode/DerivedData/Wishie-gavmeupfwiyxzhaiqkwzocyeeixy/Build/Intermediates.noindex/GoogleUtilities.build/Debug-iphoneos/GoogleUtilities-Network.build/Objects-normal/arm64/e6072d4f65d7061329687fe24e3d63a7-common-args.resp
    
    builtin-ScanDependencies -o /Users/khanghnguyen/Library/Developer/Xcode/DerivedData/Wishie-gavmeupfwiyxzhaiqkwzocyeeixy/Build/Intermediates.noindex/GoogleUtilities.build/Debug-iphoneos/GoogleUtilities-Network.build/Objects-normal/arm64/GULNetworkConstants.o.scan -- /Applications/Xcode.app/Contents/Developer/Toolchains/XcodeDefault.xctoolchain/usr/bin/clang -x objective-c -ivfsstatcache /Users/khanghnguyen/Library/Developer/Xcode/DerivedData/SDKStatCaches.noindex/iphoneos26.2-23C57-3794476bd08197c3e2abd9bb477ef7f7.sdkstatcache -fmessage-length\=0 -fdiagnostics-show-note-include-stack -fmacro-backtrace-limit\=0 -fno-color-diagnostics -fmodules-prune-interval\=86400 -fmodules-prune-after\=345600 -fbuild-session-file\=/Users/khanghnguyen/Library/Developer/Xcode/DerivedData/ModuleCache.noindex/Session.modulevalidation -fmodules-validate-once-per-build-session -Wnon-modular-include-in-framework-module -Werror\=non-modular-include-in-framework-module -Wno-trigraphs -Wno-missing-field-initializers -Wno-missing-prototypes -Wno-return-type -Wno-implicit-atomic-properties -Wno-objc-interface-ivars -Wno-arc-repeated-use-of-weak -Wno-missing-braces -Wparentheses -Wswitch -Wno-unused-function -Wno-unused-label -Wno-unused-parameter -Wno-unused-variable -Wunused-value -Wno-empty-body -Wno-uninitialized -Wno-unknown-pragmas -w -Wno-shadow -Wno-four-char-constants -Wno-conversion -Wno-constant-conversion -Wno-int-conversion -Wno-bool-conversion -Wno-enum-conversion -Wno-float-conversion -Wno-non-literal-null-conversion -Wno-objc-literal-conversion -Wshorten-64-to-32 -Wpointer-sign -Wno-newline-eof -Wno-selector -Wno-strict-selector-match -Wno-undeclared-selector -Wno-deprecated-implementations -Wno-implicit-fallthrough -fstrict-aliasing -Wprotocol -Wdeprecated-declarations -Wno-sign-conversion -Wno-infinite-recursion -Wno-comma -Wno-block-capture-autoreleasing -Wno-strict-prototypes -Wno-semicolon-before-method-body -index-store-path /Users/khanghnguyen/Library/Developer/Xcode/DerivedData/Wishie-gavmeupfwiyxzhaiqkwzocyeeixy/Index.noindex/DataStore @/Users/khanghnguyen/Library/Developer/Xcode/DerivedData/Wishie-gavmeupfwiyxzhaiqkwzocyeeixy/Build/Intermediates.noindex/GoogleUtilities.build/Debug-iphoneos/GoogleUtilities-Network.build/Objects-normal/arm64/e6072d4f65d7061329687fe24e3d63a7-common-args.resp -include /Users/khanghnguyen/Library/Developer/Xcode/DerivedData/Wishie-gavmeupfwiyxzhaiqkwzocyeeixy/Build/Intermediates.noindex/GoogleUtilities.build/Debug-iphoneos/GoogleUtilities-Network.build/DerivedSources/resource_bundle_accessor.h -MMD -MT dependencies -MF /Users/khanghnguyen/Library/Developer/Xcode/DerivedData/Wishie-gavmeupfwiyxzhaiqkwzocyeeixy/Build/Intermediates.noindex/GoogleUtilities.build/Debug-iphoneos/GoogleUtilities-Network.build/Objects-normal/arm64/GULNetworkConstants.d --serialize-diagnostics /Users/khanghnguyen/Library/Developer/Xcode/DerivedData/Wishie-gavmeupfwiyxzhaiqkwzocyeeixy/Build/Intermediates.noindex/GoogleUtilities.build/Debug-iphoneos/GoogleUtilities-Network.build/Objects-normal/arm64/GULNetworkConstants.dia -c /Users/khanghnguyen/Library/Developer/Xcode/DerivedData/Wishie-gavmeupfwiyxzhaiqkwzocyeeixy/SourcePackages/checkouts/GoogleUtilities/GoogleUtilities/Network/GULNetworkConstants.m -o /Users/khanghnguyen/Library/Developer/Xcode/DerivedData/Wishie-gavmeupfwiyxzhaiqkwzocyeeixy/Build/Intermediates.noindex/GoogleUtilities.build/Debug-iphoneos/GoogleUtilities-Network.build/Objects-normal/arm64/GULNetworkConstants.o -index-unit-output-path /GoogleUtilities.build/Debug-iphoneos/GoogleUtilities-Network.build/Objects-normal/arm64/GULNetworkConstants.o

ScanDependencies /Users/khanghnguyen/Library/Developer/Xcode/DerivedData/Wishie-gavmeupfwiyxzhaiqkwzocyeeixy/Build/Intermediates.noindex/GoogleUtilities.build/Debug-iphoneos/GoogleUtilities-Network.build/Objects-normal/arm64/GULNetwork.o /Users/khanghnguyen/Library/Developer/Xcode/DerivedData/Wishie-gavmeupfwiyxzhaiqkwzocyeeixy/SourcePackages/checkouts/GoogleUtilities/GoogleUtilities/Network/GULNetwork.m normal arm64 objective-c com.apple.compilers.llvm.clang.1_0.compiler (in target 'GoogleUtilities-Network' from project 'GoogleUtilities')
    cd /Users/khanghnguyen/Downloads/Wishie/Wishie.xcodeproj
    
    Using response file: /Users/khanghnguyen/Library/Developer/Xcode/DerivedData/Wishie-gavmeupfwiyxzhaiqkwzocyeeixy/Build/Intermediates.noindex/GoogleUtilities.build/Debug-iphoneos/GoogleUtilities-Network.build/Objects-normal/arm64/e6072d4f65d7061329687fe24e3d63a7-common-args.resp
    
    builtin-ScanDependencies -o /Users/khanghnguyen/Library/Developer/Xcode/DerivedData/Wishie-gavmeupfwiyxzhaiqkwzocyeeixy/Build/Intermediates.noindex/GoogleUtilities.build/Debug-iphoneos/GoogleUtilities-Network.build/Objects-normal/arm64/GULNetwork.o.scan -- /Applications/Xcode.app/Contents/Developer/Toolchains/XcodeDefault.xctoolchain/usr/bin/clang -x objective-c -ivfsstatcache /Users/khanghnguyen/Library/Developer/Xcode/DerivedData/SDKStatCaches.noindex/iphoneos26.2-23C57-3794476bd08197c3e2abd9bb477ef7f7.sdkstatcache -fmessage-length\=0 -fdiagnostics-show-note-include-stack -fmacro-backtrace-limit\=0 -fno-color-diagnostics -fmodules-prune-interval\=86400 -fmodules-prune-after\=345600 -fbuild-session-file\=/Users/khanghnguyen/Library/Developer/Xcode/DerivedData/ModuleCache.noindex/Session.modulevalidation -fmodules-validate-once-per-build-session -Wnon-modular-include-in-framework-module -Werror\=non-modular-include-in-framework-module -Wno-trigraphs -Wno-missing-field-initializers -Wno-missing-prototypes -Wno-return-type -Wno-implicit-atomic-properties -Wno-objc-interface-ivars -Wno-arc-repeated-use-of-weak -Wno-missing-braces -Wparentheses -Wswitch -Wno-unused-function -Wno-unused-label -Wno-unused-parameter -Wno-unused-variable -Wunused-value -Wno-empty-body -Wno-uninitialized -Wno-unknown-pragmas -w -Wno-shadow -Wno-four-char-constants -Wno-conversion -Wno-constant-conversion -Wno-int-conversion -Wno-bool-conversion -Wno-enum-conversion -Wno-float-conversion -Wno-non-literal-null-conversion -Wno-objc-literal-conversion -Wshorten-64-to-32 -Wpointer-sign -Wno-newline-eof -Wno-selector -Wno-strict-selector-match -Wno-undeclared-selector -Wno-deprecated-implementations -Wno-implicit-fallthrough -fstrict-aliasing -Wprotocol -Wdeprecated-declarations -Wno-sign-conversion -Wno-infinite-recursion -Wno-comma -Wno-block-capture-autoreleasing -Wno-strict-prototypes -Wno-semicolon-before-method-body -index-store-path /Users/khanghnguyen/Library/Developer/Xcode/DerivedData/Wishie-gavmeupfwiyxzhaiqkwzocyeeixy/Index.noindex/DataStore @/Users/khanghnguyen/Library/Developer/Xcode/DerivedData/Wishie-gavmeupfwiyxzhaiqkwzocyeeixy/Build/Intermediates.noindex/GoogleUtilities.build/Debug-iphoneos/GoogleUtilities-Network.build/Objects-normal/arm64/e6072d4f65d7061329687fe24e3d63a7-common-args.resp -include /Users/khanghnguyen/Library/Developer/Xcode/DerivedData/Wishie-gavmeupfwiyxzhaiqkwzocyeeixy/Build/Intermediates.noindex/GoogleUtilities.build/Debug-iphoneos/GoogleUtilities-Network.build/DerivedSources/resource_bundle_accessor.h -MMD -MT dependencies -MF /Users/khanghnguyen/Library/Developer/Xcode/DerivedData/Wishie-gavmeupfwiyxzhaiqkwzocyeeixy/Build/Intermediates.noindex/GoogleUtilities.build/Debug-iphoneos/GoogleUtilities-Network.build/Objects-normal/arm64/GULNetwork.d --serialize-diagnostics /Users/khanghnguyen/Library/Developer/Xcode/DerivedData/Wishie-gavmeupfwiyxzhaiqkwzocyeeixy/Build/Intermediates.noindex/GoogleUtilities.build/Debug-iphoneos/GoogleUtilities-Network.build/Objects-normal/arm64/GULNetwork.dia -c /Users/khanghnguyen/Library/Developer/Xcode/DerivedData/Wishie-gavmeupfwiyxzhaiqkwzocyeeixy/SourcePackages/checkouts/GoogleUtilities/GoogleUtilities/Network/GULNetwork.m -o /Users/khanghnguyen/Library/Developer/Xcode/DerivedData/Wishie-gavmeupfwiyxzhaiqkwzocyeeixy/Build/Intermediates.noindex/GoogleUtilities.build/Debug-iphoneos/GoogleUtilities-Network.build/Objects-normal/arm64/GULNetwork.o -index-unit-output-path /GoogleUtilities.build/Debug-iphoneos/GoogleUtilities-Network.build/Objects-normal/arm64/GULNetwork.o

SwiftExplicitDependencyGeneratePcm arm64 /Users/khanghnguyen/Library/Developer/Xcode/DerivedData/Wishie-gavmeupfwiyxzhaiqkwzocyeeixy/Build/Intermediates.noindex/SwiftExplicitPrecompiledModules/GoogleUtilities_NSData-8T6JO15DJ5MEMRLTTPSL265ZW.pcm

ScanDependencies /Users/khanghnguyen/Library/Developer/Xcode/DerivedData/Wishie-gavmeupfwiyxzhaiqkwzocyeeixy/Build/Intermediates.noindex/GoogleUtilities.build/Debug-iphoneos/GoogleUtilities-Network.build/Objects-normal/arm64/GULMutableDictionary.o /Users/khanghnguyen/Library/Developer/Xcode/DerivedData/Wishie-gavmeupfwiyxzhaiqkwzocyeeixy/SourcePackages/checkouts/GoogleUtilities/GoogleUtilities/Network/GULMutableDictionary.m normal arm64 objective-c com.apple.compilers.llvm.clang.1_0.compiler (in target 'GoogleUtilities-Network' from project 'GoogleUtilities')
    cd /Users/khanghnguyen/Downloads/Wishie/Wishie.xcodeproj
    
    Using response file: /Users/khanghnguyen/Library/Developer/Xcode/DerivedData/Wishie-gavmeupfwiyxzhaiqkwzocyeeixy/Build/Intermediates.noindex/GoogleUtilities.build/Debug-iphoneos/GoogleUtilities-Network.build/Objects-normal/arm64/e6072d4f65d7061329687fe24e3d63a7-common-args.resp
    
    builtin-ScanDependencies -o /Users/khanghnguyen/Library/Developer/Xcode/DerivedData/Wishie-gavmeupfwiyxzhaiqkwzocyeeixy/Build/Intermediates.noindex/GoogleUtilities.build/Debug-iphoneos/GoogleUtilities-Network.build/Objects-normal/arm64/GULMutableDictionary.o.scan -- /Applications/Xcode.app/Contents/Developer/Toolchains/XcodeDefault.xctoolchain/usr/bin/clang -x objective-c -ivfsstatcache /Users/khanghnguyen/Library/Developer/Xcode/DerivedData/SDKStatCaches.noindex/iphoneos26.2-23C57-3794476bd08197c3e2abd9bb477ef7f7.sdkstatcache -fmessage-length\=0 -fdiagnostics-show-note-include-stack -fmacro-backtrace-limit\=0 -fno-color-diagnostics -fmodules-prune-interval\=86400 -fmodules-prune-after\=345600 -fbuild-session-file\=/Users/khanghnguyen/Library/Developer/Xcode/DerivedData/ModuleCache.noindex/Session.modulevalidation -fmodules-validate-once-per-build-session -Wnon-modular-include-in-framework-module -Werror\=non-modular-include-in-framework-module -Wno-trigraphs -Wno-missing-field-initializers -Wno-missing-prototypes -Wno-return-type -Wno-implicit-atomic-properties -Wno-objc-interface-ivars -Wno-arc-repeated-use-of-weak -Wno-missing-braces -Wparentheses -Wswitch -Wno-unused-function -Wno-unused-label -Wno-unused-parameter -Wno-unused-variable -Wunused-value -Wno-empty-body -Wno-uninitialized -Wno-unknown-pragmas -w -Wno-shadow -Wno-four-char-constants -Wno-conversion -Wno-constant-conversion -Wno-int-conversion -Wno-bool-conversion -Wno-enum-conversion -Wno-float-conversion -Wno-non-literal-null-conversion -Wno-objc-literal-conversion -Wshorten-64-to-32 -Wpointer-sign -Wno-newline-eof -Wno-selector -Wno-strict-selector-match -Wno-undeclared-selector -Wno-deprecated-implementations -Wno-implicit-fallthrough -fstrict-aliasing -Wprotocol -Wdeprecated-declarations -Wno-sign-conversion -Wno-infinite-recursion -Wno-comma -Wno-block-capture-autoreleasing -Wno-strict-prototypes -Wno-semicolon-before-method-body -index-store-path /Users/khanghnguyen/Library/Developer/Xcode/DerivedData/Wishie-gavmeupfwiyxzhaiqkwzocyeeixy/Index.noindex/DataStore @/Users/khanghnguyen/Library/Developer/Xcode/DerivedData/Wishie-gavmeupfwiyxzhaiqkwzocyeeixy/Build/Intermediates.noindex/GoogleUtilities.build/Debug-iphoneos/GoogleUtilities-Network.build/Objects-normal/arm64/e6072d4f65d7061329687fe24e3d63a7-common-args.resp -include /Users/khanghnguyen/Library/Developer/Xcode/DerivedData/Wishie-gavmeupfwiyxzhaiqkwzocyeeixy/Build/Intermediates.noindex/GoogleUtilities.build/Debug-iphoneos/GoogleUtilities-Network.build/DerivedSources/resource_bundle_accessor.h -MMD -MT dependencies -MF /Users/khanghnguyen/Library/Developer/Xcode/DerivedData/Wishie-gavmeupfwiyxzhaiqkwzocyeeixy/Build/Intermediates.noindex/GoogleUtilities.build/Debug-iphoneos/GoogleUtilities-Network.build/Objects-normal/arm64/GULMutableDictionary.d --serialize-diagnostics /Users/khanghnguyen/Library/Developer/Xcode/DerivedData/Wishie-gavmeupfwiyxzhaiqkwzocyeeixy/Build/Intermediates.noindex/GoogleUtilities.build/Debug-iphoneos/GoogleUtilities-Network.build/Objects-normal/arm64/GULMutableDictionary.dia -c /Users/khanghnguyen/Library/Developer/Xcode/DerivedData/Wishie-gavmeupfwiyxzhaiqkwzocyeeixy/SourcePackages/checkouts/GoogleUtilities/GoogleUtilities/Network/GULMutableDictionary.m -o /Users/khanghnguyen/Library/Developer/Xcode/DerivedData/Wishie-gavmeupfwiyxzhaiqkwzocyeeixy/Build/Intermediates.noindex/GoogleUtilities.build/Debug-iphoneos/GoogleUtilities-Network.build/Objects-normal/arm64/GULMutableDictionary.o -index-unit-output-path /GoogleUtilities.build/Debug-iphoneos/GoogleUtilities-Network.build/Objects-normal/arm64/GULMutableDictionary.o

CompileC /Users/khanghnguyen/Library/Developer/Xcode/DerivedData/Wishie-gavmeupfwiyxzhaiqkwzocyeeixy/Build/Intermediates.noindex/gRPC.build/Debug-iphoneos/grpcWrapper.build/Objects-normal/arm64/resource_bundle_accessor.o /Users/khanghnguyen/Library/Developer/Xcode/DerivedData/Wishie-gavmeupfwiyxzhaiqkwzocyeeixy/Build/Intermediates.noindex/gRPC.build/Debug-iphoneos/grpcWrapper.build/DerivedSources/resource_bundle_accessor.m normal arm64 objective-c com.apple.compilers.llvm.clang.1_0.compiler (in target 'grpcWrapper' from project 'gRPC')
    cd /Users/khanghnguyen/Downloads/Wishie/Wishie.xcodeproj
    
    Using response file: /Users/khanghnguyen/Library/Developer/Xcode/DerivedData/Wishie-gavmeupfwiyxzhaiqkwzocyeeixy/Build/Intermediates.noindex/gRPC.build/Debug-iphoneos/grpcWrapper.build/Objects-normal/arm64/e6072d4f65d7061329687fe24e3d63a7-common-args.resp
    
    /Applications/Xcode.app/Contents/Developer/Toolchains/XcodeDefault.xctoolchain/usr/bin/clang -x objective-c -ivfsstatcache /Users/khanghnguyen/Library/Developer/Xcode/DerivedData/SDKStatCaches.noindex/iphoneos26.2-23C57-3794476bd08197c3e2abd9bb477ef7f7.sdkstatcache -fmessage-length\=0 -fdiagnostics-show-note-include-stack -fmacro-backtrace-limit\=0 -fno-color-diagnostics -fmodules-prune-interval\=86400 -fmodules-prune-after\=345600 -fbuild-session-file\=/Users/khanghnguyen/Library/Developer/Xcode/DerivedData/ModuleCache.noindex/Session.modulevalidation -fmodules-validate-once-per-build-session -Wnon-modular-include-in-framework-module -Werror\=non-modular-include-in-framework-module -Wno-trigraphs -Wno-missing-field-initializers -Wno-missing-prototypes -Wno-return-type -Wno-implicit-atomic-properties -Wno-objc-interface-ivars -Wno-arc-repeated-use-of-weak -Wno-missing-braces -Wparentheses -Wswitch -Wno-unused-function -Wno-unused-label -Wno-unused-parameter -Wno-unused-variable -Wunused-value -Wno-empty-body -Wno-uninitialized -Wno-unknown-pragmas -w -Wno-shadow -Wno-four-char-constants -Wno-conversion -Wno-constant-conversion -Wno-int-conversion -Wno-bool-conversion -Wno-enum-conversion -Wno-float-conversion -Wno-non-literal-null-conversion -Wno-objc-literal-conversion -Wshorten-64-to-32 -Wpointer-sign -Wno-newline-eof -Wno-selector -Wno-strict-selector-match -Wno-undeclared-selector -Wno-deprecated-implementations -Wno-implicit-fallthrough -fstrict-aliasing -Wprotocol -Wdeprecated-declarations -Wno-sign-conversion -Wno-infinite-recursion -Wno-comma -Wno-block-capture-autoreleasing -Wno-strict-prototypes -Wno-semicolon-before-method-body -index-store-path /Users/khanghnguyen/Library/Developer/Xcode/DerivedData/Wishie-gavmeupfwiyxzhaiqkwzocyeeixy/Index.noindex/DataStore @/Users/khanghnguyen/Library/Developer/Xcode/DerivedData/Wishie-gavmeupfwiyxzhaiqkwzocyeeixy/Build/Intermediates.noindex/gRPC.build/Debug-iphoneos/grpcWrapper.build/Objects-normal/arm64/e6072d4f65d7061329687fe24e3d63a7-common-args.resp -include /Users/khanghnguyen/Library/Developer/Xcode/DerivedData/Wishie-gavmeupfwiyxzhaiqkwzocyeeixy/Build/Intermediates.noindex/gRPC.build/Debug-iphoneos/grpcWrapper.build/DerivedSources/resource_bundle_accessor.h -MMD -MT dependencies -MF /Users/khanghnguyen/Library/Developer/Xcode/DerivedData/Wishie-gavmeupfwiyxzhaiqkwzocyeeixy/Build/Intermediates.noindex/gRPC.build/Debug-iphoneos/grpcWrapper.build/Objects-normal/arm64/resource_bundle_accessor.d --serialize-diagnostics /Users/khanghnguyen/Library/Developer/Xcode/DerivedData/Wishie-gavmeupfwiyxzhaiqkwzocyeeixy/Build/Intermediates.noindex/gRPC.build/Debug-iphoneos/grpcWrapper.build/Objects-normal/arm64/resource_bundle_accessor.dia -c /Users/khanghnguyen/Library/Developer/Xcode/DerivedData/Wishie-gavmeupfwiyxzhaiqkwzocyeeixy/Build/Intermediates.noindex/gRPC.build/Debug-iphoneos/grpcWrapper.build/DerivedSources/resource_bundle_accessor.m -o /Users/khanghnguyen/Library/Developer/Xcode/DerivedData/Wishie-gavmeupfwiyxzhaiqkwzocyeeixy/Build/Intermediates.noindex/gRPC.build/Debug-iphoneos/grpcWrapper.build/Objects-normal/arm64/resource_bundle_accessor.o -index-unit-output-path /gRPC.build/Debug-iphoneos/grpcWrapper.build/Objects-normal/arm64/resource_bundle_accessor.o

CompileC /Users/khanghnguyen/Library/Developer/Xcode/DerivedData/Wishie-gavmeupfwiyxzhaiqkwzocyeeixy/Build/Intermediates.noindex/gRPC.build/Debug-iphoneos/grpcWrapper.build/Objects-normal/arm64/empty.o /Users/khanghnguyen/Library/Developer/Xcode/DerivedData/Wishie-gavmeupfwiyxzhaiqkwzocyeeixy/SourcePackages/checkouts/grpc-binary/grpc-Wrapper/empty.m normal arm64 objective-c com.apple.compilers.llvm.clang.1_0.compiler (in target 'grpcWrapper' from project 'gRPC')
    cd /Users/khanghnguyen/Downloads/Wishie/Wishie.xcodeproj
    
    Using response file: /Users/khanghnguyen/Library/Developer/Xcode/DerivedData/Wishie-gavmeupfwiyxzhaiqkwzocyeeixy/Build/Intermediates.noindex/gRPC.build/Debug-iphoneos/grpcWrapper.build/Objects-normal/arm64/e6072d4f65d7061329687fe24e3d63a7-common-args.resp
    
    /Applications/Xcode.app/Contents/Developer/Toolchains/XcodeDefault.xctoolchain/usr/bin/clang -x objective-c -ivfsstatcache /Users/khanghnguyen/Library/Developer/Xcode/DerivedData/SDKStatCaches.noindex/iphoneos26.2-23C57-3794476bd08197c3e2abd9bb477ef7f7.sdkstatcache -fmessage-length\=0 -fdiagnostics-show-note-include-stack -fmacro-backtrace-limit\=0 -fno-color-diagnostics -fmodules-prune-interval\=86400 -fmodules-prune-after\=345600 -fbuild-session-file\=/Users/khanghnguyen/Library/Developer/Xcode/DerivedData/ModuleCache.noindex/Session.modulevalidation -fmodules-validate-once-per-build-session -Wnon-modular-include-in-framework-module -Werror\=non-modular-include-in-framework-module -Wno-trigraphs -Wno-missing-field-initializers -Wno-missing-prototypes -Wno-return-type -Wno-implicit-atomic-properties -Wno-objc-interface-ivars -Wno-arc-repeated-use-of-weak -Wno-missing-braces -Wparentheses -Wswitch -Wno-unused-function -Wno-unused-label -Wno-unused-parameter -Wno-unused-variable -Wunused-value -Wno-empty-body -Wno-uninitialized -Wno-unknown-pragmas -w -Wno-shadow -Wno-four-char-constants -Wno-conversion -Wno-constant-conversion -Wno-int-conversion -Wno-bool-conversion -Wno-enum-conversion -Wno-float-conversion -Wno-non-literal-null-conversion -Wno-objc-literal-conversion -Wshorten-64-to-32 -Wpointer-sign -Wno-newline-eof -Wno-selector -Wno-strict-selector-match -Wno-undeclared-selector -Wno-deprecated-implementations -Wno-implicit-fallthrough -fstrict-aliasing -Wprotocol -Wdeprecated-declarations -Wno-sign-conversion -Wno-infinite-recursion -Wno-comma -Wno-block-capture-autoreleasing -Wno-strict-prototypes -Wno-semicolon-before-method-body -index-store-path /Users/khanghnguyen/Library/Developer/Xcode/DerivedData/Wishie-gavmeupfwiyxzhaiqkwzocyeeixy/Index.noindex/DataStore @/Users/khanghnguyen/Library/Developer/Xcode/DerivedData/Wishie-gavmeupfwiyxzhaiqkwzocyeeixy/Build/Intermediates.noindex/gRPC.build/Debug-iphoneos/grpcWrapper.build/Objects-normal/arm64/e6072d4f65d7061329687fe24e3d63a7-common-args.resp -include /Users/khanghnguyen/Library/Developer/Xcode/DerivedData/Wishie-gavmeupfwiyxzhaiqkwzocyeeixy/Build/Intermediates.noindex/gRPC.build/Debug-iphoneos/grpcWrapper.build/DerivedSources/resource_bundle_accessor.h -MMD -MT dependencies -MF /Users/khanghnguyen/Library/Developer/Xcode/DerivedData/Wishie-gavmeupfwiyxzhaiqkwzocyeeixy/Build/Intermediates.noindex/gRPC.build/Debug-iphoneos/grpcWrapper.build/Objects-normal/arm64/empty.d --serialize-diagnostics /Users/khanghnguyen/Library/Developer/Xcode/DerivedData/Wishie-gavmeupfwiyxzhaiqkwzocyeeixy/Build/Intermediates.noindex/gRPC.build/Debug-iphoneos/grpcWrapper.build/Objects-normal/arm64/empty.dia -c /Users/khanghnguyen/Library/Developer/Xcode/DerivedData/Wishie-gavmeupfwiyxzhaiqkwzocyeeixy/SourcePackages/checkouts/grpc-binary/grpc-Wrapper/empty.m -o /Users/khanghnguyen/Library/Developer/Xcode/DerivedData/Wishie-gavmeupfwiyxzhaiqkwzocyeeixy/Build/Intermediates.noindex/gRPC.build/Debug-iphoneos/grpcWrapper.build/Objects-normal/arm64/empty.o -index-unit-output-path /gRPC.build/Debug-iphoneos/grpcWrapper.build/Objects-normal/arm64/empty.o

SwiftEmitModule normal arm64 Emitting\ module\ for\ FirebaseCoreInternal (in target 'FirebaseCoreInternal' from project 'Firebase')

EmitSwiftModule normal arm64 (in target 'FirebaseCoreInternal' from project 'Firebase')
    cd /Users/khanghnguyen/Downloads/Wishie/Wishie.xcodeproj
    

SwiftCompile normal arm64 Compiling\ resource_bundle_accessor.swift,\ Heartbeat.swift /Users/khanghnguyen/Library/Developer/Xcode/DerivedData/Wishie-gavmeupfwiyxzhaiqkwzocyeeixy/Build/Intermediates.noindex/Firebase.build/Debug-iphoneos/FirebaseCoreInternal.build/DerivedSources/resource_bundle_accessor.swift /Users/khanghnguyen/Library/Developer/Xcode/DerivedData/Wishie-gavmeupfwiyxzhaiqkwzocyeeixy/SourcePackages/checkouts/firebase-ios-sdk/FirebaseCore/Internal/Sources/HeartbeatLogging/Heartbeat.swift (in target 'FirebaseCoreInternal' from project 'Firebase')

SwiftCompile normal arm64 /Users/khanghnguyen/Library/Developer/Xcode/DerivedData/Wishie-gavmeupfwiyxzhaiqkwzocyeeixy/Build/Intermediates.noindex/Firebase.build/Debug-iphoneos/FirebaseCoreInternal.build/DerivedSources/resource_bundle_accessor.swift (in target 'FirebaseCoreInternal' from project 'Firebase')
    cd /Users/khanghnguyen/Downloads/Wishie/Wishie.xcodeproj
    

SwiftCompile normal arm64 /Users/khanghnguyen/Library/Developer/Xcode/DerivedData/Wishie-gavmeupfwiyxzhaiqkwzocyeeixy/SourcePackages/checkouts/firebase-ios-sdk/FirebaseCore/Internal/Sources/HeartbeatLogging/Heartbeat.swift (in target 'FirebaseCoreInternal' from project 'Firebase')
    cd /Users/khanghnguyen/Downloads/Wishie/Wishie.xcodeproj
    

CompileC /Users/khanghnguyen/Library/Developer/Xcode/DerivedData/Wishie-gavmeupfwiyxzhaiqkwzocyeeixy/Build/Intermediates.noindex/GoogleUtilities.build/Debug-iphoneos/GoogleUtilities-Network.build/Objects-normal/arm64/resource_bundle_accessor.o /Users/khanghnguyen/Library/Developer/Xcode/DerivedData/Wishie-gavmeupfwiyxzhaiqkwzocyeeixy/Build/Intermediates.noindex/GoogleUtilities.build/Debug-iphoneos/GoogleUtilities-Network.build/DerivedSources/resource_bundle_accessor.m normal arm64 objective-c com.apple.compilers.llvm.clang.1_0.compiler (in target 'GoogleUtilities-Network' from project 'GoogleUtilities')
    cd /Users/khanghnguyen/Downloads/Wishie/Wishie.xcodeproj
    
    Using response file: /Users/khanghnguyen/Library/Developer/Xcode/DerivedData/Wishie-gavmeupfwiyxzhaiqkwzocyeeixy/Build/Intermediates.noindex/GoogleUtilities.build/Debug-iphoneos/GoogleUtilities-Network.build/Objects-normal/arm64/e6072d4f65d7061329687fe24e3d63a7-common-args.resp
    
    /Applications/Xcode.app/Contents/Developer/Toolchains/XcodeDefault.xctoolchain/usr/bin/clang -x objective-c -ivfsstatcache /Users/khanghnguyen/Library/Developer/Xcode/DerivedData/SDKStatCaches.noindex/iphoneos26.2-23C57-3794476bd08197c3e2abd9bb477ef7f7.sdkstatcache -fmessage-length\=0 -fdiagnostics-show-note-include-stack -fmacro-backtrace-limit\=0 -fno-color-diagnostics -fmodules-prune-interval\=86400 -fmodules-prune-after\=345600 -fbuild-session-file\=/Users/khanghnguyen/Library/Developer/Xcode/DerivedData/ModuleCache.noindex/Session.modulevalidation -fmodules-validate-once-per-build-session -Wnon-modular-include-in-framework-module -Werror\=non-modular-include-in-framework-module -Wno-trigraphs -Wno-missing-field-initializers -Wno-missing-prototypes -Wno-return-type -Wno-implicit-atomic-properties -Wno-objc-interface-ivars -Wno-arc-repeated-use-of-weak -Wno-missing-braces -Wparentheses -Wswitch -Wno-unused-function -Wno-unused-label -Wno-unused-parameter -Wno-unused-variable -Wunused-value -Wno-empty-body -Wno-uninitialized -Wno-unknown-pragmas -w -Wno-shadow -Wno-four-char-constants -Wno-conversion -Wno-constant-conversion -Wno-int-conversion -Wno-bool-conversion -Wno-enum-conversion -Wno-float-conversion -Wno-non-literal-null-conversion -Wno-objc-literal-conversion -Wshorten-64-to-32 -Wpointer-sign -Wno-newline-eof -Wno-selector -Wno-strict-selector-match -Wno-undeclared-selector -Wno-deprecated-implementations -Wno-implicit-fallthrough -fstrict-aliasing -Wprotocol -Wdeprecated-declarations -Wno-sign-conversion -Wno-infinite-recursion -Wno-comma -Wno-block-capture-autoreleasing -Wno-strict-prototypes -Wno-semicolon-before-method-body -index-store-path /Users/khanghnguyen/Library/Developer/Xcode/DerivedData/Wishie-gavmeupfwiyxzhaiqkwzocyeeixy/Index.noindex/DataStore @/Users/khanghnguyen/Library/Developer/Xcode/DerivedData/Wishie-gavmeupfwiyxzhaiqkwzocyeeixy/Build/Intermediates.noindex/GoogleUtilities.build/Debug-iphoneos/GoogleUtilities-Network.build/Objects-normal/arm64/e6072d4f65d7061329687fe24e3d63a7-common-args.resp -include /Users/khanghnguyen/Library/Developer/Xcode/DerivedData/Wishie-gavmeupfwiyxzhaiqkwzocyeeixy/Build/Intermediates.noindex/GoogleUtilities.build/Debug-iphoneos/GoogleUtilities-Network.build/DerivedSources/resource_bundle_accessor.h -MMD -MT dependencies -MF /Users/khanghnguyen/Library/Developer/Xcode/DerivedData/Wishie-gavmeupfwiyxzhaiqkwzocyeeixy/Build/Intermediates.noindex/GoogleUtilities.build/Debug-iphoneos/GoogleUtilities-Network.build/Objects-normal/arm64/resource_bundle_accessor.d --serialize-diagnostics /Users/khanghnguyen/Library/Developer/Xcode/DerivedData/Wishie-gavmeupfwiyxzhaiqkwzocyeeixy/Build/Intermediates.noindex/GoogleUtilities.build/Debug-iphoneos/GoogleUtilities-Network.build/Objects-normal/arm64/resource_bundle_accessor.dia -c /Users/khanghnguyen/Library/Developer/Xcode/DerivedData/Wishie-gavmeupfwiyxzhaiqkwzocyeeixy/Build/Intermediates.noindex/GoogleUtilities.build/Debug-iphoneos/GoogleUtilities-Network.build/DerivedSources/resource_bundle_accessor.m -o /Users/khanghnguyen/Library/Developer/Xcode/DerivedData/Wishie-gavmeupfwiyxzhaiqkwzocyeeixy/Build/Intermediates.noindex/GoogleUtilities.build/Debug-iphoneos/GoogleUtilities-Network.build/Objects-normal/arm64/resource_bundle_accessor.o -index-unit-output-path /GoogleUtilities.build/Debug-iphoneos/GoogleUtilities-Network.build/Objects-normal/arm64/resource_bundle_accessor.o

Ld /Users/khanghnguyen/Library/Developer/Xcode/DerivedData/Wishie-gavmeupfwiyxzhaiqkwzocyeeixy/Build/Products/Debug-iphoneos/grpcWrapper.o normal (in target 'grpcWrapper' from project 'gRPC')
    cd /Users/khanghnguyen/Library/Developer/Xcode/DerivedData/Wishie-gavmeupfwiyxzhaiqkwzocyeeixy/SourcePackages/checkouts/grpc-binary
    /Applications/Xcode.app/Contents/Developer/Toolchains/XcodeDefault.xctoolchain/usr/bin/clang -Xlinker -reproducible -target arm64-apple-ios12.0 -r -isysroot /Applications/Xcode.app/Contents/Developer/Platforms/iPhoneOS.platform/Developer/SDKs/iPhoneOS26.2.sdk -O0 -w -L/Users/khanghnguyen/Library/Developer/Xcode/DerivedData/Wishie-gavmeupfwiyxzhaiqkwzocyeeixy/Build/Intermediates.noindex/EagerLinkingTBDs/Debug-iphoneos -L/Users/khanghnguyen/Library/Developer/Xcode/DerivedData/Wishie-gavmeupfwiyxzhaiqkwzocyeeixy/Build/Products/Debug-iphoneos -L/Applications/Xcode.app/Contents/Developer/Platforms/iPhoneOS.platform/Developer/usr/lib -F/Users/khanghnguyen/Library/Developer/Xcode/DerivedData/Wishie-gavmeupfwiyxzhaiqkwzocyeeixy/Build/Intermediates.noindex/EagerLinkingTBDs/Debug-iphoneos -F/Users/khanghnguyen/Library/Developer/Xcode/DerivedData/Wishie-gavmeupfwiyxzhaiqkwzocyeeixy/Build/Products/Debug-iphoneos -iframework /Applications/Xcode.app/Contents/Developer/Platforms/iPhoneOS.platform/Developer/Library/Frameworks -iframework /Applications/Xcode.app/Contents/Developer/Platforms/iPhoneOS.platform/Developer/SDKs/iPhoneOS26.2.sdk/Developer/Library/Frameworks -filelist /Users/khanghnguyen/Library/Developer/Xcode/DerivedData/Wishie-gavmeupfwiyxzhaiqkwzocyeeixy/Build/Intermediates.noindex/gRPC.build/Debug-iphoneos/grpcWrapper.build/Objects-normal/arm64/grpcWrapper.LinkFileList -nostdlib -Xlinker -object_path_lto -Xlinker /Users/khanghnguyen/Library/Developer/Xcode/DerivedData/Wishie-gavmeupfwiyxzhaiqkwzocyeeixy/Build/Intermediates.noindex/gRPC.build/Debug-iphoneos/grpcWrapper.build/Objects-normal/arm64/grpcWrapper_lto.o -rdynamic -Xlinker -no_deduplicate -Xlinker -debug_variant -Xlinker -dependency_info -Xlinker /Users/khanghnguyen/Library/Developer/Xcode/DerivedData/Wishie-gavmeupfwiyxzhaiqkwzocyeeixy/Build/Intermediates.noindex/gRPC.build/Debug-iphoneos/grpcWrapper.build/Objects-normal/arm64/grpcWrapper_dependency_info.dat -fobjc-arc -fobjc-link-runtime -o /Users/khanghnguyen/Library/Developer/Xcode/DerivedData/Wishie-gavmeupfwiyxzhaiqkwzocyeeixy/Build/Products/Debug-iphoneos/grpcWrapper.o

CompileC /Users/khanghnguyen/Library/Developer/Xcode/DerivedData/Wishie-gavmeupfwiyxzhaiqkwzocyeeixy/Build/Intermediates.noindex/GoogleUtilities.build/Debug-iphoneos/GoogleUtilities-Network.build/Objects-normal/arm64/GULMutableDictionary.o /Users/khanghnguyen/Library/Developer/Xcode/DerivedData/Wishie-gavmeupfwiyxzhaiqkwzocyeeixy/SourcePackages/checkouts/GoogleUtilities/GoogleUtilities/Network/GULMutableDictionary.m normal arm64 objective-c com.apple.compilers.llvm.clang.1_0.compiler (in target 'GoogleUtilities-Network' from project 'GoogleUtilities')
    cd /Users/khanghnguyen/Downloads/Wishie/Wishie.xcodeproj
    
    Using response file: /Users/khanghnguyen/Library/Developer/Xcode/DerivedData/Wishie-gavmeupfwiyxzhaiqkwzocyeeixy/Build/Intermediates.noindex/GoogleUtilities.build/Debug-iphoneos/GoogleUtilities-Network.build/Objects-normal/arm64/e6072d4f65d7061329687fe24e3d63a7-common-args.resp
    
    /Applications/Xcode.app/Contents/Developer/Toolchains/XcodeDefault.xctoolchain/usr/bin/clang -x objective-c -ivfsstatcache /Users/khanghnguyen/Library/Developer/Xcode/DerivedData/SDKStatCaches.noindex/iphoneos26.2-23C57-3794476bd08197c3e2abd9bb477ef7f7.sdkstatcache -fmessage-length\=0 -fdiagnostics-show-note-include-stack -fmacro-backtrace-limit\=0 -fno-color-diagnostics -fmodules-prune-interval\=86400 -fmodules-prune-after\=345600 -fbuild-session-file\=/Users/khanghnguyen/Library/Developer/Xcode/DerivedData/ModuleCache.noindex/Session.modulevalidation -fmodules-validate-once-per-build-session -Wnon-modular-include-in-framework-module -Werror\=non-modular-include-in-framework-module -Wno-trigraphs -Wno-missing-field-initializers -Wno-missing-prototypes -Wno-return-type -Wno-implicit-atomic-properties -Wno-objc-interface-ivars -Wno-arc-repeated-use-of-weak -Wno-missing-braces -Wparentheses -Wswitch -Wno-unused-function -Wno-unused-label -Wno-unused-parameter -Wno-unused-variable -Wunused-value -Wno-empty-body -Wno-uninitialized -Wno-unknown-pragmas -w -Wno-shadow -Wno-four-char-constants -Wno-conversion -Wno-constant-conversion -Wno-int-conversion -Wno-bool-conversion -Wno-enum-conversion -Wno-float-conversion -Wno-non-literal-null-conversion -Wno-objc-literal-conversion -Wshorten-64-to-32 -Wpointer-sign -Wno-newline-eof -Wno-selector -Wno-strict-selector-match -Wno-undeclared-selector -Wno-deprecated-implementations -Wno-implicit-fallthrough -fstrict-aliasing -Wprotocol -Wdeprecated-declarations -Wno-sign-conversion -Wno-infinite-recursion -Wno-comma -Wno-block-capture-autoreleasing -Wno-strict-prototypes -Wno-semicolon-before-method-body -index-store-path /Users/khanghnguyen/Library/Developer/Xcode/DerivedData/Wishie-gavmeupfwiyxzhaiqkwzocyeeixy/Index.noindex/DataStore @/Users/khanghnguyen/Library/Developer/Xcode/DerivedData/Wishie-gavmeupfwiyxzhaiqkwzocyeeixy/Build/Intermediates.noindex/GoogleUtilities.build/Debug-iphoneos/GoogleUtilities-Network.build/Objects-normal/arm64/e6072d4f65d7061329687fe24e3d63a7-common-args.resp -include /Users/khanghnguyen/Library/Developer/Xcode/DerivedData/Wishie-gavmeupfwiyxzhaiqkwzocyeeixy/Build/Intermediates.noindex/GoogleUtilities.build/Debug-iphoneos/GoogleUtilities-Network.build/DerivedSources/resource_bundle_accessor.h -MMD -MT dependencies -MF /Users/khanghnguyen/Library/Developer/Xcode/DerivedData/Wishie-gavmeupfwiyxzhaiqkwzocyeeixy/Build/Intermediates.noindex/GoogleUtilities.build/Debug-iphoneos/GoogleUtilities-Network.build/Objects-normal/arm64/GULMutableDictionary.d --serialize-diagnostics /Users/khanghnguyen/Library/Developer/Xcode/DerivedData/Wishie-gavmeupfwiyxzhaiqkwzocyeeixy/Build/Intermediates.noindex/GoogleUtilities.build/Debug-iphoneos/GoogleUtilities-Network.build/Objects-normal/arm64/GULMutableDictionary.dia -c /Users/khanghnguyen/Library/Developer/Xcode/DerivedData/Wishie-gavmeupfwiyxzhaiqkwzocyeeixy/SourcePackages/checkouts/GoogleUtilities/GoogleUtilities/Network/GULMutableDictionary.m -o /Users/khanghnguyen/Library/Developer/Xcode/DerivedData/Wishie-gavmeupfwiyxzhaiqkwzocyeeixy/Build/Intermediates.noindex/GoogleUtilities.build/Debug-iphoneos/GoogleUtilities-Network.build/Objects-normal/arm64/GULMutableDictionary.o -index-unit-output-path /GoogleUtilities.build/Debug-iphoneos/GoogleUtilities-Network.build/Objects-normal/arm64/GULMutableDictionary.o

CompileC /Users/khanghnguyen/Library/Developer/Xcode/DerivedData/Wishie-gavmeupfwiyxzhaiqkwzocyeeixy/Build/Intermediates.noindex/GoogleUtilities.build/Debug-iphoneos/GoogleUtilities-Network.build/Objects-normal/arm64/GULNetworkURLSession.o /Users/khanghnguyen/Library/Developer/Xcode/DerivedData/Wishie-gavmeupfwiyxzhaiqkwzocyeeixy/SourcePackages/checkouts/GoogleUtilities/GoogleUtilities/Network/GULNetworkURLSession.m normal arm64 objective-c com.apple.compilers.llvm.clang.1_0.compiler (in target 'GoogleUtilities-Network' from project 'GoogleUtilities')
    cd /Users/khanghnguyen/Downloads/Wishie/Wishie.xcodeproj
    
    Using response file: /Users/khanghnguyen/Library/Developer/Xcode/DerivedData/Wishie-gavmeupfwiyxzhaiqkwzocyeeixy/Build/Intermediates.noindex/GoogleUtilities.build/Debug-iphoneos/GoogleUtilities-Network.build/Objects-normal/arm64/e6072d4f65d7061329687fe24e3d63a7-common-args.resp
    
    /Applications/Xcode.app/Contents/Developer/Toolchains/XcodeDefault.xctoolchain/usr/bin/clang -x objective-c -ivfsstatcache /Users/khanghnguyen/Library/Developer/Xcode/DerivedData/SDKStatCaches.noindex/iphoneos26.2-23C57-3794476bd08197c3e2abd9bb477ef7f7.sdkstatcache -fmessage-length\=0 -fdiagnostics-show-note-include-stack -fmacro-backtrace-limit\=0 -fno-color-diagnostics -fmodules-prune-interval\=86400 -fmodules-prune-after\=345600 -fbuild-session-file\=/Users/khanghnguyen/Library/Developer/Xcode/DerivedData/ModuleCache.noindex/Session.modulevalidation -fmodules-validate-once-per-build-session -Wnon-modular-include-in-framework-module -Werror\=non-modular-include-in-framework-module -Wno-trigraphs -Wno-missing-field-initializers -Wno-missing-prototypes -Wno-return-type -Wno-implicit-atomic-properties -Wno-objc-interface-ivars -Wno-arc-repeated-use-of-weak -Wno-missing-braces -Wparentheses -Wswitch -Wno-unused-function -Wno-unused-label -Wno-unused-parameter -Wno-unused-variable -Wunused-value -Wno-empty-body -Wno-uninitialized -Wno-unknown-pragmas -w -Wno-shadow -Wno-four-char-constants -Wno-conversion -Wno-constant-conversion -Wno-int-conversion -Wno-bool-conversion -Wno-enum-conversion -Wno-float-conversion -Wno-non-literal-null-conversion -Wno-objc-literal-conversion -Wshorten-64-to-32 -Wpointer-sign -Wno-newline-eof -Wno-selector -Wno-strict-selector-match -Wno-undeclared-selector -Wno-deprecated-implementations -Wno-implicit-fallthrough -fstrict-aliasing -Wprotocol -Wdeprecated-declarations -Wno-sign-conversion -Wno-infinite-recursion -Wno-comma -Wno-block-capture-autoreleasing -Wno-strict-prototypes -Wno-semicolon-before-method-body -index-store-path /Users/khanghnguyen/Library/Developer/Xcode/DerivedData/Wishie-gavmeupfwiyxzhaiqkwzocyeeixy/Index.noindex/DataStore @/Users/khanghnguyen/Library/Developer/Xcode/DerivedData/Wishie-gavmeupfwiyxzhaiqkwzocyeeixy/Build/Intermediates.noindex/GoogleUtilities.build/Debug-iphoneos/GoogleUtilities-Network.build/Objects-normal/arm64/e6072d4f65d7061329687fe24e3d63a7-common-args.resp -include /Users/khanghnguyen/Library/Developer/Xcode/DerivedData/Wishie-gavmeupfwiyxzhaiqkwzocyeeixy/Build/Intermediates.noindex/GoogleUtilities.build/Debug-iphoneos/GoogleUtilities-Network.build/DerivedSources/resource_bundle_accessor.h -MMD -MT dependencies -MF /Users/khanghnguyen/Library/Developer/Xcode/DerivedData/Wishie-gavmeupfwiyxzhaiqkwzocyeeixy/Build/Intermediates.noindex/GoogleUtilities.build/Debug-iphoneos/GoogleUtilities-Network.build/Objects-normal/arm64/GULNetworkURLSession.d --serialize-diagnostics /Users/khanghnguyen/Library/Developer/Xcode/DerivedData/Wishie-gavmeupfwiyxzhaiqkwzocyeeixy/Build/Intermediates.noindex/GoogleUtilities.build/Debug-iphoneos/GoogleUtilities-Network.build/Objects-normal/arm64/GULNetworkURLSession.dia -c /Users/khanghnguyen/Library/Developer/Xcode/DerivedData/Wishie-gavmeupfwiyxzhaiqkwzocyeeixy/SourcePackages/checkouts/GoogleUtilities/GoogleUtilities/Network/GULNetworkURLSession.m -o /Users/khanghnguyen/Library/Developer/Xcode/DerivedData/Wishie-gavmeupfwiyxzhaiqkwzocyeeixy/Build/Intermediates.noindex/GoogleUtilities.build/Debug-iphoneos/GoogleUtilities-Network.build/Objects-normal/arm64/GULNetworkURLSession.o -index-unit-output-path /GoogleUtilities.build/Debug-iphoneos/GoogleUtilities-Network.build/Objects-normal/arm64/GULNetworkURLSession.o

CompileC /Users/khanghnguyen/Library/Developer/Xcode/DerivedData/Wishie-gavmeupfwiyxzhaiqkwzocyeeixy/Build/Intermediates.noindex/GoogleUtilities.build/Debug-iphoneos/GoogleUtilities-Network.build/Objects-normal/arm64/GULNetworkConstants.o /Users/khanghnguyen/Library/Developer/Xcode/DerivedData/Wishie-gavmeupfwiyxzhaiqkwzocyeeixy/SourcePackages/checkouts/GoogleUtilities/GoogleUtilities/Network/GULNetworkConstants.m normal arm64 objective-c com.apple.compilers.llvm.clang.1_0.compiler (in target 'GoogleUtilities-Network' from project 'GoogleUtilities')
    cd /Users/khanghnguyen/Downloads/Wishie/Wishie.xcodeproj
    
    Using response file: /Users/khanghnguyen/Library/Developer/Xcode/DerivedData/Wishie-gavmeupfwiyxzhaiqkwzocyeeixy/Build/Intermediates.noindex/GoogleUtilities.build/Debug-iphoneos/GoogleUtilities-Network.build/Objects-normal/arm64/e6072d4f65d7061329687fe24e3d63a7-common-args.resp
    
    /Applications/Xcode.app/Contents/Developer/Toolchains/XcodeDefault.xctoolchain/usr/bin/clang -x objective-c -ivfsstatcache /Users/khanghnguyen/Library/Developer/Xcode/DerivedData/SDKStatCaches.noindex/iphoneos26.2-23C57-3794476bd08197c3e2abd9bb477ef7f7.sdkstatcache -fmessage-length\=0 -fdiagnostics-show-note-include-stack -fmacro-backtrace-limit\=0 -fno-color-diagnostics -fmodules-prune-interval\=86400 -fmodules-prune-after\=345600 -fbuild-session-file\=/Users/khanghnguyen/Library/Developer/Xcode/DerivedData/ModuleCache.noindex/Session.modulevalidation -fmodules-validate-once-per-build-session -Wnon-modular-include-in-framework-module -Werror\=non-modular-include-in-framework-module -Wno-trigraphs -Wno-missing-field-initializers -Wno-missing-prototypes -Wno-return-type -Wno-implicit-atomic-properties -Wno-objc-interface-ivars -Wno-arc-repeated-use-of-weak -Wno-missing-braces -Wparentheses -Wswitch -Wno-unused-function -Wno-unused-label -Wno-unused-parameter -Wno-unused-variable -Wunused-value -Wno-empty-body -Wno-uninitialized -Wno-unknown-pragmas -w -Wno-shadow -Wno-four-char-constants -Wno-conversion -Wno-constant-conversion -Wno-int-conversion -Wno-bool-conversion -Wno-enum-conversion -Wno-float-conversion -Wno-non-literal-null-conversion -Wno-objc-literal-conversion -Wshorten-64-to-32 -Wpointer-sign -Wno-newline-eof -Wno-selector -Wno-strict-selector-match -Wno-undeclared-selector -Wno-deprecated-implementations -Wno-implicit-fallthrough -fstrict-aliasing -Wprotocol -Wdeprecated-declarations -Wno-sign-conversion -Wno-infinite-recursion -Wno-comma -Wno-block-capture-autoreleasing -Wno-strict-prototypes -Wno-semicolon-before-method-body -index-store-path /Users/khanghnguyen/Library/Developer/Xcode/DerivedData/Wishie-gavmeupfwiyxzhaiqkwzocyeeixy/Index.noindex/DataStore @/Users/khanghnguyen/Library/Developer/Xcode/DerivedData/Wishie-gavmeupfwiyxzhaiqkwzocyeeixy/Build/Intermediates.noindex/GoogleUtilities.build/Debug-iphoneos/GoogleUtilities-Network.build/Objects-normal/arm64/e6072d4f65d7061329687fe24e3d63a7-common-args.resp -include /Users/khanghnguyen/Library/Developer/Xcode/DerivedData/Wishie-gavmeupfwiyxzhaiqkwzocyeeixy/Build/Intermediates.noindex/GoogleUtilities.build/Debug-iphoneos/GoogleUtilities-Network.build/DerivedSources/resource_bundle_accessor.h -MMD -MT dependencies -MF /Users/khanghnguyen/Library/Developer/Xcode/DerivedData/Wishie-gavmeupfwiyxzhaiqkwzocyeeixy/Build/Intermediates.noindex/GoogleUtilities.build/Debug-iphoneos/GoogleUtilities-Network.build/Objects-normal/arm64/GULNetworkConstants.d --serialize-diagnostics /Users/khanghnguyen/Library/Developer/Xcode/DerivedData/Wishie-gavmeupfwiyxzhaiqkwzocyeeixy/Build/Intermediates.noindex/GoogleUtilities.build/Debug-iphoneos/GoogleUtilities-Network.build/Objects-normal/arm64/GULNetworkConstants.dia -c /Users/khanghnguyen/Library/Developer/Xcode/DerivedData/Wishie-gavmeupfwiyxzhaiqkwzocyeeixy/SourcePackages/checkouts/GoogleUtilities/GoogleUtilities/Network/GULNetworkConstants.m -o /Users/khanghnguyen/Library/Developer/Xcode/DerivedData/Wishie-gavmeupfwiyxzhaiqkwzocyeeixy/Build/Intermediates.noindex/GoogleUtilities.build/Debug-iphoneos/GoogleUtilities-Network.build/Objects-normal/arm64/GULNetworkConstants.o -index-unit-output-path /GoogleUtilities.build/Debug-iphoneos/GoogleUtilities-Network.build/Objects-normal/arm64/GULNetworkConstants.o

PrecompileModule /Users/khanghnguyen/Library/Developer/Xcode/DerivedData/Wishie-gavmeupfwiyxzhaiqkwzocyeeixy/Build/Intermediates.noindex/ExplicitPrecompiledModules/GoogleUtilities_Reachability-4EQPH8LM6871HWI3LLZTKYMDG.scan
    cd /
    builtin-precompileModule /Users/khanghnguyen/Library/Developer/Xcode/DerivedData/Wishie-gavmeupfwiyxzhaiqkwzocyeeixy/Build/Intermediates.noindex/ExplicitPrecompiledModules/GoogleUtilities_Reachability-4EQPH8LM6871HWI3LLZTKYMDG.scan

PrecompileModule /Users/khanghnguyen/Library/Developer/Xcode/DerivedData/Wishie-gavmeupfwiyxzhaiqkwzocyeeixy/Build/Intermediates.noindex/ExplicitPrecompiledModules/GoogleUtilities_NSData-9D7AGU2EFE0500DQ59P3P8BW.scan
    cd /
    builtin-precompileModule /Users/khanghnguyen/Library/Developer/Xcode/DerivedData/Wishie-gavmeupfwiyxzhaiqkwzocyeeixy/Build/Intermediates.noindex/ExplicitPrecompiledModules/GoogleUtilities_NSData-9D7AGU2EFE0500DQ59P3P8BW.scan

SwiftCompile normal arm64 Compiling\ _ObjC_HeartbeatsPayload.swift /Users/khanghnguyen/Library/Developer/Xcode/DerivedData/Wishie-gavmeupfwiyxzhaiqkwzocyeeixy/SourcePackages/checkouts/firebase-ios-sdk/FirebaseCore/Internal/Sources/HeartbeatLogging/_ObjC_HeartbeatsPayload.swift (in target 'FirebaseCoreInternal' from project 'Firebase')

SwiftCompile normal arm64 /Users/khanghnguyen/Library/Developer/Xcode/DerivedData/Wishie-gavmeupfwiyxzhaiqkwzocyeeixy/SourcePackages/checkouts/firebase-ios-sdk/FirebaseCore/Internal/Sources/HeartbeatLogging/_ObjC_HeartbeatsPayload.swift (in target 'FirebaseCoreInternal' from project 'Firebase')
    cd /Users/khanghnguyen/Downloads/Wishie/Wishie.xcodeproj
    

SwiftCompile normal arm64 Compiling\ HeartbeatStorage.swift,\ HeartbeatsBundle.swift /Users/khanghnguyen/Library/Developer/Xcode/DerivedData/Wishie-gavmeupfwiyxzhaiqkwzocyeeixy/SourcePackages/checkouts/firebase-ios-sdk/FirebaseCore/Internal/Sources/HeartbeatLogging/HeartbeatStorage.swift /Users/khanghnguyen/Library/Developer/Xcode/DerivedData/Wishie-gavmeupfwiyxzhaiqkwzocyeeixy/SourcePackages/checkouts/firebase-ios-sdk/FirebaseCore/Internal/Sources/HeartbeatLogging/HeartbeatsBundle.swift (in target 'FirebaseCoreInternal' from project 'Firebase')

SwiftCompile normal arm64 /Users/khanghnguyen/Library/Developer/Xcode/DerivedData/Wishie-gavmeupfwiyxzhaiqkwzocyeeixy/SourcePackages/checkouts/firebase-ios-sdk/FirebaseCore/Internal/Sources/HeartbeatLogging/HeartbeatStorage.swift (in target 'FirebaseCoreInternal' from project 'Firebase')
    cd /Users/khanghnguyen/Downloads/Wishie/Wishie.xcodeproj
    

SwiftCompile normal arm64 /Users/khanghnguyen/Library/Developer/Xcode/DerivedData/Wishie-gavmeupfwiyxzhaiqkwzocyeeixy/SourcePackages/checkouts/firebase-ios-sdk/FirebaseCore/Internal/Sources/HeartbeatLogging/HeartbeatsBundle.swift (in target 'FirebaseCoreInternal' from project 'Firebase')
    cd /Users/khanghnguyen/Downloads/Wishie/Wishie.xcodeproj
    

SwiftCompile normal arm64 Compiling\ HeartbeatController.swift,\ HeartbeatLoggingTestUtils.swift /Users/khanghnguyen/Library/Developer/Xcode/DerivedData/Wishie-gavmeupfwiyxzhaiqkwzocyeeixy/SourcePackages/checkouts/firebase-ios-sdk/FirebaseCore/Internal/Sources/HeartbeatLogging/HeartbeatController.swift /Users/khanghnguyen/Library/Developer/Xcode/DerivedData/Wishie-gavmeupfwiyxzhaiqkwzocyeeixy/SourcePackages/checkouts/firebase-ios-sdk/FirebaseCore/Internal/Sources/HeartbeatLogging/HeartbeatLoggingTestUtils.swift (in target 'FirebaseCoreInternal' from project 'Firebase')

SwiftCompile normal arm64 /Users/khanghnguyen/Library/Developer/Xcode/DerivedData/Wishie-gavmeupfwiyxzhaiqkwzocyeeixy/SourcePackages/checkouts/firebase-ios-sdk/FirebaseCore/Internal/Sources/HeartbeatLogging/HeartbeatController.swift (in target 'FirebaseCoreInternal' from project 'Firebase')
    cd /Users/khanghnguyen/Downloads/Wishie/Wishie.xcodeproj
    

SwiftCompile normal arm64 /Users/khanghnguyen/Library/Developer/Xcode/DerivedData/Wishie-gavmeupfwiyxzhaiqkwzocyeeixy/SourcePackages/checkouts/firebase-ios-sdk/FirebaseCore/Internal/Sources/HeartbeatLogging/HeartbeatLoggingTestUtils.swift (in target 'FirebaseCoreInternal' from project 'Firebase')
    cd /Users/khanghnguyen/Downloads/Wishie/Wishie.xcodeproj
    

SwiftCompile normal arm64 Compiling\ UnfairLock.swift /Users/khanghnguyen/Library/Developer/Xcode/DerivedData/Wishie-gavmeupfwiyxzhaiqkwzocyeeixy/SourcePackages/checkouts/firebase-ios-sdk/FirebaseCore/Internal/Sources/Utilities/UnfairLock.swift (in target 'FirebaseCoreInternal' from project 'Firebase')

SwiftCompile normal arm64 /Users/khanghnguyen/Library/Developer/Xcode/DerivedData/Wishie-gavmeupfwiyxzhaiqkwzocyeeixy/SourcePackages/checkouts/firebase-ios-sdk/FirebaseCore/Internal/Sources/Utilities/UnfairLock.swift (in target 'FirebaseCoreInternal' from project 'Firebase')
    cd /Users/khanghnguyen/Downloads/Wishie/Wishie.xcodeproj
    

SwiftCompile normal arm64 Compiling\ Storage.swift,\ StorageFactory.swift /Users/khanghnguyen/Library/Developer/Xcode/DerivedData/Wishie-gavmeupfwiyxzhaiqkwzocyeeixy/SourcePackages/checkouts/firebase-ios-sdk/FirebaseCore/Internal/Sources/HeartbeatLogging/Storage.swift /Users/khanghnguyen/Library/Developer/Xcode/DerivedData/Wishie-gavmeupfwiyxzhaiqkwzocyeeixy/SourcePackages/checkouts/firebase-ios-sdk/FirebaseCore/Internal/Sources/HeartbeatLogging/StorageFactory.swift (in target 'FirebaseCoreInternal' from project 'Firebase')

SwiftCompile normal arm64 /Users/khanghnguyen/Library/Developer/Xcode/DerivedData/Wishie-gavmeupfwiyxzhaiqkwzocyeeixy/SourcePackages/checkouts/firebase-ios-sdk/FirebaseCore/Internal/Sources/HeartbeatLogging/Storage.swift (in target 'FirebaseCoreInternal' from project 'Firebase')
    cd /Users/khanghnguyen/Downloads/Wishie/Wishie.xcodeproj
    

SwiftCompile normal arm64 /Users/khanghnguyen/Library/Developer/Xcode/DerivedData/Wishie-gavmeupfwiyxzhaiqkwzocyeeixy/SourcePackages/checkouts/firebase-ios-sdk/FirebaseCore/Internal/Sources/HeartbeatLogging/StorageFactory.swift (in target 'FirebaseCoreInternal' from project 'Firebase')
    cd /Users/khanghnguyen/Downloads/Wishie/Wishie.xcodeproj
    

CompileC /Users/khanghnguyen/Library/Developer/Xcode/DerivedData/Wishie-gavmeupfwiyxzhaiqkwzocyeeixy/Build/Intermediates.noindex/GoogleUtilities.build/Debug-iphoneos/GoogleUtilities-Network.build/Objects-normal/arm64/GULNetwork.o /Users/khanghnguyen/Library/Developer/Xcode/DerivedData/Wishie-gavmeupfwiyxzhaiqkwzocyeeixy/SourcePackages/checkouts/GoogleUtilities/GoogleUtilities/Network/GULNetwork.m normal arm64 objective-c com.apple.compilers.llvm.clang.1_0.compiler (in target 'GoogleUtilities-Network' from project 'GoogleUtilities')
    cd /Users/khanghnguyen/Downloads/Wishie/Wishie.xcodeproj
    
    Using response file: /Users/khanghnguyen/Library/Developer/Xcode/DerivedData/Wishie-gavmeupfwiyxzhaiqkwzocyeeixy/Build/Intermediates.noindex/GoogleUtilities.build/Debug-iphoneos/GoogleUtilities-Network.build/Objects-normal/arm64/e6072d4f65d7061329687fe24e3d63a7-common-args.resp
    
    /Applications/Xcode.app/Contents/Developer/Toolchains/XcodeDefault.xctoolchain/usr/bin/clang -x objective-c -ivfsstatcache /Users/khanghnguyen/Library/Developer/Xcode/DerivedData/SDKStatCaches.noindex/iphoneos26.2-23C57-3794476bd08197c3e2abd9bb477ef7f7.sdkstatcache -fmessage-length\=0 -fdiagnostics-show-note-include-stack -fmacro-backtrace-limit\=0 -fno-color-diagnostics -fmodules-prune-interval\=86400 -fmodules-prune-after\=345600 -fbuild-session-file\=/Users/khanghnguyen/Library/Developer/Xcode/DerivedData/ModuleCache.noindex/Session.modulevalidation -fmodules-validate-once-per-build-session -Wnon-modular-include-in-framework-module -Werror\=non-modular-include-in-framework-module -Wno-trigraphs -Wno-missing-field-initializers -Wno-missing-prototypes -Wno-return-type -Wno-implicit-atomic-properties -Wno-objc-interface-ivars -Wno-arc-repeated-use-of-weak -Wno-missing-braces -Wparentheses -Wswitch -Wno-unused-function -Wno-unused-label -Wno-unused-parameter -Wno-unused-variable -Wunused-value -Wno-empty-body -Wno-uninitialized -Wno-unknown-pragmas -w -Wno-shadow -Wno-four-char-constants -Wno-conversion -Wno-constant-conversion -Wno-int-conversion -Wno-bool-conversion -Wno-enum-conversion -Wno-float-conversion -Wno-non-literal-null-conversion -Wno-objc-literal-conversion -Wshorten-64-to-32 -Wpointer-sign -Wno-newline-eof -Wno-selector -Wno-strict-selector-match -Wno-undeclared-selector -Wno-deprecated-implementations -Wno-implicit-fallthrough -fstrict-aliasing -Wprotocol -Wdeprecated-declarations -Wno-sign-conversion -Wno-infinite-recursion -Wno-comma -Wno-block-capture-autoreleasing -Wno-strict-prototypes -Wno-semicolon-before-method-body -index-store-path /Users/khanghnguyen/Library/Developer/Xcode/DerivedData/Wishie-gavmeupfwiyxzhaiqkwzocyeeixy/Index.noindex/DataStore @/Users/khanghnguyen/Library/Developer/Xcode/DerivedData/Wishie-gavmeupfwiyxzhaiqkwzocyeeixy/Build/Intermediates.noindex/GoogleUtilities.build/Debug-iphoneos/GoogleUtilities-Network.build/Objects-normal/arm64/e6072d4f65d7061329687fe24e3d63a7-common-args.resp -include /Users/khanghnguyen/Library/Developer/Xcode/DerivedData/Wishie-gavmeupfwiyxzhaiqkwzocyeeixy/Build/Intermediates.noindex/GoogleUtilities.build/Debug-iphoneos/GoogleUtilities-Network.build/DerivedSources/resource_bundle_accessor.h -MMD -MT dependencies -MF /Users/khanghnguyen/Library/Developer/Xcode/DerivedData/Wishie-gavmeupfwiyxzhaiqkwzocyeeixy/Build/Intermediates.noindex/GoogleUtilities.build/Debug-iphoneos/GoogleUtilities-Network.build/Objects-normal/arm64/GULNetwork.d --serialize-diagnostics /Users/khanghnguyen/Library/Developer/Xcode/DerivedData/Wishie-gavmeupfwiyxzhaiqkwzocyeeixy/Build/Intermediates.noindex/GoogleUtilities.build/Debug-iphoneos/GoogleUtilities-Network.build/Objects-normal/arm64/GULNetwork.dia -c /Users/khanghnguyen/Library/Developer/Xcode/DerivedData/Wishie-gavmeupfwiyxzhaiqkwzocyeeixy/SourcePackages/checkouts/GoogleUtilities/GoogleUtilities/Network/GULNetwork.m -o /Users/khanghnguyen/Library/Developer/Xcode/DerivedData/Wishie-gavmeupfwiyxzhaiqkwzocyeeixy/Build/Intermediates.noindex/GoogleUtilities.build/Debug-iphoneos/GoogleUtilities-Network.build/Objects-normal/arm64/GULNetwork.o -index-unit-output-path /GoogleUtilities.build/Debug-iphoneos/GoogleUtilities-Network.build/Objects-normal/arm64/GULNetwork.o

SwiftDriverJobDiscovery normal arm64 Emitting module for FirebaseCoreInternal (in target 'FirebaseCoreInternal' from project 'Firebase')

SwiftDriver\ Compilation\ Requirements FirebaseCoreInternal normal arm64 com.apple.xcode.tools.swift.compiler (in target 'FirebaseCoreInternal' from project 'Firebase')
    cd /Users/khanghnguyen/Downloads/Wishie/Wishie.xcodeproj
    builtin-Swift-Compilation-Requirements -- /Applications/Xcode.app/Contents/Developer/Toolchains/XcodeDefault.xctoolchain/usr/bin/swiftc -module-name FirebaseCoreInternal -Onone -enforce-exclusivity\=checked @/Users/khanghnguyen/Library/Developer/Xcode/DerivedData/Wishie-gavmeupfwiyxzhaiqkwzocyeeixy/Build/Intermediates.noindex/Firebase.build/Debug-iphoneos/FirebaseCoreInternal.build/Objects-normal/arm64/FirebaseCoreInternal.SwiftFileList -DSWIFT_PACKAGE -DDEBUG -DSWIFT_MODULE_RESOURCE_BUNDLE_AVAILABLE -Xcc -fmodule-map-file\=/Users/khanghnguyen/Library/Developer/Xcode/DerivedData/Wishie-gavmeupfwiyxzhaiqkwzocyeeixy/Build/Intermediates.noindex/GeneratedModuleMaps-iphoneos/GoogleUtilities-NSData.modulemap -DXcode -plugin-path /Applications/Xcode.app/Contents/Developer/Toolchains/XcodeDefault.xctoolchain/usr/lib/swift/host/plugins/testing -enable-experimental-feature DebugDescriptionMacro -sdk /Applications/Xcode.app/Contents/Developer/Platforms/iPhoneOS.platform/Developer/SDKs/iPhoneOS26.2.sdk -target arm64-apple-ios15.0 -g -module-cache-path /Users/khanghnguyen/Library/Developer/Xcode/DerivedData/ModuleCache.noindex -Xfrontend -serialize-debugging-options -profile-coverage-mapping -profile-generate -enable-testing -suppress-warnings -index-store-path /Users/khanghnguyen/Library/Developer/Xcode/DerivedData/Wishie-gavmeupfwiyxzhaiqkwzocyeeixy/Index.noindex/DataStore -Xcc -D_LIBCPP_HARDENING_MODE\=_LIBCPP_HARDENING_MODE_DEBUG -swift-version 6 -I /Users/khanghnguyen/Library/Developer/Xcode/DerivedData/Wishie-gavmeupfwiyxzhaiqkwzocyeeixy/Build/Products/Debug-iphoneos -Isystem /Applications/Xcode.app/Contents/Developer/Platforms/iPhoneOS.platform/Developer/usr/lib -F /Users/khanghnguyen/Library/Developer/Xcode/DerivedData/Wishie-gavmeupfwiyxzhaiqkwzocyeeixy/Build/Products/Debug-iphoneos/PackageFrameworks -F /Users/khanghnguyen/Library/Developer/Xcode/DerivedData/Wishie-gavmeupfwiyxzhaiqkwzocyeeixy/Build/Products/Debug-iphoneos -F /Applications/Xcode.app/Contents/Developer/Platforms/iPhoneOS.platform/Developer/Library/Frameworks -F /Applications/Xcode.app/Contents/Developer/Platforms/iPhoneOS.platform/Developer/SDKs/iPhoneOS26.2.sdk/Developer/Library/Frameworks -c -j8 -enable-batch-mode -incremental -Xcc -ivfsstatcache -Xcc /Users/khanghnguyen/Library/Developer/Xcode/DerivedData/SDKStatCaches.noindex/iphoneos26.2-23C57-3794476bd08197c3e2abd9bb477ef7f7.sdkstatcache -output-file-map /Users/khanghnguyen/Library/Developer/Xcode/DerivedData/Wishie-gavmeupfwiyxzhaiqkwzocyeeixy/Build/Intermediates.noindex/Firebase.build/Debug-iphoneos/FirebaseCoreInternal.build/Objects-normal/arm64/FirebaseCoreInternal-OutputFileMap.json -use-frontend-parseable-output -save-temps -no-color-diagnostics -explicit-module-build -module-cache-path /Users/khanghnguyen/Library/Developer/Xcode/DerivedData/Wishie-gavmeupfwiyxzhaiqkwzocyeeixy/Build/Intermediates.noindex/SwiftExplicitPrecompiledModules -clang-scanner-module-cache-path /Users/khanghnguyen/Library/Developer/Xcode/DerivedData/ModuleCache.noindex -sdk-module-cache-path /Users/khanghnguyen/Library/Developer/Xcode/DerivedData/ModuleCache.noindex -serialize-diagnostics -emit-dependencies -emit-module -emit-module-path /Users/khanghnguyen/Library/Developer/Xcode/DerivedData/Wishie-gavmeupfwiyxzhaiqkwzocyeeixy/Build/Intermediates.noindex/Firebase.build/Debug-iphoneos/FirebaseCoreInternal.build/Objects-normal/arm64/FirebaseCoreInternal.swiftmodule -user-module-version 12.13.0 -validate-clang-modules-once -clang-build-session-file /Users/khanghnguyen/Library/Developer/Xcode/DerivedData/ModuleCache.noindex/Session.modulevalidation -package-name firebase_ios_sdk -Xcc -I/Users/khanghnguyen/Library/Developer/Xcode/DerivedData/Wishie-gavmeupfwiyxzhaiqkwzocyeeixy/Build/Intermediates.noindex/Firebase.build/Debug-iphoneos/FirebaseCoreInternal.build/swift-overrides.hmap -emit-const-values -Xfrontend -const-gather-protocols-file -Xfrontend /Users/khanghnguyen/Library/Developer/Xcode/DerivedData/Wishie-gavmeupfwiyxzhaiqkwzocyeeixy/Build/Intermediates.noindex/Firebase.build/Debug-iphoneos/FirebaseCoreInternal.build/Objects-normal/arm64/FirebaseCoreInternal_const_extract_protocols.json -Xcc -I/Users/khanghnguyen/Library/Developer/Xcode/DerivedData/Wishie-gavmeupfwiyxzhaiqkwzocyeeixy/SourcePackages/checkouts/GoogleUtilities/GoogleUtilities/NSData+zlib/Public -Xcc -I/Users/khanghnguyen/Library/Developer/Xcode/DerivedData/Wishie-gavmeupfwiyxzhaiqkwzocyeeixy/Build/Products/Debug-iphoneos/include -Xcc -I/Users/khanghnguyen/Library/Developer/Xcode/DerivedData/Wishie-gavmeupfwiyxzhaiqkwzocyeeixy/Build/Intermediates.noindex/Firebase.build/Debug-iphoneos/FirebaseCoreInternal.build/DerivedSources-normal/arm64 -Xcc -I/Users/khanghnguyen/Library/Developer/Xcode/DerivedData/Wishie-gavmeupfwiyxzhaiqkwzocyeeixy/Build/Intermediates.noindex/Firebase.build/Debug-iphoneos/FirebaseCoreInternal.build/DerivedSources/arm64 -Xcc -I/Users/khanghnguyen/Library/Developer/Xcode/DerivedData/Wishie-gavmeupfwiyxzhaiqkwzocyeeixy/Build/Intermediates.noindex/Firebase.build/Debug-iphoneos/FirebaseCoreInternal.build/DerivedSources -Xcc -DSWIFT_PACKAGE -Xcc -DDEBUG\=1 -emit-objc-header -emit-objc-header-path /Users/khanghnguyen/Library/Developer/Xcode/DerivedData/Wishie-gavmeupfwiyxzhaiqkwzocyeeixy/Build/Intermediates.noindex/Firebase.build/Debug-iphoneos/FirebaseCoreInternal.build/Objects-normal/arm64/FirebaseCoreInternal-Swift.h -working-directory /Users/khanghnguyen/Downloads/Wishie/Wishie.xcodeproj -experimental-emit-module-separately -disable-cmo

SwiftDriverJobDiscovery normal arm64 Compiling resource_bundle_accessor.swift, Heartbeat.swift (in target 'FirebaseCoreInternal' from project 'Firebase')

SwiftCompile normal arm64 Compiling\ WeakContainer.swift,\ _ObjC_HeartbeatController.swift /Users/khanghnguyen/Library/Developer/Xcode/DerivedData/Wishie-gavmeupfwiyxzhaiqkwzocyeeixy/SourcePackages/checkouts/firebase-ios-sdk/FirebaseCore/Internal/Sources/HeartbeatLogging/WeakContainer.swift /Users/khanghnguyen/Library/Developer/Xcode/DerivedData/Wishie-gavmeupfwiyxzhaiqkwzocyeeixy/SourcePackages/checkouts/firebase-ios-sdk/FirebaseCore/Internal/Sources/HeartbeatLogging/_ObjC_HeartbeatController.swift (in target 'FirebaseCoreInternal' from project 'Firebase')

SwiftCompile normal arm64 /Users/khanghnguyen/Library/Developer/Xcode/DerivedData/Wishie-gavmeupfwiyxzhaiqkwzocyeeixy/SourcePackages/checkouts/firebase-ios-sdk/FirebaseCore/Internal/Sources/HeartbeatLogging/WeakContainer.swift (in target 'FirebaseCoreInternal' from project 'Firebase')
    cd /Users/khanghnguyen/Downloads/Wishie/Wishie.xcodeproj
    

SwiftCompile normal arm64 /Users/khanghnguyen/Library/Developer/Xcode/DerivedData/Wishie-gavmeupfwiyxzhaiqkwzocyeeixy/SourcePackages/checkouts/firebase-ios-sdk/FirebaseCore/Internal/Sources/HeartbeatLogging/_ObjC_HeartbeatController.swift (in target 'FirebaseCoreInternal' from project 'Firebase')
    cd /Users/khanghnguyen/Downloads/Wishie/Wishie.xcodeproj
    

SwiftMergeGeneratedHeaders /Users/khanghnguyen/Library/Developer/Xcode/DerivedData/Wishie-gavmeupfwiyxzhaiqkwzocyeeixy/Build/Intermediates.noindex/GeneratedModuleMaps-iphoneos/FirebaseCoreInternal-Swift.h /Users/khanghnguyen/Library/Developer/Xcode/DerivedData/Wishie-gavmeupfwiyxzhaiqkwzocyeeixy/Build/Intermediates.noindex/Firebase.build/Debug-iphoneos/FirebaseCoreInternal.build/Objects-normal/arm64/FirebaseCoreInternal-Swift.h (in target 'FirebaseCoreInternal' from project 'Firebase')
    cd /Users/khanghnguyen/Library/Developer/Xcode/DerivedData/Wishie-gavmeupfwiyxzhaiqkwzocyeeixy/SourcePackages/checkouts/firebase-ios-sdk
    builtin-swiftHeaderTool -arch arm64 /Users/khanghnguyen/Library/Developer/Xcode/DerivedData/Wishie-gavmeupfwiyxzhaiqkwzocyeeixy/Build/Intermediates.noindex/Firebase.build/Debug-iphoneos/FirebaseCoreInternal.build/Objects-normal/arm64/FirebaseCoreInternal-Swift.h -o /Users/khanghnguyen/Library/Developer/Xcode/DerivedData/Wishie-gavmeupfwiyxzhaiqkwzocyeeixy/Build/Intermediates.noindex/GeneratedModuleMaps-iphoneos/FirebaseCoreInternal-Swift.h

SwiftDriverJobDiscovery normal arm64 Compiling _ObjC_HeartbeatsPayload.swift (in target 'FirebaseCoreInternal' from project 'Firebase')

Copy /Users/khanghnguyen/Library/Developer/Xcode/DerivedData/Wishie-gavmeupfwiyxzhaiqkwzocyeeixy/Build/Products/Debug-iphoneos/FirebaseCoreInternal.swiftmodule/arm64-apple-ios.swiftmodule /Users/khanghnguyen/Library/Developer/Xcode/DerivedData/Wishie-gavmeupfwiyxzhaiqkwzocyeeixy/Build/Intermediates.noindex/Firebase.build/Debug-iphoneos/FirebaseCoreInternal.build/Objects-normal/arm64/FirebaseCoreInternal.swiftmodule (in target 'FirebaseCoreInternal' from project 'Firebase')
    cd /Users/khanghnguyen/Library/Developer/Xcode/DerivedData/Wishie-gavmeupfwiyxzhaiqkwzocyeeixy/SourcePackages/checkouts/firebase-ios-sdk
    builtin-copy -exclude .DS_Store -exclude CVS -exclude .svn -exclude .git -exclude .hg -resolve-src-symlinks -rename /Users/khanghnguyen/Library/Developer/Xcode/DerivedData/Wishie-gavmeupfwiyxzhaiqkwzocyeeixy/Build/Intermediates.noindex/Firebase.build/Debug-iphoneos/FirebaseCoreInternal.build/Objects-normal/arm64/FirebaseCoreInternal.swiftmodule /Users/khanghnguyen/Library/Developer/Xcode/DerivedData/Wishie-gavmeupfwiyxzhaiqkwzocyeeixy/Build/Products/Debug-iphoneos/FirebaseCoreInternal.swiftmodule/arm64-apple-ios.swiftmodule

Copy /Users/khanghnguyen/Library/Developer/Xcode/DerivedData/Wishie-gavmeupfwiyxzhaiqkwzocyeeixy/Build/Products/Debug-iphoneos/FirebaseCoreInternal.swiftmodule/arm64-apple-ios.swiftdoc /Users/khanghnguyen/Library/Developer/Xcode/DerivedData/Wishie-gavmeupfwiyxzhaiqkwzocyeeixy/Build/Intermediates.noindex/Firebase.build/Debug-iphoneos/FirebaseCoreInternal.build/Objects-normal/arm64/FirebaseCoreInternal.swiftdoc (in target 'FirebaseCoreInternal' from project 'Firebase')
    cd /Users/khanghnguyen/Library/Developer/Xcode/DerivedData/Wishie-gavmeupfwiyxzhaiqkwzocyeeixy/SourcePackages/checkouts/firebase-ios-sdk
    builtin-copy -exclude .DS_Store -exclude CVS -exclude .svn -exclude .git -exclude .hg -resolve-src-symlinks -rename /Users/khanghnguyen/Library/Developer/Xcode/DerivedData/Wishie-gavmeupfwiyxzhaiqkwzocyeeixy/Build/Intermediates.noindex/Firebase.build/Debug-iphoneos/FirebaseCoreInternal.build/Objects-normal/arm64/FirebaseCoreInternal.swiftdoc /Users/khanghnguyen/Library/Developer/Xcode/DerivedData/Wishie-gavmeupfwiyxzhaiqkwzocyeeixy/Build/Products/Debug-iphoneos/FirebaseCoreInternal.swiftmodule/arm64-apple-ios.swiftdoc

Copy /Users/khanghnguyen/Library/Developer/Xcode/DerivedData/Wishie-gavmeupfwiyxzhaiqkwzocyeeixy/Build/Products/Debug-iphoneos/FirebaseCoreInternal.swiftmodule/arm64-apple-ios.abi.json /Users/khanghnguyen/Library/Developer/Xcode/DerivedData/Wishie-gavmeupfwiyxzhaiqkwzocyeeixy/Build/Intermediates.noindex/Firebase.build/Debug-iphoneos/FirebaseCoreInternal.build/Objects-normal/arm64/FirebaseCoreInternal.abi.json (in target 'FirebaseCoreInternal' from project 'Firebase')
    cd /Users/khanghnguyen/Library/Developer/Xcode/DerivedData/Wishie-gavmeupfwiyxzhaiqkwzocyeeixy/SourcePackages/checkouts/firebase-ios-sdk
    builtin-copy -exclude .DS_Store -exclude CVS -exclude .svn -exclude .git -exclude .hg -resolve-src-symlinks -rename /Users/khanghnguyen/Library/Developer/Xcode/DerivedData/Wishie-gavmeupfwiyxzhaiqkwzocyeeixy/Build/Intermediates.noindex/Firebase.build/Debug-iphoneos/FirebaseCoreInternal.build/Objects-normal/arm64/FirebaseCoreInternal.abi.json /Users/khanghnguyen/Library/Developer/Xcode/DerivedData/Wishie-gavmeupfwiyxzhaiqkwzocyeeixy/Build/Products/Debug-iphoneos/FirebaseCoreInternal.swiftmodule/arm64-apple-ios.abi.json

Copy /Users/khanghnguyen/Library/Developer/Xcode/DerivedData/Wishie-gavmeupfwiyxzhaiqkwzocyeeixy/Build/Products/Debug-iphoneos/FirebaseCoreInternal.swiftmodule/Project/arm64-apple-ios.swiftsourceinfo /Users/khanghnguyen/Library/Developer/Xcode/DerivedData/Wishie-gavmeupfwiyxzhaiqkwzocyeeixy/Build/Intermediates.noindex/Firebase.build/Debug-iphoneos/FirebaseCoreInternal.build/Objects-normal/arm64/FirebaseCoreInternal.swiftsourceinfo (in target 'FirebaseCoreInternal' from project 'Firebase')
    cd /Users/khanghnguyen/Library/Developer/Xcode/DerivedData/Wishie-gavmeupfwiyxzhaiqkwzocyeeixy/SourcePackages/checkouts/firebase-ios-sdk
    builtin-copy -exclude .DS_Store -exclude CVS -exclude .svn -exclude .git -exclude .hg -resolve-src-symlinks -rename /Users/khanghnguyen/Library/Developer/Xcode/DerivedData/Wishie-gavmeupfwiyxzhaiqkwzocyeeixy/Build/Intermediates.noindex/Firebase.build/Debug-iphoneos/FirebaseCoreInternal.build/Objects-normal/arm64/FirebaseCoreInternal.swiftsourceinfo /Users/khanghnguyen/Library/Developer/Xcode/DerivedData/Wishie-gavmeupfwiyxzhaiqkwzocyeeixy/Build/Products/Debug-iphoneos/FirebaseCoreInternal.swiftmodule/Project/arm64-apple-ios.swiftsourceinfo

SwiftCompile normal arm64 Compiling\ HeartbeatsPayload.swift,\ RingBuffer.swift /Users/khanghnguyen/Library/Developer/Xcode/DerivedData/Wishie-gavmeupfwiyxzhaiqkwzocyeeixy/SourcePackages/checkouts/firebase-ios-sdk/FirebaseCore/Internal/Sources/HeartbeatLogging/HeartbeatsPayload.swift /Users/khanghnguyen/Library/Developer/Xcode/DerivedData/Wishie-gavmeupfwiyxzhaiqkwzocyeeixy/SourcePackages/checkouts/firebase-ios-sdk/FirebaseCore/Internal/Sources/HeartbeatLogging/RingBuffer.swift (in target 'FirebaseCoreInternal' from project 'Firebase')

SwiftCompile normal arm64 /Users/khanghnguyen/Library/Developer/Xcode/DerivedData/Wishie-gavmeupfwiyxzhaiqkwzocyeeixy/SourcePackages/checkouts/firebase-ios-sdk/FirebaseCore/Internal/Sources/HeartbeatLogging/HeartbeatsPayload.swift (in target 'FirebaseCoreInternal' from project 'Firebase')
    cd /Users/khanghnguyen/Downloads/Wishie/Wishie.xcodeproj
    

SwiftCompile normal arm64 /Users/khanghnguyen/Library/Developer/Xcode/DerivedData/Wishie-gavmeupfwiyxzhaiqkwzocyeeixy/SourcePackages/checkouts/firebase-ios-sdk/FirebaseCore/Internal/Sources/HeartbeatLogging/RingBuffer.swift (in target 'FirebaseCoreInternal' from project 'Firebase')
    cd /Users/khanghnguyen/Downloads/Wishie/Wishie.xcodeproj
    

SwiftDriver XCTestDynamicOverlay normal arm64 com.apple.xcode.tools.swift.compiler (in target 'XCTestDynamicOverlay' from project 'xctest-dynamic-overlay')
    cd /Users/khanghnguyen/Downloads/Wishie/Wishie.xcodeproj
    builtin-SwiftDriver -- /Applications/Xcode.app/Contents/Developer/Toolchains/XcodeDefault.xctoolchain/usr/bin/swiftc -module-name XCTestDynamicOverlay -Onone -enforce-exclusivity\=checked @/Users/khanghnguyen/Library/Developer/Xcode/DerivedData/Wishie-gavmeupfwiyxzhaiqkwzocyeeixy/Build/Intermediates.noindex/xctest-dynamic-overlay.build/Debug-iphoneos/XCTestDynamicOverlay.build/Objects-normal/arm64/XCTestDynamicOverlay.SwiftFileList -DSWIFT_PACKAGE -DDEBUG -DSWIFT_MODULE_RESOURCE_BUNDLE_UNAVAILABLE -DXcode -plugin-path /Applications/Xcode.app/Contents/Developer/Toolchains/XcodeDefault.xctoolchain/usr/lib/swift/host/plugins/testing -enable-experimental-feature DebugDescriptionMacro -sdk /Applications/Xcode.app/Contents/Developer/Platforms/iPhoneOS.platform/Developer/SDKs/iPhoneOS26.2.sdk -target arm64-apple-ios13.0 -g -module-cache-path /Users/khanghnguyen/Library/Developer/Xcode/DerivedData/ModuleCache.noindex -Xfrontend -serialize-debugging-options -profile-coverage-mapping -profile-generate -enable-testing -suppress-warnings -index-store-path /Users/khanghnguyen/Library/Developer/Xcode/DerivedData/Wishie-gavmeupfwiyxzhaiqkwzocyeeixy/Index.noindex/DataStore -Xcc -D_LIBCPP_HARDENING_MODE\=_LIBCPP_HARDENING_MODE_DEBUG -swift-version 6 -I /Users/khanghnguyen/Library/Developer/Xcode/DerivedData/Wishie-gavmeupfwiyxzhaiqkwzocyeeixy/Build/Products/Debug-iphoneos -Isystem /Applications/Xcode.app/Contents/Developer/Platforms/iPhoneOS.platform/Developer/usr/lib -F /Users/khanghnguyen/Library/Developer/Xcode/DerivedData/Wishie-gavmeupfwiyxzhaiqkwzocyeeixy/Build/Products/Debug-iphoneos/PackageFrameworks -F /Users/khanghnguyen/Library/Developer/Xcode/DerivedData/Wishie-gavmeupfwiyxzhaiqkwzocyeeixy/Build/Products/Debug-iphoneos/PackageFrameworks -F /Users/khanghnguyen/Library/Developer/Xcode/DerivedData/Wishie-gavmeupfwiyxzhaiqkwzocyeeixy/Build/Products/Debug-iphoneos -F /Applications/Xcode.app/Contents/Developer/Platforms/iPhoneOS.platform/Developer/Library/Frameworks -F /Applications/Xcode.app/Contents/Developer/Platforms/iPhoneOS.platform/Developer/SDKs/iPhoneOS26.2.sdk/Developer/Library/Frameworks -c -j8 -enable-batch-mode -incremental -Xcc -ivfsstatcache -Xcc /Users/khanghnguyen/Library/Developer/Xcode/DerivedData/SDKStatCaches.noindex/iphoneos26.2-23C57-3794476bd08197c3e2abd9bb477ef7f7.sdkstatcache -output-file-map /Users/khanghnguyen/Library/Developer/Xcode/DerivedData/Wishie-gavmeupfwiyxzhaiqkwzocyeeixy/Build/Intermediates.noindex/xctest-dynamic-overlay.build/Debug-iphoneos/XCTestDynamicOverlay.build/Objects-normal/arm64/XCTestDynamicOverlay-OutputFileMap.json -use-frontend-parseable-output -save-temps -no-color-diagnostics -explicit-module-build -module-cache-path /Users/khanghnguyen/Library/Developer/Xcode/DerivedData/Wishie-gavmeupfwiyxzhaiqkwzocyeeixy/Build/Intermediates.noindex/SwiftExplicitPrecompiledModules -clang-scanner-module-cache-path /Users/khanghnguyen/Library/Developer/Xcode/DerivedData/ModuleCache.noindex -sdk-module-cache-path /Users/khanghnguyen/Library/Developer/Xcode/DerivedData/ModuleCache.noindex -serialize-diagnostics -emit-dependencies -emit-module -emit-module-path /Users/khanghnguyen/Library/Developer/Xcode/DerivedData/Wishie-gavmeupfwiyxzhaiqkwzocyeeixy/Build/Intermediates.noindex/xctest-dynamic-overlay.build/Debug-iphoneos/XCTestDynamicOverlay.build/Objects-normal/arm64/XCTestDynamicOverlay.swiftmodule -user-module-version 1.8.0 -validate-clang-modules-once -clang-build-session-file /Users/khanghnguyen/Library/Developer/Xcode/DerivedData/ModuleCache.noindex/Session.modulevalidation -package-name xctest_dynamic_overlay -Xcc -I/Users/khanghnguyen/Library/Developer/Xcode/DerivedData/Wishie-gavmeupfwiyxzhaiqkwzocyeeixy/Build/Intermediates.noindex/xctest-dynamic-overlay.build/Debug-iphoneos/XCTestDynamicOverlay.build/swift-overrides.hmap -emit-const-values -Xfrontend -const-gather-protocols-file -Xfrontend /Users/khanghnguyen/Library/Developer/Xcode/DerivedData/Wishie-gavmeupfwiyxzhaiqkwzocyeeixy/Build/Intermediates.noindex/xctest-dynamic-overlay.build/Debug-iphoneos/XCTestDynamicOverlay.build/Objects-normal/arm64/XCTestDynamicOverlay_const_extract_protocols.json -Xcc -I/Users/khanghnguyen/Library/Developer/Xcode/DerivedData/Wishie-gavmeupfwiyxzhaiqkwzocyeeixy/Build/Products/Debug-iphoneos/include -Xcc -I/Users/khanghnguyen/Library/Developer/Xcode/DerivedData/Wishie-gavmeupfwiyxzhaiqkwzocyeeixy/Build/Intermediates.noindex/xctest-dynamic-overlay.build/Debug-iphoneos/XCTestDynamicOverlay.build/DerivedSources-normal/arm64 -Xcc -I/Users/khanghnguyen/Library/Developer/Xcode/DerivedData/Wishie-gavmeupfwiyxzhaiqkwzocyeeixy/Build/Intermediates.noindex/xctest-dynamic-overlay.build/Debug-iphoneos/XCTestDynamicOverlay.build/DerivedSources/arm64 -Xcc -I/Users/khanghnguyen/Library/Developer/Xcode/DerivedData/Wishie-gavmeupfwiyxzhaiqkwzocyeeixy/Build/Intermediates.noindex/xctest-dynamic-overlay.build/Debug-iphoneos/XCTestDynamicOverlay.build/DerivedSources -Xcc -DSWIFT_PACKAGE -Xcc -DDEBUG\=1 -emit-objc-header -emit-objc-header-path /Users/khanghnguyen/Library/Developer/Xcode/DerivedData/Wishie-gavmeupfwiyxzhaiqkwzocyeeixy/Build/Intermediates.noindex/xctest-dynamic-overlay.build/Debug-iphoneos/XCTestDynamicOverlay.build/Objects-normal/arm64/XCTestDynamicOverlay-Swift.h -working-directory /Users/khanghnguyen/Downloads/Wishie/Wishie.xcodeproj -experimental-emit-module-separately -disable-cmo

SwiftDriverJobDiscovery normal arm64 Compiling UnfairLock.swift (in target 'FirebaseCoreInternal' from project 'Firebase')

ExtractAppIntentsMetadata (in target 'IssueReporting' from project 'xctest-dynamic-overlay')
    cd /Users/khanghnguyen/Library/Developer/Xcode/DerivedData/Wishie-gavmeupfwiyxzhaiqkwzocyeeixy/SourcePackages/checkouts/xctest-dynamic-overlay
    /Applications/Xcode.app/Contents/Developer/Toolchains/XcodeDefault.xctoolchain/usr/bin/appintentsmetadataprocessor --toolchain-dir /Applications/Xcode.app/Contents/Developer/Toolchains/XcodeDefault.xctoolchain --module-name IssueReporting --sdk-root /Applications/Xcode.app/Contents/Developer/Platforms/iPhoneOS.platform/Developer/SDKs/iPhoneOS26.2.sdk --xcode-version 17C529 --platform-family iOS --deployment-target 13.0 --bundle-identifier xctest-dynamic-overlay.IssueReporting --output /Users/khanghnguyen/Library/Developer/Xcode/DerivedData/Wishie-gavmeupfwiyxzhaiqkwzocyeeixy/Build/Products/Debug-iphoneos/IssueReporting.appintents --target-triple arm64-apple-ios13.0 --binary-file /Users/khanghnguyen/Library/Developer/Xcode/DerivedData/Wishie-gavmeupfwiyxzhaiqkwzocyeeixy/Build/Products/Debug-iphoneos/IssueReporting.o --dependency-file /Users/khanghnguyen/Library/Developer/Xcode/DerivedData/Wishie-gavmeupfwiyxzhaiqkwzocyeeixy/Build/Intermediates.noindex/xctest-dynamic-overlay.build/Debug-iphoneos/IssueReporting.build/Objects-normal/arm64/IssueReporting_dependency_info.dat --stringsdata-file /Users/khanghnguyen/Library/Developer/Xcode/DerivedData/Wishie-gavmeupfwiyxzhaiqkwzocyeeixy/Build/Intermediates.noindex/xctest-dynamic-overlay.build/Debug-iphoneos/IssueReporting.build/Objects-normal/arm64/ExtractedAppShortcutsMetadata.stringsdata --source-file-list /Users/khanghnguyen/Library/Developer/Xcode/DerivedData/Wishie-gavmeupfwiyxzhaiqkwzocyeeixy/Build/Intermediates.noindex/xctest-dynamic-overlay.build/Debug-iphoneos/IssueReporting.build/Objects-normal/arm64/IssueReporting.SwiftFileList --metadata-file-list /Users/khanghnguyen/Library/Developer/Xcode/DerivedData/Wishie-gavmeupfwiyxzhaiqkwzocyeeixy/Build/Intermediates.noindex/xctest-dynamic-overlay.build/Debug-iphoneos/IssueReporting.build/IssueReporting.DependencyMetadataFileList --static-metadata-file-list /Users/khanghnguyen/Library/Developer/Xcode/DerivedData/Wishie-gavmeupfwiyxzhaiqkwzocyeeixy/Build/Intermediates.noindex/xctest-dynamic-overlay.build/Debug-iphoneos/IssueReporting.build/IssueReporting.DependencyStaticMetadataFileList --swift-const-vals-list /Users/khanghnguyen/Library/Developer/Xcode/DerivedData/Wishie-gavmeupfwiyxzhaiqkwzocyeeixy/Build/Intermediates.noindex/xctest-dynamic-overlay.build/Debug-iphoneos/IssueReporting.build/Objects-normal/arm64/IssueReporting.SwiftConstValuesFileList --force --compile-time-extraction --deployment-aware-processing --validate-assistant-intents --no-app-shortcuts-localization
2026-05-24 14:36:13.800 appintentsmetadataprocessor[44657:13981731] Starting appintentsmetadataprocessor export
2026-05-24 14:36:13.970 appintentsmetadataprocessor[44657:13981731] Extracted no relevant App Intents symbols, skipping writing output

SwiftDriverJobDiscovery normal arm64 Compiling Storage.swift, StorageFactory.swift (in target 'FirebaseCoreInternal' from project 'Firebase')

RegisterExecutionPolicyException /Users/khanghnguyen/Library/Developer/Xcode/DerivedData/Wishie-gavmeupfwiyxzhaiqkwzocyeeixy/Build/Products/Debug-iphoneos/GoogleUtilities_GoogleUtilities-Network.bundle (in target 'GoogleUtilities_GoogleUtilities-Network' from project 'GoogleUtilities')
    cd /Users/khanghnguyen/Library/Developer/Xcode/DerivedData/Wishie-gavmeupfwiyxzhaiqkwzocyeeixy/SourcePackages/checkouts/GoogleUtilities
    builtin-RegisterExecutionPolicyException /Users/khanghnguyen/Library/Developer/Xcode/DerivedData/Wishie-gavmeupfwiyxzhaiqkwzocyeeixy/Build/Products/Debug-iphoneos/GoogleUtilities_GoogleUtilities-Network.bundle

ScanDependencies /Users/khanghnguyen/Library/Developer/Xcode/DerivedData/Wishie-gavmeupfwiyxzhaiqkwzocyeeixy/Build/Intermediates.noindex/GoogleUtilities.build/Debug-iphoneos/GoogleUtilities-AppDelegateSwizzler.build/Objects-normal/arm64/resource_bundle_accessor.o /Users/khanghnguyen/Library/Developer/Xcode/DerivedData/Wishie-gavmeupfwiyxzhaiqkwzocyeeixy/Build/Intermediates.noindex/GoogleUtilities.build/Debug-iphoneos/GoogleUtilities-AppDelegateSwizzler.build/DerivedSources/resource_bundle_accessor.m normal arm64 objective-c com.apple.compilers.llvm.clang.1_0.compiler (in target 'GoogleUtilities-AppDelegateSwizzler' from project 'GoogleUtilities')
    cd /Users/khanghnguyen/Downloads/Wishie/Wishie.xcodeproj
    
    Using response file: /Users/khanghnguyen/Library/Developer/Xcode/DerivedData/Wishie-gavmeupfwiyxzhaiqkwzocyeeixy/Build/Intermediates.noindex/GoogleUtilities.build/Debug-iphoneos/GoogleUtilities-AppDelegateSwizzler.build/Objects-normal/arm64/e6072d4f65d7061329687fe24e3d63a7-common-args.resp
    
    builtin-ScanDependencies -o /Users/khanghnguyen/Library/Developer/Xcode/DerivedData/Wishie-gavmeupfwiyxzhaiqkwzocyeeixy/Build/Intermediates.noindex/GoogleUtilities.build/Debug-iphoneos/GoogleUtilities-AppDelegateSwizzler.build/Objects-normal/arm64/resource_bundle_accessor.o.scan -- /Applications/Xcode.app/Contents/Developer/Toolchains/XcodeDefault.xctoolchain/usr/bin/clang -x objective-c -ivfsstatcache /Users/khanghnguyen/Library/Developer/Xcode/DerivedData/SDKStatCaches.noindex/iphoneos26.2-23C57-3794476bd08197c3e2abd9bb477ef7f7.sdkstatcache -fmessage-length\=0 -fdiagnostics-show-note-include-stack -fmacro-backtrace-limit\=0 -fno-color-diagnostics -fmodules-prune-interval\=86400 -fmodules-prune-after\=345600 -fbuild-session-file\=/Users/khanghnguyen/Library/Developer/Xcode/DerivedData/ModuleCache.noindex/Session.modulevalidation -fmodules-validate-once-per-build-session -Wnon-modular-include-in-framework-module -Werror\=non-modular-include-in-framework-module -Wno-trigraphs -Wno-missing-field-initializers -Wno-missing-prototypes -Wno-return-type -Wno-implicit-atomic-properties -Wno-objc-interface-ivars -Wno-arc-repeated-use-of-weak -Wno-missing-braces -Wparentheses -Wswitch -Wno-unused-function -Wno-unused-label -Wno-unused-parameter -Wno-unused-variable -Wunused-value -Wno-empty-body -Wno-uninitialized -Wno-unknown-pragmas -w -Wno-shadow -Wno-four-char-constants -Wno-conversion -Wno-constant-conversion -Wno-int-conversion -Wno-bool-conversion -Wno-enum-conversion -Wno-float-conversion -Wno-non-literal-null-conversion -Wno-objc-literal-conversion -Wshorten-64-to-32 -Wpointer-sign -Wno-newline-eof -Wno-selector -Wno-strict-selector-match -Wno-undeclared-selector -Wno-deprecated-implementations -Wno-implicit-fallthrough -fstrict-aliasing -Wprotocol -Wdeprecated-declarations -Wno-sign-conversion -Wno-infinite-recursion -Wno-comma -Wno-block-capture-autoreleasing -Wno-strict-prototypes -Wno-semicolon-before-method-body -index-store-path /Users/khanghnguyen/Library/Developer/Xcode/DerivedData/Wishie-gavmeupfwiyxzhaiqkwzocyeeixy/Index.noindex/DataStore @/Users/khanghnguyen/Library/Developer/Xcode/DerivedData/Wishie-gavmeupfwiyxzhaiqkwzocyeeixy/Build/Intermediates.noindex/GoogleUtilities.build/Debug-iphoneos/GoogleUtilities-AppDelegateSwizzler.build/Objects-normal/arm64/e6072d4f65d7061329687fe24e3d63a7-common-args.resp -include /Users/khanghnguyen/Library/Developer/Xcode/DerivedData/Wishie-gavmeupfwiyxzhaiqkwzocyeeixy/Build/Intermediates.noindex/GoogleUtilities.build/Debug-iphoneos/GoogleUtilities-AppDelegateSwizzler.build/DerivedSources/resource_bundle_accessor.h -MMD -MT dependencies -MF /Users/khanghnguyen/Library/Developer/Xcode/DerivedData/Wishie-gavmeupfwiyxzhaiqkwzocyeeixy/Build/Intermediates.noindex/GoogleUtilities.build/Debug-iphoneos/GoogleUtilities-AppDelegateSwizzler.build/Objects-normal/arm64/resource_bundle_accessor.d --serialize-diagnostics /Users/khanghnguyen/Library/Developer/Xcode/DerivedData/Wishie-gavmeupfwiyxzhaiqkwzocyeeixy/Build/Intermediates.noindex/GoogleUtilities.build/Debug-iphoneos/GoogleUtilities-AppDelegateSwizzler.build/Objects-normal/arm64/resource_bundle_accessor.dia -c /Users/khanghnguyen/Library/Developer/Xcode/DerivedData/Wishie-gavmeupfwiyxzhaiqkwzocyeeixy/Build/Intermediates.noindex/GoogleUtilities.build/Debug-iphoneos/GoogleUtilities-AppDelegateSwizzler.build/DerivedSources/resource_bundle_accessor.m -o /Users/khanghnguyen/Library/Developer/Xcode/DerivedData/Wishie-gavmeupfwiyxzhaiqkwzocyeeixy/Build/Intermediates.noindex/GoogleUtilities.build/Debug-iphoneos/GoogleUtilities-AppDelegateSwizzler.build/Objects-normal/arm64/resource_bundle_accessor.o -index-unit-output-path /GoogleUtilities.build/Debug-iphoneos/GoogleUtilities-AppDelegateSwizzler.build/Objects-normal/arm64/resource_bundle_accessor.o

SwiftDriverJobDiscovery normal arm64 Compiling WeakContainer.swift, _ObjC_HeartbeatController.swift (in target 'FirebaseCoreInternal' from project 'Firebase')

ScanDependencies /Users/khanghnguyen/Library/Developer/Xcode/DerivedData/Wishie-gavmeupfwiyxzhaiqkwzocyeeixy/Build/Intermediates.noindex/GoogleUtilities.build/Debug-iphoneos/GoogleUtilities-AppDelegateSwizzler.build/Objects-normal/arm64/GULSceneDelegateSwizzler.o /Users/khanghnguyen/Library/Developer/Xcode/DerivedData/Wishie-gavmeupfwiyxzhaiqkwzocyeeixy/SourcePackages/checkouts/GoogleUtilities/GoogleUtilities/AppDelegateSwizzler/GULSceneDelegateSwizzler.m normal arm64 objective-c com.apple.compilers.llvm.clang.1_0.compiler (in target 'GoogleUtilities-AppDelegateSwizzler' from project 'GoogleUtilities')
    cd /Users/khanghnguyen/Downloads/Wishie/Wishie.xcodeproj
    
    Using response file: /Users/khanghnguyen/Library/Developer/Xcode/DerivedData/Wishie-gavmeupfwiyxzhaiqkwzocyeeixy/Build/Intermediates.noindex/GoogleUtilities.build/Debug-iphoneos/GoogleUtilities-AppDelegateSwizzler.build/Objects-normal/arm64/e6072d4f65d7061329687fe24e3d63a7-common-args.resp
    
    builtin-ScanDependencies -o /Users/khanghnguyen/Library/Developer/Xcode/DerivedData/Wishie-gavmeupfwiyxzhaiqkwzocyeeixy/Build/Intermediates.noindex/GoogleUtilities.build/Debug-iphoneos/GoogleUtilities-AppDelegateSwizzler.build/Objects-normal/arm64/GULSceneDelegateSwizzler.o.scan -- /Applications/Xcode.app/Contents/Developer/Toolchains/XcodeDefault.xctoolchain/usr/bin/clang -x objective-c -ivfsstatcache /Users/khanghnguyen/Library/Developer/Xcode/DerivedData/SDKStatCaches.noindex/iphoneos26.2-23C57-3794476bd08197c3e2abd9bb477ef7f7.sdkstatcache -fmessage-length\=0 -fdiagnostics-show-note-include-stack -fmacro-backtrace-limit\=0 -fno-color-diagnostics -fmodules-prune-interval\=86400 -fmodules-prune-after\=345600 -fbuild-session-file\=/Users/khanghnguyen/Library/Developer/Xcode/DerivedData/ModuleCache.noindex/Session.modulevalidation -fmodules-validate-once-per-build-session -Wnon-modular-include-in-framework-module -Werror\=non-modular-include-in-framework-module -Wno-trigraphs -Wno-missing-field-initializers -Wno-missing-prototypes -Wno-return-type -Wno-implicit-atomic-properties -Wno-objc-interface-ivars -Wno-arc-repeated-use-of-weak -Wno-missing-braces -Wparentheses -Wswitch -Wno-unused-function -Wno-unused-label -Wno-unused-parameter -Wno-unused-variable -Wunused-value -Wno-empty-body -Wno-uninitialized -Wno-unknown-pragmas -w -Wno-shadow -Wno-four-char-constants -Wno-conversion -Wno-constant-conversion -Wno-int-conversion -Wno-bool-conversion -Wno-enum-conversion -Wno-float-conversion -Wno-non-literal-null-conversion -Wno-objc-literal-conversion -Wshorten-64-to-32 -Wpointer-sign -Wno-newline-eof -Wno-selector -Wno-strict-selector-match -Wno-undeclared-selector -Wno-deprecated-implementations -Wno-implicit-fallthrough -fstrict-aliasing -Wprotocol -Wdeprecated-declarations -Wno-sign-conversion -Wno-infinite-recursion -Wno-comma -Wno-block-capture-autoreleasing -Wno-strict-prototypes -Wno-semicolon-before-method-body -index-store-path /Users/khanghnguyen/Library/Developer/Xcode/DerivedData/Wishie-gavmeupfwiyxzhaiqkwzocyeeixy/Index.noindex/DataStore @/Users/khanghnguyen/Library/Developer/Xcode/DerivedData/Wishie-gavmeupfwiyxzhaiqkwzocyeeixy/Build/Intermediates.noindex/GoogleUtilities.build/Debug-iphoneos/GoogleUtilities-AppDelegateSwizzler.build/Objects-normal/arm64/e6072d4f65d7061329687fe24e3d63a7-common-args.resp -include /Users/khanghnguyen/Library/Developer/Xcode/DerivedData/Wishie-gavmeupfwiyxzhaiqkwzocyeeixy/Build/Intermediates.noindex/GoogleUtilities.build/Debug-iphoneos/GoogleUtilities-AppDelegateSwizzler.build/DerivedSources/resource_bundle_accessor.h -MMD -MT dependencies -MF /Users/khanghnguyen/Library/Developer/Xcode/DerivedData/Wishie-gavmeupfwiyxzhaiqkwzocyeeixy/Build/Intermediates.noindex/GoogleUtilities.build/Debug-iphoneos/GoogleUtilities-AppDelegateSwizzler.build/Objects-normal/arm64/GULSceneDelegateSwizzler.d --serialize-diagnostics /Users/khanghnguyen/Library/Developer/Xcode/DerivedData/Wishie-gavmeupfwiyxzhaiqkwzocyeeixy/Build/Intermediates.noindex/GoogleUtilities.build/Debug-iphoneos/GoogleUtilities-AppDelegateSwizzler.build/Objects-normal/arm64/GULSceneDelegateSwizzler.dia -c /Users/khanghnguyen/Library/Developer/Xcode/DerivedData/Wishie-gavmeupfwiyxzhaiqkwzocyeeixy/SourcePackages/checkouts/GoogleUtilities/GoogleUtilities/AppDelegateSwizzler/GULSceneDelegateSwizzler.m -o /Users/khanghnguyen/Library/Developer/Xcode/DerivedData/Wishie-gavmeupfwiyxzhaiqkwzocyeeixy/Build/Intermediates.noindex/GoogleUtilities.build/Debug-iphoneos/GoogleUtilities-AppDelegateSwizzler.build/Objects-normal/arm64/GULSceneDelegateSwizzler.o -index-unit-output-path /GoogleUtilities.build/Debug-iphoneos/GoogleUtilities-AppDelegateSwizzler.build/Objects-normal/arm64/GULSceneDelegateSwizzler.o

SwiftDriverJobDiscovery normal arm64 Compiling HeartbeatController.swift, HeartbeatLoggingTestUtils.swift (in target 'FirebaseCoreInternal' from project 'Firebase')

ScanDependencies /Users/khanghnguyen/Library/Developer/Xcode/DerivedData/Wishie-gavmeupfwiyxzhaiqkwzocyeeixy/Build/Intermediates.noindex/GoogleUtilities.build/Debug-iphoneos/GoogleUtilities-AppDelegateSwizzler.build/Objects-normal/arm64/GULAppDelegateSwizzler.o /Users/khanghnguyen/Library/Developer/Xcode/DerivedData/Wishie-gavmeupfwiyxzhaiqkwzocyeeixy/SourcePackages/checkouts/GoogleUtilities/GoogleUtilities/AppDelegateSwizzler/GULAppDelegateSwizzler.m normal arm64 objective-c com.apple.compilers.llvm.clang.1_0.compiler (in target 'GoogleUtilities-AppDelegateSwizzler' from project 'GoogleUtilities')
    cd /Users/khanghnguyen/Downloads/Wishie/Wishie.xcodeproj
    
    Using response file: /Users/khanghnguyen/Library/Developer/Xcode/DerivedData/Wishie-gavmeupfwiyxzhaiqkwzocyeeixy/Build/Intermediates.noindex/GoogleUtilities.build/Debug-iphoneos/GoogleUtilities-AppDelegateSwizzler.build/Objects-normal/arm64/e6072d4f65d7061329687fe24e3d63a7-common-args.resp
    
    builtin-ScanDependencies -o /Users/khanghnguyen/Library/Developer/Xcode/DerivedData/Wishie-gavmeupfwiyxzhaiqkwzocyeeixy/Build/Intermediates.noindex/GoogleUtilities.build/Debug-iphoneos/GoogleUtilities-AppDelegateSwizzler.build/Objects-normal/arm64/GULAppDelegateSwizzler.o.scan -- /Applications/Xcode.app/Contents/Developer/Toolchains/XcodeDefault.xctoolchain/usr/bin/clang -x objective-c -ivfsstatcache /Users/khanghnguyen/Library/Developer/Xcode/DerivedData/SDKStatCaches.noindex/iphoneos26.2-23C57-3794476bd08197c3e2abd9bb477ef7f7.sdkstatcache -fmessage-length\=0 -fdiagnostics-show-note-include-stack -fmacro-backtrace-limit\=0 -fno-color-diagnostics -fmodules-prune-interval\=86400 -fmodules-prune-after\=345600 -fbuild-session-file\=/Users/khanghnguyen/Library/Developer/Xcode/DerivedData/ModuleCache.noindex/Session.modulevalidation -fmodules-validate-once-per-build-session -Wnon-modular-include-in-framework-module -Werror\=non-modular-include-in-framework-module -Wno-trigraphs -Wno-missing-field-initializers -Wno-missing-prototypes -Wno-return-type -Wno-implicit-atomic-properties -Wno-objc-interface-ivars -Wno-arc-repeated-use-of-weak -Wno-missing-braces -Wparentheses -Wswitch -Wno-unused-function -Wno-unused-label -Wno-unused-parameter -Wno-unused-variable -Wunused-value -Wno-empty-body -Wno-uninitialized -Wno-unknown-pragmas -w -Wno-shadow -Wno-four-char-constants -Wno-conversion -Wno-constant-conversion -Wno-int-conversion -Wno-bool-conversion -Wno-enum-conversion -Wno-float-conversion -Wno-non-literal-null-conversion -Wno-objc-literal-conversion -Wshorten-64-to-32 -Wpointer-sign -Wno-newline-eof -Wno-selector -Wno-strict-selector-match -Wno-undeclared-selector -Wno-deprecated-implementations -Wno-implicit-fallthrough -fstrict-aliasing -Wprotocol -Wdeprecated-declarations -Wno-sign-conversion -Wno-infinite-recursion -Wno-comma -Wno-block-capture-autoreleasing -Wno-strict-prototypes -Wno-semicolon-before-method-body -index-store-path /Users/khanghnguyen/Library/Developer/Xcode/DerivedData/Wishie-gavmeupfwiyxzhaiqkwzocyeeixy/Index.noindex/DataStore @/Users/khanghnguyen/Library/Developer/Xcode/DerivedData/Wishie-gavmeupfwiyxzhaiqkwzocyeeixy/Build/Intermediates.noindex/GoogleUtilities.build/Debug-iphoneos/GoogleUtilities-AppDelegateSwizzler.build/Objects-normal/arm64/e6072d4f65d7061329687fe24e3d63a7-common-args.resp -include /Users/khanghnguyen/Library/Developer/Xcode/DerivedData/Wishie-gavmeupfwiyxzhaiqkwzocyeeixy/Build/Intermediates.noindex/GoogleUtilities.build/Debug-iphoneos/GoogleUtilities-AppDelegateSwizzler.build/DerivedSources/resource_bundle_accessor.h -MMD -MT dependencies -MF /Users/khanghnguyen/Library/Developer/Xcode/DerivedData/Wishie-gavmeupfwiyxzhaiqkwzocyeeixy/Build/Intermediates.noindex/GoogleUtilities.build/Debug-iphoneos/GoogleUtilities-AppDelegateSwizzler.build/Objects-normal/arm64/GULAppDelegateSwizzler.d --serialize-diagnostics /Users/khanghnguyen/Library/Developer/Xcode/DerivedData/Wishie-gavmeupfwiyxzhaiqkwzocyeeixy/Build/Intermediates.noindex/GoogleUtilities.build/Debug-iphoneos/GoogleUtilities-AppDelegateSwizzler.build/Objects-normal/arm64/GULAppDelegateSwizzler.dia -c /Users/khanghnguyen/Library/Developer/Xcode/DerivedData/Wishie-gavmeupfwiyxzhaiqkwzocyeeixy/SourcePackages/checkouts/GoogleUtilities/GoogleUtilities/AppDelegateSwizzler/GULAppDelegateSwizzler.m -o /Users/khanghnguyen/Library/Developer/Xcode/DerivedData/Wishie-gavmeupfwiyxzhaiqkwzocyeeixy/Build/Intermediates.noindex/GoogleUtilities.build/Debug-iphoneos/GoogleUtilities-AppDelegateSwizzler.build/Objects-normal/arm64/GULAppDelegateSwizzler.o -index-unit-output-path /GoogleUtilities.build/Debug-iphoneos/GoogleUtilities-AppDelegateSwizzler.build/Objects-normal/arm64/GULAppDelegateSwizzler.o

SwiftDriverJobDiscovery normal arm64 Compiling HeartbeatStorage.swift, HeartbeatsBundle.swift (in target 'FirebaseCoreInternal' from project 'Firebase')

RegisterExecutionPolicyException /Users/khanghnguyen/Library/Developer/Xcode/DerivedData/Wishie-gavmeupfwiyxzhaiqkwzocyeeixy/Build/Products/Debug-iphoneos/grpcWrapper.o (in target 'grpcWrapper' from project 'gRPC')
    cd /Users/khanghnguyen/Library/Developer/Xcode/DerivedData/Wishie-gavmeupfwiyxzhaiqkwzocyeeixy/SourcePackages/checkouts/grpc-binary
    builtin-RegisterExecutionPolicyException /Users/khanghnguyen/Library/Developer/Xcode/DerivedData/Wishie-gavmeupfwiyxzhaiqkwzocyeeixy/Build/Products/Debug-iphoneos/grpcWrapper.o

RegisterExecutionPolicyException /Users/khanghnguyen/Library/Developer/Xcode/DerivedData/Wishie-gavmeupfwiyxzhaiqkwzocyeeixy/Build/Products/Debug-iphoneos/SDWebImageSwiftUI.o (in target 'SDWebImageSwiftUI' from project 'SDWebImageSwiftUI')
    cd /Users/khanghnguyen/Library/Developer/Xcode/DerivedData/Wishie-gavmeupfwiyxzhaiqkwzocyeeixy/SourcePackages/checkouts/SDWebImageSwiftUI
    builtin-RegisterExecutionPolicyException /Users/khanghnguyen/Library/Developer/Xcode/DerivedData/Wishie-gavmeupfwiyxzhaiqkwzocyeeixy/Build/Products/Debug-iphoneos/SDWebImageSwiftUI.o

Touch /Users/khanghnguyen/Library/Developer/Xcode/DerivedData/Wishie-gavmeupfwiyxzhaiqkwzocyeeixy/Build/Products/Debug-iphoneos/GoogleUtilities_GoogleUtilities-Network.bundle (in target 'GoogleUtilities_GoogleUtilities-Network' from project 'GoogleUtilities')
    cd /Users/khanghnguyen/Library/Developer/Xcode/DerivedData/Wishie-gavmeupfwiyxzhaiqkwzocyeeixy/SourcePackages/checkouts/GoogleUtilities
    /usr/bin/touch -c /Users/khanghnguyen/Library/Developer/Xcode/DerivedData/Wishie-gavmeupfwiyxzhaiqkwzocyeeixy/Build/Products/Debug-iphoneos/GoogleUtilities_GoogleUtilities-Network.bundle

RegisterExecutionPolicyException /Users/khanghnguyen/Library/Developer/Xcode/DerivedData/Wishie-gavmeupfwiyxzhaiqkwzocyeeixy/Build/Products/Debug-iphoneos/GoogleUtilities_GoogleUtilities-NSData.bundle (in target 'GoogleUtilities_GoogleUtilities-NSData' from project 'GoogleUtilities')
    cd /Users/khanghnguyen/Library/Developer/Xcode/DerivedData/Wishie-gavmeupfwiyxzhaiqkwzocyeeixy/SourcePackages/checkouts/GoogleUtilities
    builtin-RegisterExecutionPolicyException /Users/khanghnguyen/Library/Developer/Xcode/DerivedData/Wishie-gavmeupfwiyxzhaiqkwzocyeeixy/Build/Products/Debug-iphoneos/GoogleUtilities_GoogleUtilities-NSData.bundle

RegisterExecutionPolicyException /Users/khanghnguyen/Library/Developer/Xcode/DerivedData/Wishie-gavmeupfwiyxzhaiqkwzocyeeixy/Build/Products/Debug-iphoneos/GoogleUtilities_GoogleUtilities-Logger.bundle (in target 'GoogleUtilities_GoogleUtilities-Logger' from project 'GoogleUtilities')
    cd /Users/khanghnguyen/Library/Developer/Xcode/DerivedData/Wishie-gavmeupfwiyxzhaiqkwzocyeeixy/SourcePackages/checkouts/GoogleUtilities
    builtin-RegisterExecutionPolicyException /Users/khanghnguyen/Library/Developer/Xcode/DerivedData/Wishie-gavmeupfwiyxzhaiqkwzocyeeixy/Build/Products/Debug-iphoneos/GoogleUtilities_GoogleUtilities-Logger.bundle

RegisterExecutionPolicyException /Users/khanghnguyen/Library/Developer/Xcode/DerivedData/Wishie-gavmeupfwiyxzhaiqkwzocyeeixy/Build/Products/Debug-iphoneos/GoogleUtilities_GoogleUtilities-Environment.bundle (in target 'GoogleUtilities_GoogleUtilities-Environment' from project 'GoogleUtilities')
    cd /Users/khanghnguyen/Library/Developer/Xcode/DerivedData/Wishie-gavmeupfwiyxzhaiqkwzocyeeixy/SourcePackages/checkouts/GoogleUtilities
    builtin-RegisterExecutionPolicyException /Users/khanghnguyen/Library/Developer/Xcode/DerivedData/Wishie-gavmeupfwiyxzhaiqkwzocyeeixy/Build/Products/Debug-iphoneos/GoogleUtilities_GoogleUtilities-Environment.bundle

Touch /Users/khanghnguyen/Library/Developer/Xcode/DerivedData/Wishie-gavmeupfwiyxzhaiqkwzocyeeixy/Build/Products/Debug-iphoneos/GoogleUtilities_GoogleUtilities-NSData.bundle (in target 'GoogleUtilities_GoogleUtilities-NSData' from project 'GoogleUtilities')
    cd /Users/khanghnguyen/Library/Developer/Xcode/DerivedData/Wishie-gavmeupfwiyxzhaiqkwzocyeeixy/SourcePackages/checkouts/GoogleUtilities
    /usr/bin/touch -c /Users/khanghnguyen/Library/Developer/Xcode/DerivedData/Wishie-gavmeupfwiyxzhaiqkwzocyeeixy/Build/Products/Debug-iphoneos/GoogleUtilities_GoogleUtilities-NSData.bundle

RegisterExecutionPolicyException /Users/khanghnguyen/Library/Developer/Xcode/DerivedData/Wishie-gavmeupfwiyxzhaiqkwzocyeeixy/Build/Products/Debug-iphoneos/IssueReporting.o (in target 'IssueReporting' from project 'xctest-dynamic-overlay')
    cd /Users/khanghnguyen/Library/Developer/Xcode/DerivedData/Wishie-gavmeupfwiyxzhaiqkwzocyeeixy/SourcePackages/checkouts/xctest-dynamic-overlay
    builtin-RegisterExecutionPolicyException /Users/khanghnguyen/Library/Developer/Xcode/DerivedData/Wishie-gavmeupfwiyxzhaiqkwzocyeeixy/Build/Products/Debug-iphoneos/IssueReporting.o

RegisterExecutionPolicyException /Users/khanghnguyen/Library/Developer/Xcode/DerivedData/Wishie-gavmeupfwiyxzhaiqkwzocyeeixy/Build/Products/Debug-iphoneos/GoogleUtilities_GoogleUtilities-AppDelegateSwizzler.bundle (in target 'GoogleUtilities_GoogleUtilities-AppDelegateSwizzler' from project 'GoogleUtilities')
    cd /Users/khanghnguyen/Library/Developer/Xcode/DerivedData/Wishie-gavmeupfwiyxzhaiqkwzocyeeixy/SourcePackages/checkouts/GoogleUtilities
    builtin-RegisterExecutionPolicyException /Users/khanghnguyen/Library/Developer/Xcode/DerivedData/Wishie-gavmeupfwiyxzhaiqkwzocyeeixy/Build/Products/Debug-iphoneos/GoogleUtilities_GoogleUtilities-AppDelegateSwizzler.bundle

Touch /Users/khanghnguyen/Library/Developer/Xcode/DerivedData/Wishie-gavmeupfwiyxzhaiqkwzocyeeixy/Build/Products/Debug-iphoneos/GoogleUtilities_GoogleUtilities-Logger.bundle (in target 'GoogleUtilities_GoogleUtilities-Logger' from project 'GoogleUtilities')
    cd /Users/khanghnguyen/Library/Developer/Xcode/DerivedData/Wishie-gavmeupfwiyxzhaiqkwzocyeeixy/SourcePackages/checkouts/GoogleUtilities
    /usr/bin/touch -c /Users/khanghnguyen/Library/Developer/Xcode/DerivedData/Wishie-gavmeupfwiyxzhaiqkwzocyeeixy/Build/Products/Debug-iphoneos/GoogleUtilities_GoogleUtilities-Logger.bundle

Touch /Users/khanghnguyen/Library/Developer/Xcode/DerivedData/Wishie-gavmeupfwiyxzhaiqkwzocyeeixy/Build/Products/Debug-iphoneos/GoogleUtilities_GoogleUtilities-Environment.bundle (in target 'GoogleUtilities_GoogleUtilities-Environment' from project 'GoogleUtilities')
    cd /Users/khanghnguyen/Library/Developer/Xcode/DerivedData/Wishie-gavmeupfwiyxzhaiqkwzocyeeixy/SourcePackages/checkouts/GoogleUtilities
    /usr/bin/touch -c /Users/khanghnguyen/Library/Developer/Xcode/DerivedData/Wishie-gavmeupfwiyxzhaiqkwzocyeeixy/Build/Products/Debug-iphoneos/GoogleUtilities_GoogleUtilities-Environment.bundle

CompileC /Users/khanghnguyen/Library/Developer/Xcode/DerivedData/Wishie-gavmeupfwiyxzhaiqkwzocyeeixy/Build/Intermediates.noindex/GoogleUtilities.build/Debug-iphoneos/GoogleUtilities-AppDelegateSwizzler.build/Objects-normal/arm64/resource_bundle_accessor.o /Users/khanghnguyen/Library/Developer/Xcode/DerivedData/Wishie-gavmeupfwiyxzhaiqkwzocyeeixy/Build/Intermediates.noindex/GoogleUtilities.build/Debug-iphoneos/GoogleUtilities-AppDelegateSwizzler.build/DerivedSources/resource_bundle_accessor.m normal arm64 objective-c com.apple.compilers.llvm.clang.1_0.compiler (in target 'GoogleUtilities-AppDelegateSwizzler' from project 'GoogleUtilities')
    cd /Users/khanghnguyen/Downloads/Wishie/Wishie.xcodeproj
    
    Using response file: /Users/khanghnguyen/Library/Developer/Xcode/DerivedData/Wishie-gavmeupfwiyxzhaiqkwzocyeeixy/Build/Intermediates.noindex/GoogleUtilities.build/Debug-iphoneos/GoogleUtilities-AppDelegateSwizzler.build/Objects-normal/arm64/e6072d4f65d7061329687fe24e3d63a7-common-args.resp
    
    /Applications/Xcode.app/Contents/Developer/Toolchains/XcodeDefault.xctoolchain/usr/bin/clang -x objective-c -ivfsstatcache /Users/khanghnguyen/Library/Developer/Xcode/DerivedData/SDKStatCaches.noindex/iphoneos26.2-23C57-3794476bd08197c3e2abd9bb477ef7f7.sdkstatcache -fmessage-length\=0 -fdiagnostics-show-note-include-stack -fmacro-backtrace-limit\=0 -fno-color-diagnostics -fmodules-prune-interval\=86400 -fmodules-prune-after\=345600 -fbuild-session-file\=/Users/khanghnguyen/Library/Developer/Xcode/DerivedData/ModuleCache.noindex/Session.modulevalidation -fmodules-validate-once-per-build-session -Wnon-modular-include-in-framework-module -Werror\=non-modular-include-in-framework-module -Wno-trigraphs -Wno-missing-field-initializers -Wno-missing-prototypes -Wno-return-type -Wno-implicit-atomic-properties -Wno-objc-interface-ivars -Wno-arc-repeated-use-of-weak -Wno-missing-braces -Wparentheses -Wswitch -Wno-unused-function -Wno-unused-label -Wno-unused-parameter -Wno-unused-variable -Wunused-value -Wno-empty-body -Wno-uninitialized -Wno-unknown-pragmas -w -Wno-shadow -Wno-four-char-constants -Wno-conversion -Wno-constant-conversion -Wno-int-conversion -Wno-bool-conversion -Wno-enum-conversion -Wno-float-conversion -Wno-non-literal-null-conversion -Wno-objc-literal-conversion -Wshorten-64-to-32 -Wpointer-sign -Wno-newline-eof -Wno-selector -Wno-strict-selector-match -Wno-undeclared-selector -Wno-deprecated-implementations -Wno-implicit-fallthrough -fstrict-aliasing -Wprotocol -Wdeprecated-declarations -Wno-sign-conversion -Wno-infinite-recursion -Wno-comma -Wno-block-capture-autoreleasing -Wno-strict-prototypes -Wno-semicolon-before-method-body -index-store-path /Users/khanghnguyen/Library/Developer/Xcode/DerivedData/Wishie-gavmeupfwiyxzhaiqkwzocyeeixy/Index.noindex/DataStore @/Users/khanghnguyen/Library/Developer/Xcode/DerivedData/Wishie-gavmeupfwiyxzhaiqkwzocyeeixy/Build/Intermediates.noindex/GoogleUtilities.build/Debug-iphoneos/GoogleUtilities-AppDelegateSwizzler.build/Objects-normal/arm64/e6072d4f65d7061329687fe24e3d63a7-common-args.resp -include /Users/khanghnguyen/Library/Developer/Xcode/DerivedData/Wishie-gavmeupfwiyxzhaiqkwzocyeeixy/Build/Intermediates.noindex/GoogleUtilities.build/Debug-iphoneos/GoogleUtilities-AppDelegateSwizzler.build/DerivedSources/resource_bundle_accessor.h -MMD -MT dependencies -MF /Users/khanghnguyen/Library/Developer/Xcode/DerivedData/Wishie-gavmeupfwiyxzhaiqkwzocyeeixy/Build/Intermediates.noindex/GoogleUtilities.build/Debug-iphoneos/GoogleUtilities-AppDelegateSwizzler.build/Objects-normal/arm64/resource_bundle_accessor.d --serialize-diagnostics /Users/khanghnguyen/Library/Developer/Xcode/DerivedData/Wishie-gavmeupfwiyxzhaiqkwzocyeeixy/Build/Intermediates.noindex/GoogleUtilities.build/Debug-iphoneos/GoogleUtilities-AppDelegateSwizzler.build/Objects-normal/arm64/resource_bundle_accessor.dia -c /Users/khanghnguyen/Library/Developer/Xcode/DerivedData/Wishie-gavmeupfwiyxzhaiqkwzocyeeixy/Build/Intermediates.noindex/GoogleUtilities.build/Debug-iphoneos/GoogleUtilities-AppDelegateSwizzler.build/DerivedSources/resource_bundle_accessor.m -o /Users/khanghnguyen/Library/Developer/Xcode/DerivedData/Wishie-gavmeupfwiyxzhaiqkwzocyeeixy/Build/Intermediates.noindex/GoogleUtilities.build/Debug-iphoneos/GoogleUtilities-AppDelegateSwizzler.build/Objects-normal/arm64/resource_bundle_accessor.o -index-unit-output-path /GoogleUtilities.build/Debug-iphoneos/GoogleUtilities-AppDelegateSwizzler.build/Objects-normal/arm64/resource_bundle_accessor.o

Ld /Users/khanghnguyen/Library/Developer/Xcode/DerivedData/Wishie-gavmeupfwiyxzhaiqkwzocyeeixy/Build/Products/Debug-iphoneos/GoogleUtilities-NSData.o normal (in target 'GoogleUtilities-NSData' from project 'GoogleUtilities')
    cd /Users/khanghnguyen/Library/Developer/Xcode/DerivedData/Wishie-gavmeupfwiyxzhaiqkwzocyeeixy/SourcePackages/checkouts/GoogleUtilities
    /Applications/Xcode.app/Contents/Developer/Toolchains/XcodeDefault.xctoolchain/usr/bin/clang -Xlinker -reproducible -target arm64-apple-ios12.0 -r -isysroot /Applications/Xcode.app/Contents/Developer/Platforms/iPhoneOS.platform/Developer/SDKs/iPhoneOS26.2.sdk -O0 -w -L/Users/khanghnguyen/Library/Developer/Xcode/DerivedData/Wishie-gavmeupfwiyxzhaiqkwzocyeeixy/Build/Intermediates.noindex/EagerLinkingTBDs/Debug-iphoneos -L/Users/khanghnguyen/Library/Developer/Xcode/DerivedData/Wishie-gavmeupfwiyxzhaiqkwzocyeeixy/Build/Products/Debug-iphoneos -L/Applications/Xcode.app/Contents/Developer/Platforms/iPhoneOS.platform/Developer/usr/lib -F/Users/khanghnguyen/Library/Developer/Xcode/DerivedData/Wishie-gavmeupfwiyxzhaiqkwzocyeeixy/Build/Intermediates.noindex/EagerLinkingTBDs/Debug-iphoneos -F/Users/khanghnguyen/Library/Developer/Xcode/DerivedData/Wishie-gavmeupfwiyxzhaiqkwzocyeeixy/Build/Products/Debug-iphoneos -iframework /Applications/Xcode.app/Contents/Developer/Platforms/iPhoneOS.platform/Developer/Library/Frameworks -iframework /Applications/Xcode.app/Contents/Developer/Platforms/iPhoneOS.platform/Developer/SDKs/iPhoneOS26.2.sdk/Developer/Library/Frameworks -filelist /Users/khanghnguyen/Library/Developer/Xcode/DerivedData/Wishie-gavmeupfwiyxzhaiqkwzocyeeixy/Build/Intermediates.noindex/GoogleUtilities.build/Debug-iphoneos/GoogleUtilities-NSData.build/Objects-normal/arm64/GoogleUtilities-NSData.LinkFileList -nostdlib -Xlinker -object_path_lto -Xlinker /Users/khanghnguyen/Library/Developer/Xcode/DerivedData/Wishie-gavmeupfwiyxzhaiqkwzocyeeixy/Build/Intermediates.noindex/GoogleUtilities.build/Debug-iphoneos/GoogleUtilities-NSData.build/Objects-normal/arm64/GoogleUtilities-NSData_lto.o -rdynamic -Xlinker -no_deduplicate -Xlinker -debug_variant -Xlinker -dependency_info -Xlinker /Users/khanghnguyen/Library/Developer/Xcode/DerivedData/Wishie-gavmeupfwiyxzhaiqkwzocyeeixy/Build/Intermediates.noindex/GoogleUtilities.build/Debug-iphoneos/GoogleUtilities-NSData.build/Objects-normal/arm64/GoogleUtilities-NSData_dependency_info.dat -fobjc-arc -fobjc-link-runtime -o /Users/khanghnguyen/Library/Developer/Xcode/DerivedData/Wishie-gavmeupfwiyxzhaiqkwzocyeeixy/Build/Products/Debug-iphoneos/GoogleUtilities-NSData.o

Touch /Users/khanghnguyen/Library/Developer/Xcode/DerivedData/Wishie-gavmeupfwiyxzhaiqkwzocyeeixy/Build/Products/Debug-iphoneos/GoogleUtilities_GoogleUtilities-AppDelegateSwizzler.bundle (in target 'GoogleUtilities_GoogleUtilities-AppDelegateSwizzler' from project 'GoogleUtilities')
    cd /Users/khanghnguyen/Library/Developer/Xcode/DerivedData/Wishie-gavmeupfwiyxzhaiqkwzocyeeixy/SourcePackages/checkouts/GoogleUtilities
    /usr/bin/touch -c /Users/khanghnguyen/Library/Developer/Xcode/DerivedData/Wishie-gavmeupfwiyxzhaiqkwzocyeeixy/Build/Products/Debug-iphoneos/GoogleUtilities_GoogleUtilities-AppDelegateSwizzler.bundle

RegisterExecutionPolicyException /Users/khanghnguyen/Library/Developer/Xcode/DerivedData/Wishie-gavmeupfwiyxzhaiqkwzocyeeixy/Build/Products/Debug-iphoneos/GTMSessionFetcher_GTMSessionFetcherCore.bundle (in target 'GTMSessionFetcher_GTMSessionFetcherCore' from project 'GTMSessionFetcher')
    cd /Users/khanghnguyen/Library/Developer/Xcode/DerivedData/Wishie-gavmeupfwiyxzhaiqkwzocyeeixy/SourcePackages/checkouts/gtm-session-fetcher
    builtin-RegisterExecutionPolicyException /Users/khanghnguyen/Library/Developer/Xcode/DerivedData/Wishie-gavmeupfwiyxzhaiqkwzocyeeixy/Build/Products/Debug-iphoneos/GTMSessionFetcher_GTMSessionFetcherCore.bundle

RegisterExecutionPolicyException /Users/khanghnguyen/Library/Developer/Xcode/DerivedData/Wishie-gavmeupfwiyxzhaiqkwzocyeeixy/Build/Products/Debug-iphoneos/Firebase_FirebaseFirestore.bundle (in target 'Firebase_FirebaseFirestore' from project 'Firebase')
    cd /Users/khanghnguyen/Library/Developer/Xcode/DerivedData/Wishie-gavmeupfwiyxzhaiqkwzocyeeixy/SourcePackages/checkouts/firebase-ios-sdk
    builtin-RegisterExecutionPolicyException /Users/khanghnguyen/Library/Developer/Xcode/DerivedData/Wishie-gavmeupfwiyxzhaiqkwzocyeeixy/Build/Products/Debug-iphoneos/Firebase_FirebaseFirestore.bundle

Ld /Users/khanghnguyen/Library/Developer/Xcode/DerivedData/Wishie-gavmeupfwiyxzhaiqkwzocyeeixy/Build/Products/Debug-iphoneos/GoogleUtilities-Environment.o normal (in target 'GoogleUtilities-Environment' from project 'GoogleUtilities')
    cd /Users/khanghnguyen/Library/Developer/Xcode/DerivedData/Wishie-gavmeupfwiyxzhaiqkwzocyeeixy/SourcePackages/checkouts/GoogleUtilities
    /Applications/Xcode.app/Contents/Developer/Toolchains/XcodeDefault.xctoolchain/usr/bin/clang -Xlinker -reproducible -target arm64-apple-ios12.0 -r -isysroot /Applications/Xcode.app/Contents/Developer/Platforms/iPhoneOS.platform/Developer/SDKs/iPhoneOS26.2.sdk -O0 -w -L/Users/khanghnguyen/Library/Developer/Xcode/DerivedData/Wishie-gavmeupfwiyxzhaiqkwzocyeeixy/Build/Intermediates.noindex/EagerLinkingTBDs/Debug-iphoneos -L/Users/khanghnguyen/Library/Developer/Xcode/DerivedData/Wishie-gavmeupfwiyxzhaiqkwzocyeeixy/Build/Products/Debug-iphoneos -L/Applications/Xcode.app/Contents/Developer/Platforms/iPhoneOS.platform/Developer/usr/lib -F/Users/khanghnguyen/Library/Developer/Xcode/DerivedData/Wishie-gavmeupfwiyxzhaiqkwzocyeeixy/Build/Intermediates.noindex/EagerLinkingTBDs/Debug-iphoneos -F/Users/khanghnguyen/Library/Developer/Xcode/DerivedData/Wishie-gavmeupfwiyxzhaiqkwzocyeeixy/Build/Products/Debug-iphoneos/PackageFrameworks -F/Users/khanghnguyen/Library/Developer/Xcode/DerivedData/Wishie-gavmeupfwiyxzhaiqkwzocyeeixy/Build/Products/Debug-iphoneos -iframework /Applications/Xcode.app/Contents/Developer/Platforms/iPhoneOS.platform/Developer/Library/Frameworks -iframework /Applications/Xcode.app/Contents/Developer/Platforms/iPhoneOS.platform/Developer/SDKs/iPhoneOS26.2.sdk/Developer/Library/Frameworks -filelist /Users/khanghnguyen/Library/Developer/Xcode/DerivedData/Wishie-gavmeupfwiyxzhaiqkwzocyeeixy/Build/Intermediates.noindex/GoogleUtilities.build/Debug-iphoneos/GoogleUtilities-Environment.build/Objects-normal/arm64/GoogleUtilities-Environment.LinkFileList -nostdlib -Xlinker -object_path_lto -Xlinker /Users/khanghnguyen/Library/Developer/Xcode/DerivedData/Wishie-gavmeupfwiyxzhaiqkwzocyeeixy/Build/Intermediates.noindex/GoogleUtilities.build/Debug-iphoneos/GoogleUtilities-Environment.build/Objects-normal/arm64/GoogleUtilities-Environment_lto.o -rdynamic -Xlinker -no_deduplicate -Xlinker -debug_variant -Xlinker -dependency_info -Xlinker /Users/khanghnguyen/Library/Developer/Xcode/DerivedData/Wishie-gavmeupfwiyxzhaiqkwzocyeeixy/Build/Intermediates.noindex/GoogleUtilities.build/Debug-iphoneos/GoogleUtilities-Environment.build/Objects-normal/arm64/GoogleUtilities-Environment_dependency_info.dat -fobjc-arc -fobjc-link-runtime -o /Users/khanghnguyen/Library/Developer/Xcode/DerivedData/Wishie-gavmeupfwiyxzhaiqkwzocyeeixy/Build/Products/Debug-iphoneos/GoogleUtilities-Environment.o

Touch /Users/khanghnguyen/Library/Developer/Xcode/DerivedData/Wishie-gavmeupfwiyxzhaiqkwzocyeeixy/Build/Products/Debug-iphoneos/GTMSessionFetcher_GTMSessionFetcherCore.bundle (in target 'GTMSessionFetcher_GTMSessionFetcherCore' from project 'GTMSessionFetcher')
    cd /Users/khanghnguyen/Library/Developer/Xcode/DerivedData/Wishie-gavmeupfwiyxzhaiqkwzocyeeixy/SourcePackages/checkouts/gtm-session-fetcher
    /usr/bin/touch -c /Users/khanghnguyen/Library/Developer/Xcode/DerivedData/Wishie-gavmeupfwiyxzhaiqkwzocyeeixy/Build/Products/Debug-iphoneos/GTMSessionFetcher_GTMSessionFetcherCore.bundle

SwiftEmitModule normal arm64 Emitting\ module\ for\ XCTestDynamicOverlay (in target 'XCTestDynamicOverlay' from project 'xctest-dynamic-overlay')

EmitSwiftModule normal arm64 (in target 'XCTestDynamicOverlay' from project 'xctest-dynamic-overlay')
    cd /Users/khanghnguyen/Downloads/Wishie/Wishie.xcodeproj
    

SwiftCompile normal arm64 Compiling\ Exports.swift /Users/khanghnguyen/Library/Developer/Xcode/DerivedData/Wishie-gavmeupfwiyxzhaiqkwzocyeeixy/SourcePackages/checkouts/xctest-dynamic-overlay/Sources/XCTestDynamicOverlay/Internal/Exports.swift (in target 'XCTestDynamicOverlay' from project 'xctest-dynamic-overlay')

SwiftCompile normal arm64 /Users/khanghnguyen/Library/Developer/Xcode/DerivedData/Wishie-gavmeupfwiyxzhaiqkwzocyeeixy/SourcePackages/checkouts/xctest-dynamic-overlay/Sources/XCTestDynamicOverlay/Internal/Exports.swift (in target 'XCTestDynamicOverlay' from project 'xctest-dynamic-overlay')
    cd /Users/khanghnguyen/Downloads/Wishie/Wishie.xcodeproj
    

SwiftCompile normal arm64 Compiling\ Deprecations.swift /Users/khanghnguyen/Library/Developer/Xcode/DerivedData/Wishie-gavmeupfwiyxzhaiqkwzocyeeixy/SourcePackages/checkouts/xctest-dynamic-overlay/Sources/XCTestDynamicOverlay/Internal/Deprecations.swift (in target 'XCTestDynamicOverlay' from project 'xctest-dynamic-overlay')

SwiftCompile normal arm64 /Users/khanghnguyen/Library/Developer/Xcode/DerivedData/Wishie-gavmeupfwiyxzhaiqkwzocyeeixy/SourcePackages/checkouts/xctest-dynamic-overlay/Sources/XCTestDynamicOverlay/Internal/Deprecations.swift (in target 'XCTestDynamicOverlay' from project 'xctest-dynamic-overlay')
    cd /Users/khanghnguyen/Downloads/Wishie/Wishie.xcodeproj
    

SwiftDriverJobDiscovery normal arm64 Compiling HeartbeatsPayload.swift, RingBuffer.swift (in target 'FirebaseCoreInternal' from project 'Firebase')

Touch /Users/khanghnguyen/Library/Developer/Xcode/DerivedData/Wishie-gavmeupfwiyxzhaiqkwzocyeeixy/Build/Products/Debug-iphoneos/Firebase_FirebaseFirestore.bundle (in target 'Firebase_FirebaseFirestore' from project 'Firebase')
    cd /Users/khanghnguyen/Library/Developer/Xcode/DerivedData/Wishie-gavmeupfwiyxzhaiqkwzocyeeixy/SourcePackages/checkouts/firebase-ios-sdk
    /usr/bin/touch -c /Users/khanghnguyen/Library/Developer/Xcode/DerivedData/Wishie-gavmeupfwiyxzhaiqkwzocyeeixy/Build/Products/Debug-iphoneos/Firebase_FirebaseFirestore.bundle

ScanDependencies /Users/khanghnguyen/Library/Developer/Xcode/DerivedData/Wishie-gavmeupfwiyxzhaiqkwzocyeeixy/Build/Intermediates.noindex/Firebase.build/Debug-iphoneos/FirebaseFirestoreInternalWrapper.build/Objects-normal/arm64/dummy.o /Users/khanghnguyen/Library/Developer/Xcode/DerivedData/Wishie-gavmeupfwiyxzhaiqkwzocyeeixy/SourcePackages/checkouts/firebase-ios-sdk/FirebaseFirestoreInternal/dummy.m normal arm64 objective-c com.apple.compilers.llvm.clang.1_0.compiler (in target 'FirebaseFirestoreInternalWrapper' from project 'Firebase')
    cd /Users/khanghnguyen/Downloads/Wishie/Wishie.xcodeproj
    
    Using response file: /Users/khanghnguyen/Library/Developer/Xcode/DerivedData/Wishie-gavmeupfwiyxzhaiqkwzocyeeixy/Build/Intermediates.noindex/Firebase.build/Debug-iphoneos/FirebaseFirestoreInternalWrapper.build/Objects-normal/arm64/e6072d4f65d7061329687fe24e3d63a7-common-args.resp
    
    builtin-ScanDependencies -o /Users/khanghnguyen/Library/Developer/Xcode/DerivedData/Wishie-gavmeupfwiyxzhaiqkwzocyeeixy/Build/Intermediates.noindex/Firebase.build/Debug-iphoneos/FirebaseFirestoreInternalWrapper.build/Objects-normal/arm64/dummy.o.scan -- /Applications/Xcode.app/Contents/Developer/Toolchains/XcodeDefault.xctoolchain/usr/bin/clang -x objective-c -ivfsstatcache /Users/khanghnguyen/Library/Developer/Xcode/DerivedData/SDKStatCaches.noindex/iphoneos26.2-23C57-3794476bd08197c3e2abd9bb477ef7f7.sdkstatcache -fmessage-length\=0 -fdiagnostics-show-note-include-stack -fmacro-backtrace-limit\=0 -fno-color-diagnostics -fmodules-prune-interval\=86400 -fmodules-prune-after\=345600 -fbuild-session-file\=/Users/khanghnguyen/Library/Developer/Xcode/DerivedData/ModuleCache.noindex/Session.modulevalidation -fmodules-validate-once-per-build-session -Wnon-modular-include-in-framework-module -Werror\=non-modular-include-in-framework-module -Wno-trigraphs -Wno-missing-field-initializers -Wno-missing-prototypes -Wno-return-type -Wno-implicit-atomic-properties -Wno-objc-interface-ivars -Wno-arc-repeated-use-of-weak -Wno-missing-braces -Wparentheses -Wswitch -Wno-unused-function -Wno-unused-label -Wno-unused-parameter -Wno-unused-variable -Wunused-value -Wno-empty-body -Wno-uninitialized -Wno-unknown-pragmas -w -Wno-shadow -Wno-four-char-constants -Wno-conversion -Wno-constant-conversion -Wno-int-conversion -Wno-bool-conversion -Wno-enum-conversion -Wno-float-conversion -Wno-non-literal-null-conversion -Wno-objc-literal-conversion -Wshorten-64-to-32 -Wpointer-sign -Wno-newline-eof -Wno-selector -Wno-strict-selector-match -Wno-undeclared-selector -Wno-deprecated-implementations -Wno-implicit-fallthrough -fstrict-aliasing -Wprotocol -Wdeprecated-declarations -Wno-sign-conversion -Wno-infinite-recursion -Wno-comma -Wno-block-capture-autoreleasing -Wno-strict-prototypes -Wno-semicolon-before-method-body -index-store-path /Users/khanghnguyen/Library/Developer/Xcode/DerivedData/Wishie-gavmeupfwiyxzhaiqkwzocyeeixy/Index.noindex/DataStore @/Users/khanghnguyen/Library/Developer/Xcode/DerivedData/Wishie-gavmeupfwiyxzhaiqkwzocyeeixy/Build/Intermediates.noindex/Firebase.build/Debug-iphoneos/FirebaseFirestoreInternalWrapper.build/Objects-normal/arm64/e6072d4f65d7061329687fe24e3d63a7-common-args.resp -MMD -MT dependencies -MF /Users/khanghnguyen/Library/Developer/Xcode/DerivedData/Wishie-gavmeupfwiyxzhaiqkwzocyeeixy/Build/Intermediates.noindex/Firebase.build/Debug-iphoneos/FirebaseFirestoreInternalWrapper.build/Objects-normal/arm64/dummy.d --serialize-diagnostics /Users/khanghnguyen/Library/Developer/Xcode/DerivedData/Wishie-gavmeupfwiyxzhaiqkwzocyeeixy/Build/Intermediates.noindex/Firebase.build/Debug-iphoneos/FirebaseFirestoreInternalWrapper.build/Objects-normal/arm64/dummy.dia -c /Users/khanghnguyen/Library/Developer/Xcode/DerivedData/Wishie-gavmeupfwiyxzhaiqkwzocyeeixy/SourcePackages/checkouts/firebase-ios-sdk/FirebaseFirestoreInternal/dummy.m -o /Users/khanghnguyen/Library/Developer/Xcode/DerivedData/Wishie-gavmeupfwiyxzhaiqkwzocyeeixy/Build/Intermediates.noindex/Firebase.build/Debug-iphoneos/FirebaseFirestoreInternalWrapper.build/Objects-normal/arm64/dummy.o -index-unit-output-path /Firebase.build/Debug-iphoneos/FirebaseFirestoreInternalWrapper.build/Objects-normal/arm64/dummy.o

SwiftDriver\ Compilation FirebaseCoreInternal normal arm64 com.apple.xcode.tools.swift.compiler (in target 'FirebaseCoreInternal' from project 'Firebase')
    cd /Users/khanghnguyen/Downloads/Wishie/Wishie.xcodeproj
    builtin-Swift-Compilation -- /Applications/Xcode.app/Contents/Developer/Toolchains/XcodeDefault.xctoolchain/usr/bin/swiftc -module-name FirebaseCoreInternal -Onone -enforce-exclusivity\=checked @/Users/khanghnguyen/Library/Developer/Xcode/DerivedData/Wishie-gavmeupfwiyxzhaiqkwzocyeeixy/Build/Intermediates.noindex/Firebase.build/Debug-iphoneos/FirebaseCoreInternal.build/Objects-normal/arm64/FirebaseCoreInternal.SwiftFileList -DSWIFT_PACKAGE -DDEBUG -DSWIFT_MODULE_RESOURCE_BUNDLE_AVAILABLE -Xcc -fmodule-map-file\=/Users/khanghnguyen/Library/Developer/Xcode/DerivedData/Wishie-gavmeupfwiyxzhaiqkwzocyeeixy/Build/Intermediates.noindex/GeneratedModuleMaps-iphoneos/GoogleUtilities-NSData.modulemap -DXcode -plugin-path /Applications/Xcode.app/Contents/Developer/Toolchains/XcodeDefault.xctoolchain/usr/lib/swift/host/plugins/testing -enable-experimental-feature DebugDescriptionMacro -sdk /Applications/Xcode.app/Contents/Developer/Platforms/iPhoneOS.platform/Developer/SDKs/iPhoneOS26.2.sdk -target arm64-apple-ios15.0 -g -module-cache-path /Users/khanghnguyen/Library/Developer/Xcode/DerivedData/ModuleCache.noindex -Xfrontend -serialize-debugging-options -profile-coverage-mapping -profile-generate -enable-testing -suppress-warnings -index-store-path /Users/khanghnguyen/Library/Developer/Xcode/DerivedData/Wishie-gavmeupfwiyxzhaiqkwzocyeeixy/Index.noindex/DataStore -Xcc -D_LIBCPP_HARDENING_MODE\=_LIBCPP_HARDENING_MODE_DEBUG -swift-version 6 -I /Users/khanghnguyen/Library/Developer/Xcode/DerivedData/Wishie-gavmeupfwiyxzhaiqkwzocyeeixy/Build/Products/Debug-iphoneos -Isystem /Applications/Xcode.app/Contents/Developer/Platforms/iPhoneOS.platform/Developer/usr/lib -F /Users/khanghnguyen/Library/Developer/Xcode/DerivedData/Wishie-gavmeupfwiyxzhaiqkwzocyeeixy/Build/Products/Debug-iphoneos/PackageFrameworks -F /Users/khanghnguyen/Library/Developer/Xcode/DerivedData/Wishie-gavmeupfwiyxzhaiqkwzocyeeixy/Build/Products/Debug-iphoneos -F /Applications/Xcode.app/Contents/Developer/Platforms/iPhoneOS.platform/Developer/Library/Frameworks -F /Applications/Xcode.app/Contents/Developer/Platforms/iPhoneOS.platform/Developer/SDKs/iPhoneOS26.2.sdk/Developer/Library/Frameworks -c -j8 -enable-batch-mode -incremental -Xcc -ivfsstatcache -Xcc /Users/khanghnguyen/Library/Developer/Xcode/DerivedData/SDKStatCaches.noindex/iphoneos26.2-23C57-3794476bd08197c3e2abd9bb477ef7f7.sdkstatcache -output-file-map /Users/khanghnguyen/Library/Developer/Xcode/DerivedData/Wishie-gavmeupfwiyxzhaiqkwzocyeeixy/Build/Intermediates.noindex/Firebase.build/Debug-iphoneos/FirebaseCoreInternal.build/Objects-normal/arm64/FirebaseCoreInternal-OutputFileMap.json -use-frontend-parseable-output -save-temps -no-color-diagnostics -explicit-module-build -module-cache-path /Users/khanghnguyen/Library/Developer/Xcode/DerivedData/Wishie-gavmeupfwiyxzhaiqkwzocyeeixy/Build/Intermediates.noindex/SwiftExplicitPrecompiledModules -clang-scanner-module-cache-path /Users/khanghnguyen/Library/Developer/Xcode/DerivedData/ModuleCache.noindex -sdk-module-cache-path /Users/khanghnguyen/Library/Developer/Xcode/DerivedData/ModuleCache.noindex -serialize-diagnostics -emit-dependencies -emit-module -emit-module-path /Users/khanghnguyen/Library/Developer/Xcode/DerivedData/Wishie-gavmeupfwiyxzhaiqkwzocyeeixy/Build/Intermediates.noindex/Firebase.build/Debug-iphoneos/FirebaseCoreInternal.build/Objects-normal/arm64/FirebaseCoreInternal.swiftmodule -user-module-version 12.13.0 -validate-clang-modules-once -clang-build-session-file /Users/khanghnguyen/Library/Developer/Xcode/DerivedData/ModuleCache.noindex/Session.modulevalidation -package-name firebase_ios_sdk -Xcc -I/Users/khanghnguyen/Library/Developer/Xcode/DerivedData/Wishie-gavmeupfwiyxzhaiqkwzocyeeixy/Build/Intermediates.noindex/Firebase.build/Debug-iphoneos/FirebaseCoreInternal.build/swift-overrides.hmap -emit-const-values -Xfrontend -const-gather-protocols-file -Xfrontend /Users/khanghnguyen/Library/Developer/Xcode/DerivedData/Wishie-gavmeupfwiyxzhaiqkwzocyeeixy/Build/Intermediates.noindex/Firebase.build/Debug-iphoneos/FirebaseCoreInternal.build/Objects-normal/arm64/FirebaseCoreInternal_const_extract_protocols.json -Xcc -I/Users/khanghnguyen/Library/Developer/Xcode/DerivedData/Wishie-gavmeupfwiyxzhaiqkwzocyeeixy/SourcePackages/checkouts/GoogleUtilities/GoogleUtilities/NSData+zlib/Public -Xcc -I/Users/khanghnguyen/Library/Developer/Xcode/DerivedData/Wishie-gavmeupfwiyxzhaiqkwzocyeeixy/Build/Products/Debug-iphoneos/include -Xcc -I/Users/khanghnguyen/Library/Developer/Xcode/DerivedData/Wishie-gavmeupfwiyxzhaiqkwzocyeeixy/Build/Intermediates.noindex/Firebase.build/Debug-iphoneos/FirebaseCoreInternal.build/DerivedSources-normal/arm64 -Xcc -I/Users/khanghnguyen/Library/Developer/Xcode/DerivedData/Wishie-gavmeupfwiyxzhaiqkwzocyeeixy/Build/Intermediates.noindex/Firebase.build/Debug-iphoneos/FirebaseCoreInternal.build/DerivedSources/arm64 -Xcc -I/Users/khanghnguyen/Library/Developer/Xcode/DerivedData/Wishie-gavmeupfwiyxzhaiqkwzocyeeixy/Build/Intermediates.noindex/Firebase.build/Debug-iphoneos/FirebaseCoreInternal.build/DerivedSources -Xcc -DSWIFT_PACKAGE -Xcc -DDEBUG\=1 -emit-objc-header -emit-objc-header-path /Users/khanghnguyen/Library/Developer/Xcode/DerivedData/Wishie-gavmeupfwiyxzhaiqkwzocyeeixy/Build/Intermediates.noindex/Firebase.build/Debug-iphoneos/FirebaseCoreInternal.build/Objects-normal/arm64/FirebaseCoreInternal-Swift.h -working-directory /Users/khanghnguyen/Downloads/Wishie/Wishie.xcodeproj -experimental-emit-module-separately -disable-cmo

CompileC /Users/khanghnguyen/Library/Developer/Xcode/DerivedData/Wishie-gavmeupfwiyxzhaiqkwzocyeeixy/Build/Intermediates.noindex/Firebase.build/Debug-iphoneos/FirebaseFirestoreInternalWrapper.build/Objects-normal/arm64/dummy.o /Users/khanghnguyen/Library/Developer/Xcode/DerivedData/Wishie-gavmeupfwiyxzhaiqkwzocyeeixy/SourcePackages/checkouts/firebase-ios-sdk/FirebaseFirestoreInternal/dummy.m normal arm64 objective-c com.apple.compilers.llvm.clang.1_0.compiler (in target 'FirebaseFirestoreInternalWrapper' from project 'Firebase')
    cd /Users/khanghnguyen/Downloads/Wishie/Wishie.xcodeproj
    
    Using response file: /Users/khanghnguyen/Library/Developer/Xcode/DerivedData/Wishie-gavmeupfwiyxzhaiqkwzocyeeixy/Build/Intermediates.noindex/Firebase.build/Debug-iphoneos/FirebaseFirestoreInternalWrapper.build/Objects-normal/arm64/e6072d4f65d7061329687fe24e3d63a7-common-args.resp
    
    /Applications/Xcode.app/Contents/Developer/Toolchains/XcodeDefault.xctoolchain/usr/bin/clang -x objective-c -ivfsstatcache /Users/khanghnguyen/Library/Developer/Xcode/DerivedData/SDKStatCaches.noindex/iphoneos26.2-23C57-3794476bd08197c3e2abd9bb477ef7f7.sdkstatcache -fmessage-length\=0 -fdiagnostics-show-note-include-stack -fmacro-backtrace-limit\=0 -fno-color-diagnostics -fmodules-prune-interval\=86400 -fmodules-prune-after\=345600 -fbuild-session-file\=/Users/khanghnguyen/Library/Developer/Xcode/DerivedData/ModuleCache.noindex/Session.modulevalidation -fmodules-validate-once-per-build-session -Wnon-modular-include-in-framework-module -Werror\=non-modular-include-in-framework-module -Wno-trigraphs -Wno-missing-field-initializers -Wno-missing-prototypes -Wno-return-type -Wno-implicit-atomic-properties -Wno-objc-interface-ivars -Wno-arc-repeated-use-of-weak -Wno-missing-braces -Wparentheses -Wswitch -Wno-unused-function -Wno-unused-label -Wno-unused-parameter -Wno-unused-variable -Wunused-value -Wno-empty-body -Wno-uninitialized -Wno-unknown-pragmas -w -Wno-shadow -Wno-four-char-constants -Wno-conversion -Wno-constant-conversion -Wno-int-conversion -Wno-bool-conversion -Wno-enum-conversion -Wno-float-conversion -Wno-non-literal-null-conversion -Wno-objc-literal-conversion -Wshorten-64-to-32 -Wpointer-sign -Wno-newline-eof -Wno-selector -Wno-strict-selector-match -Wno-undeclared-selector -Wno-deprecated-implementations -Wno-implicit-fallthrough -fstrict-aliasing -Wprotocol -Wdeprecated-declarations -Wno-sign-conversion -Wno-infinite-recursion -Wno-comma -Wno-block-capture-autoreleasing -Wno-strict-prototypes -Wno-semicolon-before-method-body -index-store-path /Users/khanghnguyen/Library/Developer/Xcode/DerivedData/Wishie-gavmeupfwiyxzhaiqkwzocyeeixy/Index.noindex/DataStore @/Users/khanghnguyen/Library/Developer/Xcode/DerivedData/Wishie-gavmeupfwiyxzhaiqkwzocyeeixy/Build/Intermediates.noindex/Firebase.build/Debug-iphoneos/FirebaseFirestoreInternalWrapper.build/Objects-normal/arm64/e6072d4f65d7061329687fe24e3d63a7-common-args.resp -MMD -MT dependencies -MF /Users/khanghnguyen/Library/Developer/Xcode/DerivedData/Wishie-gavmeupfwiyxzhaiqkwzocyeeixy/Build/Intermediates.noindex/Firebase.build/Debug-iphoneos/FirebaseFirestoreInternalWrapper.build/Objects-normal/arm64/dummy.d --serialize-diagnostics /Users/khanghnguyen/Library/Developer/Xcode/DerivedData/Wishie-gavmeupfwiyxzhaiqkwzocyeeixy/Build/Intermediates.noindex/Firebase.build/Debug-iphoneos/FirebaseFirestoreInternalWrapper.build/Objects-normal/arm64/dummy.dia -c /Users/khanghnguyen/Library/Developer/Xcode/DerivedData/Wishie-gavmeupfwiyxzhaiqkwzocyeeixy/SourcePackages/checkouts/firebase-ios-sdk/FirebaseFirestoreInternal/dummy.m -o /Users/khanghnguyen/Library/Developer/Xcode/DerivedData/Wishie-gavmeupfwiyxzhaiqkwzocyeeixy/Build/Intermediates.noindex/Firebase.build/Debug-iphoneos/FirebaseFirestoreInternalWrapper.build/Objects-normal/arm64/dummy.o -index-unit-output-path /Firebase.build/Debug-iphoneos/FirebaseFirestoreInternalWrapper.build/Objects-normal/arm64/dummy.o

Ld /Users/khanghnguyen/Library/Developer/Xcode/DerivedData/Wishie-gavmeupfwiyxzhaiqkwzocyeeixy/Build/Products/Debug-iphoneos/FirebaseFirestoreInternalWrapper.o normal (in target 'FirebaseFirestoreInternalWrapper' from project 'Firebase')
    cd /Users/khanghnguyen/Library/Developer/Xcode/DerivedData/Wishie-gavmeupfwiyxzhaiqkwzocyeeixy/SourcePackages/checkouts/firebase-ios-sdk
    /Applications/Xcode.app/Contents/Developer/Toolchains/XcodeDefault.xctoolchain/usr/bin/clang -Xlinker -reproducible -target arm64-apple-ios15.0 -r -isysroot /Applications/Xcode.app/Contents/Developer/Platforms/iPhoneOS.platform/Developer/SDKs/iPhoneOS26.2.sdk -O0 -w -L/Users/khanghnguyen/Library/Developer/Xcode/DerivedData/Wishie-gavmeupfwiyxzhaiqkwzocyeeixy/Build/Intermediates.noindex/EagerLinkingTBDs/Debug-iphoneos -L/Users/khanghnguyen/Library/Developer/Xcode/DerivedData/Wishie-gavmeupfwiyxzhaiqkwzocyeeixy/Build/Products/Debug-iphoneos -L/Applications/Xcode.app/Contents/Developer/Platforms/iPhoneOS.platform/Developer/usr/lib -F/Users/khanghnguyen/Library/Developer/Xcode/DerivedData/Wishie-gavmeupfwiyxzhaiqkwzocyeeixy/Build/Intermediates.noindex/EagerLinkingTBDs/Debug-iphoneos -F/Users/khanghnguyen/Library/Developer/Xcode/DerivedData/Wishie-gavmeupfwiyxzhaiqkwzocyeeixy/Build/Products/Debug-iphoneos -iframework /Applications/Xcode.app/Contents/Developer/Platforms/iPhoneOS.platform/Developer/Library/Frameworks -iframework /Applications/Xcode.app/Contents/Developer/Platforms/iPhoneOS.platform/Developer/SDKs/iPhoneOS26.2.sdk/Developer/Library/Frameworks -filelist /Users/khanghnguyen/Library/Developer/Xcode/DerivedData/Wishie-gavmeupfwiyxzhaiqkwzocyeeixy/Build/Intermediates.noindex/Firebase.build/Debug-iphoneos/FirebaseFirestoreInternalWrapper.build/Objects-normal/arm64/FirebaseFirestoreInternalWrapper.LinkFileList -nostdlib -Xlinker -object_path_lto -Xlinker /Users/khanghnguyen/Library/Developer/Xcode/DerivedData/Wishie-gavmeupfwiyxzhaiqkwzocyeeixy/Build/Intermediates.noindex/Firebase.build/Debug-iphoneos/FirebaseFirestoreInternalWrapper.build/Objects-normal/arm64/FirebaseFirestoreInternalWrapper_lto.o -rdynamic -Xlinker -no_deduplicate -Xlinker -debug_variant -Xlinker -dependency_info -Xlinker /Users/khanghnguyen/Library/Developer/Xcode/DerivedData/Wishie-gavmeupfwiyxzhaiqkwzocyeeixy/Build/Intermediates.noindex/Firebase.build/Debug-iphoneos/FirebaseFirestoreInternalWrapper.build/Objects-normal/arm64/FirebaseFirestoreInternalWrapper_dependency_info.dat -fobjc-arc -fobjc-link-runtime -o /Users/khanghnguyen/Library/Developer/Xcode/DerivedData/Wishie-gavmeupfwiyxzhaiqkwzocyeeixy/Build/Products/Debug-iphoneos/FirebaseFirestoreInternalWrapper.o

Ld /Users/khanghnguyen/Library/Developer/Xcode/DerivedData/Wishie-gavmeupfwiyxzhaiqkwzocyeeixy/Build/Products/Debug-iphoneos/GTMSessionFetcherCore.o normal (in target 'GTMSessionFetcherCore' from project 'GTMSessionFetcher')
    cd /Users/khanghnguyen/Library/Developer/Xcode/DerivedData/Wishie-gavmeupfwiyxzhaiqkwzocyeeixy/SourcePackages/checkouts/gtm-session-fetcher
    /Applications/Xcode.app/Contents/Developer/Toolchains/XcodeDefault.xctoolchain/usr/bin/clang -Xlinker -reproducible -target arm64-apple-ios15.0 -r -isysroot /Applications/Xcode.app/Contents/Developer/Platforms/iPhoneOS.platform/Developer/SDKs/iPhoneOS26.2.sdk -O0 -w -L/Users/khanghnguyen/Library/Developer/Xcode/DerivedData/Wishie-gavmeupfwiyxzhaiqkwzocyeeixy/Build/Intermediates.noindex/EagerLinkingTBDs/Debug-iphoneos -L/Users/khanghnguyen/Library/Developer/Xcode/DerivedData/Wishie-gavmeupfwiyxzhaiqkwzocyeeixy/Build/Products/Debug-iphoneos -L/Applications/Xcode.app/Contents/Developer/Platforms/iPhoneOS.platform/Developer/usr/lib -F/Users/khanghnguyen/Library/Developer/Xcode/DerivedData/Wishie-gavmeupfwiyxzhaiqkwzocyeeixy/Build/Intermediates.noindex/EagerLinkingTBDs/Debug-iphoneos -F/Users/khanghnguyen/Library/Developer/Xcode/DerivedData/Wishie-gavmeupfwiyxzhaiqkwzocyeeixy/Build/Products/Debug-iphoneos -iframework /Applications/Xcode.app/Contents/Developer/Platforms/iPhoneOS.platform/Developer/Library/Frameworks -iframework /Applications/Xcode.app/Contents/Developer/Platforms/iPhoneOS.platform/Developer/SDKs/iPhoneOS26.2.sdk/Developer/Library/Frameworks -filelist /Users/khanghnguyen/Library/Developer/Xcode/DerivedData/Wishie-gavmeupfwiyxzhaiqkwzocyeeixy/Build/Intermediates.noindex/GTMSessionFetcher.build/Debug-iphoneos/GTMSessionFetcherCore.build/Objects-normal/arm64/GTMSessionFetcherCore.LinkFileList -nostdlib -Xlinker -object_path_lto -Xlinker /Users/khanghnguyen/Library/Developer/Xcode/DerivedData/Wishie-gavmeupfwiyxzhaiqkwzocyeeixy/Build/Intermediates.noindex/GTMSessionFetcher.build/Debug-iphoneos/GTMSessionFetcherCore.build/Objects-normal/arm64/GTMSessionFetcherCore_lto.o -rdynamic -Xlinker -no_deduplicate -Xlinker -debug_variant -Xlinker -dependency_info -Xlinker /Users/khanghnguyen/Library/Developer/Xcode/DerivedData/Wishie-gavmeupfwiyxzhaiqkwzocyeeixy/Build/Intermediates.noindex/GTMSessionFetcher.build/Debug-iphoneos/GTMSessionFetcherCore.build/Objects-normal/arm64/GTMSessionFetcherCore_dependency_info.dat -fobjc-arc -fobjc-link-runtime -o /Users/khanghnguyen/Library/Developer/Xcode/DerivedData/Wishie-gavmeupfwiyxzhaiqkwzocyeeixy/Build/Products/Debug-iphoneos/GTMSessionFetcherCore.o

RegisterExecutionPolicyException /Users/khanghnguyen/Library/Developer/Xcode/DerivedData/Wishie-gavmeupfwiyxzhaiqkwzocyeeixy/Build/Products/Debug-iphoneos/Firebase_FirebaseCoreInternal.bundle (in target 'Firebase_FirebaseCoreInternal' from project 'Firebase')
    cd /Users/khanghnguyen/Library/Developer/Xcode/DerivedData/Wishie-gavmeupfwiyxzhaiqkwzocyeeixy/SourcePackages/checkouts/firebase-ios-sdk
    builtin-RegisterExecutionPolicyException /Users/khanghnguyen/Library/Developer/Xcode/DerivedData/Wishie-gavmeupfwiyxzhaiqkwzocyeeixy/Build/Products/Debug-iphoneos/Firebase_FirebaseCoreInternal.bundle

PrecompileModule /Users/khanghnguyen/Library/Developer/Xcode/DerivedData/Wishie-gavmeupfwiyxzhaiqkwzocyeeixy/Build/Intermediates.noindex/ExplicitPrecompiledModules/GoogleUtilities_Network-7BOS9AZW22GQEC31262N4122N.scan
    cd /
    builtin-precompileModule /Users/khanghnguyen/Library/Developer/Xcode/DerivedData/Wishie-gavmeupfwiyxzhaiqkwzocyeeixy/Build/Intermediates.noindex/ExplicitPrecompiledModules/GoogleUtilities_Network-7BOS9AZW22GQEC31262N4122N.scan

Touch /Users/khanghnguyen/Library/Developer/Xcode/DerivedData/Wishie-gavmeupfwiyxzhaiqkwzocyeeixy/Build/Products/Debug-iphoneos/Firebase_FirebaseCoreInternal.bundle (in target 'Firebase_FirebaseCoreInternal' from project 'Firebase')
    cd /Users/khanghnguyen/Library/Developer/Xcode/DerivedData/Wishie-gavmeupfwiyxzhaiqkwzocyeeixy/SourcePackages/checkouts/firebase-ios-sdk
    /usr/bin/touch -c /Users/khanghnguyen/Library/Developer/Xcode/DerivedData/Wishie-gavmeupfwiyxzhaiqkwzocyeeixy/Build/Products/Debug-iphoneos/Firebase_FirebaseCoreInternal.bundle

RegisterExecutionPolicyException /Users/khanghnguyen/Library/Developer/Xcode/DerivedData/Wishie-gavmeupfwiyxzhaiqkwzocyeeixy/Build/Products/Debug-iphoneos/Firebase_FirebaseCoreExtension.bundle (in target 'Firebase_FirebaseCoreExtension' from project 'Firebase')
    cd /Users/khanghnguyen/Library/Developer/Xcode/DerivedData/Wishie-gavmeupfwiyxzhaiqkwzocyeeixy/SourcePackages/checkouts/firebase-ios-sdk
    builtin-RegisterExecutionPolicyException /Users/khanghnguyen/Library/Developer/Xcode/DerivedData/Wishie-gavmeupfwiyxzhaiqkwzocyeeixy/Build/Products/Debug-iphoneos/Firebase_FirebaseCoreExtension.bundle

SwiftDriverJobDiscovery normal arm64 Compiling Exports.swift (in target 'XCTestDynamicOverlay' from project 'xctest-dynamic-overlay')

RegisterExecutionPolicyException /Users/khanghnguyen/Library/Developer/Xcode/DerivedData/Wishie-gavmeupfwiyxzhaiqkwzocyeeixy/Build/Products/Debug-iphoneos/Firebase_FirebaseCore.bundle (in target 'Firebase_FirebaseCore' from project 'Firebase')
    cd /Users/khanghnguyen/Library/Developer/Xcode/DerivedData/Wishie-gavmeupfwiyxzhaiqkwzocyeeixy/SourcePackages/checkouts/firebase-ios-sdk
    builtin-RegisterExecutionPolicyException /Users/khanghnguyen/Library/Developer/Xcode/DerivedData/Wishie-gavmeupfwiyxzhaiqkwzocyeeixy/Build/Products/Debug-iphoneos/Firebase_FirebaseCore.bundle

RegisterExecutionPolicyException /Users/khanghnguyen/Library/Developer/Xcode/DerivedData/Wishie-gavmeupfwiyxzhaiqkwzocyeeixy/Build/Products/Debug-iphoneos/GoogleUtilities-NSData.o (in target 'GoogleUtilities-NSData' from project 'GoogleUtilities')
    cd /Users/khanghnguyen/Library/Developer/Xcode/DerivedData/Wishie-gavmeupfwiyxzhaiqkwzocyeeixy/SourcePackages/checkouts/GoogleUtilities
    builtin-RegisterExecutionPolicyException /Users/khanghnguyen/Library/Developer/Xcode/DerivedData/Wishie-gavmeupfwiyxzhaiqkwzocyeeixy/Build/Products/Debug-iphoneos/GoogleUtilities-NSData.o

RegisterExecutionPolicyException /Users/khanghnguyen/Library/Developer/Xcode/DerivedData/Wishie-gavmeupfwiyxzhaiqkwzocyeeixy/Build/Products/Debug-iphoneos/Firebase_FirebaseAuth.bundle (in target 'Firebase_FirebaseAuth' from project 'Firebase')
    cd /Users/khanghnguyen/Library/Developer/Xcode/DerivedData/Wishie-gavmeupfwiyxzhaiqkwzocyeeixy/SourcePackages/checkouts/firebase-ios-sdk
    builtin-RegisterExecutionPolicyException /Users/khanghnguyen/Library/Developer/Xcode/DerivedData/Wishie-gavmeupfwiyxzhaiqkwzocyeeixy/Build/Products/Debug-iphoneos/Firebase_FirebaseAuth.bundle

CompileC /Users/khanghnguyen/Library/Developer/Xcode/DerivedData/Wishie-gavmeupfwiyxzhaiqkwzocyeeixy/Build/Intermediates.noindex/GoogleUtilities.build/Debug-iphoneos/GoogleUtilities-AppDelegateSwizzler.build/Objects-normal/arm64/GULSceneDelegateSwizzler.o /Users/khanghnguyen/Library/Developer/Xcode/DerivedData/Wishie-gavmeupfwiyxzhaiqkwzocyeeixy/SourcePackages/checkouts/GoogleUtilities/GoogleUtilities/AppDelegateSwizzler/GULSceneDelegateSwizzler.m normal arm64 objective-c com.apple.compilers.llvm.clang.1_0.compiler (in target 'GoogleUtilities-AppDelegateSwizzler' from project 'GoogleUtilities')
    cd /Users/khanghnguyen/Downloads/Wishie/Wishie.xcodeproj
    
    Using response file: /Users/khanghnguyen/Library/Developer/Xcode/DerivedData/Wishie-gavmeupfwiyxzhaiqkwzocyeeixy/Build/Intermediates.noindex/GoogleUtilities.build/Debug-iphoneos/GoogleUtilities-AppDelegateSwizzler.build/Objects-normal/arm64/e6072d4f65d7061329687fe24e3d63a7-common-args.resp
    
    /Applications/Xcode.app/Contents/Developer/Toolchains/XcodeDefault.xctoolchain/usr/bin/clang -x objective-c -ivfsstatcache /Users/khanghnguyen/Library/Developer/Xcode/DerivedData/SDKStatCaches.noindex/iphoneos26.2-23C57-3794476bd08197c3e2abd9bb477ef7f7.sdkstatcache -fmessage-length\=0 -fdiagnostics-show-note-include-stack -fmacro-backtrace-limit\=0 -fno-color-diagnostics -fmodules-prune-interval\=86400 -fmodules-prune-after\=345600 -fbuild-session-file\=/Users/khanghnguyen/Library/Developer/Xcode/DerivedData/ModuleCache.noindex/Session.modulevalidation -fmodules-validate-once-per-build-session -Wnon-modular-include-in-framework-module -Werror\=non-modular-include-in-framework-module -Wno-trigraphs -Wno-missing-field-initializers -Wno-missing-prototypes -Wno-return-type -Wno-implicit-atomic-properties -Wno-objc-interface-ivars -Wno-arc-repeated-use-of-weak -Wno-missing-braces -Wparentheses -Wswitch -Wno-unused-function -Wno-unused-label -Wno-unused-parameter -Wno-unused-variable -Wunused-value -Wno-empty-body -Wno-uninitialized -Wno-unknown-pragmas -w -Wno-shadow -Wno-four-char-constants -Wno-conversion -Wno-constant-conversion -Wno-int-conversion -Wno-bool-conversion -Wno-enum-conversion -Wno-float-conversion -Wno-non-literal-null-conversion -Wno-objc-literal-conversion -Wshorten-64-to-32 -Wpointer-sign -Wno-newline-eof -Wno-selector -Wno-strict-selector-match -Wno-undeclared-selector -Wno-deprecated-implementations -Wno-implicit-fallthrough -fstrict-aliasing -Wprotocol -Wdeprecated-declarations -Wno-sign-conversion -Wno-infinite-recursion -Wno-comma -Wno-block-capture-autoreleasing -Wno-strict-prototypes -Wno-semicolon-before-method-body -index-store-path /Users/khanghnguyen/Library/Developer/Xcode/DerivedData/Wishie-gavmeupfwiyxzhaiqkwzocyeeixy/Index.noindex/DataStore @/Users/khanghnguyen/Library/Developer/Xcode/DerivedData/Wishie-gavmeupfwiyxzhaiqkwzocyeeixy/Build/Intermediates.noindex/GoogleUtilities.build/Debug-iphoneos/GoogleUtilities-AppDelegateSwizzler.build/Objects-normal/arm64/e6072d4f65d7061329687fe24e3d63a7-common-args.resp -include /Users/khanghnguyen/Library/Developer/Xcode/DerivedData/Wishie-gavmeupfwiyxzhaiqkwzocyeeixy/Build/Intermediates.noindex/GoogleUtilities.build/Debug-iphoneos/GoogleUtilities-AppDelegateSwizzler.build/DerivedSources/resource_bundle_accessor.h -MMD -MT dependencies -MF /Users/khanghnguyen/Library/Developer/Xcode/DerivedData/Wishie-gavmeupfwiyxzhaiqkwzocyeeixy/Build/Intermediates.noindex/GoogleUtilities.build/Debug-iphoneos/GoogleUtilities-AppDelegateSwizzler.build/Objects-normal/arm64/GULSceneDelegateSwizzler.d --serialize-diagnostics /Users/khanghnguyen/Library/Developer/Xcode/DerivedData/Wishie-gavmeupfwiyxzhaiqkwzocyeeixy/Build/Intermediates.noindex/GoogleUtilities.build/Debug-iphoneos/GoogleUtilities-AppDelegateSwizzler.build/Objects-normal/arm64/GULSceneDelegateSwizzler.dia -c /Users/khanghnguyen/Library/Developer/Xcode/DerivedData/Wishie-gavmeupfwiyxzhaiqkwzocyeeixy/SourcePackages/checkouts/GoogleUtilities/GoogleUtilities/AppDelegateSwizzler/GULSceneDelegateSwizzler.m -o /Users/khanghnguyen/Library/Developer/Xcode/DerivedData/Wishie-gavmeupfwiyxzhaiqkwzocyeeixy/Build/Intermediates.noindex/GoogleUtilities.build/Debug-iphoneos/GoogleUtilities-AppDelegateSwizzler.build/Objects-normal/arm64/GULSceneDelegateSwizzler.o -index-unit-output-path /GoogleUtilities.build/Debug-iphoneos/GoogleUtilities-AppDelegateSwizzler.build/Objects-normal/arm64/GULSceneDelegateSwizzler.o

CompileC /Users/khanghnguyen/Library/Developer/Xcode/DerivedData/Wishie-gavmeupfwiyxzhaiqkwzocyeeixy/Build/Intermediates.noindex/GoogleUtilities.build/Debug-iphoneos/GoogleUtilities-AppDelegateSwizzler.build/Objects-normal/arm64/GULAppDelegateSwizzler.o /Users/khanghnguyen/Library/Developer/Xcode/DerivedData/Wishie-gavmeupfwiyxzhaiqkwzocyeeixy/SourcePackages/checkouts/GoogleUtilities/GoogleUtilities/AppDelegateSwizzler/GULAppDelegateSwizzler.m normal arm64 objective-c com.apple.compilers.llvm.clang.1_0.compiler (in target 'GoogleUtilities-AppDelegateSwizzler' from project 'GoogleUtilities')
    cd /Users/khanghnguyen/Downloads/Wishie/Wishie.xcodeproj
    
    Using response file: /Users/khanghnguyen/Library/Developer/Xcode/DerivedData/Wishie-gavmeupfwiyxzhaiqkwzocyeeixy/Build/Intermediates.noindex/GoogleUtilities.build/Debug-iphoneos/GoogleUtilities-AppDelegateSwizzler.build/Objects-normal/arm64/e6072d4f65d7061329687fe24e3d63a7-common-args.resp
    
    /Applications/Xcode.app/Contents/Developer/Toolchains/XcodeDefault.xctoolchain/usr/bin/clang -x objective-c -ivfsstatcache /Users/khanghnguyen/Library/Developer/Xcode/DerivedData/SDKStatCaches.noindex/iphoneos26.2-23C57-3794476bd08197c3e2abd9bb477ef7f7.sdkstatcache -fmessage-length\=0 -fdiagnostics-show-note-include-stack -fmacro-backtrace-limit\=0 -fno-color-diagnostics -fmodules-prune-interval\=86400 -fmodules-prune-after\=345600 -fbuild-session-file\=/Users/khanghnguyen/Library/Developer/Xcode/DerivedData/ModuleCache.noindex/Session.modulevalidation -fmodules-validate-once-per-build-session -Wnon-modular-include-in-framework-module -Werror\=non-modular-include-in-framework-module -Wno-trigraphs -Wno-missing-field-initializers -Wno-missing-prototypes -Wno-return-type -Wno-implicit-atomic-properties -Wno-objc-interface-ivars -Wno-arc-repeated-use-of-weak -Wno-missing-braces -Wparentheses -Wswitch -Wno-unused-function -Wno-unused-label -Wno-unused-parameter -Wno-unused-variable -Wunused-value -Wno-empty-body -Wno-uninitialized -Wno-unknown-pragmas -w -Wno-shadow -Wno-four-char-constants -Wno-conversion -Wno-constant-conversion -Wno-int-conversion -Wno-bool-conversion -Wno-enum-conversion -Wno-float-conversion -Wno-non-literal-null-conversion -Wno-objc-literal-conversion -Wshorten-64-to-32 -Wpointer-sign -Wno-newline-eof -Wno-selector -Wno-strict-selector-match -Wno-undeclared-selector -Wno-deprecated-implementations -Wno-implicit-fallthrough -fstrict-aliasing -Wprotocol -Wdeprecated-declarations -Wno-sign-conversion -Wno-infinite-recursion -Wno-comma -Wno-block-capture-autoreleasing -Wno-strict-prototypes -Wno-semicolon-before-method-body -index-store-path /Users/khanghnguyen/Library/Developer/Xcode/DerivedData/Wishie-gavmeupfwiyxzhaiqkwzocyeeixy/Index.noindex/DataStore @/Users/khanghnguyen/Library/Developer/Xcode/DerivedData/Wishie-gavmeupfwiyxzhaiqkwzocyeeixy/Build/Intermediates.noindex/GoogleUtilities.build/Debug-iphoneos/GoogleUtilities-AppDelegateSwizzler.build/Objects-normal/arm64/e6072d4f65d7061329687fe24e3d63a7-common-args.resp -include /Users/khanghnguyen/Library/Developer/Xcode/DerivedData/Wishie-gavmeupfwiyxzhaiqkwzocyeeixy/Build/Intermediates.noindex/GoogleUtilities.build/Debug-iphoneos/GoogleUtilities-AppDelegateSwizzler.build/DerivedSources/resource_bundle_accessor.h -MMD -MT dependencies -MF /Users/khanghnguyen/Library/Developer/Xcode/DerivedData/Wishie-gavmeupfwiyxzhaiqkwzocyeeixy/Build/Intermediates.noindex/GoogleUtilities.build/Debug-iphoneos/GoogleUtilities-AppDelegateSwizzler.build/Objects-normal/arm64/GULAppDelegateSwizzler.d --serialize-diagnostics /Users/khanghnguyen/Library/Developer/Xcode/DerivedData/Wishie-gavmeupfwiyxzhaiqkwzocyeeixy/Build/Intermediates.noindex/GoogleUtilities.build/Debug-iphoneos/GoogleUtilities-AppDelegateSwizzler.build/Objects-normal/arm64/GULAppDelegateSwizzler.dia -c /Users/khanghnguyen/Library/Developer/Xcode/DerivedData/Wishie-gavmeupfwiyxzhaiqkwzocyeeixy/SourcePackages/checkouts/GoogleUtilities/GoogleUtilities/AppDelegateSwizzler/GULAppDelegateSwizzler.m -o /Users/khanghnguyen/Library/Developer/Xcode/DerivedData/Wishie-gavmeupfwiyxzhaiqkwzocyeeixy/Build/Intermediates.noindex/GoogleUtilities.build/Debug-iphoneos/GoogleUtilities-AppDelegateSwizzler.build/Objects-normal/arm64/GULAppDelegateSwizzler.o -index-unit-output-path /GoogleUtilities.build/Debug-iphoneos/GoogleUtilities-AppDelegateSwizzler.build/Objects-normal/arm64/GULAppDelegateSwizzler.o

RegisterExecutionPolicyException /Users/khanghnguyen/Library/Developer/Xcode/DerivedData/Wishie-gavmeupfwiyxzhaiqkwzocyeeixy/Build/Products/Debug-iphoneos/GoogleUtilities-Environment.o (in target 'GoogleUtilities-Environment' from project 'GoogleUtilities')
    cd /Users/khanghnguyen/Library/Developer/Xcode/DerivedData/Wishie-gavmeupfwiyxzhaiqkwzocyeeixy/SourcePackages/checkouts/GoogleUtilities
    builtin-RegisterExecutionPolicyException /Users/khanghnguyen/Library/Developer/Xcode/DerivedData/Wishie-gavmeupfwiyxzhaiqkwzocyeeixy/Build/Products/Debug-iphoneos/GoogleUtilities-Environment.o

Touch /Users/khanghnguyen/Library/Developer/Xcode/DerivedData/Wishie-gavmeupfwiyxzhaiqkwzocyeeixy/Build/Products/Debug-iphoneos/Firebase_FirebaseCoreExtension.bundle (in target 'Firebase_FirebaseCoreExtension' from project 'Firebase')
    cd /Users/khanghnguyen/Library/Developer/Xcode/DerivedData/Wishie-gavmeupfwiyxzhaiqkwzocyeeixy/SourcePackages/checkouts/firebase-ios-sdk
    /usr/bin/touch -c /Users/khanghnguyen/Library/Developer/Xcode/DerivedData/Wishie-gavmeupfwiyxzhaiqkwzocyeeixy/Build/Products/Debug-iphoneos/Firebase_FirebaseCoreExtension.bundle

Touch /Users/khanghnguyen/Library/Developer/Xcode/DerivedData/Wishie-gavmeupfwiyxzhaiqkwzocyeeixy/Build/Products/Debug-iphoneos/Firebase_FirebaseCore.bundle (in target 'Firebase_FirebaseCore' from project 'Firebase')
    cd /Users/khanghnguyen/Library/Developer/Xcode/DerivedData/Wishie-gavmeupfwiyxzhaiqkwzocyeeixy/SourcePackages/checkouts/firebase-ios-sdk
    /usr/bin/touch -c /Users/khanghnguyen/Library/Developer/Xcode/DerivedData/Wishie-gavmeupfwiyxzhaiqkwzocyeeixy/Build/Products/Debug-iphoneos/Firebase_FirebaseCore.bundle

RegisterExecutionPolicyException /Users/khanghnguyen/Library/Developer/Xcode/DerivedData/Wishie-gavmeupfwiyxzhaiqkwzocyeeixy/Build/Products/Debug-iphoneos/FirebaseSharedSwift.o (in target 'FirebaseSharedSwift' from project 'Firebase')
    cd /Users/khanghnguyen/Library/Developer/Xcode/DerivedData/Wishie-gavmeupfwiyxzhaiqkwzocyeeixy/SourcePackages/checkouts/firebase-ios-sdk
    builtin-RegisterExecutionPolicyException /Users/khanghnguyen/Library/Developer/Xcode/DerivedData/Wishie-gavmeupfwiyxzhaiqkwzocyeeixy/Build/Products/Debug-iphoneos/FirebaseSharedSwift.o

Ld /Users/khanghnguyen/Library/Developer/Xcode/DerivedData/Wishie-gavmeupfwiyxzhaiqkwzocyeeixy/Build/Products/Debug-iphoneos/FirebaseCoreInternal.o normal (in target 'FirebaseCoreInternal' from project 'Firebase')
    cd /Users/khanghnguyen/Library/Developer/Xcode/DerivedData/Wishie-gavmeupfwiyxzhaiqkwzocyeeixy/SourcePackages/checkouts/firebase-ios-sdk
    /Applications/Xcode.app/Contents/Developer/Toolchains/XcodeDefault.xctoolchain/usr/bin/clang -Xlinker -reproducible -target arm64-apple-ios15.0 -r -isysroot /Applications/Xcode.app/Contents/Developer/Platforms/iPhoneOS.platform/Developer/SDKs/iPhoneOS26.2.sdk -O0 -w -L/Users/khanghnguyen/Library/Developer/Xcode/DerivedData/Wishie-gavmeupfwiyxzhaiqkwzocyeeixy/Build/Intermediates.noindex/EagerLinkingTBDs/Debug-iphoneos -L/Users/khanghnguyen/Library/Developer/Xcode/DerivedData/Wishie-gavmeupfwiyxzhaiqkwzocyeeixy/Build/Products/Debug-iphoneos -L/Applications/Xcode.app/Contents/Developer/Platforms/iPhoneOS.platform/Developer/usr/lib -F/Users/khanghnguyen/Library/Developer/Xcode/DerivedData/Wishie-gavmeupfwiyxzhaiqkwzocyeeixy/Build/Intermediates.noindex/EagerLinkingTBDs/Debug-iphoneos -F/Users/khanghnguyen/Library/Developer/Xcode/DerivedData/Wishie-gavmeupfwiyxzhaiqkwzocyeeixy/Build/Products/Debug-iphoneos/PackageFrameworks -F/Users/khanghnguyen/Library/Developer/Xcode/DerivedData/Wishie-gavmeupfwiyxzhaiqkwzocyeeixy/Build/Products/Debug-iphoneos -iframework /Applications/Xcode.app/Contents/Developer/Platforms/iPhoneOS.platform/Developer/Library/Frameworks -iframework /Applications/Xcode.app/Contents/Developer/Platforms/iPhoneOS.platform/Developer/SDKs/iPhoneOS26.2.sdk/Developer/Library/Frameworks -filelist /Users/khanghnguyen/Library/Developer/Xcode/DerivedData/Wishie-gavmeupfwiyxzhaiqkwzocyeeixy/Build/Intermediates.noindex/Firebase.build/Debug-iphoneos/FirebaseCoreInternal.build/Objects-normal/arm64/FirebaseCoreInternal.LinkFileList -nostdlib -Xlinker -object_path_lto -Xlinker /Users/khanghnguyen/Library/Developer/Xcode/DerivedData/Wishie-gavmeupfwiyxzhaiqkwzocyeeixy/Build/Intermediates.noindex/Firebase.build/Debug-iphoneos/FirebaseCoreInternal.build/Objects-normal/arm64/FirebaseCoreInternal_lto.o -rdynamic -Xlinker -no_deduplicate -Xlinker -debug_variant -Xlinker -dependency_info -Xlinker /Users/khanghnguyen/Library/Developer/Xcode/DerivedData/Wishie-gavmeupfwiyxzhaiqkwzocyeeixy/Build/Intermediates.noindex/Firebase.build/Debug-iphoneos/FirebaseCoreInternal.build/Objects-normal/arm64/FirebaseCoreInternal_dependency_info.dat -fobjc-link-runtime -L/Applications/Xcode.app/Contents/Developer/Toolchains/XcodeDefault.xctoolchain/usr/lib/swift/iphoneos -L/usr/lib/swift -Xlinker -add_ast_path -Xlinker /Users/khanghnguyen/Library/Developer/Xcode/DerivedData/Wishie-gavmeupfwiyxzhaiqkwzocyeeixy/Build/Intermediates.noindex/Firebase.build/Debug-iphoneos/FirebaseCoreInternal.build/Objects-normal/arm64/FirebaseCoreInternal.swiftmodule @/Users/khanghnguyen/Library/Developer/Xcode/DerivedData/Wishie-gavmeupfwiyxzhaiqkwzocyeeixy/Build/Intermediates.noindex/Firebase.build/Debug-iphoneos/FirebaseCoreInternal.build/Objects-normal/arm64/FirebaseCoreInternal-linker-args.resp -o /Users/khanghnguyen/Library/Developer/Xcode/DerivedData/Wishie-gavmeupfwiyxzhaiqkwzocyeeixy/Build/Products/Debug-iphoneos/FirebaseCoreInternal.o

Ld /Users/khanghnguyen/Library/Developer/Xcode/DerivedData/Wishie-gavmeupfwiyxzhaiqkwzocyeeixy/Build/Products/Debug-iphoneos/FirebaseCoreExtension.o normal (in target 'FirebaseCoreExtension' from project 'Firebase')
    cd /Users/khanghnguyen/Library/Developer/Xcode/DerivedData/Wishie-gavmeupfwiyxzhaiqkwzocyeeixy/SourcePackages/checkouts/firebase-ios-sdk
    /Applications/Xcode.app/Contents/Developer/Toolchains/XcodeDefault.xctoolchain/usr/bin/clang -Xlinker -reproducible -target arm64-apple-ios15.0 -r -isysroot /Applications/Xcode.app/Contents/Developer/Platforms/iPhoneOS.platform/Developer/SDKs/iPhoneOS26.2.sdk -O0 -w -L/Users/khanghnguyen/Library/Developer/Xcode/DerivedData/Wishie-gavmeupfwiyxzhaiqkwzocyeeixy/Build/Intermediates.noindex/EagerLinkingTBDs/Debug-iphoneos -L/Users/khanghnguyen/Library/Developer/Xcode/DerivedData/Wishie-gavmeupfwiyxzhaiqkwzocyeeixy/Build/Products/Debug-iphoneos -L/Applications/Xcode.app/Contents/Developer/Platforms/iPhoneOS.platform/Developer/usr/lib -F/Users/khanghnguyen/Library/Developer/Xcode/DerivedData/Wishie-gavmeupfwiyxzhaiqkwzocyeeixy/Build/Intermediates.noindex/EagerLinkingTBDs/Debug-iphoneos -F/Users/khanghnguyen/Library/Developer/Xcode/DerivedData/Wishie-gavmeupfwiyxzhaiqkwzocyeeixy/Build/Products/Debug-iphoneos -iframework /Applications/Xcode.app/Contents/Developer/Platforms/iPhoneOS.platform/Developer/Library/Frameworks -iframework /Applications/Xcode.app/Contents/Developer/Platforms/iPhoneOS.platform/Developer/SDKs/iPhoneOS26.2.sdk/Developer/Library/Frameworks -filelist /Users/khanghnguyen/Library/Developer/Xcode/DerivedData/Wishie-gavmeupfwiyxzhaiqkwzocyeeixy/Build/Intermediates.noindex/Firebase.build/Debug-iphoneos/FirebaseCoreExtension.build/Objects-normal/arm64/FirebaseCoreExtension.LinkFileList -nostdlib -Xlinker -object_path_lto -Xlinker /Users/khanghnguyen/Library/Developer/Xcode/DerivedData/Wishie-gavmeupfwiyxzhaiqkwzocyeeixy/Build/Intermediates.noindex/Firebase.build/Debug-iphoneos/FirebaseCoreExtension.build/Objects-normal/arm64/FirebaseCoreExtension_lto.o -rdynamic -Xlinker -no_deduplicate -Xlinker -debug_variant -Xlinker -dependency_info -Xlinker /Users/khanghnguyen/Library/Developer/Xcode/DerivedData/Wishie-gavmeupfwiyxzhaiqkwzocyeeixy/Build/Intermediates.noindex/Firebase.build/Debug-iphoneos/FirebaseCoreExtension.build/Objects-normal/arm64/FirebaseCoreExtension_dependency_info.dat -fobjc-arc -fobjc-link-runtime -o /Users/khanghnguyen/Library/Developer/Xcode/DerivedData/Wishie-gavmeupfwiyxzhaiqkwzocyeeixy/Build/Products/Debug-iphoneos/FirebaseCoreExtension.o

Ld /Users/khanghnguyen/Library/Developer/Xcode/DerivedData/Wishie-gavmeupfwiyxzhaiqkwzocyeeixy/Build/Products/Debug-iphoneos/GoogleUtilities-Logger.o normal (in target 'GoogleUtilities-Logger' from project 'GoogleUtilities')
    cd /Users/khanghnguyen/Library/Developer/Xcode/DerivedData/Wishie-gavmeupfwiyxzhaiqkwzocyeeixy/SourcePackages/checkouts/GoogleUtilities
    /Applications/Xcode.app/Contents/Developer/Toolchains/XcodeDefault.xctoolchain/usr/bin/clang -Xlinker -reproducible -target arm64-apple-ios12.0 -r -isysroot /Applications/Xcode.app/Contents/Developer/Platforms/iPhoneOS.platform/Developer/SDKs/iPhoneOS26.2.sdk -O0 -w -L/Users/khanghnguyen/Library/Developer/Xcode/DerivedData/Wishie-gavmeupfwiyxzhaiqkwzocyeeixy/Build/Intermediates.noindex/EagerLinkingTBDs/Debug-iphoneos -L/Users/khanghnguyen/Library/Developer/Xcode/DerivedData/Wishie-gavmeupfwiyxzhaiqkwzocyeeixy/Build/Products/Debug-iphoneos -L/Applications/Xcode.app/Contents/Developer/Platforms/iPhoneOS.platform/Developer/usr/lib -F/Users/khanghnguyen/Library/Developer/Xcode/DerivedData/Wishie-gavmeupfwiyxzhaiqkwzocyeeixy/Build/Intermediates.noindex/EagerLinkingTBDs/Debug-iphoneos -F/Users/khanghnguyen/Library/Developer/Xcode/DerivedData/Wishie-gavmeupfwiyxzhaiqkwzocyeeixy/Build/Products/Debug-iphoneos/PackageFrameworks -F/Users/khanghnguyen/Library/Developer/Xcode/DerivedData/Wishie-gavmeupfwiyxzhaiqkwzocyeeixy/Build/Products/Debug-iphoneos/PackageFrameworks -F/Users/khanghnguyen/Library/Developer/Xcode/DerivedData/Wishie-gavmeupfwiyxzhaiqkwzocyeeixy/Build/Products/Debug-iphoneos -iframework /Applications/Xcode.app/Contents/Developer/Platforms/iPhoneOS.platform/Developer/Library/Frameworks -iframework /Applications/Xcode.app/Contents/Developer/Platforms/iPhoneOS.platform/Developer/SDKs/iPhoneOS26.2.sdk/Developer/Library/Frameworks -filelist /Users/khanghnguyen/Library/Developer/Xcode/DerivedData/Wishie-gavmeupfwiyxzhaiqkwzocyeeixy/Build/Intermediates.noindex/GoogleUtilities.build/Debug-iphoneos/GoogleUtilities-Logger.build/Objects-normal/arm64/GoogleUtilities-Logger.LinkFileList -nostdlib -Xlinker -object_path_lto -Xlinker /Users/khanghnguyen/Library/Developer/Xcode/DerivedData/Wishie-gavmeupfwiyxzhaiqkwzocyeeixy/Build/Intermediates.noindex/GoogleUtilities.build/Debug-iphoneos/GoogleUtilities-Logger.build/Objects-normal/arm64/GoogleUtilities-Logger_lto.o -rdynamic -Xlinker -no_deduplicate -Xlinker -debug_variant -Xlinker -dependency_info -Xlinker /Users/khanghnguyen/Library/Developer/Xcode/DerivedData/Wishie-gavmeupfwiyxzhaiqkwzocyeeixy/Build/Intermediates.noindex/GoogleUtilities.build/Debug-iphoneos/GoogleUtilities-Logger.build/Objects-normal/arm64/GoogleUtilities-Logger_dependency_info.dat -fobjc-arc -fobjc-link-runtime -o /Users/khanghnguyen/Library/Developer/Xcode/DerivedData/Wishie-gavmeupfwiyxzhaiqkwzocyeeixy/Build/Products/Debug-iphoneos/GoogleUtilities-Logger.o

RegisterExecutionPolicyException /Users/khanghnguyen/Library/Developer/Xcode/DerivedData/Wishie-gavmeupfwiyxzhaiqkwzocyeeixy/Build/Products/Debug-iphoneos/GTMSessionFetcherCore.o (in target 'GTMSessionFetcherCore' from project 'GTMSessionFetcher')
    cd /Users/khanghnguyen/Library/Developer/Xcode/DerivedData/Wishie-gavmeupfwiyxzhaiqkwzocyeeixy/SourcePackages/checkouts/gtm-session-fetcher
    builtin-RegisterExecutionPolicyException /Users/khanghnguyen/Library/Developer/Xcode/DerivedData/Wishie-gavmeupfwiyxzhaiqkwzocyeeixy/Build/Products/Debug-iphoneos/GTMSessionFetcherCore.o

SwiftDriver DotLottie normal arm64 com.apple.xcode.tools.swift.compiler (in target 'DotLottie' from project 'DotLottie')
    cd /Users/khanghnguyen/Downloads/Wishie/Wishie.xcodeproj
    builtin-SwiftDriver -- /Applications/Xcode.app/Contents/Developer/Toolchains/XcodeDefault.xctoolchain/usr/bin/swiftc -module-name DotLottie -Onone -enforce-exclusivity\=checked @/Users/khanghnguyen/Library/Developer/Xcode/DerivedData/Wishie-gavmeupfwiyxzhaiqkwzocyeeixy/Build/Intermediates.noindex/DotLottie.build/Debug-iphoneos/DotLottie.build/Objects-normal/arm64/DotLottie.SwiftFileList -DSWIFT_PACKAGE -DDEBUG -DSWIFT_MODULE_RESOURCE_BUNDLE_UNAVAILABLE -DXcode -plugin-path /Applications/Xcode.app/Contents/Developer/Toolchains/XcodeDefault.xctoolchain/usr/lib/swift/host/plugins/testing -enable-experimental-feature DebugDescriptionMacro -sdk /Applications/Xcode.app/Contents/Developer/Platforms/iPhoneOS.platform/Developer/SDKs/iPhoneOS26.2.sdk -target arm64-apple-ios13.0 -g -module-cache-path /Users/khanghnguyen/Library/Developer/Xcode/DerivedData/ModuleCache.noindex -Xfrontend -serialize-debugging-options -profile-coverage-mapping -profile-generate -enable-testing -suppress-warnings -index-store-path /Users/khanghnguyen/Library/Developer/Xcode/DerivedData/Wishie-gavmeupfwiyxzhaiqkwzocyeeixy/Index.noindex/DataStore -Xcc -D_LIBCPP_HARDENING_MODE\=_LIBCPP_HARDENING_MODE_DEBUG -swift-version 5 -I /Users/khanghnguyen/Library/Developer/Xcode/DerivedData/Wishie-gavmeupfwiyxzhaiqkwzocyeeixy/Build/Products/Debug-iphoneos -Isystem /Applications/Xcode.app/Contents/Developer/Platforms/iPhoneOS.platform/Developer/usr/lib -F /Users/khanghnguyen/Library/Developer/Xcode/DerivedData/Wishie-gavmeupfwiyxzhaiqkwzocyeeixy/Build/Products/Debug-iphoneos -F /Applications/Xcode.app/Contents/Developer/Platforms/iPhoneOS.platform/Developer/Library/Frameworks -F /Applications/Xcode.app/Contents/Developer/Platforms/iPhoneOS.platform/Developer/SDKs/iPhoneOS26.2.sdk/Developer/Library/Frameworks -c -j8 -enable-batch-mode -incremental -Xcc -ivfsstatcache -Xcc /Users/khanghnguyen/Library/Developer/Xcode/DerivedData/SDKStatCaches.noindex/iphoneos26.2-23C57-3794476bd08197c3e2abd9bb477ef7f7.sdkstatcache -output-file-map /Users/khanghnguyen/Library/Developer/Xcode/DerivedData/Wishie-gavmeupfwiyxzhaiqkwzocyeeixy/Build/Intermediates.noindex/DotLottie.build/Debug-iphoneos/DotLottie.build/Objects-normal/arm64/DotLottie-OutputFileMap.json -use-frontend-parseable-output -save-temps -no-color-diagnostics -explicit-module-build -module-cache-path /Users/khanghnguyen/Library/Developer/Xcode/DerivedData/Wishie-gavmeupfwiyxzhaiqkwzocyeeixy/Build/Intermediates.noindex/SwiftExplicitPrecompiledModules -clang-scanner-module-cache-path /Users/khanghnguyen/Library/Developer/Xcode/DerivedData/ModuleCache.noindex -sdk-module-cache-path /Users/khanghnguyen/Library/Developer/Xcode/DerivedData/ModuleCache.noindex -serialize-diagnostics -emit-dependencies -emit-module -emit-module-path /Users/khanghnguyen/Library/Developer/Xcode/DerivedData/Wishie-gavmeupfwiyxzhaiqkwzocyeeixy/Build/Intermediates.noindex/DotLottie.build/Debug-iphoneos/DotLottie.build/Objects-normal/arm64/DotLottie.swiftmodule -validate-clang-modules-once -clang-build-session-file /Users/khanghnguyen/Library/Developer/Xcode/DerivedData/ModuleCache.noindex/Session.modulevalidation -Xcc -I/Users/khanghnguyen/Library/Developer/Xcode/DerivedData/Wishie-gavmeupfwiyxzhaiqkwzocyeeixy/Build/Intermediates.noindex/DotLottie.build/Debug-iphoneos/DotLottie.build/swift-overrides.hmap -emit-const-values -Xfrontend -const-gather-protocols-file -Xfrontend /Users/khanghnguyen/Library/Developer/Xcode/DerivedData/Wishie-gavmeupfwiyxzhaiqkwzocyeeixy/Build/Intermediates.noindex/DotLottie.build/Debug-iphoneos/DotLottie.build/Objects-normal/arm64/DotLottie_const_extract_protocols.json -Xcc -I/Users/khanghnguyen/Library/Developer/Xcode/DerivedData/Wishie-gavmeupfwiyxzhaiqkwzocyeeixy/Build/Products/Debug-iphoneos/include -Xcc -I/Users/khanghnguyen/Library/Developer/Xcode/DerivedData/Wishie-gavmeupfwiyxzhaiqkwzocyeeixy/Build/Intermediates.noindex/DotLottie.build/Debug-iphoneos/DotLottie.build/DerivedSources-normal/arm64 -Xcc -I/Users/khanghnguyen/Library/Developer/Xcode/DerivedData/Wishie-gavmeupfwiyxzhaiqkwzocyeeixy/Build/Intermediates.noindex/DotLottie.build/Debug-iphoneos/DotLottie.build/DerivedSources/arm64 -Xcc -I/Users/khanghnguyen/Library/Developer/Xcode/DerivedData/Wishie-gavmeupfwiyxzhaiqkwzocyeeixy/Build/Intermediates.noindex/DotLottie.build/Debug-iphoneos/DotLottie.build/DerivedSources -Xcc -DSWIFT_PACKAGE -Xcc -DDEBUG\=1 -emit-objc-header -emit-objc-header-path /Users/khanghnguyen/Library/Developer/Xcode/DerivedData/Wishie-gavmeupfwiyxzhaiqkwzocyeeixy/Build/Intermediates.noindex/DotLottie.build/Debug-iphoneos/DotLottie.build/Objects-normal/arm64/DotLottie-Swift.h -working-directory /Users/khanghnguyen/Downloads/Wishie/Wishie.xcodeproj -experimental-emit-module-separately -disable-cmo

Touch /Users/khanghnguyen/Library/Developer/Xcode/DerivedData/Wishie-gavmeupfwiyxzhaiqkwzocyeeixy/Build/Products/Debug-iphoneos/Firebase_FirebaseAuth.bundle (in target 'Firebase_FirebaseAuth' from project 'Firebase')
    cd /Users/khanghnguyen/Library/Developer/Xcode/DerivedData/Wishie-gavmeupfwiyxzhaiqkwzocyeeixy/SourcePackages/checkouts/firebase-ios-sdk
    /usr/bin/touch -c /Users/khanghnguyen/Library/Developer/Xcode/DerivedData/Wishie-gavmeupfwiyxzhaiqkwzocyeeixy/Build/Products/Debug-iphoneos/Firebase_FirebaseAuth.bundle

RegisterExecutionPolicyException /Users/khanghnguyen/Library/Developer/Xcode/DerivedData/Wishie-gavmeupfwiyxzhaiqkwzocyeeixy/Build/Products/Debug-iphoneos/FirebaseAuthInterop.o (in target 'FirebaseAuthInterop' from project 'Firebase')
    cd /Users/khanghnguyen/Library/Developer/Xcode/DerivedData/Wishie-gavmeupfwiyxzhaiqkwzocyeeixy/SourcePackages/checkouts/firebase-ios-sdk
    builtin-RegisterExecutionPolicyException /Users/khanghnguyen/Library/Developer/Xcode/DerivedData/Wishie-gavmeupfwiyxzhaiqkwzocyeeixy/Build/Products/Debug-iphoneos/FirebaseAuthInterop.o

ExtractAppIntentsMetadata (in target 'FirebaseCoreInternal' from project 'Firebase')
    cd /Users/khanghnguyen/Library/Developer/Xcode/DerivedData/Wishie-gavmeupfwiyxzhaiqkwzocyeeixy/SourcePackages/checkouts/firebase-ios-sdk
    /Applications/Xcode.app/Contents/Developer/Toolchains/XcodeDefault.xctoolchain/usr/bin/appintentsmetadataprocessor --toolchain-dir /Applications/Xcode.app/Contents/Developer/Toolchains/XcodeDefault.xctoolchain --module-name FirebaseCoreInternal --sdk-root /Applications/Xcode.app/Contents/Developer/Platforms/iPhoneOS.platform/Developer/SDKs/iPhoneOS26.2.sdk --xcode-version 17C529 --platform-family iOS --deployment-target 15.0 --bundle-identifier firebase-ios-sdk.FirebaseCoreInternal --output /Users/khanghnguyen/Library/Developer/Xcode/DerivedData/Wishie-gavmeupfwiyxzhaiqkwzocyeeixy/Build/Products/Debug-iphoneos/FirebaseCoreInternal.appintents --target-triple arm64-apple-ios15.0 --binary-file /Users/khanghnguyen/Library/Developer/Xcode/DerivedData/Wishie-gavmeupfwiyxzhaiqkwzocyeeixy/Build/Products/Debug-iphoneos/FirebaseCoreInternal.o --dependency-file /Users/khanghnguyen/Library/Developer/Xcode/DerivedData/Wishie-gavmeupfwiyxzhaiqkwzocyeeixy/Build/Intermediates.noindex/Firebase.build/Debug-iphoneos/FirebaseCoreInternal.build/Objects-normal/arm64/FirebaseCoreInternal_dependency_info.dat --stringsdata-file /Users/khanghnguyen/Library/Developer/Xcode/DerivedData/Wishie-gavmeupfwiyxzhaiqkwzocyeeixy/Build/Intermediates.noindex/Firebase.build/Debug-iphoneos/FirebaseCoreInternal.build/Objects-normal/arm64/ExtractedAppShortcutsMetadata.stringsdata --source-file-list /Users/khanghnguyen/Library/Developer/Xcode/DerivedData/Wishie-gavmeupfwiyxzhaiqkwzocyeeixy/Build/Intermediates.noindex/Firebase.build/Debug-iphoneos/FirebaseCoreInternal.build/Objects-normal/arm64/FirebaseCoreInternal.SwiftFileList --metadata-file-list /Users/khanghnguyen/Library/Developer/Xcode/DerivedData/Wishie-gavmeupfwiyxzhaiqkwzocyeeixy/Build/Intermediates.noindex/Firebase.build/Debug-iphoneos/FirebaseCoreInternal.build/FirebaseCoreInternal.DependencyMetadataFileList --static-metadata-file-list /Users/khanghnguyen/Library/Developer/Xcode/DerivedData/Wishie-gavmeupfwiyxzhaiqkwzocyeeixy/Build/Intermediates.noindex/Firebase.build/Debug-iphoneos/FirebaseCoreInternal.build/FirebaseCoreInternal.DependencyStaticMetadataFileList --swift-const-vals-list /Users/khanghnguyen/Library/Developer/Xcode/DerivedData/Wishie-gavmeupfwiyxzhaiqkwzocyeeixy/Build/Intermediates.noindex/Firebase.build/Debug-iphoneos/FirebaseCoreInternal.build/Objects-normal/arm64/FirebaseCoreInternal.SwiftConstValuesFileList --force --compile-time-extraction --deployment-aware-processing --validate-assistant-intents --no-app-shortcuts-localization
2026-05-24 14:36:14.438 appintentsmetadataprocessor[44695:13981961] Starting appintentsmetadataprocessor export
2026-05-24 14:36:14.572 appintentsmetadataprocessor[44695:13981961] Extracted no relevant App Intents symbols, skipping writing output

SwiftDriverJobDiscovery normal arm64 Emitting module for XCTestDynamicOverlay (in target 'XCTestDynamicOverlay' from project 'xctest-dynamic-overlay')

SwiftDriver\ Compilation\ Requirements XCTestDynamicOverlay normal arm64 com.apple.xcode.tools.swift.compiler (in target 'XCTestDynamicOverlay' from project 'xctest-dynamic-overlay')
    cd /Users/khanghnguyen/Downloads/Wishie/Wishie.xcodeproj
    builtin-Swift-Compilation-Requirements -- /Applications/Xcode.app/Contents/Developer/Toolchains/XcodeDefault.xctoolchain/usr/bin/swiftc -module-name XCTestDynamicOverlay -Onone -enforce-exclusivity\=checked @/Users/khanghnguyen/Library/Developer/Xcode/DerivedData/Wishie-gavmeupfwiyxzhaiqkwzocyeeixy/Build/Intermediates.noindex/xctest-dynamic-overlay.build/Debug-iphoneos/XCTestDynamicOverlay.build/Objects-normal/arm64/XCTestDynamicOverlay.SwiftFileList -DSWIFT_PACKAGE -DDEBUG -DSWIFT_MODULE_RESOURCE_BUNDLE_UNAVAILABLE -DXcode -plugin-path /Applications/Xcode.app/Contents/Developer/Toolchains/XcodeDefault.xctoolchain/usr/lib/swift/host/plugins/testing -enable-experimental-feature DebugDescriptionMacro -sdk /Applications/Xcode.app/Contents/Developer/Platforms/iPhoneOS.platform/Developer/SDKs/iPhoneOS26.2.sdk -target arm64-apple-ios13.0 -g -module-cache-path /Users/khanghnguyen/Library/Developer/Xcode/DerivedData/ModuleCache.noindex -Xfrontend -serialize-debugging-options -profile-coverage-mapping -profile-generate -enable-testing -suppress-warnings -index-store-path /Users/khanghnguyen/Library/Developer/Xcode/DerivedData/Wishie-gavmeupfwiyxzhaiqkwzocyeeixy/Index.noindex/DataStore -Xcc -D_LIBCPP_HARDENING_MODE\=_LIBCPP_HARDENING_MODE_DEBUG -swift-version 6 -I /Users/khanghnguyen/Library/Developer/Xcode/DerivedData/Wishie-gavmeupfwiyxzhaiqkwzocyeeixy/Build/Products/Debug-iphoneos -Isystem /Applications/Xcode.app/Contents/Developer/Platforms/iPhoneOS.platform/Developer/usr/lib -F /Users/khanghnguyen/Library/Developer/Xcode/DerivedData/Wishie-gavmeupfwiyxzhaiqkwzocyeeixy/Build/Products/Debug-iphoneos/PackageFrameworks -F /Users/khanghnguyen/Library/Developer/Xcode/DerivedData/Wishie-gavmeupfwiyxzhaiqkwzocyeeixy/Build/Products/Debug-iphoneos/PackageFrameworks -F /Users/khanghnguyen/Library/Developer/Xcode/DerivedData/Wishie-gavmeupfwiyxzhaiqkwzocyeeixy/Build/Products/Debug-iphoneos -F /Applications/Xcode.app/Contents/Developer/Platforms/iPhoneOS.platform/Developer/Library/Frameworks -F /Applications/Xcode.app/Contents/Developer/Platforms/iPhoneOS.platform/Developer/SDKs/iPhoneOS26.2.sdk/Developer/Library/Frameworks -c -j8 -enable-batch-mode -incremental -Xcc -ivfsstatcache -Xcc /Users/khanghnguyen/Library/Developer/Xcode/DerivedData/SDKStatCaches.noindex/iphoneos26.2-23C57-3794476bd08197c3e2abd9bb477ef7f7.sdkstatcache -output-file-map /Users/khanghnguyen/Library/Developer/Xcode/DerivedData/Wishie-gavmeupfwiyxzhaiqkwzocyeeixy/Build/Intermediates.noindex/xctest-dynamic-overlay.build/Debug-iphoneos/XCTestDynamicOverlay.build/Objects-normal/arm64/XCTestDynamicOverlay-OutputFileMap.json -use-frontend-parseable-output -save-temps -no-color-diagnostics -explicit-module-build -module-cache-path /Users/khanghnguyen/Library/Developer/Xcode/DerivedData/Wishie-gavmeupfwiyxzhaiqkwzocyeeixy/Build/Intermediates.noindex/SwiftExplicitPrecompiledModules -clang-scanner-module-cache-path /Users/khanghnguyen/Library/Developer/Xcode/DerivedData/ModuleCache.noindex -sdk-module-cache-path /Users/khanghnguyen/Library/Developer/Xcode/DerivedData/ModuleCache.noindex -serialize-diagnostics -emit-dependencies -emit-module -emit-module-path /Users/khanghnguyen/Library/Developer/Xcode/DerivedData/Wishie-gavmeupfwiyxzhaiqkwzocyeeixy/Build/Intermediates.noindex/xctest-dynamic-overlay.build/Debug-iphoneos/XCTestDynamicOverlay.build/Objects-normal/arm64/XCTestDynamicOverlay.swiftmodule -user-module-version 1.8.0 -validate-clang-modules-once -clang-build-session-file /Users/khanghnguyen/Library/Developer/Xcode/DerivedData/ModuleCache.noindex/Session.modulevalidation -package-name xctest_dynamic_overlay -Xcc -I/Users/khanghnguyen/Library/Developer/Xcode/DerivedData/Wishie-gavmeupfwiyxzhaiqkwzocyeeixy/Build/Intermediates.noindex/xctest-dynamic-overlay.build/Debug-iphoneos/XCTestDynamicOverlay.build/swift-overrides.hmap -emit-const-values -Xfrontend -const-gather-protocols-file -Xfrontend /Users/khanghnguyen/Library/Developer/Xcode/DerivedData/Wishie-gavmeupfwiyxzhaiqkwzocyeeixy/Build/Intermediates.noindex/xctest-dynamic-overlay.build/Debug-iphoneos/XCTestDynamicOverlay.build/Objects-normal/arm64/XCTestDynamicOverlay_const_extract_protocols.json -Xcc -I/Users/khanghnguyen/Library/Developer/Xcode/DerivedData/Wishie-gavmeupfwiyxzhaiqkwzocyeeixy/Build/Products/Debug-iphoneos/include -Xcc -I/Users/khanghnguyen/Library/Developer/Xcode/DerivedData/Wishie-gavmeupfwiyxzhaiqkwzocyeeixy/Build/Intermediates.noindex/xctest-dynamic-overlay.build/Debug-iphoneos/XCTestDynamicOverlay.build/DerivedSources-normal/arm64 -Xcc -I/Users/khanghnguyen/Library/Developer/Xcode/DerivedData/Wishie-gavmeupfwiyxzhaiqkwzocyeeixy/Build/Intermediates.noindex/xctest-dynamic-overlay.build/Debug-iphoneos/XCTestDynamicOverlay.build/DerivedSources/arm64 -Xcc -I/Users/khanghnguyen/Library/Developer/Xcode/DerivedData/Wishie-gavmeupfwiyxzhaiqkwzocyeeixy/Build/Intermediates.noindex/xctest-dynamic-overlay.build/Debug-iphoneos/XCTestDynamicOverlay.build/DerivedSources -Xcc -DSWIFT_PACKAGE -Xcc -DDEBUG\=1 -emit-objc-header -emit-objc-header-path /Users/khanghnguyen/Library/Developer/Xcode/DerivedData/Wishie-gavmeupfwiyxzhaiqkwzocyeeixy/Build/Intermediates.noindex/xctest-dynamic-overlay.build/Debug-iphoneos/XCTestDynamicOverlay.build/Objects-normal/arm64/XCTestDynamicOverlay-Swift.h -working-directory /Users/khanghnguyen/Downloads/Wishie/Wishie.xcodeproj -experimental-emit-module-separately -disable-cmo

RegisterExecutionPolicyException /Users/khanghnguyen/Library/Developer/Xcode/DerivedData/Wishie-gavmeupfwiyxzhaiqkwzocyeeixy/Build/Products/Debug-iphoneos/FirebaseFirestoreInternalWrapper.o (in target 'FirebaseFirestoreInternalWrapper' from project 'Firebase')
    cd /Users/khanghnguyen/Library/Developer/Xcode/DerivedData/Wishie-gavmeupfwiyxzhaiqkwzocyeeixy/SourcePackages/checkouts/firebase-ios-sdk
    builtin-RegisterExecutionPolicyException /Users/khanghnguyen/Library/Developer/Xcode/DerivedData/Wishie-gavmeupfwiyxzhaiqkwzocyeeixy/Build/Products/Debug-iphoneos/FirebaseFirestoreInternalWrapper.o

SwiftMergeGeneratedHeaders /Users/khanghnguyen/Library/Developer/Xcode/DerivedData/Wishie-gavmeupfwiyxzhaiqkwzocyeeixy/Build/Intermediates.noindex/GeneratedModuleMaps-iphoneos/XCTestDynamicOverlay-Swift.h /Users/khanghnguyen/Library/Developer/Xcode/DerivedData/Wishie-gavmeupfwiyxzhaiqkwzocyeeixy/Build/Intermediates.noindex/xctest-dynamic-overlay.build/Debug-iphoneos/XCTestDynamicOverlay.build/Objects-normal/arm64/XCTestDynamicOverlay-Swift.h (in target 'XCTestDynamicOverlay' from project 'xctest-dynamic-overlay')
    cd /Users/khanghnguyen/Library/Developer/Xcode/DerivedData/Wishie-gavmeupfwiyxzhaiqkwzocyeeixy/SourcePackages/checkouts/xctest-dynamic-overlay
    builtin-swiftHeaderTool -arch arm64 /Users/khanghnguyen/Library/Developer/Xcode/DerivedData/Wishie-gavmeupfwiyxzhaiqkwzocyeeixy/Build/Intermediates.noindex/xctest-dynamic-overlay.build/Debug-iphoneos/XCTestDynamicOverlay.build/Objects-normal/arm64/XCTestDynamicOverlay-Swift.h -o /Users/khanghnguyen/Library/Developer/Xcode/DerivedData/Wishie-gavmeupfwiyxzhaiqkwzocyeeixy/Build/Intermediates.noindex/GeneratedModuleMaps-iphoneos/XCTestDynamicOverlay-Swift.h

Copy /Users/khanghnguyen/Library/Developer/Xcode/DerivedData/Wishie-gavmeupfwiyxzhaiqkwzocyeeixy/Build/Products/Debug-iphoneos/XCTestDynamicOverlay.swiftmodule/arm64-apple-ios.swiftmodule /Users/khanghnguyen/Library/Developer/Xcode/DerivedData/Wishie-gavmeupfwiyxzhaiqkwzocyeeixy/Build/Intermediates.noindex/xctest-dynamic-overlay.build/Debug-iphoneos/XCTestDynamicOverlay.build/Objects-normal/arm64/XCTestDynamicOverlay.swiftmodule (in target 'XCTestDynamicOverlay' from project 'xctest-dynamic-overlay')
    cd /Users/khanghnguyen/Library/Developer/Xcode/DerivedData/Wishie-gavmeupfwiyxzhaiqkwzocyeeixy/SourcePackages/checkouts/xctest-dynamic-overlay
    builtin-copy -exclude .DS_Store -exclude CVS -exclude .svn -exclude .git -exclude .hg -resolve-src-symlinks -rename /Users/khanghnguyen/Library/Developer/Xcode/DerivedData/Wishie-gavmeupfwiyxzhaiqkwzocyeeixy/Build/Intermediates.noindex/xctest-dynamic-overlay.build/Debug-iphoneos/XCTestDynamicOverlay.build/Objects-normal/arm64/XCTestDynamicOverlay.swiftmodule /Users/khanghnguyen/Library/Developer/Xcode/DerivedData/Wishie-gavmeupfwiyxzhaiqkwzocyeeixy/Build/Products/Debug-iphoneos/XCTestDynamicOverlay.swiftmodule/arm64-apple-ios.swiftmodule

Copy /Users/khanghnguyen/Library/Developer/Xcode/DerivedData/Wishie-gavmeupfwiyxzhaiqkwzocyeeixy/Build/Products/Debug-iphoneos/XCTestDynamicOverlay.swiftmodule/arm64-apple-ios.swiftdoc /Users/khanghnguyen/Library/Developer/Xcode/DerivedData/Wishie-gavmeupfwiyxzhaiqkwzocyeeixy/Build/Intermediates.noindex/xctest-dynamic-overlay.build/Debug-iphoneos/XCTestDynamicOverlay.build/Objects-normal/arm64/XCTestDynamicOverlay.swiftdoc (in target 'XCTestDynamicOverlay' from project 'xctest-dynamic-overlay')
    cd /Users/khanghnguyen/Library/Developer/Xcode/DerivedData/Wishie-gavmeupfwiyxzhaiqkwzocyeeixy/SourcePackages/checkouts/xctest-dynamic-overlay
    builtin-copy -exclude .DS_Store -exclude CVS -exclude .svn -exclude .git -exclude .hg -resolve-src-symlinks -rename /Users/khanghnguyen/Library/Developer/Xcode/DerivedData/Wishie-gavmeupfwiyxzhaiqkwzocyeeixy/Build/Intermediates.noindex/xctest-dynamic-overlay.build/Debug-iphoneos/XCTestDynamicOverlay.build/Objects-normal/arm64/XCTestDynamicOverlay.swiftdoc /Users/khanghnguyen/Library/Developer/Xcode/DerivedData/Wishie-gavmeupfwiyxzhaiqkwzocyeeixy/Build/Products/Debug-iphoneos/XCTestDynamicOverlay.swiftmodule/arm64-apple-ios.swiftdoc

Copy /Users/khanghnguyen/Library/Developer/Xcode/DerivedData/Wishie-gavmeupfwiyxzhaiqkwzocyeeixy/Build/Products/Debug-iphoneos/XCTestDynamicOverlay.swiftmodule/arm64-apple-ios.abi.json /Users/khanghnguyen/Library/Developer/Xcode/DerivedData/Wishie-gavmeupfwiyxzhaiqkwzocyeeixy/Build/Intermediates.noindex/xctest-dynamic-overlay.build/Debug-iphoneos/XCTestDynamicOverlay.build/Objects-normal/arm64/XCTestDynamicOverlay.abi.json (in target 'XCTestDynamicOverlay' from project 'xctest-dynamic-overlay')
    cd /Users/khanghnguyen/Library/Developer/Xcode/DerivedData/Wishie-gavmeupfwiyxzhaiqkwzocyeeixy/SourcePackages/checkouts/xctest-dynamic-overlay
    builtin-copy -exclude .DS_Store -exclude CVS -exclude .svn -exclude .git -exclude .hg -resolve-src-symlinks -rename /Users/khanghnguyen/Library/Developer/Xcode/DerivedData/Wishie-gavmeupfwiyxzhaiqkwzocyeeixy/Build/Intermediates.noindex/xctest-dynamic-overlay.build/Debug-iphoneos/XCTestDynamicOverlay.build/Objects-normal/arm64/XCTestDynamicOverlay.abi.json /Users/khanghnguyen/Library/Developer/Xcode/DerivedData/Wishie-gavmeupfwiyxzhaiqkwzocyeeixy/Build/Products/Debug-iphoneos/XCTestDynamicOverlay.swiftmodule/arm64-apple-ios.abi.json

Copy /Users/khanghnguyen/Library/Developer/Xcode/DerivedData/Wishie-gavmeupfwiyxzhaiqkwzocyeeixy/Build/Products/Debug-iphoneos/XCTestDynamicOverlay.swiftmodule/Project/arm64-apple-ios.swiftsourceinfo /Users/khanghnguyen/Library/Developer/Xcode/DerivedData/Wishie-gavmeupfwiyxzhaiqkwzocyeeixy/Build/Intermediates.noindex/xctest-dynamic-overlay.build/Debug-iphoneos/XCTestDynamicOverlay.build/Objects-normal/arm64/XCTestDynamicOverlay.swiftsourceinfo (in target 'XCTestDynamicOverlay' from project 'xctest-dynamic-overlay')
    cd /Users/khanghnguyen/Library/Developer/Xcode/DerivedData/Wishie-gavmeupfwiyxzhaiqkwzocyeeixy/SourcePackages/checkouts/xctest-dynamic-overlay
    builtin-copy -exclude .DS_Store -exclude CVS -exclude .svn -exclude .git -exclude .hg -resolve-src-symlinks -rename /Users/khanghnguyen/Library/Developer/Xcode/DerivedData/Wishie-gavmeupfwiyxzhaiqkwzocyeeixy/Build/Intermediates.noindex/xctest-dynamic-overlay.build/Debug-iphoneos/XCTestDynamicOverlay.build/Objects-normal/arm64/XCTestDynamicOverlay.swiftsourceinfo /Users/khanghnguyen/Library/Developer/Xcode/DerivedData/Wishie-gavmeupfwiyxzhaiqkwzocyeeixy/Build/Products/Debug-iphoneos/XCTestDynamicOverlay.swiftmodule/Project/arm64-apple-ios.swiftsourceinfo

ScanDependencies /Users/khanghnguyen/Library/Developer/Xcode/DerivedData/Wishie-gavmeupfwiyxzhaiqkwzocyeeixy/Build/Intermediates.noindex/Firebase.build/Debug-iphoneos/FirebaseCore.build/Objects-normal/arm64/resource_bundle_accessor.o /Users/khanghnguyen/Library/Developer/Xcode/DerivedData/Wishie-gavmeupfwiyxzhaiqkwzocyeeixy/Build/Intermediates.noindex/Firebase.build/Debug-iphoneos/FirebaseCore.build/DerivedSources/resource_bundle_accessor.m normal arm64 objective-c com.apple.compilers.llvm.clang.1_0.compiler (in target 'FirebaseCore' from project 'Firebase')
    cd /Users/khanghnguyen/Downloads/Wishie/Wishie.xcodeproj
    
    Using response file: /Users/khanghnguyen/Library/Developer/Xcode/DerivedData/Wishie-gavmeupfwiyxzhaiqkwzocyeeixy/Build/Intermediates.noindex/Firebase.build/Debug-iphoneos/FirebaseCore.build/Objects-normal/arm64/e6072d4f65d7061329687fe24e3d63a7-common-args.resp
    
    builtin-ScanDependencies -o /Users/khanghnguyen/Library/Developer/Xcode/DerivedData/Wishie-gavmeupfwiyxzhaiqkwzocyeeixy/Build/Intermediates.noindex/Firebase.build/Debug-iphoneos/FirebaseCore.build/Objects-normal/arm64/resource_bundle_accessor.o.scan -- /Applications/Xcode.app/Contents/Developer/Toolchains/XcodeDefault.xctoolchain/usr/bin/clang -x objective-c -ivfsstatcache /Users/khanghnguyen/Library/Developer/Xcode/DerivedData/SDKStatCaches.noindex/iphoneos26.2-23C57-3794476bd08197c3e2abd9bb477ef7f7.sdkstatcache -fmessage-length\=0 -fdiagnostics-show-note-include-stack -fmacro-backtrace-limit\=0 -fno-color-diagnostics -fmodules-prune-interval\=86400 -fmodules-prune-after\=345600 -fbuild-session-file\=/Users/khanghnguyen/Library/Developer/Xcode/DerivedData/ModuleCache.noindex/Session.modulevalidation -fmodules-validate-once-per-build-session -Wnon-modular-include-in-framework-module -Werror\=non-modular-include-in-framework-module -Wno-trigraphs -Wno-missing-field-initializers -Wno-missing-prototypes -Wno-return-type -Wno-implicit-atomic-properties -Wno-objc-interface-ivars -Wno-arc-repeated-use-of-weak -Wno-missing-braces -Wparentheses -Wswitch -Wno-unused-function -Wno-unused-label -Wno-unused-parameter -Wno-unused-variable -Wunused-value -Wno-empty-body -Wno-uninitialized -Wno-unknown-pragmas -w -Wno-shadow -Wno-four-char-constants -Wno-conversion -Wno-constant-conversion -Wno-int-conversion -Wno-bool-conversion -Wno-enum-conversion -Wno-float-conversion -Wno-non-literal-null-conversion -Wno-objc-literal-conversion -Wshorten-64-to-32 -Wpointer-sign -Wno-newline-eof -Wno-selector -Wno-strict-selector-match -Wno-undeclared-selector -Wno-deprecated-implementations -Wno-implicit-fallthrough -fstrict-aliasing -Wprotocol -Wdeprecated-declarations -Wno-sign-conversion -Wno-infinite-recursion -Wno-comma -Wno-block-capture-autoreleasing -Wno-strict-prototypes -Wno-semicolon-before-method-body -index-store-path /Users/khanghnguyen/Library/Developer/Xcode/DerivedData/Wishie-gavmeupfwiyxzhaiqkwzocyeeixy/Index.noindex/DataStore @/Users/khanghnguyen/Library/Developer/Xcode/DerivedData/Wishie-gavmeupfwiyxzhaiqkwzocyeeixy/Build/Intermediates.noindex/Firebase.build/Debug-iphoneos/FirebaseCore.build/Objects-normal/arm64/e6072d4f65d7061329687fe24e3d63a7-common-args.resp -include /Users/khanghnguyen/Library/Developer/Xcode/DerivedData/Wishie-gavmeupfwiyxzhaiqkwzocyeeixy/Build/Intermediates.noindex/Firebase.build/Debug-iphoneos/FirebaseCore.build/DerivedSources/resource_bundle_accessor.h -MMD -MT dependencies -MF /Users/khanghnguyen/Library/Developer/Xcode/DerivedData/Wishie-gavmeupfwiyxzhaiqkwzocyeeixy/Build/Intermediates.noindex/Firebase.build/Debug-iphoneos/FirebaseCore.build/Objects-normal/arm64/resource_bundle_accessor.d --serialize-diagnostics /Users/khanghnguyen/Library/Developer/Xcode/DerivedData/Wishie-gavmeupfwiyxzhaiqkwzocyeeixy/Build/Intermediates.noindex/Firebase.build/Debug-iphoneos/FirebaseCore.build/Objects-normal/arm64/resource_bundle_accessor.dia -c /Users/khanghnguyen/Library/Developer/Xcode/DerivedData/Wishie-gavmeupfwiyxzhaiqkwzocyeeixy/Build/Intermediates.noindex/Firebase.build/Debug-iphoneos/FirebaseCore.build/DerivedSources/resource_bundle_accessor.m -o /Users/khanghnguyen/Library/Developer/Xcode/DerivedData/Wishie-gavmeupfwiyxzhaiqkwzocyeeixy/Build/Intermediates.noindex/Firebase.build/Debug-iphoneos/FirebaseCore.build/Objects-normal/arm64/resource_bundle_accessor.o -index-unit-output-path /Firebase.build/Debug-iphoneos/FirebaseCore.build/Objects-normal/arm64/resource_bundle_accessor.o

ScanDependencies /Users/khanghnguyen/Library/Developer/Xcode/DerivedData/Wishie-gavmeupfwiyxzhaiqkwzocyeeixy/Build/Intermediates.noindex/Firebase.build/Debug-iphoneos/FirebaseCore.build/Objects-normal/arm64/FIRVersion.o /Users/khanghnguyen/Library/Developer/Xcode/DerivedData/Wishie-gavmeupfwiyxzhaiqkwzocyeeixy/SourcePackages/checkouts/firebase-ios-sdk/FirebaseCore/Sources/FIRVersion.m normal arm64 objective-c com.apple.compilers.llvm.clang.1_0.compiler (in target 'FirebaseCore' from project 'Firebase')
    cd /Users/khanghnguyen/Downloads/Wishie/Wishie.xcodeproj
    
    Using response file: /Users/khanghnguyen/Library/Developer/Xcode/DerivedData/Wishie-gavmeupfwiyxzhaiqkwzocyeeixy/Build/Intermediates.noindex/Firebase.build/Debug-iphoneos/FirebaseCore.build/Objects-normal/arm64/e6072d4f65d7061329687fe24e3d63a7-common-args.resp
    
    builtin-ScanDependencies -o /Users/khanghnguyen/Library/Developer/Xcode/DerivedData/Wishie-gavmeupfwiyxzhaiqkwzocyeeixy/Build/Intermediates.noindex/Firebase.build/Debug-iphoneos/FirebaseCore.build/Objects-normal/arm64/FIRVersion.o.scan -- /Applications/Xcode.app/Contents/Developer/Toolchains/XcodeDefault.xctoolchain/usr/bin/clang -x objective-c -ivfsstatcache /Users/khanghnguyen/Library/Developer/Xcode/DerivedData/SDKStatCaches.noindex/iphoneos26.2-23C57-3794476bd08197c3e2abd9bb477ef7f7.sdkstatcache -fmessage-length\=0 -fdiagnostics-show-note-include-stack -fmacro-backtrace-limit\=0 -fno-color-diagnostics -fmodules-prune-interval\=86400 -fmodules-prune-after\=345600 -fbuild-session-file\=/Users/khanghnguyen/Library/Developer/Xcode/DerivedData/ModuleCache.noindex/Session.modulevalidation -fmodules-validate-once-per-build-session -Wnon-modular-include-in-framework-module -Werror\=non-modular-include-in-framework-module -Wno-trigraphs -Wno-missing-field-initializers -Wno-missing-prototypes -Wno-return-type -Wno-implicit-atomic-properties -Wno-objc-interface-ivars -Wno-arc-repeated-use-of-weak -Wno-missing-braces -Wparentheses -Wswitch -Wno-unused-function -Wno-unused-label -Wno-unused-parameter -Wno-unused-variable -Wunused-value -Wno-empty-body -Wno-uninitialized -Wno-unknown-pragmas -w -Wno-shadow -Wno-four-char-constants -Wno-conversion -Wno-constant-conversion -Wno-int-conversion -Wno-bool-conversion -Wno-enum-conversion -Wno-float-conversion -Wno-non-literal-null-conversion -Wno-objc-literal-conversion -Wshorten-64-to-32 -Wpointer-sign -Wno-newline-eof -Wno-selector -Wno-strict-selector-match -Wno-undeclared-selector -Wno-deprecated-implementations -Wno-implicit-fallthrough -fstrict-aliasing -Wprotocol -Wdeprecated-declarations -Wno-sign-conversion -Wno-infinite-recursion -Wno-comma -Wno-block-capture-autoreleasing -Wno-strict-prototypes -Wno-semicolon-before-method-body -index-store-path /Users/khanghnguyen/Library/Developer/Xcode/DerivedData/Wishie-gavmeupfwiyxzhaiqkwzocyeeixy/Index.noindex/DataStore @/Users/khanghnguyen/Library/Developer/Xcode/DerivedData/Wishie-gavmeupfwiyxzhaiqkwzocyeeixy/Build/Intermediates.noindex/Firebase.build/Debug-iphoneos/FirebaseCore.build/Objects-normal/arm64/e6072d4f65d7061329687fe24e3d63a7-common-args.resp -include /Users/khanghnguyen/Library/Developer/Xcode/DerivedData/Wishie-gavmeupfwiyxzhaiqkwzocyeeixy/Build/Intermediates.noindex/Firebase.build/Debug-iphoneos/FirebaseCore.build/DerivedSources/resource_bundle_accessor.h -MMD -MT dependencies -MF /Users/khanghnguyen/Library/Developer/Xcode/DerivedData/Wishie-gavmeupfwiyxzhaiqkwzocyeeixy/Build/Intermediates.noindex/Firebase.build/Debug-iphoneos/FirebaseCore.build/Objects-normal/arm64/FIRVersion.d --serialize-diagnostics /Users/khanghnguyen/Library/Developer/Xcode/DerivedData/Wishie-gavmeupfwiyxzhaiqkwzocyeeixy/Build/Intermediates.noindex/Firebase.build/Debug-iphoneos/FirebaseCore.build/Objects-normal/arm64/FIRVersion.dia -c /Users/khanghnguyen/Library/Developer/Xcode/DerivedData/Wishie-gavmeupfwiyxzhaiqkwzocyeeixy/SourcePackages/checkouts/firebase-ios-sdk/FirebaseCore/Sources/FIRVersion.m -o /Users/khanghnguyen/Library/Developer/Xcode/DerivedData/Wishie-gavmeupfwiyxzhaiqkwzocyeeixy/Build/Intermediates.noindex/Firebase.build/Debug-iphoneos/FirebaseCore.build/Objects-normal/arm64/FIRVersion.o -index-unit-output-path /Firebase.build/Debug-iphoneos/FirebaseCore.build/Objects-normal/arm64/FIRVersion.o

ScanDependencies /Users/khanghnguyen/Library/Developer/Xcode/DerivedData/Wishie-gavmeupfwiyxzhaiqkwzocyeeixy/Build/Intermediates.noindex/Firebase.build/Debug-iphoneos/FirebaseCore.build/Objects-normal/arm64/FIRTimestamp.o /Users/khanghnguyen/Library/Developer/Xcode/DerivedData/Wishie-gavmeupfwiyxzhaiqkwzocyeeixy/SourcePackages/checkouts/firebase-ios-sdk/FirebaseCore/Sources/FIRTimestamp.m normal arm64 objective-c com.apple.compilers.llvm.clang.1_0.compiler (in target 'FirebaseCore' from project 'Firebase')
    cd /Users/khanghnguyen/Downloads/Wishie/Wishie.xcodeproj
    
    Using response file: /Users/khanghnguyen/Library/Developer/Xcode/DerivedData/Wishie-gavmeupfwiyxzhaiqkwzocyeeixy/Build/Intermediates.noindex/Firebase.build/Debug-iphoneos/FirebaseCore.build/Objects-normal/arm64/e6072d4f65d7061329687fe24e3d63a7-common-args.resp
    
    builtin-ScanDependencies -o /Users/khanghnguyen/Library/Developer/Xcode/DerivedData/Wishie-gavmeupfwiyxzhaiqkwzocyeeixy/Build/Intermediates.noindex/Firebase.build/Debug-iphoneos/FirebaseCore.build/Objects-normal/arm64/FIRTimestamp.o.scan -- /Applications/Xcode.app/Contents/Developer/Toolchains/XcodeDefault.xctoolchain/usr/bin/clang -x objective-c -ivfsstatcache /Users/khanghnguyen/Library/Developer/Xcode/DerivedData/SDKStatCaches.noindex/iphoneos26.2-23C57-3794476bd08197c3e2abd9bb477ef7f7.sdkstatcache -fmessage-length\=0 -fdiagnostics-show-note-include-stack -fmacro-backtrace-limit\=0 -fno-color-diagnostics -fmodules-prune-interval\=86400 -fmodules-prune-after\=345600 -fbuild-session-file\=/Users/khanghnguyen/Library/Developer/Xcode/DerivedData/ModuleCache.noindex/Session.modulevalidation -fmodules-validate-once-per-build-session -Wnon-modular-include-in-framework-module -Werror\=non-modular-include-in-framework-module -Wno-trigraphs -Wno-missing-field-initializers -Wno-missing-prototypes -Wno-return-type -Wno-implicit-atomic-properties -Wno-objc-interface-ivars -Wno-arc-repeated-use-of-weak -Wno-missing-braces -Wparentheses -Wswitch -Wno-unused-function -Wno-unused-label -Wno-unused-parameter -Wno-unused-variable -Wunused-value -Wno-empty-body -Wno-uninitialized -Wno-unknown-pragmas -w -Wno-shadow -Wno-four-char-constants -Wno-conversion -Wno-constant-conversion -Wno-int-conversion -Wno-bool-conversion -Wno-enum-conversion -Wno-float-conversion -Wno-non-literal-null-conversion -Wno-objc-literal-conversion -Wshorten-64-to-32 -Wpointer-sign -Wno-newline-eof -Wno-selector -Wno-strict-selector-match -Wno-undeclared-selector -Wno-deprecated-implementations -Wno-implicit-fallthrough -fstrict-aliasing -Wprotocol -Wdeprecated-declarations -Wno-sign-conversion -Wno-infinite-recursion -Wno-comma -Wno-block-capture-autoreleasing -Wno-strict-prototypes -Wno-semicolon-before-method-body -index-store-path /Users/khanghnguyen/Library/Developer/Xcode/DerivedData/Wishie-gavmeupfwiyxzhaiqkwzocyeeixy/Index.noindex/DataStore @/Users/khanghnguyen/Library/Developer/Xcode/DerivedData/Wishie-gavmeupfwiyxzhaiqkwzocyeeixy/Build/Intermediates.noindex/Firebase.build/Debug-iphoneos/FirebaseCore.build/Objects-normal/arm64/e6072d4f65d7061329687fe24e3d63a7-common-args.resp -include /Users/khanghnguyen/Library/Developer/Xcode/DerivedData/Wishie-gavmeupfwiyxzhaiqkwzocyeeixy/Build/Intermediates.noindex/Firebase.build/Debug-iphoneos/FirebaseCore.build/DerivedSources/resource_bundle_accessor.h -MMD -MT dependencies -MF /Users/khanghnguyen/Library/Developer/Xcode/DerivedData/Wishie-gavmeupfwiyxzhaiqkwzocyeeixy/Build/Intermediates.noindex/Firebase.build/Debug-iphoneos/FirebaseCore.build/Objects-normal/arm64/FIRTimestamp.d --serialize-diagnostics /Users/khanghnguyen/Library/Developer/Xcode/DerivedData/Wishie-gavmeupfwiyxzhaiqkwzocyeeixy/Build/Intermediates.noindex/Firebase.build/Debug-iphoneos/FirebaseCore.build/Objects-normal/arm64/FIRTimestamp.dia -c /Users/khanghnguyen/Library/Developer/Xcode/DerivedData/Wishie-gavmeupfwiyxzhaiqkwzocyeeixy/SourcePackages/checkouts/firebase-ios-sdk/FirebaseCore/Sources/FIRTimestamp.m -o /Users/khanghnguyen/Library/Developer/Xcode/DerivedData/Wishie-gavmeupfwiyxzhaiqkwzocyeeixy/Build/Intermediates.noindex/Firebase.build/Debug-iphoneos/FirebaseCore.build/Objects-normal/arm64/FIRTimestamp.o -index-unit-output-path /Firebase.build/Debug-iphoneos/FirebaseCore.build/Objects-normal/arm64/FIRTimestamp.o

ScanDependencies /Users/khanghnguyen/Library/Developer/Xcode/DerivedData/Wishie-gavmeupfwiyxzhaiqkwzocyeeixy/Build/Intermediates.noindex/Firebase.build/Debug-iphoneos/FirebaseCore.build/Objects-normal/arm64/FIROptions.o /Users/khanghnguyen/Library/Developer/Xcode/DerivedData/Wishie-gavmeupfwiyxzhaiqkwzocyeeixy/SourcePackages/checkouts/firebase-ios-sdk/FirebaseCore/Sources/FIROptions.m normal arm64 objective-c com.apple.compilers.llvm.clang.1_0.compiler (in target 'FirebaseCore' from project 'Firebase')
    cd /Users/khanghnguyen/Downloads/Wishie/Wishie.xcodeproj
    
    Using response file: /Users/khanghnguyen/Library/Developer/Xcode/DerivedData/Wishie-gavmeupfwiyxzhaiqkwzocyeeixy/Build/Intermediates.noindex/Firebase.build/Debug-iphoneos/FirebaseCore.build/Objects-normal/arm64/e6072d4f65d7061329687fe24e3d63a7-common-args.resp
    
    builtin-ScanDependencies -o /Users/khanghnguyen/Library/Developer/Xcode/DerivedData/Wishie-gavmeupfwiyxzhaiqkwzocyeeixy/Build/Intermediates.noindex/Firebase.build/Debug-iphoneos/FirebaseCore.build/Objects-normal/arm64/FIROptions.o.scan -- /Applications/Xcode.app/Contents/Developer/Toolchains/XcodeDefault.xctoolchain/usr/bin/clang -x objective-c -ivfsstatcache /Users/khanghnguyen/Library/Developer/Xcode/DerivedData/SDKStatCaches.noindex/iphoneos26.2-23C57-3794476bd08197c3e2abd9bb477ef7f7.sdkstatcache -fmessage-length\=0 -fdiagnostics-show-note-include-stack -fmacro-backtrace-limit\=0 -fno-color-diagnostics -fmodules-prune-interval\=86400 -fmodules-prune-after\=345600 -fbuild-session-file\=/Users/khanghnguyen/Library/Developer/Xcode/DerivedData/ModuleCache.noindex/Session.modulevalidation -fmodules-validate-once-per-build-session -Wnon-modular-include-in-framework-module -Werror\=non-modular-include-in-framework-module -Wno-trigraphs -Wno-missing-field-initializers -Wno-missing-prototypes -Wno-return-type -Wno-implicit-atomic-properties -Wno-objc-interface-ivars -Wno-arc-repeated-use-of-weak -Wno-missing-braces -Wparentheses -Wswitch -Wno-unused-function -Wno-unused-label -Wno-unused-parameter -Wno-unused-variable -Wunused-value -Wno-empty-body -Wno-uninitialized -Wno-unknown-pragmas -w -Wno-shadow -Wno-four-char-constants -Wno-conversion -Wno-constant-conversion -Wno-int-conversion -Wno-bool-conversion -Wno-enum-conversion -Wno-float-conversion -Wno-non-literal-null-conversion -Wno-objc-literal-conversion -Wshorten-64-to-32 -Wpointer-sign -Wno-newline-eof -Wno-selector -Wno-strict-selector-match -Wno-undeclared-selector -Wno-deprecated-implementations -Wno-implicit-fallthrough -fstrict-aliasing -Wprotocol -Wdeprecated-declarations -Wno-sign-conversion -Wno-infinite-recursion -Wno-comma -Wno-block-capture-autoreleasing -Wno-strict-prototypes -Wno-semicolon-before-method-body -index-store-path /Users/khanghnguyen/Library/Developer/Xcode/DerivedData/Wishie-gavmeupfwiyxzhaiqkwzocyeeixy/Index.noindex/DataStore @/Users/khanghnguyen/Library/Developer/Xcode/DerivedData/Wishie-gavmeupfwiyxzhaiqkwzocyeeixy/Build/Intermediates.noindex/Firebase.build/Debug-iphoneos/FirebaseCore.build/Objects-normal/arm64/e6072d4f65d7061329687fe24e3d63a7-common-args.resp -include /Users/khanghnguyen/Library/Developer/Xcode/DerivedData/Wishie-gavmeupfwiyxzhaiqkwzocyeeixy/Build/Intermediates.noindex/Firebase.build/Debug-iphoneos/FirebaseCore.build/DerivedSources/resource_bundle_accessor.h -MMD -MT dependencies -MF /Users/khanghnguyen/Library/Developer/Xcode/DerivedData/Wishie-gavmeupfwiyxzhaiqkwzocyeeixy/Build/Intermediates.noindex/Firebase.build/Debug-iphoneos/FirebaseCore.build/Objects-normal/arm64/FIROptions.d --serialize-diagnostics /Users/khanghnguyen/Library/Developer/Xcode/DerivedData/Wishie-gavmeupfwiyxzhaiqkwzocyeeixy/Build/Intermediates.noindex/Firebase.build/Debug-iphoneos/FirebaseCore.build/Objects-normal/arm64/FIROptions.dia -c /Users/khanghnguyen/Library/Developer/Xcode/DerivedData/Wishie-gavmeupfwiyxzhaiqkwzocyeeixy/SourcePackages/checkouts/firebase-ios-sdk/FirebaseCore/Sources/FIROptions.m -o /Users/khanghnguyen/Library/Developer/Xcode/DerivedData/Wishie-gavmeupfwiyxzhaiqkwzocyeeixy/Build/Intermediates.noindex/Firebase.build/Debug-iphoneos/FirebaseCore.build/Objects-normal/arm64/FIROptions.o -index-unit-output-path /Firebase.build/Debug-iphoneos/FirebaseCore.build/Objects-normal/arm64/FIROptions.o

ScanDependencies /Users/khanghnguyen/Library/Developer/Xcode/DerivedData/Wishie-gavmeupfwiyxzhaiqkwzocyeeixy/Build/Intermediates.noindex/Firebase.build/Debug-iphoneos/FirebaseCore.build/Objects-normal/arm64/FIRLogger.o /Users/khanghnguyen/Library/Developer/Xcode/DerivedData/Wishie-gavmeupfwiyxzhaiqkwzocyeeixy/SourcePackages/checkouts/firebase-ios-sdk/FirebaseCore/Sources/FIRLogger.m normal arm64 objective-c com.apple.compilers.llvm.clang.1_0.compiler (in target 'FirebaseCore' from project 'Firebase')
    cd /Users/khanghnguyen/Downloads/Wishie/Wishie.xcodeproj
    
    Using response file: /Users/khanghnguyen/Library/Developer/Xcode/DerivedData/Wishie-gavmeupfwiyxzhaiqkwzocyeeixy/Build/Intermediates.noindex/Firebase.build/Debug-iphoneos/FirebaseCore.build/Objects-normal/arm64/e6072d4f65d7061329687fe24e3d63a7-common-args.resp
    
    builtin-ScanDependencies -o /Users/khanghnguyen/Library/Developer/Xcode/DerivedData/Wishie-gavmeupfwiyxzhaiqkwzocyeeixy/Build/Intermediates.noindex/Firebase.build/Debug-iphoneos/FirebaseCore.build/Objects-normal/arm64/FIRLogger.o.scan -- /Applications/Xcode.app/Contents/Developer/Toolchains/XcodeDefault.xctoolchain/usr/bin/clang -x objective-c -ivfsstatcache /Users/khanghnguyen/Library/Developer/Xcode/DerivedData/SDKStatCaches.noindex/iphoneos26.2-23C57-3794476bd08197c3e2abd9bb477ef7f7.sdkstatcache -fmessage-length\=0 -fdiagnostics-show-note-include-stack -fmacro-backtrace-limit\=0 -fno-color-diagnostics -fmodules-prune-interval\=86400 -fmodules-prune-after\=345600 -fbuild-session-file\=/Users/khanghnguyen/Library/Developer/Xcode/DerivedData/ModuleCache.noindex/Session.modulevalidation -fmodules-validate-once-per-build-session -Wnon-modular-include-in-framework-module -Werror\=non-modular-include-in-framework-module -Wno-trigraphs -Wno-missing-field-initializers -Wno-missing-prototypes -Wno-return-type -Wno-implicit-atomic-properties -Wno-objc-interface-ivars -Wno-arc-repeated-use-of-weak -Wno-missing-braces -Wparentheses -Wswitch -Wno-unused-function -Wno-unused-label -Wno-unused-parameter -Wno-unused-variable -Wunused-value -Wno-empty-body -Wno-uninitialized -Wno-unknown-pragmas -w -Wno-shadow -Wno-four-char-constants -Wno-conversion -Wno-constant-conversion -Wno-int-conversion -Wno-bool-conversion -Wno-enum-conversion -Wno-float-conversion -Wno-non-literal-null-conversion -Wno-objc-literal-conversion -Wshorten-64-to-32 -Wpointer-sign -Wno-newline-eof -Wno-selector -Wno-strict-selector-match -Wno-undeclared-selector -Wno-deprecated-implementations -Wno-implicit-fallthrough -fstrict-aliasing -Wprotocol -Wdeprecated-declarations -Wno-sign-conversion -Wno-infinite-recursion -Wno-comma -Wno-block-capture-autoreleasing -Wno-strict-prototypes -Wno-semicolon-before-method-body -index-store-path /Users/khanghnguyen/Library/Developer/Xcode/DerivedData/Wishie-gavmeupfwiyxzhaiqkwzocyeeixy/Index.noindex/DataStore @/Users/khanghnguyen/Library/Developer/Xcode/DerivedData/Wishie-gavmeupfwiyxzhaiqkwzocyeeixy/Build/Intermediates.noindex/Firebase.build/Debug-iphoneos/FirebaseCore.build/Objects-normal/arm64/e6072d4f65d7061329687fe24e3d63a7-common-args.resp -include /Users/khanghnguyen/Library/Developer/Xcode/DerivedData/Wishie-gavmeupfwiyxzhaiqkwzocyeeixy/Build/Intermediates.noindex/Firebase.build/Debug-iphoneos/FirebaseCore.build/DerivedSources/resource_bundle_accessor.h -MMD -MT dependencies -MF /Users/khanghnguyen/Library/Developer/Xcode/DerivedData/Wishie-gavmeupfwiyxzhaiqkwzocyeeixy/Build/Intermediates.noindex/Firebase.build/Debug-iphoneos/FirebaseCore.build/Objects-normal/arm64/FIRLogger.d --serialize-diagnostics /Users/khanghnguyen/Library/Developer/Xcode/DerivedData/Wishie-gavmeupfwiyxzhaiqkwzocyeeixy/Build/Intermediates.noindex/Firebase.build/Debug-iphoneos/FirebaseCore.build/Objects-normal/arm64/FIRLogger.dia -c /Users/khanghnguyen/Library/Developer/Xcode/DerivedData/Wishie-gavmeupfwiyxzhaiqkwzocyeeixy/SourcePackages/checkouts/firebase-ios-sdk/FirebaseCore/Sources/FIRLogger.m -o /Users/khanghnguyen/Library/Developer/Xcode/DerivedData/Wishie-gavmeupfwiyxzhaiqkwzocyeeixy/Build/Intermediates.noindex/Firebase.build/Debug-iphoneos/FirebaseCore.build/Objects-normal/arm64/FIRLogger.o -index-unit-output-path /Firebase.build/Debug-iphoneos/FirebaseCore.build/Objects-normal/arm64/FIRLogger.o

ScanDependencies /Users/khanghnguyen/Library/Developer/Xcode/DerivedData/Wishie-gavmeupfwiyxzhaiqkwzocyeeixy/Build/Intermediates.noindex/Firebase.build/Debug-iphoneos/FirebaseCore.build/Objects-normal/arm64/FIRHeartbeatLogger.o /Users/khanghnguyen/Library/Developer/Xcode/DerivedData/Wishie-gavmeupfwiyxzhaiqkwzocyeeixy/SourcePackages/checkouts/firebase-ios-sdk/FirebaseCore/Sources/FIRHeartbeatLogger.m normal arm64 objective-c com.apple.compilers.llvm.clang.1_0.compiler (in target 'FirebaseCore' from project 'Firebase')
    cd /Users/khanghnguyen/Downloads/Wishie/Wishie.xcodeproj
    
    Using response file: /Users/khanghnguyen/Library/Developer/Xcode/DerivedData/Wishie-gavmeupfwiyxzhaiqkwzocyeeixy/Build/Intermediates.noindex/Firebase.build/Debug-iphoneos/FirebaseCore.build/Objects-normal/arm64/e6072d4f65d7061329687fe24e3d63a7-common-args.resp
    
    builtin-ScanDependencies -o /Users/khanghnguyen/Library/Developer/Xcode/DerivedData/Wishie-gavmeupfwiyxzhaiqkwzocyeeixy/Build/Intermediates.noindex/Firebase.build/Debug-iphoneos/FirebaseCore.build/Objects-normal/arm64/FIRHeartbeatLogger.o.scan -- /Applications/Xcode.app/Contents/Developer/Toolchains/XcodeDefault.xctoolchain/usr/bin/clang -x objective-c -ivfsstatcache /Users/khanghnguyen/Library/Developer/Xcode/DerivedData/SDKStatCaches.noindex/iphoneos26.2-23C57-3794476bd08197c3e2abd9bb477ef7f7.sdkstatcache -fmessage-length\=0 -fdiagnostics-show-note-include-stack -fmacro-backtrace-limit\=0 -fno-color-diagnostics -fmodules-prune-interval\=86400 -fmodules-prune-after\=345600 -fbuild-session-file\=/Users/khanghnguyen/Library/Developer/Xcode/DerivedData/ModuleCache.noindex/Session.modulevalidation -fmodules-validate-once-per-build-session -Wnon-modular-include-in-framework-module -Werror\=non-modular-include-in-framework-module -Wno-trigraphs -Wno-missing-field-initializers -Wno-missing-prototypes -Wno-return-type -Wno-implicit-atomic-properties -Wno-objc-interface-ivars -Wno-arc-repeated-use-of-weak -Wno-missing-braces -Wparentheses -Wswitch -Wno-unused-function -Wno-unused-label -Wno-unused-parameter -Wno-unused-variable -Wunused-value -Wno-empty-body -Wno-uninitialized -Wno-unknown-pragmas -w -Wno-shadow -Wno-four-char-constants -Wno-conversion -Wno-constant-conversion -Wno-int-conversion -Wno-bool-conversion -Wno-enum-conversion -Wno-float-conversion -Wno-non-literal-null-conversion -Wno-objc-literal-conversion -Wshorten-64-to-32 -Wpointer-sign -Wno-newline-eof -Wno-selector -Wno-strict-selector-match -Wno-undeclared-selector -Wno-deprecated-implementations -Wno-implicit-fallthrough -fstrict-aliasing -Wprotocol -Wdeprecated-declarations -Wno-sign-conversion -Wno-infinite-recursion -Wno-comma -Wno-block-capture-autoreleasing -Wno-strict-prototypes -Wno-semicolon-before-method-body -index-store-path /Users/khanghnguyen/Library/Developer/Xcode/DerivedData/Wishie-gavmeupfwiyxzhaiqkwzocyeeixy/Index.noindex/DataStore @/Users/khanghnguyen/Library/Developer/Xcode/DerivedData/Wishie-gavmeupfwiyxzhaiqkwzocyeeixy/Build/Intermediates.noindex/Firebase.build/Debug-iphoneos/FirebaseCore.build/Objects-normal/arm64/e6072d4f65d7061329687fe24e3d63a7-common-args.resp -include /Users/khanghnguyen/Library/Developer/Xcode/DerivedData/Wishie-gavmeupfwiyxzhaiqkwzocyeeixy/Build/Intermediates.noindex/Firebase.build/Debug-iphoneos/FirebaseCore.build/DerivedSources/resource_bundle_accessor.h -MMD -MT dependencies -MF /Users/khanghnguyen/Library/Developer/Xcode/DerivedData/Wishie-gavmeupfwiyxzhaiqkwzocyeeixy/Build/Intermediates.noindex/Firebase.build/Debug-iphoneos/FirebaseCore.build/Objects-normal/arm64/FIRHeartbeatLogger.d --serialize-diagnostics /Users/khanghnguyen/Library/Developer/Xcode/DerivedData/Wishie-gavmeupfwiyxzhaiqkwzocyeeixy/Build/Intermediates.noindex/Firebase.build/Debug-iphoneos/FirebaseCore.build/Objects-normal/arm64/FIRHeartbeatLogger.dia -c /Users/khanghnguyen/Library/Developer/Xcode/DerivedData/Wishie-gavmeupfwiyxzhaiqkwzocyeeixy/SourcePackages/checkouts/firebase-ios-sdk/FirebaseCore/Sources/FIRHeartbeatLogger.m -o /Users/khanghnguyen/Library/Developer/Xcode/DerivedData/Wishie-gavmeupfwiyxzhaiqkwzocyeeixy/Build/Intermediates.noindex/Firebase.build/Debug-iphoneos/FirebaseCore.build/Objects-normal/arm64/FIRHeartbeatLogger.o -index-unit-output-path /Firebase.build/Debug-iphoneos/FirebaseCore.build/Objects-normal/arm64/FIRHeartbeatLogger.o

ScanDependencies /Users/khanghnguyen/Library/Developer/Xcode/DerivedData/Wishie-gavmeupfwiyxzhaiqkwzocyeeixy/Build/Intermediates.noindex/Firebase.build/Debug-iphoneos/FirebaseCore.build/Objects-normal/arm64/FIRFirebaseUserAgent.o /Users/khanghnguyen/Library/Developer/Xcode/DerivedData/Wishie-gavmeupfwiyxzhaiqkwzocyeeixy/SourcePackages/checkouts/firebase-ios-sdk/FirebaseCore/Sources/FIRFirebaseUserAgent.m normal arm64 objective-c com.apple.compilers.llvm.clang.1_0.compiler (in target 'FirebaseCore' from project 'Firebase')
    cd /Users/khanghnguyen/Downloads/Wishie/Wishie.xcodeproj
    
    Using response file: /Users/khanghnguyen/Library/Developer/Xcode/DerivedData/Wishie-gavmeupfwiyxzhaiqkwzocyeeixy/Build/Intermediates.noindex/Firebase.build/Debug-iphoneos/FirebaseCore.build/Objects-normal/arm64/e6072d4f65d7061329687fe24e3d63a7-common-args.resp
    
    builtin-ScanDependencies -o /Users/khanghnguyen/Library/Developer/Xcode/DerivedData/Wishie-gavmeupfwiyxzhaiqkwzocyeeixy/Build/Intermediates.noindex/Firebase.build/Debug-iphoneos/FirebaseCore.build/Objects-normal/arm64/FIRFirebaseUserAgent.o.scan -- /Applications/Xcode.app/Contents/Developer/Toolchains/XcodeDefault.xctoolchain/usr/bin/clang -x objective-c -ivfsstatcache /Users/khanghnguyen/Library/Developer/Xcode/DerivedData/SDKStatCaches.noindex/iphoneos26.2-23C57-3794476bd08197c3e2abd9bb477ef7f7.sdkstatcache -fmessage-length\=0 -fdiagnostics-show-note-include-stack -fmacro-backtrace-limit\=0 -fno-color-diagnostics -fmodules-prune-interval\=86400 -fmodules-prune-after\=345600 -fbuild-session-file\=/Users/khanghnguyen/Library/Developer/Xcode/DerivedData/ModuleCache.noindex/Session.modulevalidation -fmodules-validate-once-per-build-session -Wnon-modular-include-in-framework-module -Werror\=non-modular-include-in-framework-module -Wno-trigraphs -Wno-missing-field-initializers -Wno-missing-prototypes -Wno-return-type -Wno-implicit-atomic-properties -Wno-objc-interface-ivars -Wno-arc-repeated-use-of-weak -Wno-missing-braces -Wparentheses -Wswitch -Wno-unused-function -Wno-unused-label -Wno-unused-parameter -Wno-unused-variable -Wunused-value -Wno-empty-body -Wno-uninitialized -Wno-unknown-pragmas -w -Wno-shadow -Wno-four-char-constants -Wno-conversion -Wno-constant-conversion -Wno-int-conversion -Wno-bool-conversion -Wno-enum-conversion -Wno-float-conversion -Wno-non-literal-null-conversion -Wno-objc-literal-conversion -Wshorten-64-to-32 -Wpointer-sign -Wno-newline-eof -Wno-selector -Wno-strict-selector-match -Wno-undeclared-selector -Wno-deprecated-implementations -Wno-implicit-fallthrough -fstrict-aliasing -Wprotocol -Wdeprecated-declarations -Wno-sign-conversion -Wno-infinite-recursion -Wno-comma -Wno-block-capture-autoreleasing -Wno-strict-prototypes -Wno-semicolon-before-method-body -index-store-path /Users/khanghnguyen/Library/Developer/Xcode/DerivedData/Wishie-gavmeupfwiyxzhaiqkwzocyeeixy/Index.noindex/DataStore @/Users/khanghnguyen/Library/Developer/Xcode/DerivedData/Wishie-gavmeupfwiyxzhaiqkwzocyeeixy/Build/Intermediates.noindex/Firebase.build/Debug-iphoneos/FirebaseCore.build/Objects-normal/arm64/e6072d4f65d7061329687fe24e3d63a7-common-args.resp -include /Users/khanghnguyen/Library/Developer/Xcode/DerivedData/Wishie-gavmeupfwiyxzhaiqkwzocyeeixy/Build/Intermediates.noindex/Firebase.build/Debug-iphoneos/FirebaseCore.build/DerivedSources/resource_bundle_accessor.h -MMD -MT dependencies -MF /Users/khanghnguyen/Library/Developer/Xcode/DerivedData/Wishie-gavmeupfwiyxzhaiqkwzocyeeixy/Build/Intermediates.noindex/Firebase.build/Debug-iphoneos/FirebaseCore.build/Objects-normal/arm64/FIRFirebaseUserAgent.d --serialize-diagnostics /Users/khanghnguyen/Library/Developer/Xcode/DerivedData/Wishie-gavmeupfwiyxzhaiqkwzocyeeixy/Build/Intermediates.noindex/Firebase.build/Debug-iphoneos/FirebaseCore.build/Objects-normal/arm64/FIRFirebaseUserAgent.dia -c /Users/khanghnguyen/Library/Developer/Xcode/DerivedData/Wishie-gavmeupfwiyxzhaiqkwzocyeeixy/SourcePackages/checkouts/firebase-ios-sdk/FirebaseCore/Sources/FIRFirebaseUserAgent.m -o /Users/khanghnguyen/Library/Developer/Xcode/DerivedData/Wishie-gavmeupfwiyxzhaiqkwzocyeeixy/Build/Intermediates.noindex/Firebase.build/Debug-iphoneos/FirebaseCore.build/Objects-normal/arm64/FIRFirebaseUserAgent.o -index-unit-output-path /Firebase.build/Debug-iphoneos/FirebaseCore.build/Objects-normal/arm64/FIRFirebaseUserAgent.o

ScanDependencies /Users/khanghnguyen/Library/Developer/Xcode/DerivedData/Wishie-gavmeupfwiyxzhaiqkwzocyeeixy/Build/Intermediates.noindex/Firebase.build/Debug-iphoneos/FirebaseCore.build/Objects-normal/arm64/FIRConfiguration.o /Users/khanghnguyen/Library/Developer/Xcode/DerivedData/Wishie-gavmeupfwiyxzhaiqkwzocyeeixy/SourcePackages/checkouts/firebase-ios-sdk/FirebaseCore/Sources/FIRConfiguration.m normal arm64 objective-c com.apple.compilers.llvm.clang.1_0.compiler (in target 'FirebaseCore' from project 'Firebase')
    cd /Users/khanghnguyen/Downloads/Wishie/Wishie.xcodeproj
    
    Using response file: /Users/khanghnguyen/Library/Developer/Xcode/DerivedData/Wishie-gavmeupfwiyxzhaiqkwzocyeeixy/Build/Intermediates.noindex/Firebase.build/Debug-iphoneos/FirebaseCore.build/Objects-normal/arm64/e6072d4f65d7061329687fe24e3d63a7-common-args.resp
    
    builtin-ScanDependencies -o /Users/khanghnguyen/Library/Developer/Xcode/DerivedData/Wishie-gavmeupfwiyxzhaiqkwzocyeeixy/Build/Intermediates.noindex/Firebase.build/Debug-iphoneos/FirebaseCore.build/Objects-normal/arm64/FIRConfiguration.o.scan -- /Applications/Xcode.app/Contents/Developer/Toolchains/XcodeDefault.xctoolchain/usr/bin/clang -x objective-c -ivfsstatcache /Users/khanghnguyen/Library/Developer/Xcode/DerivedData/SDKStatCaches.noindex/iphoneos26.2-23C57-3794476bd08197c3e2abd9bb477ef7f7.sdkstatcache -fmessage-length\=0 -fdiagnostics-show-note-include-stack -fmacro-backtrace-limit\=0 -fno-color-diagnostics -fmodules-prune-interval\=86400 -fmodules-prune-after\=345600 -fbuild-session-file\=/Users/khanghnguyen/Library/Developer/Xcode/DerivedData/ModuleCache.noindex/Session.modulevalidation -fmodules-validate-once-per-build-session -Wnon-modular-include-in-framework-module -Werror\=non-modular-include-in-framework-module -Wno-trigraphs -Wno-missing-field-initializers -Wno-missing-prototypes -Wno-return-type -Wno-implicit-atomic-properties -Wno-objc-interface-ivars -Wno-arc-repeated-use-of-weak -Wno-missing-braces -Wparentheses -Wswitch -Wno-unused-function -Wno-unused-label -Wno-unused-parameter -Wno-unused-variable -Wunused-value -Wno-empty-body -Wno-uninitialized -Wno-unknown-pragmas -w -Wno-shadow -Wno-four-char-constants -Wno-conversion -Wno-constant-conversion -Wno-int-conversion -Wno-bool-conversion -Wno-enum-conversion -Wno-float-conversion -Wno-non-literal-null-conversion -Wno-objc-literal-conversion -Wshorten-64-to-32 -Wpointer-sign -Wno-newline-eof -Wno-selector -Wno-strict-selector-match -Wno-undeclared-selector -Wno-deprecated-implementations -Wno-implicit-fallthrough -fstrict-aliasing -Wprotocol -Wdeprecated-declarations -Wno-sign-conversion -Wno-infinite-recursion -Wno-comma -Wno-block-capture-autoreleasing -Wno-strict-prototypes -Wno-semicolon-before-method-body -index-store-path /Users/khanghnguyen/Library/Developer/Xcode/DerivedData/Wishie-gavmeupfwiyxzhaiqkwzocyeeixy/Index.noindex/DataStore @/Users/khanghnguyen/Library/Developer/Xcode/DerivedData/Wishie-gavmeupfwiyxzhaiqkwzocyeeixy/Build/Intermediates.noindex/Firebase.build/Debug-iphoneos/FirebaseCore.build/Objects-normal/arm64/e6072d4f65d7061329687fe24e3d63a7-common-args.resp -include /Users/khanghnguyen/Library/Developer/Xcode/DerivedData/Wishie-gavmeupfwiyxzhaiqkwzocyeeixy/Build/Intermediates.noindex/Firebase.build/Debug-iphoneos/FirebaseCore.build/DerivedSources/resource_bundle_accessor.h -MMD -MT dependencies -MF /Users/khanghnguyen/Library/Developer/Xcode/DerivedData/Wishie-gavmeupfwiyxzhaiqkwzocyeeixy/Build/Intermediates.noindex/Firebase.build/Debug-iphoneos/FirebaseCore.build/Objects-normal/arm64/FIRConfiguration.d --serialize-diagnostics /Users/khanghnguyen/Library/Developer/Xcode/DerivedData/Wishie-gavmeupfwiyxzhaiqkwzocyeeixy/Build/Intermediates.noindex/Firebase.build/Debug-iphoneos/FirebaseCore.build/Objects-normal/arm64/FIRConfiguration.dia -c /Users/khanghnguyen/Library/Developer/Xcode/DerivedData/Wishie-gavmeupfwiyxzhaiqkwzocyeeixy/SourcePackages/checkouts/firebase-ios-sdk/FirebaseCore/Sources/FIRConfiguration.m -o /Users/khanghnguyen/Library/Developer/Xcode/DerivedData/Wishie-gavmeupfwiyxzhaiqkwzocyeeixy/Build/Intermediates.noindex/Firebase.build/Debug-iphoneos/FirebaseCore.build/Objects-normal/arm64/FIRConfiguration.o -index-unit-output-path /Firebase.build/Debug-iphoneos/FirebaseCore.build/Objects-normal/arm64/FIRConfiguration.o

ScanDependencies /Users/khanghnguyen/Library/Developer/Xcode/DerivedData/Wishie-gavmeupfwiyxzhaiqkwzocyeeixy/Build/Intermediates.noindex/Firebase.build/Debug-iphoneos/FirebaseCore.build/Objects-normal/arm64/FIRComponentType.o /Users/khanghnguyen/Library/Developer/Xcode/DerivedData/Wishie-gavmeupfwiyxzhaiqkwzocyeeixy/SourcePackages/checkouts/firebase-ios-sdk/FirebaseCore/Sources/FIRComponentType.m normal arm64 objective-c com.apple.compilers.llvm.clang.1_0.compiler (in target 'FirebaseCore' from project 'Firebase')
    cd /Users/khanghnguyen/Downloads/Wishie/Wishie.xcodeproj
    
    Using response file: /Users/khanghnguyen/Library/Developer/Xcode/DerivedData/Wishie-gavmeupfwiyxzhaiqkwzocyeeixy/Build/Intermediates.noindex/Firebase.build/Debug-iphoneos/FirebaseCore.build/Objects-normal/arm64/e6072d4f65d7061329687fe24e3d63a7-common-args.resp
    
    builtin-ScanDependencies -o /Users/khanghnguyen/Library/Developer/Xcode/DerivedData/Wishie-gavmeupfwiyxzhaiqkwzocyeeixy/Build/Intermediates.noindex/Firebase.build/Debug-iphoneos/FirebaseCore.build/Objects-normal/arm64/FIRComponentType.o.scan -- /Applications/Xcode.app/Contents/Developer/Toolchains/XcodeDefault.xctoolchain/usr/bin/clang -x objective-c -ivfsstatcache /Users/khanghnguyen/Library/Developer/Xcode/DerivedData/SDKStatCaches.noindex/iphoneos26.2-23C57-3794476bd08197c3e2abd9bb477ef7f7.sdkstatcache -fmessage-length\=0 -fdiagnostics-show-note-include-stack -fmacro-backtrace-limit\=0 -fno-color-diagnostics -fmodules-prune-interval\=86400 -fmodules-prune-after\=345600 -fbuild-session-file\=/Users/khanghnguyen/Library/Developer/Xcode/DerivedData/ModuleCache.noindex/Session.modulevalidation -fmodules-validate-once-per-build-session -Wnon-modular-include-in-framework-module -Werror\=non-modular-include-in-framework-module -Wno-trigraphs -Wno-missing-field-initializers -Wno-missing-prototypes -Wno-return-type -Wno-implicit-atomic-properties -Wno-objc-interface-ivars -Wno-arc-repeated-use-of-weak -Wno-missing-braces -Wparentheses -Wswitch -Wno-unused-function -Wno-unused-label -Wno-unused-parameter -Wno-unused-variable -Wunused-value -Wno-empty-body -Wno-uninitialized -Wno-unknown-pragmas -w -Wno-shadow -Wno-four-char-constants -Wno-conversion -Wno-constant-conversion -Wno-int-conversion -Wno-bool-conversion -Wno-enum-conversion -Wno-float-conversion -Wno-non-literal-null-conversion -Wno-objc-literal-conversion -Wshorten-64-to-32 -Wpointer-sign -Wno-newline-eof -Wno-selector -Wno-strict-selector-match -Wno-undeclared-selector -Wno-deprecated-implementations -Wno-implicit-fallthrough -fstrict-aliasing -Wprotocol -Wdeprecated-declarations -Wno-sign-conversion -Wno-infinite-recursion -Wno-comma -Wno-block-capture-autoreleasing -Wno-strict-prototypes -Wno-semicolon-before-method-body -index-store-path /Users/khanghnguyen/Library/Developer/Xcode/DerivedData/Wishie-gavmeupfwiyxzhaiqkwzocyeeixy/Index.noindex/DataStore @/Users/khanghnguyen/Library/Developer/Xcode/DerivedData/Wishie-gavmeupfwiyxzhaiqkwzocyeeixy/Build/Intermediates.noindex/Firebase.build/Debug-iphoneos/FirebaseCore.build/Objects-normal/arm64/e6072d4f65d7061329687fe24e3d63a7-common-args.resp -include /Users/khanghnguyen/Library/Developer/Xcode/DerivedData/Wishie-gavmeupfwiyxzhaiqkwzocyeeixy/Build/Intermediates.noindex/Firebase.build/Debug-iphoneos/FirebaseCore.build/DerivedSources/resource_bundle_accessor.h -MMD -MT dependencies -MF /Users/khanghnguyen/Library/Developer/Xcode/DerivedData/Wishie-gavmeupfwiyxzhaiqkwzocyeeixy/Build/Intermediates.noindex/Firebase.build/Debug-iphoneos/FirebaseCore.build/Objects-normal/arm64/FIRComponentType.d --serialize-diagnostics /Users/khanghnguyen/Library/Developer/Xcode/DerivedData/Wishie-gavmeupfwiyxzhaiqkwzocyeeixy/Build/Intermediates.noindex/Firebase.build/Debug-iphoneos/FirebaseCore.build/Objects-normal/arm64/FIRComponentType.dia -c /Users/khanghnguyen/Library/Developer/Xcode/DerivedData/Wishie-gavmeupfwiyxzhaiqkwzocyeeixy/SourcePackages/checkouts/firebase-ios-sdk/FirebaseCore/Sources/FIRComponentType.m -o /Users/khanghnguyen/Library/Developer/Xcode/DerivedData/Wishie-gavmeupfwiyxzhaiqkwzocyeeixy/Build/Intermediates.noindex/Firebase.build/Debug-iphoneos/FirebaseCore.build/Objects-normal/arm64/FIRComponentType.o -index-unit-output-path /Firebase.build/Debug-iphoneos/FirebaseCore.build/Objects-normal/arm64/FIRComponentType.o

ScanDependencies /Users/khanghnguyen/Library/Developer/Xcode/DerivedData/Wishie-gavmeupfwiyxzhaiqkwzocyeeixy/Build/Intermediates.noindex/Firebase.build/Debug-iphoneos/FirebaseCore.build/Objects-normal/arm64/FIRComponentContainer.o /Users/khanghnguyen/Library/Developer/Xcode/DerivedData/Wishie-gavmeupfwiyxzhaiqkwzocyeeixy/SourcePackages/checkouts/firebase-ios-sdk/FirebaseCore/Sources/FIRComponentContainer.m normal arm64 objective-c com.apple.compilers.llvm.clang.1_0.compiler (in target 'FirebaseCore' from project 'Firebase')
    cd /Users/khanghnguyen/Downloads/Wishie/Wishie.xcodeproj
    
    Using response file: /Users/khanghnguyen/Library/Developer/Xcode/DerivedData/Wishie-gavmeupfwiyxzhaiqkwzocyeeixy/Build/Intermediates.noindex/Firebase.build/Debug-iphoneos/FirebaseCore.build/Objects-normal/arm64/e6072d4f65d7061329687fe24e3d63a7-common-args.resp
    
    builtin-ScanDependencies -o /Users/khanghnguyen/Library/Developer/Xcode/DerivedData/Wishie-gavmeupfwiyxzhaiqkwzocyeeixy/Build/Intermediates.noindex/Firebase.build/Debug-iphoneos/FirebaseCore.build/Objects-normal/arm64/FIRComponentContainer.o.scan -- /Applications/Xcode.app/Contents/Developer/Toolchains/XcodeDefault.xctoolchain/usr/bin/clang -x objective-c -ivfsstatcache /Users/khanghnguyen/Library/Developer/Xcode/DerivedData/SDKStatCaches.noindex/iphoneos26.2-23C57-3794476bd08197c3e2abd9bb477ef7f7.sdkstatcache -fmessage-length\=0 -fdiagnostics-show-note-include-stack -fmacro-backtrace-limit\=0 -fno-color-diagnostics -fmodules-prune-interval\=86400 -fmodules-prune-after\=345600 -fbuild-session-file\=/Users/khanghnguyen/Library/Developer/Xcode/DerivedData/ModuleCache.noindex/Session.modulevalidation -fmodules-validate-once-per-build-session -Wnon-modular-include-in-framework-module -Werror\=non-modular-include-in-framework-module -Wno-trigraphs -Wno-missing-field-initializers -Wno-missing-prototypes -Wno-return-type -Wno-implicit-atomic-properties -Wno-objc-interface-ivars -Wno-arc-repeated-use-of-weak -Wno-missing-braces -Wparentheses -Wswitch -Wno-unused-function -Wno-unused-label -Wno-unused-parameter -Wno-unused-variable -Wunused-value -Wno-empty-body -Wno-uninitialized -Wno-unknown-pragmas -w -Wno-shadow -Wno-four-char-constants -Wno-conversion -Wno-constant-conversion -Wno-int-conversion -Wno-bool-conversion -Wno-enum-conversion -Wno-float-conversion -Wno-non-literal-null-conversion -Wno-objc-literal-conversion -Wshorten-64-to-32 -Wpointer-sign -Wno-newline-eof -Wno-selector -Wno-strict-selector-match -Wno-undeclared-selector -Wno-deprecated-implementations -Wno-implicit-fallthrough -fstrict-aliasing -Wprotocol -Wdeprecated-declarations -Wno-sign-conversion -Wno-infinite-recursion -Wno-comma -Wno-block-capture-autoreleasing -Wno-strict-prototypes -Wno-semicolon-before-method-body -index-store-path /Users/khanghnguyen/Library/Developer/Xcode/DerivedData/Wishie-gavmeupfwiyxzhaiqkwzocyeeixy/Index.noindex/DataStore @/Users/khanghnguyen/Library/Developer/Xcode/DerivedData/Wishie-gavmeupfwiyxzhaiqkwzocyeeixy/Build/Intermediates.noindex/Firebase.build/Debug-iphoneos/FirebaseCore.build/Objects-normal/arm64/e6072d4f65d7061329687fe24e3d63a7-common-args.resp -include /Users/khanghnguyen/Library/Developer/Xcode/DerivedData/Wishie-gavmeupfwiyxzhaiqkwzocyeeixy/Build/Intermediates.noindex/Firebase.build/Debug-iphoneos/FirebaseCore.build/DerivedSources/resource_bundle_accessor.h -MMD -MT dependencies -MF /Users/khanghnguyen/Library/Developer/Xcode/DerivedData/Wishie-gavmeupfwiyxzhaiqkwzocyeeixy/Build/Intermediates.noindex/Firebase.build/Debug-iphoneos/FirebaseCore.build/Objects-normal/arm64/FIRComponentContainer.d --serialize-diagnostics /Users/khanghnguyen/Library/Developer/Xcode/DerivedData/Wishie-gavmeupfwiyxzhaiqkwzocyeeixy/Build/Intermediates.noindex/Firebase.build/Debug-iphoneos/FirebaseCore.build/Objects-normal/arm64/FIRComponentContainer.dia -c /Users/khanghnguyen/Library/Developer/Xcode/DerivedData/Wishie-gavmeupfwiyxzhaiqkwzocyeeixy/SourcePackages/checkouts/firebase-ios-sdk/FirebaseCore/Sources/FIRComponentContainer.m -o /Users/khanghnguyen/Library/Developer/Xcode/DerivedData/Wishie-gavmeupfwiyxzhaiqkwzocyeeixy/Build/Intermediates.noindex/Firebase.build/Debug-iphoneos/FirebaseCore.build/Objects-normal/arm64/FIRComponentContainer.o -index-unit-output-path /Firebase.build/Debug-iphoneos/FirebaseCore.build/Objects-normal/arm64/FIRComponentContainer.o

ScanDependencies /Users/khanghnguyen/Library/Developer/Xcode/DerivedData/Wishie-gavmeupfwiyxzhaiqkwzocyeeixy/Build/Intermediates.noindex/Firebase.build/Debug-iphoneos/FirebaseCore.build/Objects-normal/arm64/FIRComponent.o /Users/khanghnguyen/Library/Developer/Xcode/DerivedData/Wishie-gavmeupfwiyxzhaiqkwzocyeeixy/SourcePackages/checkouts/firebase-ios-sdk/FirebaseCore/Sources/FIRComponent.m normal arm64 objective-c com.apple.compilers.llvm.clang.1_0.compiler (in target 'FirebaseCore' from project 'Firebase')
    cd /Users/khanghnguyen/Downloads/Wishie/Wishie.xcodeproj
    
    Using response file: /Users/khanghnguyen/Library/Developer/Xcode/DerivedData/Wishie-gavmeupfwiyxzhaiqkwzocyeeixy/Build/Intermediates.noindex/Firebase.build/Debug-iphoneos/FirebaseCore.build/Objects-normal/arm64/e6072d4f65d7061329687fe24e3d63a7-common-args.resp
    
    builtin-ScanDependencies -o /Users/khanghnguyen/Library/Developer/Xcode/DerivedData/Wishie-gavmeupfwiyxzhaiqkwzocyeeixy/Build/Intermediates.noindex/Firebase.build/Debug-iphoneos/FirebaseCore.build/Objects-normal/arm64/FIRComponent.o.scan -- /Applications/Xcode.app/Contents/Developer/Toolchains/XcodeDefault.xctoolchain/usr/bin/clang -x objective-c -ivfsstatcache /Users/khanghnguyen/Library/Developer/Xcode/DerivedData/SDKStatCaches.noindex/iphoneos26.2-23C57-3794476bd08197c3e2abd9bb477ef7f7.sdkstatcache -fmessage-length\=0 -fdiagnostics-show-note-include-stack -fmacro-backtrace-limit\=0 -fno-color-diagnostics -fmodules-prune-interval\=86400 -fmodules-prune-after\=345600 -fbuild-session-file\=/Users/khanghnguyen/Library/Developer/Xcode/DerivedData/ModuleCache.noindex/Session.modulevalidation -fmodules-validate-once-per-build-session -Wnon-modular-include-in-framework-module -Werror\=non-modular-include-in-framework-module -Wno-trigraphs -Wno-missing-field-initializers -Wno-missing-prototypes -Wno-return-type -Wno-implicit-atomic-properties -Wno-objc-interface-ivars -Wno-arc-repeated-use-of-weak -Wno-missing-braces -Wparentheses -Wswitch -Wno-unused-function -Wno-unused-label -Wno-unused-parameter -Wno-unused-variable -Wunused-value -Wno-empty-body -Wno-uninitialized -Wno-unknown-pragmas -w -Wno-shadow -Wno-four-char-constants -Wno-conversion -Wno-constant-conversion -Wno-int-conversion -Wno-bool-conversion -Wno-enum-conversion -Wno-float-conversion -Wno-non-literal-null-conversion -Wno-objc-literal-conversion -Wshorten-64-to-32 -Wpointer-sign -Wno-newline-eof -Wno-selector -Wno-strict-selector-match -Wno-undeclared-selector -Wno-deprecated-implementations -Wno-implicit-fallthrough -fstrict-aliasing -Wprotocol -Wdeprecated-declarations -Wno-sign-conversion -Wno-infinite-recursion -Wno-comma -Wno-block-capture-autoreleasing -Wno-strict-prototypes -Wno-semicolon-before-method-body -index-store-path /Users/khanghnguyen/Library/Developer/Xcode/DerivedData/Wishie-gavmeupfwiyxzhaiqkwzocyeeixy/Index.noindex/DataStore @/Users/khanghnguyen/Library/Developer/Xcode/DerivedData/Wishie-gavmeupfwiyxzhaiqkwzocyeeixy/Build/Intermediates.noindex/Firebase.build/Debug-iphoneos/FirebaseCore.build/Objects-normal/arm64/e6072d4f65d7061329687fe24e3d63a7-common-args.resp -include /Users/khanghnguyen/Library/Developer/Xcode/DerivedData/Wishie-gavmeupfwiyxzhaiqkwzocyeeixy/Build/Intermediates.noindex/Firebase.build/Debug-iphoneos/FirebaseCore.build/DerivedSources/resource_bundle_accessor.h -MMD -MT dependencies -MF /Users/khanghnguyen/Library/Developer/Xcode/DerivedData/Wishie-gavmeupfwiyxzhaiqkwzocyeeixy/Build/Intermediates.noindex/Firebase.build/Debug-iphoneos/FirebaseCore.build/Objects-normal/arm64/FIRComponent.d --serialize-diagnostics /Users/khanghnguyen/Library/Developer/Xcode/DerivedData/Wishie-gavmeupfwiyxzhaiqkwzocyeeixy/Build/Intermediates.noindex/Firebase.build/Debug-iphoneos/FirebaseCore.build/Objects-normal/arm64/FIRComponent.dia -c /Users/khanghnguyen/Library/Developer/Xcode/DerivedData/Wishie-gavmeupfwiyxzhaiqkwzocyeeixy/SourcePackages/checkouts/firebase-ios-sdk/FirebaseCore/Sources/FIRComponent.m -o /Users/khanghnguyen/Library/Developer/Xcode/DerivedData/Wishie-gavmeupfwiyxzhaiqkwzocyeeixy/Build/Intermediates.noindex/Firebase.build/Debug-iphoneos/FirebaseCore.build/Objects-normal/arm64/FIRComponent.o -index-unit-output-path /Firebase.build/Debug-iphoneos/FirebaseCore.build/Objects-normal/arm64/FIRComponent.o

SwiftDriverJobDiscovery normal arm64 Compiling Deprecations.swift (in target 'XCTestDynamicOverlay' from project 'xctest-dynamic-overlay')

PrecompileModule /Users/khanghnguyen/Library/Developer/Xcode/DerivedData/Wishie-gavmeupfwiyxzhaiqkwzocyeeixy/Build/Intermediates.noindex/ExplicitPrecompiledModules/ptrcheck-5CLKU0CLJ9AINTXL15XM6GXIU.scan
    cd /
    builtin-precompileModule /Users/khanghnguyen/Library/Developer/Xcode/DerivedData/Wishie-gavmeupfwiyxzhaiqkwzocyeeixy/Build/Intermediates.noindex/ExplicitPrecompiledModules/ptrcheck-5CLKU0CLJ9AINTXL15XM6GXIU.scan

PrecompileModule /Users/khanghnguyen/Library/Developer/Xcode/DerivedData/Wishie-gavmeupfwiyxzhaiqkwzocyeeixy/Build/Intermediates.noindex/ExplicitPrecompiledModules/_AvailabilityInternal-DF30S8Z4B84VQL509U3MPFF6G.scan
    cd /
    builtin-precompileModule /Users/khanghnguyen/Library/Developer/Xcode/DerivedData/Wishie-gavmeupfwiyxzhaiqkwzocyeeixy/Build/Intermediates.noindex/ExplicitPrecompiledModules/_AvailabilityInternal-DF30S8Z4B84VQL509U3MPFF6G.scan

PrecompileModule /Users/khanghnguyen/Library/Developer/Xcode/DerivedData/Wishie-gavmeupfwiyxzhaiqkwzocyeeixy/Build/Intermediates.noindex/ExplicitPrecompiledModules/ptrauth-6BBN7TUA9Z1RH9N9YZNFT56OT.scan
    cd /
    builtin-precompileModule /Users/khanghnguyen/Library/Developer/Xcode/DerivedData/Wishie-gavmeupfwiyxzhaiqkwzocyeeixy/Build/Intermediates.noindex/ExplicitPrecompiledModules/ptrauth-6BBN7TUA9Z1RH9N9YZNFT56OT.scan

PrecompileModule /Users/khanghnguyen/Library/Developer/Xcode/DerivedData/Wishie-gavmeupfwiyxzhaiqkwzocyeeixy/Build/Intermediates.noindex/ExplicitPrecompiledModules/_Builtin_stdarg-3344DTU9NMRPB6LT0F4KR2J5U.scan
    cd /
    builtin-precompileModule /Users/khanghnguyen/Library/Developer/Xcode/DerivedData/Wishie-gavmeupfwiyxzhaiqkwzocyeeixy/Build/Intermediates.noindex/ExplicitPrecompiledModules/_Builtin_stdarg-3344DTU9NMRPB6LT0F4KR2J5U.scan

PrecompileModule /Users/khanghnguyen/Library/Developer/Xcode/DerivedData/Wishie-gavmeupfwiyxzhaiqkwzocyeeixy/Build/Intermediates.noindex/ExplicitPrecompiledModules/_Builtin_float-5GLWX99OQHURAGCDJRX4W9U1U.scan
    cd /
    builtin-precompileModule /Users/khanghnguyen/Library/Developer/Xcode/DerivedData/Wishie-gavmeupfwiyxzhaiqkwzocyeeixy/Build/Intermediates.noindex/ExplicitPrecompiledModules/_Builtin_float-5GLWX99OQHURAGCDJRX4W9U1U.scan

PrecompileModule /Users/khanghnguyen/Library/Developer/Xcode/DerivedData/Wishie-gavmeupfwiyxzhaiqkwzocyeeixy/Build/Intermediates.noindex/ExplicitPrecompiledModules/_Builtin_stddef-CJXSQ7UYJKFR4UMECQHCGCLCP.scan
    cd /
    builtin-precompileModule /Users/khanghnguyen/Library/Developer/Xcode/DerivedData/Wishie-gavmeupfwiyxzhaiqkwzocyeeixy/Build/Intermediates.noindex/ExplicitPrecompiledModules/_Builtin_stddef-CJXSQ7UYJKFR4UMECQHCGCLCP.scan

PrecompileModule /Users/khanghnguyen/Library/Developer/Xcode/DerivedData/Wishie-gavmeupfwiyxzhaiqkwzocyeeixy/Build/Intermediates.noindex/ExplicitPrecompiledModules/_Builtin_stdbool-6BXIJS7FK3FR1YZHMT0IOMD5M.scan
    cd /
    builtin-precompileModule /Users/khanghnguyen/Library/Developer/Xcode/DerivedData/Wishie-gavmeupfwiyxzhaiqkwzocyeeixy/Build/Intermediates.noindex/ExplicitPrecompiledModules/_Builtin_stdbool-6BXIJS7FK3FR1YZHMT0IOMD5M.scan

SwiftDriver\ Compilation XCTestDynamicOverlay normal arm64 com.apple.xcode.tools.swift.compiler (in target 'XCTestDynamicOverlay' from project 'xctest-dynamic-overlay')
    cd /Users/khanghnguyen/Downloads/Wishie/Wishie.xcodeproj
    builtin-Swift-Compilation -- /Applications/Xcode.app/Contents/Developer/Toolchains/XcodeDefault.xctoolchain/usr/bin/swiftc -module-name XCTestDynamicOverlay -Onone -enforce-exclusivity\=checked @/Users/khanghnguyen/Library/Developer/Xcode/DerivedData/Wishie-gavmeupfwiyxzhaiqkwzocyeeixy/Build/Intermediates.noindex/xctest-dynamic-overlay.build/Debug-iphoneos/XCTestDynamicOverlay.build/Objects-normal/arm64/XCTestDynamicOverlay.SwiftFileList -DSWIFT_PACKAGE -DDEBUG -DSWIFT_MODULE_RESOURCE_BUNDLE_UNAVAILABLE -DXcode -plugin-path /Applications/Xcode.app/Contents/Developer/Toolchains/XcodeDefault.xctoolchain/usr/lib/swift/host/plugins/testing -enable-experimental-feature DebugDescriptionMacro -sdk /Applications/Xcode.app/Contents/Developer/Platforms/iPhoneOS.platform/Developer/SDKs/iPhoneOS26.2.sdk -target arm64-apple-ios13.0 -g -module-cache-path /Users/khanghnguyen/Library/Developer/Xcode/DerivedData/ModuleCache.noindex -Xfrontend -serialize-debugging-options -profile-coverage-mapping -profile-generate -enable-testing -suppress-warnings -index-store-path /Users/khanghnguyen/Library/Developer/Xcode/DerivedData/Wishie-gavmeupfwiyxzhaiqkwzocyeeixy/Index.noindex/DataStore -Xcc -D_LIBCPP_HARDENING_MODE\=_LIBCPP_HARDENING_MODE_DEBUG -swift-version 6 -I /Users/khanghnguyen/Library/Developer/Xcode/DerivedData/Wishie-gavmeupfwiyxzhaiqkwzocyeeixy/Build/Products/Debug-iphoneos -Isystem /Applications/Xcode.app/Contents/Developer/Platforms/iPhoneOS.platform/Developer/usr/lib -F /Users/khanghnguyen/Library/Developer/Xcode/DerivedData/Wishie-gavmeupfwiyxzhaiqkwzocyeeixy/Build/Products/Debug-iphoneos/PackageFrameworks -F /Users/khanghnguyen/Library/Developer/Xcode/DerivedData/Wishie-gavmeupfwiyxzhaiqkwzocyeeixy/Build/Products/Debug-iphoneos/PackageFrameworks -F /Users/khanghnguyen/Library/Developer/Xcode/DerivedData/Wishie-gavmeupfwiyxzhaiqkwzocyeeixy/Build/Products/Debug-iphoneos -F /Applications/Xcode.app/Contents/Developer/Platforms/iPhoneOS.platform/Developer/Library/Frameworks -F /Applications/Xcode.app/Contents/Developer/Platforms/iPhoneOS.platform/Developer/SDKs/iPhoneOS26.2.sdk/Developer/Library/Frameworks -c -j8 -enable-batch-mode -incremental -Xcc -ivfsstatcache -Xcc /Users/khanghnguyen/Library/Developer/Xcode/DerivedData/SDKStatCaches.noindex/iphoneos26.2-23C57-3794476bd08197c3e2abd9bb477ef7f7.sdkstatcache -output-file-map /Users/khanghnguyen/Library/Developer/Xcode/DerivedData/Wishie-gavmeupfwiyxzhaiqkwzocyeeixy/Build/Intermediates.noindex/xctest-dynamic-overlay.build/Debug-iphoneos/XCTestDynamicOverlay.build/Objects-normal/arm64/XCTestDynamicOverlay-OutputFileMap.json -use-frontend-parseable-output -save-temps -no-color-diagnostics -explicit-module-build -module-cache-path /Users/khanghnguyen/Library/Developer/Xcode/DerivedData/Wishie-gavmeupfwiyxzhaiqkwzocyeeixy/Build/Intermediates.noindex/SwiftExplicitPrecompiledModules -clang-scanner-module-cache-path /Users/khanghnguyen/Library/Developer/Xcode/DerivedData/ModuleCache.noindex -sdk-module-cache-path /Users/khanghnguyen/Library/Developer/Xcode/DerivedData/ModuleCache.noindex -serialize-diagnostics -emit-dependencies -emit-module -emit-module-path /Users/khanghnguyen/Library/Developer/Xcode/DerivedData/Wishie-gavmeupfwiyxzhaiqkwzocyeeixy/Build/Intermediates.noindex/xctest-dynamic-overlay.build/Debug-iphoneos/XCTestDynamicOverlay.build/Objects-normal/arm64/XCTestDynamicOverlay.swiftmodule -user-module-version 1.8.0 -validate-clang-modules-once -clang-build-session-file /Users/khanghnguyen/Library/Developer/Xcode/DerivedData/ModuleCache.noindex/Session.modulevalidation -package-name xctest_dynamic_overlay -Xcc -I/Users/khanghnguyen/Library/Developer/Xcode/DerivedData/Wishie-gavmeupfwiyxzhaiqkwzocyeeixy/Build/Intermediates.noindex/xctest-dynamic-overlay.build/Debug-iphoneos/XCTestDynamicOverlay.build/swift-overrides.hmap -emit-const-values -Xfrontend -const-gather-protocols-file -Xfrontend /Users/khanghnguyen/Library/Developer/Xcode/DerivedData/Wishie-gavmeupfwiyxzhaiqkwzocyeeixy/Build/Intermediates.noindex/xctest-dynamic-overlay.build/Debug-iphoneos/XCTestDynamicOverlay.build/Objects-normal/arm64/XCTestDynamicOverlay_const_extract_protocols.json -Xcc -I/Users/khanghnguyen/Library/Developer/Xcode/DerivedData/Wishie-gavmeupfwiyxzhaiqkwzocyeeixy/Build/Products/Debug-iphoneos/include -Xcc -I/Users/khanghnguyen/Library/Developer/Xcode/DerivedData/Wishie-gavmeupfwiyxzhaiqkwzocyeeixy/Build/Intermediates.noindex/xctest-dynamic-overlay.build/Debug-iphoneos/XCTestDynamicOverlay.build/DerivedSources-normal/arm64 -Xcc -I/Users/khanghnguyen/Library/Developer/Xcode/DerivedData/Wishie-gavmeupfwiyxzhaiqkwzocyeeixy/Build/Intermediates.noindex/xctest-dynamic-overlay.build/Debug-iphoneos/XCTestDynamicOverlay.build/DerivedSources/arm64 -Xcc -I/Users/khanghnguyen/Library/Developer/Xcode/DerivedData/Wishie-gavmeupfwiyxzhaiqkwzocyeeixy/Build/Intermediates.noindex/xctest-dynamic-overlay.build/Debug-iphoneos/XCTestDynamicOverlay.build/DerivedSources -Xcc -DSWIFT_PACKAGE -Xcc -DDEBUG\=1 -emit-objc-header -emit-objc-header-path /Users/khanghnguyen/Library/Developer/Xcode/DerivedData/Wishie-gavmeupfwiyxzhaiqkwzocyeeixy/Build/Intermediates.noindex/xctest-dynamic-overlay.build/Debug-iphoneos/XCTestDynamicOverlay.build/Objects-normal/arm64/XCTestDynamicOverlay-Swift.h -working-directory /Users/khanghnguyen/Downloads/Wishie/Wishie.xcodeproj -experimental-emit-module-separately -disable-cmo

PrecompileModule /Users/khanghnguyen/Library/Developer/Xcode/DerivedData/Wishie-gavmeupfwiyxzhaiqkwzocyeeixy/Build/Intermediates.noindex/ExplicitPrecompiledModules/_DarwinFoundation1-EXW3Y4E9ZBQHBU7JY0Z8MJX4O.scan
    cd /
    builtin-precompileModule /Users/khanghnguyen/Library/Developer/Xcode/DerivedData/Wishie-gavmeupfwiyxzhaiqkwzocyeeixy/Build/Intermediates.noindex/ExplicitPrecompiledModules/_DarwinFoundation1-EXW3Y4E9ZBQHBU7JY0Z8MJX4O.scan

ScanDependencies /Users/khanghnguyen/Library/Developer/Xcode/DerivedData/Wishie-gavmeupfwiyxzhaiqkwzocyeeixy/Build/Intermediates.noindex/Firebase.build/Debug-iphoneos/FirebaseCore.build/Objects-normal/arm64/FIRBundleUtil.o /Users/khanghnguyen/Library/Developer/Xcode/DerivedData/Wishie-gavmeupfwiyxzhaiqkwzocyeeixy/SourcePackages/checkouts/firebase-ios-sdk/FirebaseCore/Sources/FIRBundleUtil.m normal arm64 objective-c com.apple.compilers.llvm.clang.1_0.compiler (in target 'FirebaseCore' from project 'Firebase')
    cd /Users/khanghnguyen/Downloads/Wishie/Wishie.xcodeproj
    
    Using response file: /Users/khanghnguyen/Library/Developer/Xcode/DerivedData/Wishie-gavmeupfwiyxzhaiqkwzocyeeixy/Build/Intermediates.noindex/Firebase.build/Debug-iphoneos/FirebaseCore.build/Objects-normal/arm64/e6072d4f65d7061329687fe24e3d63a7-common-args.resp
    
    builtin-ScanDependencies -o /Users/khanghnguyen/Library/Developer/Xcode/DerivedData/Wishie-gavmeupfwiyxzhaiqkwzocyeeixy/Build/Intermediates.noindex/Firebase.build/Debug-iphoneos/FirebaseCore.build/Objects-normal/arm64/FIRBundleUtil.o.scan -- /Applications/Xcode.app/Contents/Developer/Toolchains/XcodeDefault.xctoolchain/usr/bin/clang -x objective-c -ivfsstatcache /Users/khanghnguyen/Library/Developer/Xcode/DerivedData/SDKStatCaches.noindex/iphoneos26.2-23C57-3794476bd08197c3e2abd9bb477ef7f7.sdkstatcache -fmessage-length\=0 -fdiagnostics-show-note-include-stack -fmacro-backtrace-limit\=0 -fno-color-diagnostics -fmodules-prune-interval\=86400 -fmodules-prune-after\=345600 -fbuild-session-file\=/Users/khanghnguyen/Library/Developer/Xcode/DerivedData/ModuleCache.noindex/Session.modulevalidation -fmodules-validate-once-per-build-session -Wnon-modular-include-in-framework-module -Werror\=non-modular-include-in-framework-module -Wno-trigraphs -Wno-missing-field-initializers -Wno-missing-prototypes -Wno-return-type -Wno-implicit-atomic-properties -Wno-objc-interface-ivars -Wno-arc-repeated-use-of-weak -Wno-missing-braces -Wparentheses -Wswitch -Wno-unused-function -Wno-unused-label -Wno-unused-parameter -Wno-unused-variable -Wunused-value -Wno-empty-body -Wno-uninitialized -Wno-unknown-pragmas -w -Wno-shadow -Wno-four-char-constants -Wno-conversion -Wno-constant-conversion -Wno-int-conversion -Wno-bool-conversion -Wno-enum-conversion -Wno-float-conversion -Wno-non-literal-null-conversion -Wno-objc-literal-conversion -Wshorten-64-to-32 -Wpointer-sign -Wno-newline-eof -Wno-selector -Wno-strict-selector-match -Wno-undeclared-selector -Wno-deprecated-implementations -Wno-implicit-fallthrough -fstrict-aliasing -Wprotocol -Wdeprecated-declarations -Wno-sign-conversion -Wno-infinite-recursion -Wno-comma -Wno-block-capture-autoreleasing -Wno-strict-prototypes -Wno-semicolon-before-method-body -index-store-path /Users/khanghnguyen/Library/Developer/Xcode/DerivedData/Wishie-gavmeupfwiyxzhaiqkwzocyeeixy/Index.noindex/DataStore @/Users/khanghnguyen/Library/Developer/Xcode/DerivedData/Wishie-gavmeupfwiyxzhaiqkwzocyeeixy/Build/Intermediates.noindex/Firebase.build/Debug-iphoneos/FirebaseCore.build/Objects-normal/arm64/e6072d4f65d7061329687fe24e3d63a7-common-args.resp -include /Users/khanghnguyen/Library/Developer/Xcode/DerivedData/Wishie-gavmeupfwiyxzhaiqkwzocyeeixy/Build/Intermediates.noindex/Firebase.build/Debug-iphoneos/FirebaseCore.build/DerivedSources/resource_bundle_accessor.h -MMD -MT dependencies -MF /Users/khanghnguyen/Library/Developer/Xcode/DerivedData/Wishie-gavmeupfwiyxzhaiqkwzocyeeixy/Build/Intermediates.noindex/Firebase.build/Debug-iphoneos/FirebaseCore.build/Objects-normal/arm64/FIRBundleUtil.d --serialize-diagnostics /Users/khanghnguyen/Library/Developer/Xcode/DerivedData/Wishie-gavmeupfwiyxzhaiqkwzocyeeixy/Build/Intermediates.noindex/Firebase.build/Debug-iphoneos/FirebaseCore.build/Objects-normal/arm64/FIRBundleUtil.dia -c /Users/khanghnguyen/Library/Developer/Xcode/DerivedData/Wishie-gavmeupfwiyxzhaiqkwzocyeeixy/SourcePackages/checkouts/firebase-ios-sdk/FirebaseCore/Sources/FIRBundleUtil.m -o /Users/khanghnguyen/Library/Developer/Xcode/DerivedData/Wishie-gavmeupfwiyxzhaiqkwzocyeeixy/Build/Intermediates.noindex/Firebase.build/Debug-iphoneos/FirebaseCore.build/Objects-normal/arm64/FIRBundleUtil.o -index-unit-output-path /Firebase.build/Debug-iphoneos/FirebaseCore.build/Objects-normal/arm64/FIRBundleUtil.o

Ld /Users/khanghnguyen/Library/Developer/Xcode/DerivedData/Wishie-gavmeupfwiyxzhaiqkwzocyeeixy/Build/Products/Debug-iphoneos/XCTestDynamicOverlay.o normal (in target 'XCTestDynamicOverlay' from project 'xctest-dynamic-overlay')
    cd /Users/khanghnguyen/Library/Developer/Xcode/DerivedData/Wishie-gavmeupfwiyxzhaiqkwzocyeeixy/SourcePackages/checkouts/xctest-dynamic-overlay
    /Applications/Xcode.app/Contents/Developer/Toolchains/XcodeDefault.xctoolchain/usr/bin/clang -Xlinker -reproducible -target arm64-apple-ios13.0 -r -isysroot /Applications/Xcode.app/Contents/Developer/Platforms/iPhoneOS.platform/Developer/SDKs/iPhoneOS26.2.sdk -O0 -w -L/Users/khanghnguyen/Library/Developer/Xcode/DerivedData/Wishie-gavmeupfwiyxzhaiqkwzocyeeixy/Build/Intermediates.noindex/EagerLinkingTBDs/Debug-iphoneos -L/Users/khanghnguyen/Library/Developer/Xcode/DerivedData/Wishie-gavmeupfwiyxzhaiqkwzocyeeixy/Build/Products/Debug-iphoneos -L/Applications/Xcode.app/Contents/Developer/Platforms/iPhoneOS.platform/Developer/usr/lib -F/Users/khanghnguyen/Library/Developer/Xcode/DerivedData/Wishie-gavmeupfwiyxzhaiqkwzocyeeixy/Build/Intermediates.noindex/EagerLinkingTBDs/Debug-iphoneos -F/Users/khanghnguyen/Library/Developer/Xcode/DerivedData/Wishie-gavmeupfwiyxzhaiqkwzocyeeixy/Build/Products/Debug-iphoneos/PackageFrameworks -F/Users/khanghnguyen/Library/Developer/Xcode/DerivedData/Wishie-gavmeupfwiyxzhaiqkwzocyeeixy/Build/Products/Debug-iphoneos/PackageFrameworks -F/Users/khanghnguyen/Library/Developer/Xcode/DerivedData/Wishie-gavmeupfwiyxzhaiqkwzocyeeixy/Build/Products/Debug-iphoneos -iframework /Applications/Xcode.app/Contents/Developer/Platforms/iPhoneOS.platform/Developer/Library/Frameworks -iframework /Applications/Xcode.app/Contents/Developer/Platforms/iPhoneOS.platform/Developer/SDKs/iPhoneOS26.2.sdk/Developer/Library/Frameworks -filelist /Users/khanghnguyen/Library/Developer/Xcode/DerivedData/Wishie-gavmeupfwiyxzhaiqkwzocyeeixy/Build/Intermediates.noindex/xctest-dynamic-overlay.build/Debug-iphoneos/XCTestDynamicOverlay.build/Objects-normal/arm64/XCTestDynamicOverlay.LinkFileList -nostdlib -Xlinker -object_path_lto -Xlinker /Users/khanghnguyen/Library/Developer/Xcode/DerivedData/Wishie-gavmeupfwiyxzhaiqkwzocyeeixy/Build/Intermediates.noindex/xctest-dynamic-overlay.build/Debug-iphoneos/XCTestDynamicOverlay.build/Objects-normal/arm64/XCTestDynamicOverlay_lto.o -rdynamic -Xlinker -no_deduplicate -Xlinker -debug_variant -Xlinker -dependency_info -Xlinker /Users/khanghnguyen/Library/Developer/Xcode/DerivedData/Wishie-gavmeupfwiyxzhaiqkwzocyeeixy/Build/Intermediates.noindex/xctest-dynamic-overlay.build/Debug-iphoneos/XCTestDynamicOverlay.build/Objects-normal/arm64/XCTestDynamicOverlay_dependency_info.dat -fobjc-link-runtime -L/Applications/Xcode.app/Contents/Developer/Toolchains/XcodeDefault.xctoolchain/usr/lib/swift/iphoneos -L/usr/lib/swift -Xlinker -add_ast_path -Xlinker /Users/khanghnguyen/Library/Developer/Xcode/DerivedData/Wishie-gavmeupfwiyxzhaiqkwzocyeeixy/Build/Intermediates.noindex/xctest-dynamic-overlay.build/Debug-iphoneos/XCTestDynamicOverlay.build/Objects-normal/arm64/XCTestDynamicOverlay.swiftmodule @/Users/khanghnguyen/Library/Developer/Xcode/DerivedData/Wishie-gavmeupfwiyxzhaiqkwzocyeeixy/Build/Intermediates.noindex/xctest-dynamic-overlay.build/Debug-iphoneos/XCTestDynamicOverlay.build/Objects-normal/arm64/XCTestDynamicOverlay-linker-args.resp -o /Users/khanghnguyen/Library/Developer/Xcode/DerivedData/Wishie-gavmeupfwiyxzhaiqkwzocyeeixy/Build/Products/Debug-iphoneos/XCTestDynamicOverlay.o

ScanDependencies /Users/khanghnguyen/Library/Developer/Xcode/DerivedData/Wishie-gavmeupfwiyxzhaiqkwzocyeeixy/Build/Intermediates.noindex/Firebase.build/Debug-iphoneos/FirebaseCore.build/Objects-normal/arm64/FIRApp.o /Users/khanghnguyen/Library/Developer/Xcode/DerivedData/Wishie-gavmeupfwiyxzhaiqkwzocyeeixy/SourcePackages/checkouts/firebase-ios-sdk/FirebaseCore/Sources/FIRApp.m normal arm64 objective-c com.apple.compilers.llvm.clang.1_0.compiler (in target 'FirebaseCore' from project 'Firebase')
    cd /Users/khanghnguyen/Downloads/Wishie/Wishie.xcodeproj
    
    Using response file: /Users/khanghnguyen/Library/Developer/Xcode/DerivedData/Wishie-gavmeupfwiyxzhaiqkwzocyeeixy/Build/Intermediates.noindex/Firebase.build/Debug-iphoneos/FirebaseCore.build/Objects-normal/arm64/e6072d4f65d7061329687fe24e3d63a7-common-args.resp
    
    builtin-ScanDependencies -o /Users/khanghnguyen/Library/Developer/Xcode/DerivedData/Wishie-gavmeupfwiyxzhaiqkwzocyeeixy/Build/Intermediates.noindex/Firebase.build/Debug-iphoneos/FirebaseCore.build/Objects-normal/arm64/FIRApp.o.scan -- /Applications/Xcode.app/Contents/Developer/Toolchains/XcodeDefault.xctoolchain/usr/bin/clang -x objective-c -ivfsstatcache /Users/khanghnguyen/Library/Developer/Xcode/DerivedData/SDKStatCaches.noindex/iphoneos26.2-23C57-3794476bd08197c3e2abd9bb477ef7f7.sdkstatcache -fmessage-length\=0 -fdiagnostics-show-note-include-stack -fmacro-backtrace-limit\=0 -fno-color-diagnostics -fmodules-prune-interval\=86400 -fmodules-prune-after\=345600 -fbuild-session-file\=/Users/khanghnguyen/Library/Developer/Xcode/DerivedData/ModuleCache.noindex/Session.modulevalidation -fmodules-validate-once-per-build-session -Wnon-modular-include-in-framework-module -Werror\=non-modular-include-in-framework-module -Wno-trigraphs -Wno-missing-field-initializers -Wno-missing-prototypes -Wno-return-type -Wno-implicit-atomic-properties -Wno-objc-interface-ivars -Wno-arc-repeated-use-of-weak -Wno-missing-braces -Wparentheses -Wswitch -Wno-unused-function -Wno-unused-label -Wno-unused-parameter -Wno-unused-variable -Wunused-value -Wno-empty-body -Wno-uninitialized -Wno-unknown-pragmas -w -Wno-shadow -Wno-four-char-constants -Wno-conversion -Wno-constant-conversion -Wno-int-conversion -Wno-bool-conversion -Wno-enum-conversion -Wno-float-conversion -Wno-non-literal-null-conversion -Wno-objc-literal-conversion -Wshorten-64-to-32 -Wpointer-sign -Wno-newline-eof -Wno-selector -Wno-strict-selector-match -Wno-undeclared-selector -Wno-deprecated-implementations -Wno-implicit-fallthrough -fstrict-aliasing -Wprotocol -Wdeprecated-declarations -Wno-sign-conversion -Wno-infinite-recursion -Wno-comma -Wno-block-capture-autoreleasing -Wno-strict-prototypes -Wno-semicolon-before-method-body -index-store-path /Users/khanghnguyen/Library/Developer/Xcode/DerivedData/Wishie-gavmeupfwiyxzhaiqkwzocyeeixy/Index.noindex/DataStore @/Users/khanghnguyen/Library/Developer/Xcode/DerivedData/Wishie-gavmeupfwiyxzhaiqkwzocyeeixy/Build/Intermediates.noindex/Firebase.build/Debug-iphoneos/FirebaseCore.build/Objects-normal/arm64/e6072d4f65d7061329687fe24e3d63a7-common-args.resp -include /Users/khanghnguyen/Library/Developer/Xcode/DerivedData/Wishie-gavmeupfwiyxzhaiqkwzocyeeixy/Build/Intermediates.noindex/Firebase.build/Debug-iphoneos/FirebaseCore.build/DerivedSources/resource_bundle_accessor.h -MMD -MT dependencies -MF /Users/khanghnguyen/Library/Developer/Xcode/DerivedData/Wishie-gavmeupfwiyxzhaiqkwzocyeeixy/Build/Intermediates.noindex/Firebase.build/Debug-iphoneos/FirebaseCore.build/Objects-normal/arm64/FIRApp.d --serialize-diagnostics /Users/khanghnguyen/Library/Developer/Xcode/DerivedData/Wishie-gavmeupfwiyxzhaiqkwzocyeeixy/Build/Intermediates.noindex/Firebase.build/Debug-iphoneos/FirebaseCore.build/Objects-normal/arm64/FIRApp.dia -c /Users/khanghnguyen/Library/Developer/Xcode/DerivedData/Wishie-gavmeupfwiyxzhaiqkwzocyeeixy/SourcePackages/checkouts/firebase-ios-sdk/FirebaseCore/Sources/FIRApp.m -o /Users/khanghnguyen/Library/Developer/Xcode/DerivedData/Wishie-gavmeupfwiyxzhaiqkwzocyeeixy/Build/Intermediates.noindex/Firebase.build/Debug-iphoneos/FirebaseCore.build/Objects-normal/arm64/FIRApp.o -index-unit-output-path /Firebase.build/Debug-iphoneos/FirebaseCore.build/Objects-normal/arm64/FIRApp.o

ScanDependencies /Users/khanghnguyen/Library/Developer/Xcode/DerivedData/Wishie-gavmeupfwiyxzhaiqkwzocyeeixy/Build/Intermediates.noindex/Firebase.build/Debug-iphoneos/FirebaseCore.build/Objects-normal/arm64/FIRAnalyticsConfiguration.o /Users/khanghnguyen/Library/Developer/Xcode/DerivedData/Wishie-gavmeupfwiyxzhaiqkwzocyeeixy/SourcePackages/checkouts/firebase-ios-sdk/FirebaseCore/Sources/FIRAnalyticsConfiguration.m normal arm64 objective-c com.apple.compilers.llvm.clang.1_0.compiler (in target 'FirebaseCore' from project 'Firebase')
    cd /Users/khanghnguyen/Downloads/Wishie/Wishie.xcodeproj
    
    Using response file: /Users/khanghnguyen/Library/Developer/Xcode/DerivedData/Wishie-gavmeupfwiyxzhaiqkwzocyeeixy/Build/Intermediates.noindex/Firebase.build/Debug-iphoneos/FirebaseCore.build/Objects-normal/arm64/e6072d4f65d7061329687fe24e3d63a7-common-args.resp
    
    builtin-ScanDependencies -o /Users/khanghnguyen/Library/Developer/Xcode/DerivedData/Wishie-gavmeupfwiyxzhaiqkwzocyeeixy/Build/Intermediates.noindex/Firebase.build/Debug-iphoneos/FirebaseCore.build/Objects-normal/arm64/FIRAnalyticsConfiguration.o.scan -- /Applications/Xcode.app/Contents/Developer/Toolchains/XcodeDefault.xctoolchain/usr/bin/clang -x objective-c -ivfsstatcache /Users/khanghnguyen/Library/Developer/Xcode/DerivedData/SDKStatCaches.noindex/iphoneos26.2-23C57-3794476bd08197c3e2abd9bb477ef7f7.sdkstatcache -fmessage-length\=0 -fdiagnostics-show-note-include-stack -fmacro-backtrace-limit\=0 -fno-color-diagnostics -fmodules-prune-interval\=86400 -fmodules-prune-after\=345600 -fbuild-session-file\=/Users/khanghnguyen/Library/Developer/Xcode/DerivedData/ModuleCache.noindex/Session.modulevalidation -fmodules-validate-once-per-build-session -Wnon-modular-include-in-framework-module -Werror\=non-modular-include-in-framework-module -Wno-trigraphs -Wno-missing-field-initializers -Wno-missing-prototypes -Wno-return-type -Wno-implicit-atomic-properties -Wno-objc-interface-ivars -Wno-arc-repeated-use-of-weak -Wno-missing-braces -Wparentheses -Wswitch -Wno-unused-function -Wno-unused-label -Wno-unused-parameter -Wno-unused-variable -Wunused-value -Wno-empty-body -Wno-uninitialized -Wno-unknown-pragmas -w -Wno-shadow -Wno-four-char-constants -Wno-conversion -Wno-constant-conversion -Wno-int-conversion -Wno-bool-conversion -Wno-enum-conversion -Wno-float-conversion -Wno-non-literal-null-conversion -Wno-objc-literal-conversion -Wshorten-64-to-32 -Wpointer-sign -Wno-newline-eof -Wno-selector -Wno-strict-selector-match -Wno-undeclared-selector -Wno-deprecated-implementations -Wno-implicit-fallthrough -fstrict-aliasing -Wprotocol -Wdeprecated-declarations -Wno-sign-conversion -Wno-infinite-recursion -Wno-comma -Wno-block-capture-autoreleasing -Wno-strict-prototypes -Wno-semicolon-before-method-body -index-store-path /Users/khanghnguyen/Library/Developer/Xcode/DerivedData/Wishie-gavmeupfwiyxzhaiqkwzocyeeixy/Index.noindex/DataStore @/Users/khanghnguyen/Library/Developer/Xcode/DerivedData/Wishie-gavmeupfwiyxzhaiqkwzocyeeixy/Build/Intermediates.noindex/Firebase.build/Debug-iphoneos/FirebaseCore.build/Objects-normal/arm64/e6072d4f65d7061329687fe24e3d63a7-common-args.resp -include /Users/khanghnguyen/Library/Developer/Xcode/DerivedData/Wishie-gavmeupfwiyxzhaiqkwzocyeeixy/Build/Intermediates.noindex/Firebase.build/Debug-iphoneos/FirebaseCore.build/DerivedSources/resource_bundle_accessor.h -MMD -MT dependencies -MF /Users/khanghnguyen/Library/Developer/Xcode/DerivedData/Wishie-gavmeupfwiyxzhaiqkwzocyeeixy/Build/Intermediates.noindex/Firebase.build/Debug-iphoneos/FirebaseCore.build/Objects-normal/arm64/FIRAnalyticsConfiguration.d --serialize-diagnostics /Users/khanghnguyen/Library/Developer/Xcode/DerivedData/Wishie-gavmeupfwiyxzhaiqkwzocyeeixy/Build/Intermediates.noindex/Firebase.build/Debug-iphoneos/FirebaseCore.build/Objects-normal/arm64/FIRAnalyticsConfiguration.dia -c /Users/khanghnguyen/Library/Developer/Xcode/DerivedData/Wishie-gavmeupfwiyxzhaiqkwzocyeeixy/SourcePackages/checkouts/firebase-ios-sdk/FirebaseCore/Sources/FIRAnalyticsConfiguration.m -o /Users/khanghnguyen/Library/Developer/Xcode/DerivedData/Wishie-gavmeupfwiyxzhaiqkwzocyeeixy/Build/Intermediates.noindex/Firebase.build/Debug-iphoneos/FirebaseCore.build/Objects-normal/arm64/FIRAnalyticsConfiguration.o -index-unit-output-path /Firebase.build/Debug-iphoneos/FirebaseCore.build/Objects-normal/arm64/FIRAnalyticsConfiguration.o

RegisterExecutionPolicyException /Users/khanghnguyen/Library/Developer/Xcode/DerivedData/Wishie-gavmeupfwiyxzhaiqkwzocyeeixy/Build/Products/Debug-iphoneos/FirebaseAppCheckInterop.o (in target 'FirebaseAppCheckInterop' from project 'Firebase')
    cd /Users/khanghnguyen/Library/Developer/Xcode/DerivedData/Wishie-gavmeupfwiyxzhaiqkwzocyeeixy/SourcePackages/checkouts/firebase-ios-sdk
    builtin-RegisterExecutionPolicyException /Users/khanghnguyen/Library/Developer/Xcode/DerivedData/Wishie-gavmeupfwiyxzhaiqkwzocyeeixy/Build/Products/Debug-iphoneos/FirebaseAppCheckInterop.o

RegisterExecutionPolicyException /Users/khanghnguyen/Library/Developer/Xcode/DerivedData/Wishie-gavmeupfwiyxzhaiqkwzocyeeixy/Build/Products/Debug-iphoneos/GoogleUtilities-Logger.o (in target 'GoogleUtilities-Logger' from project 'GoogleUtilities')
    cd /Users/khanghnguyen/Library/Developer/Xcode/DerivedData/Wishie-gavmeupfwiyxzhaiqkwzocyeeixy/SourcePackages/checkouts/GoogleUtilities
    builtin-RegisterExecutionPolicyException /Users/khanghnguyen/Library/Developer/Xcode/DerivedData/Wishie-gavmeupfwiyxzhaiqkwzocyeeixy/Build/Products/Debug-iphoneos/GoogleUtilities-Logger.o

RegisterExecutionPolicyException /Users/khanghnguyen/Library/Developer/Xcode/DerivedData/Wishie-gavmeupfwiyxzhaiqkwzocyeeixy/Build/Products/Debug-iphoneos/FirebaseCoreExtension.o (in target 'FirebaseCoreExtension' from project 'Firebase')
    cd /Users/khanghnguyen/Library/Developer/Xcode/DerivedData/Wishie-gavmeupfwiyxzhaiqkwzocyeeixy/SourcePackages/checkouts/firebase-ios-sdk
    builtin-RegisterExecutionPolicyException /Users/khanghnguyen/Library/Developer/Xcode/DerivedData/Wishie-gavmeupfwiyxzhaiqkwzocyeeixy/Build/Products/Debug-iphoneos/FirebaseCoreExtension.o

PrecompileModule /Users/khanghnguyen/Library/Developer/Xcode/DerivedData/Wishie-gavmeupfwiyxzhaiqkwzocyeeixy/Build/Intermediates.noindex/ExplicitPrecompiledModules/_Builtin_limits-G3CCBO5CWHXEUYGS07OIS76M.scan
    cd /
    builtin-precompileModule /Users/khanghnguyen/Library/Developer/Xcode/DerivedData/Wishie-gavmeupfwiyxzhaiqkwzocyeeixy/Build/Intermediates.noindex/ExplicitPrecompiledModules/_Builtin_limits-G3CCBO5CWHXEUYGS07OIS76M.scan

PrecompileModule /Users/khanghnguyen/Library/Developer/Xcode/DerivedData/Wishie-gavmeupfwiyxzhaiqkwzocyeeixy/Build/Intermediates.noindex/ExplicitPrecompiledModules/_DarwinFoundation2-8DH8FPBNMQ46QCXHNGYSF3Z1J.scan
    cd /
    builtin-precompileModule /Users/khanghnguyen/Library/Developer/Xcode/DerivedData/Wishie-gavmeupfwiyxzhaiqkwzocyeeixy/Build/Intermediates.noindex/ExplicitPrecompiledModules/_DarwinFoundation2-8DH8FPBNMQ46QCXHNGYSF3Z1J.scan

RegisterExecutionPolicyException /Users/khanghnguyen/Library/Developer/Xcode/DerivedData/Wishie-gavmeupfwiyxzhaiqkwzocyeeixy/Build/Products/Debug-iphoneos/FirebaseCoreInternal.o (in target 'FirebaseCoreInternal' from project 'Firebase')
    cd /Users/khanghnguyen/Library/Developer/Xcode/DerivedData/Wishie-gavmeupfwiyxzhaiqkwzocyeeixy/SourcePackages/checkouts/firebase-ios-sdk
    builtin-RegisterExecutionPolicyException /Users/khanghnguyen/Library/Developer/Xcode/DerivedData/Wishie-gavmeupfwiyxzhaiqkwzocyeeixy/Build/Products/Debug-iphoneos/FirebaseCoreInternal.o

RegisterExecutionPolicyException /Users/khanghnguyen/Library/Developer/Xcode/DerivedData/Wishie-gavmeupfwiyxzhaiqkwzocyeeixy/Build/Products/Debug-iphoneos/Firebase.o (in target 'Firebase' from project 'Firebase')
    cd /Users/khanghnguyen/Library/Developer/Xcode/DerivedData/Wishie-gavmeupfwiyxzhaiqkwzocyeeixy/SourcePackages/checkouts/firebase-ios-sdk
    builtin-RegisterExecutionPolicyException /Users/khanghnguyen/Library/Developer/Xcode/DerivedData/Wishie-gavmeupfwiyxzhaiqkwzocyeeixy/Build/Products/Debug-iphoneos/Firebase.o

SwiftDriver FirebaseAuth normal arm64 com.apple.xcode.tools.swift.compiler (in target 'FirebaseAuth' from project 'Firebase')
    cd /Users/khanghnguyen/Downloads/Wishie/Wishie.xcodeproj
    builtin-SwiftDriver -- /Applications/Xcode.app/Contents/Developer/Toolchains/XcodeDefault.xctoolchain/usr/bin/swiftc -module-name FirebaseAuth -Onone -enforce-exclusivity\=checked @/Users/khanghnguyen/Library/Developer/Xcode/DerivedData/Wishie-gavmeupfwiyxzhaiqkwzocyeeixy/Build/Intermediates.noindex/Firebase.build/Debug-iphoneos/FirebaseAuth.build/Objects-normal/arm64/FirebaseAuth.SwiftFileList -DSWIFT_PACKAGE -DDEBUG -DSWIFT_MODULE_RESOURCE_BUNDLE_AVAILABLE -Xcc -fmodule-map-file\=/Users/khanghnguyen/Library/Developer/Xcode/DerivedData/Wishie-gavmeupfwiyxzhaiqkwzocyeeixy/Build/Intermediates.noindex/GeneratedModuleMaps-iphoneos/RecaptchaInterop.modulemap -Xcc -fmodule-map-file\=/Users/khanghnguyen/Library/Developer/Xcode/DerivedData/Wishie-gavmeupfwiyxzhaiqkwzocyeeixy/Build/Intermediates.noindex/GeneratedModuleMaps-iphoneos/GoogleUtilities-Network.modulemap -Xcc -fmodule-map-file\=/Users/khanghnguyen/Library/Developer/Xcode/DerivedData/Wishie-gavmeupfwiyxzhaiqkwzocyeeixy/Build/Intermediates.noindex/GeneratedModuleMaps-iphoneos/GoogleUtilities-Reachability.modulemap -Xcc -fmodule-map-file\=/Users/khanghnguyen/Library/Developer/Xcode/DerivedData/Wishie-gavmeupfwiyxzhaiqkwzocyeeixy/Build/Intermediates.noindex/GeneratedModuleMaps-iphoneos/GoogleUtilities-NSData.modulemap -Xcc -fmodule-map-file\=/Users/khanghnguyen/Library/Developer/Xcode/DerivedData/Wishie-gavmeupfwiyxzhaiqkwzocyeeixy/Build/Intermediates.noindex/GeneratedModuleMaps-iphoneos/GoogleUtilities-Logger.modulemap -Xcc -fmodule-map-file\=/Users/khanghnguyen/Library/Developer/Xcode/DerivedData/Wishie-gavmeupfwiyxzhaiqkwzocyeeixy/Build/Intermediates.noindex/GeneratedModuleMaps-iphoneos/GoogleUtilities-Environment.modulemap -Xcc -fmodule-map-file\=/Users/khanghnguyen/Library/Developer/Xcode/DerivedData/Wishie-gavmeupfwiyxzhaiqkwzocyeeixy/Build/Intermediates.noindex/GeneratedModuleMaps-iphoneos/third-party-IsAppEncrypted.modulemap -Xcc -fmodule-map-file\=/Users/khanghnguyen/Library/Developer/Xcode/DerivedData/Wishie-gavmeupfwiyxzhaiqkwzocyeeixy/Build/Intermediates.noindex/GeneratedModuleMaps-iphoneos/GoogleUtilities-AppDelegateSwizzler.modulemap -Xcc -fmodule-map-file\=/Users/khanghnguyen/Library/Developer/Xcode/DerivedData/Wishie-gavmeupfwiyxzhaiqkwzocyeeixy/Build/Intermediates.noindex/GeneratedModuleMaps-iphoneos/GTMSessionFetcherCore.modulemap -Xcc -fmodule-map-file\=/Users/khanghnguyen/Library/Developer/Xcode/DerivedData/Wishie-gavmeupfwiyxzhaiqkwzocyeeixy/Build/Intermediates.noindex/GeneratedModuleMaps-iphoneos/FirebaseCoreExtension.modulemap -Xcc -fmodule-map-file\=/Users/khanghnguyen/Library/Developer/Xcode/DerivedData/Wishie-gavmeupfwiyxzhaiqkwzocyeeixy/Build/Intermediates.noindex/GeneratedModuleMaps-iphoneos/FirebaseCore.modulemap -Xcc -fmodule-map-file\=/Users/khanghnguyen/Library/Developer/Xcode/DerivedData/Wishie-gavmeupfwiyxzhaiqkwzocyeeixy/Build/Intermediates.noindex/GeneratedModuleMaps-iphoneos/FirebaseAuthInternal.modulemap -Xcc -fmodule-map-file\=/Users/khanghnguyen/Library/Developer/Xcode/DerivedData/Wishie-gavmeupfwiyxzhaiqkwzocyeeixy/Build/Intermediates.noindex/GeneratedModuleMaps-iphoneos/FirebaseAuthInterop.modulemap -Xcc -fmodule-map-file\=/Users/khanghnguyen/Library/Developer/Xcode/DerivedData/Wishie-gavmeupfwiyxzhaiqkwzocyeeixy/Build/Intermediates.noindex/GeneratedModuleMaps-iphoneos/FirebaseAppCheckInterop.modulemap -DXcode -plugin-path /Applications/Xcode.app/Contents/Developer/Toolchains/XcodeDefault.xctoolchain/usr/lib/swift/host/plugins/testing -enable-experimental-feature DebugDescriptionMacro -sdk /Applications/Xcode.app/Contents/Developer/Platforms/iPhoneOS.platform/Developer/SDKs/iPhoneOS26.2.sdk -target arm64-apple-ios15.0 -g -module-cache-path /Users/khanghnguyen/Library/Developer/Xcode/DerivedData/ModuleCache.noindex -Xfrontend -serialize-debugging-options -profile-coverage-mapping -profile-generate -enable-testing -suppress-warnings -index-store-path /Users/khanghnguyen/Library/Developer/Xcode/DerivedData/Wishie-gavmeupfwiyxzhaiqkwzocyeeixy/Index.noindex/DataStore -Xcc -D_LIBCPP_HARDENING_MODE\=_LIBCPP_HARDENING_MODE_DEBUG -swift-version 5 -I /Users/khanghnguyen/Library/Developer/Xcode/DerivedData/Wishie-gavmeupfwiyxzhaiqkwzocyeeixy/Build/Products/Debug-iphoneos -Isystem /Applications/Xcode.app/Contents/Developer/Platforms/iPhoneOS.platform/Developer/usr/lib -F /Users/khanghnguyen/Library/Developer/Xcode/DerivedData/Wishie-gavmeupfwiyxzhaiqkwzocyeeixy/Build/Products/Debug-iphoneos/PackageFrameworks -F /Users/khanghnguyen/Library/Developer/Xcode/DerivedData/Wishie-gavmeupfwiyxzhaiqkwzocyeeixy/Build/Products/Debug-iphoneos/PackageFrameworks -F /Users/khanghnguyen/Library/Developer/Xcode/DerivedData/Wishie-gavmeupfwiyxzhaiqkwzocyeeixy/Build/Products/Debug-iphoneos/PackageFrameworks -F /Users/khanghnguyen/Library/Developer/Xcode/DerivedData/Wishie-gavmeupfwiyxzhaiqkwzocyeeixy/Build/Products/Debug-iphoneos/PackageFrameworks -F /Users/khanghnguyen/Library/Developer/Xcode/DerivedData/Wishie-gavmeupfwiyxzhaiqkwzocyeeixy/Build/Products/Debug-iphoneos/PackageFrameworks -F /Users/khanghnguyen/Library/Developer/Xcode/DerivedData/Wishie-gavmeupfwiyxzhaiqkwzocyeeixy/Build/Products/Debug-iphoneos/PackageFrameworks -F /Users/khanghnguyen/Library/Developer/Xcode/DerivedData/Wishie-gavmeupfwiyxzhaiqkwzocyeeixy/Build/Products/Debug-iphoneos/PackageFrameworks -F /Users/khanghnguyen/Library/Developer/Xcode/DerivedData/Wishie-gavmeupfwiyxzhaiqkwzocyeeixy/Build/Products/Debug-iphoneos/PackageFrameworks -F /Users/khanghnguyen/Library/Developer/Xcode/DerivedData/Wishie-gavmeupfwiyxzhaiqkwzocyeeixy/Build/Products/Debug-iphoneos/PackageFrameworks -F /Users/khanghnguyen/Library/Developer/Xcode/DerivedData/Wishie-gavmeupfwiyxzhaiqkwzocyeeixy/Build/Products/Debug-iphoneos/PackageFrameworks -F /Users/khanghnguyen/Library/Developer/Xcode/DerivedData/Wishie-gavmeupfwiyxzhaiqkwzocyeeixy/Build/Products/Debug-iphoneos/PackageFrameworks -F /Users/khanghnguyen/Library/Developer/Xcode/DerivedData/Wishie-gavmeupfwiyxzhaiqkwzocyeeixy/Build/Products/Debug-iphoneos/PackageFrameworks -F /Users/khanghnguyen/Library/Developer/Xcode/DerivedData/Wishie-gavmeupfwiyxzhaiqkwzocyeeixy/Build/Products/Debug-iphoneos/PackageFrameworks -F /Users/khanghnguyen/Library/Developer/Xcode/DerivedData/Wishie-gavmeupfwiyxzhaiqkwzocyeeixy/Build/Products/Debug-iphoneos/PackageFrameworks -F /Users/khanghnguyen/Library/Developer/Xcode/DerivedData/Wishie-gavmeupfwiyxzhaiqkwzocyeeixy/Build/Products/Debug-iphoneos/PackageFrameworks -F /Users/khanghnguyen/Library/Developer/Xcode/DerivedData/Wishie-gavmeupfwiyxzhaiqkwzocyeeixy/Build/Products/Debug-iphoneos/PackageFrameworks -F /Users/khanghnguyen/Library/Developer/Xcode/DerivedData/Wishie-gavmeupfwiyxzhaiqkwzocyeeixy/Build/Products/Debug-iphoneos -F /Applications/Xcode.app/Contents/Developer/Platforms/iPhoneOS.platform/Developer/Library/Frameworks -F /Applications/Xcode.app/Contents/Developer/Platforms/iPhoneOS.platform/Developer/SDKs/iPhoneOS26.2.sdk/Developer/Library/Frameworks -c -j8 -enable-batch-mode -incremental -Xcc -ivfsstatcache -Xcc /Users/khanghnguyen/Library/Developer/Xcode/DerivedData/SDKStatCaches.noindex/iphoneos26.2-23C57-3794476bd08197c3e2abd9bb477ef7f7.sdkstatcache -output-file-map /Users/khanghnguyen/Library/Developer/Xcode/DerivedData/Wishie-gavmeupfwiyxzhaiqkwzocyeeixy/Build/Intermediates.noindex/Firebase.build/Debug-iphoneos/FirebaseAuth.build/Objects-normal/arm64/FirebaseAuth-OutputFileMap.json -use-frontend-parseable-output -save-temps -no-color-diagnostics -explicit-module-build -module-cache-path /Users/khanghnguyen/Library/Developer/Xcode/DerivedData/Wishie-gavmeupfwiyxzhaiqkwzocyeeixy/Build/Intermediates.noindex/SwiftExplicitPrecompiledModules -clang-scanner-module-cache-path /Users/khanghnguyen/Library/Developer/Xcode/DerivedData/ModuleCache.noindex -sdk-module-cache-path /Users/khanghnguyen/Library/Developer/Xcode/DerivedData/ModuleCache.noindex -serialize-diagnostics -emit-dependencies -emit-module -emit-module-path /Users/khanghnguyen/Library/Developer/Xcode/DerivedData/Wishie-gavmeupfwiyxzhaiqkwzocyeeixy/Build/Intermediates.noindex/Firebase.build/Debug-iphoneos/FirebaseAuth.build/Objects-normal/arm64/FirebaseAuth.swiftmodule -user-module-version 12.13.0 -validate-clang-modules-once -clang-build-session-file /Users/khanghnguyen/Library/Developer/Xcode/DerivedData/ModuleCache.noindex/Session.modulevalidation -package-name firebase_ios_sdk -Xcc -I/Users/khanghnguyen/Library/Developer/Xcode/DerivedData/Wishie-gavmeupfwiyxzhaiqkwzocyeeixy/Build/Intermediates.noindex/Firebase.build/Debug-iphoneos/FirebaseAuth.build/swift-overrides.hmap -emit-const-values -Xfrontend -const-gather-protocols-file -Xfrontend /Users/khanghnguyen/Library/Developer/Xcode/DerivedData/Wishie-gavmeupfwiyxzhaiqkwzocyeeixy/Build/Intermediates.noindex/Firebase.build/Debug-iphoneos/FirebaseAuth.build/Objects-normal/arm64/FirebaseAuth_const_extract_protocols.json -Xcc -I/Users/khanghnguyen/Library/Developer/Xcode/DerivedData/Wishie-gavmeupfwiyxzhaiqkwzocyeeixy/SourcePackages/checkouts/interop-ios-for-google-sdks/RecaptchaEnterprise/RecaptchaInterop/Public -Xcc -I/Users/khanghnguyen/Library/Developer/Xcode/DerivedData/Wishie-gavmeupfwiyxzhaiqkwzocyeeixy/SourcePackages/checkouts/GoogleUtilities/GoogleUtilities/Network/Public -Xcc -I/Users/khanghnguyen/Library/Developer/Xcode/DerivedData/Wishie-gavmeupfwiyxzhaiqkwzocyeeixy/SourcePackages/checkouts/GoogleUtilities/GoogleUtilities/Reachability/Public -Xcc -I/Users/khanghnguyen/Library/Developer/Xcode/DerivedData/Wishie-gavmeupfwiyxzhaiqkwzocyeeixy/SourcePackages/checkouts/GoogleUtilities/GoogleUtilities/NSData+zlib/Public -Xcc -I/Users/khanghnguyen/Library/Developer/Xcode/DerivedData/Wishie-gavmeupfwiyxzhaiqkwzocyeeixy/SourcePackages/checkouts/GoogleUtilities/GoogleUtilities/Logger/Public -Xcc -I/Users/khanghnguyen/Library/Developer/Xcode/DerivedData/Wishie-gavmeupfwiyxzhaiqkwzocyeeixy/SourcePackages/checkouts/GoogleUtilities/GoogleUtilities/Environment/Public -Xcc -I/Users/khanghnguyen/Library/Developer/Xcode/DerivedData/Wishie-gavmeupfwiyxzhaiqkwzocyeeixy/SourcePackages/checkouts/GoogleUtilities/third_party/IsAppEncrypted/Public -Xcc -I/Users/khanghnguyen/Library/Developer/Xcode/DerivedData/Wishie-gavmeupfwiyxzhaiqkwzocyeeixy/SourcePackages/checkouts/GoogleUtilities/GoogleUtilities/AppDelegateSwizzler/Public -Xcc -I/Users/khanghnguyen/Library/Developer/Xcode/DerivedData/Wishie-gavmeupfwiyxzhaiqkwzocyeeixy/SourcePackages/checkouts/gtm-session-fetcher/Sources/Core/Public -Xcc -I/Users/khanghnguyen/Library/Developer/Xcode/DerivedData/Wishie-gavmeupfwiyxzhaiqkwzocyeeixy/SourcePackages/checkouts/firebase-ios-sdk/FirebaseCore/Extension -Xcc -I/Users/khanghnguyen/Library/Developer/Xcode/DerivedData/Wishie-gavmeupfwiyxzhaiqkwzocyeeixy/SourcePackages/checkouts/firebase-ios-sdk/FirebaseCore/Sources/Public -Xcc -I/Users/khanghnguyen/Library/Developer/Xcode/DerivedData/Wishie-gavmeupfwiyxzhaiqkwzocyeeixy/SourcePackages/checkouts/firebase-ios-sdk/CoreOnly/Sources -Xcc -I/Users/khanghnguyen/Library/Developer/Xcode/DerivedData/Wishie-gavmeupfwiyxzhaiqkwzocyeeixy/SourcePackages/checkouts/firebase-ios-sdk/FirebaseAuth/Sources/Public -Xcc -I/Users/khanghnguyen/Library/Developer/Xcode/DerivedData/Wishie-gavmeupfwiyxzhaiqkwzocyeeixy/SourcePackages/checkouts/firebase-ios-sdk/FirebaseAuth/Interop/Public -Xcc -I/Users/khanghnguyen/Library/Developer/Xcode/DerivedData/Wishie-gavmeupfwiyxzhaiqkwzocyeeixy/SourcePackages/checkouts/firebase-ios-sdk/FirebaseAppCheck/Interop/Public -Xcc -I/Users/khanghnguyen/Library/Developer/Xcode/DerivedData/Wishie-gavmeupfwiyxzhaiqkwzocyeeixy/Build/Products/Debug-iphoneos/include -Xcc -I/Users/khanghnguyen/Library/Developer/Xcode/DerivedData/Wishie-gavmeupfwiyxzhaiqkwzocyeeixy/Build/Intermediates.noindex/Firebase.build/Debug-iphoneos/FirebaseAuth.build/DerivedSources-normal/arm64 -Xcc -I/Users/khanghnguyen/Library/Developer/Xcode/DerivedData/Wishie-gavmeupfwiyxzhaiqkwzocyeeixy/Build/Intermediates.noindex/Firebase.build/Debug-iphoneos/FirebaseAuth.build/DerivedSources/arm64 -Xcc -I/Users/khanghnguyen/Library/Developer/Xcode/DerivedData/Wishie-gavmeupfwiyxzhaiqkwzocyeeixy/Build/Intermediates.noindex/Firebase.build/Debug-iphoneos/FirebaseAuth.build/DerivedSources -Xcc -DSWIFT_PACKAGE -Xcc -DDEBUG\=1 -emit-objc-header -emit-objc-header-path /Users/khanghnguyen/Library/Developer/Xcode/DerivedData/Wishie-gavmeupfwiyxzhaiqkwzocyeeixy/Build/Intermediates.noindex/Firebase.build/Debug-iphoneos/FirebaseAuth.build/Objects-normal/arm64/FirebaseAuth-Swift.h -working-directory /Users/khanghnguyen/Downloads/Wishie/Wishie.xcodeproj -experimental-emit-module-separately -disable-cmo

WriteAuxiliaryFile /Users/khanghnguyen/Library/Developer/Xcode/DerivedData/Wishie-gavmeupfwiyxzhaiqkwzocyeeixy/Build/Intermediates.noindex/gRPC.build/Debug-iphoneos/grpcppWrapper.build/grpcppWrapper.DependencyMetadataFileList (in target 'grpcppWrapper' from project 'gRPC')
    cd /Users/khanghnguyen/Library/Developer/Xcode/DerivedData/Wishie-gavmeupfwiyxzhaiqkwzocyeeixy/SourcePackages/checkouts/grpc-binary
    write-file /Users/khanghnguyen/Library/Developer/Xcode/DerivedData/Wishie-gavmeupfwiyxzhaiqkwzocyeeixy/Build/Intermediates.noindex/gRPC.build/Debug-iphoneos/grpcppWrapper.build/grpcppWrapper.DependencyMetadataFileList

WriteAuxiliaryFile /Users/khanghnguyen/Library/Developer/Xcode/DerivedData/Wishie-gavmeupfwiyxzhaiqkwzocyeeixy/Build/Intermediates.noindex/gRPC.build/Debug-iphoneos/grpcppWrapper.build/grpcppWrapper.DependencyStaticMetadataFileList (in target 'grpcppWrapper' from project 'gRPC')
    cd /Users/khanghnguyen/Library/Developer/Xcode/DerivedData/Wishie-gavmeupfwiyxzhaiqkwzocyeeixy/SourcePackages/checkouts/grpc-binary
    write-file /Users/khanghnguyen/Library/Developer/Xcode/DerivedData/Wishie-gavmeupfwiyxzhaiqkwzocyeeixy/Build/Intermediates.noindex/gRPC.build/Debug-iphoneos/grpcppWrapper.build/grpcppWrapper.DependencyStaticMetadataFileList

WriteAuxiliaryFile /Users/khanghnguyen/Library/Developer/Xcode/DerivedData/Wishie-gavmeupfwiyxzhaiqkwzocyeeixy/Build/Intermediates.noindex/gRPC.build/Debug-iphoneos/grpcppWrapper.build/grpcppWrapper.modulemap (in target 'grpcppWrapper' from project 'gRPC')
    cd /Users/khanghnguyen/Library/Developer/Xcode/DerivedData/Wishie-gavmeupfwiyxzhaiqkwzocyeeixy/SourcePackages/checkouts/grpc-binary
    write-file /Users/khanghnguyen/Library/Developer/Xcode/DerivedData/Wishie-gavmeupfwiyxzhaiqkwzocyeeixy/Build/Intermediates.noindex/gRPC.build/Debug-iphoneos/grpcppWrapper.build/grpcppWrapper.modulemap

WriteAuxiliaryFile /Users/khanghnguyen/Library/Developer/Xcode/DerivedData/Wishie-gavmeupfwiyxzhaiqkwzocyeeixy/Build/Intermediates.noindex/gRPC.build/Debug-iphoneos/grpcppWrapper.build/Objects-normal/arm64/grpcppWrapper.LinkFileList (in target 'grpcppWrapper' from project 'gRPC')
    cd /Users/khanghnguyen/Library/Developer/Xcode/DerivedData/Wishie-gavmeupfwiyxzhaiqkwzocyeeixy/SourcePackages/checkouts/grpc-binary
    write-file /Users/khanghnguyen/Library/Developer/Xcode/DerivedData/Wishie-gavmeupfwiyxzhaiqkwzocyeeixy/Build/Intermediates.noindex/gRPC.build/Debug-iphoneos/grpcppWrapper.build/Objects-normal/arm64/grpcppWrapper.LinkFileList

WriteAuxiliaryFile /Users/khanghnguyen/Library/Developer/Xcode/DerivedData/Wishie-gavmeupfwiyxzhaiqkwzocyeeixy/Build/Intermediates.noindex/gRPC.build/Debug-iphoneos/grpcppWrapper.build/Objects-normal/arm64/e6072d4f65d7061329687fe24e3d63a7-common-args.resp (in target 'grpcppWrapper' from project 'gRPC')
    cd /Users/khanghnguyen/Library/Developer/Xcode/DerivedData/Wishie-gavmeupfwiyxzhaiqkwzocyeeixy/SourcePackages/checkouts/grpc-binary
    write-file /Users/khanghnguyen/Library/Developer/Xcode/DerivedData/Wishie-gavmeupfwiyxzhaiqkwzocyeeixy/Build/Intermediates.noindex/gRPC.build/Debug-iphoneos/grpcppWrapper.build/Objects-normal/arm64/e6072d4f65d7061329687fe24e3d63a7-common-args.resp
-target arm64-apple-ios12.0 -fobjc-arc -fmodules -gmodules '-fmodules-cache-path=/Users/khanghnguyen/Library/Developer/Xcode/DerivedData/ModuleCache.noindex' '-fmodule-name=grpcppWrapper' -fpascal-strings -O0 -DSWIFT_PACKAGE '-DDEBUG=1' '-DOBJC_OLD_DISPATCH_PROTOTYPES=1' -isysroot /Applications/Xcode.app/Contents/Developer/Platforms/iPhoneOS.platform/Developer/SDKs/iPhoneOS26.2.sdk -g -fprofile-instr-generate -fcoverage-mapping -I/Users/khanghnguyen/Library/Developer/Xcode/DerivedData/Wishie-gavmeupfwiyxzhaiqkwzocyeeixy/SourcePackages/checkouts/abseil-cpp-binary/absl-Wrapper/include -I/Users/khanghnguyen/Library/Developer/Xcode/DerivedData/Wishie-gavmeupfwiyxzhaiqkwzocyeeixy/SourcePackages/checkouts/grpc-binary/openssl-grpc-Wrapper/include -I/Users/khanghnguyen/Library/Developer/Xcode/DerivedData/Wishie-gavmeupfwiyxzhaiqkwzocyeeixy/SourcePackages/checkouts/grpc-binary/grpc-Wrapper/include -I/Users/khanghnguyen/Library/Developer/Xcode/DerivedData/Wishie-gavmeupfwiyxzhaiqkwzocyeeixy/Build/Products/Debug-iphoneos/include -I/Users/khanghnguyen/Library/Developer/Xcode/DerivedData/Wishie-gavmeupfwiyxzhaiqkwzocyeeixy/SourcePackages/checkouts/grpc-binary/grpcpp-Wrapper/include -I/Users/khanghnguyen/Library/Developer/Xcode/DerivedData/Wishie-gavmeupfwiyxzhaiqkwzocyeeixy/Build/Intermediates.noindex/gRPC.build/Debug-iphoneos/grpcppWrapper.build/DerivedSources-normal/arm64 -I/Users/khanghnguyen/Library/Developer/Xcode/DerivedData/Wishie-gavmeupfwiyxzhaiqkwzocyeeixy/Build/Intermediates.noindex/gRPC.build/Debug-iphoneos/grpcppWrapper.build/DerivedSources/arm64 -I/Users/khanghnguyen/Library/Developer/Xcode/DerivedData/Wishie-gavmeupfwiyxzhaiqkwzocyeeixy/Build/Intermediates.noindex/gRPC.build/Debug-iphoneos/grpcppWrapper.build/DerivedSources -F/Users/khanghnguyen/Library/Developer/Xcode/DerivedData/Wishie-gavmeupfwiyxzhaiqkwzocyeeixy/Build/Products/Debug-iphoneos/PackageFrameworks -F/Users/khanghnguyen/Library/Developer/Xcode/DerivedData/Wishie-gavmeupfwiyxzhaiqkwzocyeeixy/Build/Products/Debug-iphoneos/PackageFrameworks -F/Users/khanghnguyen/Library/Developer/Xcode/DerivedData/Wishie-gavmeupfwiyxzhaiqkwzocyeeixy/Build/Products/Debug-iphoneos/PackageFrameworks -F/Users/khanghnguyen/Library/Developer/Xcode/DerivedData/Wishie-gavmeupfwiyxzhaiqkwzocyeeixy/Build/Products/Debug-iphoneos -iframework /Applications/Xcode.app/Contents/Developer/Platforms/iPhoneOS.platform/Developer/Library/Frameworks -iframework /Applications/Xcode.app/Contents/Developer/Platforms/iPhoneOS.platform/Developer/SDKs/iPhoneOS26.2.sdk/Developer/Library/Frameworks '-fmodule-map-file=/Users/khanghnguyen/Library/Developer/Xcode/DerivedData/Wishie-gavmeupfwiyxzhaiqkwzocyeeixy/Build/Intermediates.noindex/GeneratedModuleMaps-iphoneos/abslWrapper.modulemap' '-fmodule-map-file=/Users/khanghnguyen/Library/Developer/Xcode/DerivedData/Wishie-gavmeupfwiyxzhaiqkwzocyeeixy/Build/Intermediates.noindex/GeneratedModuleMaps-iphoneos/opensslWrapper.modulemap' '-fmodule-map-file=/Users/khanghnguyen/Library/Developer/Xcode/DerivedData/Wishie-gavmeupfwiyxzhaiqkwzocyeeixy/Build/Intermediates.noindex/GeneratedModuleMaps-iphoneos/grpcWrapper.modulemap' -DXcode

WriteAuxiliaryFile /Users/khanghnguyen/Library/Developer/Xcode/DerivedData/Wishie-gavmeupfwiyxzhaiqkwzocyeeixy/Build/Intermediates.noindex/gRPC.build/Debug-iphoneos/grpcppWrapper.build/DerivedSources/resource_bundle_accessor.m (in target 'grpcppWrapper' from project 'gRPC')
    cd /Users/khanghnguyen/Library/Developer/Xcode/DerivedData/Wishie-gavmeupfwiyxzhaiqkwzocyeeixy/SourcePackages/checkouts/grpc-binary
    write-file /Users/khanghnguyen/Library/Developer/Xcode/DerivedData/Wishie-gavmeupfwiyxzhaiqkwzocyeeixy/Build/Intermediates.noindex/gRPC.build/Debug-iphoneos/grpcppWrapper.build/DerivedSources/resource_bundle_accessor.m

WriteAuxiliaryFile /Users/khanghnguyen/Library/Developer/Xcode/DerivedData/Wishie-gavmeupfwiyxzhaiqkwzocyeeixy/Build/Intermediates.noindex/gRPC.build/Debug-iphoneos/grpcppWrapper.build/DerivedSources/resource_bundle_accessor.h (in target 'grpcppWrapper' from project 'gRPC')
    cd /Users/khanghnguyen/Library/Developer/Xcode/DerivedData/Wishie-gavmeupfwiyxzhaiqkwzocyeeixy/SourcePackages/checkouts/grpc-binary
    write-file /Users/khanghnguyen/Library/Developer/Xcode/DerivedData/Wishie-gavmeupfwiyxzhaiqkwzocyeeixy/Build/Intermediates.noindex/gRPC.build/Debug-iphoneos/grpcppWrapper.build/DerivedSources/resource_bundle_accessor.h

Copy /Users/khanghnguyen/Library/Developer/Xcode/DerivedData/Wishie-gavmeupfwiyxzhaiqkwzocyeeixy/Build/Intermediates.noindex/GeneratedModuleMaps-iphoneos/grpcppWrapper.modulemap /Users/khanghnguyen/Library/Developer/Xcode/DerivedData/Wishie-gavmeupfwiyxzhaiqkwzocyeeixy/Build/Intermediates.noindex/gRPC.build/Debug-iphoneos/grpcppWrapper.build/grpcppWrapper.modulemap (in target 'grpcppWrapper' from project 'gRPC')
    cd /Users/khanghnguyen/Library/Developer/Xcode/DerivedData/Wishie-gavmeupfwiyxzhaiqkwzocyeeixy/SourcePackages/checkouts/grpc-binary
    builtin-copy -exclude .DS_Store -exclude CVS -exclude .svn -exclude .git -exclude .hg -resolve-src-symlinks /Users/khanghnguyen/Library/Developer/Xcode/DerivedData/Wishie-gavmeupfwiyxzhaiqkwzocyeeixy/Build/Intermediates.noindex/gRPC.build/Debug-iphoneos/grpcppWrapper.build/grpcppWrapper.modulemap /Users/khanghnguyen/Library/Developer/Xcode/DerivedData/Wishie-gavmeupfwiyxzhaiqkwzocyeeixy/Build/Intermediates.noindex/GeneratedModuleMaps-iphoneos

WriteAuxiliaryFile /Users/khanghnguyen/Library/Developer/Xcode/DerivedData/Wishie-gavmeupfwiyxzhaiqkwzocyeeixy/Build/Intermediates.noindex/Wishie.build/Debug-iphoneos/Wishie.build/Wishie.hmap (in target 'Wishie' from project 'Wishie')
    cd /Users/khanghnguyen/Downloads/Wishie
    write-file /Users/khanghnguyen/Library/Developer/Xcode/DerivedData/Wishie-gavmeupfwiyxzhaiqkwzocyeeixy/Build/Intermediates.noindex/Wishie.build/Debug-iphoneos/Wishie.build/Wishie.hmap

WriteAuxiliaryFile /Users/khanghnguyen/Library/Developer/Xcode/DerivedData/Wishie-gavmeupfwiyxzhaiqkwzocyeeixy/Build/Intermediates.noindex/Wishie.build/Debug-iphoneos/Wishie.build/Wishie.DependencyStaticMetadataFileList (in target 'Wishie' from project 'Wishie')
    cd /Users/khanghnguyen/Downloads/Wishie
    write-file /Users/khanghnguyen/Library/Developer/Xcode/DerivedData/Wishie-gavmeupfwiyxzhaiqkwzocyeeixy/Build/Intermediates.noindex/Wishie.build/Debug-iphoneos/Wishie.build/Wishie.DependencyStaticMetadataFileList

WriteAuxiliaryFile /Users/khanghnguyen/Library/Developer/Xcode/DerivedData/Wishie-gavmeupfwiyxzhaiqkwzocyeeixy/Build/Intermediates.noindex/Wishie.build/Debug-iphoneos/Wishie.build/Wishie.DependencyMetadataFileList (in target 'Wishie' from project 'Wishie')
    cd /Users/khanghnguyen/Downloads/Wishie
    write-file /Users/khanghnguyen/Library/Developer/Xcode/DerivedData/Wishie-gavmeupfwiyxzhaiqkwzocyeeixy/Build/Intermediates.noindex/Wishie.build/Debug-iphoneos/Wishie.build/Wishie.DependencyMetadataFileList

WriteAuxiliaryFile /Users/khanghnguyen/Library/Developer/Xcode/DerivedData/Wishie-gavmeupfwiyxzhaiqkwzocyeeixy/Build/Intermediates.noindex/Wishie.build/Debug-iphoneos/Wishie.build/Wishie-project-headers.hmap (in target 'Wishie' from project 'Wishie')
    cd /Users/khanghnguyen/Downloads/Wishie
    write-file /Users/khanghnguyen/Library/Developer/Xcode/DerivedData/Wishie-gavmeupfwiyxzhaiqkwzocyeeixy/Build/Intermediates.noindex/Wishie.build/Debug-iphoneos/Wishie.build/Wishie-project-headers.hmap

WriteAuxiliaryFile /Users/khanghnguyen/Library/Developer/Xcode/DerivedData/Wishie-gavmeupfwiyxzhaiqkwzocyeeixy/Build/Intermediates.noindex/Wishie.build/Debug-iphoneos/Wishie.build/Wishie-own-target-headers.hmap (in target 'Wishie' from project 'Wishie')
    cd /Users/khanghnguyen/Downloads/Wishie
    write-file /Users/khanghnguyen/Library/Developer/Xcode/DerivedData/Wishie-gavmeupfwiyxzhaiqkwzocyeeixy/Build/Intermediates.noindex/Wishie.build/Debug-iphoneos/Wishie.build/Wishie-own-target-headers.hmap

WriteAuxiliaryFile /Users/khanghnguyen/Library/Developer/Xcode/DerivedData/Wishie-gavmeupfwiyxzhaiqkwzocyeeixy/Build/Intermediates.noindex/Wishie.build/Debug-iphoneos/Wishie.build/Wishie-generated-files.hmap (in target 'Wishie' from project 'Wishie')
    cd /Users/khanghnguyen/Downloads/Wishie
    write-file /Users/khanghnguyen/Library/Developer/Xcode/DerivedData/Wishie-gavmeupfwiyxzhaiqkwzocyeeixy/Build/Intermediates.noindex/Wishie.build/Debug-iphoneos/Wishie.build/Wishie-generated-files.hmap

WriteAuxiliaryFile /Users/khanghnguyen/Library/Developer/Xcode/DerivedData/Wishie-gavmeupfwiyxzhaiqkwzocyeeixy/Build/Intermediates.noindex/Wishie.build/Debug-iphoneos/Wishie.build/Wishie-all-target-headers.hmap (in target 'Wishie' from project 'Wishie')
    cd /Users/khanghnguyen/Downloads/Wishie
    write-file /Users/khanghnguyen/Library/Developer/Xcode/DerivedData/Wishie-gavmeupfwiyxzhaiqkwzocyeeixy/Build/Intermediates.noindex/Wishie.build/Debug-iphoneos/Wishie.build/Wishie-all-target-headers.hmap

WriteAuxiliaryFile /Users/khanghnguyen/Library/Developer/Xcode/DerivedData/Wishie-gavmeupfwiyxzhaiqkwzocyeeixy/Build/Intermediates.noindex/Wishie.build/Debug-iphoneos/Wishie.build/Wishie-all-non-framework-target-headers.hmap (in target 'Wishie' from project 'Wishie')
    cd /Users/khanghnguyen/Downloads/Wishie
    write-file /Users/khanghnguyen/Library/Developer/Xcode/DerivedData/Wishie-gavmeupfwiyxzhaiqkwzocyeeixy/Build/Intermediates.noindex/Wishie.build/Debug-iphoneos/Wishie.build/Wishie-all-non-framework-target-headers.hmap

WriteAuxiliaryFile /Users/khanghnguyen/Library/Developer/Xcode/DerivedData/Wishie-gavmeupfwiyxzhaiqkwzocyeeixy/Build/Intermediates.noindex/Wishie.build/Debug-iphoneos/Wishie.build/Wishie-DebugDylibPath-normal-arm64.txt (in target 'Wishie' from project 'Wishie')
    cd /Users/khanghnguyen/Downloads/Wishie
    write-file /Users/khanghnguyen/Library/Developer/Xcode/DerivedData/Wishie-gavmeupfwiyxzhaiqkwzocyeeixy/Build/Intermediates.noindex/Wishie.build/Debug-iphoneos/Wishie.build/Wishie-DebugDylibPath-normal-arm64.txt

WriteAuxiliaryFile /Users/khanghnguyen/Library/Developer/Xcode/DerivedData/Wishie-gavmeupfwiyxzhaiqkwzocyeeixy/Build/Intermediates.noindex/Wishie.build/Debug-iphoneos/Wishie.build/Wishie-DebugDylibInstallName-normal-arm64.txt (in target 'Wishie' from project 'Wishie')
    cd /Users/khanghnguyen/Downloads/Wishie
    write-file /Users/khanghnguyen/Library/Developer/Xcode/DerivedData/Wishie-gavmeupfwiyxzhaiqkwzocyeeixy/Build/Intermediates.noindex/Wishie.build/Debug-iphoneos/Wishie.build/Wishie-DebugDylibInstallName-normal-arm64.txt

WriteAuxiliaryFile /Users/khanghnguyen/Library/Developer/Xcode/DerivedData/Wishie-gavmeupfwiyxzhaiqkwzocyeeixy/Build/Intermediates.noindex/Wishie.build/Debug-iphoneos/Wishie.build/Objects-normal/arm64/Wishie.SwiftConstValuesFileList (in target 'Wishie' from project 'Wishie')
    cd /Users/khanghnguyen/Downloads/Wishie
    write-file /Users/khanghnguyen/Library/Developer/Xcode/DerivedData/Wishie-gavmeupfwiyxzhaiqkwzocyeeixy/Build/Intermediates.noindex/Wishie.build/Debug-iphoneos/Wishie.build/Objects-normal/arm64/Wishie.SwiftConstValuesFileList

WriteAuxiliaryFile /Users/khanghnguyen/Library/Developer/Xcode/DerivedData/Wishie-gavmeupfwiyxzhaiqkwzocyeeixy/Build/Intermediates.noindex/Wishie.build/Debug-iphoneos/Wishie.build/Objects-normal/arm64/Wishie_const_extract_protocols.json (in target 'Wishie' from project 'Wishie')
    cd /Users/khanghnguyen/Downloads/Wishie
    write-file /Users/khanghnguyen/Library/Developer/Xcode/DerivedData/Wishie-gavmeupfwiyxzhaiqkwzocyeeixy/Build/Intermediates.noindex/Wishie.build/Debug-iphoneos/Wishie.build/Objects-normal/arm64/Wishie_const_extract_protocols.json

WriteAuxiliaryFile /Users/khanghnguyen/Library/Developer/Xcode/DerivedData/Wishie-gavmeupfwiyxzhaiqkwzocyeeixy/Build/Intermediates.noindex/Wishie.build/Debug-iphoneos/Wishie.build/Objects-normal/arm64/Wishie.LinkFileList (in target 'Wishie' from project 'Wishie')
    cd /Users/khanghnguyen/Downloads/Wishie
    write-file /Users/khanghnguyen/Library/Developer/Xcode/DerivedData/Wishie-gavmeupfwiyxzhaiqkwzocyeeixy/Build/Intermediates.noindex/Wishie.build/Debug-iphoneos/Wishie.build/Objects-normal/arm64/Wishie.LinkFileList

WriteAuxiliaryFile /Users/khanghnguyen/Library/Developer/Xcode/DerivedData/Wishie-gavmeupfwiyxzhaiqkwzocyeeixy/Build/Intermediates.noindex/Wishie.build/Debug-iphoneos/Wishie.build/Objects-normal/arm64/Wishie-OutputFileMap.json (in target 'Wishie' from project 'Wishie')
    cd /Users/khanghnguyen/Downloads/Wishie
    write-file /Users/khanghnguyen/Library/Developer/Xcode/DerivedData/Wishie-gavmeupfwiyxzhaiqkwzocyeeixy/Build/Intermediates.noindex/Wishie.build/Debug-iphoneos/Wishie.build/Objects-normal/arm64/Wishie-OutputFileMap.json

WriteAuxiliaryFile /Users/khanghnguyen/Library/Developer/Xcode/DerivedData/Wishie-gavmeupfwiyxzhaiqkwzocyeeixy/Build/Intermediates.noindex/Wishie.build/Debug-iphoneos/Wishie.build/Objects-normal/arm64/Wishie.SwiftFileList (in target 'Wishie' from project 'Wishie')
    cd /Users/khanghnguyen/Downloads/Wishie
    write-file /Users/khanghnguyen/Library/Developer/Xcode/DerivedData/Wishie-gavmeupfwiyxzhaiqkwzocyeeixy/Build/Intermediates.noindex/Wishie.build/Debug-iphoneos/Wishie.build/Objects-normal/arm64/Wishie.SwiftFileList

WriteAuxiliaryFile /Users/khanghnguyen/Library/Developer/Xcode/DerivedData/Wishie-gavmeupfwiyxzhaiqkwzocyeeixy/Build/Intermediates.noindex/Wishie.build/Debug-iphoneos/Wishie.build/DerivedSources/Entitlements.plist (in target 'Wishie' from project 'Wishie')
    cd /Users/khanghnguyen/Downloads/Wishie
    write-file /Users/khanghnguyen/Library/Developer/Xcode/DerivedData/Wishie-gavmeupfwiyxzhaiqkwzocyeeixy/Build/Intermediates.noindex/Wishie.build/Debug-iphoneos/Wishie.build/DerivedSources/Entitlements.plist

ExtractAppIntentsMetadata (in target 'XCTestDynamicOverlay' from project 'xctest-dynamic-overlay')
    cd /Users/khanghnguyen/Library/Developer/Xcode/DerivedData/Wishie-gavmeupfwiyxzhaiqkwzocyeeixy/SourcePackages/checkouts/xctest-dynamic-overlay
    /Applications/Xcode.app/Contents/Developer/Toolchains/XcodeDefault.xctoolchain/usr/bin/appintentsmetadataprocessor --toolchain-dir /Applications/Xcode.app/Contents/Developer/Toolchains/XcodeDefault.xctoolchain --module-name XCTestDynamicOverlay --sdk-root /Applications/Xcode.app/Contents/Developer/Platforms/iPhoneOS.platform/Developer/SDKs/iPhoneOS26.2.sdk --xcode-version 17C529 --platform-family iOS --deployment-target 13.0 --bundle-identifier xctest-dynamic-overlay.XCTestDynamicOverlay --output /Users/khanghnguyen/Library/Developer/Xcode/DerivedData/Wishie-gavmeupfwiyxzhaiqkwzocyeeixy/Build/Products/Debug-iphoneos/XCTestDynamicOverlay.appintents --target-triple arm64-apple-ios13.0 --binary-file /Users/khanghnguyen/Library/Developer/Xcode/DerivedData/Wishie-gavmeupfwiyxzhaiqkwzocyeeixy/Build/Products/Debug-iphoneos/XCTestDynamicOverlay.o --dependency-file /Users/khanghnguyen/Library/Developer/Xcode/DerivedData/Wishie-gavmeupfwiyxzhaiqkwzocyeeixy/Build/Intermediates.noindex/xctest-dynamic-overlay.build/Debug-iphoneos/XCTestDynamicOverlay.build/Objects-normal/arm64/XCTestDynamicOverlay_dependency_info.dat --stringsdata-file /Users/khanghnguyen/Library/Developer/Xcode/DerivedData/Wishie-gavmeupfwiyxzhaiqkwzocyeeixy/Build/Intermediates.noindex/xctest-dynamic-overlay.build/Debug-iphoneos/XCTestDynamicOverlay.build/Objects-normal/arm64/ExtractedAppShortcutsMetadata.stringsdata --source-file-list /Users/khanghnguyen/Library/Developer/Xcode/DerivedData/Wishie-gavmeupfwiyxzhaiqkwzocyeeixy/Build/Intermediates.noindex/xctest-dynamic-overlay.build/Debug-iphoneos/XCTestDynamicOverlay.build/Objects-normal/arm64/XCTestDynamicOverlay.SwiftFileList --metadata-file-list /Users/khanghnguyen/Library/Developer/Xcode/DerivedData/Wishie-gavmeupfwiyxzhaiqkwzocyeeixy/Build/Intermediates.noindex/xctest-dynamic-overlay.build/Debug-iphoneos/XCTestDynamicOverlay.build/XCTestDynamicOverlay.DependencyMetadataFileList --static-metadata-file-list /Users/khanghnguyen/Library/Developer/Xcode/DerivedData/Wishie-gavmeupfwiyxzhaiqkwzocyeeixy/Build/Intermediates.noindex/xctest-dynamic-overlay.build/Debug-iphoneos/XCTestDynamicOverlay.build/XCTestDynamicOverlay.DependencyStaticMetadataFileList --swift-const-vals-list /Users/khanghnguyen/Library/Developer/Xcode/DerivedData/Wishie-gavmeupfwiyxzhaiqkwzocyeeixy/Build/Intermediates.noindex/xctest-dynamic-overlay.build/Debug-iphoneos/XCTestDynamicOverlay.build/Objects-normal/arm64/XCTestDynamicOverlay.SwiftConstValuesFileList --force --compile-time-extraction --deployment-aware-processing --validate-assistant-intents --no-app-shortcuts-localization
2026-05-24 14:36:15.130 appintentsmetadataprocessor[44709:13982124] Starting appintentsmetadataprocessor export
2026-05-24 14:36:15.268 appintentsmetadataprocessor[44709:13982124] Extracted no relevant App Intents symbols, skipping writing output

MkDir /Users/khanghnguyen/Library/Developer/Xcode/DerivedData/Wishie-gavmeupfwiyxzhaiqkwzocyeeixy/Build/Products/Debug-iphoneos/Wishie.app (in target 'Wishie' from project 'Wishie')
    cd /Users/khanghnguyen/Downloads/Wishie
    /bin/mkdir -p /Users/khanghnguyen/Library/Developer/Xcode/DerivedData/Wishie-gavmeupfwiyxzhaiqkwzocyeeixy/Build/Products/Debug-iphoneos/Wishie.app

MkDir /Users/khanghnguyen/Library/Developer/Xcode/DerivedData/Wishie-gavmeupfwiyxzhaiqkwzocyeeixy/Build/Products/Debug-iphoneos/Wishie.app/Frameworks (in target 'Wishie' from project 'Wishie')
    cd /Users/khanghnguyen/Downloads/Wishie
    /bin/mkdir -p /Users/khanghnguyen/Library/Developer/Xcode/DerivedData/Wishie-gavmeupfwiyxzhaiqkwzocyeeixy/Build/Products/Debug-iphoneos/Wishie.app/Frameworks

RegisterExecutionPolicyException /Users/khanghnguyen/Library/Developer/Xcode/DerivedData/Wishie-gavmeupfwiyxzhaiqkwzocyeeixy/Build/Products/Debug-iphoneos/FirebaseAuthInternal.o (in target 'FirebaseAuthInternal' from project 'Firebase')
    cd /Users/khanghnguyen/Library/Developer/Xcode/DerivedData/Wishie-gavmeupfwiyxzhaiqkwzocyeeixy/SourcePackages/checkouts/firebase-ios-sdk
    builtin-RegisterExecutionPolicyException /Users/khanghnguyen/Library/Developer/Xcode/DerivedData/Wishie-gavmeupfwiyxzhaiqkwzocyeeixy/Build/Products/Debug-iphoneos/FirebaseAuthInternal.o

Ld /Users/khanghnguyen/Library/Developer/Xcode/DerivedData/Wishie-gavmeupfwiyxzhaiqkwzocyeeixy/Build/Products/Debug-iphoneos/GoogleUtilities-Reachability.o normal (in target 'GoogleUtilities-Reachability' from project 'GoogleUtilities')
    cd /Users/khanghnguyen/Library/Developer/Xcode/DerivedData/Wishie-gavmeupfwiyxzhaiqkwzocyeeixy/SourcePackages/checkouts/GoogleUtilities
    /Applications/Xcode.app/Contents/Developer/Toolchains/XcodeDefault.xctoolchain/usr/bin/clang -Xlinker -reproducible -target arm64-apple-ios12.0 -r -isysroot /Applications/Xcode.app/Contents/Developer/Platforms/iPhoneOS.platform/Developer/SDKs/iPhoneOS26.2.sdk -O0 -w -L/Users/khanghnguyen/Library/Developer/Xcode/DerivedData/Wishie-gavmeupfwiyxzhaiqkwzocyeeixy/Build/Intermediates.noindex/EagerLinkingTBDs/Debug-iphoneos -L/Users/khanghnguyen/Library/Developer/Xcode/DerivedData/Wishie-gavmeupfwiyxzhaiqkwzocyeeixy/Build/Products/Debug-iphoneos -L/Applications/Xcode.app/Contents/Developer/Platforms/iPhoneOS.platform/Developer/usr/lib -F/Users/khanghnguyen/Library/Developer/Xcode/DerivedData/Wishie-gavmeupfwiyxzhaiqkwzocyeeixy/Build/Intermediates.noindex/EagerLinkingTBDs/Debug-iphoneos -F/Users/khanghnguyen/Library/Developer/Xcode/DerivedData/Wishie-gavmeupfwiyxzhaiqkwzocyeeixy/Build/Products/Debug-iphoneos/PackageFrameworks -F/Users/khanghnguyen/Library/Developer/Xcode/DerivedData/Wishie-gavmeupfwiyxzhaiqkwzocyeeixy/Build/Products/Debug-iphoneos/PackageFrameworks -F/Users/khanghnguyen/Library/Developer/Xcode/DerivedData/Wishie-gavmeupfwiyxzhaiqkwzocyeeixy/Build/Products/Debug-iphoneos/PackageFrameworks -F/Users/khanghnguyen/Library/Developer/Xcode/DerivedData/Wishie-gavmeupfwiyxzhaiqkwzocyeeixy/Build/Products/Debug-iphoneos -iframework /Applications/Xcode.app/Contents/Developer/Platforms/iPhoneOS.platform/Developer/Library/Frameworks -iframework /Applications/Xcode.app/Contents/Developer/Platforms/iPhoneOS.platform/Developer/SDKs/iPhoneOS26.2.sdk/Developer/Library/Frameworks -filelist /Users/khanghnguyen/Library/Developer/Xcode/DerivedData/Wishie-gavmeupfwiyxzhaiqkwzocyeeixy/Build/Intermediates.noindex/GoogleUtilities.build/Debug-iphoneos/GoogleUtilities-Reachability.build/Objects-normal/arm64/GoogleUtilities-Reachability.LinkFileList -nostdlib -Xlinker -object_path_lto -Xlinker /Users/khanghnguyen/Library/Developer/Xcode/DerivedData/Wishie-gavmeupfwiyxzhaiqkwzocyeeixy/Build/Intermediates.noindex/GoogleUtilities.build/Debug-iphoneos/GoogleUtilities-Reachability.build/Objects-normal/arm64/GoogleUtilities-Reachability_lto.o -rdynamic -Xlinker -no_deduplicate -Xlinker -debug_variant -Xlinker -dependency_info -Xlinker /Users/khanghnguyen/Library/Developer/Xcode/DerivedData/Wishie-gavmeupfwiyxzhaiqkwzocyeeixy/Build/Intermediates.noindex/GoogleUtilities.build/Debug-iphoneos/GoogleUtilities-Reachability.build/Objects-normal/arm64/GoogleUtilities-Reachability_dependency_info.dat -fobjc-arc -fobjc-link-runtime -o /Users/khanghnguyen/Library/Developer/Xcode/DerivedData/Wishie-gavmeupfwiyxzhaiqkwzocyeeixy/Build/Products/Debug-iphoneos/GoogleUtilities-Reachability.o

ScanDependencies /Users/khanghnguyen/Library/Developer/Xcode/DerivedData/Wishie-gavmeupfwiyxzhaiqkwzocyeeixy/Build/Intermediates.noindex/gRPC.build/Debug-iphoneos/grpcppWrapper.build/Objects-normal/arm64/resource_bundle_accessor.o /Users/khanghnguyen/Library/Developer/Xcode/DerivedData/Wishie-gavmeupfwiyxzhaiqkwzocyeeixy/Build/Intermediates.noindex/gRPC.build/Debug-iphoneos/grpcppWrapper.build/DerivedSources/resource_bundle_accessor.m normal arm64 objective-c com.apple.compilers.llvm.clang.1_0.compiler (in target 'grpcppWrapper' from project 'gRPC')
    cd /Users/khanghnguyen/Downloads/Wishie/Wishie.xcodeproj
    
    Using response file: /Users/khanghnguyen/Library/Developer/Xcode/DerivedData/Wishie-gavmeupfwiyxzhaiqkwzocyeeixy/Build/Intermediates.noindex/gRPC.build/Debug-iphoneos/grpcppWrapper.build/Objects-normal/arm64/e6072d4f65d7061329687fe24e3d63a7-common-args.resp
    
    builtin-ScanDependencies -o /Users/khanghnguyen/Library/Developer/Xcode/DerivedData/Wishie-gavmeupfwiyxzhaiqkwzocyeeixy/Build/Intermediates.noindex/gRPC.build/Debug-iphoneos/grpcppWrapper.build/Objects-normal/arm64/resource_bundle_accessor.o.scan -- /Applications/Xcode.app/Contents/Developer/Toolchains/XcodeDefault.xctoolchain/usr/bin/clang -x objective-c -ivfsstatcache /Users/khanghnguyen/Library/Developer/Xcode/DerivedData/SDKStatCaches.noindex/iphoneos26.2-23C57-3794476bd08197c3e2abd9bb477ef7f7.sdkstatcache -fmessage-length\=0 -fdiagnostics-show-note-include-stack -fmacro-backtrace-limit\=0 -fno-color-diagnostics -fmodules-prune-interval\=86400 -fmodules-prune-after\=345600 -fbuild-session-file\=/Users/khanghnguyen/Library/Developer/Xcode/DerivedData/ModuleCache.noindex/Session.modulevalidation -fmodules-validate-once-per-build-session -Wnon-modular-include-in-framework-module -Werror\=non-modular-include-in-framework-module -Wno-trigraphs -Wno-missing-field-initializers -Wno-missing-prototypes -Wno-return-type -Wno-implicit-atomic-properties -Wno-objc-interface-ivars -Wno-arc-repeated-use-of-weak -Wno-missing-braces -Wparentheses -Wswitch -Wno-unused-function -Wno-unused-label -Wno-unused-parameter -Wno-unused-variable -Wunused-value -Wno-empty-body -Wno-uninitialized -Wno-unknown-pragmas -w -Wno-shadow -Wno-four-char-constants -Wno-conversion -Wno-constant-conversion -Wno-int-conversion -Wno-bool-conversion -Wno-enum-conversion -Wno-float-conversion -Wno-non-literal-null-conversion -Wno-objc-literal-conversion -Wshorten-64-to-32 -Wpointer-sign -Wno-newline-eof -Wno-selector -Wno-strict-selector-match -Wno-undeclared-selector -Wno-deprecated-implementations -Wno-implicit-fallthrough -fstrict-aliasing -Wprotocol -Wdeprecated-declarations -Wno-sign-conversion -Wno-infinite-recursion -Wno-comma -Wno-block-capture-autoreleasing -Wno-strict-prototypes -Wno-semicolon-before-method-body -index-store-path /Users/khanghnguyen/Library/Developer/Xcode/DerivedData/Wishie-gavmeupfwiyxzhaiqkwzocyeeixy/Index.noindex/DataStore @/Users/khanghnguyen/Library/Developer/Xcode/DerivedData/Wishie-gavmeupfwiyxzhaiqkwzocyeeixy/Build/Intermediates.noindex/gRPC.build/Debug-iphoneos/grpcppWrapper.build/Objects-normal/arm64/e6072d4f65d7061329687fe24e3d63a7-common-args.resp -include /Users/khanghnguyen/Library/Developer/Xcode/DerivedData/Wishie-gavmeupfwiyxzhaiqkwzocyeeixy/Build/Intermediates.noindex/gRPC.build/Debug-iphoneos/grpcppWrapper.build/DerivedSources/resource_bundle_accessor.h -MMD -MT dependencies -MF /Users/khanghnguyen/Library/Developer/Xcode/DerivedData/Wishie-gavmeupfwiyxzhaiqkwzocyeeixy/Build/Intermediates.noindex/gRPC.build/Debug-iphoneos/grpcppWrapper.build/Objects-normal/arm64/resource_bundle_accessor.d --serialize-diagnostics /Users/khanghnguyen/Library/Developer/Xcode/DerivedData/Wishie-gavmeupfwiyxzhaiqkwzocyeeixy/Build/Intermediates.noindex/gRPC.build/Debug-iphoneos/grpcppWrapper.build/Objects-normal/arm64/resource_bundle_accessor.dia -c /Users/khanghnguyen/Library/Developer/Xcode/DerivedData/Wishie-gavmeupfwiyxzhaiqkwzocyeeixy/Build/Intermediates.noindex/gRPC.build/Debug-iphoneos/grpcppWrapper.build/DerivedSources/resource_bundle_accessor.m -o /Users/khanghnguyen/Library/Developer/Xcode/DerivedData/Wishie-gavmeupfwiyxzhaiqkwzocyeeixy/Build/Intermediates.noindex/gRPC.build/Debug-iphoneos/grpcppWrapper.build/Objects-normal/arm64/resource_bundle_accessor.o -index-unit-output-path /gRPC.build/Debug-iphoneos/grpcppWrapper.build/Objects-normal/arm64/resource_bundle_accessor.o

ScanDependencies /Users/khanghnguyen/Library/Developer/Xcode/DerivedData/Wishie-gavmeupfwiyxzhaiqkwzocyeeixy/Build/Intermediates.noindex/gRPC.build/Debug-iphoneos/grpcppWrapper.build/Objects-normal/arm64/empty.o /Users/khanghnguyen/Library/Developer/Xcode/DerivedData/Wishie-gavmeupfwiyxzhaiqkwzocyeeixy/SourcePackages/checkouts/grpc-binary/grpcpp-Wrapper/empty.m normal arm64 objective-c com.apple.compilers.llvm.clang.1_0.compiler (in target 'grpcppWrapper' from project 'gRPC')
    cd /Users/khanghnguyen/Downloads/Wishie/Wishie.xcodeproj
    
    Using response file: /Users/khanghnguyen/Library/Developer/Xcode/DerivedData/Wishie-gavmeupfwiyxzhaiqkwzocyeeixy/Build/Intermediates.noindex/gRPC.build/Debug-iphoneos/grpcppWrapper.build/Objects-normal/arm64/e6072d4f65d7061329687fe24e3d63a7-common-args.resp
    
    builtin-ScanDependencies -o /Users/khanghnguyen/Library/Developer/Xcode/DerivedData/Wishie-gavmeupfwiyxzhaiqkwzocyeeixy/Build/Intermediates.noindex/gRPC.build/Debug-iphoneos/grpcppWrapper.build/Objects-normal/arm64/empty.o.scan -- /Applications/Xcode.app/Contents/Developer/Toolchains/XcodeDefault.xctoolchain/usr/bin/clang -x objective-c -ivfsstatcache /Users/khanghnguyen/Library/Developer/Xcode/DerivedData/SDKStatCaches.noindex/iphoneos26.2-23C57-3794476bd08197c3e2abd9bb477ef7f7.sdkstatcache -fmessage-length\=0 -fdiagnostics-show-note-include-stack -fmacro-backtrace-limit\=0 -fno-color-diagnostics -fmodules-prune-interval\=86400 -fmodules-prune-after\=345600 -fbuild-session-file\=/Users/khanghnguyen/Library/Developer/Xcode/DerivedData/ModuleCache.noindex/Session.modulevalidation -fmodules-validate-once-per-build-session -Wnon-modular-include-in-framework-module -Werror\=non-modular-include-in-framework-module -Wno-trigraphs -Wno-missing-field-initializers -Wno-missing-prototypes -Wno-return-type -Wno-implicit-atomic-properties -Wno-objc-interface-ivars -Wno-arc-repeated-use-of-weak -Wno-missing-braces -Wparentheses -Wswitch -Wno-unused-function -Wno-unused-label -Wno-unused-parameter -Wno-unused-variable -Wunused-value -Wno-empty-body -Wno-uninitialized -Wno-unknown-pragmas -w -Wno-shadow -Wno-four-char-constants -Wno-conversion -Wno-constant-conversion -Wno-int-conversion -Wno-bool-conversion -Wno-enum-conversion -Wno-float-conversion -Wno-non-literal-null-conversion -Wno-objc-literal-conversion -Wshorten-64-to-32 -Wpointer-sign -Wno-newline-eof -Wno-selector -Wno-strict-selector-match -Wno-undeclared-selector -Wno-deprecated-implementations -Wno-implicit-fallthrough -fstrict-aliasing -Wprotocol -Wdeprecated-declarations -Wno-sign-conversion -Wno-infinite-recursion -Wno-comma -Wno-block-capture-autoreleasing -Wno-strict-prototypes -Wno-semicolon-before-method-body -index-store-path /Users/khanghnguyen/Library/Developer/Xcode/DerivedData/Wishie-gavmeupfwiyxzhaiqkwzocyeeixy/Index.noindex/DataStore @/Users/khanghnguyen/Library/Developer/Xcode/DerivedData/Wishie-gavmeupfwiyxzhaiqkwzocyeeixy/Build/Intermediates.noindex/gRPC.build/Debug-iphoneos/grpcppWrapper.build/Objects-normal/arm64/e6072d4f65d7061329687fe24e3d63a7-common-args.resp -include /Users/khanghnguyen/Library/Developer/Xcode/DerivedData/Wishie-gavmeupfwiyxzhaiqkwzocyeeixy/Build/Intermediates.noindex/gRPC.build/Debug-iphoneos/grpcppWrapper.build/DerivedSources/resource_bundle_accessor.h -MMD -MT dependencies -MF /Users/khanghnguyen/Library/Developer/Xcode/DerivedData/Wishie-gavmeupfwiyxzhaiqkwzocyeeixy/Build/Intermediates.noindex/gRPC.build/Debug-iphoneos/grpcppWrapper.build/Objects-normal/arm64/empty.d --serialize-diagnostics /Users/khanghnguyen/Library/Developer/Xcode/DerivedData/Wishie-gavmeupfwiyxzhaiqkwzocyeeixy/Build/Intermediates.noindex/gRPC.build/Debug-iphoneos/grpcppWrapper.build/Objects-normal/arm64/empty.dia -c /Users/khanghnguyen/Library/Developer/Xcode/DerivedData/Wishie-gavmeupfwiyxzhaiqkwzocyeeixy/SourcePackages/checkouts/grpc-binary/grpcpp-Wrapper/empty.m -o /Users/khanghnguyen/Library/Developer/Xcode/DerivedData/Wishie-gavmeupfwiyxzhaiqkwzocyeeixy/Build/Intermediates.noindex/gRPC.build/Debug-iphoneos/grpcppWrapper.build/Objects-normal/arm64/empty.o -index-unit-output-path /gRPC.build/Debug-iphoneos/grpcppWrapper.build/Objects-normal/arm64/empty.o

RegisterExecutionPolicyException /Users/khanghnguyen/Library/Developer/Xcode/DerivedData/Wishie-gavmeupfwiyxzhaiqkwzocyeeixy/Build/Products/Debug-iphoneos/Crypto.o (in target 'Crypto' from project 'swift-crypto')
    cd /Users/khanghnguyen/Library/Developer/Xcode/DerivedData/Wishie-gavmeupfwiyxzhaiqkwzocyeeixy/SourcePackages/checkouts/swift-crypto
    builtin-RegisterExecutionPolicyException /Users/khanghnguyen/Library/Developer/Xcode/DerivedData/Wishie-gavmeupfwiyxzhaiqkwzocyeeixy/Build/Products/Debug-iphoneos/Crypto.o

SwiftDriver FirebaseFirestore normal arm64 com.apple.xcode.tools.swift.compiler (in target 'FirebaseFirestore' from project 'Firebase')
    cd /Users/khanghnguyen/Downloads/Wishie/Wishie.xcodeproj
    builtin-SwiftDriver -- /Applications/Xcode.app/Contents/Developer/Toolchains/XcodeDefault.xctoolchain/usr/bin/swiftc -module-name FirebaseFirestore -Onone -enforce-exclusivity\=checked @/Users/khanghnguyen/Library/Developer/Xcode/DerivedData/Wishie-gavmeupfwiyxzhaiqkwzocyeeixy/Build/Intermediates.noindex/Firebase.build/Debug-iphoneos/FirebaseFirestore.build/Objects-normal/arm64/FirebaseFirestore.SwiftFileList -DSWIFT_PACKAGE -DDEBUG -DSWIFT_MODULE_RESOURCE_BUNDLE_AVAILABLE -Xcc -fmodule-map-file\=/Users/khanghnguyen/Library/Developer/Xcode/DerivedData/Wishie-gavmeupfwiyxzhaiqkwzocyeeixy/Build/Intermediates.noindex/GeneratedModuleMaps-iphoneos/GoogleUtilities-NSData.modulemap -Xcc -fmodule-map-file\=/Users/khanghnguyen/Library/Developer/Xcode/DerivedData/Wishie-gavmeupfwiyxzhaiqkwzocyeeixy/Build/Intermediates.noindex/GeneratedModuleMaps-iphoneos/GoogleUtilities-Environment.modulemap -Xcc -fmodule-map-file\=/Users/khanghnguyen/Library/Developer/Xcode/DerivedData/Wishie-gavmeupfwiyxzhaiqkwzocyeeixy/Build/Intermediates.noindex/GeneratedModuleMaps-iphoneos/third-party-IsAppEncrypted.modulemap -Xcc -fmodule-map-file\=/Users/khanghnguyen/Library/Developer/Xcode/DerivedData/Wishie-gavmeupfwiyxzhaiqkwzocyeeixy/Build/Intermediates.noindex/GeneratedModuleMaps-iphoneos/GoogleUtilities-Logger.modulemap -Xcc -fmodule-map-file\=/Users/khanghnguyen/Library/Developer/Xcode/DerivedData/Wishie-gavmeupfwiyxzhaiqkwzocyeeixy/Build/Intermediates.noindex/GeneratedModuleMaps-iphoneos/abslWrapper.modulemap -Xcc -fmodule-map-file\=/Users/khanghnguyen/Library/Developer/Xcode/DerivedData/Wishie-gavmeupfwiyxzhaiqkwzocyeeixy/Build/Intermediates.noindex/GeneratedModuleMaps-iphoneos/opensslWrapper.modulemap -Xcc -fmodule-map-file\=/Users/khanghnguyen/Library/Developer/Xcode/DerivedData/Wishie-gavmeupfwiyxzhaiqkwzocyeeixy/Build/Intermediates.noindex/GeneratedModuleMaps-iphoneos/grpcWrapper.modulemap -Xcc -fmodule-map-file\=/Users/khanghnguyen/Library/Developer/Xcode/DerivedData/Wishie-gavmeupfwiyxzhaiqkwzocyeeixy/Build/Intermediates.noindex/GeneratedModuleMaps-iphoneos/grpcppWrapper.modulemap -Xcc -fmodule-map-file\=/Users/khanghnguyen/Library/Developer/Xcode/DerivedData/Wishie-gavmeupfwiyxzhaiqkwzocyeeixy/Build/Intermediates.noindex/GeneratedModuleMaps-iphoneos/nanopb.modulemap -Xcc -fmodule-map-file\=/Users/khanghnguyen/Library/Developer/Xcode/DerivedData/Wishie-gavmeupfwiyxzhaiqkwzocyeeixy/Build/Intermediates.noindex/GeneratedModuleMaps-iphoneos/leveldb.modulemap -Xcc -fmodule-map-file\=/Users/khanghnguyen/Library/Developer/Xcode/DerivedData/Wishie-gavmeupfwiyxzhaiqkwzocyeeixy/Build/Intermediates.noindex/GeneratedModuleMaps-iphoneos/FirebaseCoreExtension.modulemap -Xcc -fmodule-map-file\=/Users/khanghnguyen/Library/Developer/Xcode/DerivedData/Wishie-gavmeupfwiyxzhaiqkwzocyeeixy/Build/Intermediates.noindex/GeneratedModuleMaps-iphoneos/FirebaseCore.modulemap -Xcc -fmodule-map-file\=/Users/khanghnguyen/Library/Developer/Xcode/DerivedData/Wishie-gavmeupfwiyxzhaiqkwzocyeeixy/Build/Intermediates.noindex/GeneratedModuleMaps-iphoneos/FirebaseAppCheckInterop.modulemap -Xcc -fmodule-map-file\=/Users/khanghnguyen/Library/Developer/Xcode/DerivedData/Wishie-gavmeupfwiyxzhaiqkwzocyeeixy/Build/Intermediates.noindex/GeneratedModuleMaps-iphoneos/FirebaseFirestoreInternalWrapper.modulemap -DXcode -plugin-path /Applications/Xcode.app/Contents/Developer/Toolchains/XcodeDefault.xctoolchain/usr/lib/swift/host/plugins/testing -enable-experimental-feature DebugDescriptionMacro -sdk /Applications/Xcode.app/Contents/Developer/Platforms/iPhoneOS.platform/Developer/SDKs/iPhoneOS26.2.sdk -target arm64-apple-ios15.0 -g -module-cache-path /Users/khanghnguyen/Library/Developer/Xcode/DerivedData/ModuleCache.noindex -Xfrontend -serialize-debugging-options -profile-coverage-mapping -profile-generate -enable-testing -suppress-warnings -index-store-path /Users/khanghnguyen/Library/Developer/Xcode/DerivedData/Wishie-gavmeupfwiyxzhaiqkwzocyeeixy/Index.noindex/DataStore -Xcc -D_LIBCPP_HARDENING_MODE\=_LIBCPP_HARDENING_MODE_DEBUG -swift-version 5 -I /Users/khanghnguyen/Library/Developer/Xcode/DerivedData/Wishie-gavmeupfwiyxzhaiqkwzocyeeixy/Build/Products/Debug-iphoneos -Isystem /Applications/Xcode.app/Contents/Developer/Platforms/iPhoneOS.platform/Developer/usr/lib -F /Users/khanghnguyen/Library/Developer/Xcode/DerivedData/Wishie-gavmeupfwiyxzhaiqkwzocyeeixy/Build/Products/Debug-iphoneos/PackageFrameworks -F /Users/khanghnguyen/Library/Developer/Xcode/DerivedData/Wishie-gavmeupfwiyxzhaiqkwzocyeeixy/Build/Products/Debug-iphoneos/PackageFrameworks -F /Users/khanghnguyen/Library/Developer/Xcode/DerivedData/Wishie-gavmeupfwiyxzhaiqkwzocyeeixy/Build/Products/Debug-iphoneos/PackageFrameworks -F /Users/khanghnguyen/Library/Developer/Xcode/DerivedData/Wishie-gavmeupfwiyxzhaiqkwzocyeeixy/Build/Products/Debug-iphoneos/PackageFrameworks -F /Users/khanghnguyen/Library/Developer/Xcode/DerivedData/Wishie-gavmeupfwiyxzhaiqkwzocyeeixy/Build/Products/Debug-iphoneos/PackageFrameworks -F /Users/khanghnguyen/Library/Developer/Xcode/DerivedData/Wishie-gavmeupfwiyxzhaiqkwzocyeeixy/Build/Products/Debug-iphoneos/PackageFrameworks -F /Users/khanghnguyen/Library/Developer/Xcode/DerivedData/Wishie-gavmeupfwiyxzhaiqkwzocyeeixy/Build/Products/Debug-iphoneos/PackageFrameworks -F /Users/khanghnguyen/Library/Developer/Xcode/DerivedData/Wishie-gavmeupfwiyxzhaiqkwzocyeeixy/Build/Products/Debug-iphoneos/PackageFrameworks -F /Users/khanghnguyen/Library/Developer/Xcode/DerivedData/Wishie-gavmeupfwiyxzhaiqkwzocyeeixy/Build/Products/Debug-iphoneos/PackageFrameworks -F /Users/khanghnguyen/Library/Developer/Xcode/DerivedData/Wishie-gavmeupfwiyxzhaiqkwzocyeeixy/Build/Products/Debug-iphoneos/PackageFrameworks -F /Users/khanghnguyen/Library/Developer/Xcode/DerivedData/Wishie-gavmeupfwiyxzhaiqkwzocyeeixy/Build/Products/Debug-iphoneos/PackageFrameworks -F /Users/khanghnguyen/Library/Developer/Xcode/DerivedData/Wishie-gavmeupfwiyxzhaiqkwzocyeeixy/Build/Products/Debug-iphoneos/PackageFrameworks -F /Users/khanghnguyen/Library/Developer/Xcode/DerivedData/Wishie-gavmeupfwiyxzhaiqkwzocyeeixy/Build/Products/Debug-iphoneos/PackageFrameworks -F /Users/khanghnguyen/Library/Developer/Xcode/DerivedData/Wishie-gavmeupfwiyxzhaiqkwzocyeeixy/Build/Products/Debug-iphoneos/PackageFrameworks -F /Users/khanghnguyen/Library/Developer/Xcode/DerivedData/Wishie-gavmeupfwiyxzhaiqkwzocyeeixy/Build/Products/Debug-iphoneos/PackageFrameworks -F /Users/khanghnguyen/Library/Developer/Xcode/DerivedData/Wishie-gavmeupfwiyxzhaiqkwzocyeeixy/Build/Products/Debug-iphoneos/PackageFrameworks -F /Users/khanghnguyen/Library/Developer/Xcode/DerivedData/Wishie-gavmeupfwiyxzhaiqkwzocyeeixy/Build/Products/Debug-iphoneos/PackageFrameworks -F /Users/khanghnguyen/Library/Developer/Xcode/DerivedData/Wishie-gavmeupfwiyxzhaiqkwzocyeeixy/Build/Products/Debug-iphoneos -F /Applications/Xcode.app/Contents/Developer/Platforms/iPhoneOS.platform/Developer/Library/Frameworks -F /Applications/Xcode.app/Contents/Developer/Platforms/iPhoneOS.platform/Developer/SDKs/iPhoneOS26.2.sdk/Developer/Library/Frameworks -c -j8 -enable-batch-mode -incremental -Xcc -ivfsstatcache -Xcc /Users/khanghnguyen/Library/Developer/Xcode/DerivedData/SDKStatCaches.noindex/iphoneos26.2-23C57-3794476bd08197c3e2abd9bb477ef7f7.sdkstatcache -output-file-map /Users/khanghnguyen/Library/Developer/Xcode/DerivedData/Wishie-gavmeupfwiyxzhaiqkwzocyeeixy/Build/Intermediates.noindex/Firebase.build/Debug-iphoneos/FirebaseFirestore.build/Objects-normal/arm64/FirebaseFirestore-OutputFileMap.json -use-frontend-parseable-output -save-temps -no-color-diagnostics -explicit-module-build -module-cache-path /Users/khanghnguyen/Library/Developer/Xcode/DerivedData/Wishie-gavmeupfwiyxzhaiqkwzocyeeixy/Build/Intermediates.noindex/SwiftExplicitPrecompiledModules -clang-scanner-module-cache-path /Users/khanghnguyen/Library/Developer/Xcode/DerivedData/ModuleCache.noindex -sdk-module-cache-path /Users/khanghnguyen/Library/Developer/Xcode/DerivedData/ModuleCache.noindex -serialize-diagnostics -emit-dependencies -emit-module -emit-module-path /Users/khanghnguyen/Library/Developer/Xcode/DerivedData/Wishie-gavmeupfwiyxzhaiqkwzocyeeixy/Build/Intermediates.noindex/Firebase.build/Debug-iphoneos/FirebaseFirestore.build/Objects-normal/arm64/FirebaseFirestore.swiftmodule -user-module-version 12.13.0 -validate-clang-modules-once -clang-build-session-file /Users/khanghnguyen/Library/Developer/Xcode/DerivedData/ModuleCache.noindex/Session.modulevalidation -package-name firebase_ios_sdk -Xcc -I/Users/khanghnguyen/Library/Developer/Xcode/DerivedData/Wishie-gavmeupfwiyxzhaiqkwzocyeeixy/Build/Intermediates.noindex/Firebase.build/Debug-iphoneos/FirebaseFirestore.build/swift-overrides.hmap -emit-const-values -Xfrontend -const-gather-protocols-file -Xfrontend /Users/khanghnguyen/Library/Developer/Xcode/DerivedData/Wishie-gavmeupfwiyxzhaiqkwzocyeeixy/Build/Intermediates.noindex/Firebase.build/Debug-iphoneos/FirebaseFirestore.build/Objects-normal/arm64/FirebaseFirestore_const_extract_protocols.json -Xcc -I/Users/khanghnguyen/Library/Developer/Xcode/DerivedData/Wishie-gavmeupfwiyxzhaiqkwzocyeeixy/SourcePackages/checkouts/GoogleUtilities/GoogleUtilities/NSData+zlib/Public -Xcc -I/Users/khanghnguyen/Library/Developer/Xcode/DerivedData/Wishie-gavmeupfwiyxzhaiqkwzocyeeixy/SourcePackages/checkouts/GoogleUtilities/GoogleUtilities/Environment/Public -Xcc -I/Users/khanghnguyen/Library/Developer/Xcode/DerivedData/Wishie-gavmeupfwiyxzhaiqkwzocyeeixy/SourcePackages/checkouts/GoogleUtilities/third_party/IsAppEncrypted/Public -Xcc -I/Users/khanghnguyen/Library/Developer/Xcode/DerivedData/Wishie-gavmeupfwiyxzhaiqkwzocyeeixy/SourcePackages/checkouts/GoogleUtilities/GoogleUtilities/Logger/Public -Xcc -I/Users/khanghnguyen/Library/Developer/Xcode/DerivedData/Wishie-gavmeupfwiyxzhaiqkwzocyeeixy/SourcePackages/checkouts/abseil-cpp-binary/absl-Wrapper/include -Xcc -I/Users/khanghnguyen/Library/Developer/Xcode/DerivedData/Wishie-gavmeupfwiyxzhaiqkwzocyeeixy/SourcePackages/checkouts/grpc-binary/openssl-grpc-Wrapper/include -Xcc -I/Users/khanghnguyen/Library/Developer/Xcode/DerivedData/Wishie-gavmeupfwiyxzhaiqkwzocyeeixy/SourcePackages/checkouts/grpc-binary/grpc-Wrapper/include -Xcc -I/Users/khanghnguyen/Library/Developer/Xcode/DerivedData/Wishie-gavmeupfwiyxzhaiqkwzocyeeixy/SourcePackages/checkouts/grpc-binary/grpcpp-Wrapper/include -Xcc -I/Users/khanghnguyen/Library/Developer/Xcode/DerivedData/Wishie-gavmeupfwiyxzhaiqkwzocyeeixy/SourcePackages/checkouts/nanopb/spm_headers -Xcc -I/Users/khanghnguyen/Library/Developer/Xcode/DerivedData/Wishie-gavmeupfwiyxzhaiqkwzocyeeixy/SourcePackages/checkouts/leveldb/include -Xcc -I/Users/khanghnguyen/Library/Developer/Xcode/DerivedData/Wishie-gavmeupfwiyxzhaiqkwzocyeeixy/SourcePackages/checkouts/firebase-ios-sdk/FirebaseCore/Extension -Xcc -I/Users/khanghnguyen/Library/Developer/Xcode/DerivedData/Wishie-gavmeupfwiyxzhaiqkwzocyeeixy/SourcePackages/checkouts/firebase-ios-sdk/FirebaseCore/Sources/Public -Xcc -I/Users/khanghnguyen/Library/Developer/Xcode/DerivedData/Wishie-gavmeupfwiyxzhaiqkwzocyeeixy/SourcePackages/checkouts/firebase-ios-sdk/CoreOnly/Sources -Xcc -I/Users/khanghnguyen/Library/Developer/Xcode/DerivedData/Wishie-gavmeupfwiyxzhaiqkwzocyeeixy/SourcePackages/checkouts/firebase-ios-sdk/FirebaseAppCheck/Interop/Public -Xcc -I/Users/khanghnguyen/Library/Developer/Xcode/DerivedData/Wishie-gavmeupfwiyxzhaiqkwzocyeeixy/SourcePackages/checkouts/firebase-ios-sdk/FirebaseFirestoreInternal -Xcc -I/Users/khanghnguyen/Library/Developer/Xcode/DerivedData/Wishie-gavmeupfwiyxzhaiqkwzocyeeixy/Build/Products/Debug-iphoneos/include -Xcc -I/Users/khanghnguyen/Library/Developer/Xcode/DerivedData/Wishie-gavmeupfwiyxzhaiqkwzocyeeixy/Build/Intermediates.noindex/Firebase.build/Debug-iphoneos/FirebaseFirestore.build/DerivedSources-normal/arm64 -Xcc -I/Users/khanghnguyen/Library/Developer/Xcode/DerivedData/Wishie-gavmeupfwiyxzhaiqkwzocyeeixy/Build/Intermediates.noindex/Firebase.build/Debug-iphoneos/FirebaseFirestore.build/DerivedSources/arm64 -Xcc -I/Users/khanghnguyen/Library/Developer/Xcode/DerivedData/Wishie-gavmeupfwiyxzhaiqkwzocyeeixy/Build/Intermediates.noindex/Firebase.build/Debug-iphoneos/FirebaseFirestore.build/DerivedSources -Xcc -DSWIFT_PACKAGE -Xcc -DDEBUG\=1 -emit-objc-header -emit-objc-header-path /Users/khanghnguyen/Library/Developer/Xcode/DerivedData/Wishie-gavmeupfwiyxzhaiqkwzocyeeixy/Build/Intermediates.noindex/Firebase.build/Debug-iphoneos/FirebaseFirestore.build/Objects-normal/arm64/FirebaseFirestore-Swift.h -working-directory /Users/khanghnguyen/Downloads/Wishie/Wishie.xcodeproj -experimental-emit-module-separately -disable-cmo

SwiftDriver Clocks normal arm64 com.apple.xcode.tools.swift.compiler (in target 'Clocks' from project 'swift-clocks')
    cd /Users/khanghnguyen/Downloads/Wishie/Wishie.xcodeproj
    builtin-SwiftDriver -- /Applications/Xcode.app/Contents/Developer/Toolchains/XcodeDefault.xctoolchain/usr/bin/swiftc -module-name Clocks -Onone -enforce-exclusivity\=checked @/Users/khanghnguyen/Library/Developer/Xcode/DerivedData/Wishie-gavmeupfwiyxzhaiqkwzocyeeixy/Build/Intermediates.noindex/swift-clocks.build/Debug-iphoneos/Clocks.build/Objects-normal/arm64/Clocks.SwiftFileList -DSWIFT_PACKAGE -DDEBUG -DSWIFT_MODULE_RESOURCE_BUNDLE_UNAVAILABLE -DXcode -plugin-path /Applications/Xcode.app/Contents/Developer/Toolchains/XcodeDefault.xctoolchain/usr/lib/swift/host/plugins/testing -enable-experimental-feature DebugDescriptionMacro -sdk /Applications/Xcode.app/Contents/Developer/Platforms/iPhoneOS.platform/Developer/SDKs/iPhoneOS26.2.sdk -target arm64-apple-ios13.0 -g -module-cache-path /Users/khanghnguyen/Library/Developer/Xcode/DerivedData/ModuleCache.noindex -Xfrontend -serialize-debugging-options -profile-coverage-mapping -profile-generate -enable-testing -suppress-warnings -index-store-path /Users/khanghnguyen/Library/Developer/Xcode/DerivedData/Wishie-gavmeupfwiyxzhaiqkwzocyeeixy/Index.noindex/DataStore -Xcc -D_LIBCPP_HARDENING_MODE\=_LIBCPP_HARDENING_MODE_DEBUG -swift-version 6 -I /Users/khanghnguyen/Library/Developer/Xcode/DerivedData/Wishie-gavmeupfwiyxzhaiqkwzocyeeixy/Build/Products/Debug-iphoneos -Isystem /Applications/Xcode.app/Contents/Developer/Platforms/iPhoneOS.platform/Developer/usr/lib -F /Users/khanghnguyen/Library/Developer/Xcode/DerivedData/Wishie-gavmeupfwiyxzhaiqkwzocyeeixy/Build/Products/Debug-iphoneos/PackageFrameworks -F /Users/khanghnguyen/Library/Developer/Xcode/DerivedData/Wishie-gavmeupfwiyxzhaiqkwzocyeeixy/Build/Products/Debug-iphoneos/PackageFrameworks -F /Users/khanghnguyen/Library/Developer/Xcode/DerivedData/Wishie-gavmeupfwiyxzhaiqkwzocyeeixy/Build/Products/Debug-iphoneos/PackageFrameworks -F /Users/khanghnguyen/Library/Developer/Xcode/DerivedData/Wishie-gavmeupfwiyxzhaiqkwzocyeeixy/Build/Products/Debug-iphoneos -F /Applications/Xcode.app/Contents/Developer/Platforms/iPhoneOS.platform/Developer/Library/Frameworks -F /Applications/Xcode.app/Contents/Developer/Platforms/iPhoneOS.platform/Developer/SDKs/iPhoneOS26.2.sdk/Developer/Library/Frameworks -c -j8 -enable-batch-mode -incremental -Xcc -ivfsstatcache -Xcc /Users/khanghnguyen/Library/Developer/Xcode/DerivedData/SDKStatCaches.noindex/iphoneos26.2-23C57-3794476bd08197c3e2abd9bb477ef7f7.sdkstatcache -output-file-map /Users/khanghnguyen/Library/Developer/Xcode/DerivedData/Wishie-gavmeupfwiyxzhaiqkwzocyeeixy/Build/Intermediates.noindex/swift-clocks.build/Debug-iphoneos/Clocks.build/Objects-normal/arm64/Clocks-OutputFileMap.json -use-frontend-parseable-output -save-temps -no-color-diagnostics -explicit-module-build -module-cache-path /Users/khanghnguyen/Library/Developer/Xcode/DerivedData/Wishie-gavmeupfwiyxzhaiqkwzocyeeixy/Build/Intermediates.noindex/SwiftExplicitPrecompiledModules -clang-scanner-module-cache-path /Users/khanghnguyen/Library/Developer/Xcode/DerivedData/ModuleCache.noindex -sdk-module-cache-path /Users/khanghnguyen/Library/Developer/Xcode/DerivedData/ModuleCache.noindex -serialize-diagnostics -emit-dependencies -emit-module -emit-module-path /Users/khanghnguyen/Library/Developer/Xcode/DerivedData/Wishie-gavmeupfwiyxzhaiqkwzocyeeixy/Build/Intermediates.noindex/swift-clocks.build/Debug-iphoneos/Clocks.build/Objects-normal/arm64/Clocks.swiftmodule -user-module-version 1.0.6 -validate-clang-modules-once -clang-build-session-file /Users/khanghnguyen/Library/Developer/Xcode/DerivedData/ModuleCache.noindex/Session.modulevalidation -package-name swift_clocks -Xcc -I/Users/khanghnguyen/Library/Developer/Xcode/DerivedData/Wishie-gavmeupfwiyxzhaiqkwzocyeeixy/Build/Intermediates.noindex/swift-clocks.build/Debug-iphoneos/Clocks.build/swift-overrides.hmap -emit-const-values -Xfrontend -const-gather-protocols-file -Xfrontend /Users/khanghnguyen/Library/Developer/Xcode/DerivedData/Wishie-gavmeupfwiyxzhaiqkwzocyeeixy/Build/Intermediates.noindex/swift-clocks.build/Debug-iphoneos/Clocks.build/Objects-normal/arm64/Clocks_const_extract_protocols.json -Xcc -I/Users/khanghnguyen/Library/Developer/Xcode/DerivedData/Wishie-gavmeupfwiyxzhaiqkwzocyeeixy/Build/Products/Debug-iphoneos/include -Xcc -I/Users/khanghnguyen/Library/Developer/Xcode/DerivedData/Wishie-gavmeupfwiyxzhaiqkwzocyeeixy/Build/Intermediates.noindex/swift-clocks.build/Debug-iphoneos/Clocks.build/DerivedSources-normal/arm64 -Xcc -I/Users/khanghnguyen/Library/Developer/Xcode/DerivedData/Wishie-gavmeupfwiyxzhaiqkwzocyeeixy/Build/Intermediates.noindex/swift-clocks.build/Debug-iphoneos/Clocks.build/DerivedSources/arm64 -Xcc -I/Users/khanghnguyen/Library/Developer/Xcode/DerivedData/Wishie-gavmeupfwiyxzhaiqkwzocyeeixy/Build/Intermediates.noindex/swift-clocks.build/Debug-iphoneos/Clocks.build/DerivedSources -Xcc -DSWIFT_PACKAGE -Xcc -DDEBUG\=1 -emit-objc-header -emit-objc-header-path /Users/khanghnguyen/Library/Developer/Xcode/DerivedData/Wishie-gavmeupfwiyxzhaiqkwzocyeeixy/Build/Intermediates.noindex/swift-clocks.build/Debug-iphoneos/Clocks.build/Objects-normal/arm64/Clocks-Swift.h -working-directory /Users/khanghnguyen/Downloads/Wishie/Wishie.xcodeproj -experimental-emit-module-separately -disable-cmo

PrecompileModule /Users/khanghnguyen/Library/Developer/Xcode/DerivedData/Wishie-gavmeupfwiyxzhaiqkwzocyeeixy/Build/Intermediates.noindex/ExplicitPrecompiledModules/_Builtin_stdint-84G3I4JIGZ39N93QC1K4G7AV6.scan
    cd /
    builtin-precompileModule /Users/khanghnguyen/Library/Developer/Xcode/DerivedData/Wishie-gavmeupfwiyxzhaiqkwzocyeeixy/Build/Intermediates.noindex/ExplicitPrecompiledModules/_Builtin_stdint-84G3I4JIGZ39N93QC1K4G7AV6.scan

RegisterExecutionPolicyException /Users/khanghnguyen/Library/Developer/Xcode/DerivedData/Wishie-gavmeupfwiyxzhaiqkwzocyeeixy/Build/Products/Debug-iphoneos/ConcurrencyExtras.o (in target 'ConcurrencyExtras' from project 'swift-concurrency-extras')
    cd /Users/khanghnguyen/Library/Developer/Xcode/DerivedData/Wishie-gavmeupfwiyxzhaiqkwzocyeeixy/SourcePackages/checkouts/swift-concurrency-extras
    builtin-RegisterExecutionPolicyException /Users/khanghnguyen/Library/Developer/Xcode/DerivedData/Wishie-gavmeupfwiyxzhaiqkwzocyeeixy/Build/Products/Debug-iphoneos/ConcurrencyExtras.o

PrecompileModule /Users/khanghnguyen/Library/Developer/Xcode/DerivedData/Wishie-gavmeupfwiyxzhaiqkwzocyeeixy/Build/Intermediates.noindex/ExplicitPrecompiledModules/_DarwinFoundation3-27C8B50F1OLRD7N6IKP7NQ3YP.scan
    cd /
    builtin-precompileModule /Users/khanghnguyen/Library/Developer/Xcode/DerivedData/Wishie-gavmeupfwiyxzhaiqkwzocyeeixy/Build/Intermediates.noindex/ExplicitPrecompiledModules/_DarwinFoundation3-27C8B50F1OLRD7N6IKP7NQ3YP.scan

RegisterExecutionPolicyException /Users/khanghnguyen/Library/Developer/Xcode/DerivedData/Wishie-gavmeupfwiyxzhaiqkwzocyeeixy/Build/Products/Debug-iphoneos/XCTestDynamicOverlay.o (in target 'XCTestDynamicOverlay' from project 'xctest-dynamic-overlay')
    cd /Users/khanghnguyen/Library/Developer/Xcode/DerivedData/Wishie-gavmeupfwiyxzhaiqkwzocyeeixy/SourcePackages/checkouts/xctest-dynamic-overlay
    builtin-RegisterExecutionPolicyException /Users/khanghnguyen/Library/Developer/Xcode/DerivedData/Wishie-gavmeupfwiyxzhaiqkwzocyeeixy/Build/Products/Debug-iphoneos/XCTestDynamicOverlay.o

RegisterExecutionPolicyException /Users/khanghnguyen/Library/Developer/Xcode/DerivedData/Wishie-gavmeupfwiyxzhaiqkwzocyeeixy/Build/Products/Debug-iphoneos/GoogleUtilities-Reachability.o (in target 'GoogleUtilities-Reachability' from project 'GoogleUtilities')
    cd /Users/khanghnguyen/Library/Developer/Xcode/DerivedData/Wishie-gavmeupfwiyxzhaiqkwzocyeeixy/SourcePackages/checkouts/GoogleUtilities
    builtin-RegisterExecutionPolicyException /Users/khanghnguyen/Library/Developer/Xcode/DerivedData/Wishie-gavmeupfwiyxzhaiqkwzocyeeixy/Build/Products/Debug-iphoneos/GoogleUtilities-Reachability.o

CompileC /Users/khanghnguyen/Library/Developer/Xcode/DerivedData/Wishie-gavmeupfwiyxzhaiqkwzocyeeixy/Build/Intermediates.noindex/gRPC.build/Debug-iphoneos/grpcppWrapper.build/Objects-normal/arm64/resource_bundle_accessor.o /Users/khanghnguyen/Library/Developer/Xcode/DerivedData/Wishie-gavmeupfwiyxzhaiqkwzocyeeixy/Build/Intermediates.noindex/gRPC.build/Debug-iphoneos/grpcppWrapper.build/DerivedSources/resource_bundle_accessor.m normal arm64 objective-c com.apple.compilers.llvm.clang.1_0.compiler (in target 'grpcppWrapper' from project 'gRPC')
    cd /Users/khanghnguyen/Downloads/Wishie/Wishie.xcodeproj
    
    Using response file: /Users/khanghnguyen/Library/Developer/Xcode/DerivedData/Wishie-gavmeupfwiyxzhaiqkwzocyeeixy/Build/Intermediates.noindex/gRPC.build/Debug-iphoneos/grpcppWrapper.build/Objects-normal/arm64/e6072d4f65d7061329687fe24e3d63a7-common-args.resp
    
    /Applications/Xcode.app/Contents/Developer/Toolchains/XcodeDefault.xctoolchain/usr/bin/clang -x objective-c -ivfsstatcache /Users/khanghnguyen/Library/Developer/Xcode/DerivedData/SDKStatCaches.noindex/iphoneos26.2-23C57-3794476bd08197c3e2abd9bb477ef7f7.sdkstatcache -fmessage-length\=0 -fdiagnostics-show-note-include-stack -fmacro-backtrace-limit\=0 -fno-color-diagnostics -fmodules-prune-interval\=86400 -fmodules-prune-after\=345600 -fbuild-session-file\=/Users/khanghnguyen/Library/Developer/Xcode/DerivedData/ModuleCache.noindex/Session.modulevalidation -fmodules-validate-once-per-build-session -Wnon-modular-include-in-framework-module -Werror\=non-modular-include-in-framework-module -Wno-trigraphs -Wno-missing-field-initializers -Wno-missing-prototypes -Wno-return-type -Wno-implicit-atomic-properties -Wno-objc-interface-ivars -Wno-arc-repeated-use-of-weak -Wno-missing-braces -Wparentheses -Wswitch -Wno-unused-function -Wno-unused-label -Wno-unused-parameter -Wno-unused-variable -Wunused-value -Wno-empty-body -Wno-uninitialized -Wno-unknown-pragmas -w -Wno-shadow -Wno-four-char-constants -Wno-conversion -Wno-constant-conversion -Wno-int-conversion -Wno-bool-conversion -Wno-enum-conversion -Wno-float-conversion -Wno-non-literal-null-conversion -Wno-objc-literal-conversion -Wshorten-64-to-32 -Wpointer-sign -Wno-newline-eof -Wno-selector -Wno-strict-selector-match -Wno-undeclared-selector -Wno-deprecated-implementations -Wno-implicit-fallthrough -fstrict-aliasing -Wprotocol -Wdeprecated-declarations -Wno-sign-conversion -Wno-infinite-recursion -Wno-comma -Wno-block-capture-autoreleasing -Wno-strict-prototypes -Wno-semicolon-before-method-body -index-store-path /Users/khanghnguyen/Library/Developer/Xcode/DerivedData/Wishie-gavmeupfwiyxzhaiqkwzocyeeixy/Index.noindex/DataStore @/Users/khanghnguyen/Library/Developer/Xcode/DerivedData/Wishie-gavmeupfwiyxzhaiqkwzocyeeixy/Build/Intermediates.noindex/gRPC.build/Debug-iphoneos/grpcppWrapper.build/Objects-normal/arm64/e6072d4f65d7061329687fe24e3d63a7-common-args.resp -include /Users/khanghnguyen/Library/Developer/Xcode/DerivedData/Wishie-gavmeupfwiyxzhaiqkwzocyeeixy/Build/Intermediates.noindex/gRPC.build/Debug-iphoneos/grpcppWrapper.build/DerivedSources/resource_bundle_accessor.h -MMD -MT dependencies -MF /Users/khanghnguyen/Library/Developer/Xcode/DerivedData/Wishie-gavmeupfwiyxzhaiqkwzocyeeixy/Build/Intermediates.noindex/gRPC.build/Debug-iphoneos/grpcppWrapper.build/Objects-normal/arm64/resource_bundle_accessor.d --serialize-diagnostics /Users/khanghnguyen/Library/Developer/Xcode/DerivedData/Wishie-gavmeupfwiyxzhaiqkwzocyeeixy/Build/Intermediates.noindex/gRPC.build/Debug-iphoneos/grpcppWrapper.build/Objects-normal/arm64/resource_bundle_accessor.dia -c /Users/khanghnguyen/Library/Developer/Xcode/DerivedData/Wishie-gavmeupfwiyxzhaiqkwzocyeeixy/Build/Intermediates.noindex/gRPC.build/Debug-iphoneos/grpcppWrapper.build/DerivedSources/resource_bundle_accessor.m -o /Users/khanghnguyen/Library/Developer/Xcode/DerivedData/Wishie-gavmeupfwiyxzhaiqkwzocyeeixy/Build/Intermediates.noindex/gRPC.build/Debug-iphoneos/grpcppWrapper.build/Objects-normal/arm64/resource_bundle_accessor.o -index-unit-output-path /gRPC.build/Debug-iphoneos/grpcppWrapper.build/Objects-normal/arm64/resource_bundle_accessor.o

Ld /Users/khanghnguyen/Library/Developer/Xcode/DerivedData/Wishie-gavmeupfwiyxzhaiqkwzocyeeixy/Build/Products/Debug-iphoneos/GoogleUtilities-Network.o normal (in target 'GoogleUtilities-Network' from project 'GoogleUtilities')
    cd /Users/khanghnguyen/Library/Developer/Xcode/DerivedData/Wishie-gavmeupfwiyxzhaiqkwzocyeeixy/SourcePackages/checkouts/GoogleUtilities
    /Applications/Xcode.app/Contents/Developer/Toolchains/XcodeDefault.xctoolchain/usr/bin/clang -Xlinker -reproducible -target arm64-apple-ios12.0 -r -isysroot /Applications/Xcode.app/Contents/Developer/Platforms/iPhoneOS.platform/Developer/SDKs/iPhoneOS26.2.sdk -O0 -w -L/Users/khanghnguyen/Library/Developer/Xcode/DerivedData/Wishie-gavmeupfwiyxzhaiqkwzocyeeixy/Build/Intermediates.noindex/EagerLinkingTBDs/Debug-iphoneos -L/Users/khanghnguyen/Library/Developer/Xcode/DerivedData/Wishie-gavmeupfwiyxzhaiqkwzocyeeixy/Build/Products/Debug-iphoneos -L/Applications/Xcode.app/Contents/Developer/Platforms/iPhoneOS.platform/Developer/usr/lib -F/Users/khanghnguyen/Library/Developer/Xcode/DerivedData/Wishie-gavmeupfwiyxzhaiqkwzocyeeixy/Build/Intermediates.noindex/EagerLinkingTBDs/Debug-iphoneos -F/Users/khanghnguyen/Library/Developer/Xcode/DerivedData/Wishie-gavmeupfwiyxzhaiqkwzocyeeixy/Build/Products/Debug-iphoneos/PackageFrameworks -F/Users/khanghnguyen/Library/Developer/Xcode/DerivedData/Wishie-gavmeupfwiyxzhaiqkwzocyeeixy/Build/Products/Debug-iphoneos/PackageFrameworks -F/Users/khanghnguyen/Library/Developer/Xcode/DerivedData/Wishie-gavmeupfwiyxzhaiqkwzocyeeixy/Build/Products/Debug-iphoneos/PackageFrameworks -F/Users/khanghnguyen/Library/Developer/Xcode/DerivedData/Wishie-gavmeupfwiyxzhaiqkwzocyeeixy/Build/Products/Debug-iphoneos/PackageFrameworks -F/Users/khanghnguyen/Library/Developer/Xcode/DerivedData/Wishie-gavmeupfwiyxzhaiqkwzocyeeixy/Build/Products/Debug-iphoneos/PackageFrameworks -F/Users/khanghnguyen/Library/Developer/Xcode/DerivedData/Wishie-gavmeupfwiyxzhaiqkwzocyeeixy/Build/Products/Debug-iphoneos -iframework /Applications/Xcode.app/Contents/Developer/Platforms/iPhoneOS.platform/Developer/Library/Frameworks -iframework /Applications/Xcode.app/Contents/Developer/Platforms/iPhoneOS.platform/Developer/SDKs/iPhoneOS26.2.sdk/Developer/Library/Frameworks -filelist /Users/khanghnguyen/Library/Developer/Xcode/DerivedData/Wishie-gavmeupfwiyxzhaiqkwzocyeeixy/Build/Intermediates.noindex/GoogleUtilities.build/Debug-iphoneos/GoogleUtilities-Network.build/Objects-normal/arm64/GoogleUtilities-Network.LinkFileList -nostdlib -Xlinker -object_path_lto -Xlinker /Users/khanghnguyen/Library/Developer/Xcode/DerivedData/Wishie-gavmeupfwiyxzhaiqkwzocyeeixy/Build/Intermediates.noindex/GoogleUtilities.build/Debug-iphoneos/GoogleUtilities-Network.build/Objects-normal/arm64/GoogleUtilities-Network_lto.o -rdynamic -Xlinker -no_deduplicate -Xlinker -debug_variant -Xlinker -dependency_info -Xlinker /Users/khanghnguyen/Library/Developer/Xcode/DerivedData/Wishie-gavmeupfwiyxzhaiqkwzocyeeixy/Build/Intermediates.noindex/GoogleUtilities.build/Debug-iphoneos/GoogleUtilities-Network.build/Objects-normal/arm64/GoogleUtilities-Network_dependency_info.dat -fobjc-arc -fobjc-link-runtime -o /Users/khanghnguyen/Library/Developer/Xcode/DerivedData/Wishie-gavmeupfwiyxzhaiqkwzocyeeixy/Build/Products/Debug-iphoneos/GoogleUtilities-Network.o

CompileC /Users/khanghnguyen/Library/Developer/Xcode/DerivedData/Wishie-gavmeupfwiyxzhaiqkwzocyeeixy/Build/Intermediates.noindex/gRPC.build/Debug-iphoneos/grpcppWrapper.build/Objects-normal/arm64/empty.o /Users/khanghnguyen/Library/Developer/Xcode/DerivedData/Wishie-gavmeupfwiyxzhaiqkwzocyeeixy/SourcePackages/checkouts/grpc-binary/grpcpp-Wrapper/empty.m normal arm64 objective-c com.apple.compilers.llvm.clang.1_0.compiler (in target 'grpcppWrapper' from project 'gRPC')
    cd /Users/khanghnguyen/Downloads/Wishie/Wishie.xcodeproj
    
    Using response file: /Users/khanghnguyen/Library/Developer/Xcode/DerivedData/Wishie-gavmeupfwiyxzhaiqkwzocyeeixy/Build/Intermediates.noindex/gRPC.build/Debug-iphoneos/grpcppWrapper.build/Objects-normal/arm64/e6072d4f65d7061329687fe24e3d63a7-common-args.resp
    
    /Applications/Xcode.app/Contents/Developer/Toolchains/XcodeDefault.xctoolchain/usr/bin/clang -x objective-c -ivfsstatcache /Users/khanghnguyen/Library/Developer/Xcode/DerivedData/SDKStatCaches.noindex/iphoneos26.2-23C57-3794476bd08197c3e2abd9bb477ef7f7.sdkstatcache -fmessage-length\=0 -fdiagnostics-show-note-include-stack -fmacro-backtrace-limit\=0 -fno-color-diagnostics -fmodules-prune-interval\=86400 -fmodules-prune-after\=345600 -fbuild-session-file\=/Users/khanghnguyen/Library/Developer/Xcode/DerivedData/ModuleCache.noindex/Session.modulevalidation -fmodules-validate-once-per-build-session -Wnon-modular-include-in-framework-module -Werror\=non-modular-include-in-framework-module -Wno-trigraphs -Wno-missing-field-initializers -Wno-missing-prototypes -Wno-return-type -Wno-implicit-atomic-properties -Wno-objc-interface-ivars -Wno-arc-repeated-use-of-weak -Wno-missing-braces -Wparentheses -Wswitch -Wno-unused-function -Wno-unused-label -Wno-unused-parameter -Wno-unused-variable -Wunused-value -Wno-empty-body -Wno-uninitialized -Wno-unknown-pragmas -w -Wno-shadow -Wno-four-char-constants -Wno-conversion -Wno-constant-conversion -Wno-int-conversion -Wno-bool-conversion -Wno-enum-conversion -Wno-float-conversion -Wno-non-literal-null-conversion -Wno-objc-literal-conversion -Wshorten-64-to-32 -Wpointer-sign -Wno-newline-eof -Wno-selector -Wno-strict-selector-match -Wno-undeclared-selector -Wno-deprecated-implementations -Wno-implicit-fallthrough -fstrict-aliasing -Wprotocol -Wdeprecated-declarations -Wno-sign-conversion -Wno-infinite-recursion -Wno-comma -Wno-block-capture-autoreleasing -Wno-strict-prototypes -Wno-semicolon-before-method-body -index-store-path /Users/khanghnguyen/Library/Developer/Xcode/DerivedData/Wishie-gavmeupfwiyxzhaiqkwzocyeeixy/Index.noindex/DataStore @/Users/khanghnguyen/Library/Developer/Xcode/DerivedData/Wishie-gavmeupfwiyxzhaiqkwzocyeeixy/Build/Intermediates.noindex/gRPC.build/Debug-iphoneos/grpcppWrapper.build/Objects-normal/arm64/e6072d4f65d7061329687fe24e3d63a7-common-args.resp -include /Users/khanghnguyen/Library/Developer/Xcode/DerivedData/Wishie-gavmeupfwiyxzhaiqkwzocyeeixy/Build/Intermediates.noindex/gRPC.build/Debug-iphoneos/grpcppWrapper.build/DerivedSources/resource_bundle_accessor.h -MMD -MT dependencies -MF /Users/khanghnguyen/Library/Developer/Xcode/DerivedData/Wishie-gavmeupfwiyxzhaiqkwzocyeeixy/Build/Intermediates.noindex/gRPC.build/Debug-iphoneos/grpcppWrapper.build/Objects-normal/arm64/empty.d --serialize-diagnostics /Users/khanghnguyen/Library/Developer/Xcode/DerivedData/Wishie-gavmeupfwiyxzhaiqkwzocyeeixy/Build/Intermediates.noindex/gRPC.build/Debug-iphoneos/grpcppWrapper.build/Objects-normal/arm64/empty.dia -c /Users/khanghnguyen/Library/Developer/Xcode/DerivedData/Wishie-gavmeupfwiyxzhaiqkwzocyeeixy/SourcePackages/checkouts/grpc-binary/grpcpp-Wrapper/empty.m -o /Users/khanghnguyen/Library/Developer/Xcode/DerivedData/Wishie-gavmeupfwiyxzhaiqkwzocyeeixy/Build/Intermediates.noindex/gRPC.build/Debug-iphoneos/grpcppWrapper.build/Objects-normal/arm64/empty.o -index-unit-output-path /gRPC.build/Debug-iphoneos/grpcppWrapper.build/Objects-normal/arm64/empty.o

SwiftExplicitDependencyGeneratePcm arm64 /Users/khanghnguyen/Library/Developer/Xcode/DerivedData/Wishie-gavmeupfwiyxzhaiqkwzocyeeixy/Build/Intermediates.noindex/SwiftExplicitPrecompiledModules/DotLottiePlayer-D2MR2YSGOCKMRMWASWRC3B9QH.pcm

PrecompileModule /Users/khanghnguyen/Library/Developer/Xcode/DerivedData/Wishie-gavmeupfwiyxzhaiqkwzocyeeixy/Build/Intermediates.noindex/ExplicitPrecompiledModules/_Builtin_inttypes-AKGL8ANLJBWFZAXBEIKSVLM44.scan
    cd /
    builtin-precompileModule /Users/khanghnguyen/Library/Developer/Xcode/DerivedData/Wishie-gavmeupfwiyxzhaiqkwzocyeeixy/Build/Intermediates.noindex/ExplicitPrecompiledModules/_Builtin_inttypes-AKGL8ANLJBWFZAXBEIKSVLM44.scan

Ld /Users/khanghnguyen/Library/Developer/Xcode/DerivedData/Wishie-gavmeupfwiyxzhaiqkwzocyeeixy/Build/Products/Debug-iphoneos/grpcppWrapper.o normal (in target 'grpcppWrapper' from project 'gRPC')
    cd /Users/khanghnguyen/Library/Developer/Xcode/DerivedData/Wishie-gavmeupfwiyxzhaiqkwzocyeeixy/SourcePackages/checkouts/grpc-binary
    /Applications/Xcode.app/Contents/Developer/Toolchains/XcodeDefault.xctoolchain/usr/bin/clang -Xlinker -reproducible -target arm64-apple-ios12.0 -r -isysroot /Applications/Xcode.app/Contents/Developer/Platforms/iPhoneOS.platform/Developer/SDKs/iPhoneOS26.2.sdk -O0 -w -L/Users/khanghnguyen/Library/Developer/Xcode/DerivedData/Wishie-gavmeupfwiyxzhaiqkwzocyeeixy/Build/Intermediates.noindex/EagerLinkingTBDs/Debug-iphoneos -L/Users/khanghnguyen/Library/Developer/Xcode/DerivedData/Wishie-gavmeupfwiyxzhaiqkwzocyeeixy/Build/Products/Debug-iphoneos -L/Applications/Xcode.app/Contents/Developer/Platforms/iPhoneOS.platform/Developer/usr/lib -F/Users/khanghnguyen/Library/Developer/Xcode/DerivedData/Wishie-gavmeupfwiyxzhaiqkwzocyeeixy/Build/Intermediates.noindex/EagerLinkingTBDs/Debug-iphoneos -F/Users/khanghnguyen/Library/Developer/Xcode/DerivedData/Wishie-gavmeupfwiyxzhaiqkwzocyeeixy/Build/Products/Debug-iphoneos/PackageFrameworks -F/Users/khanghnguyen/Library/Developer/Xcode/DerivedData/Wishie-gavmeupfwiyxzhaiqkwzocyeeixy/Build/Products/Debug-iphoneos/PackageFrameworks -F/Users/khanghnguyen/Library/Developer/Xcode/DerivedData/Wishie-gavmeupfwiyxzhaiqkwzocyeeixy/Build/Products/Debug-iphoneos/PackageFrameworks -F/Users/khanghnguyen/Library/Developer/Xcode/DerivedData/Wishie-gavmeupfwiyxzhaiqkwzocyeeixy/Build/Products/Debug-iphoneos -iframework /Applications/Xcode.app/Contents/Developer/Platforms/iPhoneOS.platform/Developer/Library/Frameworks -iframework /Applications/Xcode.app/Contents/Developer/Platforms/iPhoneOS.platform/Developer/SDKs/iPhoneOS26.2.sdk/Developer/Library/Frameworks -filelist /Users/khanghnguyen/Library/Developer/Xcode/DerivedData/Wishie-gavmeupfwiyxzhaiqkwzocyeeixy/Build/Intermediates.noindex/gRPC.build/Debug-iphoneos/grpcppWrapper.build/Objects-normal/arm64/grpcppWrapper.LinkFileList -nostdlib -Xlinker -object_path_lto -Xlinker /Users/khanghnguyen/Library/Developer/Xcode/DerivedData/Wishie-gavmeupfwiyxzhaiqkwzocyeeixy/Build/Intermediates.noindex/gRPC.build/Debug-iphoneos/grpcppWrapper.build/Objects-normal/arm64/grpcppWrapper_lto.o -rdynamic -Xlinker -no_deduplicate -Xlinker -debug_variant -Xlinker -dependency_info -Xlinker /Users/khanghnguyen/Library/Developer/Xcode/DerivedData/Wishie-gavmeupfwiyxzhaiqkwzocyeeixy/Build/Intermediates.noindex/gRPC.build/Debug-iphoneos/grpcppWrapper.build/Objects-normal/arm64/grpcppWrapper_dependency_info.dat -fobjc-arc -fobjc-link-runtime -o /Users/khanghnguyen/Library/Developer/Xcode/DerivedData/Wishie-gavmeupfwiyxzhaiqkwzocyeeixy/Build/Products/Debug-iphoneos/grpcppWrapper.o

SwiftCompile normal arm64 Compiling\ Player.swift,\ Utils.swift /Users/khanghnguyen/Library/Developer/Xcode/DerivedData/Wishie-gavmeupfwiyxzhaiqkwzocyeeixy/SourcePackages/checkouts/dotlottie-ios/Sources/DotLottie/Public/Player.swift /Users/khanghnguyen/Library/Developer/Xcode/DerivedData/Wishie-gavmeupfwiyxzhaiqkwzocyeeixy/SourcePackages/checkouts/dotlottie-ios/Sources/DotLottie/Public/Utils/Utils.swift (in target 'DotLottie' from project 'DotLottie')

SwiftCompile normal arm64 /Users/khanghnguyen/Library/Developer/Xcode/DerivedData/Wishie-gavmeupfwiyxzhaiqkwzocyeeixy/SourcePackages/checkouts/dotlottie-ios/Sources/DotLottie/Public/Player.swift (in target 'DotLottie' from project 'DotLottie')
    cd /Users/khanghnguyen/Downloads/Wishie/Wishie.xcodeproj
    

SwiftCompile normal arm64 /Users/khanghnguyen/Library/Developer/Xcode/DerivedData/Wishie-gavmeupfwiyxzhaiqkwzocyeeixy/SourcePackages/checkouts/dotlottie-ios/Sources/DotLottie/Public/Utils/Utils.swift (in target 'DotLottie' from project 'DotLottie')
    cd /Users/khanghnguyen/Downloads/Wishie/Wishie.xcodeproj
    

SwiftEmitModule normal arm64 Emitting\ module\ for\ DotLottie (in target 'DotLottie' from project 'DotLottie')

EmitSwiftModule normal arm64 (in target 'DotLottie' from project 'DotLottie')
    cd /Users/khanghnguyen/Downloads/Wishie/Wishie.xcodeproj
    

SwiftCompile normal arm64 Compiling\ DotLottieObserver.swift,\ DotLottieView.swift /Users/khanghnguyen/Library/Developer/Xcode/DerivedData/Wishie-gavmeupfwiyxzhaiqkwzocyeeixy/SourcePackages/checkouts/dotlottie-ios/Sources/DotLottie/Public/DotLottieObserver.swift /Users/khanghnguyen/Library/Developer/Xcode/DerivedData/Wishie-gavmeupfwiyxzhaiqkwzocyeeixy/SourcePackages/checkouts/dotlottie-ios/Sources/DotLottie/Public/DotLottieView.swift (in target 'DotLottie' from project 'DotLottie')

SwiftCompile normal arm64 /Users/khanghnguyen/Library/Developer/Xcode/DerivedData/Wishie-gavmeupfwiyxzhaiqkwzocyeeixy/SourcePackages/checkouts/dotlottie-ios/Sources/DotLottie/Public/DotLottieObserver.swift (in target 'DotLottie' from project 'DotLottie')
    cd /Users/khanghnguyen/Downloads/Wishie/Wishie.xcodeproj
    

SwiftCompile normal arm64 /Users/khanghnguyen/Library/Developer/Xcode/DerivedData/Wishie-gavmeupfwiyxzhaiqkwzocyeeixy/SourcePackages/checkouts/dotlottie-ios/Sources/DotLottie/Public/DotLottieView.swift (in target 'DotLottie' from project 'DotLottie')
    cd /Users/khanghnguyen/Downloads/Wishie/Wishie.xcodeproj
    

PrecompileModule /Users/khanghnguyen/Library/Developer/Xcode/DerivedData/Wishie-gavmeupfwiyxzhaiqkwzocyeeixy/Build/Intermediates.noindex/ExplicitPrecompiledModules/Darwin-1CZORMAR3JXA48F4KC2JF104T.scan
    cd /
    builtin-precompileModule /Users/khanghnguyen/Library/Developer/Xcode/DerivedData/Wishie-gavmeupfwiyxzhaiqkwzocyeeixy/Build/Intermediates.noindex/ExplicitPrecompiledModules/Darwin-1CZORMAR3JXA48F4KC2JF104T.scan

SwiftCompile normal arm64 Compiling\ ViewRepresentable.swift /Users/khanghnguyen/Library/Developer/Xcode/DerivedData/Wishie-gavmeupfwiyxzhaiqkwzocyeeixy/SourcePackages/checkouts/dotlottie-ios/Sources/DotLottie/Public/ViewRepresentable.swift (in target 'DotLottie' from project 'DotLottie')

SwiftCompile normal arm64 /Users/khanghnguyen/Library/Developer/Xcode/DerivedData/Wishie-gavmeupfwiyxzhaiqkwzocyeeixy/SourcePackages/checkouts/dotlottie-ios/Sources/DotLottie/Public/ViewRepresentable.swift (in target 'DotLottie' from project 'DotLottie')
    cd /Users/khanghnguyen/Downloads/Wishie/Wishie.xcodeproj
    

SwiftCompile normal arm64 Compiling\ Errors.swift,\ GestureManager.swift /Users/khanghnguyen/Library/Developer/Xcode/DerivedData/Wishie-gavmeupfwiyxzhaiqkwzocyeeixy/SourcePackages/checkouts/dotlottie-ios/Sources/DotLottie/Public/Errors.swift /Users/khanghnguyen/Library/Developer/Xcode/DerivedData/Wishie-gavmeupfwiyxzhaiqkwzocyeeixy/SourcePackages/checkouts/dotlottie-ios/Sources/DotLottie/Public/GestureManager.swift (in target 'DotLottie' from project 'DotLottie')

SwiftCompile normal arm64 /Users/khanghnguyen/Library/Developer/Xcode/DerivedData/Wishie-gavmeupfwiyxzhaiqkwzocyeeixy/SourcePackages/checkouts/dotlottie-ios/Sources/DotLottie/Public/Errors.swift (in target 'DotLottie' from project 'DotLottie')
    cd /Users/khanghnguyen/Downloads/Wishie/Wishie.xcodeproj
    

SwiftCompile normal arm64 /Users/khanghnguyen/Library/Developer/Xcode/DerivedData/Wishie-gavmeupfwiyxzhaiqkwzocyeeixy/SourcePackages/checkouts/dotlottie-ios/Sources/DotLottie/Public/GestureManager.swift (in target 'DotLottie' from project 'DotLottie')
    cd /Users/khanghnguyen/Downloads/Wishie/Wishie.xcodeproj
    

PrecompileModule /Users/khanghnguyen/Library/Developer/Xcode/DerivedData/Wishie-gavmeupfwiyxzhaiqkwzocyeeixy/Build/Intermediates.noindex/ExplicitPrecompiledModules/ObjectiveC-27ENLH01GBYC4PW817OMA08S2.scan
    cd /
    builtin-precompileModule /Users/khanghnguyen/Library/Developer/Xcode/DerivedData/Wishie-gavmeupfwiyxzhaiqkwzocyeeixy/Build/Intermediates.noindex/ExplicitPrecompiledModules/ObjectiveC-27ENLH01GBYC4PW817OMA08S2.scan

SwiftDriverJobDiscovery normal arm64 Compiling DotLottieObserver.swift, DotLottieView.swift (in target 'DotLottie' from project 'DotLottie')

SwiftCompile normal arm64 Compiling\ DotLottieAnimation.swift,\ DotLottieAnimationView.swift /Users/khanghnguyen/Library/Developer/Xcode/DerivedData/Wishie-gavmeupfwiyxzhaiqkwzocyeeixy/SourcePackages/checkouts/dotlottie-ios/Sources/DotLottie/Public/DotLottieAnimation.swift /Users/khanghnguyen/Library/Developer/Xcode/DerivedData/Wishie-gavmeupfwiyxzhaiqkwzocyeeixy/SourcePackages/checkouts/dotlottie-ios/Sources/DotLottie/Public/DotLottieAnimationView.swift (in target 'DotLottie' from project 'DotLottie')

SwiftCompile normal arm64 /Users/khanghnguyen/Library/Developer/Xcode/DerivedData/Wishie-gavmeupfwiyxzhaiqkwzocyeeixy/SourcePackages/checkouts/dotlottie-ios/Sources/DotLottie/Public/DotLottieAnimation.swift (in target 'DotLottie' from project 'DotLottie')
    cd /Users/khanghnguyen/Downloads/Wishie/Wishie.xcodeproj
    

SwiftCompile normal arm64 /Users/khanghnguyen/Library/Developer/Xcode/DerivedData/Wishie-gavmeupfwiyxzhaiqkwzocyeeixy/SourcePackages/checkouts/dotlottie-ios/Sources/DotLottie/Public/DotLottieAnimationView.swift (in target 'DotLottie' from project 'DotLottie')
    cd /Users/khanghnguyen/Downloads/Wishie/Wishie.xcodeproj
    

SwiftEmitModule normal arm64 Emitting\ module\ for\ Clocks (in target 'Clocks' from project 'swift-clocks')

EmitSwiftModule normal arm64 (in target 'Clocks' from project 'swift-clocks')
    cd /Users/khanghnguyen/Downloads/Wishie/Wishie.xcodeproj
    

SwiftDriverJobDiscovery normal arm64 Compiling ViewRepresentable.swift (in target 'DotLottie' from project 'DotLottie')

SwiftCompile normal arm64 Compiling\ AnimationConfig.swift,\ AnimationModel.swift /Users/khanghnguyen/Library/Developer/Xcode/DerivedData/Wishie-gavmeupfwiyxzhaiqkwzocyeeixy/SourcePackages/checkouts/dotlottie-ios/Sources/DotLottie/Public/Models/AnimationConfig.swift /Users/khanghnguyen/Library/Developer/Xcode/DerivedData/Wishie-gavmeupfwiyxzhaiqkwzocyeeixy/SourcePackages/checkouts/dotlottie-ios/Sources/DotLottie/Public/Models/AnimationModel.swift (in target 'DotLottie' from project 'DotLottie')

SwiftCompile normal arm64 /Users/khanghnguyen/Library/Developer/Xcode/DerivedData/Wishie-gavmeupfwiyxzhaiqkwzocyeeixy/SourcePackages/checkouts/dotlottie-ios/Sources/DotLottie/Public/Models/AnimationConfig.swift (in target 'DotLottie' from project 'DotLottie')
    cd /Users/khanghnguyen/Downloads/Wishie/Wishie.xcodeproj
    

SwiftCompile normal arm64 /Users/khanghnguyen/Library/Developer/Xcode/DerivedData/Wishie-gavmeupfwiyxzhaiqkwzocyeeixy/SourcePackages/checkouts/dotlottie-ios/Sources/DotLottie/Public/Models/AnimationModel.swift (in target 'DotLottie' from project 'DotLottie')
    cd /Users/khanghnguyen/Downloads/Wishie/Wishie.xcodeproj
    

PrecompileModule /Users/khanghnguyen/Library/Developer/Xcode/DerivedData/Wishie-gavmeupfwiyxzhaiqkwzocyeeixy/Build/Intermediates.noindex/ExplicitPrecompiledModules/os_object-BRE56RCGQ1272MEV60YXAGPDT.scan
    cd /
    builtin-precompileModule /Users/khanghnguyen/Library/Developer/Xcode/DerivedData/Wishie-gavmeupfwiyxzhaiqkwzocyeeixy/Build/Intermediates.noindex/ExplicitPrecompiledModules/os_object-BRE56RCGQ1272MEV60YXAGPDT.scan

SwiftExplicitDependencyGeneratePcm arm64 /Users/khanghnguyen/Library/Developer/Xcode/DerivedData/Wishie-gavmeupfwiyxzhaiqkwzocyeeixy/Build/Intermediates.noindex/SwiftExplicitPrecompiledModules/FirebaseCore-9IGTAZM4MRDOEWK9IH0UYS0W6.pcm

SwiftExplicitDependencyGeneratePcm arm64 /Users/khanghnguyen/Library/Developer/Xcode/DerivedData/Wishie-gavmeupfwiyxzhaiqkwzocyeeixy/Build/Intermediates.noindex/SwiftExplicitPrecompiledModules/FirebaseFirestoreInternal-1EWQFEBXCF598ZR9TEVYS5W22.pcm

SwiftDriverJobDiscovery normal arm64 Compiling Player.swift, Utils.swift (in target 'DotLottie' from project 'DotLottie')

PrecompileModule /Users/khanghnguyen/Library/Developer/Xcode/DerivedData/Wishie-gavmeupfwiyxzhaiqkwzocyeeixy/Build/Intermediates.noindex/ExplicitPrecompiledModules/os_workgroup-1MRIZ7WI5BOAAVJCCMK11Z9H7.scan
    cd /
    builtin-precompileModule /Users/khanghnguyen/Library/Developer/Xcode/DerivedData/Wishie-gavmeupfwiyxzhaiqkwzocyeeixy/Build/Intermediates.noindex/ExplicitPrecompiledModules/os_workgroup-1MRIZ7WI5BOAAVJCCMK11Z9H7.scan

SwiftDriverJobDiscovery normal arm64 Compiling Errors.swift, GestureManager.swift (in target 'DotLottie' from project 'DotLottie')

SwiftCompile normal arm64 Compiling\ dotlottie_player.swift /Users/khanghnguyen/Library/Developer/Xcode/DerivedData/Wishie-gavmeupfwiyxzhaiqkwzocyeeixy/SourcePackages/checkouts/dotlottie-ios/Sources/DotLottie/Public/dotlottie_player.swift (in target 'DotLottie' from project 'DotLottie')
SwiftCompile normal arm64 /Users/khanghnguyen/Library/Developer/Xcode/DerivedData/Wishie-gavmeupfwiyxzhaiqkwzocyeeixy/SourcePackages/checkouts/dotlottie-ios/Sources/DotLottie/Public/dotlottie_player.swift (in target 'DotLottie' from project 'DotLottie')
    cd /Users/khanghnguyen/Downloads/Wishie/Wishie.xcodeproj
    

SwiftExplicitDependencyGeneratePcm arm64 /Users/khanghnguyen/Library/Developer/Xcode/DerivedData/Wishie-gavmeupfwiyxzhaiqkwzocyeeixy/Build/Intermediates.noindex/SwiftExplicitPrecompiledModules/FirebaseCoreExtension-AXKKUVFQLCVJV7TEXYZNBEB2Y.pcm

PrecompileModule /Users/khanghnguyen/Library/Developer/Xcode/DerivedData/Wishie-gavmeupfwiyxzhaiqkwzocyeeixy/Build/Intermediates.noindex/ExplicitPrecompiledModules/Dispatch-6OLV1UARY3ZVII16129K9A54A.scan
    cd /
    builtin-precompileModule /Users/khanghnguyen/Library/Developer/Xcode/DerivedData/Wishie-gavmeupfwiyxzhaiqkwzocyeeixy/Build/Intermediates.noindex/ExplicitPrecompiledModules/Dispatch-6OLV1UARY3ZVII16129K9A54A.scan

SwiftDriverJobDiscovery normal arm64 Emitting module for DotLottie (in target 'DotLottie' from project 'DotLottie')

SwiftDriver\ Compilation\ Requirements DotLottie normal arm64 com.apple.xcode.tools.swift.compiler (in target 'DotLottie' from project 'DotLottie')
    cd /Users/khanghnguyen/Downloads/Wishie/Wishie.xcodeproj
    builtin-Swift-Compilation-Requirements -- /Applications/Xcode.app/Contents/Developer/Toolchains/XcodeDefault.xctoolchain/usr/bin/swiftc -module-name DotLottie -Onone -enforce-exclusivity\=checked @/Users/khanghnguyen/Library/Developer/Xcode/DerivedData/Wishie-gavmeupfwiyxzhaiqkwzocyeeixy/Build/Intermediates.noindex/DotLottie.build/Debug-iphoneos/DotLottie.build/Objects-normal/arm64/DotLottie.SwiftFileList -DSWIFT_PACKAGE -DDEBUG -DSWIFT_MODULE_RESOURCE_BUNDLE_UNAVAILABLE -DXcode -plugin-path /Applications/Xcode.app/Contents/Developer/Toolchains/XcodeDefault.xctoolchain/usr/lib/swift/host/plugins/testing -enable-experimental-feature DebugDescriptionMacro -sdk /Applications/Xcode.app/Contents/Developer/Platforms/iPhoneOS.platform/Developer/SDKs/iPhoneOS26.2.sdk -target arm64-apple-ios13.0 -g -module-cache-path /Users/khanghnguyen/Library/Developer/Xcode/DerivedData/ModuleCache.noindex -Xfrontend -serialize-debugging-options -profile-coverage-mapping -profile-generate -enable-testing -suppress-warnings -index-store-path /Users/khanghnguyen/Library/Developer/Xcode/DerivedData/Wishie-gavmeupfwiyxzhaiqkwzocyeeixy/Index.noindex/DataStore -Xcc -D_LIBCPP_HARDENING_MODE\=_LIBCPP_HARDENING_MODE_DEBUG -swift-version 5 -I /Users/khanghnguyen/Library/Developer/Xcode/DerivedData/Wishie-gavmeupfwiyxzhaiqkwzocyeeixy/Build/Products/Debug-iphoneos -Isystem /Applications/Xcode.app/Contents/Developer/Platforms/iPhoneOS.platform/Developer/usr/lib -F /Users/khanghnguyen/Library/Developer/Xcode/DerivedData/Wishie-gavmeupfwiyxzhaiqkwzocyeeixy/Build/Products/Debug-iphoneos -F /Applications/Xcode.app/Contents/Developer/Platforms/iPhoneOS.platform/Developer/Library/Frameworks -F /Applications/Xcode.app/Contents/Developer/Platforms/iPhoneOS.platform/Developer/SDKs/iPhoneOS26.2.sdk/Developer/Library/Frameworks -c -j8 -enable-batch-mode -incremental -Xcc -ivfsstatcache -Xcc /Users/khanghnguyen/Library/Developer/Xcode/DerivedData/SDKStatCaches.noindex/iphoneos26.2-23C57-3794476bd08197c3e2abd9bb477ef7f7.sdkstatcache -output-file-map /Users/khanghnguyen/Library/Developer/Xcode/DerivedData/Wishie-gavmeupfwiyxzhaiqkwzocyeeixy/Build/Intermediates.noindex/DotLottie.build/Debug-iphoneos/DotLottie.build/Objects-normal/arm64/DotLottie-OutputFileMap.json -use-frontend-parseable-output -save-temps -no-color-diagnostics -explicit-module-build -module-cache-path /Users/khanghnguyen/Library/Developer/Xcode/DerivedData/Wishie-gavmeupfwiyxzhaiqkwzocyeeixy/Build/Intermediates.noindex/SwiftExplicitPrecompiledModules -clang-scanner-module-cache-path /Users/khanghnguyen/Library/Developer/Xcode/DerivedData/ModuleCache.noindex -sdk-module-cache-path /Users/khanghnguyen/Library/Developer/Xcode/DerivedData/ModuleCache.noindex -serialize-diagnostics -emit-dependencies -emit-module -emit-module-path /Users/khanghnguyen/Library/Developer/Xcode/DerivedData/Wishie-gavmeupfwiyxzhaiqkwzocyeeixy/Build/Intermediates.noindex/DotLottie.build/Debug-iphoneos/DotLottie.build/Objects-normal/arm64/DotLottie.swiftmodule -validate-clang-modules-once -clang-build-session-file /Users/khanghnguyen/Library/Developer/Xcode/DerivedData/ModuleCache.noindex/Session.modulevalidation -Xcc -I/Users/khanghnguyen/Library/Developer/Xcode/DerivedData/Wishie-gavmeupfwiyxzhaiqkwzocyeeixy/Build/Intermediates.noindex/DotLottie.build/Debug-iphoneos/DotLottie.build/swift-overrides.hmap -emit-const-values -Xfrontend -const-gather-protocols-file -Xfrontend /Users/khanghnguyen/Library/Developer/Xcode/DerivedData/Wishie-gavmeupfwiyxzhaiqkwzocyeeixy/Build/Intermediates.noindex/DotLottie.build/Debug-iphoneos/DotLottie.build/Objects-normal/arm64/DotLottie_const_extract_protocols.json -Xcc -I/Users/khanghnguyen/Library/Developer/Xcode/DerivedData/Wishie-gavmeupfwiyxzhaiqkwzocyeeixy/Build/Products/Debug-iphoneos/include -Xcc -I/Users/khanghnguyen/Library/Developer/Xcode/DerivedData/Wishie-gavmeupfwiyxzhaiqkwzocyeeixy/Build/Intermediates.noindex/DotLottie.build/Debug-iphoneos/DotLottie.build/DerivedSources-normal/arm64 -Xcc -I/Users/khanghnguyen/Library/Developer/Xcode/DerivedData/Wishie-gavmeupfwiyxzhaiqkwzocyeeixy/Build/Intermediates.noindex/DotLottie.build/Debug-iphoneos/DotLottie.build/DerivedSources/arm64 -Xcc -I/Users/khanghnguyen/Library/Developer/Xcode/DerivedData/Wishie-gavmeupfwiyxzhaiqkwzocyeeixy/Build/Intermediates.noindex/DotLottie.build/Debug-iphoneos/DotLottie.build/DerivedSources -Xcc -DSWIFT_PACKAGE -Xcc -DDEBUG\=1 -emit-objc-header -emit-objc-header-path /Users/khanghnguyen/Library/Developer/Xcode/DerivedData/Wishie-gavmeupfwiyxzhaiqkwzocyeeixy/Build/Intermediates.noindex/DotLottie.build/Debug-iphoneos/DotLottie.build/Objects-normal/arm64/DotLottie-Swift.h -working-directory /Users/khanghnguyen/Downloads/Wishie/Wishie.xcodeproj -experimental-emit-module-separately -disable-cmo

SwiftDriverJobDiscovery normal arm64 Emitting module for Clocks (in target 'Clocks' from project 'swift-clocks')

SwiftDriver\ Compilation\ Requirements Clocks normal arm64 com.apple.xcode.tools.swift.compiler (in target 'Clocks' from project 'swift-clocks')
    cd /Users/khanghnguyen/Downloads/Wishie/Wishie.xcodeproj
    builtin-Swift-Compilation-Requirements -- /Applications/Xcode.app/Contents/Developer/Toolchains/XcodeDefault.xctoolchain/usr/bin/swiftc -module-name Clocks -Onone -enforce-exclusivity\=checked @/Users/khanghnguyen/Library/Developer/Xcode/DerivedData/Wishie-gavmeupfwiyxzhaiqkwzocyeeixy/Build/Intermediates.noindex/swift-clocks.build/Debug-iphoneos/Clocks.build/Objects-normal/arm64/Clocks.SwiftFileList -DSWIFT_PACKAGE -DDEBUG -DSWIFT_MODULE_RESOURCE_BUNDLE_UNAVAILABLE -DXcode -plugin-path /Applications/Xcode.app/Contents/Developer/Toolchains/XcodeDefault.xctoolchain/usr/lib/swift/host/plugins/testing -enable-experimental-feature DebugDescriptionMacro -sdk /Applications/Xcode.app/Contents/Developer/Platforms/iPhoneOS.platform/Developer/SDKs/iPhoneOS26.2.sdk -target arm64-apple-ios13.0 -g -module-cache-path /Users/khanghnguyen/Library/Developer/Xcode/DerivedData/ModuleCache.noindex -Xfrontend -serialize-debugging-options -profile-coverage-mapping -profile-generate -enable-testing -suppress-warnings -index-store-path /Users/khanghnguyen/Library/Developer/Xcode/DerivedData/Wishie-gavmeupfwiyxzhaiqkwzocyeeixy/Index.noindex/DataStore -Xcc -D_LIBCPP_HARDENING_MODE\=_LIBCPP_HARDENING_MODE_DEBUG -swift-version 6 -I /Users/khanghnguyen/Library/Developer/Xcode/DerivedData/Wishie-gavmeupfwiyxzhaiqkwzocyeeixy/Build/Products/Debug-iphoneos -Isystem /Applications/Xcode.app/Contents/Developer/Platforms/iPhoneOS.platform/Developer/usr/lib -F /Users/khanghnguyen/Library/Developer/Xcode/DerivedData/Wishie-gavmeupfwiyxzhaiqkwzocyeeixy/Build/Products/Debug-iphoneos/PackageFrameworks -F /Users/khanghnguyen/Library/Developer/Xcode/DerivedData/Wishie-gavmeupfwiyxzhaiqkwzocyeeixy/Build/Products/Debug-iphoneos/PackageFrameworks -F /Users/khanghnguyen/Library/Developer/Xcode/DerivedData/Wishie-gavmeupfwiyxzhaiqkwzocyeeixy/Build/Products/Debug-iphoneos/PackageFrameworks -F /Users/khanghnguyen/Library/Developer/Xcode/DerivedData/Wishie-gavmeupfwiyxzhaiqkwzocyeeixy/Build/Products/Debug-iphoneos -F /Applications/Xcode.app/Contents/Developer/Platforms/iPhoneOS.platform/Developer/Library/Frameworks -F /Applications/Xcode.app/Contents/Developer/Platforms/iPhoneOS.platform/Developer/SDKs/iPhoneOS26.2.sdk/Developer/Library/Frameworks -c -j8 -enable-batch-mode -incremental -Xcc -ivfsstatcache -Xcc /Users/khanghnguyen/Library/Developer/Xcode/DerivedData/SDKStatCaches.noindex/iphoneos26.2-23C57-3794476bd08197c3e2abd9bb477ef7f7.sdkstatcache -output-file-map /Users/khanghnguyen/Library/Developer/Xcode/DerivedData/Wishie-gavmeupfwiyxzhaiqkwzocyeeixy/Build/Intermediates.noindex/swift-clocks.build/Debug-iphoneos/Clocks.build/Objects-normal/arm64/Clocks-OutputFileMap.json -use-frontend-parseable-output -save-temps -no-color-diagnostics -explicit-module-build -module-cache-path /Users/khanghnguyen/Library/Developer/Xcode/DerivedData/Wishie-gavmeupfwiyxzhaiqkwzocyeeixy/Build/Intermediates.noindex/SwiftExplicitPrecompiledModules -clang-scanner-module-cache-path /Users/khanghnguyen/Library/Developer/Xcode/DerivedData/ModuleCache.noindex -sdk-module-cache-path /Users/khanghnguyen/Library/Developer/Xcode/DerivedData/ModuleCache.noindex -serialize-diagnostics -emit-dependencies -emit-module -emit-module-path /Users/khanghnguyen/Library/Developer/Xcode/DerivedData/Wishie-gavmeupfwiyxzhaiqkwzocyeeixy/Build/Intermediates.noindex/swift-clocks.build/Debug-iphoneos/Clocks.build/Objects-normal/arm64/Clocks.swiftmodule -user-module-version 1.0.6 -validate-clang-modules-once -clang-build-session-file /Users/khanghnguyen/Library/Developer/Xcode/DerivedData/ModuleCache.noindex/Session.modulevalidation -package-name swift_clocks -Xcc -I/Users/khanghnguyen/Library/Developer/Xcode/DerivedData/Wishie-gavmeupfwiyxzhaiqkwzocyeeixy/Build/Intermediates.noindex/swift-clocks.build/Debug-iphoneos/Clocks.build/swift-overrides.hmap -emit-const-values -Xfrontend -const-gather-protocols-file -Xfrontend /Users/khanghnguyen/Library/Developer/Xcode/DerivedData/Wishie-gavmeupfwiyxzhaiqkwzocyeeixy/Build/Intermediates.noindex/swift-clocks.build/Debug-iphoneos/Clocks.build/Objects-normal/arm64/Clocks_const_extract_protocols.json -Xcc -I/Users/khanghnguyen/Library/Developer/Xcode/DerivedData/Wishie-gavmeupfwiyxzhaiqkwzocyeeixy/Build/Products/Debug-iphoneos/include -Xcc -I/Users/khanghnguyen/Library/Developer/Xcode/DerivedData/Wishie-gavmeupfwiyxzhaiqkwzocyeeixy/Build/Intermediates.noindex/swift-clocks.build/Debug-iphoneos/Clocks.build/DerivedSources-normal/arm64 -Xcc -I/Users/khanghnguyen/Library/Developer/Xcode/DerivedData/Wishie-gavmeupfwiyxzhaiqkwzocyeeixy/Build/Intermediates.noindex/swift-clocks.build/Debug-iphoneos/Clocks.build/DerivedSources/arm64 -Xcc -I/Users/khanghnguyen/Library/Developer/Xcode/DerivedData/Wishie-gavmeupfwiyxzhaiqkwzocyeeixy/Build/Intermediates.noindex/swift-clocks.build/Debug-iphoneos/Clocks.build/DerivedSources -Xcc -DSWIFT_PACKAGE -Xcc -DDEBUG\=1 -emit-objc-header -emit-objc-header-path /Users/khanghnguyen/Library/Developer/Xcode/DerivedData/Wishie-gavmeupfwiyxzhaiqkwzocyeeixy/Build/Intermediates.noindex/swift-clocks.build/Debug-iphoneos/Clocks.build/Objects-normal/arm64/Clocks-Swift.h -working-directory /Users/khanghnguyen/Downloads/Wishie/Wishie.xcodeproj -experimental-emit-module-separately -disable-cmo

SwiftMergeGeneratedHeaders /Users/khanghnguyen/Library/Developer/Xcode/DerivedData/Wishie-gavmeupfwiyxzhaiqkwzocyeeixy/Build/Intermediates.noindex/GeneratedModuleMaps-iphoneos/DotLottie-Swift.h /Users/khanghnguyen/Library/Developer/Xcode/DerivedData/Wishie-gavmeupfwiyxzhaiqkwzocyeeixy/Build/Intermediates.noindex/DotLottie.build/Debug-iphoneos/DotLottie.build/Objects-normal/arm64/DotLottie-Swift.h (in target 'DotLottie' from project 'DotLottie')
    cd /Users/khanghnguyen/Library/Developer/Xcode/DerivedData/Wishie-gavmeupfwiyxzhaiqkwzocyeeixy/SourcePackages/checkouts/dotlottie-ios
    builtin-swiftHeaderTool -arch arm64 /Users/khanghnguyen/Library/Developer/Xcode/DerivedData/Wishie-gavmeupfwiyxzhaiqkwzocyeeixy/Build/Intermediates.noindex/DotLottie.build/Debug-iphoneos/DotLottie.build/Objects-normal/arm64/DotLottie-Swift.h -o /Users/khanghnguyen/Library/Developer/Xcode/DerivedData/Wishie-gavmeupfwiyxzhaiqkwzocyeeixy/Build/Intermediates.noindex/GeneratedModuleMaps-iphoneos/DotLottie-Swift.h

Copy /Users/khanghnguyen/Library/Developer/Xcode/DerivedData/Wishie-gavmeupfwiyxzhaiqkwzocyeeixy/Build/Products/Debug-iphoneos/DotLottie.swiftmodule/arm64-apple-ios.swiftmodule /Users/khanghnguyen/Library/Developer/Xcode/DerivedData/Wishie-gavmeupfwiyxzhaiqkwzocyeeixy/Build/Intermediates.noindex/DotLottie.build/Debug-iphoneos/DotLottie.build/Objects-normal/arm64/DotLottie.swiftmodule (in target 'DotLottie' from project 'DotLottie')
    cd /Users/khanghnguyen/Library/Developer/Xcode/DerivedData/Wishie-gavmeupfwiyxzhaiqkwzocyeeixy/SourcePackages/checkouts/dotlottie-ios
    builtin-copy -exclude .DS_Store -exclude CVS -exclude .svn -exclude .git -exclude .hg -resolve-src-symlinks -rename /Users/khanghnguyen/Library/Developer/Xcode/DerivedData/Wishie-gavmeupfwiyxzhaiqkwzocyeeixy/Build/Intermediates.noindex/DotLottie.build/Debug-iphoneos/DotLottie.build/Objects-normal/arm64/DotLottie.swiftmodule /Users/khanghnguyen/Library/Developer/Xcode/DerivedData/Wishie-gavmeupfwiyxzhaiqkwzocyeeixy/Build/Products/Debug-iphoneos/DotLottie.swiftmodule/arm64-apple-ios.swiftmodule

Copy /Users/khanghnguyen/Library/Developer/Xcode/DerivedData/Wishie-gavmeupfwiyxzhaiqkwzocyeeixy/Build/Products/Debug-iphoneos/DotLottie.swiftmodule/arm64-apple-ios.swiftdoc /Users/khanghnguyen/Library/Developer/Xcode/DerivedData/Wishie-gavmeupfwiyxzhaiqkwzocyeeixy/Build/Intermediates.noindex/DotLottie.build/Debug-iphoneos/DotLottie.build/Objects-normal/arm64/DotLottie.swiftdoc (in target 'DotLottie' from project 'DotLottie')
    cd /Users/khanghnguyen/Library/Developer/Xcode/DerivedData/Wishie-gavmeupfwiyxzhaiqkwzocyeeixy/SourcePackages/checkouts/dotlottie-ios
    builtin-copy -exclude .DS_Store -exclude CVS -exclude .svn -exclude .git -exclude .hg -resolve-src-symlinks -rename /Users/khanghnguyen/Library/Developer/Xcode/DerivedData/Wishie-gavmeupfwiyxzhaiqkwzocyeeixy/Build/Intermediates.noindex/DotLottie.build/Debug-iphoneos/DotLottie.build/Objects-normal/arm64/DotLottie.swiftdoc /Users/khanghnguyen/Library/Developer/Xcode/DerivedData/Wishie-gavmeupfwiyxzhaiqkwzocyeeixy/Build/Products/Debug-iphoneos/DotLottie.swiftmodule/arm64-apple-ios.swiftdoc

Copy /Users/khanghnguyen/Library/Developer/Xcode/DerivedData/Wishie-gavmeupfwiyxzhaiqkwzocyeeixy/Build/Products/Debug-iphoneos/DotLottie.swiftmodule/arm64-apple-ios.abi.json /Users/khanghnguyen/Library/Developer/Xcode/DerivedData/Wishie-gavmeupfwiyxzhaiqkwzocyeeixy/Build/Intermediates.noindex/DotLottie.build/Debug-iphoneos/DotLottie.build/Objects-normal/arm64/DotLottie.abi.json (in target 'DotLottie' from project 'DotLottie')
    cd /Users/khanghnguyen/Library/Developer/Xcode/DerivedData/Wishie-gavmeupfwiyxzhaiqkwzocyeeixy/SourcePackages/checkouts/dotlottie-ios
    builtin-copy -exclude .DS_Store -exclude CVS -exclude .svn -exclude .git -exclude .hg -resolve-src-symlinks -rename /Users/khanghnguyen/Library/Developer/Xcode/DerivedData/Wishie-gavmeupfwiyxzhaiqkwzocyeeixy/Build/Intermediates.noindex/DotLottie.build/Debug-iphoneos/DotLottie.build/Objects-normal/arm64/DotLottie.abi.json /Users/khanghnguyen/Library/Developer/Xcode/DerivedData/Wishie-gavmeupfwiyxzhaiqkwzocyeeixy/Build/Products/Debug-iphoneos/DotLottie.swiftmodule/arm64-apple-ios.abi.json

SwiftDriverJobDiscovery normal arm64 Compiling AnimationConfig.swift, AnimationModel.swift (in target 'DotLottie' from project 'DotLottie')

Copy /Users/khanghnguyen/Library/Developer/Xcode/DerivedData/Wishie-gavmeupfwiyxzhaiqkwzocyeeixy/Build/Products/Debug-iphoneos/DotLottie.swiftmodule/Project/arm64-apple-ios.swiftsourceinfo /Users/khanghnguyen/Library/Developer/Xcode/DerivedData/Wishie-gavmeupfwiyxzhaiqkwzocyeeixy/Build/Intermediates.noindex/DotLottie.build/Debug-iphoneos/DotLottie.build/Objects-normal/arm64/DotLottie.swiftsourceinfo (in target 'DotLottie' from project 'DotLottie')
    cd /Users/khanghnguyen/Library/Developer/Xcode/DerivedData/Wishie-gavmeupfwiyxzhaiqkwzocyeeixy/SourcePackages/checkouts/dotlottie-ios
    builtin-copy -exclude .DS_Store -exclude CVS -exclude .svn -exclude .git -exclude .hg -resolve-src-symlinks -rename /Users/khanghnguyen/Library/Developer/Xcode/DerivedData/Wishie-gavmeupfwiyxzhaiqkwzocyeeixy/Build/Intermediates.noindex/DotLottie.build/Debug-iphoneos/DotLottie.build/Objects-normal/arm64/DotLottie.swiftsourceinfo /Users/khanghnguyen/Library/Developer/Xcode/DerivedData/Wishie-gavmeupfwiyxzhaiqkwzocyeeixy/Build/Products/Debug-iphoneos/DotLottie.swiftmodule/Project/arm64-apple-ios.swiftsourceinfo

SwiftMergeGeneratedHeaders /Users/khanghnguyen/Library/Developer/Xcode/DerivedData/Wishie-gavmeupfwiyxzhaiqkwzocyeeixy/Build/Intermediates.noindex/GeneratedModuleMaps-iphoneos/Clocks-Swift.h /Users/khanghnguyen/Library/Developer/Xcode/DerivedData/Wishie-gavmeupfwiyxzhaiqkwzocyeeixy/Build/Intermediates.noindex/swift-clocks.build/Debug-iphoneos/Clocks.build/Objects-normal/arm64/Clocks-Swift.h (in target 'Clocks' from project 'swift-clocks')
    cd /Users/khanghnguyen/Library/Developer/Xcode/DerivedData/Wishie-gavmeupfwiyxzhaiqkwzocyeeixy/SourcePackages/checkouts/swift-clocks
    builtin-swiftHeaderTool -arch arm64 /Users/khanghnguyen/Library/Developer/Xcode/DerivedData/Wishie-gavmeupfwiyxzhaiqkwzocyeeixy/Build/Intermediates.noindex/swift-clocks.build/Debug-iphoneos/Clocks.build/Objects-normal/arm64/Clocks-Swift.h -o /Users/khanghnguyen/Library/Developer/Xcode/DerivedData/Wishie-gavmeupfwiyxzhaiqkwzocyeeixy/Build/Intermediates.noindex/GeneratedModuleMaps-iphoneos/Clocks-Swift.h

Copy /Users/khanghnguyen/Library/Developer/Xcode/DerivedData/Wishie-gavmeupfwiyxzhaiqkwzocyeeixy/Build/Products/Debug-iphoneos/Clocks.swiftmodule/arm64-apple-ios.swiftdoc /Users/khanghnguyen/Library/Developer/Xcode/DerivedData/Wishie-gavmeupfwiyxzhaiqkwzocyeeixy/Build/Intermediates.noindex/swift-clocks.build/Debug-iphoneos/Clocks.build/Objects-normal/arm64/Clocks.swiftdoc (in target 'Clocks' from project 'swift-clocks')
    cd /Users/khanghnguyen/Library/Developer/Xcode/DerivedData/Wishie-gavmeupfwiyxzhaiqkwzocyeeixy/SourcePackages/checkouts/swift-clocks
    builtin-copy -exclude .DS_Store -exclude CVS -exclude .svn -exclude .git -exclude .hg -resolve-src-symlinks -rename /Users/khanghnguyen/Library/Developer/Xcode/DerivedData/Wishie-gavmeupfwiyxzhaiqkwzocyeeixy/Build/Intermediates.noindex/swift-clocks.build/Debug-iphoneos/Clocks.build/Objects-normal/arm64/Clocks.swiftdoc /Users/khanghnguyen/Library/Developer/Xcode/DerivedData/Wishie-gavmeupfwiyxzhaiqkwzocyeeixy/Build/Products/Debug-iphoneos/Clocks.swiftmodule/arm64-apple-ios.swiftdoc

Copy /Users/khanghnguyen/Library/Developer/Xcode/DerivedData/Wishie-gavmeupfwiyxzhaiqkwzocyeeixy/Build/Products/Debug-iphoneos/Clocks.swiftmodule/arm64-apple-ios.swiftmodule /Users/khanghnguyen/Library/Developer/Xcode/DerivedData/Wishie-gavmeupfwiyxzhaiqkwzocyeeixy/Build/Intermediates.noindex/swift-clocks.build/Debug-iphoneos/Clocks.build/Objects-normal/arm64/Clocks.swiftmodule (in target 'Clocks' from project 'swift-clocks')
    cd /Users/khanghnguyen/Library/Developer/Xcode/DerivedData/Wishie-gavmeupfwiyxzhaiqkwzocyeeixy/SourcePackages/checkouts/swift-clocks
    builtin-copy -exclude .DS_Store -exclude CVS -exclude .svn -exclude .git -exclude .hg -resolve-src-symlinks -rename /Users/khanghnguyen/Library/Developer/Xcode/DerivedData/Wishie-gavmeupfwiyxzhaiqkwzocyeeixy/Build/Intermediates.noindex/swift-clocks.build/Debug-iphoneos/Clocks.build/Objects-normal/arm64/Clocks.swiftmodule /Users/khanghnguyen/Library/Developer/Xcode/DerivedData/Wishie-gavmeupfwiyxzhaiqkwzocyeeixy/Build/Products/Debug-iphoneos/Clocks.swiftmodule/arm64-apple-ios.swiftmodule

Copy /Users/khanghnguyen/Library/Developer/Xcode/DerivedData/Wishie-gavmeupfwiyxzhaiqkwzocyeeixy/Build/Products/Debug-iphoneos/Clocks.swiftmodule/arm64-apple-ios.abi.json /Users/khanghnguyen/Library/Developer/Xcode/DerivedData/Wishie-gavmeupfwiyxzhaiqkwzocyeeixy/Build/Intermediates.noindex/swift-clocks.build/Debug-iphoneos/Clocks.build/Objects-normal/arm64/Clocks.abi.json (in target 'Clocks' from project 'swift-clocks')
    cd /Users/khanghnguyen/Library/Developer/Xcode/DerivedData/Wishie-gavmeupfwiyxzhaiqkwzocyeeixy/SourcePackages/checkouts/swift-clocks
    builtin-copy -exclude .DS_Store -exclude CVS -exclude .svn -exclude .git -exclude .hg -resolve-src-symlinks -rename /Users/khanghnguyen/Library/Developer/Xcode/DerivedData/Wishie-gavmeupfwiyxzhaiqkwzocyeeixy/Build/Intermediates.noindex/swift-clocks.build/Debug-iphoneos/Clocks.build/Objects-normal/arm64/Clocks.abi.json /Users/khanghnguyen/Library/Developer/Xcode/DerivedData/Wishie-gavmeupfwiyxzhaiqkwzocyeeixy/Build/Products/Debug-iphoneos/Clocks.swiftmodule/arm64-apple-ios.abi.json

Copy /Users/khanghnguyen/Library/Developer/Xcode/DerivedData/Wishie-gavmeupfwiyxzhaiqkwzocyeeixy/Build/Products/Debug-iphoneos/Clocks.swiftmodule/Project/arm64-apple-ios.swiftsourceinfo /Users/khanghnguyen/Library/Developer/Xcode/DerivedData/Wishie-gavmeupfwiyxzhaiqkwzocyeeixy/Build/Intermediates.noindex/swift-clocks.build/Debug-iphoneos/Clocks.build/Objects-normal/arm64/Clocks.swiftsourceinfo (in target 'Clocks' from project 'swift-clocks')
    cd /Users/khanghnguyen/Library/Developer/Xcode/DerivedData/Wishie-gavmeupfwiyxzhaiqkwzocyeeixy/SourcePackages/checkouts/swift-clocks
    builtin-copy -exclude .DS_Store -exclude CVS -exclude .svn -exclude .git -exclude .hg -resolve-src-symlinks -rename /Users/khanghnguyen/Library/Developer/Xcode/DerivedData/Wishie-gavmeupfwiyxzhaiqkwzocyeeixy/Build/Intermediates.noindex/swift-clocks.build/Debug-iphoneos/Clocks.build/Objects-normal/arm64/Clocks.swiftsourceinfo /Users/khanghnguyen/Library/Developer/Xcode/DerivedData/Wishie-gavmeupfwiyxzhaiqkwzocyeeixy/Build/Products/Debug-iphoneos/Clocks.swiftmodule/Project/arm64-apple-ios.swiftsourceinfo

SwiftCompile normal arm64 Compiling\ Coordinator.swift,\ DotLottie.swift /Users/khanghnguyen/Library/Developer/Xcode/DerivedData/Wishie-gavmeupfwiyxzhaiqkwzocyeeixy/SourcePackages/checkouts/dotlottie-ios/Sources/DotLottie/Public/Coordinator.swift /Users/khanghnguyen/Library/Developer/Xcode/DerivedData/Wishie-gavmeupfwiyxzhaiqkwzocyeeixy/SourcePackages/checkouts/dotlottie-ios/Sources/DotLottie/Public/DotLottie.swift (in target 'DotLottie' from project 'DotLottie')

SwiftCompile normal arm64 /Users/khanghnguyen/Library/Developer/Xcode/DerivedData/Wishie-gavmeupfwiyxzhaiqkwzocyeeixy/SourcePackages/checkouts/dotlottie-ios/Sources/DotLottie/Public/Coordinator.swift (in target 'DotLottie' from project 'DotLottie')
    cd /Users/khanghnguyen/Downloads/Wishie/Wishie.xcodeproj
    

SwiftCompile normal arm64 /Users/khanghnguyen/Library/Developer/Xcode/DerivedData/Wishie-gavmeupfwiyxzhaiqkwzocyeeixy/SourcePackages/checkouts/dotlottie-ios/Sources/DotLottie/Public/DotLottie.swift (in target 'DotLottie' from project 'DotLottie')
    cd /Users/khanghnguyen/Downloads/Wishie/Wishie.xcodeproj
    

SwiftCompile normal arm64 Compiling\ _AsyncTimerSequence.swift /Users/khanghnguyen/Library/Developer/Xcode/DerivedData/Wishie-gavmeupfwiyxzhaiqkwzocyeeixy/SourcePackages/checkouts/swift-clocks/Sources/Clocks/Internal/_AsyncTimerSequence.swift (in target 'Clocks' from project 'swift-clocks')

SwiftCompile normal arm64 /Users/khanghnguyen/Library/Developer/Xcode/DerivedData/Wishie-gavmeupfwiyxzhaiqkwzocyeeixy/SourcePackages/checkouts/swift-clocks/Sources/Clocks/Internal/_AsyncTimerSequence.swift (in target 'Clocks' from project 'swift-clocks')
    cd /Users/khanghnguyen/Downloads/Wishie/Wishie.xcodeproj
    

SwiftExplicitDependencyGeneratePcm arm64 /Users/khanghnguyen/Library/Developer/Xcode/DerivedData/Wishie-gavmeupfwiyxzhaiqkwzocyeeixy/Build/Intermediates.noindex/SwiftExplicitPrecompiledModules/FirebaseFirestoreInternalWrapper-8ZQOVZG1VGTPG3GFI4AC21TSV.pcm

PrecompileModule /Users/khanghnguyen/Library/Developer/Xcode/DerivedData/Wishie-gavmeupfwiyxzhaiqkwzocyeeixy/Build/Intermediates.noindex/ExplicitPrecompiledModules/XPC-AATCNKF1L9NX62K25XGYDLAXJ.scan
    cd /
    builtin-precompileModule /Users/khanghnguyen/Library/Developer/Xcode/DerivedData/Wishie-gavmeupfwiyxzhaiqkwzocyeeixy/Build/Intermediates.noindex/ExplicitPrecompiledModules/XPC-AATCNKF1L9NX62K25XGYDLAXJ.scan

PrecompileModule /Users/khanghnguyen/Library/Developer/Xcode/DerivedData/Wishie-gavmeupfwiyxzhaiqkwzocyeeixy/Build/Intermediates.noindex/ExplicitPrecompiledModules/CoreFoundation-1FFZOB817ZA4HQSGJRRO3QJQH.scan
    cd /
    builtin-precompileModule /Users/khanghnguyen/Library/Developer/Xcode/DerivedData/Wishie-gavmeupfwiyxzhaiqkwzocyeeixy/Build/Intermediates.noindex/ExplicitPrecompiledModules/CoreFoundation-1FFZOB817ZA4HQSGJRRO3QJQH.scan

SwiftCompile normal arm64 Compiling\ SwiftUI.swift /Users/khanghnguyen/Library/Developer/Xcode/DerivedData/Wishie-gavmeupfwiyxzhaiqkwzocyeeixy/SourcePackages/checkouts/swift-clocks/Sources/Clocks/SwiftUI.swift (in target 'Clocks' from project 'swift-clocks')

SwiftCompile normal arm64 /Users/khanghnguyen/Library/Developer/Xcode/DerivedData/Wishie-gavmeupfwiyxzhaiqkwzocyeeixy/SourcePackages/checkouts/swift-clocks/Sources/Clocks/SwiftUI.swift (in target 'Clocks' from project 'swift-clocks')
    cd /Users/khanghnguyen/Downloads/Wishie/Wishie.xcodeproj
    

SwiftCompile normal arm64 Compiling\ AnyClock.swift /Users/khanghnguyen/Library/Developer/Xcode/DerivedData/Wishie-gavmeupfwiyxzhaiqkwzocyeeixy/SourcePackages/checkouts/swift-clocks/Sources/Clocks/AnyClock.swift (in target 'Clocks' from project 'swift-clocks')

SwiftCompile normal arm64 /Users/khanghnguyen/Library/Developer/Xcode/DerivedData/Wishie-gavmeupfwiyxzhaiqkwzocyeeixy/SourcePackages/checkouts/swift-clocks/Sources/Clocks/AnyClock.swift (in target 'Clocks' from project 'swift-clocks')
    cd /Users/khanghnguyen/Downloads/Wishie/Wishie.xcodeproj
    

SwiftEmitModule normal arm64 Emitting\ module\ for\ FirebaseFirestore (in target 'FirebaseFirestore' from project 'Firebase')

EmitSwiftModule normal arm64 (in target 'FirebaseFirestore' from project 'Firebase')
    cd /Users/khanghnguyen/Downloads/Wishie/Wishie.xcodeproj
    

PrecompileModule /Users/khanghnguyen/Library/Developer/Xcode/DerivedData/Wishie-gavmeupfwiyxzhaiqkwzocyeeixy/Build/Intermediates.noindex/ExplicitPrecompiledModules/CFNetwork-8R630ZM7GDWTOUVADPXYRX0Z2.scan
    cd /
    builtin-precompileModule /Users/khanghnguyen/Library/Developer/Xcode/DerivedData/Wishie-gavmeupfwiyxzhaiqkwzocyeeixy/Build/Intermediates.noindex/ExplicitPrecompiledModules/CFNetwork-8R630ZM7GDWTOUVADPXYRX0Z2.scan

SwiftDriverJobDiscovery normal arm64 Compiling _AsyncTimerSequence.swift (in target 'Clocks' from project 'swift-clocks')

PrecompileModule /Users/khanghnguyen/Library/Developer/Xcode/DerivedData/Wishie-gavmeupfwiyxzhaiqkwzocyeeixy/Build/Intermediates.noindex/ExplicitPrecompiledModules/Security-20WVY3PR18HBKRNGNLGS83JOQ.scan
    cd /
    builtin-precompileModule /Users/khanghnguyen/Library/Developer/Xcode/DerivedData/Wishie-gavmeupfwiyxzhaiqkwzocyeeixy/Build/Intermediates.noindex/ExplicitPrecompiledModules/Security-20WVY3PR18HBKRNGNLGS83JOQ.scan

PrecompileModule /Users/khanghnguyen/Library/Developer/Xcode/DerivedData/Wishie-gavmeupfwiyxzhaiqkwzocyeeixy/Build/Intermediates.noindex/ExplicitPrecompiledModules/CoreGraphics-8C18TZ0EU0WKCOOKZIXHQVUHY.scan
    cd /
    builtin-precompileModule /Users/khanghnguyen/Library/Developer/Xcode/DerivedData/Wishie-gavmeupfwiyxzhaiqkwzocyeeixy/Build/Intermediates.noindex/ExplicitPrecompiledModules/CoreGraphics-8C18TZ0EU0WKCOOKZIXHQVUHY.scan

SwiftDriverJobDiscovery normal arm64 Compiling SwiftUI.swift (in target 'Clocks' from project 'swift-clocks')

SwiftCompile normal arm64 Compiling\ resource_bundle_accessor.swift,\ CollectionReference+AsyncAwait.swift,\ DocumentReference+AsyncSequence.swift,\ Firestore+AsyncAwait.swift,\ Query+AsyncSequence.swift,\ CodableErrors.swift,\ CodablePassThroughTypes.swift,\ CollectionReference+WriteEncodable.swift,\ DocumentID.swift /Users/khanghnguyen/Library/Developer/Xcode/DerivedData/Wishie-gavmeupfwiyxzhaiqkwzocyeeixy/Build/Intermediates.noindex/Firebase.build/Debug-iphoneos/FirebaseFirestore.build/DerivedSources/resource_bundle_accessor.swift /Users/khanghnguyen/Library/Developer/Xcode/DerivedData/Wishie-gavmeupfwiyxzhaiqkwzocyeeixy/SourcePackages/checkouts/firebase-ios-sdk/Firestore/Swift/Source/AsyncAwait/CollectionReference+AsyncAwait.swift /Users/khanghnguyen/Library/Developer/Xcode/DerivedData/Wishie-gavmeupfwiyxzhaiqkwzocyeeixy/SourcePackages/checkouts/firebase-ios-sdk/Firestore/Swift/Source/AsyncAwait/DocumentReference+AsyncSequence.swift /Users/khanghnguyen/Library/Developer/Xcode/DerivedData/Wishie-gavmeupfwiyxzhaiqkwzocyeeixy/SourcePackages/checkouts/firebase-ios-sdk/Firestore/Swift/Source/AsyncAwait/Firestore+AsyncAwait.swift /Users/khanghnguyen/Library/Developer/Xcode/DerivedData/Wishie-gavmeupfwiyxzhaiqkwzocyeeixy/SourcePackages/checkouts/firebase-ios-sdk/Firestore/Swift/Source/AsyncAwait/Query+AsyncSequence.swift /Users/khanghnguyen/Library/Developer/Xcode/DerivedData/Wishie-gavmeupfwiyxzhaiqkwzocyeeixy/SourcePackages/checkouts/firebase-ios-sdk/Firestore/Swift/Source/Codable/CodableErrors.swift /Users/khanghnguyen/Library/Developer/Xcode/DerivedData/Wishie-gavmeupfwiyxzhaiqkwzocyeeixy/SourcePackages/checkouts/firebase-ios-sdk/Firestore/Swift/Source/Codable/CodablePassThroughTypes.swift /Users/khanghnguyen/Library/Developer/Xcode/DerivedData/Wishie-gavmeupfwiyxzhaiqkwzocyeeixy/SourcePackages/checkouts/firebase-ios-sdk/Firestore/Swift/Source/Codable/CollectionReference+WriteEncodable.swift /Users/khanghnguyen/Library/Developer/Xcode/DerivedData/Wishie-gavmeupfwiyxzhaiqkwzocyeeixy/SourcePackages/checkouts/firebase-ios-sdk/Firestore/Swift/Source/Codable/DocumentID.swift (in target 'FirebaseFirestore' from project 'Firebase')

SwiftCompile normal arm64 /Users/khanghnguyen/Library/Developer/Xcode/DerivedData/Wishie-gavmeupfwiyxzhaiqkwzocyeeixy/Build/Intermediates.noindex/Firebase.build/Debug-iphoneos/FirebaseFirestore.build/DerivedSources/resource_bundle_accessor.swift (in target 'FirebaseFirestore' from project 'Firebase')
    cd /Users/khanghnguyen/Downloads/Wishie/Wishie.xcodeproj
    

SwiftCompile normal arm64 /Users/khanghnguyen/Library/Developer/Xcode/DerivedData/Wishie-gavmeupfwiyxzhaiqkwzocyeeixy/SourcePackages/checkouts/firebase-ios-sdk/Firestore/Swift/Source/AsyncAwait/CollectionReference+AsyncAwait.swift (in target 'FirebaseFirestore' from project 'Firebase')
    cd /Users/khanghnguyen/Downloads/Wishie/Wishie.xcodeproj
    

SwiftCompile normal arm64 /Users/khanghnguyen/Library/Developer/Xcode/DerivedData/Wishie-gavmeupfwiyxzhaiqkwzocyeeixy/SourcePackages/checkouts/firebase-ios-sdk/Firestore/Swift/Source/AsyncAwait/DocumentReference+AsyncSequence.swift (in target 'FirebaseFirestore' from project 'Firebase')
    cd /Users/khanghnguyen/Downloads/Wishie/Wishie.xcodeproj
    

SwiftCompile normal arm64 /Users/khanghnguyen/Library/Developer/Xcode/DerivedData/Wishie-gavmeupfwiyxzhaiqkwzocyeeixy/SourcePackages/checkouts/firebase-ios-sdk/Firestore/Swift/Source/AsyncAwait/Firestore+AsyncAwait.swift (in target 'FirebaseFirestore' from project 'Firebase')
    cd /Users/khanghnguyen/Downloads/Wishie/Wishie.xcodeproj
    

SwiftCompile normal arm64 /Users/khanghnguyen/Library/Developer/Xcode/DerivedData/Wishie-gavmeupfwiyxzhaiqkwzocyeeixy/SourcePackages/checkouts/firebase-ios-sdk/Firestore/Swift/Source/AsyncAwait/Query+AsyncSequence.swift (in target 'FirebaseFirestore' from project 'Firebase')
    cd /Users/khanghnguyen/Downloads/Wishie/Wishie.xcodeproj
    

SwiftCompile normal arm64 /Users/khanghnguyen/Library/Developer/Xcode/DerivedData/Wishie-gavmeupfwiyxzhaiqkwzocyeeixy/SourcePackages/checkouts/firebase-ios-sdk/Firestore/Swift/Source/Codable/CodableErrors.swift (in target 'FirebaseFirestore' from project 'Firebase')
    cd /Users/khanghnguyen/Downloads/Wishie/Wishie.xcodeproj
    

SwiftCompile normal arm64 /Users/khanghnguyen/Library/Developer/Xcode/DerivedData/Wishie-gavmeupfwiyxzhaiqkwzocyeeixy/SourcePackages/checkouts/firebase-ios-sdk/Firestore/Swift/Source/Codable/CodablePassThroughTypes.swift (in target 'FirebaseFirestore' from project 'Firebase')
    cd /Users/khanghnguyen/Downloads/Wishie/Wishie.xcodeproj
    

SwiftCompile normal arm64 /Users/khanghnguyen/Library/Developer/Xcode/DerivedData/Wishie-gavmeupfwiyxzhaiqkwzocyeeixy/SourcePackages/checkouts/firebase-ios-sdk/Firestore/Swift/Source/Codable/CollectionReference+WriteEncodable.swift (in target 'FirebaseFirestore' from project 'Firebase')
    cd /Users/khanghnguyen/Downloads/Wishie/Wishie.xcodeproj
    

SwiftCompile normal arm64 /Users/khanghnguyen/Library/Developer/Xcode/DerivedData/Wishie-gavmeupfwiyxzhaiqkwzocyeeixy/SourcePackages/checkouts/firebase-ios-sdk/Firestore/Swift/Source/Codable/DocumentID.swift (in target 'FirebaseFirestore' from project 'Firebase')
    cd /Users/khanghnguyen/Downloads/Wishie/Wishie.xcodeproj
    

SwiftDriverJobDiscovery normal arm64 Compiling DotLottieAnimation.swift, DotLottieAnimationView.swift (in target 'DotLottie' from project 'DotLottie')

SwiftCompile normal arm64 Compiling\ RealtimePipelineSource.swift,\ Selectable.swift,\ Subcollection.swift,\ TimeGranularity.swift,\ TimePart.swift,\ TimeUnit.swift,\ VectorValue+Swift.swift,\ SwiftHeaderWorkaround.swift /Users/khanghnguyen/Library/Developer/Xcode/DerivedData/Wishie-gavmeupfwiyxzhaiqkwzocyeeixy/SourcePackages/checkouts/firebase-ios-sdk/Firestore/Swift/Source/SwiftAPI/Pipeline/RealtimePipelineSource.swift /Users/khanghnguyen/Library/Developer/Xcode/DerivedData/Wishie-gavmeupfwiyxzhaiqkwzocyeeixy/SourcePackages/checkouts/firebase-ios-sdk/Firestore/Swift/Source/SwiftAPI/Pipeline/Selectable.swift /Users/khanghnguyen/Library/Developer/Xcode/DerivedData/Wishie-gavmeupfwiyxzhaiqkwzocyeeixy/SourcePackages/checkouts/firebase-ios-sdk/Firestore/Swift/Source/SwiftAPI/Pipeline/Subcollection.swift /Users/khanghnguyen/Library/Developer/Xcode/DerivedData/Wishie-gavmeupfwiyxzhaiqkwzocyeeixy/SourcePackages/checkouts/firebase-ios-sdk/Firestore/Swift/Source/SwiftAPI/Pipeline/TimeGranularity.swift /Users/khanghnguyen/Library/Developer/Xcode/DerivedData/Wishie-gavmeupfwiyxzhaiqkwzocyeeixy/SourcePackages/checkouts/firebase-ios-sdk/Firestore/Swift/Source/SwiftAPI/Pipeline/TimePart.swift /Users/khanghnguyen/Library/Developer/Xcode/DerivedData/Wishie-gavmeupfwiyxzhaiqkwzocyeeixy/SourcePackages/checkouts/firebase-ios-sdk/Firestore/Swift/Source/SwiftAPI/Pipeline/TimeUnit.swift /Users/khanghnguyen/Library/Developer/Xcode/DerivedData/Wishie-gavmeupfwiyxzhaiqkwzocyeeixy/SourcePackages/checkouts/firebase-ios-sdk/Firestore/Swift/Source/SwiftAPI/VectorValue+Swift.swift /Users/khanghnguyen/Library/Developer/Xcode/DerivedData/Wishie-gavmeupfwiyxzhaiqkwzocyeeixy/SourcePackages/checkouts/firebase-ios-sdk/Firestore/Swift/Source/SwiftHeaderWorkaround.swift (in target 'FirebaseFirestore' from project 'Firebase')

SwiftCompile normal arm64 /Users/khanghnguyen/Library/Developer/Xcode/DerivedData/Wishie-gavmeupfwiyxzhaiqkwzocyeeixy/SourcePackages/checkouts/firebase-ios-sdk/Firestore/Swift/Source/SwiftAPI/Pipeline/RealtimePipelineSource.swift (in target 'FirebaseFirestore' from project 'Firebase')
    cd /Users/khanghnguyen/Downloads/Wishie/Wishie.xcodeproj
    

SwiftCompile normal arm64 /Users/khanghnguyen/Library/Developer/Xcode/DerivedData/Wishie-gavmeupfwiyxzhaiqkwzocyeeixy/SourcePackages/checkouts/firebase-ios-sdk/Firestore/Swift/Source/SwiftAPI/Pipeline/Selectable.swift (in target 'FirebaseFirestore' from project 'Firebase')
    cd /Users/khanghnguyen/Downloads/Wishie/Wishie.xcodeproj
    

SwiftCompile normal arm64 /Users/khanghnguyen/Library/Developer/Xcode/DerivedData/Wishie-gavmeupfwiyxzhaiqkwzocyeeixy/SourcePackages/checkouts/firebase-ios-sdk/Firestore/Swift/Source/SwiftAPI/Pipeline/Subcollection.swift (in target 'FirebaseFirestore' from project 'Firebase')
    cd /Users/khanghnguyen/Downloads/Wishie/Wishie.xcodeproj
    

SwiftCompile normal arm64 /Users/khanghnguyen/Library/Developer/Xcode/DerivedData/Wishie-gavmeupfwiyxzhaiqkwzocyeeixy/SourcePackages/checkouts/firebase-ios-sdk/Firestore/Swift/Source/SwiftAPI/Pipeline/TimeGranularity.swift (in target 'FirebaseFirestore' from project 'Firebase')
    cd /Users/khanghnguyen/Downloads/Wishie/Wishie.xcodeproj
    

SwiftCompile normal arm64 /Users/khanghnguyen/Library/Developer/Xcode/DerivedData/Wishie-gavmeupfwiyxzhaiqkwzocyeeixy/SourcePackages/checkouts/firebase-ios-sdk/Firestore/Swift/Source/SwiftAPI/Pipeline/TimePart.swift (in target 'FirebaseFirestore' from project 'Firebase')
    cd /Users/khanghnguyen/Downloads/Wishie/Wishie.xcodeproj
    

SwiftCompile normal arm64 /Users/khanghnguyen/Library/Developer/Xcode/DerivedData/Wishie-gavmeupfwiyxzhaiqkwzocyeeixy/SourcePackages/checkouts/firebase-ios-sdk/Firestore/Swift/Source/SwiftAPI/Pipeline/TimeUnit.swift (in target 'FirebaseFirestore' from project 'Firebase')
    cd /Users/khanghnguyen/Downloads/Wishie/Wishie.xcodeproj
    

SwiftCompile normal arm64 /Users/khanghnguyen/Library/Developer/Xcode/DerivedData/Wishie-gavmeupfwiyxzhaiqkwzocyeeixy/SourcePackages/checkouts/firebase-ios-sdk/Firestore/Swift/Source/SwiftAPI/VectorValue+Swift.swift (in target 'FirebaseFirestore' from project 'Firebase')
    cd /Users/khanghnguyen/Downloads/Wishie/Wishie.xcodeproj
    

SwiftCompile normal arm64 /Users/khanghnguyen/Library/Developer/Xcode/DerivedData/Wishie-gavmeupfwiyxzhaiqkwzocyeeixy/SourcePackages/checkouts/firebase-ios-sdk/Firestore/Swift/Source/SwiftHeaderWorkaround.swift (in target 'FirebaseFirestore' from project 'Firebase')
    cd /Users/khanghnguyen/Downloads/Wishie/Wishie.xcodeproj
    

SwiftDriverJobDiscovery normal arm64 Compiling AnyClock.swift (in target 'Clocks' from project 'swift-clocks')

SwiftCompile normal arm64 Compiling\ DocumentSearchExpressions.swift,\ ConditionalExpression.swift,\ CurrentTimestamp.swift,\ ErrorExpression.swift,\ FunctionExpression.swift,\ MapExpression.swift,\ RandomExpression.swift,\ Score.swift /Users/khanghnguyen/Library/Developer/Xcode/DerivedData/Wishie-gavmeupfwiyxzhaiqkwzocyeeixy/SourcePackages/checkouts/firebase-ios-sdk/Firestore/Swift/Source/SwiftAPI/Pipeline/Expressions/FunctionExpressions/BooleanExpression/DocumentSearchExpressions.swift /Users/khanghnguyen/Library/Developer/Xcode/DerivedData/Wishie-gavmeupfwiyxzhaiqkwzocyeeixy/SourcePackages/checkouts/firebase-ios-sdk/Firestore/Swift/Source/SwiftAPI/Pipeline/Expressions/FunctionExpressions/ConditionalExpression.swift /Users/khanghnguyen/Library/Developer/Xcode/DerivedData/Wishie-gavmeupfwiyxzhaiqkwzocyeeixy/SourcePackages/checkouts/firebase-ios-sdk/Firestore/Swift/Source/SwiftAPI/Pipeline/Expressions/FunctionExpressions/CurrentTimestamp.swift /Users/khanghnguyen/Library/Developer/Xcode/DerivedData/Wishie-gavmeupfwiyxzhaiqkwzocyeeixy/SourcePackages/checkouts/firebase-ios-sdk/Firestore/Swift/Source/SwiftAPI/Pipeline/Expressions/FunctionExpressions/ErrorExpression.swift /Users/khanghnguyen/Library/Developer/Xcode/DerivedData/Wishie-gavmeupfwiyxzhaiqkwzocyeeixy/SourcePackages/checkouts/firebase-ios-sdk/Firestore/Swift/Source/SwiftAPI/Pipeline/Expressions/FunctionExpressions/FunctionExpression.swift /Users/khanghnguyen/Library/Developer/Xcode/DerivedData/Wishie-gavmeupfwiyxzhaiqkwzocyeeixy/SourcePackages/checkouts/firebase-ios-sdk/Firestore/Swift/Source/SwiftAPI/Pipeline/Expressions/FunctionExpressions/MapExpression.swift /Users/khanghnguyen/Library/Developer/Xcode/DerivedData/Wishie-gavmeupfwiyxzhaiqkwzocyeeixy/SourcePackages/checkouts/firebase-ios-sdk/Firestore/Swift/Source/SwiftAPI/Pipeline/Expressions/FunctionExpressions/RandomExpression.swift /Users/khanghnguyen/Library/Developer/Xcode/DerivedData/Wishie-gavmeupfwiyxzhaiqkwzocyeeixy/SourcePackages/checkouts/firebase-ios-sdk/Firestore/Swift/Source/SwiftAPI/Pipeline/Expressions/FunctionExpressions/Score.swift (in target 'FirebaseFirestore' from project 'Firebase')

SwiftCompile normal arm64 /Users/khanghnguyen/Library/Developer/Xcode/DerivedData/Wishie-gavmeupfwiyxzhaiqkwzocyeeixy/SourcePackages/checkouts/firebase-ios-sdk/Firestore/Swift/Source/SwiftAPI/Pipeline/Expressions/FunctionExpressions/BooleanExpression/DocumentSearchExpressions.swift (in target 'FirebaseFirestore' from project 'Firebase')
    cd /Users/khanghnguyen/Downloads/Wishie/Wishie.xcodeproj
    

SwiftCompile normal arm64 /Users/khanghnguyen/Library/Developer/Xcode/DerivedData/Wishie-gavmeupfwiyxzhaiqkwzocyeeixy/SourcePackages/checkouts/firebase-ios-sdk/Firestore/Swift/Source/SwiftAPI/Pipeline/Expressions/FunctionExpressions/ConditionalExpression.swift (in target 'FirebaseFirestore' from project 'Firebase')
    cd /Users/khanghnguyen/Downloads/Wishie/Wishie.xcodeproj
    

SwiftCompile normal arm64 /Users/khanghnguyen/Library/Developer/Xcode/DerivedData/Wishie-gavmeupfwiyxzhaiqkwzocyeeixy/SourcePackages/checkouts/firebase-ios-sdk/Firestore/Swift/Source/SwiftAPI/Pipeline/Expressions/FunctionExpressions/CurrentTimestamp.swift (in target 'FirebaseFirestore' from project 'Firebase')
    cd /Users/khanghnguyen/Downloads/Wishie/Wishie.xcodeproj
    

SwiftCompile normal arm64 /Users/khanghnguyen/Library/Developer/Xcode/DerivedData/Wishie-gavmeupfwiyxzhaiqkwzocyeeixy/SourcePackages/checkouts/firebase-ios-sdk/Firestore/Swift/Source/SwiftAPI/Pipeline/Expressions/FunctionExpressions/ErrorExpression.swift (in target 'FirebaseFirestore' from project 'Firebase')
    cd /Users/khanghnguyen/Downloads/Wishie/Wishie.xcodeproj
    

SwiftCompile normal arm64 /Users/khanghnguyen/Library/Developer/Xcode/DerivedData/Wishie-gavmeupfwiyxzhaiqkwzocyeeixy/SourcePackages/checkouts/firebase-ios-sdk/Firestore/Swift/Source/SwiftAPI/Pipeline/Expressions/FunctionExpressions/FunctionExpression.swift (in target 'FirebaseFirestore' from project 'Firebase')
    cd /Users/khanghnguyen/Downloads/Wishie/Wishie.xcodeproj
    

SwiftCompile normal arm64 /Users/khanghnguyen/Library/Developer/Xcode/DerivedData/Wishie-gavmeupfwiyxzhaiqkwzocyeeixy/SourcePackages/checkouts/firebase-ios-sdk/Firestore/Swift/Source/SwiftAPI/Pipeline/Expressions/FunctionExpressions/MapExpression.swift (in target 'FirebaseFirestore' from project 'Firebase')
    cd /Users/khanghnguyen/Downloads/Wishie/Wishie.xcodeproj
    

SwiftCompile normal arm64 /Users/khanghnguyen/Library/Developer/Xcode/DerivedData/Wishie-gavmeupfwiyxzhaiqkwzocyeeixy/SourcePackages/checkouts/firebase-ios-sdk/Firestore/Swift/Source/SwiftAPI/Pipeline/Expressions/FunctionExpressions/RandomExpression.swift (in target 'FirebaseFirestore' from project 'Firebase')
    cd /Users/khanghnguyen/Downloads/Wishie/Wishie.xcodeproj
    

SwiftCompile normal arm64 /Users/khanghnguyen/Library/Developer/Xcode/DerivedData/Wishie-gavmeupfwiyxzhaiqkwzocyeeixy/SourcePackages/checkouts/firebase-ios-sdk/Firestore/Swift/Source/SwiftAPI/Pipeline/Expressions/FunctionExpressions/Score.swift (in target 'FirebaseFirestore' from project 'Firebase')
    cd /Users/khanghnguyen/Downloads/Wishie/Wishie.xcodeproj
    

PrecompileModule /Users/khanghnguyen/Library/Developer/Xcode/DerivedData/Wishie-gavmeupfwiyxzhaiqkwzocyeeixy/Build/Intermediates.noindex/ExplicitPrecompiledModules/Foundation-9ZD4O73TB10CUZXN91GJYUZRX.scan
    cd /
    builtin-precompileModule /Users/khanghnguyen/Library/Developer/Xcode/DerivedData/Wishie-gavmeupfwiyxzhaiqkwzocyeeixy/Build/Intermediates.noindex/ExplicitPrecompiledModules/Foundation-9ZD4O73TB10CUZXN91GJYUZRX.scan

PrecompileModule /Users/khanghnguyen/Library/Developer/Xcode/DerivedData/Wishie-gavmeupfwiyxzhaiqkwzocyeeixy/Build/Intermediates.noindex/ExplicitPrecompiledModules/CoreText-5WSFA29Y1AAWG5OQYVSJSNJ9M.scan
    cd /
    builtin-precompileModule /Users/khanghnguyen/Library/Developer/Xcode/DerivedData/Wishie-gavmeupfwiyxzhaiqkwzocyeeixy/Build/Intermediates.noindex/ExplicitPrecompiledModules/CoreText-5WSFA29Y1AAWG5OQYVSJSNJ9M.scan

SwiftExplicitDependencyGeneratePcm arm64 /Users/khanghnguyen/Library/Developer/Xcode/DerivedData/Wishie-gavmeupfwiyxzhaiqkwzocyeeixy/Build/Intermediates.noindex/SwiftExplicitPrecompiledModules/RecaptchaInterop-CI5WYSY2H2C5F0O7QXWNIPNP.pcm

SwiftDriverJobDiscovery normal arm64 Compiling Coordinator.swift, DotLottie.swift (in target 'DotLottie' from project 'DotLottie')

SwiftExplicitDependencyGeneratePcm arm64 /Users/khanghnguyen/Library/Developer/Xcode/DerivedData/Wishie-gavmeupfwiyxzhaiqkwzocyeeixy/Build/Intermediates.noindex/SwiftExplicitPrecompiledModules/FirebaseAuthInternal-E435NFQHJHIYLO77SEPJ5ZJA5.pcm

SwiftExplicitDependencyGeneratePcm arm64 /Users/khanghnguyen/Library/Developer/Xcode/DerivedData/Wishie-gavmeupfwiyxzhaiqkwzocyeeixy/Build/Intermediates.noindex/SwiftExplicitPrecompiledModules/GTMSessionFetcherCore-CNSXJQNR3Q3DGHA4OOEIGZND4.pcm

SwiftExplicitDependencyGeneratePcm arm64 /Users/khanghnguyen/Library/Developer/Xcode/DerivedData/Wishie-gavmeupfwiyxzhaiqkwzocyeeixy/Build/Intermediates.noindex/SwiftExplicitPrecompiledModules/FirebaseAuthInterop-DPF6NPEGCB6860XXBDN9O31WJ.pcm

SwiftExplicitDependencyGeneratePcm arm64 /Users/khanghnguyen/Library/Developer/Xcode/DerivedData/Wishie-gavmeupfwiyxzhaiqkwzocyeeixy/Build/Intermediates.noindex/SwiftExplicitPrecompiledModules/GoogleUtilities_NSData-6NBQJ5S1ZKF60UI7SEWV1FS2W.pcm

SwiftExplicitDependencyGeneratePcm arm64 /Users/khanghnguyen/Library/Developer/Xcode/DerivedData/Wishie-gavmeupfwiyxzhaiqkwzocyeeixy/Build/Intermediates.noindex/SwiftExplicitPrecompiledModules/GoogleUtilities_Environment-G828ZYYF3WZHTA0DY1MW8U4O.pcm

SwiftExplicitDependencyGeneratePcm arm64 /Users/khanghnguyen/Library/Developer/Xcode/DerivedData/Wishie-gavmeupfwiyxzhaiqkwzocyeeixy/Build/Intermediates.noindex/SwiftExplicitPrecompiledModules/GoogleUtilities_AppDelegateSwizzler-615LG6DT2BT0S3KDDB8RC4F81.pcm

SwiftDriverJobDiscovery normal arm64 Emitting module for FirebaseFirestore (in target 'FirebaseFirestore' from project 'Firebase')

SwiftDriver\ Compilation\ Requirements FirebaseFirestore normal arm64 com.apple.xcode.tools.swift.compiler (in target 'FirebaseFirestore' from project 'Firebase')
    cd /Users/khanghnguyen/Downloads/Wishie/Wishie.xcodeproj
    builtin-Swift-Compilation-Requirements -- /Applications/Xcode.app/Contents/Developer/Toolchains/XcodeDefault.xctoolchain/usr/bin/swiftc -module-name FirebaseFirestore -Onone -enforce-exclusivity\=checked @/Users/khanghnguyen/Library/Developer/Xcode/DerivedData/Wishie-gavmeupfwiyxzhaiqkwzocyeeixy/Build/Intermediates.noindex/Firebase.build/Debug-iphoneos/FirebaseFirestore.build/Objects-normal/arm64/FirebaseFirestore.SwiftFileList -DSWIFT_PACKAGE -DDEBUG -DSWIFT_MODULE_RESOURCE_BUNDLE_AVAILABLE -Xcc -fmodule-map-file\=/Users/khanghnguyen/Library/Developer/Xcode/DerivedData/Wishie-gavmeupfwiyxzhaiqkwzocyeeixy/Build/Intermediates.noindex/GeneratedModuleMaps-iphoneos/GoogleUtilities-NSData.modulemap -Xcc -fmodule-map-file\=/Users/khanghnguyen/Library/Developer/Xcode/DerivedData/Wishie-gavmeupfwiyxzhaiqkwzocyeeixy/Build/Intermediates.noindex/GeneratedModuleMaps-iphoneos/GoogleUtilities-Environment.modulemap -Xcc -fmodule-map-file\=/Users/khanghnguyen/Library/Developer/Xcode/DerivedData/Wishie-gavmeupfwiyxzhaiqkwzocyeeixy/Build/Intermediates.noindex/GeneratedModuleMaps-iphoneos/third-party-IsAppEncrypted.modulemap -Xcc -fmodule-map-file\=/Users/khanghnguyen/Library/Developer/Xcode/DerivedData/Wishie-gavmeupfwiyxzhaiqkwzocyeeixy/Build/Intermediates.noindex/GeneratedModuleMaps-iphoneos/GoogleUtilities-Logger.modulemap -Xcc -fmodule-map-file\=/Users/khanghnguyen/Library/Developer/Xcode/DerivedData/Wishie-gavmeupfwiyxzhaiqkwzocyeeixy/Build/Intermediates.noindex/GeneratedModuleMaps-iphoneos/abslWrapper.modulemap -Xcc -fmodule-map-file\=/Users/khanghnguyen/Library/Developer/Xcode/DerivedData/Wishie-gavmeupfwiyxzhaiqkwzocyeeixy/Build/Intermediates.noindex/GeneratedModuleMaps-iphoneos/opensslWrapper.modulemap -Xcc -fmodule-map-file\=/Users/khanghnguyen/Library/Developer/Xcode/DerivedData/Wishie-gavmeupfwiyxzhaiqkwzocyeeixy/Build/Intermediates.noindex/GeneratedModuleMaps-iphoneos/grpcWrapper.modulemap -Xcc -fmodule-map-file\=/Users/khanghnguyen/Library/Developer/Xcode/DerivedData/Wishie-gavmeupfwiyxzhaiqkwzocyeeixy/Build/Intermediates.noindex/GeneratedModuleMaps-iphoneos/grpcppWrapper.modulemap -Xcc -fmodule-map-file\=/Users/khanghnguyen/Library/Developer/Xcode/DerivedData/Wishie-gavmeupfwiyxzhaiqkwzocyeeixy/Build/Intermediates.noindex/GeneratedModuleMaps-iphoneos/nanopb.modulemap -Xcc -fmodule-map-file\=/Users/khanghnguyen/Library/Developer/Xcode/DerivedData/Wishie-gavmeupfwiyxzhaiqkwzocyeeixy/Build/Intermediates.noindex/GeneratedModuleMaps-iphoneos/leveldb.modulemap -Xcc -fmodule-map-file\=/Users/khanghnguyen/Library/Developer/Xcode/DerivedData/Wishie-gavmeupfwiyxzhaiqkwzocyeeixy/Build/Intermediates.noindex/GeneratedModuleMaps-iphoneos/FirebaseCoreExtension.modulemap -Xcc -fmodule-map-file\=/Users/khanghnguyen/Library/Developer/Xcode/DerivedData/Wishie-gavmeupfwiyxzhaiqkwzocyeeixy/Build/Intermediates.noindex/GeneratedModuleMaps-iphoneos/FirebaseCore.modulemap -Xcc -fmodule-map-file\=/Users/khanghnguyen/Library/Developer/Xcode/DerivedData/Wishie-gavmeupfwiyxzhaiqkwzocyeeixy/Build/Intermediates.noindex/GeneratedModuleMaps-iphoneos/FirebaseAppCheckInterop.modulemap -Xcc -fmodule-map-file\=/Users/khanghnguyen/Library/Developer/Xcode/DerivedData/Wishie-gavmeupfwiyxzhaiqkwzocyeeixy/Build/Intermediates.noindex/GeneratedModuleMaps-iphoneos/FirebaseFirestoreInternalWrapper.modulemap -DXcode -plugin-path /Applications/Xcode.app/Contents/Developer/Toolchains/XcodeDefault.xctoolchain/usr/lib/swift/host/plugins/testing -enable-experimental-feature DebugDescriptionMacro -sdk /Applications/Xcode.app/Contents/Developer/Platforms/iPhoneOS.platform/Developer/SDKs/iPhoneOS26.2.sdk -target arm64-apple-ios15.0 -g -module-cache-path /Users/khanghnguyen/Library/Developer/Xcode/DerivedData/ModuleCache.noindex -Xfrontend -serialize-debugging-options -profile-coverage-mapping -profile-generate -enable-testing -suppress-warnings -index-store-path /Users/khanghnguyen/Library/Developer/Xcode/DerivedData/Wishie-gavmeupfwiyxzhaiqkwzocyeeixy/Index.noindex/DataStore -Xcc -D_LIBCPP_HARDENING_MODE\=_LIBCPP_HARDENING_MODE_DEBUG -swift-version 5 -I /Users/khanghnguyen/Library/Developer/Xcode/DerivedData/Wishie-gavmeupfwiyxzhaiqkwzocyeeixy/Build/Products/Debug-iphoneos -Isystem /Applications/Xcode.app/Contents/Developer/Platforms/iPhoneOS.platform/Developer/usr/lib -F /Users/khanghnguyen/Library/Developer/Xcode/DerivedData/Wishie-gavmeupfwiyxzhaiqkwzocyeeixy/Build/Products/Debug-iphoneos/PackageFrameworks -F /Users/khanghnguyen/Library/Developer/Xcode/DerivedData/Wishie-gavmeupfwiyxzhaiqkwzocyeeixy/Build/Products/Debug-iphoneos/PackageFrameworks -F /Users/khanghnguyen/Library/Developer/Xcode/DerivedData/Wishie-gavmeupfwiyxzhaiqkwzocyeeixy/Build/Products/Debug-iphoneos/PackageFrameworks -F /Users/khanghnguyen/Library/Developer/Xcode/DerivedData/Wishie-gavmeupfwiyxzhaiqkwzocyeeixy/Build/Products/Debug-iphoneos/PackageFrameworks -F /Users/khanghnguyen/Library/Developer/Xcode/DerivedData/Wishie-gavmeupfwiyxzhaiqkwzocyeeixy/Build/Products/Debug-iphoneos/PackageFrameworks -F /Users/khanghnguyen/Library/Developer/Xcode/DerivedData/Wishie-gavmeupfwiyxzhaiqkwzocyeeixy/Build/Products/Debug-iphoneos/PackageFrameworks -F /Users/khanghnguyen/Library/Developer/Xcode/DerivedData/Wishie-gavmeupfwiyxzhaiqkwzocyeeixy/Build/Products/Debug-iphoneos/PackageFrameworks -F /Users/khanghnguyen/Library/Developer/Xcode/DerivedData/Wishie-gavmeupfwiyxzhaiqkwzocyeeixy/Build/Products/Debug-iphoneos/PackageFrameworks -F /Users/khanghnguyen/Library/Developer/Xcode/DerivedData/Wishie-gavmeupfwiyxzhaiqkwzocyeeixy/Build/Products/Debug-iphoneos/PackageFrameworks -F /Users/khanghnguyen/Library/Developer/Xcode/DerivedData/Wishie-gavmeupfwiyxzhaiqkwzocyeeixy/Build/Products/Debug-iphoneos/PackageFrameworks -F /Users/khanghnguyen/Library/Developer/Xcode/DerivedData/Wishie-gavmeupfwiyxzhaiqkwzocyeeixy/Build/Products/Debug-iphoneos/PackageFrameworks -F /Users/khanghnguyen/Library/Developer/Xcode/DerivedData/Wishie-gavmeupfwiyxzhaiqkwzocyeeixy/Build/Products/Debug-iphoneos/PackageFrameworks -F /Users/khanghnguyen/Library/Developer/Xcode/DerivedData/Wishie-gavmeupfwiyxzhaiqkwzocyeeixy/Build/Products/Debug-iphoneos/PackageFrameworks -F /Users/khanghnguyen/Library/Developer/Xcode/DerivedData/Wishie-gavmeupfwiyxzhaiqkwzocyeeixy/Build/Products/Debug-iphoneos/PackageFrameworks -F /Users/khanghnguyen/Library/Developer/Xcode/DerivedData/Wishie-gavmeupfwiyxzhaiqkwzocyeeixy/Build/Products/Debug-iphoneos/PackageFrameworks -F /Users/khanghnguyen/Library/Developer/Xcode/DerivedData/Wishie-gavmeupfwiyxzhaiqkwzocyeeixy/Build/Products/Debug-iphoneos/PackageFrameworks -F /Users/khanghnguyen/Library/Developer/Xcode/DerivedData/Wishie-gavmeupfwiyxzhaiqkwzocyeeixy/Build/Products/Debug-iphoneos/PackageFrameworks -F /Users/khanghnguyen/Library/Developer/Xcode/DerivedData/Wishie-gavmeupfwiyxzhaiqkwzocyeeixy/Build/Products/Debug-iphoneos -F /Applications/Xcode.app/Contents/Developer/Platforms/iPhoneOS.platform/Developer/Library/Frameworks -F /Applications/Xcode.app/Contents/Developer/Platforms/iPhoneOS.platform/Developer/SDKs/iPhoneOS26.2.sdk/Developer/Library/Frameworks -c -j8 -enable-batch-mode -incremental -Xcc -ivfsstatcache -Xcc /Users/khanghnguyen/Library/Developer/Xcode/DerivedData/SDKStatCaches.noindex/iphoneos26.2-23C57-3794476bd08197c3e2abd9bb477ef7f7.sdkstatcache -output-file-map /Users/khanghnguyen/Library/Developer/Xcode/DerivedData/Wishie-gavmeupfwiyxzhaiqkwzocyeeixy/Build/Intermediates.noindex/Firebase.build/Debug-iphoneos/FirebaseFirestore.build/Objects-normal/arm64/FirebaseFirestore-OutputFileMap.json -use-frontend-parseable-output -save-temps -no-color-diagnostics -explicit-module-build -module-cache-path /Users/khanghnguyen/Library/Developer/Xcode/DerivedData/Wishie-gavmeupfwiyxzhaiqkwzocyeeixy/Build/Intermediates.noindex/SwiftExplicitPrecompiledModules -clang-scanner-module-cache-path /Users/khanghnguyen/Library/Developer/Xcode/DerivedData/ModuleCache.noindex -sdk-module-cache-path /Users/khanghnguyen/Library/Developer/Xcode/DerivedData/ModuleCache.noindex -serialize-diagnostics -emit-dependencies -emit-module -emit-module-path /Users/khanghnguyen/Library/Developer/Xcode/DerivedData/Wishie-gavmeupfwiyxzhaiqkwzocyeeixy/Build/Intermediates.noindex/Firebase.build/Debug-iphoneos/FirebaseFirestore.build/Objects-normal/arm64/FirebaseFirestore.swiftmodule -user-module-version 12.13.0 -validate-clang-modules-once -clang-build-session-file /Users/khanghnguyen/Library/Developer/Xcode/DerivedData/ModuleCache.noindex/Session.modulevalidation -package-name firebase_ios_sdk -Xcc -I/Users/khanghnguyen/Library/Developer/Xcode/DerivedData/Wishie-gavmeupfwiyxzhaiqkwzocyeeixy/Build/Intermediates.noindex/Firebase.build/Debug-iphoneos/FirebaseFirestore.build/swift-overrides.hmap -emit-const-values -Xfrontend -const-gather-protocols-file -Xfrontend /Users/khanghnguyen/Library/Developer/Xcode/DerivedData/Wishie-gavmeupfwiyxzhaiqkwzocyeeixy/Build/Intermediates.noindex/Firebase.build/Debug-iphoneos/FirebaseFirestore.build/Objects-normal/arm64/FirebaseFirestore_const_extract_protocols.json -Xcc -I/Users/khanghnguyen/Library/Developer/Xcode/DerivedData/Wishie-gavmeupfwiyxzhaiqkwzocyeeixy/SourcePackages/checkouts/GoogleUtilities/GoogleUtilities/NSData+zlib/Public -Xcc -I/Users/khanghnguyen/Library/Developer/Xcode/DerivedData/Wishie-gavmeupfwiyxzhaiqkwzocyeeixy/SourcePackages/checkouts/GoogleUtilities/GoogleUtilities/Environment/Public -Xcc -I/Users/khanghnguyen/Library/Developer/Xcode/DerivedData/Wishie-gavmeupfwiyxzhaiqkwzocyeeixy/SourcePackages/checkouts/GoogleUtilities/third_party/IsAppEncrypted/Public -Xcc -I/Users/khanghnguyen/Library/Developer/Xcode/DerivedData/Wishie-gavmeupfwiyxzhaiqkwzocyeeixy/SourcePackages/checkouts/GoogleUtilities/GoogleUtilities/Logger/Public -Xcc -I/Users/khanghnguyen/Library/Developer/Xcode/DerivedData/Wishie-gavmeupfwiyxzhaiqkwzocyeeixy/SourcePackages/checkouts/abseil-cpp-binary/absl-Wrapper/include -Xcc -I/Users/khanghnguyen/Library/Developer/Xcode/DerivedData/Wishie-gavmeupfwiyxzhaiqkwzocyeeixy/SourcePackages/checkouts/grpc-binary/openssl-grpc-Wrapper/include -Xcc -I/Users/khanghnguyen/Library/Developer/Xcode/DerivedData/Wishie-gavmeupfwiyxzhaiqkwzocyeeixy/SourcePackages/checkouts/grpc-binary/grpc-Wrapper/include -Xcc -I/Users/khanghnguyen/Library/Developer/Xcode/DerivedData/Wishie-gavmeupfwiyxzhaiqkwzocyeeixy/SourcePackages/checkouts/grpc-binary/grpcpp-Wrapper/include -Xcc -I/Users/khanghnguyen/Library/Developer/Xcode/DerivedData/Wishie-gavmeupfwiyxzhaiqkwzocyeeixy/SourcePackages/checkouts/nanopb/spm_headers -Xcc -I/Users/khanghnguyen/Library/Developer/Xcode/DerivedData/Wishie-gavmeupfwiyxzhaiqkwzocyeeixy/SourcePackages/checkouts/leveldb/include -Xcc -I/Users/khanghnguyen/Library/Developer/Xcode/DerivedData/Wishie-gavmeupfwiyxzhaiqkwzocyeeixy/SourcePackages/checkouts/firebase-ios-sdk/FirebaseCore/Extension -Xcc -I/Users/khanghnguyen/Library/Developer/Xcode/DerivedData/Wishie-gavmeupfwiyxzhaiqkwzocyeeixy/SourcePackages/checkouts/firebase-ios-sdk/FirebaseCore/Sources/Public -Xcc -I/Users/khanghnguyen/Library/Developer/Xcode/DerivedData/Wishie-gavmeupfwiyxzhaiqkwzocyeeixy/SourcePackages/checkouts/firebase-ios-sdk/CoreOnly/Sources -Xcc -I/Users/khanghnguyen/Library/Developer/Xcode/DerivedData/Wishie-gavmeupfwiyxzhaiqkwzocyeeixy/SourcePackages/checkouts/firebase-ios-sdk/FirebaseAppCheck/Interop/Public -Xcc -I/Users/khanghnguyen/Library/Developer/Xcode/DerivedData/Wishie-gavmeupfwiyxzhaiqkwzocyeeixy/SourcePackages/checkouts/firebase-ios-sdk/FirebaseFirestoreInternal -Xcc -I/Users/khanghnguyen/Library/Developer/Xcode/DerivedData/Wishie-gavmeupfwiyxzhaiqkwzocyeeixy/Build/Products/Debug-iphoneos/include -Xcc -I/Users/khanghnguyen/Library/Developer/Xcode/DerivedData/Wishie-gavmeupfwiyxzhaiqkwzocyeeixy/Build/Intermediates.noindex/Firebase.build/Debug-iphoneos/FirebaseFirestore.build/DerivedSources-normal/arm64 -Xcc -I/Users/khanghnguyen/Library/Developer/Xcode/DerivedData/Wishie-gavmeupfwiyxzhaiqkwzocyeeixy/Build/Intermediates.noindex/Firebase.build/Debug-iphoneos/FirebaseFirestore.build/DerivedSources/arm64 -Xcc -I/Users/khanghnguyen/Library/Developer/Xcode/DerivedData/Wishie-gavmeupfwiyxzhaiqkwzocyeeixy/Build/Intermediates.noindex/Firebase.build/Debug-iphoneos/FirebaseFirestore.build/DerivedSources -Xcc -DSWIFT_PACKAGE -Xcc -DDEBUG\=1 -emit-objc-header -emit-objc-header-path /Users/khanghnguyen/Library/Developer/Xcode/DerivedData/Wishie-gavmeupfwiyxzhaiqkwzocyeeixy/Build/Intermediates.noindex/Firebase.build/Debug-iphoneos/FirebaseFirestore.build/Objects-normal/arm64/FirebaseFirestore-Swift.h -working-directory /Users/khanghnguyen/Downloads/Wishie/Wishie.xcodeproj -experimental-emit-module-separately -disable-cmo

SwiftExplicitDependencyGeneratePcm arm64 /Users/khanghnguyen/Library/Developer/Xcode/DerivedData/Wishie-gavmeupfwiyxzhaiqkwzocyeeixy/Build/Intermediates.noindex/SwiftExplicitPrecompiledModules/FirebaseAppCheckInterop-1W6XF01EMX4N2Y0O2NK7B1K8B.pcm

SwiftMergeGeneratedHeaders /Users/khanghnguyen/Library/Developer/Xcode/DerivedData/Wishie-gavmeupfwiyxzhaiqkwzocyeeixy/Build/Intermediates.noindex/GeneratedModuleMaps-iphoneos/FirebaseFirestore-Swift.h /Users/khanghnguyen/Library/Developer/Xcode/DerivedData/Wishie-gavmeupfwiyxzhaiqkwzocyeeixy/Build/Intermediates.noindex/Firebase.build/Debug-iphoneos/FirebaseFirestore.build/Objects-normal/arm64/FirebaseFirestore-Swift.h (in target 'FirebaseFirestore' from project 'Firebase')
    cd /Users/khanghnguyen/Library/Developer/Xcode/DerivedData/Wishie-gavmeupfwiyxzhaiqkwzocyeeixy/SourcePackages/checkouts/firebase-ios-sdk
    builtin-swiftHeaderTool -arch arm64 /Users/khanghnguyen/Library/Developer/Xcode/DerivedData/Wishie-gavmeupfwiyxzhaiqkwzocyeeixy/Build/Intermediates.noindex/Firebase.build/Debug-iphoneos/FirebaseFirestore.build/Objects-normal/arm64/FirebaseFirestore-Swift.h -o /Users/khanghnguyen/Library/Developer/Xcode/DerivedData/Wishie-gavmeupfwiyxzhaiqkwzocyeeixy/Build/Intermediates.noindex/GeneratedModuleMaps-iphoneos/FirebaseFirestore-Swift.h

Copy /Users/khanghnguyen/Library/Developer/Xcode/DerivedData/Wishie-gavmeupfwiyxzhaiqkwzocyeeixy/Build/Products/Debug-iphoneos/FirebaseFirestore.swiftmodule/arm64-apple-ios.swiftmodule /Users/khanghnguyen/Library/Developer/Xcode/DerivedData/Wishie-gavmeupfwiyxzhaiqkwzocyeeixy/Build/Intermediates.noindex/Firebase.build/Debug-iphoneos/FirebaseFirestore.build/Objects-normal/arm64/FirebaseFirestore.swiftmodule (in target 'FirebaseFirestore' from project 'Firebase')
    cd /Users/khanghnguyen/Library/Developer/Xcode/DerivedData/Wishie-gavmeupfwiyxzhaiqkwzocyeeixy/SourcePackages/checkouts/firebase-ios-sdk
    builtin-copy -exclude .DS_Store -exclude CVS -exclude .svn -exclude .git -exclude .hg -resolve-src-symlinks -rename /Users/khanghnguyen/Library/Developer/Xcode/DerivedData/Wishie-gavmeupfwiyxzhaiqkwzocyeeixy/Build/Intermediates.noindex/Firebase.build/Debug-iphoneos/FirebaseFirestore.build/Objects-normal/arm64/FirebaseFirestore.swiftmodule /Users/khanghnguyen/Library/Developer/Xcode/DerivedData/Wishie-gavmeupfwiyxzhaiqkwzocyeeixy/Build/Products/Debug-iphoneos/FirebaseFirestore.swiftmodule/arm64-apple-ios.swiftmodule

Copy /Users/khanghnguyen/Library/Developer/Xcode/DerivedData/Wishie-gavmeupfwiyxzhaiqkwzocyeeixy/Build/Products/Debug-iphoneos/FirebaseFirestore.swiftmodule/arm64-apple-ios.swiftdoc /Users/khanghnguyen/Library/Developer/Xcode/DerivedData/Wishie-gavmeupfwiyxzhaiqkwzocyeeixy/Build/Intermediates.noindex/Firebase.build/Debug-iphoneos/FirebaseFirestore.build/Objects-normal/arm64/FirebaseFirestore.swiftdoc (in target 'FirebaseFirestore' from project 'Firebase')
    cd /Users/khanghnguyen/Library/Developer/Xcode/DerivedData/Wishie-gavmeupfwiyxzhaiqkwzocyeeixy/SourcePackages/checkouts/firebase-ios-sdk
    builtin-copy -exclude .DS_Store -exclude CVS -exclude .svn -exclude .git -exclude .hg -resolve-src-symlinks -rename /Users/khanghnguyen/Library/Developer/Xcode/DerivedData/Wishie-gavmeupfwiyxzhaiqkwzocyeeixy/Build/Intermediates.noindex/Firebase.build/Debug-iphoneos/FirebaseFirestore.build/Objects-normal/arm64/FirebaseFirestore.swiftdoc /Users/khanghnguyen/Library/Developer/Xcode/DerivedData/Wishie-gavmeupfwiyxzhaiqkwzocyeeixy/Build/Products/Debug-iphoneos/FirebaseFirestore.swiftmodule/arm64-apple-ios.swiftdoc

Copy /Users/khanghnguyen/Library/Developer/Xcode/DerivedData/Wishie-gavmeupfwiyxzhaiqkwzocyeeixy/Build/Products/Debug-iphoneos/FirebaseFirestore.swiftmodule/arm64-apple-ios.abi.json /Users/khanghnguyen/Library/Developer/Xcode/DerivedData/Wishie-gavmeupfwiyxzhaiqkwzocyeeixy/Build/Intermediates.noindex/Firebase.build/Debug-iphoneos/FirebaseFirestore.build/Objects-normal/arm64/FirebaseFirestore.abi.json (in target 'FirebaseFirestore' from project 'Firebase')
    cd /Users/khanghnguyen/Library/Developer/Xcode/DerivedData/Wishie-gavmeupfwiyxzhaiqkwzocyeeixy/SourcePackages/checkouts/firebase-ios-sdk
    builtin-copy -exclude .DS_Store -exclude CVS -exclude .svn -exclude .git -exclude .hg -resolve-src-symlinks -rename /Users/khanghnguyen/Library/Developer/Xcode/DerivedData/Wishie-gavmeupfwiyxzhaiqkwzocyeeixy/Build/Intermediates.noindex/Firebase.build/Debug-iphoneos/FirebaseFirestore.build/Objects-normal/arm64/FirebaseFirestore.abi.json /Users/khanghnguyen/Library/Developer/Xcode/DerivedData/Wishie-gavmeupfwiyxzhaiqkwzocyeeixy/Build/Products/Debug-iphoneos/FirebaseFirestore.swiftmodule/arm64-apple-ios.abi.json

Copy /Users/khanghnguyen/Library/Developer/Xcode/DerivedData/Wishie-gavmeupfwiyxzhaiqkwzocyeeixy/Build/Products/Debug-iphoneos/FirebaseFirestore.swiftmodule/Project/arm64-apple-ios.swiftsourceinfo /Users/khanghnguyen/Library/Developer/Xcode/DerivedData/Wishie-gavmeupfwiyxzhaiqkwzocyeeixy/Build/Intermediates.noindex/Firebase.build/Debug-iphoneos/FirebaseFirestore.build/Objects-normal/arm64/FirebaseFirestore.swiftsourceinfo (in target 'FirebaseFirestore' from project 'Firebase')
    cd /Users/khanghnguyen/Library/Developer/Xcode/DerivedData/Wishie-gavmeupfwiyxzhaiqkwzocyeeixy/SourcePackages/checkouts/firebase-ios-sdk
    builtin-copy -exclude .DS_Store -exclude CVS -exclude .svn -exclude .git -exclude .hg -resolve-src-symlinks -rename /Users/khanghnguyen/Library/Developer/Xcode/DerivedData/Wishie-gavmeupfwiyxzhaiqkwzocyeeixy/Build/Intermediates.noindex/Firebase.build/Debug-iphoneos/FirebaseFirestore.build/Objects-normal/arm64/FirebaseFirestore.swiftsourceinfo /Users/khanghnguyen/Library/Developer/Xcode/DerivedData/Wishie-gavmeupfwiyxzhaiqkwzocyeeixy/Build/Products/Debug-iphoneos/FirebaseFirestore.swiftmodule/Project/arm64-apple-ios.swiftsourceinfo

CompileC /Users/khanghnguyen/Library/Developer/Xcode/DerivedData/Wishie-gavmeupfwiyxzhaiqkwzocyeeixy/Build/Intermediates.noindex/Firebase.build/Debug-iphoneos/FirebaseCore.build/Objects-normal/arm64/resource_bundle_accessor.o /Users/khanghnguyen/Library/Developer/Xcode/DerivedData/Wishie-gavmeupfwiyxzhaiqkwzocyeeixy/Build/Intermediates.noindex/Firebase.build/Debug-iphoneos/FirebaseCore.build/DerivedSources/resource_bundle_accessor.m normal arm64 objective-c com.apple.compilers.llvm.clang.1_0.compiler (in target 'FirebaseCore' from project 'Firebase')
    cd /Users/khanghnguyen/Downloads/Wishie/Wishie.xcodeproj
    
    Using response file: /Users/khanghnguyen/Library/Developer/Xcode/DerivedData/Wishie-gavmeupfwiyxzhaiqkwzocyeeixy/Build/Intermediates.noindex/Firebase.build/Debug-iphoneos/FirebaseCore.build/Objects-normal/arm64/e6072d4f65d7061329687fe24e3d63a7-common-args.resp
    
    /Applications/Xcode.app/Contents/Developer/Toolchains/XcodeDefault.xctoolchain/usr/bin/clang -x objective-c -ivfsstatcache /Users/khanghnguyen/Library/Developer/Xcode/DerivedData/SDKStatCaches.noindex/iphoneos26.2-23C57-3794476bd08197c3e2abd9bb477ef7f7.sdkstatcache -fmessage-length\=0 -fdiagnostics-show-note-include-stack -fmacro-backtrace-limit\=0 -fno-color-diagnostics -fmodules-prune-interval\=86400 -fmodules-prune-after\=345600 -fbuild-session-file\=/Users/khanghnguyen/Library/Developer/Xcode/DerivedData/ModuleCache.noindex/Session.modulevalidation -fmodules-validate-once-per-build-session -Wnon-modular-include-in-framework-module -Werror\=non-modular-include-in-framework-module -Wno-trigraphs -Wno-missing-field-initializers -Wno-missing-prototypes -Wno-return-type -Wno-implicit-atomic-properties -Wno-objc-interface-ivars -Wno-arc-repeated-use-of-weak -Wno-missing-braces -Wparentheses -Wswitch -Wno-unused-function -Wno-unused-label -Wno-unused-parameter -Wno-unused-variable -Wunused-value -Wno-empty-body -Wno-uninitialized -Wno-unknown-pragmas -w -Wno-shadow -Wno-four-char-constants -Wno-conversion -Wno-constant-conversion -Wno-int-conversion -Wno-bool-conversion -Wno-enum-conversion -Wno-float-conversion -Wno-non-literal-null-conversion -Wno-objc-literal-conversion -Wshorten-64-to-32 -Wpointer-sign -Wno-newline-eof -Wno-selector -Wno-strict-selector-match -Wno-undeclared-selector -Wno-deprecated-implementations -Wno-implicit-fallthrough -fstrict-aliasing -Wprotocol -Wdeprecated-declarations -Wno-sign-conversion -Wno-infinite-recursion -Wno-comma -Wno-block-capture-autoreleasing -Wno-strict-prototypes -Wno-semicolon-before-method-body -index-store-path /Users/khanghnguyen/Library/Developer/Xcode/DerivedData/Wishie-gavmeupfwiyxzhaiqkwzocyeeixy/Index.noindex/DataStore @/Users/khanghnguyen/Library/Developer/Xcode/DerivedData/Wishie-gavmeupfwiyxzhaiqkwzocyeeixy/Build/Intermediates.noindex/Firebase.build/Debug-iphoneos/FirebaseCore.build/Objects-normal/arm64/e6072d4f65d7061329687fe24e3d63a7-common-args.resp -include /Users/khanghnguyen/Library/Developer/Xcode/DerivedData/Wishie-gavmeupfwiyxzhaiqkwzocyeeixy/Build/Intermediates.noindex/Firebase.build/Debug-iphoneos/FirebaseCore.build/DerivedSources/resource_bundle_accessor.h -MMD -MT dependencies -MF /Users/khanghnguyen/Library/Developer/Xcode/DerivedData/Wishie-gavmeupfwiyxzhaiqkwzocyeeixy/Build/Intermediates.noindex/Firebase.build/Debug-iphoneos/FirebaseCore.build/Objects-normal/arm64/resource_bundle_accessor.d --serialize-diagnostics /Users/khanghnguyen/Library/Developer/Xcode/DerivedData/Wishie-gavmeupfwiyxzhaiqkwzocyeeixy/Build/Intermediates.noindex/Firebase.build/Debug-iphoneos/FirebaseCore.build/Objects-normal/arm64/resource_bundle_accessor.dia -c /Users/khanghnguyen/Library/Developer/Xcode/DerivedData/Wishie-gavmeupfwiyxzhaiqkwzocyeeixy/Build/Intermediates.noindex/Firebase.build/Debug-iphoneos/FirebaseCore.build/DerivedSources/resource_bundle_accessor.m -o /Users/khanghnguyen/Library/Developer/Xcode/DerivedData/Wishie-gavmeupfwiyxzhaiqkwzocyeeixy/Build/Intermediates.noindex/Firebase.build/Debug-iphoneos/FirebaseCore.build/Objects-normal/arm64/resource_bundle_accessor.o -index-unit-output-path /Firebase.build/Debug-iphoneos/FirebaseCore.build/Objects-normal/arm64/resource_bundle_accessor.o

CompileC /Users/khanghnguyen/Library/Developer/Xcode/DerivedData/Wishie-gavmeupfwiyxzhaiqkwzocyeeixy/Build/Intermediates.noindex/Firebase.build/Debug-iphoneos/FirebaseCore.build/Objects-normal/arm64/FIRVersion.o /Users/khanghnguyen/Library/Developer/Xcode/DerivedData/Wishie-gavmeupfwiyxzhaiqkwzocyeeixy/SourcePackages/checkouts/firebase-ios-sdk/FirebaseCore/Sources/FIRVersion.m normal arm64 objective-c com.apple.compilers.llvm.clang.1_0.compiler (in target 'FirebaseCore' from project 'Firebase')
    cd /Users/khanghnguyen/Downloads/Wishie/Wishie.xcodeproj
    
    Using response file: /Users/khanghnguyen/Library/Developer/Xcode/DerivedData/Wishie-gavmeupfwiyxzhaiqkwzocyeeixy/Build/Intermediates.noindex/Firebase.build/Debug-iphoneos/FirebaseCore.build/Objects-normal/arm64/e6072d4f65d7061329687fe24e3d63a7-common-args.resp
    
    /Applications/Xcode.app/Contents/Developer/Toolchains/XcodeDefault.xctoolchain/usr/bin/clang -x objective-c -ivfsstatcache /Users/khanghnguyen/Library/Developer/Xcode/DerivedData/SDKStatCaches.noindex/iphoneos26.2-23C57-3794476bd08197c3e2abd9bb477ef7f7.sdkstatcache -fmessage-length\=0 -fdiagnostics-show-note-include-stack -fmacro-backtrace-limit\=0 -fno-color-diagnostics -fmodules-prune-interval\=86400 -fmodules-prune-after\=345600 -fbuild-session-file\=/Users/khanghnguyen/Library/Developer/Xcode/DerivedData/ModuleCache.noindex/Session.modulevalidation -fmodules-validate-once-per-build-session -Wnon-modular-include-in-framework-module -Werror\=non-modular-include-in-framework-module -Wno-trigraphs -Wno-missing-field-initializers -Wno-missing-prototypes -Wno-return-type -Wno-implicit-atomic-properties -Wno-objc-interface-ivars -Wno-arc-repeated-use-of-weak -Wno-missing-braces -Wparentheses -Wswitch -Wno-unused-function -Wno-unused-label -Wno-unused-parameter -Wno-unused-variable -Wunused-value -Wno-empty-body -Wno-uninitialized -Wno-unknown-pragmas -w -Wno-shadow -Wno-four-char-constants -Wno-conversion -Wno-constant-conversion -Wno-int-conversion -Wno-bool-conversion -Wno-enum-conversion -Wno-float-conversion -Wno-non-literal-null-conversion -Wno-objc-literal-conversion -Wshorten-64-to-32 -Wpointer-sign -Wno-newline-eof -Wno-selector -Wno-strict-selector-match -Wno-undeclared-selector -Wno-deprecated-implementations -Wno-implicit-fallthrough -fstrict-aliasing -Wprotocol -Wdeprecated-declarations -Wno-sign-conversion -Wno-infinite-recursion -Wno-comma -Wno-block-capture-autoreleasing -Wno-strict-prototypes -Wno-semicolon-before-method-body -index-store-path /Users/khanghnguyen/Library/Developer/Xcode/DerivedData/Wishie-gavmeupfwiyxzhaiqkwzocyeeixy/Index.noindex/DataStore @/Users/khanghnguyen/Library/Developer/Xcode/DerivedData/Wishie-gavmeupfwiyxzhaiqkwzocyeeixy/Build/Intermediates.noindex/Firebase.build/Debug-iphoneos/FirebaseCore.build/Objects-normal/arm64/e6072d4f65d7061329687fe24e3d63a7-common-args.resp -include /Users/khanghnguyen/Library/Developer/Xcode/DerivedData/Wishie-gavmeupfwiyxzhaiqkwzocyeeixy/Build/Intermediates.noindex/Firebase.build/Debug-iphoneos/FirebaseCore.build/DerivedSources/resource_bundle_accessor.h -MMD -MT dependencies -MF /Users/khanghnguyen/Library/Developer/Xcode/DerivedData/Wishie-gavmeupfwiyxzhaiqkwzocyeeixy/Build/Intermediates.noindex/Firebase.build/Debug-iphoneos/FirebaseCore.build/Objects-normal/arm64/FIRVersion.d --serialize-diagnostics /Users/khanghnguyen/Library/Developer/Xcode/DerivedData/Wishie-gavmeupfwiyxzhaiqkwzocyeeixy/Build/Intermediates.noindex/Firebase.build/Debug-iphoneos/FirebaseCore.build/Objects-normal/arm64/FIRVersion.dia -c /Users/khanghnguyen/Library/Developer/Xcode/DerivedData/Wishie-gavmeupfwiyxzhaiqkwzocyeeixy/SourcePackages/checkouts/firebase-ios-sdk/FirebaseCore/Sources/FIRVersion.m -o /Users/khanghnguyen/Library/Developer/Xcode/DerivedData/Wishie-gavmeupfwiyxzhaiqkwzocyeeixy/Build/Intermediates.noindex/Firebase.build/Debug-iphoneos/FirebaseCore.build/Objects-normal/arm64/FIRVersion.o -index-unit-output-path /Firebase.build/Debug-iphoneos/FirebaseCore.build/Objects-normal/arm64/FIRVersion.o

CompileC /Users/khanghnguyen/Library/Developer/Xcode/DerivedData/Wishie-gavmeupfwiyxzhaiqkwzocyeeixy/Build/Intermediates.noindex/Firebase.build/Debug-iphoneos/FirebaseCore.build/Objects-normal/arm64/FIRTimestamp.o /Users/khanghnguyen/Library/Developer/Xcode/DerivedData/Wishie-gavmeupfwiyxzhaiqkwzocyeeixy/SourcePackages/checkouts/firebase-ios-sdk/FirebaseCore/Sources/FIRTimestamp.m normal arm64 objective-c com.apple.compilers.llvm.clang.1_0.compiler (in target 'FirebaseCore' from project 'Firebase')
    cd /Users/khanghnguyen/Downloads/Wishie/Wishie.xcodeproj
    
    Using response file: /Users/khanghnguyen/Library/Developer/Xcode/DerivedData/Wishie-gavmeupfwiyxzhaiqkwzocyeeixy/Build/Intermediates.noindex/Firebase.build/Debug-iphoneos/FirebaseCore.build/Objects-normal/arm64/e6072d4f65d7061329687fe24e3d63a7-common-args.resp
    
    /Applications/Xcode.app/Contents/Developer/Toolchains/XcodeDefault.xctoolchain/usr/bin/clang -x objective-c -ivfsstatcache /Users/khanghnguyen/Library/Developer/Xcode/DerivedData/SDKStatCaches.noindex/iphoneos26.2-23C57-3794476bd08197c3e2abd9bb477ef7f7.sdkstatcache -fmessage-length\=0 -fdiagnostics-show-note-include-stack -fmacro-backtrace-limit\=0 -fno-color-diagnostics -fmodules-prune-interval\=86400 -fmodules-prune-after\=345600 -fbuild-session-file\=/Users/khanghnguyen/Library/Developer/Xcode/DerivedData/ModuleCache.noindex/Session.modulevalidation -fmodules-validate-once-per-build-session -Wnon-modular-include-in-framework-module -Werror\=non-modular-include-in-framework-module -Wno-trigraphs -Wno-missing-field-initializers -Wno-missing-prototypes -Wno-return-type -Wno-implicit-atomic-properties -Wno-objc-interface-ivars -Wno-arc-repeated-use-of-weak -Wno-missing-braces -Wparentheses -Wswitch -Wno-unused-function -Wno-unused-label -Wno-unused-parameter -Wno-unused-variable -Wunused-value -Wno-empty-body -Wno-uninitialized -Wno-unknown-pragmas -w -Wno-shadow -Wno-four-char-constants -Wno-conversion -Wno-constant-conversion -Wno-int-conversion -Wno-bool-conversion -Wno-enum-conversion -Wno-float-conversion -Wno-non-literal-null-conversion -Wno-objc-literal-conversion -Wshorten-64-to-32 -Wpointer-sign -Wno-newline-eof -Wno-selector -Wno-strict-selector-match -Wno-undeclared-selector -Wno-deprecated-implementations -Wno-implicit-fallthrough -fstrict-aliasing -Wprotocol -Wdeprecated-declarations -Wno-sign-conversion -Wno-infinite-recursion -Wno-comma -Wno-block-capture-autoreleasing -Wno-strict-prototypes -Wno-semicolon-before-method-body -index-store-path /Users/khanghnguyen/Library/Developer/Xcode/DerivedData/Wishie-gavmeupfwiyxzhaiqkwzocyeeixy/Index.noindex/DataStore @/Users/khanghnguyen/Library/Developer/Xcode/DerivedData/Wishie-gavmeupfwiyxzhaiqkwzocyeeixy/Build/Intermediates.noindex/Firebase.build/Debug-iphoneos/FirebaseCore.build/Objects-normal/arm64/e6072d4f65d7061329687fe24e3d63a7-common-args.resp -include /Users/khanghnguyen/Library/Developer/Xcode/DerivedData/Wishie-gavmeupfwiyxzhaiqkwzocyeeixy/Build/Intermediates.noindex/Firebase.build/Debug-iphoneos/FirebaseCore.build/DerivedSources/resource_bundle_accessor.h -MMD -MT dependencies -MF /Users/khanghnguyen/Library/Developer/Xcode/DerivedData/Wishie-gavmeupfwiyxzhaiqkwzocyeeixy/Build/Intermediates.noindex/Firebase.build/Debug-iphoneos/FirebaseCore.build/Objects-normal/arm64/FIRTimestamp.d --serialize-diagnostics /Users/khanghnguyen/Library/Developer/Xcode/DerivedData/Wishie-gavmeupfwiyxzhaiqkwzocyeeixy/Build/Intermediates.noindex/Firebase.build/Debug-iphoneos/FirebaseCore.build/Objects-normal/arm64/FIRTimestamp.dia -c /Users/khanghnguyen/Library/Developer/Xcode/DerivedData/Wishie-gavmeupfwiyxzhaiqkwzocyeeixy/SourcePackages/checkouts/firebase-ios-sdk/FirebaseCore/Sources/FIRTimestamp.m -o /Users/khanghnguyen/Library/Developer/Xcode/DerivedData/Wishie-gavmeupfwiyxzhaiqkwzocyeeixy/Build/Intermediates.noindex/Firebase.build/Debug-iphoneos/FirebaseCore.build/Objects-normal/arm64/FIRTimestamp.o -index-unit-output-path /Firebase.build/Debug-iphoneos/FirebaseCore.build/Objects-normal/arm64/FIRTimestamp.o

CompileC /Users/khanghnguyen/Library/Developer/Xcode/DerivedData/Wishie-gavmeupfwiyxzhaiqkwzocyeeixy/Build/Intermediates.noindex/Firebase.build/Debug-iphoneos/FirebaseCore.build/Objects-normal/arm64/FIROptions.o /Users/khanghnguyen/Library/Developer/Xcode/DerivedData/Wishie-gavmeupfwiyxzhaiqkwzocyeeixy/SourcePackages/checkouts/firebase-ios-sdk/FirebaseCore/Sources/FIROptions.m normal arm64 objective-c com.apple.compilers.llvm.clang.1_0.compiler (in target 'FirebaseCore' from project 'Firebase')
    cd /Users/khanghnguyen/Downloads/Wishie/Wishie.xcodeproj
    
    Using response file: /Users/khanghnguyen/Library/Developer/Xcode/DerivedData/Wishie-gavmeupfwiyxzhaiqkwzocyeeixy/Build/Intermediates.noindex/Firebase.build/Debug-iphoneos/FirebaseCore.build/Objects-normal/arm64/e6072d4f65d7061329687fe24e3d63a7-common-args.resp
    
    /Applications/Xcode.app/Contents/Developer/Toolchains/XcodeDefault.xctoolchain/usr/bin/clang -x objective-c -ivfsstatcache /Users/khanghnguyen/Library/Developer/Xcode/DerivedData/SDKStatCaches.noindex/iphoneos26.2-23C57-3794476bd08197c3e2abd9bb477ef7f7.sdkstatcache -fmessage-length\=0 -fdiagnostics-show-note-include-stack -fmacro-backtrace-limit\=0 -fno-color-diagnostics -fmodules-prune-interval\=86400 -fmodules-prune-after\=345600 -fbuild-session-file\=/Users/khanghnguyen/Library/Developer/Xcode/DerivedData/ModuleCache.noindex/Session.modulevalidation -fmodules-validate-once-per-build-session -Wnon-modular-include-in-framework-module -Werror\=non-modular-include-in-framework-module -Wno-trigraphs -Wno-missing-field-initializers -Wno-missing-prototypes -Wno-return-type -Wno-implicit-atomic-properties -Wno-objc-interface-ivars -Wno-arc-repeated-use-of-weak -Wno-missing-braces -Wparentheses -Wswitch -Wno-unused-function -Wno-unused-label -Wno-unused-parameter -Wno-unused-variable -Wunused-value -Wno-empty-body -Wno-uninitialized -Wno-unknown-pragmas -w -Wno-shadow -Wno-four-char-constants -Wno-conversion -Wno-constant-conversion -Wno-int-conversion -Wno-bool-conversion -Wno-enum-conversion -Wno-float-conversion -Wno-non-literal-null-conversion -Wno-objc-literal-conversion -Wshorten-64-to-32 -Wpointer-sign -Wno-newline-eof -Wno-selector -Wno-strict-selector-match -Wno-undeclared-selector -Wno-deprecated-implementations -Wno-implicit-fallthrough -fstrict-aliasing -Wprotocol -Wdeprecated-declarations -Wno-sign-conversion -Wno-infinite-recursion -Wno-comma -Wno-block-capture-autoreleasing -Wno-strict-prototypes -Wno-semicolon-before-method-body -index-store-path /Users/khanghnguyen/Library/Developer/Xcode/DerivedData/Wishie-gavmeupfwiyxzhaiqkwzocyeeixy/Index.noindex/DataStore @/Users/khanghnguyen/Library/Developer/Xcode/DerivedData/Wishie-gavmeupfwiyxzhaiqkwzocyeeixy/Build/Intermediates.noindex/Firebase.build/Debug-iphoneos/FirebaseCore.build/Objects-normal/arm64/e6072d4f65d7061329687fe24e3d63a7-common-args.resp -include /Users/khanghnguyen/Library/Developer/Xcode/DerivedData/Wishie-gavmeupfwiyxzhaiqkwzocyeeixy/Build/Intermediates.noindex/Firebase.build/Debug-iphoneos/FirebaseCore.build/DerivedSources/resource_bundle_accessor.h -MMD -MT dependencies -MF /Users/khanghnguyen/Library/Developer/Xcode/DerivedData/Wishie-gavmeupfwiyxzhaiqkwzocyeeixy/Build/Intermediates.noindex/Firebase.build/Debug-iphoneos/FirebaseCore.build/Objects-normal/arm64/FIROptions.d --serialize-diagnostics /Users/khanghnguyen/Library/Developer/Xcode/DerivedData/Wishie-gavmeupfwiyxzhaiqkwzocyeeixy/Build/Intermediates.noindex/Firebase.build/Debug-iphoneos/FirebaseCore.build/Objects-normal/arm64/FIROptions.dia -c /Users/khanghnguyen/Library/Developer/Xcode/DerivedData/Wishie-gavmeupfwiyxzhaiqkwzocyeeixy/SourcePackages/checkouts/firebase-ios-sdk/FirebaseCore/Sources/FIROptions.m -o /Users/khanghnguyen/Library/Developer/Xcode/DerivedData/Wishie-gavmeupfwiyxzhaiqkwzocyeeixy/Build/Intermediates.noindex/Firebase.build/Debug-iphoneos/FirebaseCore.build/Objects-normal/arm64/FIROptions.o -index-unit-output-path /Firebase.build/Debug-iphoneos/FirebaseCore.build/Objects-normal/arm64/FIROptions.o

CompileC /Users/khanghnguyen/Library/Developer/Xcode/DerivedData/Wishie-gavmeupfwiyxzhaiqkwzocyeeixy/Build/Intermediates.noindex/Firebase.build/Debug-iphoneos/FirebaseCore.build/Objects-normal/arm64/FIRConfiguration.o /Users/khanghnguyen/Library/Developer/Xcode/DerivedData/Wishie-gavmeupfwiyxzhaiqkwzocyeeixy/SourcePackages/checkouts/firebase-ios-sdk/FirebaseCore/Sources/FIRConfiguration.m normal arm64 objective-c com.apple.compilers.llvm.clang.1_0.compiler (in target 'FirebaseCore' from project 'Firebase')
    cd /Users/khanghnguyen/Downloads/Wishie/Wishie.xcodeproj
    
    Using response file: /Users/khanghnguyen/Library/Developer/Xcode/DerivedData/Wishie-gavmeupfwiyxzhaiqkwzocyeeixy/Build/Intermediates.noindex/Firebase.build/Debug-iphoneos/FirebaseCore.build/Objects-normal/arm64/e6072d4f65d7061329687fe24e3d63a7-common-args.resp
    
    /Applications/Xcode.app/Contents/Developer/Toolchains/XcodeDefault.xctoolchain/usr/bin/clang -x objective-c -ivfsstatcache /Users/khanghnguyen/Library/Developer/Xcode/DerivedData/SDKStatCaches.noindex/iphoneos26.2-23C57-3794476bd08197c3e2abd9bb477ef7f7.sdkstatcache -fmessage-length\=0 -fdiagnostics-show-note-include-stack -fmacro-backtrace-limit\=0 -fno-color-diagnostics -fmodules-prune-interval\=86400 -fmodules-prune-after\=345600 -fbuild-session-file\=/Users/khanghnguyen/Library/Developer/Xcode/DerivedData/ModuleCache.noindex/Session.modulevalidation -fmodules-validate-once-per-build-session -Wnon-modular-include-in-framework-module -Werror\=non-modular-include-in-framework-module -Wno-trigraphs -Wno-missing-field-initializers -Wno-missing-prototypes -Wno-return-type -Wno-implicit-atomic-properties -Wno-objc-interface-ivars -Wno-arc-repeated-use-of-weak -Wno-missing-braces -Wparentheses -Wswitch -Wno-unused-function -Wno-unused-label -Wno-unused-parameter -Wno-unused-variable -Wunused-value -Wno-empty-body -Wno-uninitialized -Wno-unknown-pragmas -w -Wno-shadow -Wno-four-char-constants -Wno-conversion -Wno-constant-conversion -Wno-int-conversion -Wno-bool-conversion -Wno-enum-conversion -Wno-float-conversion -Wno-non-literal-null-conversion -Wno-objc-literal-conversion -Wshorten-64-to-32 -Wpointer-sign -Wno-newline-eof -Wno-selector -Wno-strict-selector-match -Wno-undeclared-selector -Wno-deprecated-implementations -Wno-implicit-fallthrough -fstrict-aliasing -Wprotocol -Wdeprecated-declarations -Wno-sign-conversion -Wno-infinite-recursion -Wno-comma -Wno-block-capture-autoreleasing -Wno-strict-prototypes -Wno-semicolon-before-method-body -index-store-path /Users/khanghnguyen/Library/Developer/Xcode/DerivedData/Wishie-gavmeupfwiyxzhaiqkwzocyeeixy/Index.noindex/DataStore @/Users/khanghnguyen/Library/Developer/Xcode/DerivedData/Wishie-gavmeupfwiyxzhaiqkwzocyeeixy/Build/Intermediates.noindex/Firebase.build/Debug-iphoneos/FirebaseCore.build/Objects-normal/arm64/e6072d4f65d7061329687fe24e3d63a7-common-args.resp -include /Users/khanghnguyen/Library/Developer/Xcode/DerivedData/Wishie-gavmeupfwiyxzhaiqkwzocyeeixy/Build/Intermediates.noindex/Firebase.build/Debug-iphoneos/FirebaseCore.build/DerivedSources/resource_bundle_accessor.h -MMD -MT dependencies -MF /Users/khanghnguyen/Library/Developer/Xcode/DerivedData/Wishie-gavmeupfwiyxzhaiqkwzocyeeixy/Build/Intermediates.noindex/Firebase.build/Debug-iphoneos/FirebaseCore.build/Objects-normal/arm64/FIRConfiguration.d --serialize-diagnostics /Users/khanghnguyen/Library/Developer/Xcode/DerivedData/Wishie-gavmeupfwiyxzhaiqkwzocyeeixy/Build/Intermediates.noindex/Firebase.build/Debug-iphoneos/FirebaseCore.build/Objects-normal/arm64/FIRConfiguration.dia -c /Users/khanghnguyen/Library/Developer/Xcode/DerivedData/Wishie-gavmeupfwiyxzhaiqkwzocyeeixy/SourcePackages/checkouts/firebase-ios-sdk/FirebaseCore/Sources/FIRConfiguration.m -o /Users/khanghnguyen/Library/Developer/Xcode/DerivedData/Wishie-gavmeupfwiyxzhaiqkwzocyeeixy/Build/Intermediates.noindex/Firebase.build/Debug-iphoneos/FirebaseCore.build/Objects-normal/arm64/FIRConfiguration.o -index-unit-output-path /Firebase.build/Debug-iphoneos/FirebaseCore.build/Objects-normal/arm64/FIRConfiguration.o

SwiftEmitModule normal arm64 Emitting\ module\ for\ FirebaseAuth (in target 'FirebaseAuth' from project 'Firebase')
EmitSwiftModule normal arm64 (in target 'FirebaseAuth' from project 'Firebase')
    cd /Users/khanghnguyen/Downloads/Wishie/Wishie.xcodeproj
    

CompileC /Users/khanghnguyen/Library/Developer/Xcode/DerivedData/Wishie-gavmeupfwiyxzhaiqkwzocyeeixy/Build/Intermediates.noindex/Firebase.build/Debug-iphoneos/FirebaseCore.build/Objects-normal/arm64/FIRComponentType.o /Users/khanghnguyen/Library/Developer/Xcode/DerivedData/Wishie-gavmeupfwiyxzhaiqkwzocyeeixy/SourcePackages/checkouts/firebase-ios-sdk/FirebaseCore/Sources/FIRComponentType.m normal arm64 objective-c com.apple.compilers.llvm.clang.1_0.compiler (in target 'FirebaseCore' from project 'Firebase')
    cd /Users/khanghnguyen/Downloads/Wishie/Wishie.xcodeproj
    
    Using response file: /Users/khanghnguyen/Library/Developer/Xcode/DerivedData/Wishie-gavmeupfwiyxzhaiqkwzocyeeixy/Build/Intermediates.noindex/Firebase.build/Debug-iphoneos/FirebaseCore.build/Objects-normal/arm64/e6072d4f65d7061329687fe24e3d63a7-common-args.resp
    
    /Applications/Xcode.app/Contents/Developer/Toolchains/XcodeDefault.xctoolchain/usr/bin/clang -x objective-c -ivfsstatcache /Users/khanghnguyen/Library/Developer/Xcode/DerivedData/SDKStatCaches.noindex/iphoneos26.2-23C57-3794476bd08197c3e2abd9bb477ef7f7.sdkstatcache -fmessage-length\=0 -fdiagnostics-show-note-include-stack -fmacro-backtrace-limit\=0 -fno-color-diagnostics -fmodules-prune-interval\=86400 -fmodules-prune-after\=345600 -fbuild-session-file\=/Users/khanghnguyen/Library/Developer/Xcode/DerivedData/ModuleCache.noindex/Session.modulevalidation -fmodules-validate-once-per-build-session -Wnon-modular-include-in-framework-module -Werror\=non-modular-include-in-framework-module -Wno-trigraphs -Wno-missing-field-initializers -Wno-missing-prototypes -Wno-return-type -Wno-implicit-atomic-properties -Wno-objc-interface-ivars -Wno-arc-repeated-use-of-weak -Wno-missing-braces -Wparentheses -Wswitch -Wno-unused-function -Wno-unused-label -Wno-unused-parameter -Wno-unused-variable -Wunused-value -Wno-empty-body -Wno-uninitialized -Wno-unknown-pragmas -w -Wno-shadow -Wno-four-char-constants -Wno-conversion -Wno-constant-conversion -Wno-int-conversion -Wno-bool-conversion -Wno-enum-conversion -Wno-float-conversion -Wno-non-literal-null-conversion -Wno-objc-literal-conversion -Wshorten-64-to-32 -Wpointer-sign -Wno-newline-eof -Wno-selector -Wno-strict-selector-match -Wno-undeclared-selector -Wno-deprecated-implementations -Wno-implicit-fallthrough -fstrict-aliasing -Wprotocol -Wdeprecated-declarations -Wno-sign-conversion -Wno-infinite-recursion -Wno-comma -Wno-block-capture-autoreleasing -Wno-strict-prototypes -Wno-semicolon-before-method-body -index-store-path /Users/khanghnguyen/Library/Developer/Xcode/DerivedData/Wishie-gavmeupfwiyxzhaiqkwzocyeeixy/Index.noindex/DataStore @/Users/khanghnguyen/Library/Developer/Xcode/DerivedData/Wishie-gavmeupfwiyxzhaiqkwzocyeeixy/Build/Intermediates.noindex/Firebase.build/Debug-iphoneos/FirebaseCore.build/Objects-normal/arm64/e6072d4f65d7061329687fe24e3d63a7-common-args.resp -include /Users/khanghnguyen/Library/Developer/Xcode/DerivedData/Wishie-gavmeupfwiyxzhaiqkwzocyeeixy/Build/Intermediates.noindex/Firebase.build/Debug-iphoneos/FirebaseCore.build/DerivedSources/resource_bundle_accessor.h -MMD -MT dependencies -MF /Users/khanghnguyen/Library/Developer/Xcode/DerivedData/Wishie-gavmeupfwiyxzhaiqkwzocyeeixy/Build/Intermediates.noindex/Firebase.build/Debug-iphoneos/FirebaseCore.build/Objects-normal/arm64/FIRComponentType.d --serialize-diagnostics /Users/khanghnguyen/Library/Developer/Xcode/DerivedData/Wishie-gavmeupfwiyxzhaiqkwzocyeeixy/Build/Intermediates.noindex/Firebase.build/Debug-iphoneos/FirebaseCore.build/Objects-normal/arm64/FIRComponentType.dia -c /Users/khanghnguyen/Library/Developer/Xcode/DerivedData/Wishie-gavmeupfwiyxzhaiqkwzocyeeixy/SourcePackages/checkouts/firebase-ios-sdk/FirebaseCore/Sources/FIRComponentType.m -o /Users/khanghnguyen/Library/Developer/Xcode/DerivedData/Wishie-gavmeupfwiyxzhaiqkwzocyeeixy/Build/Intermediates.noindex/Firebase.build/Debug-iphoneos/FirebaseCore.build/Objects-normal/arm64/FIRComponentType.o -index-unit-output-path /Firebase.build/Debug-iphoneos/FirebaseCore.build/Objects-normal/arm64/FIRComponentType.o

CompileC /Users/khanghnguyen/Library/Developer/Xcode/DerivedData/Wishie-gavmeupfwiyxzhaiqkwzocyeeixy/Build/Intermediates.noindex/Firebase.build/Debug-iphoneos/FirebaseCore.build/Objects-normal/arm64/FIRComponentContainer.o /Users/khanghnguyen/Library/Developer/Xcode/DerivedData/Wishie-gavmeupfwiyxzhaiqkwzocyeeixy/SourcePackages/checkouts/firebase-ios-sdk/FirebaseCore/Sources/FIRComponentContainer.m normal arm64 objective-c com.apple.compilers.llvm.clang.1_0.compiler (in target 'FirebaseCore' from project 'Firebase')
    cd /Users/khanghnguyen/Downloads/Wishie/Wishie.xcodeproj
    
    Using response file: /Users/khanghnguyen/Library/Developer/Xcode/DerivedData/Wishie-gavmeupfwiyxzhaiqkwzocyeeixy/Build/Intermediates.noindex/Firebase.build/Debug-iphoneos/FirebaseCore.build/Objects-normal/arm64/e6072d4f65d7061329687fe24e3d63a7-common-args.resp
    
    /Applications/Xcode.app/Contents/Developer/Toolchains/XcodeDefault.xctoolchain/usr/bin/clang -x objective-c -ivfsstatcache /Users/khanghnguyen/Library/Developer/Xcode/DerivedData/SDKStatCaches.noindex/iphoneos26.2-23C57-3794476bd08197c3e2abd9bb477ef7f7.sdkstatcache -fmessage-length\=0 -fdiagnostics-show-note-include-stack -fmacro-backtrace-limit\=0 -fno-color-diagnostics -fmodules-prune-interval\=86400 -fmodules-prune-after\=345600 -fbuild-session-file\=/Users/khanghnguyen/Library/Developer/Xcode/DerivedData/ModuleCache.noindex/Session.modulevalidation -fmodules-validate-once-per-build-session -Wnon-modular-include-in-framework-module -Werror\=non-modular-include-in-framework-module -Wno-trigraphs -Wno-missing-field-initializers -Wno-missing-prototypes -Wno-return-type -Wno-implicit-atomic-properties -Wno-objc-interface-ivars -Wno-arc-repeated-use-of-weak -Wno-missing-braces -Wparentheses -Wswitch -Wno-unused-function -Wno-unused-label -Wno-unused-parameter -Wno-unused-variable -Wunused-value -Wno-empty-body -Wno-uninitialized -Wno-unknown-pragmas -w -Wno-shadow -Wno-four-char-constants -Wno-conversion -Wno-constant-conversion -Wno-int-conversion -Wno-bool-conversion -Wno-enum-conversion -Wno-float-conversion -Wno-non-literal-null-conversion -Wno-objc-literal-conversion -Wshorten-64-to-32 -Wpointer-sign -Wno-newline-eof -Wno-selector -Wno-strict-selector-match -Wno-undeclared-selector -Wno-deprecated-implementations -Wno-implicit-fallthrough -fstrict-aliasing -Wprotocol -Wdeprecated-declarations -Wno-sign-conversion -Wno-infinite-recursion -Wno-comma -Wno-block-capture-autoreleasing -Wno-strict-prototypes -Wno-semicolon-before-method-body -index-store-path /Users/khanghnguyen/Library/Developer/Xcode/DerivedData/Wishie-gavmeupfwiyxzhaiqkwzocyeeixy/Index.noindex/DataStore @/Users/khanghnguyen/Library/Developer/Xcode/DerivedData/Wishie-gavmeupfwiyxzhaiqkwzocyeeixy/Build/Intermediates.noindex/Firebase.build/Debug-iphoneos/FirebaseCore.build/Objects-normal/arm64/e6072d4f65d7061329687fe24e3d63a7-common-args.resp -include /Users/khanghnguyen/Library/Developer/Xcode/DerivedData/Wishie-gavmeupfwiyxzhaiqkwzocyeeixy/Build/Intermediates.noindex/Firebase.build/Debug-iphoneos/FirebaseCore.build/DerivedSources/resource_bundle_accessor.h -MMD -MT dependencies -MF /Users/khanghnguyen/Library/Developer/Xcode/DerivedData/Wishie-gavmeupfwiyxzhaiqkwzocyeeixy/Build/Intermediates.noindex/Firebase.build/Debug-iphoneos/FirebaseCore.build/Objects-normal/arm64/FIRComponentContainer.d --serialize-diagnostics /Users/khanghnguyen/Library/Developer/Xcode/DerivedData/Wishie-gavmeupfwiyxzhaiqkwzocyeeixy/Build/Intermediates.noindex/Firebase.build/Debug-iphoneos/FirebaseCore.build/Objects-normal/arm64/FIRComponentContainer.dia -c /Users/khanghnguyen/Library/Developer/Xcode/DerivedData/Wishie-gavmeupfwiyxzhaiqkwzocyeeixy/SourcePackages/checkouts/firebase-ios-sdk/FirebaseCore/Sources/FIRComponentContainer.m -o /Users/khanghnguyen/Library/Developer/Xcode/DerivedData/Wishie-gavmeupfwiyxzhaiqkwzocyeeixy/Build/Intermediates.noindex/Firebase.build/Debug-iphoneos/FirebaseCore.build/Objects-normal/arm64/FIRComponentContainer.o -index-unit-output-path /Firebase.build/Debug-iphoneos/FirebaseCore.build/Objects-normal/arm64/FIRComponentContainer.o

CompileC /Users/khanghnguyen/Library/Developer/Xcode/DerivedData/Wishie-gavmeupfwiyxzhaiqkwzocyeeixy/Build/Intermediates.noindex/Firebase.build/Debug-iphoneos/FirebaseCore.build/Objects-normal/arm64/FIRComponent.o /Users/khanghnguyen/Library/Developer/Xcode/DerivedData/Wishie-gavmeupfwiyxzhaiqkwzocyeeixy/SourcePackages/checkouts/firebase-ios-sdk/FirebaseCore/Sources/FIRComponent.m normal arm64 objective-c com.apple.compilers.llvm.clang.1_0.compiler (in target 'FirebaseCore' from project 'Firebase')
    cd /Users/khanghnguyen/Downloads/Wishie/Wishie.xcodeproj
    
    Using response file: /Users/khanghnguyen/Library/Developer/Xcode/DerivedData/Wishie-gavmeupfwiyxzhaiqkwzocyeeixy/Build/Intermediates.noindex/Firebase.build/Debug-iphoneos/FirebaseCore.build/Objects-normal/arm64/e6072d4f65d7061329687fe24e3d63a7-common-args.resp
    
    /Applications/Xcode.app/Contents/Developer/Toolchains/XcodeDefault.xctoolchain/usr/bin/clang -x objective-c -ivfsstatcache /Users/khanghnguyen/Library/Developer/Xcode/DerivedData/SDKStatCaches.noindex/iphoneos26.2-23C57-3794476bd08197c3e2abd9bb477ef7f7.sdkstatcache -fmessage-length\=0 -fdiagnostics-show-note-include-stack -fmacro-backtrace-limit\=0 -fno-color-diagnostics -fmodules-prune-interval\=86400 -fmodules-prune-after\=345600 -fbuild-session-file\=/Users/khanghnguyen/Library/Developer/Xcode/DerivedData/ModuleCache.noindex/Session.modulevalidation -fmodules-validate-once-per-build-session -Wnon-modular-include-in-framework-module -Werror\=non-modular-include-in-framework-module -Wno-trigraphs -Wno-missing-field-initializers -Wno-missing-prototypes -Wno-return-type -Wno-implicit-atomic-properties -Wno-objc-interface-ivars -Wno-arc-repeated-use-of-weak -Wno-missing-braces -Wparentheses -Wswitch -Wno-unused-function -Wno-unused-label -Wno-unused-parameter -Wno-unused-variable -Wunused-value -Wno-empty-body -Wno-uninitialized -Wno-unknown-pragmas -w -Wno-shadow -Wno-four-char-constants -Wno-conversion -Wno-constant-conversion -Wno-int-conversion -Wno-bool-conversion -Wno-enum-conversion -Wno-float-conversion -Wno-non-literal-null-conversion -Wno-objc-literal-conversion -Wshorten-64-to-32 -Wpointer-sign -Wno-newline-eof -Wno-selector -Wno-strict-selector-match -Wno-undeclared-selector -Wno-deprecated-implementations -Wno-implicit-fallthrough -fstrict-aliasing -Wprotocol -Wdeprecated-declarations -Wno-sign-conversion -Wno-infinite-recursion -Wno-comma -Wno-block-capture-autoreleasing -Wno-strict-prototypes -Wno-semicolon-before-method-body -index-store-path /Users/khanghnguyen/Library/Developer/Xcode/DerivedData/Wishie-gavmeupfwiyxzhaiqkwzocyeeixy/Index.noindex/DataStore @/Users/khanghnguyen/Library/Developer/Xcode/DerivedData/Wishie-gavmeupfwiyxzhaiqkwzocyeeixy/Build/Intermediates.noindex/Firebase.build/Debug-iphoneos/FirebaseCore.build/Objects-normal/arm64/e6072d4f65d7061329687fe24e3d63a7-common-args.resp -include /Users/khanghnguyen/Library/Developer/Xcode/DerivedData/Wishie-gavmeupfwiyxzhaiqkwzocyeeixy/Build/Intermediates.noindex/Firebase.build/Debug-iphoneos/FirebaseCore.build/DerivedSources/resource_bundle_accessor.h -MMD -MT dependencies -MF /Users/khanghnguyen/Library/Developer/Xcode/DerivedData/Wishie-gavmeupfwiyxzhaiqkwzocyeeixy/Build/Intermediates.noindex/Firebase.build/Debug-iphoneos/FirebaseCore.build/Objects-normal/arm64/FIRComponent.d --serialize-diagnostics /Users/khanghnguyen/Library/Developer/Xcode/DerivedData/Wishie-gavmeupfwiyxzhaiqkwzocyeeixy/Build/Intermediates.noindex/Firebase.build/Debug-iphoneos/FirebaseCore.build/Objects-normal/arm64/FIRComponent.dia -c /Users/khanghnguyen/Library/Developer/Xcode/DerivedData/Wishie-gavmeupfwiyxzhaiqkwzocyeeixy/SourcePackages/checkouts/firebase-ios-sdk/FirebaseCore/Sources/FIRComponent.m -o /Users/khanghnguyen/Library/Developer/Xcode/DerivedData/Wishie-gavmeupfwiyxzhaiqkwzocyeeixy/Build/Intermediates.noindex/Firebase.build/Debug-iphoneos/FirebaseCore.build/Objects-normal/arm64/FIRComponent.o -index-unit-output-path /Firebase.build/Debug-iphoneos/FirebaseCore.build/Objects-normal/arm64/FIRComponent.o

CompileC /Users/khanghnguyen/Library/Developer/Xcode/DerivedData/Wishie-gavmeupfwiyxzhaiqkwzocyeeixy/Build/Intermediates.noindex/Firebase.build/Debug-iphoneos/FirebaseCore.build/Objects-normal/arm64/FIRAnalyticsConfiguration.o /Users/khanghnguyen/Library/Developer/Xcode/DerivedData/Wishie-gavmeupfwiyxzhaiqkwzocyeeixy/SourcePackages/checkouts/firebase-ios-sdk/FirebaseCore/Sources/FIRAnalyticsConfiguration.m normal arm64 objective-c com.apple.compilers.llvm.clang.1_0.compiler (in target 'FirebaseCore' from project 'Firebase')
    cd /Users/khanghnguyen/Downloads/Wishie/Wishie.xcodeproj
    
    Using response file: /Users/khanghnguyen/Library/Developer/Xcode/DerivedData/Wishie-gavmeupfwiyxzhaiqkwzocyeeixy/Build/Intermediates.noindex/Firebase.build/Debug-iphoneos/FirebaseCore.build/Objects-normal/arm64/e6072d4f65d7061329687fe24e3d63a7-common-args.resp
    
    /Applications/Xcode.app/Contents/Developer/Toolchains/XcodeDefault.xctoolchain/usr/bin/clang -x objective-c -ivfsstatcache /Users/khanghnguyen/Library/Developer/Xcode/DerivedData/SDKStatCaches.noindex/iphoneos26.2-23C57-3794476bd08197c3e2abd9bb477ef7f7.sdkstatcache -fmessage-length\=0 -fdiagnostics-show-note-include-stack -fmacro-backtrace-limit\=0 -fno-color-diagnostics -fmodules-prune-interval\=86400 -fmodules-prune-after\=345600 -fbuild-session-file\=/Users/khanghnguyen/Library/Developer/Xcode/DerivedData/ModuleCache.noindex/Session.modulevalidation -fmodules-validate-once-per-build-session -Wnon-modular-include-in-framework-module -Werror\=non-modular-include-in-framework-module -Wno-trigraphs -Wno-missing-field-initializers -Wno-missing-prototypes -Wno-return-type -Wno-implicit-atomic-properties -Wno-objc-interface-ivars -Wno-arc-repeated-use-of-weak -Wno-missing-braces -Wparentheses -Wswitch -Wno-unused-function -Wno-unused-label -Wno-unused-parameter -Wno-unused-variable -Wunused-value -Wno-empty-body -Wno-uninitialized -Wno-unknown-pragmas -w -Wno-shadow -Wno-four-char-constants -Wno-conversion -Wno-constant-conversion -Wno-int-conversion -Wno-bool-conversion -Wno-enum-conversion -Wno-float-conversion -Wno-non-literal-null-conversion -Wno-objc-literal-conversion -Wshorten-64-to-32 -Wpointer-sign -Wno-newline-eof -Wno-selector -Wno-strict-selector-match -Wno-undeclared-selector -Wno-deprecated-implementations -Wno-implicit-fallthrough -fstrict-aliasing -Wprotocol -Wdeprecated-declarations -Wno-sign-conversion -Wno-infinite-recursion -Wno-comma -Wno-block-capture-autoreleasing -Wno-strict-prototypes -Wno-semicolon-before-method-body -index-store-path /Users/khanghnguyen/Library/Developer/Xcode/DerivedData/Wishie-gavmeupfwiyxzhaiqkwzocyeeixy/Index.noindex/DataStore @/Users/khanghnguyen/Library/Developer/Xcode/DerivedData/Wishie-gavmeupfwiyxzhaiqkwzocyeeixy/Build/Intermediates.noindex/Firebase.build/Debug-iphoneos/FirebaseCore.build/Objects-normal/arm64/e6072d4f65d7061329687fe24e3d63a7-common-args.resp -include /Users/khanghnguyen/Library/Developer/Xcode/DerivedData/Wishie-gavmeupfwiyxzhaiqkwzocyeeixy/Build/Intermediates.noindex/Firebase.build/Debug-iphoneos/FirebaseCore.build/DerivedSources/resource_bundle_accessor.h -MMD -MT dependencies -MF /Users/khanghnguyen/Library/Developer/Xcode/DerivedData/Wishie-gavmeupfwiyxzhaiqkwzocyeeixy/Build/Intermediates.noindex/Firebase.build/Debug-iphoneos/FirebaseCore.build/Objects-normal/arm64/FIRAnalyticsConfiguration.d --serialize-diagnostics /Users/khanghnguyen/Library/Developer/Xcode/DerivedData/Wishie-gavmeupfwiyxzhaiqkwzocyeeixy/Build/Intermediates.noindex/Firebase.build/Debug-iphoneos/FirebaseCore.build/Objects-normal/arm64/FIRAnalyticsConfiguration.dia -c /Users/khanghnguyen/Library/Developer/Xcode/DerivedData/Wishie-gavmeupfwiyxzhaiqkwzocyeeixy/SourcePackages/checkouts/firebase-ios-sdk/FirebaseCore/Sources/FIRAnalyticsConfiguration.m -o /Users/khanghnguyen/Library/Developer/Xcode/DerivedData/Wishie-gavmeupfwiyxzhaiqkwzocyeeixy/Build/Intermediates.noindex/Firebase.build/Debug-iphoneos/FirebaseCore.build/Objects-normal/arm64/FIRAnalyticsConfiguration.o -index-unit-output-path /Firebase.build/Debug-iphoneos/FirebaseCore.build/Objects-normal/arm64/FIRAnalyticsConfiguration.o

SwiftDriverJobDiscovery normal arm64 Compiling RealtimePipelineSource.swift, Selectable.swift, Subcollection.swift, TimeGranularity.swift, TimePart.swift, TimeUnit.swift, VectorValue+Swift.swift, SwiftHeaderWorkaround.swift (in target 'FirebaseFirestore' from project 'Firebase')

PrecompileModule /Users/khanghnguyen/Library/Developer/Xcode/DerivedData/Wishie-gavmeupfwiyxzhaiqkwzocyeeixy/Build/Intermediates.noindex/ExplicitPrecompiledModules/IOSurface-53A2HUX67YN5H1OYNS1ST4OZL.scan
    cd /
    builtin-precompileModule /Users/khanghnguyen/Library/Developer/Xcode/DerivedData/Wishie-gavmeupfwiyxzhaiqkwzocyeeixy/Build/Intermediates.noindex/ExplicitPrecompiledModules/IOSurface-53A2HUX67YN5H1OYNS1ST4OZL.scan

PrecompileModule /Users/khanghnguyen/Library/Developer/Xcode/DerivedData/Wishie-gavmeupfwiyxzhaiqkwzocyeeixy/Build/Intermediates.noindex/ExplicitPrecompiledModules/GoogleUtilities_Environment-7FIEO0TDQMQ7OYVUU0BCBQ3V8.scan
    cd /
    builtin-precompileModule /Users/khanghnguyen/Library/Developer/Xcode/DerivedData/Wishie-gavmeupfwiyxzhaiqkwzocyeeixy/Build/Intermediates.noindex/ExplicitPrecompiledModules/GoogleUtilities_Environment-7FIEO0TDQMQ7OYVUU0BCBQ3V8.scan

SwiftDriverJobDiscovery normal arm64 Compiling resource_bundle_accessor.swift, CollectionReference+AsyncAwait.swift, DocumentReference+AsyncSequence.swift, Firestore+AsyncAwait.swift, Query+AsyncSequence.swift, CodableErrors.swift, CodablePassThroughTypes.swift, CollectionReference+WriteEncodable.swift, DocumentID.swift (in target 'FirebaseFirestore' from project 'Firebase')

PrecompileModule /Users/khanghnguyen/Library/Developer/Xcode/DerivedData/Wishie-gavmeupfwiyxzhaiqkwzocyeeixy/Build/Intermediates.noindex/ExplicitPrecompiledModules/UIUtilities-BHN7WXKYTSGHV5DMKAKYK1VEM.scan
    cd /
    builtin-precompileModule /Users/khanghnguyen/Library/Developer/Xcode/DerivedData/Wishie-gavmeupfwiyxzhaiqkwzocyeeixy/Build/Intermediates.noindex/ExplicitPrecompiledModules/UIUtilities-BHN7WXKYTSGHV5DMKAKYK1VEM.scan

PrecompileModule /Users/khanghnguyen/Library/Developer/Xcode/DerivedData/Wishie-gavmeupfwiyxzhaiqkwzocyeeixy/Build/Intermediates.noindex/ExplicitPrecompiledModules/UserNotifications-C29F3KU9EAR8QVI0BX2RK9FUP.scan
    cd /
    builtin-precompileModule /Users/khanghnguyen/Library/Developer/Xcode/DerivedData/Wishie-gavmeupfwiyxzhaiqkwzocyeeixy/Build/Intermediates.noindex/ExplicitPrecompiledModules/UserNotifications-C29F3KU9EAR8QVI0BX2RK9FUP.scan

PrecompileModule /Users/khanghnguyen/Library/Developer/Xcode/DerivedData/Wishie-gavmeupfwiyxzhaiqkwzocyeeixy/Build/Intermediates.noindex/ExplicitPrecompiledModules/ImageIO-CLJUU2BI52ZNU9X0V21OGBHRV.scan
    cd /
    builtin-precompileModule /Users/khanghnguyen/Library/Developer/Xcode/DerivedData/Wishie-gavmeupfwiyxzhaiqkwzocyeeixy/Build/Intermediates.noindex/ExplicitPrecompiledModules/ImageIO-CLJUU2BI52ZNU9X0V21OGBHRV.scan

PrecompileModule /Users/khanghnguyen/Library/Developer/Xcode/DerivedData/Wishie-gavmeupfwiyxzhaiqkwzocyeeixy/Build/Intermediates.noindex/ExplicitPrecompiledModules/FileProvider-5OW1IGYWQ2QDQ2TTQIA7QIOCO.scan
    cd /
    builtin-precompileModule /Users/khanghnguyen/Library/Developer/Xcode/DerivedData/Wishie-gavmeupfwiyxzhaiqkwzocyeeixy/Build/Intermediates.noindex/ExplicitPrecompiledModules/FileProvider-5OW1IGYWQ2QDQ2TTQIA7QIOCO.scan

SwiftDriverJobDiscovery normal arm64 Compiling DocumentSearchExpressions.swift, ConditionalExpression.swift, CurrentTimestamp.swift, ErrorExpression.swift, FunctionExpression.swift, MapExpression.swift, RandomExpression.swift, Score.swift (in target 'FirebaseFirestore' from project 'Firebase')

PrecompileModule /Users/khanghnguyen/Library/Developer/Xcode/DerivedData/Wishie-gavmeupfwiyxzhaiqkwzocyeeixy/Build/Intermediates.noindex/ExplicitPrecompiledModules/GoogleUtilities_Logger-1QJJSM9XZ22OTJ3I1MLY5GEVR.scan
    cd /
    builtin-precompileModule /Users/khanghnguyen/Library/Developer/Xcode/DerivedData/Wishie-gavmeupfwiyxzhaiqkwzocyeeixy/Build/Intermediates.noindex/ExplicitPrecompiledModules/GoogleUtilities_Logger-1QJJSM9XZ22OTJ3I1MLY5GEVR.scan

PrecompileModule /Users/khanghnguyen/Library/Developer/Xcode/DerivedData/Wishie-gavmeupfwiyxzhaiqkwzocyeeixy/Build/Intermediates.noindex/ExplicitPrecompiledModules/FirebaseCoreInternal-1NJRIBE36KQSAU20X0WJHEH05.scan
    cd /
    builtin-precompileModule /Users/khanghnguyen/Library/Developer/Xcode/DerivedData/Wishie-gavmeupfwiyxzhaiqkwzocyeeixy/Build/Intermediates.noindex/ExplicitPrecompiledModules/FirebaseCoreInternal-1NJRIBE36KQSAU20X0WJHEH05.scan

CompileC /Users/khanghnguyen/Library/Developer/Xcode/DerivedData/Wishie-gavmeupfwiyxzhaiqkwzocyeeixy/Build/Intermediates.noindex/Firebase.build/Debug-iphoneos/FirebaseCore.build/Objects-normal/arm64/FIRFirebaseUserAgent.o /Users/khanghnguyen/Library/Developer/Xcode/DerivedData/Wishie-gavmeupfwiyxzhaiqkwzocyeeixy/SourcePackages/checkouts/firebase-ios-sdk/FirebaseCore/Sources/FIRFirebaseUserAgent.m normal arm64 objective-c com.apple.compilers.llvm.clang.1_0.compiler (in target 'FirebaseCore' from project 'Firebase')
    cd /Users/khanghnguyen/Downloads/Wishie/Wishie.xcodeproj
    
    Using response file: /Users/khanghnguyen/Library/Developer/Xcode/DerivedData/Wishie-gavmeupfwiyxzhaiqkwzocyeeixy/Build/Intermediates.noindex/Firebase.build/Debug-iphoneos/FirebaseCore.build/Objects-normal/arm64/e6072d4f65d7061329687fe24e3d63a7-common-args.resp
    
    /Applications/Xcode.app/Contents/Developer/Toolchains/XcodeDefault.xctoolchain/usr/bin/clang -x objective-c -ivfsstatcache /Users/khanghnguyen/Library/Developer/Xcode/DerivedData/SDKStatCaches.noindex/iphoneos26.2-23C57-3794476bd08197c3e2abd9bb477ef7f7.sdkstatcache -fmessage-length\=0 -fdiagnostics-show-note-include-stack -fmacro-backtrace-limit\=0 -fno-color-diagnostics -fmodules-prune-interval\=86400 -fmodules-prune-after\=345600 -fbuild-session-file\=/Users/khanghnguyen/Library/Developer/Xcode/DerivedData/ModuleCache.noindex/Session.modulevalidation -fmodules-validate-once-per-build-session -Wnon-modular-include-in-framework-module -Werror\=non-modular-include-in-framework-module -Wno-trigraphs -Wno-missing-field-initializers -Wno-missing-prototypes -Wno-return-type -Wno-implicit-atomic-properties -Wno-objc-interface-ivars -Wno-arc-repeated-use-of-weak -Wno-missing-braces -Wparentheses -Wswitch -Wno-unused-function -Wno-unused-label -Wno-unused-parameter -Wno-unused-variable -Wunused-value -Wno-empty-body -Wno-uninitialized -Wno-unknown-pragmas -w -Wno-shadow -Wno-four-char-constants -Wno-conversion -Wno-constant-conversion -Wno-int-conversion -Wno-bool-conversion -Wno-enum-conversion -Wno-float-conversion -Wno-non-literal-null-conversion -Wno-objc-literal-conversion -Wshorten-64-to-32 -Wpointer-sign -Wno-newline-eof -Wno-selector -Wno-strict-selector-match -Wno-undeclared-selector -Wno-deprecated-implementations -Wno-implicit-fallthrough -fstrict-aliasing -Wprotocol -Wdeprecated-declarations -Wno-sign-conversion -Wno-infinite-recursion -Wno-comma -Wno-block-capture-autoreleasing -Wno-strict-prototypes -Wno-semicolon-before-method-body -index-store-path /Users/khanghnguyen/Library/Developer/Xcode/DerivedData/Wishie-gavmeupfwiyxzhaiqkwzocyeeixy/Index.noindex/DataStore @/Users/khanghnguyen/Library/Developer/Xcode/DerivedData/Wishie-gavmeupfwiyxzhaiqkwzocyeeixy/Build/Intermediates.noindex/Firebase.build/Debug-iphoneos/FirebaseCore.build/Objects-normal/arm64/e6072d4f65d7061329687fe24e3d63a7-common-args.resp -include /Users/khanghnguyen/Library/Developer/Xcode/DerivedData/Wishie-gavmeupfwiyxzhaiqkwzocyeeixy/Build/Intermediates.noindex/Firebase.build/Debug-iphoneos/FirebaseCore.build/DerivedSources/resource_bundle_accessor.h -MMD -MT dependencies -MF /Users/khanghnguyen/Library/Developer/Xcode/DerivedData/Wishie-gavmeupfwiyxzhaiqkwzocyeeixy/Build/Intermediates.noindex/Firebase.build/Debug-iphoneos/FirebaseCore.build/Objects-normal/arm64/FIRFirebaseUserAgent.d --serialize-diagnostics /Users/khanghnguyen/Library/Developer/Xcode/DerivedData/Wishie-gavmeupfwiyxzhaiqkwzocyeeixy/Build/Intermediates.noindex/Firebase.build/Debug-iphoneos/FirebaseCore.build/Objects-normal/arm64/FIRFirebaseUserAgent.dia -c /Users/khanghnguyen/Library/Developer/Xcode/DerivedData/Wishie-gavmeupfwiyxzhaiqkwzocyeeixy/SourcePackages/checkouts/firebase-ios-sdk/FirebaseCore/Sources/FIRFirebaseUserAgent.m -o /Users/khanghnguyen/Library/Developer/Xcode/DerivedData/Wishie-gavmeupfwiyxzhaiqkwzocyeeixy/Build/Intermediates.noindex/Firebase.build/Debug-iphoneos/FirebaseCore.build/Objects-normal/arm64/FIRFirebaseUserAgent.o -index-unit-output-path /Firebase.build/Debug-iphoneos/FirebaseCore.build/Objects-normal/arm64/FIRFirebaseUserAgent.o

CompileC /Users/khanghnguyen/Library/Developer/Xcode/DerivedData/Wishie-gavmeupfwiyxzhaiqkwzocyeeixy/Build/Intermediates.noindex/Firebase.build/Debug-iphoneos/FirebaseCore.build/Objects-normal/arm64/FIRBundleUtil.o /Users/khanghnguyen/Library/Developer/Xcode/DerivedData/Wishie-gavmeupfwiyxzhaiqkwzocyeeixy/SourcePackages/checkouts/firebase-ios-sdk/FirebaseCore/Sources/FIRBundleUtil.m normal arm64 objective-c com.apple.compilers.llvm.clang.1_0.compiler (in target 'FirebaseCore' from project 'Firebase')
    cd /Users/khanghnguyen/Downloads/Wishie/Wishie.xcodeproj
    
    Using response file: /Users/khanghnguyen/Library/Developer/Xcode/DerivedData/Wishie-gavmeupfwiyxzhaiqkwzocyeeixy/Build/Intermediates.noindex/Firebase.build/Debug-iphoneos/FirebaseCore.build/Objects-normal/arm64/e6072d4f65d7061329687fe24e3d63a7-common-args.resp
    
    /Applications/Xcode.app/Contents/Developer/Toolchains/XcodeDefault.xctoolchain/usr/bin/clang -x objective-c -ivfsstatcache /Users/khanghnguyen/Library/Developer/Xcode/DerivedData/SDKStatCaches.noindex/iphoneos26.2-23C57-3794476bd08197c3e2abd9bb477ef7f7.sdkstatcache -fmessage-length\=0 -fdiagnostics-show-note-include-stack -fmacro-backtrace-limit\=0 -fno-color-diagnostics -fmodules-prune-interval\=86400 -fmodules-prune-after\=345600 -fbuild-session-file\=/Users/khanghnguyen/Library/Developer/Xcode/DerivedData/ModuleCache.noindex/Session.modulevalidation -fmodules-validate-once-per-build-session -Wnon-modular-include-in-framework-module -Werror\=non-modular-include-in-framework-module -Wno-trigraphs -Wno-missing-field-initializers -Wno-missing-prototypes -Wno-return-type -Wno-implicit-atomic-properties -Wno-objc-interface-ivars -Wno-arc-repeated-use-of-weak -Wno-missing-braces -Wparentheses -Wswitch -Wno-unused-function -Wno-unused-label -Wno-unused-parameter -Wno-unused-variable -Wunused-value -Wno-empty-body -Wno-uninitialized -Wno-unknown-pragmas -w -Wno-shadow -Wno-four-char-constants -Wno-conversion -Wno-constant-conversion -Wno-int-conversion -Wno-bool-conversion -Wno-enum-conversion -Wno-float-conversion -Wno-non-literal-null-conversion -Wno-objc-literal-conversion -Wshorten-64-to-32 -Wpointer-sign -Wno-newline-eof -Wno-selector -Wno-strict-selector-match -Wno-undeclared-selector -Wno-deprecated-implementations -Wno-implicit-fallthrough -fstrict-aliasing -Wprotocol -Wdeprecated-declarations -Wno-sign-conversion -Wno-infinite-recursion -Wno-comma -Wno-block-capture-autoreleasing -Wno-strict-prototypes -Wno-semicolon-before-method-body -index-store-path /Users/khanghnguyen/Library/Developer/Xcode/DerivedData/Wishie-gavmeupfwiyxzhaiqkwzocyeeixy/Index.noindex/DataStore @/Users/khanghnguyen/Library/Developer/Xcode/DerivedData/Wishie-gavmeupfwiyxzhaiqkwzocyeeixy/Build/Intermediates.noindex/Firebase.build/Debug-iphoneos/FirebaseCore.build/Objects-normal/arm64/e6072d4f65d7061329687fe24e3d63a7-common-args.resp -include /Users/khanghnguyen/Library/Developer/Xcode/DerivedData/Wishie-gavmeupfwiyxzhaiqkwzocyeeixy/Build/Intermediates.noindex/Firebase.build/Debug-iphoneos/FirebaseCore.build/DerivedSources/resource_bundle_accessor.h -MMD -MT dependencies -MF /Users/khanghnguyen/Library/Developer/Xcode/DerivedData/Wishie-gavmeupfwiyxzhaiqkwzocyeeixy/Build/Intermediates.noindex/Firebase.build/Debug-iphoneos/FirebaseCore.build/Objects-normal/arm64/FIRBundleUtil.d --serialize-diagnostics /Users/khanghnguyen/Library/Developer/Xcode/DerivedData/Wishie-gavmeupfwiyxzhaiqkwzocyeeixy/Build/Intermediates.noindex/Firebase.build/Debug-iphoneos/FirebaseCore.build/Objects-normal/arm64/FIRBundleUtil.dia -c /Users/khanghnguyen/Library/Developer/Xcode/DerivedData/Wishie-gavmeupfwiyxzhaiqkwzocyeeixy/SourcePackages/checkouts/firebase-ios-sdk/FirebaseCore/Sources/FIRBundleUtil.m -o /Users/khanghnguyen/Library/Developer/Xcode/DerivedData/Wishie-gavmeupfwiyxzhaiqkwzocyeeixy/Build/Intermediates.noindex/Firebase.build/Debug-iphoneos/FirebaseCore.build/Objects-normal/arm64/FIRBundleUtil.o -index-unit-output-path /Firebase.build/Debug-iphoneos/FirebaseCore.build/Objects-normal/arm64/FIRBundleUtil.o

PrecompileModule /Users/khanghnguyen/Library/Developer/Xcode/DerivedData/Wishie-gavmeupfwiyxzhaiqkwzocyeeixy/Build/Intermediates.noindex/ExplicitPrecompiledModules/OpenGLES-EE7TGRL4AIVL7499WHTT133F9.scan
    cd /
    builtin-precompileModule /Users/khanghnguyen/Library/Developer/Xcode/DerivedData/Wishie-gavmeupfwiyxzhaiqkwzocyeeixy/Build/Intermediates.noindex/ExplicitPrecompiledModules/OpenGLES-EE7TGRL4AIVL7499WHTT133F9.scan

CompileC /Users/khanghnguyen/Library/Developer/Xcode/DerivedData/Wishie-gavmeupfwiyxzhaiqkwzocyeeixy/Build/Intermediates.noindex/Firebase.build/Debug-iphoneos/FirebaseCore.build/Objects-normal/arm64/FIRLogger.o /Users/khanghnguyen/Library/Developer/Xcode/DerivedData/Wishie-gavmeupfwiyxzhaiqkwzocyeeixy/SourcePackages/checkouts/firebase-ios-sdk/FirebaseCore/Sources/FIRLogger.m normal arm64 objective-c com.apple.compilers.llvm.clang.1_0.compiler (in target 'FirebaseCore' from project 'Firebase')
    cd /Users/khanghnguyen/Downloads/Wishie/Wishie.xcodeproj
    
    Using response file: /Users/khanghnguyen/Library/Developer/Xcode/DerivedData/Wishie-gavmeupfwiyxzhaiqkwzocyeeixy/Build/Intermediates.noindex/Firebase.build/Debug-iphoneos/FirebaseCore.build/Objects-normal/arm64/e6072d4f65d7061329687fe24e3d63a7-common-args.resp
    
    /Applications/Xcode.app/Contents/Developer/Toolchains/XcodeDefault.xctoolchain/usr/bin/clang -x objective-c -ivfsstatcache /Users/khanghnguyen/Library/Developer/Xcode/DerivedData/SDKStatCaches.noindex/iphoneos26.2-23C57-3794476bd08197c3e2abd9bb477ef7f7.sdkstatcache -fmessage-length\=0 -fdiagnostics-show-note-include-stack -fmacro-backtrace-limit\=0 -fno-color-diagnostics -fmodules-prune-interval\=86400 -fmodules-prune-after\=345600 -fbuild-session-file\=/Users/khanghnguyen/Library/Developer/Xcode/DerivedData/ModuleCache.noindex/Session.modulevalidation -fmodules-validate-once-per-build-session -Wnon-modular-include-in-framework-module -Werror\=non-modular-include-in-framework-module -Wno-trigraphs -Wno-missing-field-initializers -Wno-missing-prototypes -Wno-return-type -Wno-implicit-atomic-properties -Wno-objc-interface-ivars -Wno-arc-repeated-use-of-weak -Wno-missing-braces -Wparentheses -Wswitch -Wno-unused-function -Wno-unused-label -Wno-unused-parameter -Wno-unused-variable -Wunused-value -Wno-empty-body -Wno-uninitialized -Wno-unknown-pragmas -w -Wno-shadow -Wno-four-char-constants -Wno-conversion -Wno-constant-conversion -Wno-int-conversion -Wno-bool-conversion -Wno-enum-conversion -Wno-float-conversion -Wno-non-literal-null-conversion -Wno-objc-literal-conversion -Wshorten-64-to-32 -Wpointer-sign -Wno-newline-eof -Wno-selector -Wno-strict-selector-match -Wno-undeclared-selector -Wno-deprecated-implementations -Wno-implicit-fallthrough -fstrict-aliasing -Wprotocol -Wdeprecated-declarations -Wno-sign-conversion -Wno-infinite-recursion -Wno-comma -Wno-block-capture-autoreleasing -Wno-strict-prototypes -Wno-semicolon-before-method-body -index-store-path /Users/khanghnguyen/Library/Developer/Xcode/DerivedData/Wishie-gavmeupfwiyxzhaiqkwzocyeeixy/Index.noindex/DataStore @/Users/khanghnguyen/Library/Developer/Xcode/DerivedData/Wishie-gavmeupfwiyxzhaiqkwzocyeeixy/Build/Intermediates.noindex/Firebase.build/Debug-iphoneos/FirebaseCore.build/Objects-normal/arm64/e6072d4f65d7061329687fe24e3d63a7-common-args.resp -include /Users/khanghnguyen/Library/Developer/Xcode/DerivedData/Wishie-gavmeupfwiyxzhaiqkwzocyeeixy/Build/Intermediates.noindex/Firebase.build/Debug-iphoneos/FirebaseCore.build/DerivedSources/resource_bundle_accessor.h -MMD -MT dependencies -MF /Users/khanghnguyen/Library/Developer/Xcode/DerivedData/Wishie-gavmeupfwiyxzhaiqkwzocyeeixy/Build/Intermediates.noindex/Firebase.build/Debug-iphoneos/FirebaseCore.build/Objects-normal/arm64/FIRLogger.d --serialize-diagnostics /Users/khanghnguyen/Library/Developer/Xcode/DerivedData/Wishie-gavmeupfwiyxzhaiqkwzocyeeixy/Build/Intermediates.noindex/Firebase.build/Debug-iphoneos/FirebaseCore.build/Objects-normal/arm64/FIRLogger.dia -c /Users/khanghnguyen/Library/Developer/Xcode/DerivedData/Wishie-gavmeupfwiyxzhaiqkwzocyeeixy/SourcePackages/checkouts/firebase-ios-sdk/FirebaseCore/Sources/FIRLogger.m -o /Users/khanghnguyen/Library/Developer/Xcode/DerivedData/Wishie-gavmeupfwiyxzhaiqkwzocyeeixy/Build/Intermediates.noindex/Firebase.build/Debug-iphoneos/FirebaseCore.build/Objects-normal/arm64/FIRLogger.o -index-unit-output-path /Firebase.build/Debug-iphoneos/FirebaseCore.build/Objects-normal/arm64/FIRLogger.o

PrecompileModule /Users/khanghnguyen/Library/Developer/Xcode/DerivedData/Wishie-gavmeupfwiyxzhaiqkwzocyeeixy/Build/Intermediates.noindex/ExplicitPrecompiledModules/Metal-BYEMU1FR8F9WRYXWUUNS356ZR.scan
    cd /
    builtin-precompileModule /Users/khanghnguyen/Library/Developer/Xcode/DerivedData/Wishie-gavmeupfwiyxzhaiqkwzocyeeixy/Build/Intermediates.noindex/ExplicitPrecompiledModules/Metal-BYEMU1FR8F9WRYXWUUNS356ZR.scan

PrecompileModule /Users/khanghnguyen/Library/Developer/Xcode/DerivedData/Wishie-gavmeupfwiyxzhaiqkwzocyeeixy/Build/Intermediates.noindex/ExplicitPrecompiledModules/Symbols-CRJU7B73RCHGE941IRQ87RPZU.scan
    cd /
    builtin-precompileModule /Users/khanghnguyen/Library/Developer/Xcode/DerivedData/Wishie-gavmeupfwiyxzhaiqkwzocyeeixy/Build/Intermediates.noindex/ExplicitPrecompiledModules/Symbols-CRJU7B73RCHGE941IRQ87RPZU.scan

CompileC /Users/khanghnguyen/Library/Developer/Xcode/DerivedData/Wishie-gavmeupfwiyxzhaiqkwzocyeeixy/Build/Intermediates.noindex/Firebase.build/Debug-iphoneos/FirebaseCore.build/Objects-normal/arm64/FIRHeartbeatLogger.o /Users/khanghnguyen/Library/Developer/Xcode/DerivedData/Wishie-gavmeupfwiyxzhaiqkwzocyeeixy/SourcePackages/checkouts/firebase-ios-sdk/FirebaseCore/Sources/FIRHeartbeatLogger.m normal arm64 objective-c com.apple.compilers.llvm.clang.1_0.compiler (in target 'FirebaseCore' from project 'Firebase')
    cd /Users/khanghnguyen/Downloads/Wishie/Wishie.xcodeproj
    
    Using response file: /Users/khanghnguyen/Library/Developer/Xcode/DerivedData/Wishie-gavmeupfwiyxzhaiqkwzocyeeixy/Build/Intermediates.noindex/Firebase.build/Debug-iphoneos/FirebaseCore.build/Objects-normal/arm64/e6072d4f65d7061329687fe24e3d63a7-common-args.resp
    
    /Applications/Xcode.app/Contents/Developer/Toolchains/XcodeDefault.xctoolchain/usr/bin/clang -x objective-c -ivfsstatcache /Users/khanghnguyen/Library/Developer/Xcode/DerivedData/SDKStatCaches.noindex/iphoneos26.2-23C57-3794476bd08197c3e2abd9bb477ef7f7.sdkstatcache -fmessage-length\=0 -fdiagnostics-show-note-include-stack -fmacro-backtrace-limit\=0 -fno-color-diagnostics -fmodules-prune-interval\=86400 -fmodules-prune-after\=345600 -fbuild-session-file\=/Users/khanghnguyen/Library/Developer/Xcode/DerivedData/ModuleCache.noindex/Session.modulevalidation -fmodules-validate-once-per-build-session -Wnon-modular-include-in-framework-module -Werror\=non-modular-include-in-framework-module -Wno-trigraphs -Wno-missing-field-initializers -Wno-missing-prototypes -Wno-return-type -Wno-implicit-atomic-properties -Wno-objc-interface-ivars -Wno-arc-repeated-use-of-weak -Wno-missing-braces -Wparentheses -Wswitch -Wno-unused-function -Wno-unused-label -Wno-unused-parameter -Wno-unused-variable -Wunused-value -Wno-empty-body -Wno-uninitialized -Wno-unknown-pragmas -w -Wno-shadow -Wno-four-char-constants -Wno-conversion -Wno-constant-conversion -Wno-int-conversion -Wno-bool-conversion -Wno-enum-conversion -Wno-float-conversion -Wno-non-literal-null-conversion -Wno-objc-literal-conversion -Wshorten-64-to-32 -Wpointer-sign -Wno-newline-eof -Wno-selector -Wno-strict-selector-match -Wno-undeclared-selector -Wno-deprecated-implementations -Wno-implicit-fallthrough -fstrict-aliasing -Wprotocol -Wdeprecated-declarations -Wno-sign-conversion -Wno-infinite-recursion -Wno-comma -Wno-block-capture-autoreleasing -Wno-strict-prototypes -Wno-semicolon-before-method-body -index-store-path /Users/khanghnguyen/Library/Developer/Xcode/DerivedData/Wishie-gavmeupfwiyxzhaiqkwzocyeeixy/Index.noindex/DataStore @/Users/khanghnguyen/Library/Developer/Xcode/DerivedData/Wishie-gavmeupfwiyxzhaiqkwzocyeeixy/Build/Intermediates.noindex/Firebase.build/Debug-iphoneos/FirebaseCore.build/Objects-normal/arm64/e6072d4f65d7061329687fe24e3d63a7-common-args.resp -include /Users/khanghnguyen/Library/Developer/Xcode/DerivedData/Wishie-gavmeupfwiyxzhaiqkwzocyeeixy/Build/Intermediates.noindex/Firebase.build/Debug-iphoneos/FirebaseCore.build/DerivedSources/resource_bundle_accessor.h -MMD -MT dependencies -MF /Users/khanghnguyen/Library/Developer/Xcode/DerivedData/Wishie-gavmeupfwiyxzhaiqkwzocyeeixy/Build/Intermediates.noindex/Firebase.build/Debug-iphoneos/FirebaseCore.build/Objects-normal/arm64/FIRHeartbeatLogger.d --serialize-diagnostics /Users/khanghnguyen/Library/Developer/Xcode/DerivedData/Wishie-gavmeupfwiyxzhaiqkwzocyeeixy/Build/Intermediates.noindex/Firebase.build/Debug-iphoneos/FirebaseCore.build/Objects-normal/arm64/FIRHeartbeatLogger.dia -c /Users/khanghnguyen/Library/Developer/Xcode/DerivedData/Wishie-gavmeupfwiyxzhaiqkwzocyeeixy/SourcePackages/checkouts/firebase-ios-sdk/FirebaseCore/Sources/FIRHeartbeatLogger.m -o /Users/khanghnguyen/Library/Developer/Xcode/DerivedData/Wishie-gavmeupfwiyxzhaiqkwzocyeeixy/Build/Intermediates.noindex/Firebase.build/Debug-iphoneos/FirebaseCore.build/Objects-normal/arm64/FIRHeartbeatLogger.o -index-unit-output-path /Firebase.build/Debug-iphoneos/FirebaseCore.build/Objects-normal/arm64/FIRHeartbeatLogger.o

SwiftCompile normal arm64 Compiling\ Timestamp+Codable.swift,\ TimestampDecodingStrategy.swift,\ TimestampEncodingStrategy.swift,\ Transaction+WriteEncodable.swift,\ VectorValue+Codable.swift,\ WriteBatch+WriteEncodable.swift,\ ExpressionImplementation.swift,\ PipelineHelper.swift,\ PipelineResultChange.swift /Users/khanghnguyen/Library/Developer/Xcode/DerivedData/Wishie-gavmeupfwiyxzhaiqkwzocyeeixy/SourcePackages/checkouts/firebase-ios-sdk/Firestore/Swift/Source/Codable/Timestamp+Codable.swift /Users/khanghnguyen/Library/Developer/Xcode/DerivedData/Wishie-gavmeupfwiyxzhaiqkwzocyeeixy/SourcePackages/checkouts/firebase-ios-sdk/Firestore/Swift/Source/Codable/TimestampDecodingStrategy.swift /Users/khanghnguyen/Library/Developer/Xcode/DerivedData/Wishie-gavmeupfwiyxzhaiqkwzocyeeixy/SourcePackages/checkouts/firebase-ios-sdk/Firestore/Swift/Source/Codable/TimestampEncodingStrategy.swift /Users/khanghnguyen/Library/Developer/Xcode/DerivedData/Wishie-gavmeupfwiyxzhaiqkwzocyeeixy/SourcePackages/checkouts/firebase-ios-sdk/Firestore/Swift/Source/Codable/Transaction+WriteEncodable.swift /Users/khanghnguyen/Library/Developer/Xcode/DerivedData/Wishie-gavmeupfwiyxzhaiqkwzocyeeixy/SourcePackages/checkouts/firebase-ios-sdk/Firestore/Swift/Source/Codable/VectorValue+Codable.swift /Users/khanghnguyen/Library/Developer/Xcode/DerivedData/Wishie-gavmeupfwiyxzhaiqkwzocyeeixy/SourcePackages/checkouts/firebase-ios-sdk/Firestore/Swift/Source/Codable/WriteBatch+WriteEncodable.swift /Users/khanghnguyen/Library/Developer/Xcode/DerivedData/Wishie-gavmeupfwiyxzhaiqkwzocyeeixy/SourcePackages/checkouts/firebase-ios-sdk/Firestore/Swift/Source/ExpressionImplementation.swift /Users/khanghnguyen/Library/Developer/Xcode/DerivedData/Wishie-gavmeupfwiyxzhaiqkwzocyeeixy/SourcePackages/checkouts/firebase-ios-sdk/Firestore/Swift/Source/Helper/PipelineHelper.swift /Users/khanghnguyen/Library/Developer/Xcode/DerivedData/Wishie-gavmeupfwiyxzhaiqkwzocyeeixy/SourcePackages/checkouts/firebase-ios-sdk/Firestore/Swift/Source/PipelineResultChange.swift (in target 'FirebaseFirestore' from project 'Firebase')
SwiftCompile normal arm64 /Users/khanghnguyen/Library/Developer/Xcode/DerivedData/Wishie-gavmeupfwiyxzhaiqkwzocyeeixy/SourcePackages/checkouts/firebase-ios-sdk/Firestore/Swift/Source/Codable/Timestamp+Codable.swift (in target 'FirebaseFirestore' from project 'Firebase')
    cd /Users/khanghnguyen/Downloads/Wishie/Wishie.xcodeproj
    

SwiftCompile normal arm64 /Users/khanghnguyen/Library/Developer/Xcode/DerivedData/Wishie-gavmeupfwiyxzhaiqkwzocyeeixy/SourcePackages/checkouts/firebase-ios-sdk/Firestore/Swift/Source/Codable/TimestampDecodingStrategy.swift (in target 'FirebaseFirestore' from project 'Firebase')
    cd /Users/khanghnguyen/Downloads/Wishie/Wishie.xcodeproj
    

SwiftCompile normal arm64 /Users/khanghnguyen/Library/Developer/Xcode/DerivedData/Wishie-gavmeupfwiyxzhaiqkwzocyeeixy/SourcePackages/checkouts/firebase-ios-sdk/Firestore/Swift/Source/Codable/TimestampEncodingStrategy.swift (in target 'FirebaseFirestore' from project 'Firebase')
    cd /Users/khanghnguyen/Downloads/Wishie/Wishie.xcodeproj
    

SwiftCompile normal arm64 /Users/khanghnguyen/Library/Developer/Xcode/DerivedData/Wishie-gavmeupfwiyxzhaiqkwzocyeeixy/SourcePackages/checkouts/firebase-ios-sdk/Firestore/Swift/Source/Codable/Transaction+WriteEncodable.swift (in target 'FirebaseFirestore' from project 'Firebase')
    cd /Users/khanghnguyen/Downloads/Wishie/Wishie.xcodeproj
    

SwiftCompile normal arm64 /Users/khanghnguyen/Library/Developer/Xcode/DerivedData/Wishie-gavmeupfwiyxzhaiqkwzocyeeixy/SourcePackages/checkouts/firebase-ios-sdk/Firestore/Swift/Source/Codable/VectorValue+Codable.swift (in target 'FirebaseFirestore' from project 'Firebase')
    cd /Users/khanghnguyen/Downloads/Wishie/Wishie.xcodeproj
    

SwiftCompile normal arm64 /Users/khanghnguyen/Library/Developer/Xcode/DerivedData/Wishie-gavmeupfwiyxzhaiqkwzocyeeixy/SourcePackages/checkouts/firebase-ios-sdk/Firestore/Swift/Source/Codable/WriteBatch+WriteEncodable.swift (in target 'FirebaseFirestore' from project 'Firebase')
    cd /Users/khanghnguyen/Downloads/Wishie/Wishie.xcodeproj
    

SwiftCompile normal arm64 /Users/khanghnguyen/Library/Developer/Xcode/DerivedData/Wishie-gavmeupfwiyxzhaiqkwzocyeeixy/SourcePackages/checkouts/firebase-ios-sdk/Firestore/Swift/Source/ExpressionImplementation.swift (in target 'FirebaseFirestore' from project 'Firebase')
    cd /Users/khanghnguyen/Downloads/Wishie/Wishie.xcodeproj
    

SwiftCompile normal arm64 /Users/khanghnguyen/Library/Developer/Xcode/DerivedData/Wishie-gavmeupfwiyxzhaiqkwzocyeeixy/SourcePackages/checkouts/firebase-ios-sdk/Firestore/Swift/Source/Helper/PipelineHelper.swift (in target 'FirebaseFirestore' from project 'Firebase')
    cd /Users/khanghnguyen/Downloads/Wishie/Wishie.xcodeproj
    

SwiftCompile normal arm64 /Users/khanghnguyen/Library/Developer/Xcode/DerivedData/Wishie-gavmeupfwiyxzhaiqkwzocyeeixy/SourcePackages/checkouts/firebase-ios-sdk/Firestore/Swift/Source/PipelineResultChange.swift (in target 'FirebaseFirestore' from project 'Firebase')
    cd /Users/khanghnguyen/Downloads/Wishie/Wishie.xcodeproj
    

SwiftCompile normal arm64 Compiling\ PipelineWrapper.swift,\ FirestoreQuery.swift,\ FirestoreQueryObservable.swift,\ QueryPredicate.swift,\ Stages.swift,\ FieldValue+Swift.swift,\ Firestore+Pipeline.swift,\ AggregateFunction.swift,\ AliasedAggregate.swift /Users/khanghnguyen/Library/Developer/Xcode/DerivedData/Wishie-gavmeupfwiyxzhaiqkwzocyeeixy/SourcePackages/checkouts/firebase-ios-sdk/Firestore/Swift/Source/PipelineWrapper.swift /Users/khanghnguyen/Library/Developer/Xcode/DerivedData/Wishie-gavmeupfwiyxzhaiqkwzocyeeixy/SourcePackages/checkouts/firebase-ios-sdk/Firestore/Swift/Source/PropertyWrapper/FirestoreQuery.swift /Users/khanghnguyen/Library/Developer/Xcode/DerivedData/Wishie-gavmeupfwiyxzhaiqkwzocyeeixy/SourcePackages/checkouts/firebase-ios-sdk/Firestore/Swift/Source/PropertyWrapper/FirestoreQueryObservable.swift /Users/khanghnguyen/Library/Developer/Xcode/DerivedData/Wishie-gavmeupfwiyxzhaiqkwzocyeeixy/SourcePackages/checkouts/firebase-ios-sdk/Firestore/Swift/Source/PropertyWrapper/QueryPredicate.swift /Users/khanghnguyen/Library/Developer/Xcode/DerivedData/Wishie-gavmeupfwiyxzhaiqkwzocyeeixy/SourcePackages/checkouts/firebase-ios-sdk/Firestore/Swift/Source/Stages.swift /Users/khanghnguyen/Library/Developer/Xcode/DerivedData/Wishie-gavmeupfwiyxzhaiqkwzocyeeixy/SourcePackages/checkouts/firebase-ios-sdk/Firestore/Swift/Source/SwiftAPI/FieldValue+Swift.swift /Users/khanghnguyen/Library/Developer/Xcode/DerivedData/Wishie-gavmeupfwiyxzhaiqkwzocyeeixy/SourcePackages/checkouts/firebase-ios-sdk/Firestore/Swift/Source/SwiftAPI/Firestore+Pipeline.swift /Users/khanghnguyen/Library/Developer/Xcode/DerivedData/Wishie-gavmeupfwiyxzhaiqkwzocyeeixy/SourcePackages/checkouts/firebase-ios-sdk/Firestore/Swift/Source/SwiftAPI/Pipeline/Aggregates/AggregateFunction.swift /Users/khanghnguyen/Library/Developer/Xcode/DerivedData/Wishie-gavmeupfwiyxzhaiqkwzocyeeixy/SourcePackages/checkouts/firebase-ios-sdk/Firestore/Swift/Source/SwiftAPI/Pipeline/Aggregates/AliasedAggregate.swift (in target 'FirebaseFirestore' from project 'Firebase')
SwiftCompile normal arm64 /Users/khanghnguyen/Library/Developer/Xcode/DerivedData/Wishie-gavmeupfwiyxzhaiqkwzocyeeixy/SourcePackages/checkouts/firebase-ios-sdk/Firestore/Swift/Source/PipelineWrapper.swift (in target 'FirebaseFirestore' from project 'Firebase')
    cd /Users/khanghnguyen/Downloads/Wishie/Wishie.xcodeproj
    

SwiftCompile normal arm64 /Users/khanghnguyen/Library/Developer/Xcode/DerivedData/Wishie-gavmeupfwiyxzhaiqkwzocyeeixy/SourcePackages/checkouts/firebase-ios-sdk/Firestore/Swift/Source/PropertyWrapper/FirestoreQuery.swift (in target 'FirebaseFirestore' from project 'Firebase')
    cd /Users/khanghnguyen/Downloads/Wishie/Wishie.xcodeproj
    

SwiftCompile normal arm64 /Users/khanghnguyen/Library/Developer/Xcode/DerivedData/Wishie-gavmeupfwiyxzhaiqkwzocyeeixy/SourcePackages/checkouts/firebase-ios-sdk/Firestore/Swift/Source/PropertyWrapper/FirestoreQueryObservable.swift (in target 'FirebaseFirestore' from project 'Firebase')
    cd /Users/khanghnguyen/Downloads/Wishie/Wishie.xcodeproj
    

SwiftCompile normal arm64 /Users/khanghnguyen/Library/Developer/Xcode/DerivedData/Wishie-gavmeupfwiyxzhaiqkwzocyeeixy/SourcePackages/checkouts/firebase-ios-sdk/Firestore/Swift/Source/PropertyWrapper/QueryPredicate.swift (in target 'FirebaseFirestore' from project 'Firebase')
    cd /Users/khanghnguyen/Downloads/Wishie/Wishie.xcodeproj
    

SwiftCompile normal arm64 /Users/khanghnguyen/Library/Developer/Xcode/DerivedData/Wishie-gavmeupfwiyxzhaiqkwzocyeeixy/SourcePackages/checkouts/firebase-ios-sdk/Firestore/Swift/Source/Stages.swift (in target 'FirebaseFirestore' from project 'Firebase')
    cd /Users/khanghnguyen/Downloads/Wishie/Wishie.xcodeproj
    

SwiftCompile normal arm64 /Users/khanghnguyen/Library/Developer/Xcode/DerivedData/Wishie-gavmeupfwiyxzhaiqkwzocyeeixy/SourcePackages/checkouts/firebase-ios-sdk/Firestore/Swift/Source/SwiftAPI/FieldValue+Swift.swift (in target 'FirebaseFirestore' from project 'Firebase')
    cd /Users/khanghnguyen/Downloads/Wishie/Wishie.xcodeproj
    

SwiftCompile normal arm64 /Users/khanghnguyen/Library/Developer/Xcode/DerivedData/Wishie-gavmeupfwiyxzhaiqkwzocyeeixy/SourcePackages/checkouts/firebase-ios-sdk/Firestore/Swift/Source/SwiftAPI/Firestore+Pipeline.swift (in target 'FirebaseFirestore' from project 'Firebase')
    cd /Users/khanghnguyen/Downloads/Wishie/Wishie.xcodeproj
    

SwiftCompile normal arm64 /Users/khanghnguyen/Library/Developer/Xcode/DerivedData/Wishie-gavmeupfwiyxzhaiqkwzocyeeixy/SourcePackages/checkouts/firebase-ios-sdk/Firestore/Swift/Source/SwiftAPI/Pipeline/Aggregates/AggregateFunction.swift (in target 'FirebaseFirestore' from project 'Firebase')
    cd /Users/khanghnguyen/Downloads/Wishie/Wishie.xcodeproj
    

SwiftCompile normal arm64 /Users/khanghnguyen/Library/Developer/Xcode/DerivedData/Wishie-gavmeupfwiyxzhaiqkwzocyeeixy/SourcePackages/checkouts/firebase-ios-sdk/Firestore/Swift/Source/SwiftAPI/Pipeline/Aggregates/AliasedAggregate.swift (in target 'FirebaseFirestore' from project 'Firebase')
    cd /Users/khanghnguyen/Downloads/Wishie/Wishie.xcodeproj
    

SwiftCompile normal arm64 Compiling\ PipelineExpression.swift,\ Variable.swift,\ Ordering.swift,\ Pipeline.swift,\ PipelineResult.swift,\ PipelineSource.swift,\ QueryEnhancement.swift,\ RealtimePipeline.swift /Users/khanghnguyen/Library/Developer/Xcode/DerivedData/Wishie-gavmeupfwiyxzhaiqkwzocyeeixy/SourcePackages/checkouts/firebase-ios-sdk/Firestore/Swift/Source/SwiftAPI/Pipeline/Expressions/PipelineExpression.swift /Users/khanghnguyen/Library/Developer/Xcode/DerivedData/Wishie-gavmeupfwiyxzhaiqkwzocyeeixy/SourcePackages/checkouts/firebase-ios-sdk/Firestore/Swift/Source/SwiftAPI/Pipeline/Expressions/Variable.swift /Users/khanghnguyen/Library/Developer/Xcode/DerivedData/Wishie-gavmeupfwiyxzhaiqkwzocyeeixy/SourcePackages/checkouts/firebase-ios-sdk/Firestore/Swift/Source/SwiftAPI/Pipeline/Ordering.swift /Users/khanghnguyen/Library/Developer/Xcode/DerivedData/Wishie-gavmeupfwiyxzhaiqkwzocyeeixy/SourcePackages/checkouts/firebase-ios-sdk/Firestore/Swift/Source/SwiftAPI/Pipeline/Pipeline.swift /Users/khanghnguyen/Library/Developer/Xcode/DerivedData/Wishie-gavmeupfwiyxzhaiqkwzocyeeixy/SourcePackages/checkouts/firebase-ios-sdk/Firestore/Swift/Source/SwiftAPI/Pipeline/PipelineResult.swift /Users/khanghnguyen/Library/Developer/Xcode/DerivedData/Wishie-gavmeupfwiyxzhaiqkwzocyeeixy/SourcePackages/checkouts/firebase-ios-sdk/Firestore/Swift/Source/SwiftAPI/Pipeline/PipelineSource.swift /Users/khanghnguyen/Library/Developer/Xcode/DerivedData/Wishie-gavmeupfwiyxzhaiqkwzocyeeixy/SourcePackages/checkouts/firebase-ios-sdk/Firestore/Swift/Source/SwiftAPI/Pipeline/QueryEnhancement.swift /Users/khanghnguyen/Library/Developer/Xcode/DerivedData/Wishie-gavmeupfwiyxzhaiqkwzocyeeixy/SourcePackages/checkouts/firebase-ios-sdk/Firestore/Swift/Source/SwiftAPI/Pipeline/RealtimePipeline.swift (in target 'FirebaseFirestore' from project 'Firebase')

SwiftCompile normal arm64 /Users/khanghnguyen/Library/Developer/Xcode/DerivedData/Wishie-gavmeupfwiyxzhaiqkwzocyeeixy/SourcePackages/checkouts/firebase-ios-sdk/Firestore/Swift/Source/SwiftAPI/Pipeline/Expressions/PipelineExpression.swift (in target 'FirebaseFirestore' from project 'Firebase')
    cd /Users/khanghnguyen/Downloads/Wishie/Wishie.xcodeproj
    

SwiftCompile normal arm64 /Users/khanghnguyen/Library/Developer/Xcode/DerivedData/Wishie-gavmeupfwiyxzhaiqkwzocyeeixy/SourcePackages/checkouts/firebase-ios-sdk/Firestore/Swift/Source/SwiftAPI/Pipeline/Expressions/Variable.swift (in target 'FirebaseFirestore' from project 'Firebase')
    cd /Users/khanghnguyen/Downloads/Wishie/Wishie.xcodeproj
    

SwiftCompile normal arm64 /Users/khanghnguyen/Library/Developer/Xcode/DerivedData/Wishie-gavmeupfwiyxzhaiqkwzocyeeixy/SourcePackages/checkouts/firebase-ios-sdk/Firestore/Swift/Source/SwiftAPI/Pipeline/Ordering.swift (in target 'FirebaseFirestore' from project 'Firebase')
    cd /Users/khanghnguyen/Downloads/Wishie/Wishie.xcodeproj
    

SwiftCompile normal arm64 /Users/khanghnguyen/Library/Developer/Xcode/DerivedData/Wishie-gavmeupfwiyxzhaiqkwzocyeeixy/SourcePackages/checkouts/firebase-ios-sdk/Firestore/Swift/Source/SwiftAPI/Pipeline/Pipeline.swift (in target 'FirebaseFirestore' from project 'Firebase')
    cd /Users/khanghnguyen/Downloads/Wishie/Wishie.xcodeproj
    

SwiftCompile normal arm64 /Users/khanghnguyen/Library/Developer/Xcode/DerivedData/Wishie-gavmeupfwiyxzhaiqkwzocyeeixy/SourcePackages/checkouts/firebase-ios-sdk/Firestore/Swift/Source/SwiftAPI/Pipeline/PipelineResult.swift (in target 'FirebaseFirestore' from project 'Firebase')
    cd /Users/khanghnguyen/Downloads/Wishie/Wishie.xcodeproj
    

SwiftCompile normal arm64 /Users/khanghnguyen/Library/Developer/Xcode/DerivedData/Wishie-gavmeupfwiyxzhaiqkwzocyeeixy/SourcePackages/checkouts/firebase-ios-sdk/Firestore/Swift/Source/SwiftAPI/Pipeline/PipelineSource.swift (in target 'FirebaseFirestore' from project 'Firebase')
    cd /Users/khanghnguyen/Downloads/Wishie/Wishie.xcodeproj
    

SwiftCompile normal arm64 /Users/khanghnguyen/Library/Developer/Xcode/DerivedData/Wishie-gavmeupfwiyxzhaiqkwzocyeeixy/SourcePackages/checkouts/firebase-ios-sdk/Firestore/Swift/Source/SwiftAPI/Pipeline/QueryEnhancement.swift (in target 'FirebaseFirestore' from project 'Firebase')
    cd /Users/khanghnguyen/Downloads/Wishie/Wishie.xcodeproj
    

SwiftCompile normal arm64 /Users/khanghnguyen/Library/Developer/Xcode/DerivedData/Wishie-gavmeupfwiyxzhaiqkwzocyeeixy/SourcePackages/checkouts/firebase-ios-sdk/Firestore/Swift/Source/SwiftAPI/Pipeline/RealtimePipeline.swift (in target 'FirebaseFirestore' from project 'Firebase')
    cd /Users/khanghnguyen/Downloads/Wishie/Wishie.xcodeproj
    

SwiftCompile normal arm64 Compiling\ DocumentReference+Codable.swift,\ DocumentReference+ReadDecodable.swift,\ DocumentReference+WriteEncodable.swift,\ DocumentSnapshot+ReadDecodable.swift,\ EncoderDecoder.swift,\ ExplicitNull.swift,\ FieldValue+Encodable.swift,\ GeoPoint+Codable.swift,\ ServerTimestamp.swift /Users/khanghnguyen/Library/Developer/Xcode/DerivedData/Wishie-gavmeupfwiyxzhaiqkwzocyeeixy/SourcePackages/checkouts/firebase-ios-sdk/Firestore/Swift/Source/Codable/DocumentReference+Codable.swift /Users/khanghnguyen/Library/Developer/Xcode/DerivedData/Wishie-gavmeupfwiyxzhaiqkwzocyeeixy/SourcePackages/checkouts/firebase-ios-sdk/Firestore/Swift/Source/Codable/DocumentReference+ReadDecodable.swift /Users/khanghnguyen/Library/Developer/Xcode/DerivedData/Wishie-gavmeupfwiyxzhaiqkwzocyeeixy/SourcePackages/checkouts/firebase-ios-sdk/Firestore/Swift/Source/Codable/DocumentReference+WriteEncodable.swift /Users/khanghnguyen/Library/Developer/Xcode/DerivedData/Wishie-gavmeupfwiyxzhaiqkwzocyeeixy/SourcePackages/checkouts/firebase-ios-sdk/Firestore/Swift/Source/Codable/DocumentSnapshot+ReadDecodable.swift /Users/khanghnguyen/Library/Developer/Xcode/DerivedData/Wishie-gavmeupfwiyxzhaiqkwzocyeeixy/SourcePackages/checkouts/firebase-ios-sdk/Firestore/Swift/Source/Codable/EncoderDecoder.swift /Users/khanghnguyen/Library/Developer/Xcode/DerivedData/Wishie-gavmeupfwiyxzhaiqkwzocyeeixy/SourcePackages/checkouts/firebase-ios-sdk/Firestore/Swift/Source/Codable/ExplicitNull.swift /Users/khanghnguyen/Library/Developer/Xcode/DerivedData/Wishie-gavmeupfwiyxzhaiqkwzocyeeixy/SourcePackages/checkouts/firebase-ios-sdk/Firestore/Swift/Source/Codable/FieldValue+Encodable.swift /Users/khanghnguyen/Library/Developer/Xcode/DerivedData/Wishie-gavmeupfwiyxzhaiqkwzocyeeixy/SourcePackages/checkouts/firebase-ios-sdk/Firestore/Swift/Source/Codable/GeoPoint+Codable.swift /Users/khanghnguyen/Library/Developer/Xcode/DerivedData/Wishie-gavmeupfwiyxzhaiqkwzocyeeixy/SourcePackages/checkouts/firebase-ios-sdk/Firestore/Swift/Source/Codable/ServerTimestamp.swift (in target 'FirebaseFirestore' from project 'Firebase')

SwiftCompile normal arm64 /Users/khanghnguyen/Library/Developer/Xcode/DerivedData/Wishie-gavmeupfwiyxzhaiqkwzocyeeixy/SourcePackages/checkouts/firebase-ios-sdk/Firestore/Swift/Source/Codable/DocumentReference+Codable.swift (in target 'FirebaseFirestore' from project 'Firebase')
    cd /Users/khanghnguyen/Downloads/Wishie/Wishie.xcodeproj
    

SwiftCompile normal arm64 /Users/khanghnguyen/Library/Developer/Xcode/DerivedData/Wishie-gavmeupfwiyxzhaiqkwzocyeeixy/SourcePackages/checkouts/firebase-ios-sdk/Firestore/Swift/Source/Codable/DocumentReference+ReadDecodable.swift (in target 'FirebaseFirestore' from project 'Firebase')
    cd /Users/khanghnguyen/Downloads/Wishie/Wishie.xcodeproj
    

SwiftCompile normal arm64 /Users/khanghnguyen/Library/Developer/Xcode/DerivedData/Wishie-gavmeupfwiyxzhaiqkwzocyeeixy/SourcePackages/checkouts/firebase-ios-sdk/Firestore/Swift/Source/Codable/DocumentReference+WriteEncodable.swift (in target 'FirebaseFirestore' from project 'Firebase')
    cd /Users/khanghnguyen/Downloads/Wishie/Wishie.xcodeproj
    

SwiftCompile normal arm64 /Users/khanghnguyen/Library/Developer/Xcode/DerivedData/Wishie-gavmeupfwiyxzhaiqkwzocyeeixy/SourcePackages/checkouts/firebase-ios-sdk/Firestore/Swift/Source/Codable/DocumentSnapshot+ReadDecodable.swift (in target 'FirebaseFirestore' from project 'Firebase')
    cd /Users/khanghnguyen/Downloads/Wishie/Wishie.xcodeproj
    

SwiftCompile normal arm64 /Users/khanghnguyen/Library/Developer/Xcode/DerivedData/Wishie-gavmeupfwiyxzhaiqkwzocyeeixy/SourcePackages/checkouts/firebase-ios-sdk/Firestore/Swift/Source/Codable/EncoderDecoder.swift (in target 'FirebaseFirestore' from project 'Firebase')
    cd /Users/khanghnguyen/Downloads/Wishie/Wishie.xcodeproj
    

SwiftCompile normal arm64 /Users/khanghnguyen/Library/Developer/Xcode/DerivedData/Wishie-gavmeupfwiyxzhaiqkwzocyeeixy/SourcePackages/checkouts/firebase-ios-sdk/Firestore/Swift/Source/Codable/ExplicitNull.swift (in target 'FirebaseFirestore' from project 'Firebase')
    cd /Users/khanghnguyen/Downloads/Wishie/Wishie.xcodeproj
    

SwiftCompile normal arm64 /Users/khanghnguyen/Library/Developer/Xcode/DerivedData/Wishie-gavmeupfwiyxzhaiqkwzocyeeixy/SourcePackages/checkouts/firebase-ios-sdk/Firestore/Swift/Source/Codable/FieldValue+Encodable.swift (in target 'FirebaseFirestore' from project 'Firebase')
    cd /Users/khanghnguyen/Downloads/Wishie/Wishie.xcodeproj
    

SwiftCompile normal arm64 /Users/khanghnguyen/Library/Developer/Xcode/DerivedData/Wishie-gavmeupfwiyxzhaiqkwzocyeeixy/SourcePackages/checkouts/firebase-ios-sdk/Firestore/Swift/Source/Codable/GeoPoint+Codable.swift (in target 'FirebaseFirestore' from project 'Firebase')
    cd /Users/khanghnguyen/Downloads/Wishie/Wishie.xcodeproj
    

SwiftCompile normal arm64 /Users/khanghnguyen/Library/Developer/Xcode/DerivedData/Wishie-gavmeupfwiyxzhaiqkwzocyeeixy/SourcePackages/checkouts/firebase-ios-sdk/Firestore/Swift/Source/Codable/ServerTimestamp.swift (in target 'FirebaseFirestore' from project 'Firebase')
    cd /Users/khanghnguyen/Downloads/Wishie/Wishie.xcodeproj
    

SwiftCompile normal arm64 Compiling\ CountAll.swift,\ DistanceMeasure.swift,\ AliasedExpression.swift,\ Constant.swift,\ CurrentDocument.swift,\ Expression.swift,\ Field.swift,\ ArrayExpression.swift,\ BooleanExpression.swift /Users/khanghnguyen/Library/Developer/Xcode/DerivedData/Wishie-gavmeupfwiyxzhaiqkwzocyeeixy/SourcePackages/checkouts/firebase-ios-sdk/Firestore/Swift/Source/SwiftAPI/Pipeline/Aggregates/CountAll.swift /Users/khanghnguyen/Library/Developer/Xcode/DerivedData/Wishie-gavmeupfwiyxzhaiqkwzocyeeixy/SourcePackages/checkouts/firebase-ios-sdk/Firestore/Swift/Source/SwiftAPI/Pipeline/DistanceMeasure.swift /Users/khanghnguyen/Library/Developer/Xcode/DerivedData/Wishie-gavmeupfwiyxzhaiqkwzocyeeixy/SourcePackages/checkouts/firebase-ios-sdk/Firestore/Swift/Source/SwiftAPI/Pipeline/Expressions/AliasedExpression.swift /Users/khanghnguyen/Library/Developer/Xcode/DerivedData/Wishie-gavmeupfwiyxzhaiqkwzocyeeixy/SourcePackages/checkouts/firebase-ios-sdk/Firestore/Swift/Source/SwiftAPI/Pipeline/Expressions/Constant.swift /Users/khanghnguyen/Library/Developer/Xcode/DerivedData/Wishie-gavmeupfwiyxzhaiqkwzocyeeixy/SourcePackages/checkouts/firebase-ios-sdk/Firestore/Swift/Source/SwiftAPI/Pipeline/Expressions/CurrentDocument.swift /Users/khanghnguyen/Library/Developer/Xcode/DerivedData/Wishie-gavmeupfwiyxzhaiqkwzocyeeixy/SourcePackages/checkouts/firebase-ios-sdk/Firestore/Swift/Source/SwiftAPI/Pipeline/Expressions/Expression.swift /Users/khanghnguyen/Library/Developer/Xcode/DerivedData/Wishie-gavmeupfwiyxzhaiqkwzocyeeixy/SourcePackages/checkouts/firebase-ios-sdk/Firestore/Swift/Source/SwiftAPI/Pipeline/Expressions/Field.swift /Users/khanghnguyen/Library/Developer/Xcode/DerivedData/Wishie-gavmeupfwiyxzhaiqkwzocyeeixy/SourcePackages/checkouts/firebase-ios-sdk/Firestore/Swift/Source/SwiftAPI/Pipeline/Expressions/FunctionExpressions/ArrayExpression.swift /Users/khanghnguyen/Library/Developer/Xcode/DerivedData/Wishie-gavmeupfwiyxzhaiqkwzocyeeixy/SourcePackages/checkouts/firebase-ios-sdk/Firestore/Swift/Source/SwiftAPI/Pipeline/Expressions/FunctionExpressions/BooleanExpression/BooleanExpression.swift (in target 'FirebaseFirestore' from project 'Firebase')

SwiftCompile normal arm64 /Users/khanghnguyen/Library/Developer/Xcode/DerivedData/Wishie-gavmeupfwiyxzhaiqkwzocyeeixy/SourcePackages/checkouts/firebase-ios-sdk/Firestore/Swift/Source/SwiftAPI/Pipeline/Aggregates/CountAll.swift (in target 'FirebaseFirestore' from project 'Firebase')
    cd /Users/khanghnguyen/Downloads/Wishie/Wishie.xcodeproj
    

SwiftCompile normal arm64 /Users/khanghnguyen/Library/Developer/Xcode/DerivedData/Wishie-gavmeupfwiyxzhaiqkwzocyeeixy/SourcePackages/checkouts/firebase-ios-sdk/Firestore/Swift/Source/SwiftAPI/Pipeline/DistanceMeasure.swift (in target 'FirebaseFirestore' from project 'Firebase')
    cd /Users/khanghnguyen/Downloads/Wishie/Wishie.xcodeproj
    

SwiftCompile normal arm64 /Users/khanghnguyen/Library/Developer/Xcode/DerivedData/Wishie-gavmeupfwiyxzhaiqkwzocyeeixy/SourcePackages/checkouts/firebase-ios-sdk/Firestore/Swift/Source/SwiftAPI/Pipeline/Expressions/AliasedExpression.swift (in target 'FirebaseFirestore' from project 'Firebase')
    cd /Users/khanghnguyen/Downloads/Wishie/Wishie.xcodeproj
    

SwiftCompile normal arm64 /Users/khanghnguyen/Library/Developer/Xcode/DerivedData/Wishie-gavmeupfwiyxzhaiqkwzocyeeixy/SourcePackages/checkouts/firebase-ios-sdk/Firestore/Swift/Source/SwiftAPI/Pipeline/Expressions/Constant.swift (in target 'FirebaseFirestore' from project 'Firebase')
    cd /Users/khanghnguyen/Downloads/Wishie/Wishie.xcodeproj
    

SwiftCompile normal arm64 /Users/khanghnguyen/Library/Developer/Xcode/DerivedData/Wishie-gavmeupfwiyxzhaiqkwzocyeeixy/SourcePackages/checkouts/firebase-ios-sdk/Firestore/Swift/Source/SwiftAPI/Pipeline/Expressions/CurrentDocument.swift (in target 'FirebaseFirestore' from project 'Firebase')
    cd /Users/khanghnguyen/Downloads/Wishie/Wishie.xcodeproj
    

SwiftCompile normal arm64 /Users/khanghnguyen/Library/Developer/Xcode/DerivedData/Wishie-gavmeupfwiyxzhaiqkwzocyeeixy/SourcePackages/checkouts/firebase-ios-sdk/Firestore/Swift/Source/SwiftAPI/Pipeline/Expressions/Expression.swift (in target 'FirebaseFirestore' from project 'Firebase')
    cd /Users/khanghnguyen/Downloads/Wishie/Wishie.xcodeproj
    

SwiftCompile normal arm64 /Users/khanghnguyen/Library/Developer/Xcode/DerivedData/Wishie-gavmeupfwiyxzhaiqkwzocyeeixy/SourcePackages/checkouts/firebase-ios-sdk/Firestore/Swift/Source/SwiftAPI/Pipeline/Expressions/Field.swift (in target 'FirebaseFirestore' from project 'Firebase')
    cd /Users/khanghnguyen/Downloads/Wishie/Wishie.xcodeproj
    

SwiftCompile normal arm64 /Users/khanghnguyen/Library/Developer/Xcode/DerivedData/Wishie-gavmeupfwiyxzhaiqkwzocyeeixy/SourcePackages/checkouts/firebase-ios-sdk/Firestore/Swift/Source/SwiftAPI/Pipeline/Expressions/FunctionExpressions/ArrayExpression.swift (in target 'FirebaseFirestore' from project 'Firebase')
    cd /Users/khanghnguyen/Downloads/Wishie/Wishie.xcodeproj
    

SwiftCompile normal arm64 /Users/khanghnguyen/Library/Developer/Xcode/DerivedData/Wishie-gavmeupfwiyxzhaiqkwzocyeeixy/SourcePackages/checkouts/firebase-ios-sdk/Firestore/Swift/Source/SwiftAPI/Pipeline/Expressions/FunctionExpressions/BooleanExpression/BooleanExpression.swift (in target 'FirebaseFirestore' from project 'Firebase')
    cd /Users/khanghnguyen/Downloads/Wishie/Wishie.xcodeproj
    

SwiftDriverJobDiscovery normal arm64 Compiling dotlottie_player.swift (in target 'DotLottie' from project 'DotLottie')

SwiftCompile normal arm64 Compiling\ UserInfo.swift,\ UserInfoImpl.swift,\ UserMetadata.swift,\ UserProfileChangeRequest.swift,\ UserProfileUpdate.swift,\ AuthCondition.swift,\ AuthDefaultUIDelegate.swift,\ AuthErrorUtils.swift,\ AuthErrors.swift,\ AuthInternalErrors.swift,\ AuthLog.swift,\ AuthRecaptchaVerifier.swift,\ AuthUIDelegate.swift,\ AuthURLPresenter.swift,\ AuthWebUtils.swift,\ AuthWebView.swift,\ AuthWebViewController.swift /Users/khanghnguyen/Library/Developer/Xcode/DerivedData/Wishie-gavmeupfwiyxzhaiqkwzocyeeixy/SourcePackages/checkouts/firebase-ios-sdk/FirebaseAuth/Sources/Swift/User/UserInfo.swift /Users/khanghnguyen/Library/Developer/Xcode/DerivedData/Wishie-gavmeupfwiyxzhaiqkwzocyeeixy/SourcePackages/checkouts/firebase-ios-sdk/FirebaseAuth/Sources/Swift/User/UserInfoImpl.swift /Users/khanghnguyen/Library/Developer/Xcode/DerivedData/Wishie-gavmeupfwiyxzhaiqkwzocyeeixy/SourcePackages/checkouts/firebase-ios-sdk/FirebaseAuth/Sources/Swift/User/UserMetadata.swift /Users/khanghnguyen/Library/Developer/Xcode/DerivedData/Wishie-gavmeupfwiyxzhaiqkwzocyeeixy/SourcePackages/checkouts/firebase-ios-sdk/FirebaseAuth/Sources/Swift/User/UserProfileChangeRequest.swift /Users/khanghnguyen/Library/Developer/Xcode/DerivedData/Wishie-gavmeupfwiyxzhaiqkwzocyeeixy/SourcePackages/checkouts/firebase-ios-sdk/FirebaseAuth/Sources/Swift/User/UserProfileUpdate.swift /Users/khanghnguyen/Library/Developer/Xcode/DerivedData/Wishie-gavmeupfwiyxzhaiqkwzocyeeixy/SourcePackages/checkouts/firebase-ios-sdk/FirebaseAuth/Sources/Swift/Utilities/AuthCondition.swift /Users/khanghnguyen/Library/Developer/Xcode/DerivedData/Wishie-gavmeupfwiyxzhaiqkwzocyeeixy/SourcePackages/checkouts/firebase-ios-sdk/FirebaseAuth/Sources/Swift/Utilities/AuthDefaultUIDelegate.swift /Users/khanghnguyen/Library/Developer/Xcode/DerivedData/Wishie-gavmeupfwiyxzhaiqkwzocyeeixy/SourcePackages/checkouts/firebase-ios-sdk/FirebaseAuth/Sources/Swift/Utilities/AuthErrorUtils.swift /Users/khanghnguyen/Library/Developer/Xcode/DerivedData/Wishie-gavmeupfwiyxzhaiqkwzocyeeixy/SourcePackages/checkouts/firebase-ios-sdk/FirebaseAuth/Sources/Swift/Utilities/AuthErrors.swift /Users/khanghnguyen/Library/Developer/Xcode/DerivedData/Wishie-gavmeupfwiyxzhaiqkwzocyeeixy/SourcePackages/checkouts/firebase-ios-sdk/FirebaseAuth/Sources/Swift/Utilities/AuthInternalErrors.swift /Users/khanghnguyen/Library/Developer/Xcode/DerivedData/Wishie-gavmeupfwiyxzhaiqkwzocyeeixy/SourcePackages/checkouts/firebase-ios-sdk/FirebaseAuth/Sources/Swift/Utilities/AuthLog.swift /Users/khanghnguyen/Library/Developer/Xcode/DerivedData/Wishie-gavmeupfwiyxzhaiqkwzocyeeixy/SourcePackages/checkouts/firebase-ios-sdk/FirebaseAuth/Sources/Swift/Utilities/AuthRecaptchaVerifier.swift /Users/khanghnguyen/Library/Developer/Xcode/DerivedData/Wishie-gavmeupfwiyxzhaiqkwzocyeeixy/SourcePackages/checkouts/firebase-ios-sdk/FirebaseAuth/Sources/Swift/Utilities/AuthUIDelegate.swift /Users/khanghnguyen/Library/Developer/Xcode/DerivedData/Wishie-gavmeupfwiyxzhaiqkwzocyeeixy/SourcePackages/checkouts/firebase-ios-sdk/FirebaseAuth/Sources/Swift/Utilities/AuthURLPresenter.swift /Users/khanghnguyen/Library/Developer/Xcode/DerivedData/Wishie-gavmeupfwiyxzhaiqkwzocyeeixy/SourcePackages/checkouts/firebase-ios-sdk/FirebaseAuth/Sources/Swift/Utilities/AuthWebUtils.swift /Users/khanghnguyen/Library/Developer/Xcode/DerivedData/Wishie-gavmeupfwiyxzhaiqkwzocyeeixy/SourcePackages/checkouts/firebase-ios-sdk/FirebaseAuth/Sources/Swift/Utilities/AuthWebView.swift /Users/khanghnguyen/Library/Developer/Xcode/DerivedData/Wishie-gavmeupfwiyxzhaiqkwzocyeeixy/SourcePackages/checkouts/firebase-ios-sdk/FirebaseAuth/Sources/Swift/Utilities/AuthWebViewController.swift (in target 'FirebaseAuth' from project 'Firebase')
SwiftCompile normal arm64 /Users/khanghnguyen/Library/Developer/Xcode/DerivedData/Wishie-gavmeupfwiyxzhaiqkwzocyeeixy/SourcePackages/checkouts/firebase-ios-sdk/FirebaseAuth/Sources/Swift/User/UserInfo.swift (in target 'FirebaseAuth' from project 'Firebase')
    cd /Users/khanghnguyen/Downloads/Wishie/Wishie.xcodeproj
    

SwiftCompile normal arm64 /Users/khanghnguyen/Library/Developer/Xcode/DerivedData/Wishie-gavmeupfwiyxzhaiqkwzocyeeixy/SourcePackages/checkouts/firebase-ios-sdk/FirebaseAuth/Sources/Swift/User/UserInfoImpl.swift (in target 'FirebaseAuth' from project 'Firebase')
    cd /Users/khanghnguyen/Downloads/Wishie/Wishie.xcodeproj
    

SwiftCompile normal arm64 /Users/khanghnguyen/Library/Developer/Xcode/DerivedData/Wishie-gavmeupfwiyxzhaiqkwzocyeeixy/SourcePackages/checkouts/firebase-ios-sdk/FirebaseAuth/Sources/Swift/User/UserMetadata.swift (in target 'FirebaseAuth' from project 'Firebase')
    cd /Users/khanghnguyen/Downloads/Wishie/Wishie.xcodeproj
    

SwiftCompile normal arm64 /Users/khanghnguyen/Library/Developer/Xcode/DerivedData/Wishie-gavmeupfwiyxzhaiqkwzocyeeixy/SourcePackages/checkouts/firebase-ios-sdk/FirebaseAuth/Sources/Swift/User/UserProfileChangeRequest.swift (in target 'FirebaseAuth' from project 'Firebase')
    cd /Users/khanghnguyen/Downloads/Wishie/Wishie.xcodeproj
    

SwiftCompile normal arm64 /Users/khanghnguyen/Library/Developer/Xcode/DerivedData/Wishie-gavmeupfwiyxzhaiqkwzocyeeixy/SourcePackages/checkouts/firebase-ios-sdk/FirebaseAuth/Sources/Swift/User/UserProfileUpdate.swift (in target 'FirebaseAuth' from project 'Firebase')
    cd /Users/khanghnguyen/Downloads/Wishie/Wishie.xcodeproj
    

SwiftCompile normal arm64 /Users/khanghnguyen/Library/Developer/Xcode/DerivedData/Wishie-gavmeupfwiyxzhaiqkwzocyeeixy/SourcePackages/checkouts/firebase-ios-sdk/FirebaseAuth/Sources/Swift/Utilities/AuthCondition.swift (in target 'FirebaseAuth' from project 'Firebase')
    cd /Users/khanghnguyen/Downloads/Wishie/Wishie.xcodeproj
    

SwiftCompile normal arm64 /Users/khanghnguyen/Library/Developer/Xcode/DerivedData/Wishie-gavmeupfwiyxzhaiqkwzocyeeixy/SourcePackages/checkouts/firebase-ios-sdk/FirebaseAuth/Sources/Swift/Utilities/AuthDefaultUIDelegate.swift (in target 'FirebaseAuth' from project 'Firebase')
    cd /Users/khanghnguyen/Downloads/Wishie/Wishie.xcodeproj
    

SwiftCompile normal arm64 /Users/khanghnguyen/Library/Developer/Xcode/DerivedData/Wishie-gavmeupfwiyxzhaiqkwzocyeeixy/SourcePackages/checkouts/firebase-ios-sdk/FirebaseAuth/Sources/Swift/Utilities/AuthErrorUtils.swift (in target 'FirebaseAuth' from project 'Firebase')
    cd /Users/khanghnguyen/Downloads/Wishie/Wishie.xcodeproj
    

SwiftCompile normal arm64 /Users/khanghnguyen/Library/Developer/Xcode/DerivedData/Wishie-gavmeupfwiyxzhaiqkwzocyeeixy/SourcePackages/checkouts/firebase-ios-sdk/FirebaseAuth/Sources/Swift/Utilities/AuthErrors.swift (in target 'FirebaseAuth' from project 'Firebase')
    cd /Users/khanghnguyen/Downloads/Wishie/Wishie.xcodeproj
    

SwiftCompile normal arm64 /Users/khanghnguyen/Library/Developer/Xcode/DerivedData/Wishie-gavmeupfwiyxzhaiqkwzocyeeixy/SourcePackages/checkouts/firebase-ios-sdk/FirebaseAuth/Sources/Swift/Utilities/AuthInternalErrors.swift (in target 'FirebaseAuth' from project 'Firebase')
    cd /Users/khanghnguyen/Downloads/Wishie/Wishie.xcodeproj
    

SwiftCompile normal arm64 /Users/khanghnguyen/Library/Developer/Xcode/DerivedData/Wishie-gavmeupfwiyxzhaiqkwzocyeeixy/SourcePackages/checkouts/firebase-ios-sdk/FirebaseAuth/Sources/Swift/Utilities/AuthLog.swift (in target 'FirebaseAuth' from project 'Firebase')
    cd /Users/khanghnguyen/Downloads/Wishie/Wishie.xcodeproj
    

SwiftCompile normal arm64 /Users/khanghnguyen/Library/Developer/Xcode/DerivedData/Wishie-gavmeupfwiyxzhaiqkwzocyeeixy/SourcePackages/checkouts/firebase-ios-sdk/FirebaseAuth/Sources/Swift/Utilities/AuthRecaptchaVerifier.swift (in target 'FirebaseAuth' from project 'Firebase')
    cd /Users/khanghnguyen/Downloads/Wishie/Wishie.xcodeproj
    

SwiftCompile normal arm64 /Users/khanghnguyen/Library/Developer/Xcode/DerivedData/Wishie-gavmeupfwiyxzhaiqkwzocyeeixy/SourcePackages/checkouts/firebase-ios-sdk/FirebaseAuth/Sources/Swift/Utilities/AuthUIDelegate.swift (in target 'FirebaseAuth' from project 'Firebase')
    cd /Users/khanghnguyen/Downloads/Wishie/Wishie.xcodeproj
    

SwiftCompile normal arm64 /Users/khanghnguyen/Library/Developer/Xcode/DerivedData/Wishie-gavmeupfwiyxzhaiqkwzocyeeixy/SourcePackages/checkouts/firebase-ios-sdk/FirebaseAuth/Sources/Swift/Utilities/AuthURLPresenter.swift (in target 'FirebaseAuth' from project 'Firebase')
    cd /Users/khanghnguyen/Downloads/Wishie/Wishie.xcodeproj
    

SwiftCompile normal arm64 /Users/khanghnguyen/Library/Developer/Xcode/DerivedData/Wishie-gavmeupfwiyxzhaiqkwzocyeeixy/SourcePackages/checkouts/firebase-ios-sdk/FirebaseAuth/Sources/Swift/Utilities/AuthWebUtils.swift (in target 'FirebaseAuth' from project 'Firebase')
    cd /Users/khanghnguyen/Downloads/Wishie/Wishie.xcodeproj
    

SwiftCompile normal arm64 /Users/khanghnguyen/Library/Developer/Xcode/DerivedData/Wishie-gavmeupfwiyxzhaiqkwzocyeeixy/SourcePackages/checkouts/firebase-ios-sdk/FirebaseAuth/Sources/Swift/Utilities/AuthWebView.swift (in target 'FirebaseAuth' from project 'Firebase')
    cd /Users/khanghnguyen/Downloads/Wishie/Wishie.xcodeproj
    

SwiftCompile normal arm64 /Users/khanghnguyen/Library/Developer/Xcode/DerivedData/Wishie-gavmeupfwiyxzhaiqkwzocyeeixy/SourcePackages/checkouts/firebase-ios-sdk/FirebaseAuth/Sources/Swift/Utilities/AuthWebViewController.swift (in target 'FirebaseAuth' from project 'Firebase')
    cd /Users/khanghnguyen/Downloads/Wishie/Wishie.xcodeproj
    

SwiftCompile normal arm64 Compiling\ FederatedAuthProvider.swift,\ GameCenterAuthProvider.swift,\ GitHubAuthProvider.swift,\ GoogleAuthProvider.swift,\ OAuthCredential.swift,\ OAuthProvider.swift,\ PhoneAuthCredential.swift,\ PhoneAuthProvider.swift,\ TwitterAuthProvider.swift,\ AuthBackend.swift,\ AuthBackendRPCIssuer.swift,\ AuthRPCRequest.swift,\ AuthRPCResponse.swift,\ AuthRequestConfiguration.swift,\ IdentityToolkitRequest.swift,\ AuthMFAResponse.swift,\ CreateAuthURIRequest.swift,\ CreateAuthURIResponse.swift /Users/khanghnguyen/Library/Developer/Xcode/DerivedData/Wishie-gavmeupfwiyxzhaiqkwzocyeeixy/SourcePackages/checkouts/firebase-ios-sdk/FirebaseAuth/Sources/Swift/AuthProvider/FederatedAuthProvider.swift /Users/khanghnguyen/Library/Developer/Xcode/DerivedData/Wishie-gavmeupfwiyxzhaiqkwzocyeeixy/SourcePackages/checkouts/firebase-ios-sdk/FirebaseAuth/Sources/Swift/AuthProvider/GameCenterAuthProvider.swift /Users/khanghnguyen/Library/Developer/Xcode/DerivedData/Wishie-gavmeupfwiyxzhaiqkwzocyeeixy/SourcePackages/checkouts/firebase-ios-sdk/FirebaseAuth/Sources/Swift/AuthProvider/GitHubAuthProvider.swift /Users/khanghnguyen/Library/Developer/Xcode/DerivedData/Wishie-gavmeupfwiyxzhaiqkwzocyeeixy/SourcePackages/checkouts/firebase-ios-sdk/FirebaseAuth/Sources/Swift/AuthProvider/GoogleAuthProvider.swift /Users/khanghnguyen/Library/Developer/Xcode/DerivedData/Wishie-gavmeupfwiyxzhaiqkwzocyeeixy/SourcePackages/checkouts/firebase-ios-sdk/FirebaseAuth/Sources/Swift/AuthProvider/OAuthCredential.swift /Users/khanghnguyen/Library/Developer/Xcode/DerivedData/Wishie-gavmeupfwiyxzhaiqkwzocyeeixy/SourcePackages/checkouts/firebase-ios-sdk/FirebaseAuth/Sources/Swift/AuthProvider/OAuthProvider.swift /Users/khanghnguyen/Library/Developer/Xcode/DerivedData/Wishie-gavmeupfwiyxzhaiqkwzocyeeixy/SourcePackages/checkouts/firebase-ios-sdk/FirebaseAuth/Sources/Swift/AuthProvider/PhoneAuthCredential.swift /Users/khanghnguyen/Library/Developer/Xcode/DerivedData/Wishie-gavmeupfwiyxzhaiqkwzocyeeixy/SourcePackages/checkouts/firebase-ios-sdk/FirebaseAuth/Sources/Swift/AuthProvider/PhoneAuthProvider.swift /Users/khanghnguyen/Library/Developer/Xcode/DerivedData/Wishie-gavmeupfwiyxzhaiqkwzocyeeixy/SourcePackages/checkouts/firebase-ios-sdk/FirebaseAuth/Sources/Swift/AuthProvider/TwitterAuthProvider.swift /Users/khanghnguyen/Library/Developer/Xcode/DerivedData/Wishie-gavmeupfwiyxzhaiqkwzocyeeixy/SourcePackages/checkouts/firebase-ios-sdk/FirebaseAuth/Sources/Swift/Backend/AuthBackend.swift /Users/khanghnguyen/Library/Developer/Xcode/DerivedData/Wishie-gavmeupfwiyxzhaiqkwzocyeeixy/SourcePackages/checkouts/firebase-ios-sdk/FirebaseAuth/Sources/Swift/Backend/AuthBackendRPCIssuer.swift /Users/khanghnguyen/Library/Developer/Xcode/DerivedData/Wishie-gavmeupfwiyxzhaiqkwzocyeeixy/SourcePackages/checkouts/firebase-ios-sdk/FirebaseAuth/Sources/Swift/Backend/AuthRPCRequest.swift /Users/khanghnguyen/Library/Developer/Xcode/DerivedData/Wishie-gavmeupfwiyxzhaiqkwzocyeeixy/SourcePackages/checkouts/firebase-ios-sdk/FirebaseAuth/Sources/Swift/Backend/AuthRPCResponse.swift /Users/khanghnguyen/Library/Developer/Xcode/DerivedData/Wishie-gavmeupfwiyxzhaiqkwzocyeeixy/SourcePackages/checkouts/firebase-ios-sdk/FirebaseAuth/Sources/Swift/Backend/AuthRequestConfiguration.swift /Users/khanghnguyen/Library/Developer/Xcode/DerivedData/Wishie-gavmeupfwiyxzhaiqkwzocyeeixy/SourcePackages/checkouts/firebase-ios-sdk/FirebaseAuth/Sources/Swift/Backend/IdentityToolkitRequest.swift /Users/khanghnguyen/Library/Developer/Xcode/DerivedData/Wishie-gavmeupfwiyxzhaiqkwzocyeeixy/SourcePackages/checkouts/firebase-ios-sdk/FirebaseAuth/Sources/Swift/Backend/RPC/AuthMFAResponse.swift /Users/khanghnguyen/Library/Developer/Xcode/DerivedData/Wishie-gavmeupfwiyxzhaiqkwzocyeeixy/SourcePackages/checkouts/firebase-ios-sdk/FirebaseAuth/Sources/Swift/Backend/RPC/CreateAuthURIRequest.swift /Users/khanghnguyen/Library/Developer/Xcode/DerivedData/Wishie-gavmeupfwiyxzhaiqkwzocyeeixy/SourcePackages/checkouts/firebase-ios-sdk/FirebaseAuth/Sources/Swift/Backend/RPC/CreateAuthURIResponse.swift (in target 'FirebaseAuth' from project 'Firebase')
SwiftCompile normal arm64 /Users/khanghnguyen/Library/Developer/Xcode/DerivedData/Wishie-gavmeupfwiyxzhaiqkwzocyeeixy/SourcePackages/checkouts/firebase-ios-sdk/FirebaseAuth/Sources/Swift/AuthProvider/FederatedAuthProvider.swift (in target 'FirebaseAuth' from project 'Firebase')
    cd /Users/khanghnguyen/Downloads/Wishie/Wishie.xcodeproj
    

SwiftCompile normal arm64 /Users/khanghnguyen/Library/Developer/Xcode/DerivedData/Wishie-gavmeupfwiyxzhaiqkwzocyeeixy/SourcePackages/checkouts/firebase-ios-sdk/FirebaseAuth/Sources/Swift/AuthProvider/GameCenterAuthProvider.swift (in target 'FirebaseAuth' from project 'Firebase')
    cd /Users/khanghnguyen/Downloads/Wishie/Wishie.xcodeproj
    

SwiftCompile normal arm64 /Users/khanghnguyen/Library/Developer/Xcode/DerivedData/Wishie-gavmeupfwiyxzhaiqkwzocyeeixy/SourcePackages/checkouts/firebase-ios-sdk/FirebaseAuth/Sources/Swift/AuthProvider/GitHubAuthProvider.swift (in target 'FirebaseAuth' from project 'Firebase')
    cd /Users/khanghnguyen/Downloads/Wishie/Wishie.xcodeproj
    

SwiftCompile normal arm64 /Users/khanghnguyen/Library/Developer/Xcode/DerivedData/Wishie-gavmeupfwiyxzhaiqkwzocyeeixy/SourcePackages/checkouts/firebase-ios-sdk/FirebaseAuth/Sources/Swift/AuthProvider/GoogleAuthProvider.swift (in target 'FirebaseAuth' from project 'Firebase')
    cd /Users/khanghnguyen/Downloads/Wishie/Wishie.xcodeproj
    

SwiftCompile normal arm64 /Users/khanghnguyen/Library/Developer/Xcode/DerivedData/Wishie-gavmeupfwiyxzhaiqkwzocyeeixy/SourcePackages/checkouts/firebase-ios-sdk/FirebaseAuth/Sources/Swift/AuthProvider/OAuthCredential.swift (in target 'FirebaseAuth' from project 'Firebase')
    cd /Users/khanghnguyen/Downloads/Wishie/Wishie.xcodeproj
    

SwiftCompile normal arm64 /Users/khanghnguyen/Library/Developer/Xcode/DerivedData/Wishie-gavmeupfwiyxzhaiqkwzocyeeixy/SourcePackages/checkouts/firebase-ios-sdk/FirebaseAuth/Sources/Swift/AuthProvider/OAuthProvider.swift (in target 'FirebaseAuth' from project 'Firebase')
    cd /Users/khanghnguyen/Downloads/Wishie/Wishie.xcodeproj
    

SwiftCompile normal arm64 /Users/khanghnguyen/Library/Developer/Xcode/DerivedData/Wishie-gavmeupfwiyxzhaiqkwzocyeeixy/SourcePackages/checkouts/firebase-ios-sdk/FirebaseAuth/Sources/Swift/AuthProvider/PhoneAuthCredential.swift (in target 'FirebaseAuth' from project 'Firebase')
    cd /Users/khanghnguyen/Downloads/Wishie/Wishie.xcodeproj
    

SwiftCompile normal arm64 /Users/khanghnguyen/Library/Developer/Xcode/DerivedData/Wishie-gavmeupfwiyxzhaiqkwzocyeeixy/SourcePackages/checkouts/firebase-ios-sdk/FirebaseAuth/Sources/Swift/AuthProvider/PhoneAuthProvider.swift (in target 'FirebaseAuth' from project 'Firebase')
    cd /Users/khanghnguyen/Downloads/Wishie/Wishie.xcodeproj
    

SwiftCompile normal arm64 /Users/khanghnguyen/Library/Developer/Xcode/DerivedData/Wishie-gavmeupfwiyxzhaiqkwzocyeeixy/SourcePackages/checkouts/firebase-ios-sdk/FirebaseAuth/Sources/Swift/AuthProvider/TwitterAuthProvider.swift (in target 'FirebaseAuth' from project 'Firebase')
    cd /Users/khanghnguyen/Downloads/Wishie/Wishie.xcodeproj
    

SwiftCompile normal arm64 /Users/khanghnguyen/Library/Developer/Xcode/DerivedData/Wishie-gavmeupfwiyxzhaiqkwzocyeeixy/SourcePackages/checkouts/firebase-ios-sdk/FirebaseAuth/Sources/Swift/Backend/AuthBackend.swift (in target 'FirebaseAuth' from project 'Firebase')
    cd /Users/khanghnguyen/Downloads/Wishie/Wishie.xcodeproj
    

SwiftCompile normal arm64 /Users/khanghnguyen/Library/Developer/Xcode/DerivedData/Wishie-gavmeupfwiyxzhaiqkwzocyeeixy/SourcePackages/checkouts/firebase-ios-sdk/FirebaseAuth/Sources/Swift/Backend/AuthBackendRPCIssuer.swift (in target 'FirebaseAuth' from project 'Firebase')
    cd /Users/khanghnguyen/Downloads/Wishie/Wishie.xcodeproj
    

SwiftCompile normal arm64 /Users/khanghnguyen/Library/Developer/Xcode/DerivedData/Wishie-gavmeupfwiyxzhaiqkwzocyeeixy/SourcePackages/checkouts/firebase-ios-sdk/FirebaseAuth/Sources/Swift/Backend/AuthRPCRequest.swift (in target 'FirebaseAuth' from project 'Firebase')
    cd /Users/khanghnguyen/Downloads/Wishie/Wishie.xcodeproj
    

SwiftCompile normal arm64 /Users/khanghnguyen/Library/Developer/Xcode/DerivedData/Wishie-gavmeupfwiyxzhaiqkwzocyeeixy/SourcePackages/checkouts/firebase-ios-sdk/FirebaseAuth/Sources/Swift/Backend/AuthRPCResponse.swift (in target 'FirebaseAuth' from project 'Firebase')
    cd /Users/khanghnguyen/Downloads/Wishie/Wishie.xcodeproj
    

SwiftCompile normal arm64 /Users/khanghnguyen/Library/Developer/Xcode/DerivedData/Wishie-gavmeupfwiyxzhaiqkwzocyeeixy/SourcePackages/checkouts/firebase-ios-sdk/FirebaseAuth/Sources/Swift/Backend/AuthRequestConfiguration.swift (in target 'FirebaseAuth' from project 'Firebase')
    cd /Users/khanghnguyen/Downloads/Wishie/Wishie.xcodeproj
    

SwiftCompile normal arm64 /Users/khanghnguyen/Library/Developer/Xcode/DerivedData/Wishie-gavmeupfwiyxzhaiqkwzocyeeixy/SourcePackages/checkouts/firebase-ios-sdk/FirebaseAuth/Sources/Swift/Backend/IdentityToolkitRequest.swift (in target 'FirebaseAuth' from project 'Firebase')
    cd /Users/khanghnguyen/Downloads/Wishie/Wishie.xcodeproj
    

SwiftCompile normal arm64 /Users/khanghnguyen/Library/Developer/Xcode/DerivedData/Wishie-gavmeupfwiyxzhaiqkwzocyeeixy/SourcePackages/checkouts/firebase-ios-sdk/FirebaseAuth/Sources/Swift/Backend/RPC/AuthMFAResponse.swift (in target 'FirebaseAuth' from project 'Firebase')
    cd /Users/khanghnguyen/Downloads/Wishie/Wishie.xcodeproj
    

SwiftCompile normal arm64 /Users/khanghnguyen/Library/Developer/Xcode/DerivedData/Wishie-gavmeupfwiyxzhaiqkwzocyeeixy/SourcePackages/checkouts/firebase-ios-sdk/FirebaseAuth/Sources/Swift/Backend/RPC/CreateAuthURIRequest.swift (in target 'FirebaseAuth' from project 'Firebase')
    cd /Users/khanghnguyen/Downloads/Wishie/Wishie.xcodeproj
    

SwiftCompile normal arm64 /Users/khanghnguyen/Library/Developer/Xcode/DerivedData/Wishie-gavmeupfwiyxzhaiqkwzocyeeixy/SourcePackages/checkouts/firebase-ios-sdk/FirebaseAuth/Sources/Swift/Backend/RPC/CreateAuthURIResponse.swift (in target 'FirebaseAuth' from project 'Firebase')
    cd /Users/khanghnguyen/Downloads/Wishie/Wishie.xcodeproj
    

PrecompileModule /Users/khanghnguyen/Library/Developer/Xcode/DerivedData/Wishie-gavmeupfwiyxzhaiqkwzocyeeixy/Build/Intermediates.noindex/ExplicitPrecompiledModules/CoreVideo-4TZNGW0NDWOBNJEE2JZRX6T20.scan
    cd /
    builtin-precompileModule /Users/khanghnguyen/Library/Developer/Xcode/DerivedData/Wishie-gavmeupfwiyxzhaiqkwzocyeeixy/Build/Intermediates.noindex/ExplicitPrecompiledModules/CoreVideo-4TZNGW0NDWOBNJEE2JZRX6T20.scan

SwiftDriverJobDiscovery normal arm64 Emitting module for FirebaseAuth (in target 'FirebaseAuth' from project 'Firebase')

SwiftDriver\ Compilation\ Requirements FirebaseAuth normal arm64 com.apple.xcode.tools.swift.compiler (in target 'FirebaseAuth' from project 'Firebase')
    cd /Users/khanghnguyen/Downloads/Wishie/Wishie.xcodeproj
    builtin-Swift-Compilation-Requirements -- /Applications/Xcode.app/Contents/Developer/Toolchains/XcodeDefault.xctoolchain/usr/bin/swiftc -module-name FirebaseAuth -Onone -enforce-exclusivity\=checked @/Users/khanghnguyen/Library/Developer/Xcode/DerivedData/Wishie-gavmeupfwiyxzhaiqkwzocyeeixy/Build/Intermediates.noindex/Firebase.build/Debug-iphoneos/FirebaseAuth.build/Objects-normal/arm64/FirebaseAuth.SwiftFileList -DSWIFT_PACKAGE -DDEBUG -DSWIFT_MODULE_RESOURCE_BUNDLE_AVAILABLE -Xcc -fmodule-map-file\=/Users/khanghnguyen/Library/Developer/Xcode/DerivedData/Wishie-gavmeupfwiyxzhaiqkwzocyeeixy/Build/Intermediates.noindex/GeneratedModuleMaps-iphoneos/RecaptchaInterop.modulemap -Xcc -fmodule-map-file\=/Users/khanghnguyen/Library/Developer/Xcode/DerivedData/Wishie-gavmeupfwiyxzhaiqkwzocyeeixy/Build/Intermediates.noindex/GeneratedModuleMaps-iphoneos/GoogleUtilities-Network.modulemap -Xcc -fmodule-map-file\=/Users/khanghnguyen/Library/Developer/Xcode/DerivedData/Wishie-gavmeupfwiyxzhaiqkwzocyeeixy/Build/Intermediates.noindex/GeneratedModuleMaps-iphoneos/GoogleUtilities-Reachability.modulemap -Xcc -fmodule-map-file\=/Users/khanghnguyen/Library/Developer/Xcode/DerivedData/Wishie-gavmeupfwiyxzhaiqkwzocyeeixy/Build/Intermediates.noindex/GeneratedModuleMaps-iphoneos/GoogleUtilities-NSData.modulemap -Xcc -fmodule-map-file\=/Users/khanghnguyen/Library/Developer/Xcode/DerivedData/Wishie-gavmeupfwiyxzhaiqkwzocyeeixy/Build/Intermediates.noindex/GeneratedModuleMaps-iphoneos/GoogleUtilities-Logger.modulemap -Xcc -fmodule-map-file\=/Users/khanghnguyen/Library/Developer/Xcode/DerivedData/Wishie-gavmeupfwiyxzhaiqkwzocyeeixy/Build/Intermediates.noindex/GeneratedModuleMaps-iphoneos/GoogleUtilities-Environment.modulemap -Xcc -fmodule-map-file\=/Users/khanghnguyen/Library/Developer/Xcode/DerivedData/Wishie-gavmeupfwiyxzhaiqkwzocyeeixy/Build/Intermediates.noindex/GeneratedModuleMaps-iphoneos/third-party-IsAppEncrypted.modulemap -Xcc -fmodule-map-file\=/Users/khanghnguyen/Library/Developer/Xcode/DerivedData/Wishie-gavmeupfwiyxzhaiqkwzocyeeixy/Build/Intermediates.noindex/GeneratedModuleMaps-iphoneos/GoogleUtilities-AppDelegateSwizzler.modulemap -Xcc -fmodule-map-file\=/Users/khanghnguyen/Library/Developer/Xcode/DerivedData/Wishie-gavmeupfwiyxzhaiqkwzocyeeixy/Build/Intermediates.noindex/GeneratedModuleMaps-iphoneos/GTMSessionFetcherCore.modulemap -Xcc -fmodule-map-file\=/Users/khanghnguyen/Library/Developer/Xcode/DerivedData/Wishie-gavmeupfwiyxzhaiqkwzocyeeixy/Build/Intermediates.noindex/GeneratedModuleMaps-iphoneos/FirebaseCoreExtension.modulemap -Xcc -fmodule-map-file\=/Users/khanghnguyen/Library/Developer/Xcode/DerivedData/Wishie-gavmeupfwiyxzhaiqkwzocyeeixy/Build/Intermediates.noindex/GeneratedModuleMaps-iphoneos/FirebaseCore.modulemap -Xcc -fmodule-map-file\=/Users/khanghnguyen/Library/Developer/Xcode/DerivedData/Wishie-gavmeupfwiyxzhaiqkwzocyeeixy/Build/Intermediates.noindex/GeneratedModuleMaps-iphoneos/FirebaseAuthInternal.modulemap -Xcc -fmodule-map-file\=/Users/khanghnguyen/Library/Developer/Xcode/DerivedData/Wishie-gavmeupfwiyxzhaiqkwzocyeeixy/Build/Intermediates.noindex/GeneratedModuleMaps-iphoneos/FirebaseAuthInterop.modulemap -Xcc -fmodule-map-file\=/Users/khanghnguyen/Library/Developer/Xcode/DerivedData/Wishie-gavmeupfwiyxzhaiqkwzocyeeixy/Build/Intermediates.noindex/GeneratedModuleMaps-iphoneos/FirebaseAppCheckInterop.modulemap -DXcode -plugin-path /Applications/Xcode.app/Contents/Developer/Toolchains/XcodeDefault.xctoolchain/usr/lib/swift/host/plugins/testing -enable-experimental-feature DebugDescriptionMacro -sdk /Applications/Xcode.app/Contents/Developer/Platforms/iPhoneOS.platform/Developer/SDKs/iPhoneOS26.2.sdk -target arm64-apple-ios15.0 -g -module-cache-path /Users/khanghnguyen/Library/Developer/Xcode/DerivedData/ModuleCache.noindex -Xfrontend -serialize-debugging-options -profile-coverage-mapping -profile-generate -enable-testing -suppress-warnings -index-store-path /Users/khanghnguyen/Library/Developer/Xcode/DerivedData/Wishie-gavmeupfwiyxzhaiqkwzocyeeixy/Index.noindex/DataStore -Xcc -D_LIBCPP_HARDENING_MODE\=_LIBCPP_HARDENING_MODE_DEBUG -swift-version 5 -I /Users/khanghnguyen/Library/Developer/Xcode/DerivedData/Wishie-gavmeupfwiyxzhaiqkwzocyeeixy/Build/Products/Debug-iphoneos -Isystem /Applications/Xcode.app/Contents/Developer/Platforms/iPhoneOS.platform/Developer/usr/lib -F /Users/khanghnguyen/Library/Developer/Xcode/DerivedData/Wishie-gavmeupfwiyxzhaiqkwzocyeeixy/Build/Products/Debug-iphoneos/PackageFrameworks -F /Users/khanghnguyen/Library/Developer/Xcode/DerivedData/Wishie-gavmeupfwiyxzhaiqkwzocyeeixy/Build/Products/Debug-iphoneos/PackageFrameworks -F /Users/khanghnguyen/Library/Developer/Xcode/DerivedData/Wishie-gavmeupfwiyxzhaiqkwzocyeeixy/Build/Products/Debug-iphoneos/PackageFrameworks -F /Users/khanghnguyen/Library/Developer/Xcode/DerivedData/Wishie-gavmeupfwiyxzhaiqkwzocyeeixy/Build/Products/Debug-iphoneos/PackageFrameworks -F /Users/khanghnguyen/Library/Developer/Xcode/DerivedData/Wishie-gavmeupfwiyxzhaiqkwzocyeeixy/Build/Products/Debug-iphoneos/PackageFrameworks -F /Users/khanghnguyen/Library/Developer/Xcode/DerivedData/Wishie-gavmeupfwiyxzhaiqkwzocyeeixy/Build/Products/Debug-iphoneos/PackageFrameworks -F /Users/khanghnguyen/Library/Developer/Xcode/DerivedData/Wishie-gavmeupfwiyxzhaiqkwzocyeeixy/Build/Products/Debug-iphoneos/PackageFrameworks -F /Users/khanghnguyen/Library/Developer/Xcode/DerivedData/Wishie-gavmeupfwiyxzhaiqkwzocyeeixy/Build/Products/Debug-iphoneos/PackageFrameworks -F /Users/khanghnguyen/Library/Developer/Xcode/DerivedData/Wishie-gavmeupfwiyxzhaiqkwzocyeeixy/Build/Products/Debug-iphoneos/PackageFrameworks -F /Users/khanghnguyen/Library/Developer/Xcode/DerivedData/Wishie-gavmeupfwiyxzhaiqkwzocyeeixy/Build/Products/Debug-iphoneos/PackageFrameworks -F /Users/khanghnguyen/Library/Developer/Xcode/DerivedData/Wishie-gavmeupfwiyxzhaiqkwzocyeeixy/Build/Products/Debug-iphoneos/PackageFrameworks -F /Users/khanghnguyen/Library/Developer/Xcode/DerivedData/Wishie-gavmeupfwiyxzhaiqkwzocyeeixy/Build/Products/Debug-iphoneos/PackageFrameworks -F /Users/khanghnguyen/Library/Developer/Xcode/DerivedData/Wishie-gavmeupfwiyxzhaiqkwzocyeeixy/Build/Products/Debug-iphoneos/PackageFrameworks -F /Users/khanghnguyen/Library/Developer/Xcode/DerivedData/Wishie-gavmeupfwiyxzhaiqkwzocyeeixy/Build/Products/Debug-iphoneos/PackageFrameworks -F /Users/khanghnguyen/Library/Developer/Xcode/DerivedData/Wishie-gavmeupfwiyxzhaiqkwzocyeeixy/Build/Products/Debug-iphoneos/PackageFrameworks -F /Users/khanghnguyen/Library/Developer/Xcode/DerivedData/Wishie-gavmeupfwiyxzhaiqkwzocyeeixy/Build/Products/Debug-iphoneos/PackageFrameworks -F /Users/khanghnguyen/Library/Developer/Xcode/DerivedData/Wishie-gavmeupfwiyxzhaiqkwzocyeeixy/Build/Products/Debug-iphoneos -F /Applications/Xcode.app/Contents/Developer/Platforms/iPhoneOS.platform/Developer/Library/Frameworks -F /Applications/Xcode.app/Contents/Developer/Platforms/iPhoneOS.platform/Developer/SDKs/iPhoneOS26.2.sdk/Developer/Library/Frameworks -c -j8 -enable-batch-mode -incremental -Xcc -ivfsstatcache -Xcc /Users/khanghnguyen/Library/Developer/Xcode/DerivedData/SDKStatCaches.noindex/iphoneos26.2-23C57-3794476bd08197c3e2abd9bb477ef7f7.sdkstatcache -output-file-map /Users/khanghnguyen/Library/Developer/Xcode/DerivedData/Wishie-gavmeupfwiyxzhaiqkwzocyeeixy/Build/Intermediates.noindex/Firebase.build/Debug-iphoneos/FirebaseAuth.build/Objects-normal/arm64/FirebaseAuth-OutputFileMap.json -use-frontend-parseable-output -save-temps -no-color-diagnostics -explicit-module-build -module-cache-path /Users/khanghnguyen/Library/Developer/Xcode/DerivedData/Wishie-gavmeupfwiyxzhaiqkwzocyeeixy/Build/Intermediates.noindex/SwiftExplicitPrecompiledModules -clang-scanner-module-cache-path /Users/khanghnguyen/Library/Developer/Xcode/DerivedData/ModuleCache.noindex -sdk-module-cache-path /Users/khanghnguyen/Library/Developer/Xcode/DerivedData/ModuleCache.noindex -serialize-diagnostics -emit-dependencies -emit-module -emit-module-path /Users/khanghnguyen/Library/Developer/Xcode/DerivedData/Wishie-gavmeupfwiyxzhaiqkwzocyeeixy/Build/Intermediates.noindex/Firebase.build/Debug-iphoneos/FirebaseAuth.build/Objects-normal/arm64/FirebaseAuth.swiftmodule -user-module-version 12.13.0 -validate-clang-modules-once -clang-build-session-file /Users/khanghnguyen/Library/Developer/Xcode/DerivedData/ModuleCache.noindex/Session.modulevalidation -package-name firebase_ios_sdk -Xcc -I/Users/khanghnguyen/Library/Developer/Xcode/DerivedData/Wishie-gavmeupfwiyxzhaiqkwzocyeeixy/Build/Intermediates.noindex/Firebase.build/Debug-iphoneos/FirebaseAuth.build/swift-overrides.hmap -emit-const-values -Xfrontend -const-gather-protocols-file -Xfrontend /Users/khanghnguyen/Library/Developer/Xcode/DerivedData/Wishie-gavmeupfwiyxzhaiqkwzocyeeixy/Build/Intermediates.noindex/Firebase.build/Debug-iphoneos/FirebaseAuth.build/Objects-normal/arm64/FirebaseAuth_const_extract_protocols.json -Xcc -I/Users/khanghnguyen/Library/Developer/Xcode/DerivedData/Wishie-gavmeupfwiyxzhaiqkwzocyeeixy/SourcePackages/checkouts/interop-ios-for-google-sdks/RecaptchaEnterprise/RecaptchaInterop/Public -Xcc -I/Users/khanghnguyen/Library/Developer/Xcode/DerivedData/Wishie-gavmeupfwiyxzhaiqkwzocyeeixy/SourcePackages/checkouts/GoogleUtilities/GoogleUtilities/Network/Public -Xcc -I/Users/khanghnguyen/Library/Developer/Xcode/DerivedData/Wishie-gavmeupfwiyxzhaiqkwzocyeeixy/SourcePackages/checkouts/GoogleUtilities/GoogleUtilities/Reachability/Public -Xcc -I/Users/khanghnguyen/Library/Developer/Xcode/DerivedData/Wishie-gavmeupfwiyxzhaiqkwzocyeeixy/SourcePackages/checkouts/GoogleUtilities/GoogleUtilities/NSData+zlib/Public -Xcc -I/Users/khanghnguyen/Library/Developer/Xcode/DerivedData/Wishie-gavmeupfwiyxzhaiqkwzocyeeixy/SourcePackages/checkouts/GoogleUtilities/GoogleUtilities/Logger/Public -Xcc -I/Users/khanghnguyen/Library/Developer/Xcode/DerivedData/Wishie-gavmeupfwiyxzhaiqkwzocyeeixy/SourcePackages/checkouts/GoogleUtilities/GoogleUtilities/Environment/Public -Xcc -I/Users/khanghnguyen/Library/Developer/Xcode/DerivedData/Wishie-gavmeupfwiyxzhaiqkwzocyeeixy/SourcePackages/checkouts/GoogleUtilities/third_party/IsAppEncrypted/Public -Xcc -I/Users/khanghnguyen/Library/Developer/Xcode/DerivedData/Wishie-gavmeupfwiyxzhaiqkwzocyeeixy/SourcePackages/checkouts/GoogleUtilities/GoogleUtilities/AppDelegateSwizzler/Public -Xcc -I/Users/khanghnguyen/Library/Developer/Xcode/DerivedData/Wishie-gavmeupfwiyxzhaiqkwzocyeeixy/SourcePackages/checkouts/gtm-session-fetcher/Sources/Core/Public -Xcc -I/Users/khanghnguyen/Library/Developer/Xcode/DerivedData/Wishie-gavmeupfwiyxzhaiqkwzocyeeixy/SourcePackages/checkouts/firebase-ios-sdk/FirebaseCore/Extension -Xcc -I/Users/khanghnguyen/Library/Developer/Xcode/DerivedData/Wishie-gavmeupfwiyxzhaiqkwzocyeeixy/SourcePackages/checkouts/firebase-ios-sdk/FirebaseCore/Sources/Public -Xcc -I/Users/khanghnguyen/Library/Developer/Xcode/DerivedData/Wishie-gavmeupfwiyxzhaiqkwzocyeeixy/SourcePackages/checkouts/firebase-ios-sdk/CoreOnly/Sources -Xcc -I/Users/khanghnguyen/Library/Developer/Xcode/DerivedData/Wishie-gavmeupfwiyxzhaiqkwzocyeeixy/SourcePackages/checkouts/firebase-ios-sdk/FirebaseAuth/Sources/Public -Xcc -I/Users/khanghnguyen/Library/Developer/Xcode/DerivedData/Wishie-gavmeupfwiyxzhaiqkwzocyeeixy/SourcePackages/checkouts/firebase-ios-sdk/FirebaseAuth/Interop/Public -Xcc -I/Users/khanghnguyen/Library/Developer/Xcode/DerivedData/Wishie-gavmeupfwiyxzhaiqkwzocyeeixy/SourcePackages/checkouts/firebase-ios-sdk/FirebaseAppCheck/Interop/Public -Xcc -I/Users/khanghnguyen/Library/Developer/Xcode/DerivedData/Wishie-gavmeupfwiyxzhaiqkwzocyeeixy/Build/Products/Debug-iphoneos/include -Xcc -I/Users/khanghnguyen/Library/Developer/Xcode/DerivedData/Wishie-gavmeupfwiyxzhaiqkwzocyeeixy/Build/Intermediates.noindex/Firebase.build/Debug-iphoneos/FirebaseAuth.build/DerivedSources-normal/arm64 -Xcc -I/Users/khanghnguyen/Library/Developer/Xcode/DerivedData/Wishie-gavmeupfwiyxzhaiqkwzocyeeixy/Build/Intermediates.noindex/Firebase.build/Debug-iphoneos/FirebaseAuth.build/DerivedSources/arm64 -Xcc -I/Users/khanghnguyen/Library/Developer/Xcode/DerivedData/Wishie-gavmeupfwiyxzhaiqkwzocyeeixy/Build/Intermediates.noindex/Firebase.build/Debug-iphoneos/FirebaseAuth.build/DerivedSources -Xcc -DSWIFT_PACKAGE -Xcc -DDEBUG\=1 -emit-objc-header -emit-objc-header-path /Users/khanghnguyen/Library/Developer/Xcode/DerivedData/Wishie-gavmeupfwiyxzhaiqkwzocyeeixy/Build/Intermediates.noindex/Firebase.build/Debug-iphoneos/FirebaseAuth.build/Objects-normal/arm64/FirebaseAuth-Swift.h -working-directory /Users/khanghnguyen/Downloads/Wishie/Wishie.xcodeproj -experimental-emit-module-separately -disable-cmo

PrecompileModule /Users/khanghnguyen/Library/Developer/Xcode/DerivedData/Wishie-gavmeupfwiyxzhaiqkwzocyeeixy/Build/Intermediates.noindex/ExplicitPrecompiledModules/QuartzCore-AG4T28I2OTS2FPP7WELP3ACCJ.scan
    cd /
    builtin-precompileModule /Users/khanghnguyen/Library/Developer/Xcode/DerivedData/Wishie-gavmeupfwiyxzhaiqkwzocyeeixy/Build/Intermediates.noindex/ExplicitPrecompiledModules/QuartzCore-AG4T28I2OTS2FPP7WELP3ACCJ.scan

SwiftMergeGeneratedHeaders /Users/khanghnguyen/Library/Developer/Xcode/DerivedData/Wishie-gavmeupfwiyxzhaiqkwzocyeeixy/Build/Intermediates.noindex/GeneratedModuleMaps-iphoneos/FirebaseAuth-Swift.h /Users/khanghnguyen/Library/Developer/Xcode/DerivedData/Wishie-gavmeupfwiyxzhaiqkwzocyeeixy/Build/Intermediates.noindex/Firebase.build/Debug-iphoneos/FirebaseAuth.build/Objects-normal/arm64/FirebaseAuth-Swift.h (in target 'FirebaseAuth' from project 'Firebase')
    cd /Users/khanghnguyen/Library/Developer/Xcode/DerivedData/Wishie-gavmeupfwiyxzhaiqkwzocyeeixy/SourcePackages/checkouts/firebase-ios-sdk
    builtin-swiftHeaderTool -arch arm64 /Users/khanghnguyen/Library/Developer/Xcode/DerivedData/Wishie-gavmeupfwiyxzhaiqkwzocyeeixy/Build/Intermediates.noindex/Firebase.build/Debug-iphoneos/FirebaseAuth.build/Objects-normal/arm64/FirebaseAuth-Swift.h -o /Users/khanghnguyen/Library/Developer/Xcode/DerivedData/Wishie-gavmeupfwiyxzhaiqkwzocyeeixy/Build/Intermediates.noindex/GeneratedModuleMaps-iphoneos/FirebaseAuth-Swift.h

SwiftDriverJobDiscovery normal arm64 Compiling DocumentReference+Codable.swift, DocumentReference+ReadDecodable.swift, DocumentReference+WriteEncodable.swift, DocumentSnapshot+ReadDecodable.swift, EncoderDecoder.swift, ExplicitNull.swift, FieldValue+Encodable.swift, GeoPoint+Codable.swift, ServerTimestamp.swift (in target 'FirebaseFirestore' from project 'Firebase')

Copy /Users/khanghnguyen/Library/Developer/Xcode/DerivedData/Wishie-gavmeupfwiyxzhaiqkwzocyeeixy/Build/Products/Debug-iphoneos/FirebaseAuth.swiftmodule/arm64-apple-ios.swiftmodule /Users/khanghnguyen/Library/Developer/Xcode/DerivedData/Wishie-gavmeupfwiyxzhaiqkwzocyeeixy/Build/Intermediates.noindex/Firebase.build/Debug-iphoneos/FirebaseAuth.build/Objects-normal/arm64/FirebaseAuth.swiftmodule (in target 'FirebaseAuth' from project 'Firebase')
    cd /Users/khanghnguyen/Library/Developer/Xcode/DerivedData/Wishie-gavmeupfwiyxzhaiqkwzocyeeixy/SourcePackages/checkouts/firebase-ios-sdk
    builtin-copy -exclude .DS_Store -exclude CVS -exclude .svn -exclude .git -exclude .hg -resolve-src-symlinks -rename /Users/khanghnguyen/Library/Developer/Xcode/DerivedData/Wishie-gavmeupfwiyxzhaiqkwzocyeeixy/Build/Intermediates.noindex/Firebase.build/Debug-iphoneos/FirebaseAuth.build/Objects-normal/arm64/FirebaseAuth.swiftmodule /Users/khanghnguyen/Library/Developer/Xcode/DerivedData/Wishie-gavmeupfwiyxzhaiqkwzocyeeixy/Build/Products/Debug-iphoneos/FirebaseAuth.swiftmodule/arm64-apple-ios.swiftmodule

Copy /Users/khanghnguyen/Library/Developer/Xcode/DerivedData/Wishie-gavmeupfwiyxzhaiqkwzocyeeixy/Build/Products/Debug-iphoneos/FirebaseAuth.swiftmodule/arm64-apple-ios.swiftdoc /Users/khanghnguyen/Library/Developer/Xcode/DerivedData/Wishie-gavmeupfwiyxzhaiqkwzocyeeixy/Build/Intermediates.noindex/Firebase.build/Debug-iphoneos/FirebaseAuth.build/Objects-normal/arm64/FirebaseAuth.swiftdoc (in target 'FirebaseAuth' from project 'Firebase')
    cd /Users/khanghnguyen/Library/Developer/Xcode/DerivedData/Wishie-gavmeupfwiyxzhaiqkwzocyeeixy/SourcePackages/checkouts/firebase-ios-sdk
    builtin-copy -exclude .DS_Store -exclude CVS -exclude .svn -exclude .git -exclude .hg -resolve-src-symlinks -rename /Users/khanghnguyen/Library/Developer/Xcode/DerivedData/Wishie-gavmeupfwiyxzhaiqkwzocyeeixy/Build/Intermediates.noindex/Firebase.build/Debug-iphoneos/FirebaseAuth.build/Objects-normal/arm64/FirebaseAuth.swiftdoc /Users/khanghnguyen/Library/Developer/Xcode/DerivedData/Wishie-gavmeupfwiyxzhaiqkwzocyeeixy/Build/Products/Debug-iphoneos/FirebaseAuth.swiftmodule/arm64-apple-ios.swiftdoc

Copy /Users/khanghnguyen/Library/Developer/Xcode/DerivedData/Wishie-gavmeupfwiyxzhaiqkwzocyeeixy/Build/Products/Debug-iphoneos/FirebaseAuth.swiftmodule/arm64-apple-ios.abi.json /Users/khanghnguyen/Library/Developer/Xcode/DerivedData/Wishie-gavmeupfwiyxzhaiqkwzocyeeixy/Build/Intermediates.noindex/Firebase.build/Debug-iphoneos/FirebaseAuth.build/Objects-normal/arm64/FirebaseAuth.abi.json (in target 'FirebaseAuth' from project 'Firebase')
    cd /Users/khanghnguyen/Library/Developer/Xcode/DerivedData/Wishie-gavmeupfwiyxzhaiqkwzocyeeixy/SourcePackages/checkouts/firebase-ios-sdk
    builtin-copy -exclude .DS_Store -exclude CVS -exclude .svn -exclude .git -exclude .hg -resolve-src-symlinks -rename /Users/khanghnguyen/Library/Developer/Xcode/DerivedData/Wishie-gavmeupfwiyxzhaiqkwzocyeeixy/Build/Intermediates.noindex/Firebase.build/Debug-iphoneos/FirebaseAuth.build/Objects-normal/arm64/FirebaseAuth.abi.json /Users/khanghnguyen/Library/Developer/Xcode/DerivedData/Wishie-gavmeupfwiyxzhaiqkwzocyeeixy/Build/Products/Debug-iphoneos/FirebaseAuth.swiftmodule/arm64-apple-ios.abi.json

Copy /Users/khanghnguyen/Library/Developer/Xcode/DerivedData/Wishie-gavmeupfwiyxzhaiqkwzocyeeixy/Build/Products/Debug-iphoneos/FirebaseAuth.swiftmodule/Project/arm64-apple-ios.swiftsourceinfo /Users/khanghnguyen/Library/Developer/Xcode/DerivedData/Wishie-gavmeupfwiyxzhaiqkwzocyeeixy/Build/Intermediates.noindex/Firebase.build/Debug-iphoneos/FirebaseAuth.build/Objects-normal/arm64/FirebaseAuth.swiftsourceinfo (in target 'FirebaseAuth' from project 'Firebase')
    cd /Users/khanghnguyen/Library/Developer/Xcode/DerivedData/Wishie-gavmeupfwiyxzhaiqkwzocyeeixy/SourcePackages/checkouts/firebase-ios-sdk
    builtin-copy -exclude .DS_Store -exclude CVS -exclude .svn -exclude .git -exclude .hg -resolve-src-symlinks -rename /Users/khanghnguyen/Library/Developer/Xcode/DerivedData/Wishie-gavmeupfwiyxzhaiqkwzocyeeixy/Build/Intermediates.noindex/Firebase.build/Debug-iphoneos/FirebaseAuth.build/Objects-normal/arm64/FirebaseAuth.swiftsourceinfo /Users/khanghnguyen/Library/Developer/Xcode/DerivedData/Wishie-gavmeupfwiyxzhaiqkwzocyeeixy/Build/Products/Debug-iphoneos/FirebaseAuth.swiftmodule/Project/arm64-apple-ios.swiftsourceinfo

PrecompileModule /Users/khanghnguyen/Library/Developer/Xcode/DerivedData/Wishie-gavmeupfwiyxzhaiqkwzocyeeixy/Build/Intermediates.noindex/ExplicitPrecompiledModules/CoreImage-AJ3QQ51U2QO7GYZVWNZNO3H9A.scan
    cd /
    builtin-precompileModule /Users/khanghnguyen/Library/Developer/Xcode/DerivedData/Wishie-gavmeupfwiyxzhaiqkwzocyeeixy/Build/Intermediates.noindex/ExplicitPrecompiledModules/CoreImage-AJ3QQ51U2QO7GYZVWNZNO3H9A.scan

SwiftCompile normal arm64 Compiling\ VerifyPasswordRequest.swift,\ VerifyPasswordResponse.swift,\ VerifyPhoneNumberRequest.swift,\ VerifyPhoneNumberResponse.swift,\ VerifyClientRequest.swift,\ VerifyClientResponse.swift,\ Base64URLEncodedStringExtension.swift,\ MultiFactor.swift,\ MultiFactorAssertion.swift,\ MultiFactorInfo.swift,\ MultiFactorResolver.swift,\ MultiFactorSession.swift,\ PhoneMultiFactorAssertion.swift,\ PhoneMultiFactorGenerator.swift,\ PhoneMultiFactorInfo.swift,\ TOTPMultFactorAssertion.swift,\ TOTPMultiFactorGenerator.swift /Users/khanghnguyen/Library/Developer/Xcode/DerivedData/Wishie-gavmeupfwiyxzhaiqkwzocyeeixy/SourcePackages/checkouts/firebase-ios-sdk/FirebaseAuth/Sources/Swift/Backend/RPC/VerifyPasswordRequest.swift /Users/khanghnguyen/Library/Developer/Xcode/DerivedData/Wishie-gavmeupfwiyxzhaiqkwzocyeeixy/SourcePackages/checkouts/firebase-ios-sdk/FirebaseAuth/Sources/Swift/Backend/RPC/VerifyPasswordResponse.swift /Users/khanghnguyen/Library/Developer/Xcode/DerivedData/Wishie-gavmeupfwiyxzhaiqkwzocyeeixy/SourcePackages/checkouts/firebase-ios-sdk/FirebaseAuth/Sources/Swift/Backend/RPC/VerifyPhoneNumberRequest.swift /Users/khanghnguyen/Library/Developer/Xcode/DerivedData/Wishie-gavmeupfwiyxzhaiqkwzocyeeixy/SourcePackages/checkouts/firebase-ios-sdk/FirebaseAuth/Sources/Swift/Backend/RPC/VerifyPhoneNumberResponse.swift /Users/khanghnguyen/Library/Developer/Xcode/DerivedData/Wishie-gavmeupfwiyxzhaiqkwzocyeeixy/SourcePackages/checkouts/firebase-ios-sdk/FirebaseAuth/Sources/Swift/Backend/VerifyClientRequest.swift /Users/khanghnguyen/Library/Developer/Xcode/DerivedData/Wishie-gavmeupfwiyxzhaiqkwzocyeeixy/SourcePackages/checkouts/firebase-ios-sdk/FirebaseAuth/Sources/Swift/Backend/VerifyClientResponse.swift /Users/khanghnguyen/Library/Developer/Xcode/DerivedData/Wishie-gavmeupfwiyxzhaiqkwzocyeeixy/SourcePackages/checkouts/firebase-ios-sdk/FirebaseAuth/Sources/Swift/Base64URLEncodedStringExtension.swift /Users/khanghnguyen/Library/Developer/Xcode/DerivedData/Wishie-gavmeupfwiyxzhaiqkwzocyeeixy/SourcePackages/checkouts/firebase-ios-sdk/FirebaseAuth/Sources/Swift/MultiFactor/MultiFactor.swift /Users/khanghnguyen/Library/Developer/Xcode/DerivedData/Wishie-gavmeupfwiyxzhaiqkwzocyeeixy/SourcePackages/checkouts/firebase-ios-sdk/FirebaseAuth/Sources/Swift/MultiFactor/MultiFactorAssertion.swift /Users/khanghnguyen/Library/Developer/Xcode/DerivedData/Wishie-gavmeupfwiyxzhaiqkwzocyeeixy/SourcePackages/checkouts/firebase-ios-sdk/FirebaseAuth/Sources/Swift/MultiFactor/MultiFactorInfo.swift /Users/khanghnguyen/Library/Developer/Xcode/DerivedData/Wishie-gavmeupfwiyxzhaiqkwzocyeeixy/SourcePackages/checkouts/firebase-ios-sdk/FirebaseAuth/Sources/Swift/MultiFactor/MultiFactorResolver.swift /Users/khanghnguyen/Library/Developer/Xcode/DerivedData/Wishie-gavmeupfwiyxzhaiqkwzocyeeixy/SourcePackages/checkouts/firebase-ios-sdk/FirebaseAuth/Sources/Swift/MultiFactor/MultiFactorSession.swift /Users/khanghnguyen/Library/Developer/Xcode/DerivedData/Wishie-gavmeupfwiyxzhaiqkwzocyeeixy/SourcePackages/checkouts/firebase-ios-sdk/FirebaseAuth/Sources/Swift/MultiFactor/Phone/PhoneMultiFactorAssertion.swift /Users/khanghnguyen/Library/Developer/Xcode/DerivedData/Wishie-gavmeupfwiyxzhaiqkwzocyeeixy/SourcePackages/checkouts/firebase-ios-sdk/FirebaseAuth/Sources/Swift/MultiFactor/Phone/PhoneMultiFactorGenerator.swift /Users/khanghnguyen/Library/Developer/Xcode/DerivedData/Wishie-gavmeupfwiyxzhaiqkwzocyeeixy/SourcePackages/checkouts/firebase-ios-sdk/FirebaseAuth/Sources/Swift/MultiFactor/Phone/PhoneMultiFactorInfo.swift /Users/khanghnguyen/Library/Developer/Xcode/DerivedData/Wishie-gavmeupfwiyxzhaiqkwzocyeeixy/SourcePackages/checkouts/firebase-ios-sdk/FirebaseAuth/Sources/Swift/MultiFactor/TOTP/TOTPMultFactorAssertion.swift /Users/khanghnguyen/Library/Developer/Xcode/DerivedData/Wishie-gavmeupfwiyxzhaiqkwzocyeeixy/SourcePackages/checkouts/firebase-ios-sdk/FirebaseAuth/Sources/Swift/MultiFactor/TOTP/TOTPMultiFactorGenerator.swift (in target 'FirebaseAuth' from project 'Firebase')

SwiftCompile normal arm64 /Users/khanghnguyen/Library/Developer/Xcode/DerivedData/Wishie-gavmeupfwiyxzhaiqkwzocyeeixy/SourcePackages/checkouts/firebase-ios-sdk/FirebaseAuth/Sources/Swift/Backend/RPC/VerifyPasswordRequest.swift (in target 'FirebaseAuth' from project 'Firebase')
    cd /Users/khanghnguyen/Downloads/Wishie/Wishie.xcodeproj
    

SwiftCompile normal arm64 /Users/khanghnguyen/Library/Developer/Xcode/DerivedData/Wishie-gavmeupfwiyxzhaiqkwzocyeeixy/SourcePackages/checkouts/firebase-ios-sdk/FirebaseAuth/Sources/Swift/Backend/RPC/VerifyPasswordResponse.swift (in target 'FirebaseAuth' from project 'Firebase')
    cd /Users/khanghnguyen/Downloads/Wishie/Wishie.xcodeproj
    

SwiftCompile normal arm64 /Users/khanghnguyen/Library/Developer/Xcode/DerivedData/Wishie-gavmeupfwiyxzhaiqkwzocyeeixy/SourcePackages/checkouts/firebase-ios-sdk/FirebaseAuth/Sources/Swift/Backend/RPC/VerifyPhoneNumberRequest.swift (in target 'FirebaseAuth' from project 'Firebase')
    cd /Users/khanghnguyen/Downloads/Wishie/Wishie.xcodeproj
    

SwiftCompile normal arm64 /Users/khanghnguyen/Library/Developer/Xcode/DerivedData/Wishie-gavmeupfwiyxzhaiqkwzocyeeixy/SourcePackages/checkouts/firebase-ios-sdk/FirebaseAuth/Sources/Swift/Backend/RPC/VerifyPhoneNumberResponse.swift (in target 'FirebaseAuth' from project 'Firebase')
    cd /Users/khanghnguyen/Downloads/Wishie/Wishie.xcodeproj
    

SwiftCompile normal arm64 /Users/khanghnguyen/Library/Developer/Xcode/DerivedData/Wishie-gavmeupfwiyxzhaiqkwzocyeeixy/SourcePackages/checkouts/firebase-ios-sdk/FirebaseAuth/Sources/Swift/Backend/VerifyClientRequest.swift (in target 'FirebaseAuth' from project 'Firebase')
    cd /Users/khanghnguyen/Downloads/Wishie/Wishie.xcodeproj
    

SwiftCompile normal arm64 /Users/khanghnguyen/Library/Developer/Xcode/DerivedData/Wishie-gavmeupfwiyxzhaiqkwzocyeeixy/SourcePackages/checkouts/firebase-ios-sdk/FirebaseAuth/Sources/Swift/Backend/VerifyClientResponse.swift (in target 'FirebaseAuth' from project 'Firebase')
    cd /Users/khanghnguyen/Downloads/Wishie/Wishie.xcodeproj
    

SwiftCompile normal arm64 /Users/khanghnguyen/Library/Developer/Xcode/DerivedData/Wishie-gavmeupfwiyxzhaiqkwzocyeeixy/SourcePackages/checkouts/firebase-ios-sdk/FirebaseAuth/Sources/Swift/Base64URLEncodedStringExtension.swift (in target 'FirebaseAuth' from project 'Firebase')
    cd /Users/khanghnguyen/Downloads/Wishie/Wishie.xcodeproj
    

SwiftCompile normal arm64 /Users/khanghnguyen/Library/Developer/Xcode/DerivedData/Wishie-gavmeupfwiyxzhaiqkwzocyeeixy/SourcePackages/checkouts/firebase-ios-sdk/FirebaseAuth/Sources/Swift/MultiFactor/MultiFactor.swift (in target 'FirebaseAuth' from project 'Firebase')
    cd /Users/khanghnguyen/Downloads/Wishie/Wishie.xcodeproj
    

SwiftCompile normal arm64 /Users/khanghnguyen/Library/Developer/Xcode/DerivedData/Wishie-gavmeupfwiyxzhaiqkwzocyeeixy/SourcePackages/checkouts/firebase-ios-sdk/FirebaseAuth/Sources/Swift/MultiFactor/MultiFactorAssertion.swift (in target 'FirebaseAuth' from project 'Firebase')
    cd /Users/khanghnguyen/Downloads/Wishie/Wishie.xcodeproj
    

SwiftCompile normal arm64 /Users/khanghnguyen/Library/Developer/Xcode/DerivedData/Wishie-gavmeupfwiyxzhaiqkwzocyeeixy/SourcePackages/checkouts/firebase-ios-sdk/FirebaseAuth/Sources/Swift/MultiFactor/MultiFactorInfo.swift (in target 'FirebaseAuth' from project 'Firebase')
    cd /Users/khanghnguyen/Downloads/Wishie/Wishie.xcodeproj
    

SwiftCompile normal arm64 /Users/khanghnguyen/Library/Developer/Xcode/DerivedData/Wishie-gavmeupfwiyxzhaiqkwzocyeeixy/SourcePackages/checkouts/firebase-ios-sdk/FirebaseAuth/Sources/Swift/MultiFactor/MultiFactorResolver.swift (in target 'FirebaseAuth' from project 'Firebase')
    cd /Users/khanghnguyen/Downloads/Wishie/Wishie.xcodeproj
    

SwiftCompile normal arm64 /Users/khanghnguyen/Library/Developer/Xcode/DerivedData/Wishie-gavmeupfwiyxzhaiqkwzocyeeixy/SourcePackages/checkouts/firebase-ios-sdk/FirebaseAuth/Sources/Swift/MultiFactor/MultiFactorSession.swift (in target 'FirebaseAuth' from project 'Firebase')
    cd /Users/khanghnguyen/Downloads/Wishie/Wishie.xcodeproj
    

SwiftCompile normal arm64 /Users/khanghnguyen/Library/Developer/Xcode/DerivedData/Wishie-gavmeupfwiyxzhaiqkwzocyeeixy/SourcePackages/checkouts/firebase-ios-sdk/FirebaseAuth/Sources/Swift/MultiFactor/Phone/PhoneMultiFactorAssertion.swift (in target 'FirebaseAuth' from project 'Firebase')
    cd /Users/khanghnguyen/Downloads/Wishie/Wishie.xcodeproj
    

SwiftCompile normal arm64 /Users/khanghnguyen/Library/Developer/Xcode/DerivedData/Wishie-gavmeupfwiyxzhaiqkwzocyeeixy/SourcePackages/checkouts/firebase-ios-sdk/FirebaseAuth/Sources/Swift/MultiFactor/Phone/PhoneMultiFactorGenerator.swift (in target 'FirebaseAuth' from project 'Firebase')
    cd /Users/khanghnguyen/Downloads/Wishie/Wishie.xcodeproj
    

SwiftCompile normal arm64 /Users/khanghnguyen/Library/Developer/Xcode/DerivedData/Wishie-gavmeupfwiyxzhaiqkwzocyeeixy/SourcePackages/checkouts/firebase-ios-sdk/FirebaseAuth/Sources/Swift/MultiFactor/Phone/PhoneMultiFactorInfo.swift (in target 'FirebaseAuth' from project 'Firebase')
    cd /Users/khanghnguyen/Downloads/Wishie/Wishie.xcodeproj
    

SwiftCompile normal arm64 /Users/khanghnguyen/Library/Developer/Xcode/DerivedData/Wishie-gavmeupfwiyxzhaiqkwzocyeeixy/SourcePackages/checkouts/firebase-ios-sdk/FirebaseAuth/Sources/Swift/MultiFactor/TOTP/TOTPMultFactorAssertion.swift (in target 'FirebaseAuth' from project 'Firebase')
    cd /Users/khanghnguyen/Downloads/Wishie/Wishie.xcodeproj
    

SwiftCompile normal arm64 /Users/khanghnguyen/Library/Developer/Xcode/DerivedData/Wishie-gavmeupfwiyxzhaiqkwzocyeeixy/SourcePackages/checkouts/firebase-ios-sdk/FirebaseAuth/Sources/Swift/MultiFactor/TOTP/TOTPMultiFactorGenerator.swift (in target 'FirebaseAuth' from project 'Firebase')
    cd /Users/khanghnguyen/Downloads/Wishie/Wishie.xcodeproj
    

SwiftDriverJobDiscovery normal arm64 Compiling Timestamp+Codable.swift, TimestampDecodingStrategy.swift, TimestampEncodingStrategy.swift, Transaction+WriteEncodable.swift, VectorValue+Codable.swift, WriteBatch+WriteEncodable.swift, ExpressionImplementation.swift, PipelineHelper.swift, PipelineResultChange.swift (in target 'FirebaseFirestore' from project 'Firebase')

SwiftCompile normal arm64 Compiling\ ResetPasswordResponse.swift,\ RevokeTokenRequest.swift,\ RevokeTokenResponse.swift,\ SecureTokenRequest.swift,\ SecureTokenResponse.swift,\ SendVerificationTokenRequest.swift,\ SendVerificationTokenResponse.swift,\ SetAccountInfoRequest.swift,\ SetAccountInfoResponse.swift,\ SignInWithGameCenterRequest.swift,\ SignInWithGameCenterResponse.swift,\ SignUpNewUserRequest.swift,\ SignUpNewUserResponse.swift,\ VerifyAssertionRequest.swift,\ VerifyAssertionResponse.swift,\ VerifyCustomTokenRequest.swift,\ VerifyCustomTokenResponse.swift /Users/khanghnguyen/Library/Developer/Xcode/DerivedData/Wishie-gavmeupfwiyxzhaiqkwzocyeeixy/SourcePackages/checkouts/firebase-ios-sdk/FirebaseAuth/Sources/Swift/Backend/RPC/ResetPasswordResponse.swift /Users/khanghnguyen/Library/Developer/Xcode/DerivedData/Wishie-gavmeupfwiyxzhaiqkwzocyeeixy/SourcePackages/checkouts/firebase-ios-sdk/FirebaseAuth/Sources/Swift/Backend/RPC/RevokeTokenRequest.swift /Users/khanghnguyen/Library/Developer/Xcode/DerivedData/Wishie-gavmeupfwiyxzhaiqkwzocyeeixy/SourcePackages/checkouts/firebase-ios-sdk/FirebaseAuth/Sources/Swift/Backend/RPC/RevokeTokenResponse.swift /Users/khanghnguyen/Library/Developer/Xcode/DerivedData/Wishie-gavmeupfwiyxzhaiqkwzocyeeixy/SourcePackages/checkouts/firebase-ios-sdk/FirebaseAuth/Sources/Swift/Backend/RPC/SecureTokenRequest.swift /Users/khanghnguyen/Library/Developer/Xcode/DerivedData/Wishie-gavmeupfwiyxzhaiqkwzocyeeixy/SourcePackages/checkouts/firebase-ios-sdk/FirebaseAuth/Sources/Swift/Backend/RPC/SecureTokenResponse.swift /Users/khanghnguyen/Library/Developer/Xcode/DerivedData/Wishie-gavmeupfwiyxzhaiqkwzocyeeixy/SourcePackages/checkouts/firebase-ios-sdk/FirebaseAuth/Sources/Swift/Backend/RPC/SendVerificationTokenRequest.swift /Users/khanghnguyen/Library/Developer/Xcode/DerivedData/Wishie-gavmeupfwiyxzhaiqkwzocyeeixy/SourcePackages/checkouts/firebase-ios-sdk/FirebaseAuth/Sources/Swift/Backend/RPC/SendVerificationTokenResponse.swift /Users/khanghnguyen/Library/Developer/Xcode/DerivedData/Wishie-gavmeupfwiyxzhaiqkwzocyeeixy/SourcePackages/checkouts/firebase-ios-sdk/FirebaseAuth/Sources/Swift/Backend/RPC/SetAccountInfoRequest.swift /Users/khanghnguyen/Library/Developer/Xcode/DerivedData/Wishie-gavmeupfwiyxzhaiqkwzocyeeixy/SourcePackages/checkouts/firebase-ios-sdk/FirebaseAuth/Sources/Swift/Backend/RPC/SetAccountInfoResponse.swift /Users/khanghnguyen/Library/Developer/Xcode/DerivedData/Wishie-gavmeupfwiyxzhaiqkwzocyeeixy/SourcePackages/checkouts/firebase-ios-sdk/FirebaseAuth/Sources/Swift/Backend/RPC/SignInWithGameCenterRequest.swift /Users/khanghnguyen/Library/Developer/Xcode/DerivedData/Wishie-gavmeupfwiyxzhaiqkwzocyeeixy/SourcePackages/checkouts/firebase-ios-sdk/FirebaseAuth/Sources/Swift/Backend/RPC/SignInWithGameCenterResponse.swift /Users/khanghnguyen/Library/Developer/Xcode/DerivedData/Wishie-gavmeupfwiyxzhaiqkwzocyeeixy/SourcePackages/checkouts/firebase-ios-sdk/FirebaseAuth/Sources/Swift/Backend/RPC/SignUpNewUserRequest.swift /Users/khanghnguyen/Library/Developer/Xcode/DerivedData/Wishie-gavmeupfwiyxzhaiqkwzocyeeixy/SourcePackages/checkouts/firebase-ios-sdk/FirebaseAuth/Sources/Swift/Backend/RPC/SignUpNewUserResponse.swift /Users/khanghnguyen/Library/Developer/Xcode/DerivedData/Wishie-gavmeupfwiyxzhaiqkwzocyeeixy/SourcePackages/checkouts/firebase-ios-sdk/FirebaseAuth/Sources/Swift/Backend/RPC/VerifyAssertionRequest.swift /Users/khanghnguyen/Library/Developer/Xcode/DerivedData/Wishie-gavmeupfwiyxzhaiqkwzocyeeixy/SourcePackages/checkouts/firebase-ios-sdk/FirebaseAuth/Sources/Swift/Backend/RPC/VerifyAssertionResponse.swift /Users/khanghnguyen/Library/Developer/Xcode/DerivedData/Wishie-gavmeupfwiyxzhaiqkwzocyeeixy/SourcePackages/checkouts/firebase-ios-sdk/FirebaseAuth/Sources/Swift/Backend/RPC/VerifyCustomTokenRequest.swift /Users/khanghnguyen/Library/Developer/Xcode/DerivedData/Wishie-gavmeupfwiyxzhaiqkwzocyeeixy/SourcePackages/checkouts/firebase-ios-sdk/FirebaseAuth/Sources/Swift/Backend/RPC/VerifyCustomTokenResponse.swift (in target 'FirebaseAuth' from project 'Firebase')

SwiftCompile normal arm64 /Users/khanghnguyen/Library/Developer/Xcode/DerivedData/Wishie-gavmeupfwiyxzhaiqkwzocyeeixy/SourcePackages/checkouts/firebase-ios-sdk/FirebaseAuth/Sources/Swift/Backend/RPC/ResetPasswordResponse.swift (in target 'FirebaseAuth' from project 'Firebase')
    cd /Users/khanghnguyen/Downloads/Wishie/Wishie.xcodeproj
    

SwiftCompile normal arm64 /Users/khanghnguyen/Library/Developer/Xcode/DerivedData/Wishie-gavmeupfwiyxzhaiqkwzocyeeixy/SourcePackages/checkouts/firebase-ios-sdk/FirebaseAuth/Sources/Swift/Backend/RPC/RevokeTokenRequest.swift (in target 'FirebaseAuth' from project 'Firebase')
    cd /Users/khanghnguyen/Downloads/Wishie/Wishie.xcodeproj
    

SwiftCompile normal arm64 /Users/khanghnguyen/Library/Developer/Xcode/DerivedData/Wishie-gavmeupfwiyxzhaiqkwzocyeeixy/SourcePackages/checkouts/firebase-ios-sdk/FirebaseAuth/Sources/Swift/Backend/RPC/RevokeTokenResponse.swift (in target 'FirebaseAuth' from project 'Firebase')
    cd /Users/khanghnguyen/Downloads/Wishie/Wishie.xcodeproj
    

SwiftCompile normal arm64 /Users/khanghnguyen/Library/Developer/Xcode/DerivedData/Wishie-gavmeupfwiyxzhaiqkwzocyeeixy/SourcePackages/checkouts/firebase-ios-sdk/FirebaseAuth/Sources/Swift/Backend/RPC/SecureTokenRequest.swift (in target 'FirebaseAuth' from project 'Firebase')
    cd /Users/khanghnguyen/Downloads/Wishie/Wishie.xcodeproj
    

SwiftCompile normal arm64 /Users/khanghnguyen/Library/Developer/Xcode/DerivedData/Wishie-gavmeupfwiyxzhaiqkwzocyeeixy/SourcePackages/checkouts/firebase-ios-sdk/FirebaseAuth/Sources/Swift/Backend/RPC/SecureTokenResponse.swift (in target 'FirebaseAuth' from project 'Firebase')
    cd /Users/khanghnguyen/Downloads/Wishie/Wishie.xcodeproj
    

SwiftCompile normal arm64 /Users/khanghnguyen/Library/Developer/Xcode/DerivedData/Wishie-gavmeupfwiyxzhaiqkwzocyeeixy/SourcePackages/checkouts/firebase-ios-sdk/FirebaseAuth/Sources/Swift/Backend/RPC/SendVerificationTokenRequest.swift (in target 'FirebaseAuth' from project 'Firebase')
    cd /Users/khanghnguyen/Downloads/Wishie/Wishie.xcodeproj
    

SwiftCompile normal arm64 /Users/khanghnguyen/Library/Developer/Xcode/DerivedData/Wishie-gavmeupfwiyxzhaiqkwzocyeeixy/SourcePackages/checkouts/firebase-ios-sdk/FirebaseAuth/Sources/Swift/Backend/RPC/SendVerificationTokenResponse.swift (in target 'FirebaseAuth' from project 'Firebase')
    cd /Users/khanghnguyen/Downloads/Wishie/Wishie.xcodeproj
    

SwiftCompile normal arm64 /Users/khanghnguyen/Library/Developer/Xcode/DerivedData/Wishie-gavmeupfwiyxzhaiqkwzocyeeixy/SourcePackages/checkouts/firebase-ios-sdk/FirebaseAuth/Sources/Swift/Backend/RPC/SetAccountInfoRequest.swift (in target 'FirebaseAuth' from project 'Firebase')
    cd /Users/khanghnguyen/Downloads/Wishie/Wishie.xcodeproj
    

SwiftCompile normal arm64 /Users/khanghnguyen/Library/Developer/Xcode/DerivedData/Wishie-gavmeupfwiyxzhaiqkwzocyeeixy/SourcePackages/checkouts/firebase-ios-sdk/FirebaseAuth/Sources/Swift/Backend/RPC/SetAccountInfoResponse.swift (in target 'FirebaseAuth' from project 'Firebase')
    cd /Users/khanghnguyen/Downloads/Wishie/Wishie.xcodeproj
    

SwiftCompile normal arm64 /Users/khanghnguyen/Library/Developer/Xcode/DerivedData/Wishie-gavmeupfwiyxzhaiqkwzocyeeixy/SourcePackages/checkouts/firebase-ios-sdk/FirebaseAuth/Sources/Swift/Backend/RPC/SignInWithGameCenterRequest.swift (in target 'FirebaseAuth' from project 'Firebase')
    cd /Users/khanghnguyen/Downloads/Wishie/Wishie.xcodeproj
    

SwiftCompile normal arm64 /Users/khanghnguyen/Library/Developer/Xcode/DerivedData/Wishie-gavmeupfwiyxzhaiqkwzocyeeixy/SourcePackages/checkouts/firebase-ios-sdk/FirebaseAuth/Sources/Swift/Backend/RPC/SignInWithGameCenterResponse.swift (in target 'FirebaseAuth' from project 'Firebase')
    cd /Users/khanghnguyen/Downloads/Wishie/Wishie.xcodeproj
    

SwiftCompile normal arm64 /Users/khanghnguyen/Library/Developer/Xcode/DerivedData/Wishie-gavmeupfwiyxzhaiqkwzocyeeixy/SourcePackages/checkouts/firebase-ios-sdk/FirebaseAuth/Sources/Swift/Backend/RPC/SignUpNewUserRequest.swift (in target 'FirebaseAuth' from project 'Firebase')
    cd /Users/khanghnguyen/Downloads/Wishie/Wishie.xcodeproj
    

SwiftCompile normal arm64 /Users/khanghnguyen/Library/Developer/Xcode/DerivedData/Wishie-gavmeupfwiyxzhaiqkwzocyeeixy/SourcePackages/checkouts/firebase-ios-sdk/FirebaseAuth/Sources/Swift/Backend/RPC/SignUpNewUserResponse.swift (in target 'FirebaseAuth' from project 'Firebase')
    cd /Users/khanghnguyen/Downloads/Wishie/Wishie.xcodeproj
    

SwiftCompile normal arm64 /Users/khanghnguyen/Library/Developer/Xcode/DerivedData/Wishie-gavmeupfwiyxzhaiqkwzocyeeixy/SourcePackages/checkouts/firebase-ios-sdk/FirebaseAuth/Sources/Swift/Backend/RPC/VerifyAssertionRequest.swift (in target 'FirebaseAuth' from project 'Firebase')
    cd /Users/khanghnguyen/Downloads/Wishie/Wishie.xcodeproj
    

SwiftCompile normal arm64 /Users/khanghnguyen/Library/Developer/Xcode/DerivedData/Wishie-gavmeupfwiyxzhaiqkwzocyeeixy/SourcePackages/checkouts/firebase-ios-sdk/FirebaseAuth/Sources/Swift/Backend/RPC/VerifyAssertionResponse.swift (in target 'FirebaseAuth' from project 'Firebase')
    cd /Users/khanghnguyen/Downloads/Wishie/Wishie.xcodeproj
    

SwiftCompile normal arm64 /Users/khanghnguyen/Library/Developer/Xcode/DerivedData/Wishie-gavmeupfwiyxzhaiqkwzocyeeixy/SourcePackages/checkouts/firebase-ios-sdk/FirebaseAuth/Sources/Swift/Backend/RPC/VerifyCustomTokenRequest.swift (in target 'FirebaseAuth' from project 'Firebase')
    cd /Users/khanghnguyen/Downloads/Wishie/Wishie.xcodeproj
    

SwiftCompile normal arm64 /Users/khanghnguyen/Library/Developer/Xcode/DerivedData/Wishie-gavmeupfwiyxzhaiqkwzocyeeixy/SourcePackages/checkouts/firebase-ios-sdk/FirebaseAuth/Sources/Swift/Backend/RPC/VerifyCustomTokenResponse.swift (in target 'FirebaseAuth' from project 'Firebase')
    cd /Users/khanghnguyen/Downloads/Wishie/Wishie.xcodeproj
    

SwiftCompile normal arm64 Compiling\ FinalizeMFASignInResponse.swift,\ StartMFASignInRequest.swift,\ StartMFASignInResponse.swift,\ WithdrawMFARequest.swift,\ WithdrawMFAResponse.swift,\ AuthProto.swift,\ AuthProtoMFAEnrollment.swift,\ AuthProtoFinalizeMFAPhoneRequestInfo.swift,\ AuthProtoFinalizeMFAPhoneResponseInfo.swift,\ AuthProtoStartMFAPhoneRequestInfo.swift,\ AuthProtoStartMFAPhoneResponseInfo.swift,\ AuthProtoFinalizeMFATOTPEnrollmentRequestInfo.swift,\ AuthProtoFinalizeMFATOTPEnrollmentResponseInfo.swift,\ AuthProtoFinalizeMFATOTPSignInRequestInfo.swift,\ AuthProtoStartMFATOTPEnrollmentRequestInfo.swift,\ AuthProtoStartMFATOTPEnrollmentResponseInfo.swift,\ ResetPasswordRequest.swift /Users/khanghnguyen/Library/Developer/Xcode/DerivedData/Wishie-gavmeupfwiyxzhaiqkwzocyeeixy/SourcePackages/checkouts/firebase-ios-sdk/FirebaseAuth/Sources/Swift/Backend/RPC/MultiFactor/SignIn/FinalizeMFASignInResponse.swift /Users/khanghnguyen/Library/Developer/Xcode/DerivedData/Wishie-gavmeupfwiyxzhaiqkwzocyeeixy/SourcePackages/checkouts/firebase-ios-sdk/FirebaseAuth/Sources/Swift/Backend/RPC/MultiFactor/SignIn/StartMFASignInRequest.swift /Users/khanghnguyen/Library/Developer/Xcode/DerivedData/Wishie-gavmeupfwiyxzhaiqkwzocyeeixy/SourcePackages/checkouts/firebase-ios-sdk/FirebaseAuth/Sources/Swift/Backend/RPC/MultiFactor/SignIn/StartMFASignInResponse.swift /Users/khanghnguyen/Library/Developer/Xcode/DerivedData/Wishie-gavmeupfwiyxzhaiqkwzocyeeixy/SourcePackages/checkouts/firebase-ios-sdk/FirebaseAuth/Sources/Swift/Backend/RPC/MultiFactor/Unenroll/WithdrawMFARequest.swift /Users/khanghnguyen/Library/Developer/Xcode/DerivedData/Wishie-gavmeupfwiyxzhaiqkwzocyeeixy/SourcePackages/checkouts/firebase-ios-sdk/FirebaseAuth/Sources/Swift/Backend/RPC/MultiFactor/Unenroll/WithdrawMFAResponse.swift /Users/khanghnguyen/Library/Developer/Xcode/DerivedData/Wishie-gavmeupfwiyxzhaiqkwzocyeeixy/SourcePackages/checkouts/firebase-ios-sdk/FirebaseAuth/Sources/Swift/Backend/RPC/Proto/AuthProto.swift /Users/khanghnguyen/Library/Developer/Xcode/DerivedData/Wishie-gavmeupfwiyxzhaiqkwzocyeeixy/SourcePackages/checkouts/firebase-ios-sdk/FirebaseAuth/Sources/Swift/Backend/RPC/Proto/AuthProtoMFAEnrollment.swift /Users/khanghnguyen/Library/Developer/Xcode/DerivedData/Wishie-gavmeupfwiyxzhaiqkwzocyeeixy/SourcePackages/checkouts/firebase-ios-sdk/FirebaseAuth/Sources/Swift/Backend/RPC/Proto/Phone/AuthProtoFinalizeMFAPhoneRequestInfo.swift /Users/khanghnguyen/Library/Developer/Xcode/DerivedData/Wishie-gavmeupfwiyxzhaiqkwzocyeeixy/SourcePackages/checkouts/firebase-ios-sdk/FirebaseAuth/Sources/Swift/Backend/RPC/Proto/Phone/AuthProtoFinalizeMFAPhoneResponseInfo.swift /Users/khanghnguyen/Library/Developer/Xcode/DerivedData/Wishie-gavmeupfwiyxzhaiqkwzocyeeixy/SourcePackages/checkouts/firebase-ios-sdk/FirebaseAuth/Sources/Swift/Backend/RPC/Proto/Phone/AuthProtoStartMFAPhoneRequestInfo.swift /Users/khanghnguyen/Library/Developer/Xcode/DerivedData/Wishie-gavmeupfwiyxzhaiqkwzocyeeixy/SourcePackages/checkouts/firebase-ios-sdk/FirebaseAuth/Sources/Swift/Backend/RPC/Proto/Phone/AuthProtoStartMFAPhoneResponseInfo.swift /Users/khanghnguyen/Library/Developer/Xcode/DerivedData/Wishie-gavmeupfwiyxzhaiqkwzocyeeixy/SourcePackages/checkouts/firebase-ios-sdk/FirebaseAuth/Sources/Swift/Backend/RPC/Proto/TOTP/AuthProtoFinalizeMFATOTPEnrollmentRequestInfo.swift /Users/khanghnguyen/Library/Developer/Xcode/DerivedData/Wishie-gavmeupfwiyxzhaiqkwzocyeeixy/SourcePackages/checkouts/firebase-ios-sdk/FirebaseAuth/Sources/Swift/Backend/RPC/Proto/TOTP/AuthProtoFinalizeMFATOTPEnrollmentResponseInfo.swift /Users/khanghnguyen/Library/Developer/Xcode/DerivedData/Wishie-gavmeupfwiyxzhaiqkwzocyeeixy/SourcePackages/checkouts/firebase-ios-sdk/FirebaseAuth/Sources/Swift/Backend/RPC/Proto/TOTP/AuthProtoFinalizeMFATOTPSignInRequestInfo.swift /Users/khanghnguyen/Library/Developer/Xcode/DerivedData/Wishie-gavmeupfwiyxzhaiqkwzocyeeixy/SourcePackages/checkouts/firebase-ios-sdk/FirebaseAuth/Sources/Swift/Backend/RPC/Proto/TOTP/AuthProtoStartMFATOTPEnrollmentRequestInfo.swift /Users/khanghnguyen/Library/Developer/Xcode/DerivedData/Wishie-gavmeupfwiyxzhaiqkwzocyeeixy/SourcePackages/checkouts/firebase-ios-sdk/FirebaseAuth/Sources/Swift/Backend/RPC/Proto/TOTP/AuthProtoStartMFATOTPEnrollmentResponseInfo.swift /Users/khanghnguyen/Library/Developer/Xcode/DerivedData/Wishie-gavmeupfwiyxzhaiqkwzocyeeixy/SourcePackages/checkouts/firebase-ios-sdk/FirebaseAuth/Sources/Swift/Backend/RPC/ResetPasswordRequest.swift (in target 'FirebaseAuth' from project 'Firebase')

SwiftCompile normal arm64 /Users/khanghnguyen/Library/Developer/Xcode/DerivedData/Wishie-gavmeupfwiyxzhaiqkwzocyeeixy/SourcePackages/checkouts/firebase-ios-sdk/FirebaseAuth/Sources/Swift/Backend/RPC/MultiFactor/SignIn/FinalizeMFASignInResponse.swift (in target 'FirebaseAuth' from project 'Firebase')
    cd /Users/khanghnguyen/Downloads/Wishie/Wishie.xcodeproj
    

SwiftCompile normal arm64 /Users/khanghnguyen/Library/Developer/Xcode/DerivedData/Wishie-gavmeupfwiyxzhaiqkwzocyeeixy/SourcePackages/checkouts/firebase-ios-sdk/FirebaseAuth/Sources/Swift/Backend/RPC/MultiFactor/SignIn/StartMFASignInRequest.swift (in target 'FirebaseAuth' from project 'Firebase')
    cd /Users/khanghnguyen/Downloads/Wishie/Wishie.xcodeproj
    

SwiftCompile normal arm64 /Users/khanghnguyen/Library/Developer/Xcode/DerivedData/Wishie-gavmeupfwiyxzhaiqkwzocyeeixy/SourcePackages/checkouts/firebase-ios-sdk/FirebaseAuth/Sources/Swift/Backend/RPC/MultiFactor/SignIn/StartMFASignInResponse.swift (in target 'FirebaseAuth' from project 'Firebase')
    cd /Users/khanghnguyen/Downloads/Wishie/Wishie.xcodeproj
    

SwiftCompile normal arm64 /Users/khanghnguyen/Library/Developer/Xcode/DerivedData/Wishie-gavmeupfwiyxzhaiqkwzocyeeixy/SourcePackages/checkouts/firebase-ios-sdk/FirebaseAuth/Sources/Swift/Backend/RPC/MultiFactor/Unenroll/WithdrawMFARequest.swift (in target 'FirebaseAuth' from project 'Firebase')
    cd /Users/khanghnguyen/Downloads/Wishie/Wishie.xcodeproj
    

SwiftCompile normal arm64 /Users/khanghnguyen/Library/Developer/Xcode/DerivedData/Wishie-gavmeupfwiyxzhaiqkwzocyeeixy/SourcePackages/checkouts/firebase-ios-sdk/FirebaseAuth/Sources/Swift/Backend/RPC/MultiFactor/Unenroll/WithdrawMFAResponse.swift (in target 'FirebaseAuth' from project 'Firebase')
    cd /Users/khanghnguyen/Downloads/Wishie/Wishie.xcodeproj
    

SwiftCompile normal arm64 /Users/khanghnguyen/Library/Developer/Xcode/DerivedData/Wishie-gavmeupfwiyxzhaiqkwzocyeeixy/SourcePackages/checkouts/firebase-ios-sdk/FirebaseAuth/Sources/Swift/Backend/RPC/Proto/AuthProto.swift (in target 'FirebaseAuth' from project 'Firebase')
    cd /Users/khanghnguyen/Downloads/Wishie/Wishie.xcodeproj
    

SwiftCompile normal arm64 /Users/khanghnguyen/Library/Developer/Xcode/DerivedData/Wishie-gavmeupfwiyxzhaiqkwzocyeeixy/SourcePackages/checkouts/firebase-ios-sdk/FirebaseAuth/Sources/Swift/Backend/RPC/Proto/AuthProtoMFAEnrollment.swift (in target 'FirebaseAuth' from project 'Firebase')
    cd /Users/khanghnguyen/Downloads/Wishie/Wishie.xcodeproj
    

SwiftCompile normal arm64 /Users/khanghnguyen/Library/Developer/Xcode/DerivedData/Wishie-gavmeupfwiyxzhaiqkwzocyeeixy/SourcePackages/checkouts/firebase-ios-sdk/FirebaseAuth/Sources/Swift/Backend/RPC/Proto/Phone/AuthProtoFinalizeMFAPhoneRequestInfo.swift (in target 'FirebaseAuth' from project 'Firebase')
    cd /Users/khanghnguyen/Downloads/Wishie/Wishie.xcodeproj
    

SwiftCompile normal arm64 /Users/khanghnguyen/Library/Developer/Xcode/DerivedData/Wishie-gavmeupfwiyxzhaiqkwzocyeeixy/SourcePackages/checkouts/firebase-ios-sdk/FirebaseAuth/Sources/Swift/Backend/RPC/Proto/Phone/AuthProtoFinalizeMFAPhoneResponseInfo.swift (in target 'FirebaseAuth' from project 'Firebase')
    cd /Users/khanghnguyen/Downloads/Wishie/Wishie.xcodeproj
    

SwiftCompile normal arm64 /Users/khanghnguyen/Library/Developer/Xcode/DerivedData/Wishie-gavmeupfwiyxzhaiqkwzocyeeixy/SourcePackages/checkouts/firebase-ios-sdk/FirebaseAuth/Sources/Swift/Backend/RPC/Proto/Phone/AuthProtoStartMFAPhoneRequestInfo.swift (in target 'FirebaseAuth' from project 'Firebase')
    cd /Users/khanghnguyen/Downloads/Wishie/Wishie.xcodeproj
    

SwiftCompile normal arm64 /Users/khanghnguyen/Library/Developer/Xcode/DerivedData/Wishie-gavmeupfwiyxzhaiqkwzocyeeixy/SourcePackages/checkouts/firebase-ios-sdk/FirebaseAuth/Sources/Swift/Backend/RPC/Proto/Phone/AuthProtoStartMFAPhoneResponseInfo.swift (in target 'FirebaseAuth' from project 'Firebase')
    cd /Users/khanghnguyen/Downloads/Wishie/Wishie.xcodeproj
    

SwiftCompile normal arm64 /Users/khanghnguyen/Library/Developer/Xcode/DerivedData/Wishie-gavmeupfwiyxzhaiqkwzocyeeixy/SourcePackages/checkouts/firebase-ios-sdk/FirebaseAuth/Sources/Swift/Backend/RPC/Proto/TOTP/AuthProtoFinalizeMFATOTPEnrollmentRequestInfo.swift (in target 'FirebaseAuth' from project 'Firebase')
    cd /Users/khanghnguyen/Downloads/Wishie/Wishie.xcodeproj
    

SwiftCompile normal arm64 /Users/khanghnguyen/Library/Developer/Xcode/DerivedData/Wishie-gavmeupfwiyxzhaiqkwzocyeeixy/SourcePackages/checkouts/firebase-ios-sdk/FirebaseAuth/Sources/Swift/Backend/RPC/Proto/TOTP/AuthProtoFinalizeMFATOTPEnrollmentResponseInfo.swift (in target 'FirebaseAuth' from project 'Firebase')
    cd /Users/khanghnguyen/Downloads/Wishie/Wishie.xcodeproj
    

SwiftCompile normal arm64 /Users/khanghnguyen/Library/Developer/Xcode/DerivedData/Wishie-gavmeupfwiyxzhaiqkwzocyeeixy/SourcePackages/checkouts/firebase-ios-sdk/FirebaseAuth/Sources/Swift/Backend/RPC/Proto/TOTP/AuthProtoFinalizeMFATOTPSignInRequestInfo.swift (in target 'FirebaseAuth' from project 'Firebase')
    cd /Users/khanghnguyen/Downloads/Wishie/Wishie.xcodeproj
    

SwiftCompile normal arm64 /Users/khanghnguyen/Library/Developer/Xcode/DerivedData/Wishie-gavmeupfwiyxzhaiqkwzocyeeixy/SourcePackages/checkouts/firebase-ios-sdk/FirebaseAuth/Sources/Swift/Backend/RPC/Proto/TOTP/AuthProtoStartMFATOTPEnrollmentRequestInfo.swift (in target 'FirebaseAuth' from project 'Firebase')
    cd /Users/khanghnguyen/Downloads/Wishie/Wishie.xcodeproj
    

SwiftCompile normal arm64 /Users/khanghnguyen/Library/Developer/Xcode/DerivedData/Wishie-gavmeupfwiyxzhaiqkwzocyeeixy/SourcePackages/checkouts/firebase-ios-sdk/FirebaseAuth/Sources/Swift/Backend/RPC/Proto/TOTP/AuthProtoStartMFATOTPEnrollmentResponseInfo.swift (in target 'FirebaseAuth' from project 'Firebase')
    cd /Users/khanghnguyen/Downloads/Wishie/Wishie.xcodeproj
    

SwiftCompile normal arm64 /Users/khanghnguyen/Library/Developer/Xcode/DerivedData/Wishie-gavmeupfwiyxzhaiqkwzocyeeixy/SourcePackages/checkouts/firebase-ios-sdk/FirebaseAuth/Sources/Swift/Backend/RPC/ResetPasswordRequest.swift (in target 'FirebaseAuth' from project 'Firebase')
    cd /Users/khanghnguyen/Downloads/Wishie/Wishie.xcodeproj
    

SwiftDriverJobDiscovery normal arm64 Compiling PipelineExpression.swift, Variable.swift, Ordering.swift, Pipeline.swift, PipelineResult.swift, PipelineSource.swift, QueryEnhancement.swift, RealtimePipeline.swift (in target 'FirebaseFirestore' from project 'Firebase')

SwiftCompile normal arm64 Compiling\ resource_bundle_accessor.swift,\ ActionCodeInfo.swift,\ ActionCodeOperation.swift,\ ActionCodeSettings.swift,\ ActionCodeURL.swift,\ Auth+Async.swift,\ Auth.swift,\ AuthComponent.swift,\ AuthDataResult.swift,\ AuthDispatcher.swift,\ AuthGlobalWorkQueue.swift,\ AuthOperationType.swift,\ AuthSettings.swift,\ AuthTokenResult.swift,\ AuthCredential.swift,\ AuthProviderID.swift,\ EmailAuthProvider.swift,\ FacebookAuthProvider.swift /Users/khanghnguyen/Library/Developer/Xcode/DerivedData/Wishie-gavmeupfwiyxzhaiqkwzocyeeixy/Build/Intermediates.noindex/Firebase.build/Debug-iphoneos/FirebaseAuth.build/DerivedSources/resource_bundle_accessor.swift /Users/khanghnguyen/Library/Developer/Xcode/DerivedData/Wishie-gavmeupfwiyxzhaiqkwzocyeeixy/SourcePackages/checkouts/firebase-ios-sdk/FirebaseAuth/Sources/Swift/ActionCode/ActionCodeInfo.swift /Users/khanghnguyen/Library/Developer/Xcode/DerivedData/Wishie-gavmeupfwiyxzhaiqkwzocyeeixy/SourcePackages/checkouts/firebase-ios-sdk/FirebaseAuth/Sources/Swift/ActionCode/ActionCodeOperation.swift /Users/khanghnguyen/Library/Developer/Xcode/DerivedData/Wishie-gavmeupfwiyxzhaiqkwzocyeeixy/SourcePackages/checkouts/firebase-ios-sdk/FirebaseAuth/Sources/Swift/ActionCode/ActionCodeSettings.swift /Users/khanghnguyen/Library/Developer/Xcode/DerivedData/Wishie-gavmeupfwiyxzhaiqkwzocyeeixy/SourcePackages/checkouts/firebase-ios-sdk/FirebaseAuth/Sources/Swift/ActionCode/ActionCodeURL.swift /Users/khanghnguyen/Library/Developer/Xcode/DerivedData/Wishie-gavmeupfwiyxzhaiqkwzocyeeixy/SourcePackages/checkouts/firebase-ios-sdk/FirebaseAuth/Sources/Swift/Auth/Auth+Async.swift /Users/khanghnguyen/Library/Developer/Xcode/DerivedData/Wishie-gavmeupfwiyxzhaiqkwzocyeeixy/SourcePackages/checkouts/firebase-ios-sdk/FirebaseAuth/Sources/Swift/Auth/Auth.swift /Users/khanghnguyen/Library/Developer/Xcode/DerivedData/Wishie-gavmeupfwiyxzhaiqkwzocyeeixy/SourcePackages/checkouts/firebase-ios-sdk/FirebaseAuth/Sources/Swift/Auth/AuthComponent.swift /Users/khanghnguyen/Library/Developer/Xcode/DerivedData/Wishie-gavmeupfwiyxzhaiqkwzocyeeixy/SourcePackages/checkouts/firebase-ios-sdk/FirebaseAuth/Sources/Swift/Auth/AuthDataResult.swift /Users/khanghnguyen/Library/Developer/Xcode/DerivedData/Wishie-gavmeupfwiyxzhaiqkwzocyeeixy/SourcePackages/checkouts/firebase-ios-sdk/FirebaseAuth/Sources/Swift/Auth/AuthDispatcher.swift /Users/khanghnguyen/Library/Developer/Xcode/DerivedData/Wishie-gavmeupfwiyxzhaiqkwzocyeeixy/SourcePackages/checkouts/firebase-ios-sdk/FirebaseAuth/Sources/Swift/Auth/AuthGlobalWorkQueue.swift /Users/khanghnguyen/Library/Developer/Xcode/DerivedData/Wishie-gavmeupfwiyxzhaiqkwzocyeeixy/SourcePackages/checkouts/firebase-ios-sdk/FirebaseAuth/Sources/Swift/Auth/AuthOperationType.swift /Users/khanghnguyen/Library/Developer/Xcode/DerivedData/Wishie-gavmeupfwiyxzhaiqkwzocyeeixy/SourcePackages/checkouts/firebase-ios-sdk/FirebaseAuth/Sources/Swift/Auth/AuthSettings.swift /Users/khanghnguyen/Library/Developer/Xcode/DerivedData/Wishie-gavmeupfwiyxzhaiqkwzocyeeixy/SourcePackages/checkouts/firebase-ios-sdk/FirebaseAuth/Sources/Swift/Auth/AuthTokenResult.swift /Users/khanghnguyen/Library/Developer/Xcode/DerivedData/Wishie-gavmeupfwiyxzhaiqkwzocyeeixy/SourcePackages/checkouts/firebase-ios-sdk/FirebaseAuth/Sources/Swift/AuthProvider/AuthCredential.swift /Users/khanghnguyen/Library/Developer/Xcode/DerivedData/Wishie-gavmeupfwiyxzhaiqkwzocyeeixy/SourcePackages/checkouts/firebase-ios-sdk/FirebaseAuth/Sources/Swift/AuthProvider/AuthProviderID.swift /Users/khanghnguyen/Library/Developer/Xcode/DerivedData/Wishie-gavmeupfwiyxzhaiqkwzocyeeixy/SourcePackages/checkouts/firebase-ios-sdk/FirebaseAuth/Sources/Swift/AuthProvider/EmailAuthProvider.swift /Users/khanghnguyen/Library/Developer/Xcode/DerivedData/Wishie-gavmeupfwiyxzhaiqkwzocyeeixy/SourcePackages/checkouts/firebase-ios-sdk/FirebaseAuth/Sources/Swift/AuthProvider/FacebookAuthProvider.swift (in target 'FirebaseAuth' from project 'Firebase')
SwiftCompile normal arm64 /Users/khanghnguyen/Library/Developer/Xcode/DerivedData/Wishie-gavmeupfwiyxzhaiqkwzocyeeixy/Build/Intermediates.noindex/Firebase.build/Debug-iphoneos/FirebaseAuth.build/DerivedSources/resource_bundle_accessor.swift (in target 'FirebaseAuth' from project 'Firebase')
    cd /Users/khanghnguyen/Downloads/Wishie/Wishie.xcodeproj
    

SwiftCompile normal arm64 /Users/khanghnguyen/Library/Developer/Xcode/DerivedData/Wishie-gavmeupfwiyxzhaiqkwzocyeeixy/SourcePackages/checkouts/firebase-ios-sdk/FirebaseAuth/Sources/Swift/ActionCode/ActionCodeInfo.swift (in target 'FirebaseAuth' from project 'Firebase')
    cd /Users/khanghnguyen/Downloads/Wishie/Wishie.xcodeproj
    

SwiftCompile normal arm64 /Users/khanghnguyen/Library/Developer/Xcode/DerivedData/Wishie-gavmeupfwiyxzhaiqkwzocyeeixy/SourcePackages/checkouts/firebase-ios-sdk/FirebaseAuth/Sources/Swift/ActionCode/ActionCodeOperation.swift (in target 'FirebaseAuth' from project 'Firebase')
    cd /Users/khanghnguyen/Downloads/Wishie/Wishie.xcodeproj
    

SwiftCompile normal arm64 /Users/khanghnguyen/Library/Developer/Xcode/DerivedData/Wishie-gavmeupfwiyxzhaiqkwzocyeeixy/SourcePackages/checkouts/firebase-ios-sdk/FirebaseAuth/Sources/Swift/ActionCode/ActionCodeSettings.swift (in target 'FirebaseAuth' from project 'Firebase')
    cd /Users/khanghnguyen/Downloads/Wishie/Wishie.xcodeproj
    

SwiftCompile normal arm64 /Users/khanghnguyen/Library/Developer/Xcode/DerivedData/Wishie-gavmeupfwiyxzhaiqkwzocyeeixy/SourcePackages/checkouts/firebase-ios-sdk/FirebaseAuth/Sources/Swift/ActionCode/ActionCodeURL.swift (in target 'FirebaseAuth' from project 'Firebase')
    cd /Users/khanghnguyen/Downloads/Wishie/Wishie.xcodeproj
    

SwiftCompile normal arm64 /Users/khanghnguyen/Library/Developer/Xcode/DerivedData/Wishie-gavmeupfwiyxzhaiqkwzocyeeixy/SourcePackages/checkouts/firebase-ios-sdk/FirebaseAuth/Sources/Swift/Auth/Auth+Async.swift (in target 'FirebaseAuth' from project 'Firebase')
    cd /Users/khanghnguyen/Downloads/Wishie/Wishie.xcodeproj
    

SwiftCompile normal arm64 /Users/khanghnguyen/Library/Developer/Xcode/DerivedData/Wishie-gavmeupfwiyxzhaiqkwzocyeeixy/SourcePackages/checkouts/firebase-ios-sdk/FirebaseAuth/Sources/Swift/Auth/Auth.swift (in target 'FirebaseAuth' from project 'Firebase')
    cd /Users/khanghnguyen/Downloads/Wishie/Wishie.xcodeproj
    

SwiftCompile normal arm64 /Users/khanghnguyen/Library/Developer/Xcode/DerivedData/Wishie-gavmeupfwiyxzhaiqkwzocyeeixy/SourcePackages/checkouts/firebase-ios-sdk/FirebaseAuth/Sources/Swift/Auth/AuthComponent.swift (in target 'FirebaseAuth' from project 'Firebase')
    cd /Users/khanghnguyen/Downloads/Wishie/Wishie.xcodeproj
    

SwiftCompile normal arm64 /Users/khanghnguyen/Library/Developer/Xcode/DerivedData/Wishie-gavmeupfwiyxzhaiqkwzocyeeixy/SourcePackages/checkouts/firebase-ios-sdk/FirebaseAuth/Sources/Swift/Auth/AuthDataResult.swift (in target 'FirebaseAuth' from project 'Firebase')
    cd /Users/khanghnguyen/Downloads/Wishie/Wishie.xcodeproj
    

SwiftCompile normal arm64 /Users/khanghnguyen/Library/Developer/Xcode/DerivedData/Wishie-gavmeupfwiyxzhaiqkwzocyeeixy/SourcePackages/checkouts/firebase-ios-sdk/FirebaseAuth/Sources/Swift/Auth/AuthDispatcher.swift (in target 'FirebaseAuth' from project 'Firebase')
    cd /Users/khanghnguyen/Downloads/Wishie/Wishie.xcodeproj
    

SwiftCompile normal arm64 /Users/khanghnguyen/Library/Developer/Xcode/DerivedData/Wishie-gavmeupfwiyxzhaiqkwzocyeeixy/SourcePackages/checkouts/firebase-ios-sdk/FirebaseAuth/Sources/Swift/Auth/AuthGlobalWorkQueue.swift (in target 'FirebaseAuth' from project 'Firebase')
    cd /Users/khanghnguyen/Downloads/Wishie/Wishie.xcodeproj
    

SwiftCompile normal arm64 /Users/khanghnguyen/Library/Developer/Xcode/DerivedData/Wishie-gavmeupfwiyxzhaiqkwzocyeeixy/SourcePackages/checkouts/firebase-ios-sdk/FirebaseAuth/Sources/Swift/Auth/AuthOperationType.swift (in target 'FirebaseAuth' from project 'Firebase')
    cd /Users/khanghnguyen/Downloads/Wishie/Wishie.xcodeproj
    

SwiftCompile normal arm64 /Users/khanghnguyen/Library/Developer/Xcode/DerivedData/Wishie-gavmeupfwiyxzhaiqkwzocyeeixy/SourcePackages/checkouts/firebase-ios-sdk/FirebaseAuth/Sources/Swift/Auth/AuthSettings.swift (in target 'FirebaseAuth' from project 'Firebase')
    cd /Users/khanghnguyen/Downloads/Wishie/Wishie.xcodeproj
    

SwiftCompile normal arm64 /Users/khanghnguyen/Library/Developer/Xcode/DerivedData/Wishie-gavmeupfwiyxzhaiqkwzocyeeixy/SourcePackages/checkouts/firebase-ios-sdk/FirebaseAuth/Sources/Swift/Auth/AuthTokenResult.swift (in target 'FirebaseAuth' from project 'Firebase')
    cd /Users/khanghnguyen/Downloads/Wishie/Wishie.xcodeproj
    

SwiftCompile normal arm64 /Users/khanghnguyen/Library/Developer/Xcode/DerivedData/Wishie-gavmeupfwiyxzhaiqkwzocyeeixy/SourcePackages/checkouts/firebase-ios-sdk/FirebaseAuth/Sources/Swift/AuthProvider/AuthCredential.swift (in target 'FirebaseAuth' from project 'Firebase')
    cd /Users/khanghnguyen/Downloads/Wishie/Wishie.xcodeproj
    

SwiftCompile normal arm64 /Users/khanghnguyen/Library/Developer/Xcode/DerivedData/Wishie-gavmeupfwiyxzhaiqkwzocyeeixy/SourcePackages/checkouts/firebase-ios-sdk/FirebaseAuth/Sources/Swift/AuthProvider/AuthProviderID.swift (in target 'FirebaseAuth' from project 'Firebase')
    cd /Users/khanghnguyen/Downloads/Wishie/Wishie.xcodeproj
    

SwiftCompile normal arm64 /Users/khanghnguyen/Library/Developer/Xcode/DerivedData/Wishie-gavmeupfwiyxzhaiqkwzocyeeixy/SourcePackages/checkouts/firebase-ios-sdk/FirebaseAuth/Sources/Swift/AuthProvider/EmailAuthProvider.swift (in target 'FirebaseAuth' from project 'Firebase')
    cd /Users/khanghnguyen/Downloads/Wishie/Wishie.xcodeproj
    

SwiftCompile normal arm64 /Users/khanghnguyen/Library/Developer/Xcode/DerivedData/Wishie-gavmeupfwiyxzhaiqkwzocyeeixy/SourcePackages/checkouts/firebase-ios-sdk/FirebaseAuth/Sources/Swift/AuthProvider/FacebookAuthProvider.swift (in target 'FirebaseAuth' from project 'Firebase')
    cd /Users/khanghnguyen/Downloads/Wishie/Wishie.xcodeproj
    

SwiftDriverJobDiscovery normal arm64 Compiling CountAll.swift, DistanceMeasure.swift, AliasedExpression.swift, Constant.swift, CurrentDocument.swift, Expression.swift, Field.swift, ArrayExpression.swift, BooleanExpression.swift (in target 'FirebaseFirestore' from project 'Firebase')

SwiftCompile normal arm64 Compiling\ DeleteAccountRequest.swift,\ DeleteAccountResponse.swift,\ EmailLinkSignInRequest.swift,\ EmailLinkSignInResponse.swift,\ GetAccountInfoRequest.swift,\ GetAccountInfoResponse.swift,\ GetOOBConfirmationCodeRequest.swift,\ GetOOBConfirmationCodeResponse.swift,\ GetProjectConfigRequest.swift,\ GetProjectConfigResponse.swift,\ GetRecaptchaConfigRequest.swift,\ GetRecaptchaConfigResponse.swift,\ FinalizeMFAEnrollmentRequest.swift,\ FinalizeMFAEnrollmentResponse.swift,\ StartMFAEnrollmentRequest.swift,\ StartMFAEnrollmentResponse.swift,\ FinalizeMFASignInRequest.swift /Users/khanghnguyen/Library/Developer/Xcode/DerivedData/Wishie-gavmeupfwiyxzhaiqkwzocyeeixy/SourcePackages/checkouts/firebase-ios-sdk/FirebaseAuth/Sources/Swift/Backend/RPC/DeleteAccountRequest.swift /Users/khanghnguyen/Library/Developer/Xcode/DerivedData/Wishie-gavmeupfwiyxzhaiqkwzocyeeixy/SourcePackages/checkouts/firebase-ios-sdk/FirebaseAuth/Sources/Swift/Backend/RPC/DeleteAccountResponse.swift /Users/khanghnguyen/Library/Developer/Xcode/DerivedData/Wishie-gavmeupfwiyxzhaiqkwzocyeeixy/SourcePackages/checkouts/firebase-ios-sdk/FirebaseAuth/Sources/Swift/Backend/RPC/EmailLinkSignInRequest.swift /Users/khanghnguyen/Library/Developer/Xcode/DerivedData/Wishie-gavmeupfwiyxzhaiqkwzocyeeixy/SourcePackages/checkouts/firebase-ios-sdk/FirebaseAuth/Sources/Swift/Backend/RPC/EmailLinkSignInResponse.swift /Users/khanghnguyen/Library/Developer/Xcode/DerivedData/Wishie-gavmeupfwiyxzhaiqkwzocyeeixy/SourcePackages/checkouts/firebase-ios-sdk/FirebaseAuth/Sources/Swift/Backend/RPC/GetAccountInfoRequest.swift /Users/khanghnguyen/Library/Developer/Xcode/DerivedData/Wishie-gavmeupfwiyxzhaiqkwzocyeeixy/SourcePackages/checkouts/firebase-ios-sdk/FirebaseAuth/Sources/Swift/Backend/RPC/GetAccountInfoResponse.swift /Users/khanghnguyen/Library/Developer/Xcode/DerivedData/Wishie-gavmeupfwiyxzhaiqkwzocyeeixy/SourcePackages/checkouts/firebase-ios-sdk/FirebaseAuth/Sources/Swift/Backend/RPC/GetOOBConfirmationCodeRequest.swift /Users/khanghnguyen/Library/Developer/Xcode/DerivedData/Wishie-gavmeupfwiyxzhaiqkwzocyeeixy/SourcePackages/checkouts/firebase-ios-sdk/FirebaseAuth/Sources/Swift/Backend/RPC/GetOOBConfirmationCodeResponse.swift /Users/khanghnguyen/Library/Developer/Xcode/DerivedData/Wishie-gavmeupfwiyxzhaiqkwzocyeeixy/SourcePackages/checkouts/firebase-ios-sdk/FirebaseAuth/Sources/Swift/Backend/RPC/GetProjectConfigRequest.swift /Users/khanghnguyen/Library/Developer/Xcode/DerivedData/Wishie-gavmeupfwiyxzhaiqkwzocyeeixy/SourcePackages/checkouts/firebase-ios-sdk/FirebaseAuth/Sources/Swift/Backend/RPC/GetProjectConfigResponse.swift /Users/khanghnguyen/Library/Developer/Xcode/DerivedData/Wishie-gavmeupfwiyxzhaiqkwzocyeeixy/SourcePackages/checkouts/firebase-ios-sdk/FirebaseAuth/Sources/Swift/Backend/RPC/GetRecaptchaConfigRequest.swift /Users/khanghnguyen/Library/Developer/Xcode/DerivedData/Wishie-gavmeupfwiyxzhaiqkwzocyeeixy/SourcePackages/checkouts/firebase-ios-sdk/FirebaseAuth/Sources/Swift/Backend/RPC/GetRecaptchaConfigResponse.swift /Users/khanghnguyen/Library/Developer/Xcode/DerivedData/Wishie-gavmeupfwiyxzhaiqkwzocyeeixy/SourcePackages/checkouts/firebase-ios-sdk/FirebaseAuth/Sources/Swift/Backend/RPC/MultiFactor/Enroll/FinalizeMFAEnrollmentRequest.swift /Users/khanghnguyen/Library/Developer/Xcode/DerivedData/Wishie-gavmeupfwiyxzhaiqkwzocyeeixy/SourcePackages/checkouts/firebase-ios-sdk/FirebaseAuth/Sources/Swift/Backend/RPC/MultiFactor/Enroll/FinalizeMFAEnrollmentResponse.swift /Users/khanghnguyen/Library/Developer/Xcode/DerivedData/Wishie-gavmeupfwiyxzhaiqkwzocyeeixy/SourcePackages/checkouts/firebase-ios-sdk/FirebaseAuth/Sources/Swift/Backend/RPC/MultiFactor/Enroll/StartMFAEnrollmentRequest.swift /Users/khanghnguyen/Library/Developer/Xcode/DerivedData/Wishie-gavmeupfwiyxzhaiqkwzocyeeixy/SourcePackages/checkouts/firebase-ios-sdk/FirebaseAuth/Sources/Swift/Backend/RPC/MultiFactor/Enroll/StartMFAEnrollmentResponse.swift /Users/khanghnguyen/Library/Developer/Xcode/DerivedData/Wishie-gavmeupfwiyxzhaiqkwzocyeeixy/SourcePackages/checkouts/firebase-ios-sdk/FirebaseAuth/Sources/Swift/Backend/RPC/MultiFactor/SignIn/FinalizeMFASignInRequest.swift (in target 'FirebaseAuth' from project 'Firebase')

SwiftCompile normal arm64 /Users/khanghnguyen/Library/Developer/Xcode/DerivedData/Wishie-gavmeupfwiyxzhaiqkwzocyeeixy/SourcePackages/checkouts/firebase-ios-sdk/FirebaseAuth/Sources/Swift/Backend/RPC/DeleteAccountRequest.swift (in target 'FirebaseAuth' from project 'Firebase')
    cd /Users/khanghnguyen/Downloads/Wishie/Wishie.xcodeproj
    

SwiftCompile normal arm64 /Users/khanghnguyen/Library/Developer/Xcode/DerivedData/Wishie-gavmeupfwiyxzhaiqkwzocyeeixy/SourcePackages/checkouts/firebase-ios-sdk/FirebaseAuth/Sources/Swift/Backend/RPC/DeleteAccountResponse.swift (in target 'FirebaseAuth' from project 'Firebase')
    cd /Users/khanghnguyen/Downloads/Wishie/Wishie.xcodeproj
    

SwiftCompile normal arm64 /Users/khanghnguyen/Library/Developer/Xcode/DerivedData/Wishie-gavmeupfwiyxzhaiqkwzocyeeixy/SourcePackages/checkouts/firebase-ios-sdk/FirebaseAuth/Sources/Swift/Backend/RPC/EmailLinkSignInRequest.swift (in target 'FirebaseAuth' from project 'Firebase')
    cd /Users/khanghnguyen/Downloads/Wishie/Wishie.xcodeproj
    

SwiftCompile normal arm64 /Users/khanghnguyen/Library/Developer/Xcode/DerivedData/Wishie-gavmeupfwiyxzhaiqkwzocyeeixy/SourcePackages/checkouts/firebase-ios-sdk/FirebaseAuth/Sources/Swift/Backend/RPC/EmailLinkSignInResponse.swift (in target 'FirebaseAuth' from project 'Firebase')
    cd /Users/khanghnguyen/Downloads/Wishie/Wishie.xcodeproj
    

SwiftCompile normal arm64 /Users/khanghnguyen/Library/Developer/Xcode/DerivedData/Wishie-gavmeupfwiyxzhaiqkwzocyeeixy/SourcePackages/checkouts/firebase-ios-sdk/FirebaseAuth/Sources/Swift/Backend/RPC/GetAccountInfoRequest.swift (in target 'FirebaseAuth' from project 'Firebase')
    cd /Users/khanghnguyen/Downloads/Wishie/Wishie.xcodeproj
    

SwiftCompile normal arm64 /Users/khanghnguyen/Library/Developer/Xcode/DerivedData/Wishie-gavmeupfwiyxzhaiqkwzocyeeixy/SourcePackages/checkouts/firebase-ios-sdk/FirebaseAuth/Sources/Swift/Backend/RPC/GetAccountInfoResponse.swift (in target 'FirebaseAuth' from project 'Firebase')
    cd /Users/khanghnguyen/Downloads/Wishie/Wishie.xcodeproj
    

SwiftCompile normal arm64 /Users/khanghnguyen/Library/Developer/Xcode/DerivedData/Wishie-gavmeupfwiyxzhaiqkwzocyeeixy/SourcePackages/checkouts/firebase-ios-sdk/FirebaseAuth/Sources/Swift/Backend/RPC/GetOOBConfirmationCodeRequest.swift (in target 'FirebaseAuth' from project 'Firebase')
    cd /Users/khanghnguyen/Downloads/Wishie/Wishie.xcodeproj
    

SwiftCompile normal arm64 /Users/khanghnguyen/Library/Developer/Xcode/DerivedData/Wishie-gavmeupfwiyxzhaiqkwzocyeeixy/SourcePackages/checkouts/firebase-ios-sdk/FirebaseAuth/Sources/Swift/Backend/RPC/GetOOBConfirmationCodeResponse.swift (in target 'FirebaseAuth' from project 'Firebase')
    cd /Users/khanghnguyen/Downloads/Wishie/Wishie.xcodeproj
    

SwiftCompile normal arm64 /Users/khanghnguyen/Library/Developer/Xcode/DerivedData/Wishie-gavmeupfwiyxzhaiqkwzocyeeixy/SourcePackages/checkouts/firebase-ios-sdk/FirebaseAuth/Sources/Swift/Backend/RPC/GetProjectConfigRequest.swift (in target 'FirebaseAuth' from project 'Firebase')
    cd /Users/khanghnguyen/Downloads/Wishie/Wishie.xcodeproj
    

SwiftCompile normal arm64 /Users/khanghnguyen/Library/Developer/Xcode/DerivedData/Wishie-gavmeupfwiyxzhaiqkwzocyeeixy/SourcePackages/checkouts/firebase-ios-sdk/FirebaseAuth/Sources/Swift/Backend/RPC/GetProjectConfigResponse.swift (in target 'FirebaseAuth' from project 'Firebase')
    cd /Users/khanghnguyen/Downloads/Wishie/Wishie.xcodeproj
    

SwiftCompile normal arm64 /Users/khanghnguyen/Library/Developer/Xcode/DerivedData/Wishie-gavmeupfwiyxzhaiqkwzocyeeixy/SourcePackages/checkouts/firebase-ios-sdk/FirebaseAuth/Sources/Swift/Backend/RPC/GetRecaptchaConfigRequest.swift (in target 'FirebaseAuth' from project 'Firebase')
    cd /Users/khanghnguyen/Downloads/Wishie/Wishie.xcodeproj
    

SwiftCompile normal arm64 /Users/khanghnguyen/Library/Developer/Xcode/DerivedData/Wishie-gavmeupfwiyxzhaiqkwzocyeeixy/SourcePackages/checkouts/firebase-ios-sdk/FirebaseAuth/Sources/Swift/Backend/RPC/GetRecaptchaConfigResponse.swift (in target 'FirebaseAuth' from project 'Firebase')
    cd /Users/khanghnguyen/Downloads/Wishie/Wishie.xcodeproj
    

SwiftCompile normal arm64 /Users/khanghnguyen/Library/Developer/Xcode/DerivedData/Wishie-gavmeupfwiyxzhaiqkwzocyeeixy/SourcePackages/checkouts/firebase-ios-sdk/FirebaseAuth/Sources/Swift/Backend/RPC/MultiFactor/Enroll/FinalizeMFAEnrollmentRequest.swift (in target 'FirebaseAuth' from project 'Firebase')
    cd /Users/khanghnguyen/Downloads/Wishie/Wishie.xcodeproj
    

SwiftCompile normal arm64 /Users/khanghnguyen/Library/Developer/Xcode/DerivedData/Wishie-gavmeupfwiyxzhaiqkwzocyeeixy/SourcePackages/checkouts/firebase-ios-sdk/FirebaseAuth/Sources/Swift/Backend/RPC/MultiFactor/Enroll/FinalizeMFAEnrollmentResponse.swift (in target 'FirebaseAuth' from project 'Firebase')
    cd /Users/khanghnguyen/Downloads/Wishie/Wishie.xcodeproj
    

SwiftCompile normal arm64 /Users/khanghnguyen/Library/Developer/Xcode/DerivedData/Wishie-gavmeupfwiyxzhaiqkwzocyeeixy/SourcePackages/checkouts/firebase-ios-sdk/FirebaseAuth/Sources/Swift/Backend/RPC/MultiFactor/Enroll/StartMFAEnrollmentRequest.swift (in target 'FirebaseAuth' from project 'Firebase')
    cd /Users/khanghnguyen/Downloads/Wishie/Wishie.xcodeproj
    

SwiftCompile normal arm64 /Users/khanghnguyen/Library/Developer/Xcode/DerivedData/Wishie-gavmeupfwiyxzhaiqkwzocyeeixy/SourcePackages/checkouts/firebase-ios-sdk/FirebaseAuth/Sources/Swift/Backend/RPC/MultiFactor/Enroll/StartMFAEnrollmentResponse.swift (in target 'FirebaseAuth' from project 'Firebase')
    cd /Users/khanghnguyen/Downloads/Wishie/Wishie.xcodeproj
    

SwiftCompile normal arm64 /Users/khanghnguyen/Library/Developer/Xcode/DerivedData/Wishie-gavmeupfwiyxzhaiqkwzocyeeixy/SourcePackages/checkouts/firebase-ios-sdk/FirebaseAuth/Sources/Swift/Backend/RPC/MultiFactor/SignIn/FinalizeMFASignInRequest.swift (in target 'FirebaseAuth' from project 'Firebase')
    cd /Users/khanghnguyen/Downloads/Wishie/Wishie.xcodeproj
    

PrecompileModule /Users/khanghnguyen/Library/Developer/Xcode/DerivedData/Wishie-gavmeupfwiyxzhaiqkwzocyeeixy/Build/Intermediates.noindex/ExplicitPrecompiledModules/UIKit-OOP8INWMB734SWH5D0UI4FQ3.scan
    cd /
    builtin-precompileModule /Users/khanghnguyen/Library/Developer/Xcode/DerivedData/Wishie-gavmeupfwiyxzhaiqkwzocyeeixy/Build/Intermediates.noindex/ExplicitPrecompiledModules/UIKit-OOP8INWMB734SWH5D0UI4FQ3.scan

SwiftDriverJobDiscovery normal arm64 Compiling PipelineWrapper.swift, FirestoreQuery.swift, FirestoreQueryObservable.swift, QueryPredicate.swift, Stages.swift, FieldValue+Swift.swift, Firestore+Pipeline.swift, AggregateFunction.swift, AliasedAggregate.swift (in target 'FirebaseFirestore' from project 'Firebase')

SwiftDriver\ Compilation FirebaseFirestore normal arm64 com.apple.xcode.tools.swift.compiler (in target 'FirebaseFirestore' from project 'Firebase')
    cd /Users/khanghnguyen/Downloads/Wishie/Wishie.xcodeproj
    builtin-Swift-Compilation -- /Applications/Xcode.app/Contents/Developer/Toolchains/XcodeDefault.xctoolchain/usr/bin/swiftc -module-name FirebaseFirestore -Onone -enforce-exclusivity\=checked @/Users/khanghnguyen/Library/Developer/Xcode/DerivedData/Wishie-gavmeupfwiyxzhaiqkwzocyeeixy/Build/Intermediates.noindex/Firebase.build/Debug-iphoneos/FirebaseFirestore.build/Objects-normal/arm64/FirebaseFirestore.SwiftFileList -DSWIFT_PACKAGE -DDEBUG -DSWIFT_MODULE_RESOURCE_BUNDLE_AVAILABLE -Xcc -fmodule-map-file\=/Users/khanghnguyen/Library/Developer/Xcode/DerivedData/Wishie-gavmeupfwiyxzhaiqkwzocyeeixy/Build/Intermediates.noindex/GeneratedModuleMaps-iphoneos/GoogleUtilities-NSData.modulemap -Xcc -fmodule-map-file\=/Users/khanghnguyen/Library/Developer/Xcode/DerivedData/Wishie-gavmeupfwiyxzhaiqkwzocyeeixy/Build/Intermediates.noindex/GeneratedModuleMaps-iphoneos/GoogleUtilities-Environment.modulemap -Xcc -fmodule-map-file\=/Users/khanghnguyen/Library/Developer/Xcode/DerivedData/Wishie-gavmeupfwiyxzhaiqkwzocyeeixy/Build/Intermediates.noindex/GeneratedModuleMaps-iphoneos/third-party-IsAppEncrypted.modulemap -Xcc -fmodule-map-file\=/Users/khanghnguyen/Library/Developer/Xcode/DerivedData/Wishie-gavmeupfwiyxzhaiqkwzocyeeixy/Build/Intermediates.noindex/GeneratedModuleMaps-iphoneos/GoogleUtilities-Logger.modulemap -Xcc -fmodule-map-file\=/Users/khanghnguyen/Library/Developer/Xcode/DerivedData/Wishie-gavmeupfwiyxzhaiqkwzocyeeixy/Build/Intermediates.noindex/GeneratedModuleMaps-iphoneos/abslWrapper.modulemap -Xcc -fmodule-map-file\=/Users/khanghnguyen/Library/Developer/Xcode/DerivedData/Wishie-gavmeupfwiyxzhaiqkwzocyeeixy/Build/Intermediates.noindex/GeneratedModuleMaps-iphoneos/opensslWrapper.modulemap -Xcc -fmodule-map-file\=/Users/khanghnguyen/Library/Developer/Xcode/DerivedData/Wishie-gavmeupfwiyxzhaiqkwzocyeeixy/Build/Intermediates.noindex/GeneratedModuleMaps-iphoneos/grpcWrapper.modulemap -Xcc -fmodule-map-file\=/Users/khanghnguyen/Library/Developer/Xcode/DerivedData/Wishie-gavmeupfwiyxzhaiqkwzocyeeixy/Build/Intermediates.noindex/GeneratedModuleMaps-iphoneos/grpcppWrapper.modulemap -Xcc -fmodule-map-file\=/Users/khanghnguyen/Library/Developer/Xcode/DerivedData/Wishie-gavmeupfwiyxzhaiqkwzocyeeixy/Build/Intermediates.noindex/GeneratedModuleMaps-iphoneos/nanopb.modulemap -Xcc -fmodule-map-file\=/Users/khanghnguyen/Library/Developer/Xcode/DerivedData/Wishie-gavmeupfwiyxzhaiqkwzocyeeixy/Build/Intermediates.noindex/GeneratedModuleMaps-iphoneos/leveldb.modulemap -Xcc -fmodule-map-file\=/Users/khanghnguyen/Library/Developer/Xcode/DerivedData/Wishie-gavmeupfwiyxzhaiqkwzocyeeixy/Build/Intermediates.noindex/GeneratedModuleMaps-iphoneos/FirebaseCoreExtension.modulemap -Xcc -fmodule-map-file\=/Users/khanghnguyen/Library/Developer/Xcode/DerivedData/Wishie-gavmeupfwiyxzhaiqkwzocyeeixy/Build/Intermediates.noindex/GeneratedModuleMaps-iphoneos/FirebaseCore.modulemap -Xcc -fmodule-map-file\=/Users/khanghnguyen/Library/Developer/Xcode/DerivedData/Wishie-gavmeupfwiyxzhaiqkwzocyeeixy/Build/Intermediates.noindex/GeneratedModuleMaps-iphoneos/FirebaseAppCheckInterop.modulemap -Xcc -fmodule-map-file\=/Users/khanghnguyen/Library/Developer/Xcode/DerivedData/Wishie-gavmeupfwiyxzhaiqkwzocyeeixy/Build/Intermediates.noindex/GeneratedModuleMaps-iphoneos/FirebaseFirestoreInternalWrapper.modulemap -DXcode -plugin-path /Applications/Xcode.app/Contents/Developer/Toolchains/XcodeDefault.xctoolchain/usr/lib/swift/host/plugins/testing -enable-experimental-feature DebugDescriptionMacro -sdk /Applications/Xcode.app/Contents/Developer/Platforms/iPhoneOS.platform/Developer/SDKs/iPhoneOS26.2.sdk -target arm64-apple-ios15.0 -g -module-cache-path /Users/khanghnguyen/Library/Developer/Xcode/DerivedData/ModuleCache.noindex -Xfrontend -serialize-debugging-options -profile-coverage-mapping -profile-generate -enable-testing -suppress-warnings -index-store-path /Users/khanghnguyen/Library/Developer/Xcode/DerivedData/Wishie-gavmeupfwiyxzhaiqkwzocyeeixy/Index.noindex/DataStore -Xcc -D_LIBCPP_HARDENING_MODE\=_LIBCPP_HARDENING_MODE_DEBUG -swift-version 5 -I /Users/khanghnguyen/Library/Developer/Xcode/DerivedData/Wishie-gavmeupfwiyxzhaiqkwzocyeeixy/Build/Products/Debug-iphoneos -Isystem /Applications/Xcode.app/Contents/Developer/Platforms/iPhoneOS.platform/Developer/usr/lib -F /Users/khanghnguyen/Library/Developer/Xcode/DerivedData/Wishie-gavmeupfwiyxzhaiqkwzocyeeixy/Build/Products/Debug-iphoneos/PackageFrameworks -F /Users/khanghnguyen/Library/Developer/Xcode/DerivedData/Wishie-gavmeupfwiyxzhaiqkwzocyeeixy/Build/Products/Debug-iphoneos/PackageFrameworks -F /Users/khanghnguyen/Library/Developer/Xcode/DerivedData/Wishie-gavmeupfwiyxzhaiqkwzocyeeixy/Build/Products/Debug-iphoneos/PackageFrameworks -F /Users/khanghnguyen/Library/Developer/Xcode/DerivedData/Wishie-gavmeupfwiyxzhaiqkwzocyeeixy/Build/Products/Debug-iphoneos/PackageFrameworks -F /Users/khanghnguyen/Library/Developer/Xcode/DerivedData/Wishie-gavmeupfwiyxzhaiqkwzocyeeixy/Build/Products/Debug-iphoneos/PackageFrameworks -F /Users/khanghnguyen/Library/Developer/Xcode/DerivedData/Wishie-gavmeupfwiyxzhaiqkwzocyeeixy/Build/Products/Debug-iphoneos/PackageFrameworks -F /Users/khanghnguyen/Library/Developer/Xcode/DerivedData/Wishie-gavmeupfwiyxzhaiqkwzocyeeixy/Build/Products/Debug-iphoneos/PackageFrameworks -F /Users/khanghnguyen/Library/Developer/Xcode/DerivedData/Wishie-gavmeupfwiyxzhaiqkwzocyeeixy/Build/Products/Debug-iphoneos/PackageFrameworks -F /Users/khanghnguyen/Library/Developer/Xcode/DerivedData/Wishie-gavmeupfwiyxzhaiqkwzocyeeixy/Build/Products/Debug-iphoneos/PackageFrameworks -F /Users/khanghnguyen/Library/Developer/Xcode/DerivedData/Wishie-gavmeupfwiyxzhaiqkwzocyeeixy/Build/Products/Debug-iphoneos/PackageFrameworks -F /Users/khanghnguyen/Library/Developer/Xcode/DerivedData/Wishie-gavmeupfwiyxzhaiqkwzocyeeixy/Build/Products/Debug-iphoneos/PackageFrameworks -F /Users/khanghnguyen/Library/Developer/Xcode/DerivedData/Wishie-gavmeupfwiyxzhaiqkwzocyeeixy/Build/Products/Debug-iphoneos/PackageFrameworks -F /Users/khanghnguyen/Library/Developer/Xcode/DerivedData/Wishie-gavmeupfwiyxzhaiqkwzocyeeixy/Build/Products/Debug-iphoneos/PackageFrameworks -F /Users/khanghnguyen/Library/Developer/Xcode/DerivedData/Wishie-gavmeupfwiyxzhaiqkwzocyeeixy/Build/Products/Debug-iphoneos/PackageFrameworks -F /Users/khanghnguyen/Library/Developer/Xcode/DerivedData/Wishie-gavmeupfwiyxzhaiqkwzocyeeixy/Build/Products/Debug-iphoneos/PackageFrameworks -F /Users/khanghnguyen/Library/Developer/Xcode/DerivedData/Wishie-gavmeupfwiyxzhaiqkwzocyeeixy/Build/Products/Debug-iphoneos/PackageFrameworks -F /Users/khanghnguyen/Library/Developer/Xcode/DerivedData/Wishie-gavmeupfwiyxzhaiqkwzocyeeixy/Build/Products/Debug-iphoneos/PackageFrameworks -F /Users/khanghnguyen/Library/Developer/Xcode/DerivedData/Wishie-gavmeupfwiyxzhaiqkwzocyeeixy/Build/Products/Debug-iphoneos -F /Applications/Xcode.app/Contents/Developer/Platforms/iPhoneOS.platform/Developer/Library/Frameworks -F /Applications/Xcode.app/Contents/Developer/Platforms/iPhoneOS.platform/Developer/SDKs/iPhoneOS26.2.sdk/Developer/Library/Frameworks -c -j8 -enable-batch-mode -incremental -Xcc -ivfsstatcache -Xcc /Users/khanghnguyen/Library/Developer/Xcode/DerivedData/SDKStatCaches.noindex/iphoneos26.2-23C57-3794476bd08197c3e2abd9bb477ef7f7.sdkstatcache -output-file-map /Users/khanghnguyen/Library/Developer/Xcode/DerivedData/Wishie-gavmeupfwiyxzhaiqkwzocyeeixy/Build/Intermediates.noindex/Firebase.build/Debug-iphoneos/FirebaseFirestore.build/Objects-normal/arm64/FirebaseFirestore-OutputFileMap.json -use-frontend-parseable-output -save-temps -no-color-diagnostics -explicit-module-build -module-cache-path /Users/khanghnguyen/Library/Developer/Xcode/DerivedData/Wishie-gavmeupfwiyxzhaiqkwzocyeeixy/Build/Intermediates.noindex/SwiftExplicitPrecompiledModules -clang-scanner-module-cache-path /Users/khanghnguyen/Library/Developer/Xcode/DerivedData/ModuleCache.noindex -sdk-module-cache-path /Users/khanghnguyen/Library/Developer/Xcode/DerivedData/ModuleCache.noindex -serialize-diagnostics -emit-dependencies -emit-module -emit-module-path /Users/khanghnguyen/Library/Developer/Xcode/DerivedData/Wishie-gavmeupfwiyxzhaiqkwzocyeeixy/Build/Intermediates.noindex/Firebase.build/Debug-iphoneos/FirebaseFirestore.build/Objects-normal/arm64/FirebaseFirestore.swiftmodule -user-module-version 12.13.0 -validate-clang-modules-once -clang-build-session-file /Users/khanghnguyen/Library/Developer/Xcode/DerivedData/ModuleCache.noindex/Session.modulevalidation -package-name firebase_ios_sdk -Xcc -I/Users/khanghnguyen/Library/Developer/Xcode/DerivedData/Wishie-gavmeupfwiyxzhaiqkwzocyeeixy/Build/Intermediates.noindex/Firebase.build/Debug-iphoneos/FirebaseFirestore.build/swift-overrides.hmap -emit-const-values -Xfrontend -const-gather-protocols-file -Xfrontend /Users/khanghnguyen/Library/Developer/Xcode/DerivedData/Wishie-gavmeupfwiyxzhaiqkwzocyeeixy/Build/Intermediates.noindex/Firebase.build/Debug-iphoneos/FirebaseFirestore.build/Objects-normal/arm64/FirebaseFirestore_const_extract_protocols.json -Xcc -I/Users/khanghnguyen/Library/Developer/Xcode/DerivedData/Wishie-gavmeupfwiyxzhaiqkwzocyeeixy/SourcePackages/checkouts/GoogleUtilities/GoogleUtilities/NSData+zlib/Public -Xcc -I/Users/khanghnguyen/Library/Developer/Xcode/DerivedData/Wishie-gavmeupfwiyxzhaiqkwzocyeeixy/SourcePackages/checkouts/GoogleUtilities/GoogleUtilities/Environment/Public -Xcc -I/Users/khanghnguyen/Library/Developer/Xcode/DerivedData/Wishie-gavmeupfwiyxzhaiqkwzocyeeixy/SourcePackages/checkouts/GoogleUtilities/third_party/IsAppEncrypted/Public -Xcc -I/Users/khanghnguyen/Library/Developer/Xcode/DerivedData/Wishie-gavmeupfwiyxzhaiqkwzocyeeixy/SourcePackages/checkouts/GoogleUtilities/GoogleUtilities/Logger/Public -Xcc -I/Users/khanghnguyen/Library/Developer/Xcode/DerivedData/Wishie-gavmeupfwiyxzhaiqkwzocyeeixy/SourcePackages/checkouts/abseil-cpp-binary/absl-Wrapper/include -Xcc -I/Users/khanghnguyen/Library/Developer/Xcode/DerivedData/Wishie-gavmeupfwiyxzhaiqkwzocyeeixy/SourcePackages/checkouts/grpc-binary/openssl-grpc-Wrapper/include -Xcc -I/Users/khanghnguyen/Library/Developer/Xcode/DerivedData/Wishie-gavmeupfwiyxzhaiqkwzocyeeixy/SourcePackages/checkouts/grpc-binary/grpc-Wrapper/include -Xcc -I/Users/khanghnguyen/Library/Developer/Xcode/DerivedData/Wishie-gavmeupfwiyxzhaiqkwzocyeeixy/SourcePackages/checkouts/grpc-binary/grpcpp-Wrapper/include -Xcc -I/Users/khanghnguyen/Library/Developer/Xcode/DerivedData/Wishie-gavmeupfwiyxzhaiqkwzocyeeixy/SourcePackages/checkouts/nanopb/spm_headers -Xcc -I/Users/khanghnguyen/Library/Developer/Xcode/DerivedData/Wishie-gavmeupfwiyxzhaiqkwzocyeeixy/SourcePackages/checkouts/leveldb/include -Xcc -I/Users/khanghnguyen/Library/Developer/Xcode/DerivedData/Wishie-gavmeupfwiyxzhaiqkwzocyeeixy/SourcePackages/checkouts/firebase-ios-sdk/FirebaseCore/Extension -Xcc -I/Users/khanghnguyen/Library/Developer/Xcode/DerivedData/Wishie-gavmeupfwiyxzhaiqkwzocyeeixy/SourcePackages/checkouts/firebase-ios-sdk/FirebaseCore/Sources/Public -Xcc -I/Users/khanghnguyen/Library/Developer/Xcode/DerivedData/Wishie-gavmeupfwiyxzhaiqkwzocyeeixy/SourcePackages/checkouts/firebase-ios-sdk/CoreOnly/Sources -Xcc -I/Users/khanghnguyen/Library/Developer/Xcode/DerivedData/Wishie-gavmeupfwiyxzhaiqkwzocyeeixy/SourcePackages/checkouts/firebase-ios-sdk/FirebaseAppCheck/Interop/Public -Xcc -I/Users/khanghnguyen/Library/Developer/Xcode/DerivedData/Wishie-gavmeupfwiyxzhaiqkwzocyeeixy/SourcePackages/checkouts/firebase-ios-sdk/FirebaseFirestoreInternal -Xcc -I/Users/khanghnguyen/Library/Developer/Xcode/DerivedData/Wishie-gavmeupfwiyxzhaiqkwzocyeeixy/Build/Products/Debug-iphoneos/include -Xcc -I/Users/khanghnguyen/Library/Developer/Xcode/DerivedData/Wishie-gavmeupfwiyxzhaiqkwzocyeeixy/Build/Intermediates.noindex/Firebase.build/Debug-iphoneos/FirebaseFirestore.build/DerivedSources-normal/arm64 -Xcc -I/Users/khanghnguyen/Library/Developer/Xcode/DerivedData/Wishie-gavmeupfwiyxzhaiqkwzocyeeixy/Build/Intermediates.noindex/Firebase.build/Debug-iphoneos/FirebaseFirestore.build/DerivedSources/arm64 -Xcc -I/Users/khanghnguyen/Library/Developer/Xcode/DerivedData/Wishie-gavmeupfwiyxzhaiqkwzocyeeixy/Build/Intermediates.noindex/Firebase.build/Debug-iphoneos/FirebaseFirestore.build/DerivedSources -Xcc -DSWIFT_PACKAGE -Xcc -DDEBUG\=1 -emit-objc-header -emit-objc-header-path /Users/khanghnguyen/Library/Developer/Xcode/DerivedData/Wishie-gavmeupfwiyxzhaiqkwzocyeeixy/Build/Intermediates.noindex/Firebase.build/Debug-iphoneos/FirebaseFirestore.build/Objects-normal/arm64/FirebaseFirestore-Swift.h -working-directory /Users/khanghnguyen/Downloads/Wishie/Wishie.xcodeproj -experimental-emit-module-separately -disable-cmo

CompileC /Users/khanghnguyen/Library/Developer/Xcode/DerivedData/Wishie-gavmeupfwiyxzhaiqkwzocyeeixy/Build/Intermediates.noindex/Firebase.build/Debug-iphoneos/FirebaseCore.build/Objects-normal/arm64/FIRApp.o /Users/khanghnguyen/Library/Developer/Xcode/DerivedData/Wishie-gavmeupfwiyxzhaiqkwzocyeeixy/SourcePackages/checkouts/firebase-ios-sdk/FirebaseCore/Sources/FIRApp.m normal arm64 objective-c com.apple.compilers.llvm.clang.1_0.compiler (in target 'FirebaseCore' from project 'Firebase')
    cd /Users/khanghnguyen/Downloads/Wishie/Wishie.xcodeproj
    
    Using response file: /Users/khanghnguyen/Library/Developer/Xcode/DerivedData/Wishie-gavmeupfwiyxzhaiqkwzocyeeixy/Build/Intermediates.noindex/Firebase.build/Debug-iphoneos/FirebaseCore.build/Objects-normal/arm64/e6072d4f65d7061329687fe24e3d63a7-common-args.resp
    
    /Applications/Xcode.app/Contents/Developer/Toolchains/XcodeDefault.xctoolchain/usr/bin/clang -x objective-c -ivfsstatcache /Users/khanghnguyen/Library/Developer/Xcode/DerivedData/SDKStatCaches.noindex/iphoneos26.2-23C57-3794476bd08197c3e2abd9bb477ef7f7.sdkstatcache -fmessage-length\=0 -fdiagnostics-show-note-include-stack -fmacro-backtrace-limit\=0 -fno-color-diagnostics -fmodules-prune-interval\=86400 -fmodules-prune-after\=345600 -fbuild-session-file\=/Users/khanghnguyen/Library/Developer/Xcode/DerivedData/ModuleCache.noindex/Session.modulevalidation -fmodules-validate-once-per-build-session -Wnon-modular-include-in-framework-module -Werror\=non-modular-include-in-framework-module -Wno-trigraphs -Wno-missing-field-initializers -Wno-missing-prototypes -Wno-return-type -Wno-implicit-atomic-properties -Wno-objc-interface-ivars -Wno-arc-repeated-use-of-weak -Wno-missing-braces -Wparentheses -Wswitch -Wno-unused-function -Wno-unused-label -Wno-unused-parameter -Wno-unused-variable -Wunused-value -Wno-empty-body -Wno-uninitialized -Wno-unknown-pragmas -w -Wno-shadow -Wno-four-char-constants -Wno-conversion -Wno-constant-conversion -Wno-int-conversion -Wno-bool-conversion -Wno-enum-conversion -Wno-float-conversion -Wno-non-literal-null-conversion -Wno-objc-literal-conversion -Wshorten-64-to-32 -Wpointer-sign -Wno-newline-eof -Wno-selector -Wno-strict-selector-match -Wno-undeclared-selector -Wno-deprecated-implementations -Wno-implicit-fallthrough -fstrict-aliasing -Wprotocol -Wdeprecated-declarations -Wno-sign-conversion -Wno-infinite-recursion -Wno-comma -Wno-block-capture-autoreleasing -Wno-strict-prototypes -Wno-semicolon-before-method-body -index-store-path /Users/khanghnguyen/Library/Developer/Xcode/DerivedData/Wishie-gavmeupfwiyxzhaiqkwzocyeeixy/Index.noindex/DataStore @/Users/khanghnguyen/Library/Developer/Xcode/DerivedData/Wishie-gavmeupfwiyxzhaiqkwzocyeeixy/Build/Intermediates.noindex/Firebase.build/Debug-iphoneos/FirebaseCore.build/Objects-normal/arm64/e6072d4f65d7061329687fe24e3d63a7-common-args.resp -include /Users/khanghnguyen/Library/Developer/Xcode/DerivedData/Wishie-gavmeupfwiyxzhaiqkwzocyeeixy/Build/Intermediates.noindex/Firebase.build/Debug-iphoneos/FirebaseCore.build/DerivedSources/resource_bundle_accessor.h -MMD -MT dependencies -MF /Users/khanghnguyen/Library/Developer/Xcode/DerivedData/Wishie-gavmeupfwiyxzhaiqkwzocyeeixy/Build/Intermediates.noindex/Firebase.build/Debug-iphoneos/FirebaseCore.build/Objects-normal/arm64/FIRApp.d --serialize-diagnostics /Users/khanghnguyen/Library/Developer/Xcode/DerivedData/Wishie-gavmeupfwiyxzhaiqkwzocyeeixy/Build/Intermediates.noindex/Firebase.build/Debug-iphoneos/FirebaseCore.build/Objects-normal/arm64/FIRApp.dia -c /Users/khanghnguyen/Library/Developer/Xcode/DerivedData/Wishie-gavmeupfwiyxzhaiqkwzocyeeixy/SourcePackages/checkouts/firebase-ios-sdk/FirebaseCore/Sources/FIRApp.m -o /Users/khanghnguyen/Library/Developer/Xcode/DerivedData/Wishie-gavmeupfwiyxzhaiqkwzocyeeixy/Build/Intermediates.noindex/Firebase.build/Debug-iphoneos/FirebaseCore.build/Objects-normal/arm64/FIRApp.o -index-unit-output-path /Firebase.build/Debug-iphoneos/FirebaseCore.build/Objects-normal/arm64/FIRApp.o

SwiftCompile normal arm64 Compiling\ TOTPMultiFactorInfo.swift,\ TOTPSecret.swift,\ AuthKeychainServices.swift,\ AuthKeychainStorage.swift,\ AuthKeychainStorageReal.swift,\ AuthUserDefaults.swift,\ AuthAPNSToken.swift,\ AuthAPNSTokenManager.swift,\ AuthAPNSTokenType.swift,\ AuthAppCredential.swift,\ AuthAppCredentialManager.swift,\ AuthNotificationManager.swift,\ AuthStoredUserManager.swift,\ SecureTokenService.swift,\ TokenRefreshCoalescer.swift,\ AdditionalUserInfo.swift,\ User.swift /Users/khanghnguyen/Library/Developer/Xcode/DerivedData/Wishie-gavmeupfwiyxzhaiqkwzocyeeixy/SourcePackages/checkouts/firebase-ios-sdk/FirebaseAuth/Sources/Swift/MultiFactor/TOTP/TOTPMultiFactorInfo.swift /Users/khanghnguyen/Library/Developer/Xcode/DerivedData/Wishie-gavmeupfwiyxzhaiqkwzocyeeixy/SourcePackages/checkouts/firebase-ios-sdk/FirebaseAuth/Sources/Swift/MultiFactor/TOTP/TOTPSecret.swift /Users/khanghnguyen/Library/Developer/Xcode/DerivedData/Wishie-gavmeupfwiyxzhaiqkwzocyeeixy/SourcePackages/checkouts/firebase-ios-sdk/FirebaseAuth/Sources/Swift/Storage/AuthKeychainServices.swift /Users/khanghnguyen/Library/Developer/Xcode/DerivedData/Wishie-gavmeupfwiyxzhaiqkwzocyeeixy/SourcePackages/checkouts/firebase-ios-sdk/FirebaseAuth/Sources/Swift/Storage/AuthKeychainStorage.swift /Users/khanghnguyen/Library/Developer/Xcode/DerivedData/Wishie-gavmeupfwiyxzhaiqkwzocyeeixy/SourcePackages/checkouts/firebase-ios-sdk/FirebaseAuth/Sources/Swift/Storage/AuthKeychainStorageReal.swift /Users/khanghnguyen/Library/Developer/Xcode/DerivedData/Wishie-gavmeupfwiyxzhaiqkwzocyeeixy/SourcePackages/checkouts/firebase-ios-sdk/FirebaseAuth/Sources/Swift/Storage/AuthUserDefaults.swift /Users/khanghnguyen/Library/Developer/Xcode/DerivedData/Wishie-gavmeupfwiyxzhaiqkwzocyeeixy/SourcePackages/checkouts/firebase-ios-sdk/FirebaseAuth/Sources/Swift/SystemService/AuthAPNSToken.swift /Users/khanghnguyen/Library/Developer/Xcode/DerivedData/Wishie-gavmeupfwiyxzhaiqkwzocyeeixy/SourcePackages/checkouts/firebase-ios-sdk/FirebaseAuth/Sources/Swift/SystemService/AuthAPNSTokenManager.swift /Users/khanghnguyen/Library/Developer/Xcode/DerivedData/Wishie-gavmeupfwiyxzhaiqkwzocyeeixy/SourcePackages/checkouts/firebase-ios-sdk/FirebaseAuth/Sources/Swift/SystemService/AuthAPNSTokenType.swift /Users/khanghnguyen/Library/Developer/Xcode/DerivedData/Wishie-gavmeupfwiyxzhaiqkwzocyeeixy/SourcePackages/checkouts/firebase-ios-sdk/FirebaseAuth/Sources/Swift/SystemService/AuthAppCredential.swift /Users/khanghnguyen/Library/Developer/Xcode/DerivedData/Wishie-gavmeupfwiyxzhaiqkwzocyeeixy/SourcePackages/checkouts/firebase-ios-sdk/FirebaseAuth/Sources/Swift/SystemService/AuthAppCredentialManager.swift /Users/khanghnguyen/Library/Developer/Xcode/DerivedData/Wishie-gavmeupfwiyxzhaiqkwzocyeeixy/SourcePackages/checkouts/firebase-ios-sdk/FirebaseAuth/Sources/Swift/SystemService/AuthNotificationManager.swift /Users/khanghnguyen/Library/Developer/Xcode/DerivedData/Wishie-gavmeupfwiyxzhaiqkwzocyeeixy/SourcePackages/checkouts/firebase-ios-sdk/FirebaseAuth/Sources/Swift/SystemService/AuthStoredUserManager.swift /Users/khanghnguyen/Library/Developer/Xcode/DerivedData/Wishie-gavmeupfwiyxzhaiqkwzocyeeixy/SourcePackages/checkouts/firebase-ios-sdk/FirebaseAuth/Sources/Swift/SystemService/SecureTokenService.swift /Users/khanghnguyen/Library/Developer/Xcode/DerivedData/Wishie-gavmeupfwiyxzhaiqkwzocyeeixy/SourcePackages/checkouts/firebase-ios-sdk/FirebaseAuth/Sources/Swift/SystemService/TokenRefreshCoalescer.swift /Users/khanghnguyen/Library/Developer/Xcode/DerivedData/Wishie-gavmeupfwiyxzhaiqkwzocyeeixy/SourcePackages/checkouts/firebase-ios-sdk/FirebaseAuth/Sources/Swift/User/AdditionalUserInfo.swift /Users/khanghnguyen/Library/Developer/Xcode/DerivedData/Wishie-gavmeupfwiyxzhaiqkwzocyeeixy/SourcePackages/checkouts/firebase-ios-sdk/FirebaseAuth/Sources/Swift/User/User.swift (in target 'FirebaseAuth' from project 'Firebase')
SwiftCompile normal arm64 /Users/khanghnguyen/Library/Developer/Xcode/DerivedData/Wishie-gavmeupfwiyxzhaiqkwzocyeeixy/SourcePackages/checkouts/firebase-ios-sdk/FirebaseAuth/Sources/Swift/MultiFactor/TOTP/TOTPMultiFactorInfo.swift (in target 'FirebaseAuth' from project 'Firebase')
    cd /Users/khanghnguyen/Downloads/Wishie/Wishie.xcodeproj
    

SwiftCompile normal arm64 /Users/khanghnguyen/Library/Developer/Xcode/DerivedData/Wishie-gavmeupfwiyxzhaiqkwzocyeeixy/SourcePackages/checkouts/firebase-ios-sdk/FirebaseAuth/Sources/Swift/MultiFactor/TOTP/TOTPSecret.swift (in target 'FirebaseAuth' from project 'Firebase')
    cd /Users/khanghnguyen/Downloads/Wishie/Wishie.xcodeproj
    

SwiftCompile normal arm64 /Users/khanghnguyen/Library/Developer/Xcode/DerivedData/Wishie-gavmeupfwiyxzhaiqkwzocyeeixy/SourcePackages/checkouts/firebase-ios-sdk/FirebaseAuth/Sources/Swift/Storage/AuthKeychainServices.swift (in target 'FirebaseAuth' from project 'Firebase')
    cd /Users/khanghnguyen/Downloads/Wishie/Wishie.xcodeproj
    

SwiftCompile normal arm64 /Users/khanghnguyen/Library/Developer/Xcode/DerivedData/Wishie-gavmeupfwiyxzhaiqkwzocyeeixy/SourcePackages/checkouts/firebase-ios-sdk/FirebaseAuth/Sources/Swift/Storage/AuthKeychainStorage.swift (in target 'FirebaseAuth' from project 'Firebase')
    cd /Users/khanghnguyen/Downloads/Wishie/Wishie.xcodeproj
    

SwiftCompile normal arm64 /Users/khanghnguyen/Library/Developer/Xcode/DerivedData/Wishie-gavmeupfwiyxzhaiqkwzocyeeixy/SourcePackages/checkouts/firebase-ios-sdk/FirebaseAuth/Sources/Swift/Storage/AuthKeychainStorageReal.swift (in target 'FirebaseAuth' from project 'Firebase')
    cd /Users/khanghnguyen/Downloads/Wishie/Wishie.xcodeproj
    

SwiftCompile normal arm64 /Users/khanghnguyen/Library/Developer/Xcode/DerivedData/Wishie-gavmeupfwiyxzhaiqkwzocyeeixy/SourcePackages/checkouts/firebase-ios-sdk/FirebaseAuth/Sources/Swift/Storage/AuthUserDefaults.swift (in target 'FirebaseAuth' from project 'Firebase')
    cd /Users/khanghnguyen/Downloads/Wishie/Wishie.xcodeproj
    

SwiftCompile normal arm64 /Users/khanghnguyen/Library/Developer/Xcode/DerivedData/Wishie-gavmeupfwiyxzhaiqkwzocyeeixy/SourcePackages/checkouts/firebase-ios-sdk/FirebaseAuth/Sources/Swift/SystemService/AuthAPNSToken.swift (in target 'FirebaseAuth' from project 'Firebase')
    cd /Users/khanghnguyen/Downloads/Wishie/Wishie.xcodeproj
    

SwiftCompile normal arm64 /Users/khanghnguyen/Library/Developer/Xcode/DerivedData/Wishie-gavmeupfwiyxzhaiqkwzocyeeixy/SourcePackages/checkouts/firebase-ios-sdk/FirebaseAuth/Sources/Swift/SystemService/AuthAPNSTokenManager.swift (in target 'FirebaseAuth' from project 'Firebase')
    cd /Users/khanghnguyen/Downloads/Wishie/Wishie.xcodeproj
    

SwiftCompile normal arm64 /Users/khanghnguyen/Library/Developer/Xcode/DerivedData/Wishie-gavmeupfwiyxzhaiqkwzocyeeixy/SourcePackages/checkouts/firebase-ios-sdk/FirebaseAuth/Sources/Swift/SystemService/AuthAPNSTokenType.swift (in target 'FirebaseAuth' from project 'Firebase')
    cd /Users/khanghnguyen/Downloads/Wishie/Wishie.xcodeproj
    

SwiftCompile normal arm64 /Users/khanghnguyen/Library/Developer/Xcode/DerivedData/Wishie-gavmeupfwiyxzhaiqkwzocyeeixy/SourcePackages/checkouts/firebase-ios-sdk/FirebaseAuth/Sources/Swift/SystemService/AuthAppCredential.swift (in target 'FirebaseAuth' from project 'Firebase')
    cd /Users/khanghnguyen/Downloads/Wishie/Wishie.xcodeproj
    

SwiftCompile normal arm64 /Users/khanghnguyen/Library/Developer/Xcode/DerivedData/Wishie-gavmeupfwiyxzhaiqkwzocyeeixy/SourcePackages/checkouts/firebase-ios-sdk/FirebaseAuth/Sources/Swift/SystemService/AuthAppCredentialManager.swift (in target 'FirebaseAuth' from project 'Firebase')
    cd /Users/khanghnguyen/Downloads/Wishie/Wishie.xcodeproj
    

SwiftCompile normal arm64 /Users/khanghnguyen/Library/Developer/Xcode/DerivedData/Wishie-gavmeupfwiyxzhaiqkwzocyeeixy/SourcePackages/checkouts/firebase-ios-sdk/FirebaseAuth/Sources/Swift/SystemService/AuthNotificationManager.swift (in target 'FirebaseAuth' from project 'Firebase')
    cd /Users/khanghnguyen/Downloads/Wishie/Wishie.xcodeproj
    

SwiftCompile normal arm64 /Users/khanghnguyen/Library/Developer/Xcode/DerivedData/Wishie-gavmeupfwiyxzhaiqkwzocyeeixy/SourcePackages/checkouts/firebase-ios-sdk/FirebaseAuth/Sources/Swift/SystemService/AuthStoredUserManager.swift (in target 'FirebaseAuth' from project 'Firebase')
    cd /Users/khanghnguyen/Downloads/Wishie/Wishie.xcodeproj
    

SwiftCompile normal arm64 /Users/khanghnguyen/Library/Developer/Xcode/DerivedData/Wishie-gavmeupfwiyxzhaiqkwzocyeeixy/SourcePackages/checkouts/firebase-ios-sdk/FirebaseAuth/Sources/Swift/SystemService/SecureTokenService.swift (in target 'FirebaseAuth' from project 'Firebase')
    cd /Users/khanghnguyen/Downloads/Wishie/Wishie.xcodeproj
    

SwiftCompile normal arm64 /Users/khanghnguyen/Library/Developer/Xcode/DerivedData/Wishie-gavmeupfwiyxzhaiqkwzocyeeixy/SourcePackages/checkouts/firebase-ios-sdk/FirebaseAuth/Sources/Swift/SystemService/TokenRefreshCoalescer.swift (in target 'FirebaseAuth' from project 'Firebase')
    cd /Users/khanghnguyen/Downloads/Wishie/Wishie.xcodeproj
    

SwiftCompile normal arm64 /Users/khanghnguyen/Library/Developer/Xcode/DerivedData/Wishie-gavmeupfwiyxzhaiqkwzocyeeixy/SourcePackages/checkouts/firebase-ios-sdk/FirebaseAuth/Sources/Swift/User/AdditionalUserInfo.swift (in target 'FirebaseAuth' from project 'Firebase')
    cd /Users/khanghnguyen/Downloads/Wishie/Wishie.xcodeproj
    

SwiftCompile normal arm64 /Users/khanghnguyen/Library/Developer/Xcode/DerivedData/Wishie-gavmeupfwiyxzhaiqkwzocyeeixy/SourcePackages/checkouts/firebase-ios-sdk/FirebaseAuth/Sources/Swift/User/User.swift (in target 'FirebaseAuth' from project 'Firebase')
    cd /Users/khanghnguyen/Downloads/Wishie/Wishie.xcodeproj
    

Ld /Users/khanghnguyen/Library/Developer/Xcode/DerivedData/Wishie-gavmeupfwiyxzhaiqkwzocyeeixy/Build/Products/Debug-iphoneos/FirebaseCore.o normal (in target 'FirebaseCore' from project 'Firebase')
    cd /Users/khanghnguyen/Library/Developer/Xcode/DerivedData/Wishie-gavmeupfwiyxzhaiqkwzocyeeixy/SourcePackages/checkouts/firebase-ios-sdk
    /Applications/Xcode.app/Contents/Developer/Toolchains/XcodeDefault.xctoolchain/usr/bin/clang -Xlinker -reproducible -target arm64-apple-ios15.0 -r -isysroot /Applications/Xcode.app/Contents/Developer/Platforms/iPhoneOS.platform/Developer/SDKs/iPhoneOS26.2.sdk -O0 -w -L/Users/khanghnguyen/Library/Developer/Xcode/DerivedData/Wishie-gavmeupfwiyxzhaiqkwzocyeeixy/Build/Intermediates.noindex/EagerLinkingTBDs/Debug-iphoneos -L/Users/khanghnguyen/Library/Developer/Xcode/DerivedData/Wishie-gavmeupfwiyxzhaiqkwzocyeeixy/Build/Products/Debug-iphoneos -L/Applications/Xcode.app/Contents/Developer/Platforms/iPhoneOS.platform/Developer/usr/lib -F/Users/khanghnguyen/Library/Developer/Xcode/DerivedData/Wishie-gavmeupfwiyxzhaiqkwzocyeeixy/Build/Intermediates.noindex/EagerLinkingTBDs/Debug-iphoneos -F/Users/khanghnguyen/Library/Developer/Xcode/DerivedData/Wishie-gavmeupfwiyxzhaiqkwzocyeeixy/Build/Products/Debug-iphoneos/PackageFrameworks -F/Users/khanghnguyen/Library/Developer/Xcode/DerivedData/Wishie-gavmeupfwiyxzhaiqkwzocyeeixy/Build/Products/Debug-iphoneos/PackageFrameworks -F/Users/khanghnguyen/Library/Developer/Xcode/DerivedData/Wishie-gavmeupfwiyxzhaiqkwzocyeeixy/Build/Products/Debug-iphoneos/PackageFrameworks -F/Users/khanghnguyen/Library/Developer/Xcode/DerivedData/Wishie-gavmeupfwiyxzhaiqkwzocyeeixy/Build/Products/Debug-iphoneos/PackageFrameworks -F/Users/khanghnguyen/Library/Developer/Xcode/DerivedData/Wishie-gavmeupfwiyxzhaiqkwzocyeeixy/Build/Products/Debug-iphoneos/PackageFrameworks -F/Users/khanghnguyen/Library/Developer/Xcode/DerivedData/Wishie-gavmeupfwiyxzhaiqkwzocyeeixy/Build/Products/Debug-iphoneos/PackageFrameworks -F/Users/khanghnguyen/Library/Developer/Xcode/DerivedData/Wishie-gavmeupfwiyxzhaiqkwzocyeeixy/Build/Products/Debug-iphoneos -iframework /Applications/Xcode.app/Contents/Developer/Platforms/iPhoneOS.platform/Developer/Library/Frameworks -iframework /Applications/Xcode.app/Contents/Developer/Platforms/iPhoneOS.platform/Developer/SDKs/iPhoneOS26.2.sdk/Developer/Library/Frameworks -filelist /Users/khanghnguyen/Library/Developer/Xcode/DerivedData/Wishie-gavmeupfwiyxzhaiqkwzocyeeixy/Build/Intermediates.noindex/Firebase.build/Debug-iphoneos/FirebaseCore.build/Objects-normal/arm64/FirebaseCore.LinkFileList -nostdlib -Xlinker -object_path_lto -Xlinker /Users/khanghnguyen/Library/Developer/Xcode/DerivedData/Wishie-gavmeupfwiyxzhaiqkwzocyeeixy/Build/Intermediates.noindex/Firebase.build/Debug-iphoneos/FirebaseCore.build/Objects-normal/arm64/FirebaseCore_lto.o -rdynamic -Xlinker -no_deduplicate -Xlinker -debug_variant -Xlinker -dependency_info -Xlinker /Users/khanghnguyen/Library/Developer/Xcode/DerivedData/Wishie-gavmeupfwiyxzhaiqkwzocyeeixy/Build/Intermediates.noindex/Firebase.build/Debug-iphoneos/FirebaseCore.build/Objects-normal/arm64/FirebaseCore_dependency_info.dat -fobjc-arc -fobjc-link-runtime -o /Users/khanghnguyen/Library/Developer/Xcode/DerivedData/Wishie-gavmeupfwiyxzhaiqkwzocyeeixy/Build/Products/Debug-iphoneos/FirebaseCore.o

SwiftDriverJobDiscovery normal arm64 Compiling FinalizeMFASignInResponse.swift, StartMFASignInRequest.swift, StartMFASignInResponse.swift, WithdrawMFARequest.swift, WithdrawMFAResponse.swift, AuthProto.swift, AuthProtoMFAEnrollment.swift, AuthProtoFinalizeMFAPhoneRequestInfo.swift, AuthProtoFinalizeMFAPhoneResponseInfo.swift, AuthProtoStartMFAPhoneRequestInfo.swift, AuthProtoStartMFAPhoneResponseInfo.swift, AuthProtoFinalizeMFATOTPEnrollmentRequestInfo.swift, AuthProtoFinalizeMFATOTPEnrollmentResponseInfo.swift, AuthProtoFinalizeMFATOTPSignInRequestInfo.swift, AuthProtoStartMFATOTPEnrollmentRequestInfo.swift, AuthProtoStartMFATOTPEnrollmentResponseInfo.swift, ResetPasswordRequest.swift (in target 'FirebaseAuth' from project 'Firebase')

SwiftDriver\ Compilation DotLottie normal arm64 com.apple.xcode.tools.swift.compiler (in target 'DotLottie' from project 'DotLottie')
    cd /Users/khanghnguyen/Downloads/Wishie/Wishie.xcodeproj
    builtin-Swift-Compilation -- /Applications/Xcode.app/Contents/Developer/Toolchains/XcodeDefault.xctoolchain/usr/bin/swiftc -module-name DotLottie -Onone -enforce-exclusivity\=checked @/Users/khanghnguyen/Library/Developer/Xcode/DerivedData/Wishie-gavmeupfwiyxzhaiqkwzocyeeixy/Build/Intermediates.noindex/DotLottie.build/Debug-iphoneos/DotLottie.build/Objects-normal/arm64/DotLottie.SwiftFileList -DSWIFT_PACKAGE -DDEBUG -DSWIFT_MODULE_RESOURCE_BUNDLE_UNAVAILABLE -DXcode -plugin-path /Applications/Xcode.app/Contents/Developer/Toolchains/XcodeDefault.xctoolchain/usr/lib/swift/host/plugins/testing -enable-experimental-feature DebugDescriptionMacro -sdk /Applications/Xcode.app/Contents/Developer/Platforms/iPhoneOS.platform/Developer/SDKs/iPhoneOS26.2.sdk -target arm64-apple-ios13.0 -g -module-cache-path /Users/khanghnguyen/Library/Developer/Xcode/DerivedData/ModuleCache.noindex -Xfrontend -serialize-debugging-options -profile-coverage-mapping -profile-generate -enable-testing -suppress-warnings -index-store-path /Users/khanghnguyen/Library/Developer/Xcode/DerivedData/Wishie-gavmeupfwiyxzhaiqkwzocyeeixy/Index.noindex/DataStore -Xcc -D_LIBCPP_HARDENING_MODE\=_LIBCPP_HARDENING_MODE_DEBUG -swift-version 5 -I /Users/khanghnguyen/Library/Developer/Xcode/DerivedData/Wishie-gavmeupfwiyxzhaiqkwzocyeeixy/Build/Products/Debug-iphoneos -Isystem /Applications/Xcode.app/Contents/Developer/Platforms/iPhoneOS.platform/Developer/usr/lib -F /Users/khanghnguyen/Library/Developer/Xcode/DerivedData/Wishie-gavmeupfwiyxzhaiqkwzocyeeixy/Build/Products/Debug-iphoneos -F /Applications/Xcode.app/Contents/Developer/Platforms/iPhoneOS.platform/Developer/Library/Frameworks -F /Applications/Xcode.app/Contents/Developer/Platforms/iPhoneOS.platform/Developer/SDKs/iPhoneOS26.2.sdk/Developer/Library/Frameworks -c -j8 -enable-batch-mode -incremental -Xcc -ivfsstatcache -Xcc /Users/khanghnguyen/Library/Developer/Xcode/DerivedData/SDKStatCaches.noindex/iphoneos26.2-23C57-3794476bd08197c3e2abd9bb477ef7f7.sdkstatcache -output-file-map /Users/khanghnguyen/Library/Developer/Xcode/DerivedData/Wishie-gavmeupfwiyxzhaiqkwzocyeeixy/Build/Intermediates.noindex/DotLottie.build/Debug-iphoneos/DotLottie.build/Objects-normal/arm64/DotLottie-OutputFileMap.json -use-frontend-parseable-output -save-temps -no-color-diagnostics -explicit-module-build -module-cache-path /Users/khanghnguyen/Library/Developer/Xcode/DerivedData/Wishie-gavmeupfwiyxzhaiqkwzocyeeixy/Build/Intermediates.noindex/SwiftExplicitPrecompiledModules -clang-scanner-module-cache-path /Users/khanghnguyen/Library/Developer/Xcode/DerivedData/ModuleCache.noindex -sdk-module-cache-path /Users/khanghnguyen/Library/Developer/Xcode/DerivedData/ModuleCache.noindex -serialize-diagnostics -emit-dependencies -emit-module -emit-module-path /Users/khanghnguyen/Library/Developer/Xcode/DerivedData/Wishie-gavmeupfwiyxzhaiqkwzocyeeixy/Build/Intermediates.noindex/DotLottie.build/Debug-iphoneos/DotLottie.build/Objects-normal/arm64/DotLottie.swiftmodule -validate-clang-modules-once -clang-build-session-file /Users/khanghnguyen/Library/Developer/Xcode/DerivedData/ModuleCache.noindex/Session.modulevalidation -Xcc -I/Users/khanghnguyen/Library/Developer/Xcode/DerivedData/Wishie-gavmeupfwiyxzhaiqkwzocyeeixy/Build/Intermediates.noindex/DotLottie.build/Debug-iphoneos/DotLottie.build/swift-overrides.hmap -emit-const-values -Xfrontend -const-gather-protocols-file -Xfrontend /Users/khanghnguyen/Library/Developer/Xcode/DerivedData/Wishie-gavmeupfwiyxzhaiqkwzocyeeixy/Build/Intermediates.noindex/DotLottie.build/Debug-iphoneos/DotLottie.build/Objects-normal/arm64/DotLottie_const_extract_protocols.json -Xcc -I/Users/khanghnguyen/Library/Developer/Xcode/DerivedData/Wishie-gavmeupfwiyxzhaiqkwzocyeeixy/Build/Products/Debug-iphoneos/include -Xcc -I/Users/khanghnguyen/Library/Developer/Xcode/DerivedData/Wishie-gavmeupfwiyxzhaiqkwzocyeeixy/Build/Intermediates.noindex/DotLottie.build/Debug-iphoneos/DotLottie.build/DerivedSources-normal/arm64 -Xcc -I/Users/khanghnguyen/Library/Developer/Xcode/DerivedData/Wishie-gavmeupfwiyxzhaiqkwzocyeeixy/Build/Intermediates.noindex/DotLottie.build/Debug-iphoneos/DotLottie.build/DerivedSources/arm64 -Xcc -I/Users/khanghnguyen/Library/Developer/Xcode/DerivedData/Wishie-gavmeupfwiyxzhaiqkwzocyeeixy/Build/Intermediates.noindex/DotLottie.build/Debug-iphoneos/DotLottie.build/DerivedSources -Xcc -DSWIFT_PACKAGE -Xcc -DDEBUG\=1 -emit-objc-header -emit-objc-header-path /Users/khanghnguyen/Library/Developer/Xcode/DerivedData/Wishie-gavmeupfwiyxzhaiqkwzocyeeixy/Build/Intermediates.noindex/DotLottie.build/Debug-iphoneos/DotLottie.build/Objects-normal/arm64/DotLottie-Swift.h -working-directory /Users/khanghnguyen/Downloads/Wishie/Wishie.xcodeproj -experimental-emit-module-separately -disable-cmo

SwiftCompile normal arm64 Compiling\ ImmediateClock.swift /Users/khanghnguyen/Library/Developer/Xcode/DerivedData/Wishie-gavmeupfwiyxzhaiqkwzocyeeixy/SourcePackages/checkouts/swift-clocks/Sources/Clocks/ImmediateClock.swift (in target 'Clocks' from project 'swift-clocks')

SwiftCompile normal arm64 /Users/khanghnguyen/Library/Developer/Xcode/DerivedData/Wishie-gavmeupfwiyxzhaiqkwzocyeeixy/SourcePackages/checkouts/swift-clocks/Sources/Clocks/ImmediateClock.swift (in target 'Clocks' from project 'swift-clocks')
    cd /Users/khanghnguyen/Downloads/Wishie/Wishie.xcodeproj
    

SwiftCompile normal arm64 Compiling\ Timer.swift /Users/khanghnguyen/Library/Developer/Xcode/DerivedData/Wishie-gavmeupfwiyxzhaiqkwzocyeeixy/SourcePackages/checkouts/swift-clocks/Sources/Clocks/Timer.swift (in target 'Clocks' from project 'swift-clocks')

SwiftCompile normal arm64 /Users/khanghnguyen/Library/Developer/Xcode/DerivedData/Wishie-gavmeupfwiyxzhaiqkwzocyeeixy/SourcePackages/checkouts/swift-clocks/Sources/Clocks/Timer.swift (in target 'Clocks' from project 'swift-clocks')
    cd /Users/khanghnguyen/Downloads/Wishie/Wishie.xcodeproj
    

SwiftDriverJobDiscovery normal arm64 Compiling DeleteAccountRequest.swift, DeleteAccountResponse.swift, EmailLinkSignInRequest.swift, EmailLinkSignInResponse.swift, GetAccountInfoRequest.swift, GetAccountInfoResponse.swift, GetOOBConfirmationCodeRequest.swift, GetOOBConfirmationCodeResponse.swift, GetProjectConfigRequest.swift, GetProjectConfigResponse.swift, GetRecaptchaConfigRequest.swift, GetRecaptchaConfigResponse.swift, FinalizeMFAEnrollmentRequest.swift, FinalizeMFAEnrollmentResponse.swift, StartMFAEnrollmentRequest.swift, StartMFAEnrollmentResponse.swift, FinalizeMFASignInRequest.swift (in target 'FirebaseAuth' from project 'Firebase')

SwiftCompile normal arm64 Compiling\ UnimplementedClock.swift /Users/khanghnguyen/Library/Developer/Xcode/DerivedData/Wishie-gavmeupfwiyxzhaiqkwzocyeeixy/SourcePackages/checkouts/swift-clocks/Sources/Clocks/UnimplementedClock.swift (in target 'Clocks' from project 'swift-clocks')

SwiftCompile normal arm64 /Users/khanghnguyen/Library/Developer/Xcode/DerivedData/Wishie-gavmeupfwiyxzhaiqkwzocyeeixy/SourcePackages/checkouts/swift-clocks/Sources/Clocks/UnimplementedClock.swift (in target 'Clocks' from project 'swift-clocks')
    cd /Users/khanghnguyen/Downloads/Wishie/Wishie.xcodeproj
    

SwiftDriverJobDiscovery normal arm64 Compiling VerifyPasswordRequest.swift, VerifyPasswordResponse.swift, VerifyPhoneNumberRequest.swift, VerifyPhoneNumberResponse.swift, VerifyClientRequest.swift, VerifyClientResponse.swift, Base64URLEncodedStringExtension.swift, MultiFactor.swift, MultiFactorAssertion.swift, MultiFactorInfo.swift, MultiFactorResolver.swift, MultiFactorSession.swift, PhoneMultiFactorAssertion.swift, PhoneMultiFactorGenerator.swift, PhoneMultiFactorInfo.swift, TOTPMultFactorAssertion.swift, TOTPMultiFactorGenerator.swift (in target 'FirebaseAuth' from project 'Firebase')

SwiftCompile normal arm64 Compiling\ Lock.swift /Users/khanghnguyen/Library/Developer/Xcode/DerivedData/Wishie-gavmeupfwiyxzhaiqkwzocyeeixy/SourcePackages/checkouts/swift-clocks/Sources/Clocks/Internal/Lock.swift (in target 'Clocks' from project 'swift-clocks')

SwiftCompile normal arm64 /Users/khanghnguyen/Library/Developer/Xcode/DerivedData/Wishie-gavmeupfwiyxzhaiqkwzocyeeixy/SourcePackages/checkouts/swift-clocks/Sources/Clocks/Internal/Lock.swift (in target 'Clocks' from project 'swift-clocks')
    cd /Users/khanghnguyen/Downloads/Wishie/Wishie.xcodeproj
    

SwiftDriverJobDiscovery normal arm64 Compiling UserInfo.swift, UserInfoImpl.swift, UserMetadata.swift, UserProfileChangeRequest.swift, UserProfileUpdate.swift, AuthCondition.swift, AuthDefaultUIDelegate.swift, AuthErrorUtils.swift, AuthErrors.swift, AuthInternalErrors.swift, AuthLog.swift, AuthRecaptchaVerifier.swift, AuthUIDelegate.swift, AuthURLPresenter.swift, AuthWebUtils.swift, AuthWebView.swift, AuthWebViewController.swift (in target 'FirebaseAuth' from project 'Firebase')

SwiftCompile normal arm64 Compiling\ TestClock.swift /Users/khanghnguyen/Library/Developer/Xcode/DerivedData/Wishie-gavmeupfwiyxzhaiqkwzocyeeixy/SourcePackages/checkouts/swift-clocks/Sources/Clocks/TestClock.swift (in target 'Clocks' from project 'swift-clocks')

SwiftCompile normal arm64 /Users/khanghnguyen/Library/Developer/Xcode/DerivedData/Wishie-gavmeupfwiyxzhaiqkwzocyeeixy/SourcePackages/checkouts/swift-clocks/Sources/Clocks/TestClock.swift (in target 'Clocks' from project 'swift-clocks')
    cd /Users/khanghnguyen/Downloads/Wishie/Wishie.xcodeproj
    

SwiftDriverJobDiscovery normal arm64 Compiling ResetPasswordResponse.swift, RevokeTokenRequest.swift, RevokeTokenResponse.swift, SecureTokenRequest.swift, SecureTokenResponse.swift, SendVerificationTokenRequest.swift, SendVerificationTokenResponse.swift, SetAccountInfoRequest.swift, SetAccountInfoResponse.swift, SignInWithGameCenterRequest.swift, SignInWithGameCenterResponse.swift, SignUpNewUserRequest.swift, SignUpNewUserResponse.swift, VerifyAssertionRequest.swift, VerifyAssertionResponse.swift, VerifyCustomTokenRequest.swift, VerifyCustomTokenResponse.swift (in target 'FirebaseAuth' from project 'Firebase')

SwiftDriverJobDiscovery normal arm64 Compiling FederatedAuthProvider.swift, GameCenterAuthProvider.swift, GitHubAuthProvider.swift, GoogleAuthProvider.swift, OAuthCredential.swift, OAuthProvider.swift, PhoneAuthCredential.swift, PhoneAuthProvider.swift, TwitterAuthProvider.swift, AuthBackend.swift, AuthBackendRPCIssuer.swift, AuthRPCRequest.swift, AuthRPCResponse.swift, AuthRequestConfiguration.swift, IdentityToolkitRequest.swift, AuthMFAResponse.swift, CreateAuthURIRequest.swift, CreateAuthURIResponse.swift (in target 'FirebaseAuth' from project 'Firebase')

Ld /Users/khanghnguyen/Library/Developer/Xcode/DerivedData/Wishie-gavmeupfwiyxzhaiqkwzocyeeixy/Build/Products/Debug-iphoneos/DotLottie.o normal (in target 'DotLottie' from project 'DotLottie')
    cd /Users/khanghnguyen/Library/Developer/Xcode/DerivedData/Wishie-gavmeupfwiyxzhaiqkwzocyeeixy/SourcePackages/checkouts/dotlottie-ios
    /Applications/Xcode.app/Contents/Developer/Toolchains/XcodeDefault.xctoolchain/usr/bin/clang -Xlinker -reproducible -target arm64-apple-ios13.0 -r -isysroot /Applications/Xcode.app/Contents/Developer/Platforms/iPhoneOS.platform/Developer/SDKs/iPhoneOS26.2.sdk -O0 -w -L/Users/khanghnguyen/Library/Developer/Xcode/DerivedData/Wishie-gavmeupfwiyxzhaiqkwzocyeeixy/Build/Intermediates.noindex/EagerLinkingTBDs/Debug-iphoneos -L/Users/khanghnguyen/Library/Developer/Xcode/DerivedData/Wishie-gavmeupfwiyxzhaiqkwzocyeeixy/Build/Products/Debug-iphoneos -L/Applications/Xcode.app/Contents/Developer/Platforms/iPhoneOS.platform/Developer/usr/lib -F/Users/khanghnguyen/Library/Developer/Xcode/DerivedData/Wishie-gavmeupfwiyxzhaiqkwzocyeeixy/Build/Intermediates.noindex/EagerLinkingTBDs/Debug-iphoneos -F/Users/khanghnguyen/Library/Developer/Xcode/DerivedData/Wishie-gavmeupfwiyxzhaiqkwzocyeeixy/Build/Products/Debug-iphoneos -iframework /Applications/Xcode.app/Contents/Developer/Platforms/iPhoneOS.platform/Developer/Library/Frameworks -iframework /Applications/Xcode.app/Contents/Developer/Platforms/iPhoneOS.platform/Developer/SDKs/iPhoneOS26.2.sdk/Developer/Library/Frameworks -filelist /Users/khanghnguyen/Library/Developer/Xcode/DerivedData/Wishie-gavmeupfwiyxzhaiqkwzocyeeixy/Build/Intermediates.noindex/DotLottie.build/Debug-iphoneos/DotLottie.build/Objects-normal/arm64/DotLottie.LinkFileList -nostdlib -Xlinker -object_path_lto -Xlinker /Users/khanghnguyen/Library/Developer/Xcode/DerivedData/Wishie-gavmeupfwiyxzhaiqkwzocyeeixy/Build/Intermediates.noindex/DotLottie.build/Debug-iphoneos/DotLottie.build/Objects-normal/arm64/DotLottie_lto.o -rdynamic -Xlinker -no_deduplicate -Xlinker -debug_variant -Xlinker -dependency_info -Xlinker /Users/khanghnguyen/Library/Developer/Xcode/DerivedData/Wishie-gavmeupfwiyxzhaiqkwzocyeeixy/Build/Intermediates.noindex/DotLottie.build/Debug-iphoneos/DotLottie.build/Objects-normal/arm64/DotLottie_dependency_info.dat -fobjc-link-runtime -L/Applications/Xcode.app/Contents/Developer/Toolchains/XcodeDefault.xctoolchain/usr/lib/swift/iphoneos -L/usr/lib/swift -Xlinker -add_ast_path -Xlinker /Users/khanghnguyen/Library/Developer/Xcode/DerivedData/Wishie-gavmeupfwiyxzhaiqkwzocyeeixy/Build/Intermediates.noindex/DotLottie.build/Debug-iphoneos/DotLottie.build/Objects-normal/arm64/DotLottie.swiftmodule @/Users/khanghnguyen/Library/Developer/Xcode/DerivedData/Wishie-gavmeupfwiyxzhaiqkwzocyeeixy/Build/Intermediates.noindex/DotLottie.build/Debug-iphoneos/DotLottie.build/Objects-normal/arm64/DotLottie-linker-args.resp -o /Users/khanghnguyen/Library/Developer/Xcode/DerivedData/Wishie-gavmeupfwiyxzhaiqkwzocyeeixy/Build/Products/Debug-iphoneos/DotLottie.o

SwiftDriverJobDiscovery normal arm64 Compiling ImmediateClock.swift (in target 'Clocks' from project 'swift-clocks')

RegisterExecutionPolicyException /Users/khanghnguyen/Library/Developer/Xcode/DerivedData/Wishie-gavmeupfwiyxzhaiqkwzocyeeixy/Build/Products/Debug-iphoneos/grpcppWrapper.o (in target 'grpcppWrapper' from project 'gRPC')
    cd /Users/khanghnguyen/Library/Developer/Xcode/DerivedData/Wishie-gavmeupfwiyxzhaiqkwzocyeeixy/SourcePackages/checkouts/grpc-binary
    builtin-RegisterExecutionPolicyException /Users/khanghnguyen/Library/Developer/Xcode/DerivedData/Wishie-gavmeupfwiyxzhaiqkwzocyeeixy/Build/Products/Debug-iphoneos/grpcppWrapper.o

SwiftDriver Helpers normal arm64 com.apple.xcode.tools.swift.compiler (in target 'Helpers' from project 'Supabase')
    cd /Users/khanghnguyen/Downloads/Wishie/Wishie.xcodeproj
    builtin-SwiftDriver -- /Applications/Xcode.app/Contents/Developer/Toolchains/XcodeDefault.xctoolchain/usr/bin/swiftc -module-name Helpers -Onone -enforce-exclusivity\=checked @/Users/khanghnguyen/Library/Developer/Xcode/DerivedData/Wishie-gavmeupfwiyxzhaiqkwzocyeeixy/Build/Intermediates.noindex/Supabase.build/Debug-iphoneos/Helpers.build/Objects-normal/arm64/Helpers.SwiftFileList -DSWIFT_PACKAGE -DDEBUG -DSWIFT_MODULE_RESOURCE_BUNDLE_UNAVAILABLE -DXcode -enable-upcoming-feature ExistentialAny -enable-experimental-feature StrictConcurrency -plugin-path /Applications/Xcode.app/Contents/Developer/Toolchains/XcodeDefault.xctoolchain/usr/lib/swift/host/plugins/testing -enable-experimental-feature DebugDescriptionMacro -sdk /Applications/Xcode.app/Contents/Developer/Platforms/iPhoneOS.platform/Developer/SDKs/iPhoneOS26.2.sdk -target arm64-apple-ios13.0 -g -module-cache-path /Users/khanghnguyen/Library/Developer/Xcode/DerivedData/ModuleCache.noindex -Xfrontend -serialize-debugging-options -profile-coverage-mapping -profile-generate -enable-testing -suppress-warnings -index-store-path /Users/khanghnguyen/Library/Developer/Xcode/DerivedData/Wishie-gavmeupfwiyxzhaiqkwzocyeeixy/Index.noindex/DataStore -Xcc -D_LIBCPP_HARDENING_MODE\=_LIBCPP_HARDENING_MODE_DEBUG -swift-version 5 -I /Users/khanghnguyen/Library/Developer/Xcode/DerivedData/Wishie-gavmeupfwiyxzhaiqkwzocyeeixy/Build/Products/Debug-iphoneos -Isystem /Applications/Xcode.app/Contents/Developer/Platforms/iPhoneOS.platform/Developer/usr/lib -F /Users/khanghnguyen/Library/Developer/Xcode/DerivedData/Wishie-gavmeupfwiyxzhaiqkwzocyeeixy/Build/Products/Debug-iphoneos/PackageFrameworks -F /Users/khanghnguyen/Library/Developer/Xcode/DerivedData/Wishie-gavmeupfwiyxzhaiqkwzocyeeixy/Build/Products/Debug-iphoneos/PackageFrameworks -F /Users/khanghnguyen/Library/Developer/Xcode/DerivedData/Wishie-gavmeupfwiyxzhaiqkwzocyeeixy/Build/Products/Debug-iphoneos/PackageFrameworks -F /Users/khanghnguyen/Library/Developer/Xcode/DerivedData/Wishie-gavmeupfwiyxzhaiqkwzocyeeixy/Build/Products/Debug-iphoneos/PackageFrameworks -F /Users/khanghnguyen/Library/Developer/Xcode/DerivedData/Wishie-gavmeupfwiyxzhaiqkwzocyeeixy/Build/Products/Debug-iphoneos/PackageFrameworks -F /Users/khanghnguyen/Library/Developer/Xcode/DerivedData/Wishie-gavmeupfwiyxzhaiqkwzocyeeixy/Build/Products/Debug-iphoneos/PackageFrameworks -F /Users/khanghnguyen/Library/Developer/Xcode/DerivedData/Wishie-gavmeupfwiyxzhaiqkwzocyeeixy/Build/Products/Debug-iphoneos -F /Applications/Xcode.app/Contents/Developer/Platforms/iPhoneOS.platform/Developer/Library/Frameworks -F /Applications/Xcode.app/Contents/Developer/Platforms/iPhoneOS.platform/Developer/SDKs/iPhoneOS26.2.sdk/Developer/Library/Frameworks -c -j8 -enable-batch-mode -incremental -Xcc -ivfsstatcache -Xcc /Users/khanghnguyen/Library/Developer/Xcode/DerivedData/SDKStatCaches.noindex/iphoneos26.2-23C57-3794476bd08197c3e2abd9bb477ef7f7.sdkstatcache -output-file-map /Users/khanghnguyen/Library/Developer/Xcode/DerivedData/Wishie-gavmeupfwiyxzhaiqkwzocyeeixy/Build/Intermediates.noindex/Supabase.build/Debug-iphoneos/Helpers.build/Objects-normal/arm64/Helpers-OutputFileMap.json -use-frontend-parseable-output -save-temps -no-color-diagnostics -explicit-module-build -module-cache-path /Users/khanghnguyen/Library/Developer/Xcode/DerivedData/Wishie-gavmeupfwiyxzhaiqkwzocyeeixy/Build/Intermediates.noindex/SwiftExplicitPrecompiledModules -clang-scanner-module-cache-path /Users/khanghnguyen/Library/Developer/Xcode/DerivedData/ModuleCache.noindex -sdk-module-cache-path /Users/khanghnguyen/Library/Developer/Xcode/DerivedData/ModuleCache.noindex -serialize-diagnostics -emit-dependencies -emit-module -emit-module-path /Users/khanghnguyen/Library/Developer/Xcode/DerivedData/Wishie-gavmeupfwiyxzhaiqkwzocyeeixy/Build/Intermediates.noindex/Supabase.build/Debug-iphoneos/Helpers.build/Objects-normal/arm64/Helpers.swiftmodule -validate-clang-modules-once -clang-build-session-file /Users/khanghnguyen/Library/Developer/Xcode/DerivedData/ModuleCache.noindex/Session.modulevalidation -package-name supabase_swift -Xcc -I/Users/khanghnguyen/Library/Developer/Xcode/DerivedData/Wishie-gavmeupfwiyxzhaiqkwzocyeeixy/Build/Intermediates.noindex/Supabase.build/Debug-iphoneos/Helpers.build/swift-overrides.hmap -emit-const-values -Xfrontend -const-gather-protocols-file -Xfrontend /Users/khanghnguyen/Library/Developer/Xcode/DerivedData/Wishie-gavmeupfwiyxzhaiqkwzocyeeixy/Build/Intermediates.noindex/Supabase.build/Debug-iphoneos/Helpers.build/Objects-normal/arm64/Helpers_const_extract_protocols.json -Xcc -I/Users/khanghnguyen/Library/Developer/Xcode/DerivedData/Wishie-gavmeupfwiyxzhaiqkwzocyeeixy/Build/Products/Debug-iphoneos/include -Xcc -I/Users/khanghnguyen/Library/Developer/Xcode/DerivedData/Wishie-gavmeupfwiyxzhaiqkwzocyeeixy/Build/Intermediates.noindex/Supabase.build/Debug-iphoneos/Helpers.build/DerivedSources-normal/arm64 -Xcc -I/Users/khanghnguyen/Library/Developer/Xcode/DerivedData/Wishie-gavmeupfwiyxzhaiqkwzocyeeixy/Build/Intermediates.noindex/Supabase.build/Debug-iphoneos/Helpers.build/DerivedSources/arm64 -Xcc -I/Users/khanghnguyen/Library/Developer/Xcode/DerivedData/Wishie-gavmeupfwiyxzhaiqkwzocyeeixy/Build/Intermediates.noindex/Supabase.build/Debug-iphoneos/Helpers.build/DerivedSources -Xcc -DSWIFT_PACKAGE -Xcc -DDEBUG\=1 -emit-objc-header -emit-objc-header-path /Users/khanghnguyen/Library/Developer/Xcode/DerivedData/Wishie-gavmeupfwiyxzhaiqkwzocyeeixy/Build/Intermediates.noindex/Supabase.build/Debug-iphoneos/Helpers.build/Objects-normal/arm64/Helpers-Swift.h -working-directory /Users/khanghnguyen/Downloads/Wishie/Wishie.xcodeproj -experimental-emit-module-separately -disable-cmo

SwiftDriverJobDiscovery normal arm64 Compiling Timer.swift (in target 'Clocks' from project 'swift-clocks')

ScanDependencies /Users/khanghnguyen/Library/Developer/Xcode/DerivedData/Wishie-gavmeupfwiyxzhaiqkwzocyeeixy/Build/Intermediates.noindex/Firebase.build/Debug-iphoneos/FirebaseFirestoreTarget.build/Objects-normal/arm64/dummy.o /Users/khanghnguyen/Library/Developer/Xcode/DerivedData/Wishie-gavmeupfwiyxzhaiqkwzocyeeixy/SourcePackages/checkouts/firebase-ios-sdk/SwiftPM-PlatformExclude/FirebaseFirestoreWrap/dummy.m normal arm64 objective-c com.apple.compilers.llvm.clang.1_0.compiler (in target 'FirebaseFirestoreTarget' from project 'Firebase')
    cd /Users/khanghnguyen/Downloads/Wishie/Wishie.xcodeproj
    
    Using response file: /Users/khanghnguyen/Library/Developer/Xcode/DerivedData/Wishie-gavmeupfwiyxzhaiqkwzocyeeixy/Build/Intermediates.noindex/Firebase.build/Debug-iphoneos/FirebaseFirestoreTarget.build/Objects-normal/arm64/e6072d4f65d7061329687fe24e3d63a7-common-args.resp
    
    builtin-ScanDependencies -o /Users/khanghnguyen/Library/Developer/Xcode/DerivedData/Wishie-gavmeupfwiyxzhaiqkwzocyeeixy/Build/Intermediates.noindex/Firebase.build/Debug-iphoneos/FirebaseFirestoreTarget.build/Objects-normal/arm64/dummy.o.scan -- /Applications/Xcode.app/Contents/Developer/Toolchains/XcodeDefault.xctoolchain/usr/bin/clang -x objective-c -ivfsstatcache /Users/khanghnguyen/Library/Developer/Xcode/DerivedData/SDKStatCaches.noindex/iphoneos26.2-23C57-3794476bd08197c3e2abd9bb477ef7f7.sdkstatcache -fmessage-length\=0 -fdiagnostics-show-note-include-stack -fmacro-backtrace-limit\=0 -fno-color-diagnostics -fmodules-prune-interval\=86400 -fmodules-prune-after\=345600 -fbuild-session-file\=/Users/khanghnguyen/Library/Developer/Xcode/DerivedData/ModuleCache.noindex/Session.modulevalidation -fmodules-validate-once-per-build-session -Wnon-modular-include-in-framework-module -Werror\=non-modular-include-in-framework-module -Wno-trigraphs -Wno-missing-field-initializers -Wno-missing-prototypes -Wno-return-type -Wno-implicit-atomic-properties -Wno-objc-interface-ivars -Wno-arc-repeated-use-of-weak -Wno-missing-braces -Wparentheses -Wswitch -Wno-unused-function -Wno-unused-label -Wno-unused-parameter -Wno-unused-variable -Wunused-value -Wno-empty-body -Wno-uninitialized -Wno-unknown-pragmas -w -Wno-shadow -Wno-four-char-constants -Wno-conversion -Wno-constant-conversion -Wno-int-conversion -Wno-bool-conversion -Wno-enum-conversion -Wno-float-conversion -Wno-non-literal-null-conversion -Wno-objc-literal-conversion -Wshorten-64-to-32 -Wpointer-sign -Wno-newline-eof -Wno-selector -Wno-strict-selector-match -Wno-undeclared-selector -Wno-deprecated-implementations -Wno-implicit-fallthrough -fstrict-aliasing -Wprotocol -Wdeprecated-declarations -Wno-sign-conversion -Wno-infinite-recursion -Wno-comma -Wno-block-capture-autoreleasing -Wno-strict-prototypes -Wno-semicolon-before-method-body -index-store-path /Users/khanghnguyen/Library/Developer/Xcode/DerivedData/Wishie-gavmeupfwiyxzhaiqkwzocyeeixy/Index.noindex/DataStore @/Users/khanghnguyen/Library/Developer/Xcode/DerivedData/Wishie-gavmeupfwiyxzhaiqkwzocyeeixy/Build/Intermediates.noindex/Firebase.build/Debug-iphoneos/FirebaseFirestoreTarget.build/Objects-normal/arm64/e6072d4f65d7061329687fe24e3d63a7-common-args.resp -MMD -MT dependencies -MF /Users/khanghnguyen/Library/Developer/Xcode/DerivedData/Wishie-gavmeupfwiyxzhaiqkwzocyeeixy/Build/Intermediates.noindex/Firebase.build/Debug-iphoneos/FirebaseFirestoreTarget.build/Objects-normal/arm64/dummy.d --serialize-diagnostics /Users/khanghnguyen/Library/Developer/Xcode/DerivedData/Wishie-gavmeupfwiyxzhaiqkwzocyeeixy/Build/Intermediates.noindex/Firebase.build/Debug-iphoneos/FirebaseFirestoreTarget.build/Objects-normal/arm64/dummy.dia -c /Users/khanghnguyen/Library/Developer/Xcode/DerivedData/Wishie-gavmeupfwiyxzhaiqkwzocyeeixy/SourcePackages/checkouts/firebase-ios-sdk/SwiftPM-PlatformExclude/FirebaseFirestoreWrap/dummy.m -o /Users/khanghnguyen/Library/Developer/Xcode/DerivedData/Wishie-gavmeupfwiyxzhaiqkwzocyeeixy/Build/Intermediates.noindex/Firebase.build/Debug-iphoneos/FirebaseFirestoreTarget.build/Objects-normal/arm64/dummy.o -index-unit-output-path /Firebase.build/Debug-iphoneos/FirebaseFirestoreTarget.build/Objects-normal/arm64/dummy.o

RegisterExecutionPolicyException /Users/khanghnguyen/Library/Developer/Xcode/DerivedData/Wishie-gavmeupfwiyxzhaiqkwzocyeeixy/Build/Products/Debug-iphoneos/GoogleUtilities-Network.o (in target 'GoogleUtilities-Network' from project 'GoogleUtilities')
    cd /Users/khanghnguyen/Library/Developer/Xcode/DerivedData/Wishie-gavmeupfwiyxzhaiqkwzocyeeixy/SourcePackages/checkouts/GoogleUtilities
    builtin-RegisterExecutionPolicyException /Users/khanghnguyen/Library/Developer/Xcode/DerivedData/Wishie-gavmeupfwiyxzhaiqkwzocyeeixy/Build/Products/Debug-iphoneos/GoogleUtilities-Network.o

PrecompileModule /Users/khanghnguyen/Library/Developer/Xcode/DerivedData/Wishie-gavmeupfwiyxzhaiqkwzocyeeixy/Build/Intermediates.noindex/ExplicitPrecompiledModules/_AvailabilityInternal-4W70J3HTIWJXDMUTAD2O9U7QR.scan
    cd /
    builtin-precompileModule /Users/khanghnguyen/Library/Developer/Xcode/DerivedData/Wishie-gavmeupfwiyxzhaiqkwzocyeeixy/Build/Intermediates.noindex/ExplicitPrecompiledModules/_AvailabilityInternal-4W70J3HTIWJXDMUTAD2O9U7QR.scan

PrecompileModule /Users/khanghnguyen/Library/Developer/Xcode/DerivedData/Wishie-gavmeupfwiyxzhaiqkwzocyeeixy/Build/Intermediates.noindex/ExplicitPrecompiledModules/ptrcheck-6A9LABPVXPWIBFD0YW95TQZTQ.scan
    cd /
    builtin-precompileModule /Users/khanghnguyen/Library/Developer/Xcode/DerivedData/Wishie-gavmeupfwiyxzhaiqkwzocyeeixy/Build/Intermediates.noindex/ExplicitPrecompiledModules/ptrcheck-6A9LABPVXPWIBFD0YW95TQZTQ.scan

SwiftDriverJobDiscovery normal arm64 Compiling Lock.swift (in target 'Clocks' from project 'swift-clocks')

ExtractAppIntentsMetadata (in target 'DotLottie' from project 'DotLottie')
    cd /Users/khanghnguyen/Library/Developer/Xcode/DerivedData/Wishie-gavmeupfwiyxzhaiqkwzocyeeixy/SourcePackages/checkouts/dotlottie-ios
    /Applications/Xcode.app/Contents/Developer/Toolchains/XcodeDefault.xctoolchain/usr/bin/appintentsmetadataprocessor --toolchain-dir /Applications/Xcode.app/Contents/Developer/Toolchains/XcodeDefault.xctoolchain --module-name DotLottie --sdk-root /Applications/Xcode.app/Contents/Developer/Platforms/iPhoneOS.platform/Developer/SDKs/iPhoneOS26.2.sdk --xcode-version 17C529 --platform-family iOS --deployment-target 13.0 --bundle-identifier dotlottie-ios.DotLottie --output /Users/khanghnguyen/Library/Developer/Xcode/DerivedData/Wishie-gavmeupfwiyxzhaiqkwzocyeeixy/Build/Products/Debug-iphoneos/DotLottie.appintents --target-triple arm64-apple-ios13.0 --binary-file /Users/khanghnguyen/Library/Developer/Xcode/DerivedData/Wishie-gavmeupfwiyxzhaiqkwzocyeeixy/Build/Products/Debug-iphoneos/DotLottie.o --dependency-file /Users/khanghnguyen/Library/Developer/Xcode/DerivedData/Wishie-gavmeupfwiyxzhaiqkwzocyeeixy/Build/Intermediates.noindex/DotLottie.build/Debug-iphoneos/DotLottie.build/Objects-normal/arm64/DotLottie_dependency_info.dat --stringsdata-file /Users/khanghnguyen/Library/Developer/Xcode/DerivedData/Wishie-gavmeupfwiyxzhaiqkwzocyeeixy/Build/Intermediates.noindex/DotLottie.build/Debug-iphoneos/DotLottie.build/Objects-normal/arm64/ExtractedAppShortcutsMetadata.stringsdata --source-file-list /Users/khanghnguyen/Library/Developer/Xcode/DerivedData/Wishie-gavmeupfwiyxzhaiqkwzocyeeixy/Build/Intermediates.noindex/DotLottie.build/Debug-iphoneos/DotLottie.build/Objects-normal/arm64/DotLottie.SwiftFileList --metadata-file-list /Users/khanghnguyen/Library/Developer/Xcode/DerivedData/Wishie-gavmeupfwiyxzhaiqkwzocyeeixy/Build/Intermediates.noindex/DotLottie.build/Debug-iphoneos/DotLottie.build/DotLottie.DependencyMetadataFileList --static-metadata-file-list /Users/khanghnguyen/Library/Developer/Xcode/DerivedData/Wishie-gavmeupfwiyxzhaiqkwzocyeeixy/Build/Intermediates.noindex/DotLottie.build/Debug-iphoneos/DotLottie.build/DotLottie.DependencyStaticMetadataFileList --swift-const-vals-list /Users/khanghnguyen/Library/Developer/Xcode/DerivedData/Wishie-gavmeupfwiyxzhaiqkwzocyeeixy/Build/Intermediates.noindex/DotLottie.build/Debug-iphoneos/DotLottie.build/Objects-normal/arm64/DotLottie.SwiftConstValuesFileList --force --compile-time-extraction --deployment-aware-processing --validate-assistant-intents --no-app-shortcuts-localization
2026-05-24 14:36:20.757 appintentsmetadataprocessor[44840:13983039] Starting appintentsmetadataprocessor export
2026-05-24 14:36:20.903 appintentsmetadataprocessor[44840:13983039] Extracted no relevant App Intents symbols, skipping writing output

PrecompileModule /Users/khanghnguyen/Library/Developer/Xcode/DerivedData/Wishie-gavmeupfwiyxzhaiqkwzocyeeixy/Build/Intermediates.noindex/ExplicitPrecompiledModules/_DarwinFoundation1-5HW1AJZG06MR0UJF46IBYU5UR.scan
    cd /
    builtin-precompileModule /Users/khanghnguyen/Library/Developer/Xcode/DerivedData/Wishie-gavmeupfwiyxzhaiqkwzocyeeixy/Build/Intermediates.noindex/ExplicitPrecompiledModules/_DarwinFoundation1-5HW1AJZG06MR0UJF46IBYU5UR.scan

Ld /Users/khanghnguyen/Library/Developer/Xcode/DerivedData/Wishie-gavmeupfwiyxzhaiqkwzocyeeixy/Build/Products/Debug-iphoneos/GoogleUtilities-AppDelegateSwizzler.o normal (in target 'GoogleUtilities-AppDelegateSwizzler' from project 'GoogleUtilities')
    cd /Users/khanghnguyen/Library/Developer/Xcode/DerivedData/Wishie-gavmeupfwiyxzhaiqkwzocyeeixy/SourcePackages/checkouts/GoogleUtilities
    /Applications/Xcode.app/Contents/Developer/Toolchains/XcodeDefault.xctoolchain/usr/bin/clang -Xlinker -reproducible -target arm64-apple-ios12.0 -r -isysroot /Applications/Xcode.app/Contents/Developer/Platforms/iPhoneOS.platform/Developer/SDKs/iPhoneOS26.2.sdk -O0 -w -L/Users/khanghnguyen/Library/Developer/Xcode/DerivedData/Wishie-gavmeupfwiyxzhaiqkwzocyeeixy/Build/Intermediates.noindex/EagerLinkingTBDs/Debug-iphoneos -L/Users/khanghnguyen/Library/Developer/Xcode/DerivedData/Wishie-gavmeupfwiyxzhaiqkwzocyeeixy/Build/Products/Debug-iphoneos -L/Applications/Xcode.app/Contents/Developer/Platforms/iPhoneOS.platform/Developer/usr/lib -F/Users/khanghnguyen/Library/Developer/Xcode/DerivedData/Wishie-gavmeupfwiyxzhaiqkwzocyeeixy/Build/Intermediates.noindex/EagerLinkingTBDs/Debug-iphoneos -F/Users/khanghnguyen/Library/Developer/Xcode/DerivedData/Wishie-gavmeupfwiyxzhaiqkwzocyeeixy/Build/Products/Debug-iphoneos/PackageFrameworks -F/Users/khanghnguyen/Library/Developer/Xcode/DerivedData/Wishie-gavmeupfwiyxzhaiqkwzocyeeixy/Build/Products/Debug-iphoneos/PackageFrameworks -F/Users/khanghnguyen/Library/Developer/Xcode/DerivedData/Wishie-gavmeupfwiyxzhaiqkwzocyeeixy/Build/Products/Debug-iphoneos/PackageFrameworks -F/Users/khanghnguyen/Library/Developer/Xcode/DerivedData/Wishie-gavmeupfwiyxzhaiqkwzocyeeixy/Build/Products/Debug-iphoneos/PackageFrameworks -F/Users/khanghnguyen/Library/Developer/Xcode/DerivedData/Wishie-gavmeupfwiyxzhaiqkwzocyeeixy/Build/Products/Debug-iphoneos/PackageFrameworks -F/Users/khanghnguyen/Library/Developer/Xcode/DerivedData/Wishie-gavmeupfwiyxzhaiqkwzocyeeixy/Build/Products/Debug-iphoneos/PackageFrameworks -F/Users/khanghnguyen/Library/Developer/Xcode/DerivedData/Wishie-gavmeupfwiyxzhaiqkwzocyeeixy/Build/Products/Debug-iphoneos -iframework /Applications/Xcode.app/Contents/Developer/Platforms/iPhoneOS.platform/Developer/Library/Frameworks -iframework /Applications/Xcode.app/Contents/Developer/Platforms/iPhoneOS.platform/Developer/SDKs/iPhoneOS26.2.sdk/Developer/Library/Frameworks -filelist /Users/khanghnguyen/Library/Developer/Xcode/DerivedData/Wishie-gavmeupfwiyxzhaiqkwzocyeeixy/Build/Intermediates.noindex/GoogleUtilities.build/Debug-iphoneos/GoogleUtilities-AppDelegateSwizzler.build/Objects-normal/arm64/GoogleUtilities-AppDelegateSwizzler.LinkFileList -nostdlib -Xlinker -object_path_lto -Xlinker /Users/khanghnguyen/Library/Developer/Xcode/DerivedData/Wishie-gavmeupfwiyxzhaiqkwzocyeeixy/Build/Intermediates.noindex/GoogleUtilities.build/Debug-iphoneos/GoogleUtilities-AppDelegateSwizzler.build/Objects-normal/arm64/GoogleUtilities-AppDelegateSwizzler_lto.o -rdynamic -Xlinker -no_deduplicate -Xlinker -debug_variant -Xlinker -dependency_info -Xlinker /Users/khanghnguyen/Library/Developer/Xcode/DerivedData/Wishie-gavmeupfwiyxzhaiqkwzocyeeixy/Build/Intermediates.noindex/GoogleUtilities.build/Debug-iphoneos/GoogleUtilities-AppDelegateSwizzler.build/Objects-normal/arm64/GoogleUtilities-AppDelegateSwizzler_dependency_info.dat -fobjc-arc -fobjc-link-runtime -o /Users/khanghnguyen/Library/Developer/Xcode/DerivedData/Wishie-gavmeupfwiyxzhaiqkwzocyeeixy/Build/Products/Debug-iphoneos/GoogleUtilities-AppDelegateSwizzler.o

RegisterExecutionPolicyException /Users/khanghnguyen/Library/Developer/Xcode/DerivedData/Wishie-gavmeupfwiyxzhaiqkwzocyeeixy/Build/Products/Debug-iphoneos/FirebaseCore.o (in target 'FirebaseCore' from project 'Firebase')
    cd /Users/khanghnguyen/Library/Developer/Xcode/DerivedData/Wishie-gavmeupfwiyxzhaiqkwzocyeeixy/SourcePackages/checkouts/firebase-ios-sdk
    builtin-RegisterExecutionPolicyException /Users/khanghnguyen/Library/Developer/Xcode/DerivedData/Wishie-gavmeupfwiyxzhaiqkwzocyeeixy/Build/Products/Debug-iphoneos/FirebaseCore.o

SwiftDriverJobDiscovery normal arm64 Compiling UnimplementedClock.swift (in target 'Clocks' from project 'swift-clocks')

Ld /Users/khanghnguyen/Library/Developer/Xcode/DerivedData/Wishie-gavmeupfwiyxzhaiqkwzocyeeixy/Build/Products/Debug-iphoneos/FirebaseFirestore.o normal (in target 'FirebaseFirestore' from project 'Firebase')
    cd /Users/khanghnguyen/Library/Developer/Xcode/DerivedData/Wishie-gavmeupfwiyxzhaiqkwzocyeeixy/SourcePackages/checkouts/firebase-ios-sdk
    /Applications/Xcode.app/Contents/Developer/Toolchains/XcodeDefault.xctoolchain/usr/bin/clang -Xlinker -reproducible -target arm64-apple-ios15.0 -r -isysroot /Applications/Xcode.app/Contents/Developer/Platforms/iPhoneOS.platform/Developer/SDKs/iPhoneOS26.2.sdk -O0 -w -L/Users/khanghnguyen/Library/Developer/Xcode/DerivedData/Wishie-gavmeupfwiyxzhaiqkwzocyeeixy/Build/Intermediates.noindex/EagerLinkingTBDs/Debug-iphoneos -L/Users/khanghnguyen/Library/Developer/Xcode/DerivedData/Wishie-gavmeupfwiyxzhaiqkwzocyeeixy/Build/Products/Debug-iphoneos -L/Applications/Xcode.app/Contents/Developer/Platforms/iPhoneOS.platform/Developer/usr/lib -F/Users/khanghnguyen/Library/Developer/Xcode/DerivedData/Wishie-gavmeupfwiyxzhaiqkwzocyeeixy/Build/Intermediates.noindex/EagerLinkingTBDs/Debug-iphoneos -F/Users/khanghnguyen/Library/Developer/Xcode/DerivedData/Wishie-gavmeupfwiyxzhaiqkwzocyeeixy/Build/Products/Debug-iphoneos/PackageFrameworks -F/Users/khanghnguyen/Library/Developer/Xcode/DerivedData/Wishie-gavmeupfwiyxzhaiqkwzocyeeixy/Build/Products/Debug-iphoneos/PackageFrameworks -F/Users/khanghnguyen/Library/Developer/Xcode/DerivedData/Wishie-gavmeupfwiyxzhaiqkwzocyeeixy/Build/Products/Debug-iphoneos/PackageFrameworks -F/Users/khanghnguyen/Library/Developer/Xcode/DerivedData/Wishie-gavmeupfwiyxzhaiqkwzocyeeixy/Build/Products/Debug-iphoneos/PackageFrameworks -F/Users/khanghnguyen/Library/Developer/Xcode/DerivedData/Wishie-gavmeupfwiyxzhaiqkwzocyeeixy/Build/Products/Debug-iphoneos/PackageFrameworks -F/Users/khanghnguyen/Library/Developer/Xcode/DerivedData/Wishie-gavmeupfwiyxzhaiqkwzocyeeixy/Build/Products/Debug-iphoneos/PackageFrameworks -F/Users/khanghnguyen/Library/Developer/Xcode/DerivedData/Wishie-gavmeupfwiyxzhaiqkwzocyeeixy/Build/Products/Debug-iphoneos/PackageFrameworks -F/Users/khanghnguyen/Library/Developer/Xcode/DerivedData/Wishie-gavmeupfwiyxzhaiqkwzocyeeixy/Build/Products/Debug-iphoneos/PackageFrameworks -F/Users/khanghnguyen/Library/Developer/Xcode/DerivedData/Wishie-gavmeupfwiyxzhaiqkwzocyeeixy/Build/Products/Debug-iphoneos/PackageFrameworks -F/Users/khanghnguyen/Library/Developer/Xcode/DerivedData/Wishie-gavmeupfwiyxzhaiqkwzocyeeixy/Build/Products/Debug-iphoneos/PackageFrameworks -F/Users/khanghnguyen/Library/Developer/Xcode/DerivedData/Wishie-gavmeupfwiyxzhaiqkwzocyeeixy/Build/Products/Debug-iphoneos/PackageFrameworks -F/Users/khanghnguyen/Library/Developer/Xcode/DerivedData/Wishie-gavmeupfwiyxzhaiqkwzocyeeixy/Build/Products/Debug-iphoneos/PackageFrameworks -F/Users/khanghnguyen/Library/Developer/Xcode/DerivedData/Wishie-gavmeupfwiyxzhaiqkwzocyeeixy/Build/Products/Debug-iphoneos/PackageFrameworks -F/Users/khanghnguyen/Library/Developer/Xcode/DerivedData/Wishie-gavmeupfwiyxzhaiqkwzocyeeixy/Build/Products/Debug-iphoneos/PackageFrameworks -F/Users/khanghnguyen/Library/Developer/Xcode/DerivedData/Wishie-gavmeupfwiyxzhaiqkwzocyeeixy/Build/Products/Debug-iphoneos/PackageFrameworks -F/Users/khanghnguyen/Library/Developer/Xcode/DerivedData/Wishie-gavmeupfwiyxzhaiqkwzocyeeixy/Build/Products/Debug-iphoneos/PackageFrameworks -F/Users/khanghnguyen/Library/Developer/Xcode/DerivedData/Wishie-gavmeupfwiyxzhaiqkwzocyeeixy/Build/Products/Debug-iphoneos/PackageFrameworks -F/Users/khanghnguyen/Library/Developer/Xcode/DerivedData/Wishie-gavmeupfwiyxzhaiqkwzocyeeixy/Build/Products/Debug-iphoneos -iframework /Applications/Xcode.app/Contents/Developer/Platforms/iPhoneOS.platform/Developer/Library/Frameworks -iframework /Applications/Xcode.app/Contents/Developer/Platforms/iPhoneOS.platform/Developer/SDKs/iPhoneOS26.2.sdk/Developer/Library/Frameworks -filelist /Users/khanghnguyen/Library/Developer/Xcode/DerivedData/Wishie-gavmeupfwiyxzhaiqkwzocyeeixy/Build/Intermediates.noindex/Firebase.build/Debug-iphoneos/FirebaseFirestore.build/Objects-normal/arm64/FirebaseFirestore.LinkFileList -nostdlib -Xlinker -object_path_lto -Xlinker /Users/khanghnguyen/Library/Developer/Xcode/DerivedData/Wishie-gavmeupfwiyxzhaiqkwzocyeeixy/Build/Intermediates.noindex/Firebase.build/Debug-iphoneos/FirebaseFirestore.build/Objects-normal/arm64/FirebaseFirestore_lto.o -rdynamic -Xlinker -no_deduplicate -Xlinker -debug_variant -Xlinker -dependency_info -Xlinker /Users/khanghnguyen/Library/Developer/Xcode/DerivedData/Wishie-gavmeupfwiyxzhaiqkwzocyeeixy/Build/Intermediates.noindex/Firebase.build/Debug-iphoneos/FirebaseFirestore.build/Objects-normal/arm64/FirebaseFirestore_dependency_info.dat -fobjc-link-runtime -L/Applications/Xcode.app/Contents/Developer/Toolchains/XcodeDefault.xctoolchain/usr/lib/swift/iphoneos -L/usr/lib/swift -Xlinker -add_ast_path -Xlinker /Users/khanghnguyen/Library/Developer/Xcode/DerivedData/Wishie-gavmeupfwiyxzhaiqkwzocyeeixy/Build/Intermediates.noindex/Firebase.build/Debug-iphoneos/FirebaseFirestore.build/Objects-normal/arm64/FirebaseFirestore.swiftmodule @/Users/khanghnguyen/Library/Developer/Xcode/DerivedData/Wishie-gavmeupfwiyxzhaiqkwzocyeeixy/Build/Intermediates.noindex/Firebase.build/Debug-iphoneos/FirebaseFirestore.build/Objects-normal/arm64/FirebaseFirestore-linker-args.resp -o /Users/khanghnguyen/Library/Developer/Xcode/DerivedData/Wishie-gavmeupfwiyxzhaiqkwzocyeeixy/Build/Products/Debug-iphoneos/FirebaseFirestore.o

CompileC /Users/khanghnguyen/Library/Developer/Xcode/DerivedData/Wishie-gavmeupfwiyxzhaiqkwzocyeeixy/Build/Intermediates.noindex/Firebase.build/Debug-iphoneos/FirebaseFirestoreTarget.build/Objects-normal/arm64/dummy.o /Users/khanghnguyen/Library/Developer/Xcode/DerivedData/Wishie-gavmeupfwiyxzhaiqkwzocyeeixy/SourcePackages/checkouts/firebase-ios-sdk/SwiftPM-PlatformExclude/FirebaseFirestoreWrap/dummy.m normal arm64 objective-c com.apple.compilers.llvm.clang.1_0.compiler (in target 'FirebaseFirestoreTarget' from project 'Firebase')
    cd /Users/khanghnguyen/Downloads/Wishie/Wishie.xcodeproj
    
    Using response file: /Users/khanghnguyen/Library/Developer/Xcode/DerivedData/Wishie-gavmeupfwiyxzhaiqkwzocyeeixy/Build/Intermediates.noindex/Firebase.build/Debug-iphoneos/FirebaseFirestoreTarget.build/Objects-normal/arm64/e6072d4f65d7061329687fe24e3d63a7-common-args.resp
    
    /Applications/Xcode.app/Contents/Developer/Toolchains/XcodeDefault.xctoolchain/usr/bin/clang -x objective-c -ivfsstatcache /Users/khanghnguyen/Library/Developer/Xcode/DerivedData/SDKStatCaches.noindex/iphoneos26.2-23C57-3794476bd08197c3e2abd9bb477ef7f7.sdkstatcache -fmessage-length\=0 -fdiagnostics-show-note-include-stack -fmacro-backtrace-limit\=0 -fno-color-diagnostics -fmodules-prune-interval\=86400 -fmodules-prune-after\=345600 -fbuild-session-file\=/Users/khanghnguyen/Library/Developer/Xcode/DerivedData/ModuleCache.noindex/Session.modulevalidation -fmodules-validate-once-per-build-session -Wnon-modular-include-in-framework-module -Werror\=non-modular-include-in-framework-module -Wno-trigraphs -Wno-missing-field-initializers -Wno-missing-prototypes -Wno-return-type -Wno-implicit-atomic-properties -Wno-objc-interface-ivars -Wno-arc-repeated-use-of-weak -Wno-missing-braces -Wparentheses -Wswitch -Wno-unused-function -Wno-unused-label -Wno-unused-parameter -Wno-unused-variable -Wunused-value -Wno-empty-body -Wno-uninitialized -Wno-unknown-pragmas -w -Wno-shadow -Wno-four-char-constants -Wno-conversion -Wno-constant-conversion -Wno-int-conversion -Wno-bool-conversion -Wno-enum-conversion -Wno-float-conversion -Wno-non-literal-null-conversion -Wno-objc-literal-conversion -Wshorten-64-to-32 -Wpointer-sign -Wno-newline-eof -Wno-selector -Wno-strict-selector-match -Wno-undeclared-selector -Wno-deprecated-implementations -Wno-implicit-fallthrough -fstrict-aliasing -Wprotocol -Wdeprecated-declarations -Wno-sign-conversion -Wno-infinite-recursion -Wno-comma -Wno-block-capture-autoreleasing -Wno-strict-prototypes -Wno-semicolon-before-method-body -index-store-path /Users/khanghnguyen/Library/Developer/Xcode/DerivedData/Wishie-gavmeupfwiyxzhaiqkwzocyeeixy/Index.noindex/DataStore @/Users/khanghnguyen/Library/Developer/Xcode/DerivedData/Wishie-gavmeupfwiyxzhaiqkwzocyeeixy/Build/Intermediates.noindex/Firebase.build/Debug-iphoneos/FirebaseFirestoreTarget.build/Objects-normal/arm64/e6072d4f65d7061329687fe24e3d63a7-common-args.resp -MMD -MT dependencies -MF /Users/khanghnguyen/Library/Developer/Xcode/DerivedData/Wishie-gavmeupfwiyxzhaiqkwzocyeeixy/Build/Intermediates.noindex/Firebase.build/Debug-iphoneos/FirebaseFirestoreTarget.build/Objects-normal/arm64/dummy.d --serialize-diagnostics /Users/khanghnguyen/Library/Developer/Xcode/DerivedData/Wishie-gavmeupfwiyxzhaiqkwzocyeeixy/Build/Intermediates.noindex/Firebase.build/Debug-iphoneos/FirebaseFirestoreTarget.build/Objects-normal/arm64/dummy.dia -c /Users/khanghnguyen/Library/Developer/Xcode/DerivedData/Wishie-gavmeupfwiyxzhaiqkwzocyeeixy/SourcePackages/checkouts/firebase-ios-sdk/SwiftPM-PlatformExclude/FirebaseFirestoreWrap/dummy.m -o /Users/khanghnguyen/Library/Developer/Xcode/DerivedData/Wishie-gavmeupfwiyxzhaiqkwzocyeeixy/Build/Intermediates.noindex/Firebase.build/Debug-iphoneos/FirebaseFirestoreTarget.build/Objects-normal/arm64/dummy.o -index-unit-output-path /Firebase.build/Debug-iphoneos/FirebaseFirestoreTarget.build/Objects-normal/arm64/dummy.o

RegisterExecutionPolicyException /Users/khanghnguyen/Library/Developer/Xcode/DerivedData/Wishie-gavmeupfwiyxzhaiqkwzocyeeixy/Build/Products/Debug-iphoneos/GoogleUtilities-AppDelegateSwizzler.o (in target 'GoogleUtilities-AppDelegateSwizzler' from project 'GoogleUtilities')
    cd /Users/khanghnguyen/Library/Developer/Xcode/DerivedData/Wishie-gavmeupfwiyxzhaiqkwzocyeeixy/SourcePackages/checkouts/GoogleUtilities
    builtin-RegisterExecutionPolicyException /Users/khanghnguyen/Library/Developer/Xcode/DerivedData/Wishie-gavmeupfwiyxzhaiqkwzocyeeixy/Build/Products/Debug-iphoneos/GoogleUtilities-AppDelegateSwizzler.o

ExtractAppIntentsMetadata (in target 'FirebaseFirestore' from project 'Firebase')
    cd /Users/khanghnguyen/Library/Developer/Xcode/DerivedData/Wishie-gavmeupfwiyxzhaiqkwzocyeeixy/SourcePackages/checkouts/firebase-ios-sdk
    /Applications/Xcode.app/Contents/Developer/Toolchains/XcodeDefault.xctoolchain/usr/bin/appintentsmetadataprocessor --toolchain-dir /Applications/Xcode.app/Contents/Developer/Toolchains/XcodeDefault.xctoolchain --module-name FirebaseFirestore --sdk-root /Applications/Xcode.app/Contents/Developer/Platforms/iPhoneOS.platform/Developer/SDKs/iPhoneOS26.2.sdk --xcode-version 17C529 --platform-family iOS --deployment-target 15.0 --bundle-identifier firebase-ios-sdk.FirebaseFirestore --output /Users/khanghnguyen/Library/Developer/Xcode/DerivedData/Wishie-gavmeupfwiyxzhaiqkwzocyeeixy/Build/Products/Debug-iphoneos/FirebaseFirestore.appintents --target-triple arm64-apple-ios15.0 --binary-file /Users/khanghnguyen/Library/Developer/Xcode/DerivedData/Wishie-gavmeupfwiyxzhaiqkwzocyeeixy/Build/Products/Debug-iphoneos/FirebaseFirestore.o --dependency-file /Users/khanghnguyen/Library/Developer/Xcode/DerivedData/Wishie-gavmeupfwiyxzhaiqkwzocyeeixy/Build/Intermediates.noindex/Firebase.build/Debug-iphoneos/FirebaseFirestore.build/Objects-normal/arm64/FirebaseFirestore_dependency_info.dat --stringsdata-file /Users/khanghnguyen/Library/Developer/Xcode/DerivedData/Wishie-gavmeupfwiyxzhaiqkwzocyeeixy/Build/Intermediates.noindex/Firebase.build/Debug-iphoneos/FirebaseFirestore.build/Objects-normal/arm64/ExtractedAppShortcutsMetadata.stringsdata --source-file-list /Users/khanghnguyen/Library/Developer/Xcode/DerivedData/Wishie-gavmeupfwiyxzhaiqkwzocyeeixy/Build/Intermediates.noindex/Firebase.build/Debug-iphoneos/FirebaseFirestore.build/Objects-normal/arm64/FirebaseFirestore.SwiftFileList --metadata-file-list /Users/khanghnguyen/Library/Developer/Xcode/DerivedData/Wishie-gavmeupfwiyxzhaiqkwzocyeeixy/Build/Intermediates.noindex/Firebase.build/Debug-iphoneos/FirebaseFirestore.build/FirebaseFirestore.DependencyMetadataFileList --static-metadata-file-list /Users/khanghnguyen/Library/Developer/Xcode/DerivedData/Wishie-gavmeupfwiyxzhaiqkwzocyeeixy/Build/Intermediates.noindex/Firebase.build/Debug-iphoneos/FirebaseFirestore.build/FirebaseFirestore.DependencyStaticMetadataFileList --swift-const-vals-list /Users/khanghnguyen/Library/Developer/Xcode/DerivedData/Wishie-gavmeupfwiyxzhaiqkwzocyeeixy/Build/Intermediates.noindex/Firebase.build/Debug-iphoneos/FirebaseFirestore.build/Objects-normal/arm64/FirebaseFirestore.SwiftConstValuesFileList --force --compile-time-extraction --deployment-aware-processing --validate-assistant-intents --no-app-shortcuts-localization
2026-05-24 14:36:20.889 appintentsmetadataprocessor[44847:13983068] Starting appintentsmetadataprocessor export
2026-05-24 14:36:21.056 appintentsmetadataprocessor[44847:13983068] Extracted no relevant App Intents symbols, skipping writing output

SwiftDriverJobDiscovery normal arm64 Compiling TestClock.swift (in target 'Clocks' from project 'swift-clocks')

SwiftDriver\ Compilation Clocks normal arm64 com.apple.xcode.tools.swift.compiler (in target 'Clocks' from project 'swift-clocks')
    cd /Users/khanghnguyen/Downloads/Wishie/Wishie.xcodeproj
    builtin-Swift-Compilation -- /Applications/Xcode.app/Contents/Developer/Toolchains/XcodeDefault.xctoolchain/usr/bin/swiftc -module-name Clocks -Onone -enforce-exclusivity\=checked @/Users/khanghnguyen/Library/Developer/Xcode/DerivedData/Wishie-gavmeupfwiyxzhaiqkwzocyeeixy/Build/Intermediates.noindex/swift-clocks.build/Debug-iphoneos/Clocks.build/Objects-normal/arm64/Clocks.SwiftFileList -DSWIFT_PACKAGE -DDEBUG -DSWIFT_MODULE_RESOURCE_BUNDLE_UNAVAILABLE -DXcode -plugin-path /Applications/Xcode.app/Contents/Developer/Toolchains/XcodeDefault.xctoolchain/usr/lib/swift/host/plugins/testing -enable-experimental-feature DebugDescriptionMacro -sdk /Applications/Xcode.app/Contents/Developer/Platforms/iPhoneOS.platform/Developer/SDKs/iPhoneOS26.2.sdk -target arm64-apple-ios13.0 -g -module-cache-path /Users/khanghnguyen/Library/Developer/Xcode/DerivedData/ModuleCache.noindex -Xfrontend -serialize-debugging-options -profile-coverage-mapping -profile-generate -enable-testing -suppress-warnings -index-store-path /Users/khanghnguyen/Library/Developer/Xcode/DerivedData/Wishie-gavmeupfwiyxzhaiqkwzocyeeixy/Index.noindex/DataStore -Xcc -D_LIBCPP_HARDENING_MODE\=_LIBCPP_HARDENING_MODE_DEBUG -swift-version 6 -I /Users/khanghnguyen/Library/Developer/Xcode/DerivedData/Wishie-gavmeupfwiyxzhaiqkwzocyeeixy/Build/Products/Debug-iphoneos -Isystem /Applications/Xcode.app/Contents/Developer/Platforms/iPhoneOS.platform/Developer/usr/lib -F /Users/khanghnguyen/Library/Developer/Xcode/DerivedData/Wishie-gavmeupfwiyxzhaiqkwzocyeeixy/Build/Products/Debug-iphoneos/PackageFrameworks -F /Users/khanghnguyen/Library/Developer/Xcode/DerivedData/Wishie-gavmeupfwiyxzhaiqkwzocyeeixy/Build/Products/Debug-iphoneos/PackageFrameworks -F /Users/khanghnguyen/Library/Developer/Xcode/DerivedData/Wishie-gavmeupfwiyxzhaiqkwzocyeeixy/Build/Products/Debug-iphoneos/PackageFrameworks -F /Users/khanghnguyen/Library/Developer/Xcode/DerivedData/Wishie-gavmeupfwiyxzhaiqkwzocyeeixy/Build/Products/Debug-iphoneos -F /Applications/Xcode.app/Contents/Developer/Platforms/iPhoneOS.platform/Developer/Library/Frameworks -F /Applications/Xcode.app/Contents/Developer/Platforms/iPhoneOS.platform/Developer/SDKs/iPhoneOS26.2.sdk/Developer/Library/Frameworks -c -j8 -enable-batch-mode -incremental -Xcc -ivfsstatcache -Xcc /Users/khanghnguyen/Library/Developer/Xcode/DerivedData/SDKStatCaches.noindex/iphoneos26.2-23C57-3794476bd08197c3e2abd9bb477ef7f7.sdkstatcache -output-file-map /Users/khanghnguyen/Library/Developer/Xcode/DerivedData/Wishie-gavmeupfwiyxzhaiqkwzocyeeixy/Build/Intermediates.noindex/swift-clocks.build/Debug-iphoneos/Clocks.build/Objects-normal/arm64/Clocks-OutputFileMap.json -use-frontend-parseable-output -save-temps -no-color-diagnostics -explicit-module-build -module-cache-path /Users/khanghnguyen/Library/Developer/Xcode/DerivedData/Wishie-gavmeupfwiyxzhaiqkwzocyeeixy/Build/Intermediates.noindex/SwiftExplicitPrecompiledModules -clang-scanner-module-cache-path /Users/khanghnguyen/Library/Developer/Xcode/DerivedData/ModuleCache.noindex -sdk-module-cache-path /Users/khanghnguyen/Library/Developer/Xcode/DerivedData/ModuleCache.noindex -serialize-diagnostics -emit-dependencies -emit-module -emit-module-path /Users/khanghnguyen/Library/Developer/Xcode/DerivedData/Wishie-gavmeupfwiyxzhaiqkwzocyeeixy/Build/Intermediates.noindex/swift-clocks.build/Debug-iphoneos/Clocks.build/Objects-normal/arm64/Clocks.swiftmodule -user-module-version 1.0.6 -validate-clang-modules-once -clang-build-session-file /Users/khanghnguyen/Library/Developer/Xcode/DerivedData/ModuleCache.noindex/Session.modulevalidation -package-name swift_clocks -Xcc -I/Users/khanghnguyen/Library/Developer/Xcode/DerivedData/Wishie-gavmeupfwiyxzhaiqkwzocyeeixy/Build/Intermediates.noindex/swift-clocks.build/Debug-iphoneos/Clocks.build/swift-overrides.hmap -emit-const-values -Xfrontend -const-gather-protocols-file -Xfrontend /Users/khanghnguyen/Library/Developer/Xcode/DerivedData/Wishie-gavmeupfwiyxzhaiqkwzocyeeixy/Build/Intermediates.noindex/swift-clocks.build/Debug-iphoneos/Clocks.build/Objects-normal/arm64/Clocks_const_extract_protocols.json -Xcc -I/Users/khanghnguyen/Library/Developer/Xcode/DerivedData/Wishie-gavmeupfwiyxzhaiqkwzocyeeixy/Build/Products/Debug-iphoneos/include -Xcc -I/Users/khanghnguyen/Library/Developer/Xcode/DerivedData/Wishie-gavmeupfwiyxzhaiqkwzocyeeixy/Build/Intermediates.noindex/swift-clocks.build/Debug-iphoneos/Clocks.build/DerivedSources-normal/arm64 -Xcc -I/Users/khanghnguyen/Library/Developer/Xcode/DerivedData/Wishie-gavmeupfwiyxzhaiqkwzocyeeixy/Build/Intermediates.noindex/swift-clocks.build/Debug-iphoneos/Clocks.build/DerivedSources/arm64 -Xcc -I/Users/khanghnguyen/Library/Developer/Xcode/DerivedData/Wishie-gavmeupfwiyxzhaiqkwzocyeeixy/Build/Intermediates.noindex/swift-clocks.build/Debug-iphoneos/Clocks.build/DerivedSources -Xcc -DSWIFT_PACKAGE -Xcc -DDEBUG\=1 -emit-objc-header -emit-objc-header-path /Users/khanghnguyen/Library/Developer/Xcode/DerivedData/Wishie-gavmeupfwiyxzhaiqkwzocyeeixy/Build/Intermediates.noindex/swift-clocks.build/Debug-iphoneos/Clocks.build/Objects-normal/arm64/Clocks-Swift.h -working-directory /Users/khanghnguyen/Downloads/Wishie/Wishie.xcodeproj -experimental-emit-module-separately -disable-cmo

Ld /Users/khanghnguyen/Library/Developer/Xcode/DerivedData/Wishie-gavmeupfwiyxzhaiqkwzocyeeixy/Build/Products/Debug-iphoneos/Clocks.o normal (in target 'Clocks' from project 'swift-clocks')
    cd /Users/khanghnguyen/Library/Developer/Xcode/DerivedData/Wishie-gavmeupfwiyxzhaiqkwzocyeeixy/SourcePackages/checkouts/swift-clocks
    /Applications/Xcode.app/Contents/Developer/Toolchains/XcodeDefault.xctoolchain/usr/bin/clang -Xlinker -reproducible -target arm64-apple-ios13.0 -r -isysroot /Applications/Xcode.app/Contents/Developer/Platforms/iPhoneOS.platform/Developer/SDKs/iPhoneOS26.2.sdk -O0 -w -L/Users/khanghnguyen/Library/Developer/Xcode/DerivedData/Wishie-gavmeupfwiyxzhaiqkwzocyeeixy/Build/Intermediates.noindex/EagerLinkingTBDs/Debug-iphoneos -L/Users/khanghnguyen/Library/Developer/Xcode/DerivedData/Wishie-gavmeupfwiyxzhaiqkwzocyeeixy/Build/Products/Debug-iphoneos -L/Applications/Xcode.app/Contents/Developer/Platforms/iPhoneOS.platform/Developer/usr/lib -F/Users/khanghnguyen/Library/Developer/Xcode/DerivedData/Wishie-gavmeupfwiyxzhaiqkwzocyeeixy/Build/Intermediates.noindex/EagerLinkingTBDs/Debug-iphoneos -F/Users/khanghnguyen/Library/Developer/Xcode/DerivedData/Wishie-gavmeupfwiyxzhaiqkwzocyeeixy/Build/Products/Debug-iphoneos/PackageFrameworks -F/Users/khanghnguyen/Library/Developer/Xcode/DerivedData/Wishie-gavmeupfwiyxzhaiqkwzocyeeixy/Build/Products/Debug-iphoneos/PackageFrameworks -F/Users/khanghnguyen/Library/Developer/Xcode/DerivedData/Wishie-gavmeupfwiyxzhaiqkwzocyeeixy/Build/Products/Debug-iphoneos/PackageFrameworks -F/Users/khanghnguyen/Library/Developer/Xcode/DerivedData/Wishie-gavmeupfwiyxzhaiqkwzocyeeixy/Build/Products/Debug-iphoneos -iframework /Applications/Xcode.app/Contents/Developer/Platforms/iPhoneOS.platform/Developer/Library/Frameworks -iframework /Applications/Xcode.app/Contents/Developer/Platforms/iPhoneOS.platform/Developer/SDKs/iPhoneOS26.2.sdk/Developer/Library/Frameworks -filelist /Users/khanghnguyen/Library/Developer/Xcode/DerivedData/Wishie-gavmeupfwiyxzhaiqkwzocyeeixy/Build/Intermediates.noindex/swift-clocks.build/Debug-iphoneos/Clocks.build/Objects-normal/arm64/Clocks.LinkFileList -nostdlib -Xlinker -object_path_lto -Xlinker /Users/khanghnguyen/Library/Developer/Xcode/DerivedData/Wishie-gavmeupfwiyxzhaiqkwzocyeeixy/Build/Intermediates.noindex/swift-clocks.build/Debug-iphoneos/Clocks.build/Objects-normal/arm64/Clocks_lto.o -rdynamic -Xlinker -no_deduplicate -Xlinker -debug_variant -Xlinker -dependency_info -Xlinker /Users/khanghnguyen/Library/Developer/Xcode/DerivedData/Wishie-gavmeupfwiyxzhaiqkwzocyeeixy/Build/Intermediates.noindex/swift-clocks.build/Debug-iphoneos/Clocks.build/Objects-normal/arm64/Clocks_dependency_info.dat -fobjc-link-runtime -L/Applications/Xcode.app/Contents/Developer/Toolchains/XcodeDefault.xctoolchain/usr/lib/swift/iphoneos -L/usr/lib/swift -Xlinker -add_ast_path -Xlinker /Users/khanghnguyen/Library/Developer/Xcode/DerivedData/Wishie-gavmeupfwiyxzhaiqkwzocyeeixy/Build/Intermediates.noindex/swift-clocks.build/Debug-iphoneos/Clocks.build/Objects-normal/arm64/Clocks.swiftmodule @/Users/khanghnguyen/Library/Developer/Xcode/DerivedData/Wishie-gavmeupfwiyxzhaiqkwzocyeeixy/Build/Intermediates.noindex/swift-clocks.build/Debug-iphoneos/Clocks.build/Objects-normal/arm64/Clocks-linker-args.resp -o /Users/khanghnguyen/Library/Developer/Xcode/DerivedData/Wishie-gavmeupfwiyxzhaiqkwzocyeeixy/Build/Products/Debug-iphoneos/Clocks.o

RegisterExecutionPolicyException /Users/khanghnguyen/Library/Developer/Xcode/DerivedData/Wishie-gavmeupfwiyxzhaiqkwzocyeeixy/Build/Products/Debug-iphoneos/DotLottie.o (in target 'DotLottie' from project 'DotLottie')
    cd /Users/khanghnguyen/Library/Developer/Xcode/DerivedData/Wishie-gavmeupfwiyxzhaiqkwzocyeeixy/SourcePackages/checkouts/dotlottie-ios
    builtin-RegisterExecutionPolicyException /Users/khanghnguyen/Library/Developer/Xcode/DerivedData/Wishie-gavmeupfwiyxzhaiqkwzocyeeixy/Build/Products/Debug-iphoneos/DotLottie.o

ExtractAppIntentsMetadata (in target 'Clocks' from project 'swift-clocks')
    cd /Users/khanghnguyen/Library/Developer/Xcode/DerivedData/Wishie-gavmeupfwiyxzhaiqkwzocyeeixy/SourcePackages/checkouts/swift-clocks
    /Applications/Xcode.app/Contents/Developer/Toolchains/XcodeDefault.xctoolchain/usr/bin/appintentsmetadataprocessor --toolchain-dir /Applications/Xcode.app/Contents/Developer/Toolchains/XcodeDefault.xctoolchain --module-name Clocks --sdk-root /Applications/Xcode.app/Contents/Developer/Platforms/iPhoneOS.platform/Developer/SDKs/iPhoneOS26.2.sdk --xcode-version 17C529 --platform-family iOS --deployment-target 13.0 --bundle-identifier swift-clocks.Clocks --output /Users/khanghnguyen/Library/Developer/Xcode/DerivedData/Wishie-gavmeupfwiyxzhaiqkwzocyeeixy/Build/Products/Debug-iphoneos/Clocks.appintents --target-triple arm64-apple-ios13.0 --binary-file /Users/khanghnguyen/Library/Developer/Xcode/DerivedData/Wishie-gavmeupfwiyxzhaiqkwzocyeeixy/Build/Products/Debug-iphoneos/Clocks.o --dependency-file /Users/khanghnguyen/Library/Developer/Xcode/DerivedData/Wishie-gavmeupfwiyxzhaiqkwzocyeeixy/Build/Intermediates.noindex/swift-clocks.build/Debug-iphoneos/Clocks.build/Objects-normal/arm64/Clocks_dependency_info.dat --stringsdata-file /Users/khanghnguyen/Library/Developer/Xcode/DerivedData/Wishie-gavmeupfwiyxzhaiqkwzocyeeixy/Build/Intermediates.noindex/swift-clocks.build/Debug-iphoneos/Clocks.build/Objects-normal/arm64/ExtractedAppShortcutsMetadata.stringsdata --source-file-list /Users/khanghnguyen/Library/Developer/Xcode/DerivedData/Wishie-gavmeupfwiyxzhaiqkwzocyeeixy/Build/Intermediates.noindex/swift-clocks.build/Debug-iphoneos/Clocks.build/Objects-normal/arm64/Clocks.SwiftFileList --metadata-file-list /Users/khanghnguyen/Library/Developer/Xcode/DerivedData/Wishie-gavmeupfwiyxzhaiqkwzocyeeixy/Build/Intermediates.noindex/swift-clocks.build/Debug-iphoneos/Clocks.build/Clocks.DependencyMetadataFileList --static-metadata-file-list /Users/khanghnguyen/Library/Developer/Xcode/DerivedData/Wishie-gavmeupfwiyxzhaiqkwzocyeeixy/Build/Intermediates.noindex/swift-clocks.build/Debug-iphoneos/Clocks.build/Clocks.DependencyStaticMetadataFileList --swift-const-vals-list /Users/khanghnguyen/Library/Developer/Xcode/DerivedData/Wishie-gavmeupfwiyxzhaiqkwzocyeeixy/Build/Intermediates.noindex/swift-clocks.build/Debug-iphoneos/Clocks.build/Objects-normal/arm64/Clocks.SwiftConstValuesFileList --force --compile-time-extraction --deployment-aware-processing --validate-assistant-intents --no-app-shortcuts-localization
2026-05-24 14:36:21.009 appintentsmetadataprocessor[44850:13983110] Starting appintentsmetadataprocessor export
2026-05-24 14:36:21.149 appintentsmetadataprocessor[44850:13983110] Extracted no relevant App Intents symbols, skipping writing output

RegisterExecutionPolicyException /Users/khanghnguyen/Library/Developer/Xcode/DerivedData/Wishie-gavmeupfwiyxzhaiqkwzocyeeixy/Build/Products/Debug-iphoneos/FirebaseFirestore.o (in target 'FirebaseFirestore' from project 'Firebase')
    cd /Users/khanghnguyen/Library/Developer/Xcode/DerivedData/Wishie-gavmeupfwiyxzhaiqkwzocyeeixy/SourcePackages/checkouts/firebase-ios-sdk
    builtin-RegisterExecutionPolicyException /Users/khanghnguyen/Library/Developer/Xcode/DerivedData/Wishie-gavmeupfwiyxzhaiqkwzocyeeixy/Build/Products/Debug-iphoneos/FirebaseFirestore.o

Ld /Users/khanghnguyen/Library/Developer/Xcode/DerivedData/Wishie-gavmeupfwiyxzhaiqkwzocyeeixy/Build/Products/Debug-iphoneos/FirebaseFirestoreTarget.o normal (in target 'FirebaseFirestoreTarget' from project 'Firebase')
    cd /Users/khanghnguyen/Library/Developer/Xcode/DerivedData/Wishie-gavmeupfwiyxzhaiqkwzocyeeixy/SourcePackages/checkouts/firebase-ios-sdk
    /Applications/Xcode.app/Contents/Developer/Toolchains/XcodeDefault.xctoolchain/usr/bin/clang -Xlinker -reproducible -target arm64-apple-ios15.0 -r -isysroot /Applications/Xcode.app/Contents/Developer/Platforms/iPhoneOS.platform/Developer/SDKs/iPhoneOS26.2.sdk -O0 -w -L/Users/khanghnguyen/Library/Developer/Xcode/DerivedData/Wishie-gavmeupfwiyxzhaiqkwzocyeeixy/Build/Intermediates.noindex/EagerLinkingTBDs/Debug-iphoneos -L/Users/khanghnguyen/Library/Developer/Xcode/DerivedData/Wishie-gavmeupfwiyxzhaiqkwzocyeeixy/Build/Products/Debug-iphoneos -L/Applications/Xcode.app/Contents/Developer/Platforms/iPhoneOS.platform/Developer/usr/lib -F/Users/khanghnguyen/Library/Developer/Xcode/DerivedData/Wishie-gavmeupfwiyxzhaiqkwzocyeeixy/Build/Intermediates.noindex/EagerLinkingTBDs/Debug-iphoneos -F/Users/khanghnguyen/Library/Developer/Xcode/DerivedData/Wishie-gavmeupfwiyxzhaiqkwzocyeeixy/Build/Products/Debug-iphoneos/PackageFrameworks -F/Users/khanghnguyen/Library/Developer/Xcode/DerivedData/Wishie-gavmeupfwiyxzhaiqkwzocyeeixy/Build/Products/Debug-iphoneos/PackageFrameworks -F/Users/khanghnguyen/Library/Developer/Xcode/DerivedData/Wishie-gavmeupfwiyxzhaiqkwzocyeeixy/Build/Products/Debug-iphoneos/PackageFrameworks -F/Users/khanghnguyen/Library/Developer/Xcode/DerivedData/Wishie-gavmeupfwiyxzhaiqkwzocyeeixy/Build/Products/Debug-iphoneos/PackageFrameworks -F/Users/khanghnguyen/Library/Developer/Xcode/DerivedData/Wishie-gavmeupfwiyxzhaiqkwzocyeeixy/Build/Products/Debug-iphoneos/PackageFrameworks -F/Users/khanghnguyen/Library/Developer/Xcode/DerivedData/Wishie-gavmeupfwiyxzhaiqkwzocyeeixy/Build/Products/Debug-iphoneos/PackageFrameworks -F/Users/khanghnguyen/Library/Developer/Xcode/DerivedData/Wishie-gavmeupfwiyxzhaiqkwzocyeeixy/Build/Products/Debug-iphoneos/PackageFrameworks -F/Users/khanghnguyen/Library/Developer/Xcode/DerivedData/Wishie-gavmeupfwiyxzhaiqkwzocyeeixy/Build/Products/Debug-iphoneos/PackageFrameworks -F/Users/khanghnguyen/Library/Developer/Xcode/DerivedData/Wishie-gavmeupfwiyxzhaiqkwzocyeeixy/Build/Products/Debug-iphoneos/PackageFrameworks -F/Users/khanghnguyen/Library/Developer/Xcode/DerivedData/Wishie-gavmeupfwiyxzhaiqkwzocyeeixy/Build/Products/Debug-iphoneos/PackageFrameworks -F/Users/khanghnguyen/Library/Developer/Xcode/DerivedData/Wishie-gavmeupfwiyxzhaiqkwzocyeeixy/Build/Products/Debug-iphoneos/PackageFrameworks -F/Users/khanghnguyen/Library/Developer/Xcode/DerivedData/Wishie-gavmeupfwiyxzhaiqkwzocyeeixy/Build/Products/Debug-iphoneos/PackageFrameworks -F/Users/khanghnguyen/Library/Developer/Xcode/DerivedData/Wishie-gavmeupfwiyxzhaiqkwzocyeeixy/Build/Products/Debug-iphoneos/PackageFrameworks -F/Users/khanghnguyen/Library/Developer/Xcode/DerivedData/Wishie-gavmeupfwiyxzhaiqkwzocyeeixy/Build/Products/Debug-iphoneos/PackageFrameworks -F/Users/khanghnguyen/Library/Developer/Xcode/DerivedData/Wishie-gavmeupfwiyxzhaiqkwzocyeeixy/Build/Products/Debug-iphoneos/PackageFrameworks -F/Users/khanghnguyen/Library/Developer/Xcode/DerivedData/Wishie-gavmeupfwiyxzhaiqkwzocyeeixy/Build/Products/Debug-iphoneos/PackageFrameworks -F/Users/khanghnguyen/Library/Developer/Xcode/DerivedData/Wishie-gavmeupfwiyxzhaiqkwzocyeeixy/Build/Products/Debug-iphoneos/PackageFrameworks -F/Users/khanghnguyen/Library/Developer/Xcode/DerivedData/Wishie-gavmeupfwiyxzhaiqkwzocyeeixy/Build/Products/Debug-iphoneos/PackageFrameworks -F/Users/khanghnguyen/Library/Developer/Xcode/DerivedData/Wishie-gavmeupfwiyxzhaiqkwzocyeeixy/Build/Products/Debug-iphoneos -iframework /Applications/Xcode.app/Contents/Developer/Platforms/iPhoneOS.platform/Developer/Library/Frameworks -iframework /Applications/Xcode.app/Contents/Developer/Platforms/iPhoneOS.platform/Developer/SDKs/iPhoneOS26.2.sdk/Developer/Library/Frameworks -filelist /Users/khanghnguyen/Library/Developer/Xcode/DerivedData/Wishie-gavmeupfwiyxzhaiqkwzocyeeixy/Build/Intermediates.noindex/Firebase.build/Debug-iphoneos/FirebaseFirestoreTarget.build/Objects-normal/arm64/FirebaseFirestoreTarget.LinkFileList -nostdlib -Xlinker -object_path_lto -Xlinker /Users/khanghnguyen/Library/Developer/Xcode/DerivedData/Wishie-gavmeupfwiyxzhaiqkwzocyeeixy/Build/Intermediates.noindex/Firebase.build/Debug-iphoneos/FirebaseFirestoreTarget.build/Objects-normal/arm64/FirebaseFirestoreTarget_lto.o -rdynamic -Xlinker -no_deduplicate -Xlinker -debug_variant -Xlinker -dependency_info -Xlinker /Users/khanghnguyen/Library/Developer/Xcode/DerivedData/Wishie-gavmeupfwiyxzhaiqkwzocyeeixy/Build/Intermediates.noindex/Firebase.build/Debug-iphoneos/FirebaseFirestoreTarget.build/Objects-normal/arm64/FirebaseFirestoreTarget_dependency_info.dat -fobjc-arc -fobjc-link-runtime -o /Users/khanghnguyen/Library/Developer/Xcode/DerivedData/Wishie-gavmeupfwiyxzhaiqkwzocyeeixy/Build/Products/Debug-iphoneos/FirebaseFirestoreTarget.o

RegisterExecutionPolicyException /Users/khanghnguyen/Library/Developer/Xcode/DerivedData/Wishie-gavmeupfwiyxzhaiqkwzocyeeixy/Build/Products/Debug-iphoneos/Clocks.o (in target 'Clocks' from project 'swift-clocks')
    cd /Users/khanghnguyen/Library/Developer/Xcode/DerivedData/Wishie-gavmeupfwiyxzhaiqkwzocyeeixy/SourcePackages/checkouts/swift-clocks
    builtin-RegisterExecutionPolicyException /Users/khanghnguyen/Library/Developer/Xcode/DerivedData/Wishie-gavmeupfwiyxzhaiqkwzocyeeixy/Build/Products/Debug-iphoneos/Clocks.o

RegisterExecutionPolicyException /Users/khanghnguyen/Library/Developer/Xcode/DerivedData/Wishie-gavmeupfwiyxzhaiqkwzocyeeixy/Build/Products/Debug-iphoneos/FirebaseFirestoreTarget.o (in target 'FirebaseFirestoreTarget' from project 'Firebase')
    cd /Users/khanghnguyen/Library/Developer/Xcode/DerivedData/Wishie-gavmeupfwiyxzhaiqkwzocyeeixy/SourcePackages/checkouts/firebase-ios-sdk
    builtin-RegisterExecutionPolicyException /Users/khanghnguyen/Library/Developer/Xcode/DerivedData/Wishie-gavmeupfwiyxzhaiqkwzocyeeixy/Build/Products/Debug-iphoneos/FirebaseFirestoreTarget.o

SwiftCompile normal arm64 Compiling\ AnyJSON+Codable.swift,\ AnyJSON.swift,\ AsyncValueSubject.swift /Users/khanghnguyen/Library/Developer/Xcode/DerivedData/Wishie-gavmeupfwiyxzhaiqkwzocyeeixy/SourcePackages/checkouts/supabase-swift/Sources/Helpers/AnyJSON/AnyJSON+Codable.swift /Users/khanghnguyen/Library/Developer/Xcode/DerivedData/Wishie-gavmeupfwiyxzhaiqkwzocyeeixy/SourcePackages/checkouts/supabase-swift/Sources/Helpers/AnyJSON/AnyJSON.swift /Users/khanghnguyen/Library/Developer/Xcode/DerivedData/Wishie-gavmeupfwiyxzhaiqkwzocyeeixy/SourcePackages/checkouts/supabase-swift/Sources/Helpers/AsyncValueSubject.swift (in target 'Helpers' from project 'Supabase')

SwiftCompile normal arm64 /Users/khanghnguyen/Library/Developer/Xcode/DerivedData/Wishie-gavmeupfwiyxzhaiqkwzocyeeixy/SourcePackages/checkouts/supabase-swift/Sources/Helpers/AnyJSON/AnyJSON+Codable.swift (in target 'Helpers' from project 'Supabase')
    cd /Users/khanghnguyen/Downloads/Wishie/Wishie.xcodeproj
    

SwiftCompile normal arm64 /Users/khanghnguyen/Library/Developer/Xcode/DerivedData/Wishie-gavmeupfwiyxzhaiqkwzocyeeixy/SourcePackages/checkouts/supabase-swift/Sources/Helpers/AnyJSON/AnyJSON.swift (in target 'Helpers' from project 'Supabase')
    cd /Users/khanghnguyen/Downloads/Wishie/Wishie.xcodeproj
    

SwiftCompile normal arm64 /Users/khanghnguyen/Library/Developer/Xcode/DerivedData/Wishie-gavmeupfwiyxzhaiqkwzocyeeixy/SourcePackages/checkouts/supabase-swift/Sources/Helpers/AsyncValueSubject.swift (in target 'Helpers' from project 'Supabase')
    cd /Users/khanghnguyen/Downloads/Wishie/Wishie.xcodeproj
    

SwiftEmitModule normal arm64 Emitting\ module\ for\ Helpers (in target 'Helpers' from project 'Supabase')

EmitSwiftModule normal arm64 (in target 'Helpers' from project 'Supabase')
    cd /Users/khanghnguyen/Downloads/Wishie/Wishie.xcodeproj
    

SwiftCompile normal arm64 Compiling\ URLSession+AsyncAwait.swift,\ Version.swift,\ _Clock.swift /Users/khanghnguyen/Library/Developer/Xcode/DerivedData/Wishie-gavmeupfwiyxzhaiqkwzocyeeixy/SourcePackages/checkouts/supabase-swift/Sources/Helpers/URLSession+AsyncAwait.swift /Users/khanghnguyen/Library/Developer/Xcode/DerivedData/Wishie-gavmeupfwiyxzhaiqkwzocyeeixy/SourcePackages/checkouts/supabase-swift/Sources/Helpers/Version.swift /Users/khanghnguyen/Library/Developer/Xcode/DerivedData/Wishie-gavmeupfwiyxzhaiqkwzocyeeixy/SourcePackages/checkouts/supabase-swift/Sources/Helpers/_Clock.swift (in target 'Helpers' from project 'Supabase')

SwiftCompile normal arm64 /Users/khanghnguyen/Library/Developer/Xcode/DerivedData/Wishie-gavmeupfwiyxzhaiqkwzocyeeixy/SourcePackages/checkouts/supabase-swift/Sources/Helpers/URLSession+AsyncAwait.swift (in target 'Helpers' from project 'Supabase')
    cd /Users/khanghnguyen/Downloads/Wishie/Wishie.xcodeproj
    

SwiftCompile normal arm64 /Users/khanghnguyen/Library/Developer/Xcode/DerivedData/Wishie-gavmeupfwiyxzhaiqkwzocyeeixy/SourcePackages/checkouts/supabase-swift/Sources/Helpers/Version.swift (in target 'Helpers' from project 'Supabase')
    cd /Users/khanghnguyen/Downloads/Wishie/Wishie.xcodeproj
    

SwiftCompile normal arm64 /Users/khanghnguyen/Library/Developer/Xcode/DerivedData/Wishie-gavmeupfwiyxzhaiqkwzocyeeixy/SourcePackages/checkouts/supabase-swift/Sources/Helpers/_Clock.swift (in target 'Helpers' from project 'Supabase')
    cd /Users/khanghnguyen/Downloads/Wishie/Wishie.xcodeproj
    

SwiftCompile normal arm64 Compiling\ LoggerInterceptor.swift,\ RetryRequestInterceptor.swift,\ JWT.swift /Users/khanghnguyen/Library/Developer/Xcode/DerivedData/Wishie-gavmeupfwiyxzhaiqkwzocyeeixy/SourcePackages/checkouts/supabase-swift/Sources/Helpers/HTTP/LoggerInterceptor.swift /Users/khanghnguyen/Library/Developer/Xcode/DerivedData/Wishie-gavmeupfwiyxzhaiqkwzocyeeixy/SourcePackages/checkouts/supabase-swift/Sources/Helpers/HTTP/RetryRequestInterceptor.swift /Users/khanghnguyen/Library/Developer/Xcode/DerivedData/Wishie-gavmeupfwiyxzhaiqkwzocyeeixy/SourcePackages/checkouts/supabase-swift/Sources/Helpers/JWT.swift (in target 'Helpers' from project 'Supabase')

SwiftCompile normal arm64 /Users/khanghnguyen/Library/Developer/Xcode/DerivedData/Wishie-gavmeupfwiyxzhaiqkwzocyeeixy/SourcePackages/checkouts/supabase-swift/Sources/Helpers/HTTP/LoggerInterceptor.swift (in target 'Helpers' from project 'Supabase')
    cd /Users/khanghnguyen/Downloads/Wishie/Wishie.xcodeproj
    

SwiftCompile normal arm64 /Users/khanghnguyen/Library/Developer/Xcode/DerivedData/Wishie-gavmeupfwiyxzhaiqkwzocyeeixy/SourcePackages/checkouts/supabase-swift/Sources/Helpers/HTTP/RetryRequestInterceptor.swift (in target 'Helpers' from project 'Supabase')
    cd /Users/khanghnguyen/Downloads/Wishie/Wishie.xcodeproj
    

SwiftCompile normal arm64 /Users/khanghnguyen/Library/Developer/Xcode/DerivedData/Wishie-gavmeupfwiyxzhaiqkwzocyeeixy/SourcePackages/checkouts/supabase-swift/Sources/Helpers/JWT.swift (in target 'Helpers' from project 'Supabase')
    cd /Users/khanghnguyen/Downloads/Wishie/Wishie.xcodeproj
    

SwiftCompile normal arm64 Compiling\ PostgrestError.swift,\ Task+withTimeout.swift,\ TaskLocalHelpers.swift /Users/khanghnguyen/Library/Developer/Xcode/DerivedData/Wishie-gavmeupfwiyxzhaiqkwzocyeeixy/SourcePackages/checkouts/supabase-swift/Sources/Helpers/SharedModels/PostgrestError.swift /Users/khanghnguyen/Library/Developer/Xcode/DerivedData/Wishie-gavmeupfwiyxzhaiqkwzocyeeixy/SourcePackages/checkouts/supabase-swift/Sources/Helpers/Task+withTimeout.swift /Users/khanghnguyen/Library/Developer/Xcode/DerivedData/Wishie-gavmeupfwiyxzhaiqkwzocyeeixy/SourcePackages/checkouts/supabase-swift/Sources/Helpers/TaskLocalHelpers.swift (in target 'Helpers' from project 'Supabase')

SwiftCompile normal arm64 /Users/khanghnguyen/Library/Developer/Xcode/DerivedData/Wishie-gavmeupfwiyxzhaiqkwzocyeeixy/SourcePackages/checkouts/supabase-swift/Sources/Helpers/SharedModels/PostgrestError.swift (in target 'Helpers' from project 'Supabase')
    cd /Users/khanghnguyen/Downloads/Wishie/Wishie.xcodeproj
    

SwiftCompile normal arm64 /Users/khanghnguyen/Library/Developer/Xcode/DerivedData/Wishie-gavmeupfwiyxzhaiqkwzocyeeixy/SourcePackages/checkouts/supabase-swift/Sources/Helpers/Task+withTimeout.swift (in target 'Helpers' from project 'Supabase')
    cd /Users/khanghnguyen/Downloads/Wishie/Wishie.xcodeproj
    

SwiftCompile normal arm64 /Users/khanghnguyen/Library/Developer/Xcode/DerivedData/Wishie-gavmeupfwiyxzhaiqkwzocyeeixy/SourcePackages/checkouts/supabase-swift/Sources/Helpers/TaskLocalHelpers.swift (in target 'Helpers' from project 'Supabase')
    cd /Users/khanghnguyen/Downloads/Wishie/Wishie.xcodeproj
    

SwiftCompile normal arm64 Compiling\ OSLogSupabaseLogger.swift,\ SupabaseLogger.swift,\ HTTPError.swift /Users/khanghnguyen/Library/Developer/Xcode/DerivedData/Wishie-gavmeupfwiyxzhaiqkwzocyeeixy/SourcePackages/checkouts/supabase-swift/Sources/Helpers/Logger/OSLogSupabaseLogger.swift /Users/khanghnguyen/Library/Developer/Xcode/DerivedData/Wishie-gavmeupfwiyxzhaiqkwzocyeeixy/SourcePackages/checkouts/supabase-swift/Sources/Helpers/Logger/SupabaseLogger.swift /Users/khanghnguyen/Library/Developer/Xcode/DerivedData/Wishie-gavmeupfwiyxzhaiqkwzocyeeixy/SourcePackages/checkouts/supabase-swift/Sources/Helpers/SharedModels/HTTPError.swift (in target 'Helpers' from project 'Supabase')

SwiftCompile normal arm64 /Users/khanghnguyen/Library/Developer/Xcode/DerivedData/Wishie-gavmeupfwiyxzhaiqkwzocyeeixy/SourcePackages/checkouts/supabase-swift/Sources/Helpers/Logger/OSLogSupabaseLogger.swift (in target 'Helpers' from project 'Supabase')
    cd /Users/khanghnguyen/Downloads/Wishie/Wishie.xcodeproj
    

SwiftCompile normal arm64 /Users/khanghnguyen/Library/Developer/Xcode/DerivedData/Wishie-gavmeupfwiyxzhaiqkwzocyeeixy/SourcePackages/checkouts/supabase-swift/Sources/Helpers/Logger/SupabaseLogger.swift (in target 'Helpers' from project 'Supabase')
    cd /Users/khanghnguyen/Downloads/Wishie/Wishie.xcodeproj
    

SwiftCompile normal arm64 /Users/khanghnguyen/Library/Developer/Xcode/DerivedData/Wishie-gavmeupfwiyxzhaiqkwzocyeeixy/SourcePackages/checkouts/supabase-swift/Sources/Helpers/SharedModels/HTTPError.swift (in target 'Helpers' from project 'Supabase')
    cd /Users/khanghnguyen/Downloads/Wishie/Wishie.xcodeproj
    

SwiftCompile normal arm64 Compiling\ Base64URL.swift,\ Codable.swift,\ DateFormatter.swift /Users/khanghnguyen/Library/Developer/Xcode/DerivedData/Wishie-gavmeupfwiyxzhaiqkwzocyeeixy/SourcePackages/checkouts/supabase-swift/Sources/Helpers/Base64URL.swift /Users/khanghnguyen/Library/Developer/Xcode/DerivedData/Wishie-gavmeupfwiyxzhaiqkwzocyeeixy/SourcePackages/checkouts/supabase-swift/Sources/Helpers/Codable.swift /Users/khanghnguyen/Library/Developer/Xcode/DerivedData/Wishie-gavmeupfwiyxzhaiqkwzocyeeixy/SourcePackages/checkouts/supabase-swift/Sources/Helpers/DateFormatter.swift (in target 'Helpers' from project 'Supabase')

SwiftCompile normal arm64 /Users/khanghnguyen/Library/Developer/Xcode/DerivedData/Wishie-gavmeupfwiyxzhaiqkwzocyeeixy/SourcePackages/checkouts/supabase-swift/Sources/Helpers/Base64URL.swift (in target 'Helpers' from project 'Supabase')
    cd /Users/khanghnguyen/Downloads/Wishie/Wishie.xcodeproj
    

SwiftCompile normal arm64 /Users/khanghnguyen/Library/Developer/Xcode/DerivedData/Wishie-gavmeupfwiyxzhaiqkwzocyeeixy/SourcePackages/checkouts/supabase-swift/Sources/Helpers/Codable.swift (in target 'Helpers' from project 'Supabase')
    cd /Users/khanghnguyen/Downloads/Wishie/Wishie.xcodeproj
    

SwiftCompile normal arm64 /Users/khanghnguyen/Library/Developer/Xcode/DerivedData/Wishie-gavmeupfwiyxzhaiqkwzocyeeixy/SourcePackages/checkouts/supabase-swift/Sources/Helpers/DateFormatter.swift (in target 'Helpers' from project 'Supabase')
    cd /Users/khanghnguyen/Downloads/Wishie/Wishie.xcodeproj
    

SwiftDriverJobDiscovery normal arm64 Compiling resource_bundle_accessor.swift, ActionCodeInfo.swift, ActionCodeOperation.swift, ActionCodeSettings.swift, ActionCodeURL.swift, Auth+Async.swift, Auth.swift, AuthComponent.swift, AuthDataResult.swift, AuthDispatcher.swift, AuthGlobalWorkQueue.swift, AuthOperationType.swift, AuthSettings.swift, AuthTokenResult.swift, AuthCredential.swift, AuthProviderID.swift, EmailAuthProvider.swift, FacebookAuthProvider.swift (in target 'FirebaseAuth' from project 'Firebase')

SwiftCompile normal arm64 Compiling\ EventEmitter.swift,\ FoundationExtensions.swift,\ HTTPClient.swift /Users/khanghnguyen/Library/Developer/Xcode/DerivedData/Wishie-gavmeupfwiyxzhaiqkwzocyeeixy/SourcePackages/checkouts/supabase-swift/Sources/Helpers/EventEmitter.swift /Users/khanghnguyen/Library/Developer/Xcode/DerivedData/Wishie-gavmeupfwiyxzhaiqkwzocyeeixy/SourcePackages/checkouts/supabase-swift/Sources/Helpers/FoundationExtensions.swift /Users/khanghnguyen/Library/Developer/Xcode/DerivedData/Wishie-gavmeupfwiyxzhaiqkwzocyeeixy/SourcePackages/checkouts/supabase-swift/Sources/Helpers/HTTP/HTTPClient.swift (in target 'Helpers' from project 'Supabase')

SwiftCompile normal arm64 /Users/khanghnguyen/Library/Developer/Xcode/DerivedData/Wishie-gavmeupfwiyxzhaiqkwzocyeeixy/SourcePackages/checkouts/supabase-swift/Sources/Helpers/EventEmitter.swift (in target 'Helpers' from project 'Supabase')
    cd /Users/khanghnguyen/Downloads/Wishie/Wishie.xcodeproj
    

SwiftCompile normal arm64 /Users/khanghnguyen/Library/Developer/Xcode/DerivedData/Wishie-gavmeupfwiyxzhaiqkwzocyeeixy/SourcePackages/checkouts/supabase-swift/Sources/Helpers/FoundationExtensions.swift (in target 'Helpers' from project 'Supabase')
    cd /Users/khanghnguyen/Downloads/Wishie/Wishie.xcodeproj
    

SwiftCompile normal arm64 /Users/khanghnguyen/Library/Developer/Xcode/DerivedData/Wishie-gavmeupfwiyxzhaiqkwzocyeeixy/SourcePackages/checkouts/supabase-swift/Sources/Helpers/HTTP/HTTPClient.swift (in target 'Helpers' from project 'Supabase')
    cd /Users/khanghnguyen/Downloads/Wishie/Wishie.xcodeproj
    

SwiftDriverJobDiscovery normal arm64 Compiling URLSession+AsyncAwait.swift, Version.swift, _Clock.swift (in target 'Helpers' from project 'Supabase')

SwiftCompile normal arm64 Compiling\ HTTPFields.swift,\ HTTPRequest.swift,\ HTTPResponse.swift /Users/khanghnguyen/Library/Developer/Xcode/DerivedData/Wishie-gavmeupfwiyxzhaiqkwzocyeeixy/SourcePackages/checkouts/supabase-swift/Sources/Helpers/HTTP/HTTPFields.swift /Users/khanghnguyen/Library/Developer/Xcode/DerivedData/Wishie-gavmeupfwiyxzhaiqkwzocyeeixy/SourcePackages/checkouts/supabase-swift/Sources/Helpers/HTTP/HTTPRequest.swift /Users/khanghnguyen/Library/Developer/Xcode/DerivedData/Wishie-gavmeupfwiyxzhaiqkwzocyeeixy/SourcePackages/checkouts/supabase-swift/Sources/Helpers/HTTP/HTTPResponse.swift (in target 'Helpers' from project 'Supabase')

SwiftCompile normal arm64 /Users/khanghnguyen/Library/Developer/Xcode/DerivedData/Wishie-gavmeupfwiyxzhaiqkwzocyeeixy/SourcePackages/checkouts/supabase-swift/Sources/Helpers/HTTP/HTTPFields.swift (in target 'Helpers' from project 'Supabase')
    cd /Users/khanghnguyen/Downloads/Wishie/Wishie.xcodeproj
    

SwiftCompile normal arm64 /Users/khanghnguyen/Library/Developer/Xcode/DerivedData/Wishie-gavmeupfwiyxzhaiqkwzocyeeixy/SourcePackages/checkouts/supabase-swift/Sources/Helpers/HTTP/HTTPRequest.swift (in target 'Helpers' from project 'Supabase')
    cd /Users/khanghnguyen/Downloads/Wishie/Wishie.xcodeproj
    

SwiftCompile normal arm64 /Users/khanghnguyen/Library/Developer/Xcode/DerivedData/Wishie-gavmeupfwiyxzhaiqkwzocyeeixy/SourcePackages/checkouts/supabase-swift/Sources/Helpers/HTTP/HTTPResponse.swift (in target 'Helpers' from project 'Supabase')
    cd /Users/khanghnguyen/Downloads/Wishie/Wishie.xcodeproj
    

SwiftDriverJobDiscovery normal arm64 Compiling PostgrestError.swift, Task+withTimeout.swift, TaskLocalHelpers.swift (in target 'Helpers' from project 'Supabase')

SwiftDriverJobDiscovery normal arm64 Emitting module for Helpers (in target 'Helpers' from project 'Supabase')

SwiftDriver\ Compilation\ Requirements Helpers normal arm64 com.apple.xcode.tools.swift.compiler (in target 'Helpers' from project 'Supabase')
    cd /Users/khanghnguyen/Downloads/Wishie/Wishie.xcodeproj
    builtin-Swift-Compilation-Requirements -- /Applications/Xcode.app/Contents/Developer/Toolchains/XcodeDefault.xctoolchain/usr/bin/swiftc -module-name Helpers -Onone -enforce-exclusivity\=checked @/Users/khanghnguyen/Library/Developer/Xcode/DerivedData/Wishie-gavmeupfwiyxzhaiqkwzocyeeixy/Build/Intermediates.noindex/Supabase.build/Debug-iphoneos/Helpers.build/Objects-normal/arm64/Helpers.SwiftFileList -DSWIFT_PACKAGE -DDEBUG -DSWIFT_MODULE_RESOURCE_BUNDLE_UNAVAILABLE -DXcode -enable-upcoming-feature ExistentialAny -enable-experimental-feature StrictConcurrency -plugin-path /Applications/Xcode.app/Contents/Developer/Toolchains/XcodeDefault.xctoolchain/usr/lib/swift/host/plugins/testing -enable-experimental-feature DebugDescriptionMacro -sdk /Applications/Xcode.app/Contents/Developer/Platforms/iPhoneOS.platform/Developer/SDKs/iPhoneOS26.2.sdk -target arm64-apple-ios13.0 -g -module-cache-path /Users/khanghnguyen/Library/Developer/Xcode/DerivedData/ModuleCache.noindex -Xfrontend -serialize-debugging-options -profile-coverage-mapping -profile-generate -enable-testing -suppress-warnings -index-store-path /Users/khanghnguyen/Library/Developer/Xcode/DerivedData/Wishie-gavmeupfwiyxzhaiqkwzocyeeixy/Index.noindex/DataStore -Xcc -D_LIBCPP_HARDENING_MODE\=_LIBCPP_HARDENING_MODE_DEBUG -swift-version 5 -I /Users/khanghnguyen/Library/Developer/Xcode/DerivedData/Wishie-gavmeupfwiyxzhaiqkwzocyeeixy/Build/Products/Debug-iphoneos -Isystem /Applications/Xcode.app/Contents/Developer/Platforms/iPhoneOS.platform/Developer/usr/lib -F /Users/khanghnguyen/Library/Developer/Xcode/DerivedData/Wishie-gavmeupfwiyxzhaiqkwzocyeeixy/Build/Products/Debug-iphoneos/PackageFrameworks -F /Users/khanghnguyen/Library/Developer/Xcode/DerivedData/Wishie-gavmeupfwiyxzhaiqkwzocyeeixy/Build/Products/Debug-iphoneos/PackageFrameworks -F /Users/khanghnguyen/Library/Developer/Xcode/DerivedData/Wishie-gavmeupfwiyxzhaiqkwzocyeeixy/Build/Products/Debug-iphoneos/PackageFrameworks -F /Users/khanghnguyen/Library/Developer/Xcode/DerivedData/Wishie-gavmeupfwiyxzhaiqkwzocyeeixy/Build/Products/Debug-iphoneos/PackageFrameworks -F /Users/khanghnguyen/Library/Developer/Xcode/DerivedData/Wishie-gavmeupfwiyxzhaiqkwzocyeeixy/Build/Products/Debug-iphoneos/PackageFrameworks -F /Users/khanghnguyen/Library/Developer/Xcode/DerivedData/Wishie-gavmeupfwiyxzhaiqkwzocyeeixy/Build/Products/Debug-iphoneos/PackageFrameworks -F /Users/khanghnguyen/Library/Developer/Xcode/DerivedData/Wishie-gavmeupfwiyxzhaiqkwzocyeeixy/Build/Products/Debug-iphoneos -F /Applications/Xcode.app/Contents/Developer/Platforms/iPhoneOS.platform/Developer/Library/Frameworks -F /Applications/Xcode.app/Contents/Developer/Platforms/iPhoneOS.platform/Developer/SDKs/iPhoneOS26.2.sdk/Developer/Library/Frameworks -c -j8 -enable-batch-mode -incremental -Xcc -ivfsstatcache -Xcc /Users/khanghnguyen/Library/Developer/Xcode/DerivedData/SDKStatCaches.noindex/iphoneos26.2-23C57-3794476bd08197c3e2abd9bb477ef7f7.sdkstatcache -output-file-map /Users/khanghnguyen/Library/Developer/Xcode/DerivedData/Wishie-gavmeupfwiyxzhaiqkwzocyeeixy/Build/Intermediates.noindex/Supabase.build/Debug-iphoneos/Helpers.build/Objects-normal/arm64/Helpers-OutputFileMap.json -use-frontend-parseable-output -save-temps -no-color-diagnostics -explicit-module-build -module-cache-path /Users/khanghnguyen/Library/Developer/Xcode/DerivedData/Wishie-gavmeupfwiyxzhaiqkwzocyeeixy/Build/Intermediates.noindex/SwiftExplicitPrecompiledModules -clang-scanner-module-cache-path /Users/khanghnguyen/Library/Developer/Xcode/DerivedData/ModuleCache.noindex -sdk-module-cache-path /Users/khanghnguyen/Library/Developer/Xcode/DerivedData/ModuleCache.noindex -serialize-diagnostics -emit-dependencies -emit-module -emit-module-path /Users/khanghnguyen/Library/Developer/Xcode/DerivedData/Wishie-gavmeupfwiyxzhaiqkwzocyeeixy/Build/Intermediates.noindex/Supabase.build/Debug-iphoneos/Helpers.build/Objects-normal/arm64/Helpers.swiftmodule -validate-clang-modules-once -clang-build-session-file /Users/khanghnguyen/Library/Developer/Xcode/DerivedData/ModuleCache.noindex/Session.modulevalidation -package-name supabase_swift -Xcc -I/Users/khanghnguyen/Library/Developer/Xcode/DerivedData/Wishie-gavmeupfwiyxzhaiqkwzocyeeixy/Build/Intermediates.noindex/Supabase.build/Debug-iphoneos/Helpers.build/swift-overrides.hmap -emit-const-values -Xfrontend -const-gather-protocols-file -Xfrontend /Users/khanghnguyen/Library/Developer/Xcode/DerivedData/Wishie-gavmeupfwiyxzhaiqkwzocyeeixy/Build/Intermediates.noindex/Supabase.build/Debug-iphoneos/Helpers.build/Objects-normal/arm64/Helpers_const_extract_protocols.json -Xcc -I/Users/khanghnguyen/Library/Developer/Xcode/DerivedData/Wishie-gavmeupfwiyxzhaiqkwzocyeeixy/Build/Products/Debug-iphoneos/include -Xcc -I/Users/khanghnguyen/Library/Developer/Xcode/DerivedData/Wishie-gavmeupfwiyxzhaiqkwzocyeeixy/Build/Intermediates.noindex/Supabase.build/Debug-iphoneos/Helpers.build/DerivedSources-normal/arm64 -Xcc -I/Users/khanghnguyen/Library/Developer/Xcode/DerivedData/Wishie-gavmeupfwiyxzhaiqkwzocyeeixy/Build/Intermediates.noindex/Supabase.build/Debug-iphoneos/Helpers.build/DerivedSources/arm64 -Xcc -I/Users/khanghnguyen/Library/Developer/Xcode/DerivedData/Wishie-gavmeupfwiyxzhaiqkwzocyeeixy/Build/Intermediates.noindex/Supabase.build/Debug-iphoneos/Helpers.build/DerivedSources -Xcc -DSWIFT_PACKAGE -Xcc -DDEBUG\=1 -emit-objc-header -emit-objc-header-path /Users/khanghnguyen/Library/Developer/Xcode/DerivedData/Wishie-gavmeupfwiyxzhaiqkwzocyeeixy/Build/Intermediates.noindex/Supabase.build/Debug-iphoneos/Helpers.build/Objects-normal/arm64/Helpers-Swift.h -working-directory /Users/khanghnguyen/Downloads/Wishie/Wishie.xcodeproj -experimental-emit-module-separately -disable-cmo

SwiftMergeGeneratedHeaders /Users/khanghnguyen/Library/Developer/Xcode/DerivedData/Wishie-gavmeupfwiyxzhaiqkwzocyeeixy/Build/Intermediates.noindex/GeneratedModuleMaps-iphoneos/Helpers-Swift.h /Users/khanghnguyen/Library/Developer/Xcode/DerivedData/Wishie-gavmeupfwiyxzhaiqkwzocyeeixy/Build/Intermediates.noindex/Supabase.build/Debug-iphoneos/Helpers.build/Objects-normal/arm64/Helpers-Swift.h (in target 'Helpers' from project 'Supabase')
    cd /Users/khanghnguyen/Library/Developer/Xcode/DerivedData/Wishie-gavmeupfwiyxzhaiqkwzocyeeixy/SourcePackages/checkouts/supabase-swift
    builtin-swiftHeaderTool -arch arm64 /Users/khanghnguyen/Library/Developer/Xcode/DerivedData/Wishie-gavmeupfwiyxzhaiqkwzocyeeixy/Build/Intermediates.noindex/Supabase.build/Debug-iphoneos/Helpers.build/Objects-normal/arm64/Helpers-Swift.h -o /Users/khanghnguyen/Library/Developer/Xcode/DerivedData/Wishie-gavmeupfwiyxzhaiqkwzocyeeixy/Build/Intermediates.noindex/GeneratedModuleMaps-iphoneos/Helpers-Swift.h

Copy /Users/khanghnguyen/Library/Developer/Xcode/DerivedData/Wishie-gavmeupfwiyxzhaiqkwzocyeeixy/Build/Products/Debug-iphoneos/Helpers.swiftmodule/arm64-apple-ios.swiftmodule /Users/khanghnguyen/Library/Developer/Xcode/DerivedData/Wishie-gavmeupfwiyxzhaiqkwzocyeeixy/Build/Intermediates.noindex/Supabase.build/Debug-iphoneos/Helpers.build/Objects-normal/arm64/Helpers.swiftmodule (in target 'Helpers' from project 'Supabase')
    cd /Users/khanghnguyen/Library/Developer/Xcode/DerivedData/Wishie-gavmeupfwiyxzhaiqkwzocyeeixy/SourcePackages/checkouts/supabase-swift
    builtin-copy -exclude .DS_Store -exclude CVS -exclude .svn -exclude .git -exclude .hg -resolve-src-symlinks -rename /Users/khanghnguyen/Library/Developer/Xcode/DerivedData/Wishie-gavmeupfwiyxzhaiqkwzocyeeixy/Build/Intermediates.noindex/Supabase.build/Debug-iphoneos/Helpers.build/Objects-normal/arm64/Helpers.swiftmodule /Users/khanghnguyen/Library/Developer/Xcode/DerivedData/Wishie-gavmeupfwiyxzhaiqkwzocyeeixy/Build/Products/Debug-iphoneos/Helpers.swiftmodule/arm64-apple-ios.swiftmodule

Copy /Users/khanghnguyen/Library/Developer/Xcode/DerivedData/Wishie-gavmeupfwiyxzhaiqkwzocyeeixy/Build/Products/Debug-iphoneos/Helpers.swiftmodule/arm64-apple-ios.swiftdoc /Users/khanghnguyen/Library/Developer/Xcode/DerivedData/Wishie-gavmeupfwiyxzhaiqkwzocyeeixy/Build/Intermediates.noindex/Supabase.build/Debug-iphoneos/Helpers.build/Objects-normal/arm64/Helpers.swiftdoc (in target 'Helpers' from project 'Supabase')
    cd /Users/khanghnguyen/Library/Developer/Xcode/DerivedData/Wishie-gavmeupfwiyxzhaiqkwzocyeeixy/SourcePackages/checkouts/supabase-swift
    builtin-copy -exclude .DS_Store -exclude CVS -exclude .svn -exclude .git -exclude .hg -resolve-src-symlinks -rename /Users/khanghnguyen/Library/Developer/Xcode/DerivedData/Wishie-gavmeupfwiyxzhaiqkwzocyeeixy/Build/Intermediates.noindex/Supabase.build/Debug-iphoneos/Helpers.build/Objects-normal/arm64/Helpers.swiftdoc /Users/khanghnguyen/Library/Developer/Xcode/DerivedData/Wishie-gavmeupfwiyxzhaiqkwzocyeeixy/Build/Products/Debug-iphoneos/Helpers.swiftmodule/arm64-apple-ios.swiftdoc

Copy /Users/khanghnguyen/Library/Developer/Xcode/DerivedData/Wishie-gavmeupfwiyxzhaiqkwzocyeeixy/Build/Products/Debug-iphoneos/Helpers.swiftmodule/arm64-apple-ios.abi.json /Users/khanghnguyen/Library/Developer/Xcode/DerivedData/Wishie-gavmeupfwiyxzhaiqkwzocyeeixy/Build/Intermediates.noindex/Supabase.build/Debug-iphoneos/Helpers.build/Objects-normal/arm64/Helpers.abi.json (in target 'Helpers' from project 'Supabase')
    cd /Users/khanghnguyen/Library/Developer/Xcode/DerivedData/Wishie-gavmeupfwiyxzhaiqkwzocyeeixy/SourcePackages/checkouts/supabase-swift
    builtin-copy -exclude .DS_Store -exclude CVS -exclude .svn -exclude .git -exclude .hg -resolve-src-symlinks -rename /Users/khanghnguyen/Library/Developer/Xcode/DerivedData/Wishie-gavmeupfwiyxzhaiqkwzocyeeixy/Build/Intermediates.noindex/Supabase.build/Debug-iphoneos/Helpers.build/Objects-normal/arm64/Helpers.abi.json /Users/khanghnguyen/Library/Developer/Xcode/DerivedData/Wishie-gavmeupfwiyxzhaiqkwzocyeeixy/Build/Products/Debug-iphoneos/Helpers.swiftmodule/arm64-apple-ios.abi.json

SwiftDriverJobDiscovery normal arm64 Compiling AnyJSON+Codable.swift, AnyJSON.swift, AsyncValueSubject.swift (in target 'Helpers' from project 'Supabase')

Copy /Users/khanghnguyen/Library/Developer/Xcode/DerivedData/Wishie-gavmeupfwiyxzhaiqkwzocyeeixy/Build/Products/Debug-iphoneos/Helpers.swiftmodule/Project/arm64-apple-ios.swiftsourceinfo /Users/khanghnguyen/Library/Developer/Xcode/DerivedData/Wishie-gavmeupfwiyxzhaiqkwzocyeeixy/Build/Intermediates.noindex/Supabase.build/Debug-iphoneos/Helpers.build/Objects-normal/arm64/Helpers.swiftsourceinfo (in target 'Helpers' from project 'Supabase')
    cd /Users/khanghnguyen/Library/Developer/Xcode/DerivedData/Wishie-gavmeupfwiyxzhaiqkwzocyeeixy/SourcePackages/checkouts/supabase-swift
    builtin-copy -exclude .DS_Store -exclude CVS -exclude .svn -exclude .git -exclude .hg -resolve-src-symlinks -rename /Users/khanghnguyen/Library/Developer/Xcode/DerivedData/Wishie-gavmeupfwiyxzhaiqkwzocyeeixy/Build/Intermediates.noindex/Supabase.build/Debug-iphoneos/Helpers.build/Objects-normal/arm64/Helpers.swiftsourceinfo /Users/khanghnguyen/Library/Developer/Xcode/DerivedData/Wishie-gavmeupfwiyxzhaiqkwzocyeeixy/Build/Products/Debug-iphoneos/Helpers.swiftmodule/Project/arm64-apple-ios.swiftsourceinfo

SwiftDriver Storage normal arm64 com.apple.xcode.tools.swift.compiler (in target 'Storage' from project 'Supabase')
    cd /Users/khanghnguyen/Downloads/Wishie/Wishie.xcodeproj
    builtin-SwiftDriver -- /Applications/Xcode.app/Contents/Developer/Toolchains/XcodeDefault.xctoolchain/usr/bin/swiftc -module-name Storage -Onone -enforce-exclusivity\=checked @/Users/khanghnguyen/Library/Developer/Xcode/DerivedData/Wishie-gavmeupfwiyxzhaiqkwzocyeeixy/Build/Intermediates.noindex/Supabase.build/Debug-iphoneos/Storage.build/Objects-normal/arm64/Storage.SwiftFileList -DSWIFT_PACKAGE -DDEBUG -DSWIFT_MODULE_RESOURCE_BUNDLE_UNAVAILABLE -DXcode -enable-upcoming-feature ExistentialAny -enable-experimental-feature StrictConcurrency -plugin-path /Applications/Xcode.app/Contents/Developer/Toolchains/XcodeDefault.xctoolchain/usr/lib/swift/host/plugins/testing -enable-experimental-feature DebugDescriptionMacro -sdk /Applications/Xcode.app/Contents/Developer/Platforms/iPhoneOS.platform/Developer/SDKs/iPhoneOS26.2.sdk -target arm64-apple-ios13.0 -g -module-cache-path /Users/khanghnguyen/Library/Developer/Xcode/DerivedData/ModuleCache.noindex -Xfrontend -serialize-debugging-options -profile-coverage-mapping -profile-generate -enable-testing -suppress-warnings -index-store-path /Users/khanghnguyen/Library/Developer/Xcode/DerivedData/Wishie-gavmeupfwiyxzhaiqkwzocyeeixy/Index.noindex/DataStore -Xcc -D_LIBCPP_HARDENING_MODE\=_LIBCPP_HARDENING_MODE_DEBUG -swift-version 5 -I /Users/khanghnguyen/Library/Developer/Xcode/DerivedData/Wishie-gavmeupfwiyxzhaiqkwzocyeeixy/Build/Products/Debug-iphoneos -Isystem /Applications/Xcode.app/Contents/Developer/Platforms/iPhoneOS.platform/Developer/usr/lib -F /Users/khanghnguyen/Library/Developer/Xcode/DerivedData/Wishie-gavmeupfwiyxzhaiqkwzocyeeixy/Build/Products/Debug-iphoneos/PackageFrameworks -F /Users/khanghnguyen/Library/Developer/Xcode/DerivedData/Wishie-gavmeupfwiyxzhaiqkwzocyeeixy/Build/Products/Debug-iphoneos/PackageFrameworks -F /Users/khanghnguyen/Library/Developer/Xcode/DerivedData/Wishie-gavmeupfwiyxzhaiqkwzocyeeixy/Build/Products/Debug-iphoneos/PackageFrameworks -F /Users/khanghnguyen/Library/Developer/Xcode/DerivedData/Wishie-gavmeupfwiyxzhaiqkwzocyeeixy/Build/Products/Debug-iphoneos/PackageFrameworks -F /Users/khanghnguyen/Library/Developer/Xcode/DerivedData/Wishie-gavmeupfwiyxzhaiqkwzocyeeixy/Build/Products/Debug-iphoneos/PackageFrameworks -F /Users/khanghnguyen/Library/Developer/Xcode/DerivedData/Wishie-gavmeupfwiyxzhaiqkwzocyeeixy/Build/Products/Debug-iphoneos/PackageFrameworks -F /Users/khanghnguyen/Library/Developer/Xcode/DerivedData/Wishie-gavmeupfwiyxzhaiqkwzocyeeixy/Build/Products/Debug-iphoneos/PackageFrameworks -F /Users/khanghnguyen/Library/Developer/Xcode/DerivedData/Wishie-gavmeupfwiyxzhaiqkwzocyeeixy/Build/Products/Debug-iphoneos -F /Applications/Xcode.app/Contents/Developer/Platforms/iPhoneOS.platform/Developer/Library/Frameworks -F /Applications/Xcode.app/Contents/Developer/Platforms/iPhoneOS.platform/Developer/SDKs/iPhoneOS26.2.sdk/Developer/Library/Frameworks -c -j8 -enable-batch-mode -incremental -Xcc -ivfsstatcache -Xcc /Users/khanghnguyen/Library/Developer/Xcode/DerivedData/SDKStatCaches.noindex/iphoneos26.2-23C57-3794476bd08197c3e2abd9bb477ef7f7.sdkstatcache -output-file-map /Users/khanghnguyen/Library/Developer/Xcode/DerivedData/Wishie-gavmeupfwiyxzhaiqkwzocyeeixy/Build/Intermediates.noindex/Supabase.build/Debug-iphoneos/Storage.build/Objects-normal/arm64/Storage-OutputFileMap.json -use-frontend-parseable-output -save-temps -no-color-diagnostics -explicit-module-build -module-cache-path /Users/khanghnguyen/Library/Developer/Xcode/DerivedData/Wishie-gavmeupfwiyxzhaiqkwzocyeeixy/Build/Intermediates.noindex/SwiftExplicitPrecompiledModules -clang-scanner-module-cache-path /Users/khanghnguyen/Library/Developer/Xcode/DerivedData/ModuleCache.noindex -sdk-module-cache-path /Users/khanghnguyen/Library/Developer/Xcode/DerivedData/ModuleCache.noindex -serialize-diagnostics -emit-dependencies -emit-module -emit-module-path /Users/khanghnguyen/Library/Developer/Xcode/DerivedData/Wishie-gavmeupfwiyxzhaiqkwzocyeeixy/Build/Intermediates.noindex/Supabase.build/Debug-iphoneos/Storage.build/Objects-normal/arm64/Storage.swiftmodule -validate-clang-modules-once -clang-build-session-file /Users/khanghnguyen/Library/Developer/Xcode/DerivedData/ModuleCache.noindex/Session.modulevalidation -package-name supabase_swift -Xcc -I/Users/khanghnguyen/Library/Developer/Xcode/DerivedData/Wishie-gavmeupfwiyxzhaiqkwzocyeeixy/Build/Intermediates.noindex/Supabase.build/Debug-iphoneos/Storage.build/swift-overrides.hmap -emit-const-values -Xfrontend -const-gather-protocols-file -Xfrontend /Users/khanghnguyen/Library/Developer/Xcode/DerivedData/Wishie-gavmeupfwiyxzhaiqkwzocyeeixy/Build/Intermediates.noindex/Supabase.build/Debug-iphoneos/Storage.build/Objects-normal/arm64/Storage_const_extract_protocols.json -Xcc -I/Users/khanghnguyen/Library/Developer/Xcode/DerivedData/Wishie-gavmeupfwiyxzhaiqkwzocyeeixy/Build/Products/Debug-iphoneos/include -Xcc -I/Users/khanghnguyen/Library/Developer/Xcode/DerivedData/Wishie-gavmeupfwiyxzhaiqkwzocyeeixy/Build/Intermediates.noindex/Supabase.build/Debug-iphoneos/Storage.build/DerivedSources-normal/arm64 -Xcc -I/Users/khanghnguyen/Library/Developer/Xcode/DerivedData/Wishie-gavmeupfwiyxzhaiqkwzocyeeixy/Build/Intermediates.noindex/Supabase.build/Debug-iphoneos/Storage.build/DerivedSources/arm64 -Xcc -I/Users/khanghnguyen/Library/Developer/Xcode/DerivedData/Wishie-gavmeupfwiyxzhaiqkwzocyeeixy/Build/Intermediates.noindex/Supabase.build/Debug-iphoneos/Storage.build/DerivedSources -Xcc -DSWIFT_PACKAGE -Xcc -DDEBUG\=1 -emit-objc-header -emit-objc-header-path /Users/khanghnguyen/Library/Developer/Xcode/DerivedData/Wishie-gavmeupfwiyxzhaiqkwzocyeeixy/Build/Intermediates.noindex/Supabase.build/Debug-iphoneos/Storage.build/Objects-normal/arm64/Storage-Swift.h -working-directory /Users/khanghnguyen/Downloads/Wishie/Wishie.xcodeproj -experimental-emit-module-separately -disable-cmo

SwiftDriver Realtime normal arm64 com.apple.xcode.tools.swift.compiler (in target 'Realtime' from project 'Supabase')
    cd /Users/khanghnguyen/Downloads/Wishie/Wishie.xcodeproj
    builtin-SwiftDriver -- /Applications/Xcode.app/Contents/Developer/Toolchains/XcodeDefault.xctoolchain/usr/bin/swiftc -module-name Realtime -Onone -enforce-exclusivity\=checked @/Users/khanghnguyen/Library/Developer/Xcode/DerivedData/Wishie-gavmeupfwiyxzhaiqkwzocyeeixy/Build/Intermediates.noindex/Supabase.build/Debug-iphoneos/Realtime.build/Objects-normal/arm64/Realtime.SwiftFileList -DSWIFT_PACKAGE -DDEBUG -DSWIFT_MODULE_RESOURCE_BUNDLE_UNAVAILABLE -DXcode -enable-upcoming-feature ExistentialAny -enable-experimental-feature StrictConcurrency -plugin-path /Applications/Xcode.app/Contents/Developer/Toolchains/XcodeDefault.xctoolchain/usr/lib/swift/host/plugins/testing -enable-experimental-feature DebugDescriptionMacro -sdk /Applications/Xcode.app/Contents/Developer/Platforms/iPhoneOS.platform/Developer/SDKs/iPhoneOS26.2.sdk -target arm64-apple-ios13.0 -g -module-cache-path /Users/khanghnguyen/Library/Developer/Xcode/DerivedData/ModuleCache.noindex -Xfrontend -serialize-debugging-options -profile-coverage-mapping -profile-generate -enable-testing -suppress-warnings -index-store-path /Users/khanghnguyen/Library/Developer/Xcode/DerivedData/Wishie-gavmeupfwiyxzhaiqkwzocyeeixy/Index.noindex/DataStore -Xcc -D_LIBCPP_HARDENING_MODE\=_LIBCPP_HARDENING_MODE_DEBUG -swift-version 5 -I /Users/khanghnguyen/Library/Developer/Xcode/DerivedData/Wishie-gavmeupfwiyxzhaiqkwzocyeeixy/Build/Products/Debug-iphoneos -Isystem /Applications/Xcode.app/Contents/Developer/Platforms/iPhoneOS.platform/Developer/usr/lib -F /Users/khanghnguyen/Library/Developer/Xcode/DerivedData/Wishie-gavmeupfwiyxzhaiqkwzocyeeixy/Build/Products/Debug-iphoneos/PackageFrameworks -F /Users/khanghnguyen/Library/Developer/Xcode/DerivedData/Wishie-gavmeupfwiyxzhaiqkwzocyeeixy/Build/Products/Debug-iphoneos/PackageFrameworks -F /Users/khanghnguyen/Library/Developer/Xcode/DerivedData/Wishie-gavmeupfwiyxzhaiqkwzocyeeixy/Build/Products/Debug-iphoneos/PackageFrameworks -F /Users/khanghnguyen/Library/Developer/Xcode/DerivedData/Wishie-gavmeupfwiyxzhaiqkwzocyeeixy/Build/Products/Debug-iphoneos/PackageFrameworks -F /Users/khanghnguyen/Library/Developer/Xcode/DerivedData/Wishie-gavmeupfwiyxzhaiqkwzocyeeixy/Build/Products/Debug-iphoneos/PackageFrameworks -F /Users/khanghnguyen/Library/Developer/Xcode/DerivedData/Wishie-gavmeupfwiyxzhaiqkwzocyeeixy/Build/Products/Debug-iphoneos/PackageFrameworks -F /Users/khanghnguyen/Library/Developer/Xcode/DerivedData/Wishie-gavmeupfwiyxzhaiqkwzocyeeixy/Build/Products/Debug-iphoneos/PackageFrameworks -F /Users/khanghnguyen/Library/Developer/Xcode/DerivedData/Wishie-gavmeupfwiyxzhaiqkwzocyeeixy/Build/Products/Debug-iphoneos -F /Applications/Xcode.app/Contents/Developer/Platforms/iPhoneOS.platform/Developer/Library/Frameworks -F /Applications/Xcode.app/Contents/Developer/Platforms/iPhoneOS.platform/Developer/SDKs/iPhoneOS26.2.sdk/Developer/Library/Frameworks -c -j8 -enable-batch-mode -incremental -Xcc -ivfsstatcache -Xcc /Users/khanghnguyen/Library/Developer/Xcode/DerivedData/SDKStatCaches.noindex/iphoneos26.2-23C57-3794476bd08197c3e2abd9bb477ef7f7.sdkstatcache -output-file-map /Users/khanghnguyen/Library/Developer/Xcode/DerivedData/Wishie-gavmeupfwiyxzhaiqkwzocyeeixy/Build/Intermediates.noindex/Supabase.build/Debug-iphoneos/Realtime.build/Objects-normal/arm64/Realtime-OutputFileMap.json -use-frontend-parseable-output -save-temps -no-color-diagnostics -explicit-module-build -module-cache-path /Users/khanghnguyen/Library/Developer/Xcode/DerivedData/Wishie-gavmeupfwiyxzhaiqkwzocyeeixy/Build/Intermediates.noindex/SwiftExplicitPrecompiledModules -clang-scanner-module-cache-path /Users/khanghnguyen/Library/Developer/Xcode/DerivedData/ModuleCache.noindex -sdk-module-cache-path /Users/khanghnguyen/Library/Developer/Xcode/DerivedData/ModuleCache.noindex -serialize-diagnostics -emit-dependencies -emit-module -emit-module-path /Users/khanghnguyen/Library/Developer/Xcode/DerivedData/Wishie-gavmeupfwiyxzhaiqkwzocyeeixy/Build/Intermediates.noindex/Supabase.build/Debug-iphoneos/Realtime.build/Objects-normal/arm64/Realtime.swiftmodule -validate-clang-modules-once -clang-build-session-file /Users/khanghnguyen/Library/Developer/Xcode/DerivedData/ModuleCache.noindex/Session.modulevalidation -package-name supabase_swift -Xcc -I/Users/khanghnguyen/Library/Developer/Xcode/DerivedData/Wishie-gavmeupfwiyxzhaiqkwzocyeeixy/Build/Intermediates.noindex/Supabase.build/Debug-iphoneos/Realtime.build/swift-overrides.hmap -emit-const-values -Xfrontend -const-gather-protocols-file -Xfrontend /Users/khanghnguyen/Library/Developer/Xcode/DerivedData/Wishie-gavmeupfwiyxzhaiqkwzocyeeixy/Build/Intermediates.noindex/Supabase.build/Debug-iphoneos/Realtime.build/Objects-normal/arm64/Realtime_const_extract_protocols.json -Xcc -I/Users/khanghnguyen/Library/Developer/Xcode/DerivedData/Wishie-gavmeupfwiyxzhaiqkwzocyeeixy/Build/Products/Debug-iphoneos/include -Xcc -I/Users/khanghnguyen/Library/Developer/Xcode/DerivedData/Wishie-gavmeupfwiyxzhaiqkwzocyeeixy/Build/Intermediates.noindex/Supabase.build/Debug-iphoneos/Realtime.build/DerivedSources-normal/arm64 -Xcc -I/Users/khanghnguyen/Library/Developer/Xcode/DerivedData/Wishie-gavmeupfwiyxzhaiqkwzocyeeixy/Build/Intermediates.noindex/Supabase.build/Debug-iphoneos/Realtime.build/DerivedSources/arm64 -Xcc -I/Users/khanghnguyen/Library/Developer/Xcode/DerivedData/Wishie-gavmeupfwiyxzhaiqkwzocyeeixy/Build/Intermediates.noindex/Supabase.build/Debug-iphoneos/Realtime.build/DerivedSources -Xcc -DSWIFT_PACKAGE -Xcc -DDEBUG\=1 -emit-objc-header -emit-objc-header-path /Users/khanghnguyen/Library/Developer/Xcode/DerivedData/Wishie-gavmeupfwiyxzhaiqkwzocyeeixy/Build/Intermediates.noindex/Supabase.build/Debug-iphoneos/Realtime.build/Objects-normal/arm64/Realtime-Swift.h -working-directory /Users/khanghnguyen/Downloads/Wishie/Wishie.xcodeproj -experimental-emit-module-separately -disable-cmo

SwiftDriver PostgREST normal arm64 com.apple.xcode.tools.swift.compiler (in target 'PostgREST' from project 'Supabase')
    cd /Users/khanghnguyen/Downloads/Wishie/Wishie.xcodeproj
    builtin-SwiftDriver -- /Applications/Xcode.app/Contents/Developer/Toolchains/XcodeDefault.xctoolchain/usr/bin/swiftc -module-name PostgREST -Onone -enforce-exclusivity\=checked @/Users/khanghnguyen/Library/Developer/Xcode/DerivedData/Wishie-gavmeupfwiyxzhaiqkwzocyeeixy/Build/Intermediates.noindex/Supabase.build/Debug-iphoneos/PostgREST.build/Objects-normal/arm64/PostgREST.SwiftFileList -DSWIFT_PACKAGE -DDEBUG -DSWIFT_MODULE_RESOURCE_BUNDLE_UNAVAILABLE -DXcode -enable-upcoming-feature ExistentialAny -enable-experimental-feature StrictConcurrency -plugin-path /Applications/Xcode.app/Contents/Developer/Toolchains/XcodeDefault.xctoolchain/usr/lib/swift/host/plugins/testing -enable-experimental-feature DebugDescriptionMacro -sdk /Applications/Xcode.app/Contents/Developer/Platforms/iPhoneOS.platform/Developer/SDKs/iPhoneOS26.2.sdk -target arm64-apple-ios13.0 -g -module-cache-path /Users/khanghnguyen/Library/Developer/Xcode/DerivedData/ModuleCache.noindex -Xfrontend -serialize-debugging-options -profile-coverage-mapping -profile-generate -enable-testing -suppress-warnings -index-store-path /Users/khanghnguyen/Library/Developer/Xcode/DerivedData/Wishie-gavmeupfwiyxzhaiqkwzocyeeixy/Index.noindex/DataStore -Xcc -D_LIBCPP_HARDENING_MODE\=_LIBCPP_HARDENING_MODE_DEBUG -swift-version 5 -I /Users/khanghnguyen/Library/Developer/Xcode/DerivedData/Wishie-gavmeupfwiyxzhaiqkwzocyeeixy/Build/Products/Debug-iphoneos -Isystem /Applications/Xcode.app/Contents/Developer/Platforms/iPhoneOS.platform/Developer/usr/lib -F /Users/khanghnguyen/Library/Developer/Xcode/DerivedData/Wishie-gavmeupfwiyxzhaiqkwzocyeeixy/Build/Products/Debug-iphoneos/PackageFrameworks -F /Users/khanghnguyen/Library/Developer/Xcode/DerivedData/Wishie-gavmeupfwiyxzhaiqkwzocyeeixy/Build/Products/Debug-iphoneos/PackageFrameworks -F /Users/khanghnguyen/Library/Developer/Xcode/DerivedData/Wishie-gavmeupfwiyxzhaiqkwzocyeeixy/Build/Products/Debug-iphoneos/PackageFrameworks -F /Users/khanghnguyen/Library/Developer/Xcode/DerivedData/Wishie-gavmeupfwiyxzhaiqkwzocyeeixy/Build/Products/Debug-iphoneos/PackageFrameworks -F /Users/khanghnguyen/Library/Developer/Xcode/DerivedData/Wishie-gavmeupfwiyxzhaiqkwzocyeeixy/Build/Products/Debug-iphoneos/PackageFrameworks -F /Users/khanghnguyen/Library/Developer/Xcode/DerivedData/Wishie-gavmeupfwiyxzhaiqkwzocyeeixy/Build/Products/Debug-iphoneos/PackageFrameworks -F /Users/khanghnguyen/Library/Developer/Xcode/DerivedData/Wishie-gavmeupfwiyxzhaiqkwzocyeeixy/Build/Products/Debug-iphoneos/PackageFrameworks -F /Users/khanghnguyen/Library/Developer/Xcode/DerivedData/Wishie-gavmeupfwiyxzhaiqkwzocyeeixy/Build/Products/Debug-iphoneos -F /Applications/Xcode.app/Contents/Developer/Platforms/iPhoneOS.platform/Developer/Library/Frameworks -F /Applications/Xcode.app/Contents/Developer/Platforms/iPhoneOS.platform/Developer/SDKs/iPhoneOS26.2.sdk/Developer/Library/Frameworks -c -j8 -enable-batch-mode -incremental -Xcc -ivfsstatcache -Xcc /Users/khanghnguyen/Library/Developer/Xcode/DerivedData/SDKStatCaches.noindex/iphoneos26.2-23C57-3794476bd08197c3e2abd9bb477ef7f7.sdkstatcache -output-file-map /Users/khanghnguyen/Library/Developer/Xcode/DerivedData/Wishie-gavmeupfwiyxzhaiqkwzocyeeixy/Build/Intermediates.noindex/Supabase.build/Debug-iphoneos/PostgREST.build/Objects-normal/arm64/PostgREST-OutputFileMap.json -use-frontend-parseable-output -save-temps -no-color-diagnostics -explicit-module-build -module-cache-path /Users/khanghnguyen/Library/Developer/Xcode/DerivedData/Wishie-gavmeupfwiyxzhaiqkwzocyeeixy/Build/Intermediates.noindex/SwiftExplicitPrecompiledModules -clang-scanner-module-cache-path /Users/khanghnguyen/Library/Developer/Xcode/DerivedData/ModuleCache.noindex -sdk-module-cache-path /Users/khanghnguyen/Library/Developer/Xcode/DerivedData/ModuleCache.noindex -serialize-diagnostics -emit-dependencies -emit-module -emit-module-path /Users/khanghnguyen/Library/Developer/Xcode/DerivedData/Wishie-gavmeupfwiyxzhaiqkwzocyeeixy/Build/Intermediates.noindex/Supabase.build/Debug-iphoneos/PostgREST.build/Objects-normal/arm64/PostgREST.swiftmodule -validate-clang-modules-once -clang-build-session-file /Users/khanghnguyen/Library/Developer/Xcode/DerivedData/ModuleCache.noindex/Session.modulevalidation -package-name supabase_swift -Xcc -I/Users/khanghnguyen/Library/Developer/Xcode/DerivedData/Wishie-gavmeupfwiyxzhaiqkwzocyeeixy/Build/Intermediates.noindex/Supabase.build/Debug-iphoneos/PostgREST.build/swift-overrides.hmap -emit-const-values -Xfrontend -const-gather-protocols-file -Xfrontend /Users/khanghnguyen/Library/Developer/Xcode/DerivedData/Wishie-gavmeupfwiyxzhaiqkwzocyeeixy/Build/Intermediates.noindex/Supabase.build/Debug-iphoneos/PostgREST.build/Objects-normal/arm64/PostgREST_const_extract_protocols.json -Xcc -I/Users/khanghnguyen/Library/Developer/Xcode/DerivedData/Wishie-gavmeupfwiyxzhaiqkwzocyeeixy/Build/Products/Debug-iphoneos/include -Xcc -I/Users/khanghnguyen/Library/Developer/Xcode/DerivedData/Wishie-gavmeupfwiyxzhaiqkwzocyeeixy/Build/Intermediates.noindex/Supabase.build/Debug-iphoneos/PostgREST.build/DerivedSources-normal/arm64 -Xcc -I/Users/khanghnguyen/Library/Developer/Xcode/DerivedData/Wishie-gavmeupfwiyxzhaiqkwzocyeeixy/Build/Intermediates.noindex/Supabase.build/Debug-iphoneos/PostgREST.build/DerivedSources/arm64 -Xcc -I/Users/khanghnguyen/Library/Developer/Xcode/DerivedData/Wishie-gavmeupfwiyxzhaiqkwzocyeeixy/Build/Intermediates.noindex/Supabase.build/Debug-iphoneos/PostgREST.build/DerivedSources -Xcc -DSWIFT_PACKAGE -Xcc -DDEBUG\=1 -emit-objc-header -emit-objc-header-path /Users/khanghnguyen/Library/Developer/Xcode/DerivedData/Wishie-gavmeupfwiyxzhaiqkwzocyeeixy/Build/Intermediates.noindex/Supabase.build/Debug-iphoneos/PostgREST.build/Objects-normal/arm64/PostgREST-Swift.h -working-directory /Users/khanghnguyen/Downloads/Wishie/Wishie.xcodeproj -experimental-emit-module-separately -disable-cmo

SwiftDriverJobDiscovery normal arm64 Compiling LoggerInterceptor.swift, RetryRequestInterceptor.swift, JWT.swift (in target 'Helpers' from project 'Supabase')

SwiftDriverJobDiscovery normal arm64 Compiling OSLogSupabaseLogger.swift, SupabaseLogger.swift, HTTPError.swift (in target 'Helpers' from project 'Supabase')

SwiftDriver Functions normal arm64 com.apple.xcode.tools.swift.compiler (in target 'Functions' from project 'Supabase')
    cd /Users/khanghnguyen/Downloads/Wishie/Wishie.xcodeproj
    builtin-SwiftDriver -- /Applications/Xcode.app/Contents/Developer/Toolchains/XcodeDefault.xctoolchain/usr/bin/swiftc -module-name Functions -Onone -enforce-exclusivity\=checked @/Users/khanghnguyen/Library/Developer/Xcode/DerivedData/Wishie-gavmeupfwiyxzhaiqkwzocyeeixy/Build/Intermediates.noindex/Supabase.build/Debug-iphoneos/Functions.build/Objects-normal/arm64/Functions.SwiftFileList -DSWIFT_PACKAGE -DDEBUG -DSWIFT_MODULE_RESOURCE_BUNDLE_UNAVAILABLE -DXcode -enable-upcoming-feature ExistentialAny -enable-experimental-feature StrictConcurrency -plugin-path /Applications/Xcode.app/Contents/Developer/Toolchains/XcodeDefault.xctoolchain/usr/lib/swift/host/plugins/testing -enable-experimental-feature DebugDescriptionMacro -sdk /Applications/Xcode.app/Contents/Developer/Platforms/iPhoneOS.platform/Developer/SDKs/iPhoneOS26.2.sdk -target arm64-apple-ios13.0 -g -module-cache-path /Users/khanghnguyen/Library/Developer/Xcode/DerivedData/ModuleCache.noindex -Xfrontend -serialize-debugging-options -profile-coverage-mapping -profile-generate -enable-testing -suppress-warnings -index-store-path /Users/khanghnguyen/Library/Developer/Xcode/DerivedData/Wishie-gavmeupfwiyxzhaiqkwzocyeeixy/Index.noindex/DataStore -Xcc -D_LIBCPP_HARDENING_MODE\=_LIBCPP_HARDENING_MODE_DEBUG -swift-version 5 -I /Users/khanghnguyen/Library/Developer/Xcode/DerivedData/Wishie-gavmeupfwiyxzhaiqkwzocyeeixy/Build/Products/Debug-iphoneos -Isystem /Applications/Xcode.app/Contents/Developer/Platforms/iPhoneOS.platform/Developer/usr/lib -F /Users/khanghnguyen/Library/Developer/Xcode/DerivedData/Wishie-gavmeupfwiyxzhaiqkwzocyeeixy/Build/Products/Debug-iphoneos/PackageFrameworks -F /Users/khanghnguyen/Library/Developer/Xcode/DerivedData/Wishie-gavmeupfwiyxzhaiqkwzocyeeixy/Build/Products/Debug-iphoneos/PackageFrameworks -F /Users/khanghnguyen/Library/Developer/Xcode/DerivedData/Wishie-gavmeupfwiyxzhaiqkwzocyeeixy/Build/Products/Debug-iphoneos/PackageFrameworks -F /Users/khanghnguyen/Library/Developer/Xcode/DerivedData/Wishie-gavmeupfwiyxzhaiqkwzocyeeixy/Build/Products/Debug-iphoneos/PackageFrameworks -F /Users/khanghnguyen/Library/Developer/Xcode/DerivedData/Wishie-gavmeupfwiyxzhaiqkwzocyeeixy/Build/Products/Debug-iphoneos/PackageFrameworks -F /Users/khanghnguyen/Library/Developer/Xcode/DerivedData/Wishie-gavmeupfwiyxzhaiqkwzocyeeixy/Build/Products/Debug-iphoneos/PackageFrameworks -F /Users/khanghnguyen/Library/Developer/Xcode/DerivedData/Wishie-gavmeupfwiyxzhaiqkwzocyeeixy/Build/Products/Debug-iphoneos/PackageFrameworks -F /Users/khanghnguyen/Library/Developer/Xcode/DerivedData/Wishie-gavmeupfwiyxzhaiqkwzocyeeixy/Build/Products/Debug-iphoneos -F /Applications/Xcode.app/Contents/Developer/Platforms/iPhoneOS.platform/Developer/Library/Frameworks -F /Applications/Xcode.app/Contents/Developer/Platforms/iPhoneOS.platform/Developer/SDKs/iPhoneOS26.2.sdk/Developer/Library/Frameworks -c -j8 -enable-batch-mode -incremental -Xcc -ivfsstatcache -Xcc /Users/khanghnguyen/Library/Developer/Xcode/DerivedData/SDKStatCaches.noindex/iphoneos26.2-23C57-3794476bd08197c3e2abd9bb477ef7f7.sdkstatcache -output-file-map /Users/khanghnguyen/Library/Developer/Xcode/DerivedData/Wishie-gavmeupfwiyxzhaiqkwzocyeeixy/Build/Intermediates.noindex/Supabase.build/Debug-iphoneos/Functions.build/Objects-normal/arm64/Functions-OutputFileMap.json -use-frontend-parseable-output -save-temps -no-color-diagnostics -explicit-module-build -module-cache-path /Users/khanghnguyen/Library/Developer/Xcode/DerivedData/Wishie-gavmeupfwiyxzhaiqkwzocyeeixy/Build/Intermediates.noindex/SwiftExplicitPrecompiledModules -clang-scanner-module-cache-path /Users/khanghnguyen/Library/Developer/Xcode/DerivedData/ModuleCache.noindex -sdk-module-cache-path /Users/khanghnguyen/Library/Developer/Xcode/DerivedData/ModuleCache.noindex -serialize-diagnostics -emit-dependencies -emit-module -emit-module-path /Users/khanghnguyen/Library/Developer/Xcode/DerivedData/Wishie-gavmeupfwiyxzhaiqkwzocyeeixy/Build/Intermediates.noindex/Supabase.build/Debug-iphoneos/Functions.build/Objects-normal/arm64/Functions.swiftmodule -validate-clang-modules-once -clang-build-session-file /Users/khanghnguyen/Library/Developer/Xcode/DerivedData/ModuleCache.noindex/Session.modulevalidation -package-name supabase_swift -Xcc -I/Users/khanghnguyen/Library/Developer/Xcode/DerivedData/Wishie-gavmeupfwiyxzhaiqkwzocyeeixy/Build/Intermediates.noindex/Supabase.build/Debug-iphoneos/Functions.build/swift-overrides.hmap -emit-const-values -Xfrontend -const-gather-protocols-file -Xfrontend /Users/khanghnguyen/Library/Developer/Xcode/DerivedData/Wishie-gavmeupfwiyxzhaiqkwzocyeeixy/Build/Intermediates.noindex/Supabase.build/Debug-iphoneos/Functions.build/Objects-normal/arm64/Functions_const_extract_protocols.json -Xcc -I/Users/khanghnguyen/Library/Developer/Xcode/DerivedData/Wishie-gavmeupfwiyxzhaiqkwzocyeeixy/Build/Products/Debug-iphoneos/include -Xcc -I/Users/khanghnguyen/Library/Developer/Xcode/DerivedData/Wishie-gavmeupfwiyxzhaiqkwzocyeeixy/Build/Intermediates.noindex/Supabase.build/Debug-iphoneos/Functions.build/DerivedSources-normal/arm64 -Xcc -I/Users/khanghnguyen/Library/Developer/Xcode/DerivedData/Wishie-gavmeupfwiyxzhaiqkwzocyeeixy/Build/Intermediates.noindex/Supabase.build/Debug-iphoneos/Functions.build/DerivedSources/arm64 -Xcc -I/Users/khanghnguyen/Library/Developer/Xcode/DerivedData/Wishie-gavmeupfwiyxzhaiqkwzocyeeixy/Build/Intermediates.noindex/Supabase.build/Debug-iphoneos/Functions.build/DerivedSources -Xcc -DSWIFT_PACKAGE -Xcc -DDEBUG\=1 -emit-objc-header -emit-objc-header-path /Users/khanghnguyen/Library/Developer/Xcode/DerivedData/Wishie-gavmeupfwiyxzhaiqkwzocyeeixy/Build/Intermediates.noindex/Supabase.build/Debug-iphoneos/Functions.build/Objects-normal/arm64/Functions-Swift.h -working-directory /Users/khanghnguyen/Downloads/Wishie/Wishie.xcodeproj -experimental-emit-module-separately -disable-cmo

SwiftDriver Auth normal arm64 com.apple.xcode.tools.swift.compiler (in target 'Auth' from project 'Supabase')
    cd /Users/khanghnguyen/Downloads/Wishie/Wishie.xcodeproj
    builtin-SwiftDriver -- /Applications/Xcode.app/Contents/Developer/Toolchains/XcodeDefault.xctoolchain/usr/bin/swiftc -module-name Auth -Onone -enforce-exclusivity\=checked @/Users/khanghnguyen/Library/Developer/Xcode/DerivedData/Wishie-gavmeupfwiyxzhaiqkwzocyeeixy/Build/Intermediates.noindex/Supabase.build/Debug-iphoneos/Auth.build/Objects-normal/arm64/Auth.SwiftFileList -DSWIFT_PACKAGE -DDEBUG -DSWIFT_MODULE_RESOURCE_BUNDLE_UNAVAILABLE -DXcode -enable-upcoming-feature ExistentialAny -enable-experimental-feature StrictConcurrency -plugin-path /Applications/Xcode.app/Contents/Developer/Toolchains/XcodeDefault.xctoolchain/usr/lib/swift/host/plugins/testing -enable-experimental-feature DebugDescriptionMacro -sdk /Applications/Xcode.app/Contents/Developer/Platforms/iPhoneOS.platform/Developer/SDKs/iPhoneOS26.2.sdk -target arm64-apple-ios13.0 -g -module-cache-path /Users/khanghnguyen/Library/Developer/Xcode/DerivedData/ModuleCache.noindex -Xfrontend -serialize-debugging-options -profile-coverage-mapping -profile-generate -enable-testing -suppress-warnings -index-store-path /Users/khanghnguyen/Library/Developer/Xcode/DerivedData/Wishie-gavmeupfwiyxzhaiqkwzocyeeixy/Index.noindex/DataStore -Xcc -D_LIBCPP_HARDENING_MODE\=_LIBCPP_HARDENING_MODE_DEBUG -swift-version 5 -I /Users/khanghnguyen/Library/Developer/Xcode/DerivedData/Wishie-gavmeupfwiyxzhaiqkwzocyeeixy/Build/Products/Debug-iphoneos -Isystem /Applications/Xcode.app/Contents/Developer/Platforms/iPhoneOS.platform/Developer/usr/lib -F /Users/khanghnguyen/Library/Developer/Xcode/DerivedData/Wishie-gavmeupfwiyxzhaiqkwzocyeeixy/Build/Products/Debug-iphoneos/PackageFrameworks -F /Users/khanghnguyen/Library/Developer/Xcode/DerivedData/Wishie-gavmeupfwiyxzhaiqkwzocyeeixy/Build/Products/Debug-iphoneos/PackageFrameworks -F /Users/khanghnguyen/Library/Developer/Xcode/DerivedData/Wishie-gavmeupfwiyxzhaiqkwzocyeeixy/Build/Products/Debug-iphoneos/PackageFrameworks -F /Users/khanghnguyen/Library/Developer/Xcode/DerivedData/Wishie-gavmeupfwiyxzhaiqkwzocyeeixy/Build/Products/Debug-iphoneos/PackageFrameworks -F /Users/khanghnguyen/Library/Developer/Xcode/DerivedData/Wishie-gavmeupfwiyxzhaiqkwzocyeeixy/Build/Products/Debug-iphoneos/PackageFrameworks -F /Users/khanghnguyen/Library/Developer/Xcode/DerivedData/Wishie-gavmeupfwiyxzhaiqkwzocyeeixy/Build/Products/Debug-iphoneos/PackageFrameworks -F /Users/khanghnguyen/Library/Developer/Xcode/DerivedData/Wishie-gavmeupfwiyxzhaiqkwzocyeeixy/Build/Products/Debug-iphoneos/PackageFrameworks -F /Users/khanghnguyen/Library/Developer/Xcode/DerivedData/Wishie-gavmeupfwiyxzhaiqkwzocyeeixy/Build/Products/Debug-iphoneos/PackageFrameworks -F /Users/khanghnguyen/Library/Developer/Xcode/DerivedData/Wishie-gavmeupfwiyxzhaiqkwzocyeeixy/Build/Products/Debug-iphoneos -F /Applications/Xcode.app/Contents/Developer/Platforms/iPhoneOS.platform/Developer/Library/Frameworks -F /Applications/Xcode.app/Contents/Developer/Platforms/iPhoneOS.platform/Developer/SDKs/iPhoneOS26.2.sdk/Developer/Library/Frameworks -c -j8 -enable-batch-mode -incremental -Xcc -ivfsstatcache -Xcc /Users/khanghnguyen/Library/Developer/Xcode/DerivedData/SDKStatCaches.noindex/iphoneos26.2-23C57-3794476bd08197c3e2abd9bb477ef7f7.sdkstatcache -output-file-map /Users/khanghnguyen/Library/Developer/Xcode/DerivedData/Wishie-gavmeupfwiyxzhaiqkwzocyeeixy/Build/Intermediates.noindex/Supabase.build/Debug-iphoneos/Auth.build/Objects-normal/arm64/Auth-OutputFileMap.json -use-frontend-parseable-output -save-temps -no-color-diagnostics -explicit-module-build -module-cache-path /Users/khanghnguyen/Library/Developer/Xcode/DerivedData/Wishie-gavmeupfwiyxzhaiqkwzocyeeixy/Build/Intermediates.noindex/SwiftExplicitPrecompiledModules -clang-scanner-module-cache-path /Users/khanghnguyen/Library/Developer/Xcode/DerivedData/ModuleCache.noindex -sdk-module-cache-path /Users/khanghnguyen/Library/Developer/Xcode/DerivedData/ModuleCache.noindex -serialize-diagnostics -emit-dependencies -emit-module -emit-module-path /Users/khanghnguyen/Library/Developer/Xcode/DerivedData/Wishie-gavmeupfwiyxzhaiqkwzocyeeixy/Build/Intermediates.noindex/Supabase.build/Debug-iphoneos/Auth.build/Objects-normal/arm64/Auth.swiftmodule -validate-clang-modules-once -clang-build-session-file /Users/khanghnguyen/Library/Developer/Xcode/DerivedData/ModuleCache.noindex/Session.modulevalidation -package-name supabase_swift -Xcc -I/Users/khanghnguyen/Library/Developer/Xcode/DerivedData/Wishie-gavmeupfwiyxzhaiqkwzocyeeixy/Build/Intermediates.noindex/Supabase.build/Debug-iphoneos/Auth.build/swift-overrides.hmap -emit-const-values -Xfrontend -const-gather-protocols-file -Xfrontend /Users/khanghnguyen/Library/Developer/Xcode/DerivedData/Wishie-gavmeupfwiyxzhaiqkwzocyeeixy/Build/Intermediates.noindex/Supabase.build/Debug-iphoneos/Auth.build/Objects-normal/arm64/Auth_const_extract_protocols.json -Xcc -I/Users/khanghnguyen/Library/Developer/Xcode/DerivedData/Wishie-gavmeupfwiyxzhaiqkwzocyeeixy/Build/Products/Debug-iphoneos/include -Xcc -I/Users/khanghnguyen/Library/Developer/Xcode/DerivedData/Wishie-gavmeupfwiyxzhaiqkwzocyeeixy/Build/Intermediates.noindex/Supabase.build/Debug-iphoneos/Auth.build/DerivedSources-normal/arm64 -Xcc -I/Users/khanghnguyen/Library/Developer/Xcode/DerivedData/Wishie-gavmeupfwiyxzhaiqkwzocyeeixy/Build/Intermediates.noindex/Supabase.build/Debug-iphoneos/Auth.build/DerivedSources/arm64 -Xcc -I/Users/khanghnguyen/Library/Developer/Xcode/DerivedData/Wishie-gavmeupfwiyxzhaiqkwzocyeeixy/Build/Intermediates.noindex/Supabase.build/Debug-iphoneos/Auth.build/DerivedSources -Xcc -DSWIFT_PACKAGE -Xcc -DDEBUG\=1 -emit-objc-header -emit-objc-header-path /Users/khanghnguyen/Library/Developer/Xcode/DerivedData/Wishie-gavmeupfwiyxzhaiqkwzocyeeixy/Build/Intermediates.noindex/Supabase.build/Debug-iphoneos/Auth.build/Objects-normal/arm64/Auth-Swift.h -working-directory /Users/khanghnguyen/Downloads/Wishie/Wishie.xcodeproj -experimental-emit-module-separately -disable-cmo

SwiftDriverJobDiscovery normal arm64 Compiling Base64URL.swift, Codable.swift, DateFormatter.swift (in target 'Helpers' from project 'Supabase')

SwiftDriverJobDiscovery normal arm64 Compiling EventEmitter.swift, FoundationExtensions.swift, HTTPClient.swift (in target 'Helpers' from project 'Supabase')

SwiftDriverJobDiscovery normal arm64 Compiling HTTPFields.swift, HTTPRequest.swift, HTTPResponse.swift (in target 'Helpers' from project 'Supabase')

SwiftDriver\ Compilation Helpers normal arm64 com.apple.xcode.tools.swift.compiler (in target 'Helpers' from project 'Supabase')
    cd /Users/khanghnguyen/Downloads/Wishie/Wishie.xcodeproj
    builtin-Swift-Compilation -- /Applications/Xcode.app/Contents/Developer/Toolchains/XcodeDefault.xctoolchain/usr/bin/swiftc -module-name Helpers -Onone -enforce-exclusivity\=checked @/Users/khanghnguyen/Library/Developer/Xcode/DerivedData/Wishie-gavmeupfwiyxzhaiqkwzocyeeixy/Build/Intermediates.noindex/Supabase.build/Debug-iphoneos/Helpers.build/Objects-normal/arm64/Helpers.SwiftFileList -DSWIFT_PACKAGE -DDEBUG -DSWIFT_MODULE_RESOURCE_BUNDLE_UNAVAILABLE -DXcode -enable-upcoming-feature ExistentialAny -enable-experimental-feature StrictConcurrency -plugin-path /Applications/Xcode.app/Contents/Developer/Toolchains/XcodeDefault.xctoolchain/usr/lib/swift/host/plugins/testing -enable-experimental-feature DebugDescriptionMacro -sdk /Applications/Xcode.app/Contents/Developer/Platforms/iPhoneOS.platform/Developer/SDKs/iPhoneOS26.2.sdk -target arm64-apple-ios13.0 -g -module-cache-path /Users/khanghnguyen/Library/Developer/Xcode/DerivedData/ModuleCache.noindex -Xfrontend -serialize-debugging-options -profile-coverage-mapping -profile-generate -enable-testing -suppress-warnings -index-store-path /Users/khanghnguyen/Library/Developer/Xcode/DerivedData/Wishie-gavmeupfwiyxzhaiqkwzocyeeixy/Index.noindex/DataStore -Xcc -D_LIBCPP_HARDENING_MODE\=_LIBCPP_HARDENING_MODE_DEBUG -swift-version 5 -I /Users/khanghnguyen/Library/Developer/Xcode/DerivedData/Wishie-gavmeupfwiyxzhaiqkwzocyeeixy/Build/Products/Debug-iphoneos -Isystem /Applications/Xcode.app/Contents/Developer/Platforms/iPhoneOS.platform/Developer/usr/lib -F /Users/khanghnguyen/Library/Developer/Xcode/DerivedData/Wishie-gavmeupfwiyxzhaiqkwzocyeeixy/Build/Products/Debug-iphoneos/PackageFrameworks -F /Users/khanghnguyen/Library/Developer/Xcode/DerivedData/Wishie-gavmeupfwiyxzhaiqkwzocyeeixy/Build/Products/Debug-iphoneos/PackageFrameworks -F /Users/khanghnguyen/Library/Developer/Xcode/DerivedData/Wishie-gavmeupfwiyxzhaiqkwzocyeeixy/Build/Products/Debug-iphoneos/PackageFrameworks -F /Users/khanghnguyen/Library/Developer/Xcode/DerivedData/Wishie-gavmeupfwiyxzhaiqkwzocyeeixy/Build/Products/Debug-iphoneos/PackageFrameworks -F /Users/khanghnguyen/Library/Developer/Xcode/DerivedData/Wishie-gavmeupfwiyxzhaiqkwzocyeeixy/Build/Products/Debug-iphoneos/PackageFrameworks -F /Users/khanghnguyen/Library/Developer/Xcode/DerivedData/Wishie-gavmeupfwiyxzhaiqkwzocyeeixy/Build/Products/Debug-iphoneos/PackageFrameworks -F /Users/khanghnguyen/Library/Developer/Xcode/DerivedData/Wishie-gavmeupfwiyxzhaiqkwzocyeeixy/Build/Products/Debug-iphoneos -F /Applications/Xcode.app/Contents/Developer/Platforms/iPhoneOS.platform/Developer/Library/Frameworks -F /Applications/Xcode.app/Contents/Developer/Platforms/iPhoneOS.platform/Developer/SDKs/iPhoneOS26.2.sdk/Developer/Library/Frameworks -c -j8 -enable-batch-mode -incremental -Xcc -ivfsstatcache -Xcc /Users/khanghnguyen/Library/Developer/Xcode/DerivedData/SDKStatCaches.noindex/iphoneos26.2-23C57-3794476bd08197c3e2abd9bb477ef7f7.sdkstatcache -output-file-map /Users/khanghnguyen/Library/Developer/Xcode/DerivedData/Wishie-gavmeupfwiyxzhaiqkwzocyeeixy/Build/Intermediates.noindex/Supabase.build/Debug-iphoneos/Helpers.build/Objects-normal/arm64/Helpers-OutputFileMap.json -use-frontend-parseable-output -save-temps -no-color-diagnostics -explicit-module-build -module-cache-path /Users/khanghnguyen/Library/Developer/Xcode/DerivedData/Wishie-gavmeupfwiyxzhaiqkwzocyeeixy/Build/Intermediates.noindex/SwiftExplicitPrecompiledModules -clang-scanner-module-cache-path /Users/khanghnguyen/Library/Developer/Xcode/DerivedData/ModuleCache.noindex -sdk-module-cache-path /Users/khanghnguyen/Library/Developer/Xcode/DerivedData/ModuleCache.noindex -serialize-diagnostics -emit-dependencies -emit-module -emit-module-path /Users/khanghnguyen/Library/Developer/Xcode/DerivedData/Wishie-gavmeupfwiyxzhaiqkwzocyeeixy/Build/Intermediates.noindex/Supabase.build/Debug-iphoneos/Helpers.build/Objects-normal/arm64/Helpers.swiftmodule -validate-clang-modules-once -clang-build-session-file /Users/khanghnguyen/Library/Developer/Xcode/DerivedData/ModuleCache.noindex/Session.modulevalidation -package-name supabase_swift -Xcc -I/Users/khanghnguyen/Library/Developer/Xcode/DerivedData/Wishie-gavmeupfwiyxzhaiqkwzocyeeixy/Build/Intermediates.noindex/Supabase.build/Debug-iphoneos/Helpers.build/swift-overrides.hmap -emit-const-values -Xfrontend -const-gather-protocols-file -Xfrontend /Users/khanghnguyen/Library/Developer/Xcode/DerivedData/Wishie-gavmeupfwiyxzhaiqkwzocyeeixy/Build/Intermediates.noindex/Supabase.build/Debug-iphoneos/Helpers.build/Objects-normal/arm64/Helpers_const_extract_protocols.json -Xcc -I/Users/khanghnguyen/Library/Developer/Xcode/DerivedData/Wishie-gavmeupfwiyxzhaiqkwzocyeeixy/Build/Products/Debug-iphoneos/include -Xcc -I/Users/khanghnguyen/Library/Developer/Xcode/DerivedData/Wishie-gavmeupfwiyxzhaiqkwzocyeeixy/Build/Intermediates.noindex/Supabase.build/Debug-iphoneos/Helpers.build/DerivedSources-normal/arm64 -Xcc -I/Users/khanghnguyen/Library/Developer/Xcode/DerivedData/Wishie-gavmeupfwiyxzhaiqkwzocyeeixy/Build/Intermediates.noindex/Supabase.build/Debug-iphoneos/Helpers.build/DerivedSources/arm64 -Xcc -I/Users/khanghnguyen/Library/Developer/Xcode/DerivedData/Wishie-gavmeupfwiyxzhaiqkwzocyeeixy/Build/Intermediates.noindex/Supabase.build/Debug-iphoneos/Helpers.build/DerivedSources -Xcc -DSWIFT_PACKAGE -Xcc -DDEBUG\=1 -emit-objc-header -emit-objc-header-path /Users/khanghnguyen/Library/Developer/Xcode/DerivedData/Wishie-gavmeupfwiyxzhaiqkwzocyeeixy/Build/Intermediates.noindex/Supabase.build/Debug-iphoneos/Helpers.build/Objects-normal/arm64/Helpers-Swift.h -working-directory /Users/khanghnguyen/Downloads/Wishie/Wishie.xcodeproj -experimental-emit-module-separately -disable-cmo

Ld /Users/khanghnguyen/Library/Developer/Xcode/DerivedData/Wishie-gavmeupfwiyxzhaiqkwzocyeeixy/Build/Products/Debug-iphoneos/Helpers.o normal (in target 'Helpers' from project 'Supabase')
    cd /Users/khanghnguyen/Library/Developer/Xcode/DerivedData/Wishie-gavmeupfwiyxzhaiqkwzocyeeixy/SourcePackages/checkouts/supabase-swift
    /Applications/Xcode.app/Contents/Developer/Toolchains/XcodeDefault.xctoolchain/usr/bin/clang -Xlinker -reproducible -target arm64-apple-ios13.0 -r -isysroot /Applications/Xcode.app/Contents/Developer/Platforms/iPhoneOS.platform/Developer/SDKs/iPhoneOS26.2.sdk -O0 -w -L/Users/khanghnguyen/Library/Developer/Xcode/DerivedData/Wishie-gavmeupfwiyxzhaiqkwzocyeeixy/Build/Intermediates.noindex/EagerLinkingTBDs/Debug-iphoneos -L/Users/khanghnguyen/Library/Developer/Xcode/DerivedData/Wishie-gavmeupfwiyxzhaiqkwzocyeeixy/Build/Products/Debug-iphoneos -L/Applications/Xcode.app/Contents/Developer/Platforms/iPhoneOS.platform/Developer/usr/lib -F/Users/khanghnguyen/Library/Developer/Xcode/DerivedData/Wishie-gavmeupfwiyxzhaiqkwzocyeeixy/Build/Intermediates.noindex/EagerLinkingTBDs/Debug-iphoneos -F/Users/khanghnguyen/Library/Developer/Xcode/DerivedData/Wishie-gavmeupfwiyxzhaiqkwzocyeeixy/Build/Products/Debug-iphoneos/PackageFrameworks -F/Users/khanghnguyen/Library/Developer/Xcode/DerivedData/Wishie-gavmeupfwiyxzhaiqkwzocyeeixy/Build/Products/Debug-iphoneos/PackageFrameworks -F/Users/khanghnguyen/Library/Developer/Xcode/DerivedData/Wishie-gavmeupfwiyxzhaiqkwzocyeeixy/Build/Products/Debug-iphoneos/PackageFrameworks -F/Users/khanghnguyen/Library/Developer/Xcode/DerivedData/Wishie-gavmeupfwiyxzhaiqkwzocyeeixy/Build/Products/Debug-iphoneos/PackageFrameworks -F/Users/khanghnguyen/Library/Developer/Xcode/DerivedData/Wishie-gavmeupfwiyxzhaiqkwzocyeeixy/Build/Products/Debug-iphoneos/PackageFrameworks -F/Users/khanghnguyen/Library/Developer/Xcode/DerivedData/Wishie-gavmeupfwiyxzhaiqkwzocyeeixy/Build/Products/Debug-iphoneos/PackageFrameworks -F/Users/khanghnguyen/Library/Developer/Xcode/DerivedData/Wishie-gavmeupfwiyxzhaiqkwzocyeeixy/Build/Products/Debug-iphoneos -iframework /Applications/Xcode.app/Contents/Developer/Platforms/iPhoneOS.platform/Developer/Library/Frameworks -iframework /Applications/Xcode.app/Contents/Developer/Platforms/iPhoneOS.platform/Developer/SDKs/iPhoneOS26.2.sdk/Developer/Library/Frameworks -filelist /Users/khanghnguyen/Library/Developer/Xcode/DerivedData/Wishie-gavmeupfwiyxzhaiqkwzocyeeixy/Build/Intermediates.noindex/Supabase.build/Debug-iphoneos/Helpers.build/Objects-normal/arm64/Helpers.LinkFileList -nostdlib -Xlinker -object_path_lto -Xlinker /Users/khanghnguyen/Library/Developer/Xcode/DerivedData/Wishie-gavmeupfwiyxzhaiqkwzocyeeixy/Build/Intermediates.noindex/Supabase.build/Debug-iphoneos/Helpers.build/Objects-normal/arm64/Helpers_lto.o -rdynamic -Xlinker -no_deduplicate -Xlinker -debug_variant -Xlinker -dependency_info -Xlinker /Users/khanghnguyen/Library/Developer/Xcode/DerivedData/Wishie-gavmeupfwiyxzhaiqkwzocyeeixy/Build/Intermediates.noindex/Supabase.build/Debug-iphoneos/Helpers.build/Objects-normal/arm64/Helpers_dependency_info.dat -fobjc-link-runtime -L/Applications/Xcode.app/Contents/Developer/Toolchains/XcodeDefault.xctoolchain/usr/lib/swift/iphoneos -L/usr/lib/swift -Xlinker -add_ast_path -Xlinker /Users/khanghnguyen/Library/Developer/Xcode/DerivedData/Wishie-gavmeupfwiyxzhaiqkwzocyeeixy/Build/Intermediates.noindex/Supabase.build/Debug-iphoneos/Helpers.build/Objects-normal/arm64/Helpers.swiftmodule @/Users/khanghnguyen/Library/Developer/Xcode/DerivedData/Wishie-gavmeupfwiyxzhaiqkwzocyeeixy/Build/Intermediates.noindex/Supabase.build/Debug-iphoneos/Helpers.build/Objects-normal/arm64/Helpers-linker-args.resp -o /Users/khanghnguyen/Library/Developer/Xcode/DerivedData/Wishie-gavmeupfwiyxzhaiqkwzocyeeixy/Build/Products/Debug-iphoneos/Helpers.o

ExtractAppIntentsMetadata (in target 'Helpers' from project 'Supabase')
    cd /Users/khanghnguyen/Library/Developer/Xcode/DerivedData/Wishie-gavmeupfwiyxzhaiqkwzocyeeixy/SourcePackages/checkouts/supabase-swift
    /Applications/Xcode.app/Contents/Developer/Toolchains/XcodeDefault.xctoolchain/usr/bin/appintentsmetadataprocessor --toolchain-dir /Applications/Xcode.app/Contents/Developer/Toolchains/XcodeDefault.xctoolchain --module-name Helpers --sdk-root /Applications/Xcode.app/Contents/Developer/Platforms/iPhoneOS.platform/Developer/SDKs/iPhoneOS26.2.sdk --xcode-version 17C529 --platform-family iOS --deployment-target 13.0 --bundle-identifier supabase-swift.Helpers --output /Users/khanghnguyen/Library/Developer/Xcode/DerivedData/Wishie-gavmeupfwiyxzhaiqkwzocyeeixy/Build/Products/Debug-iphoneos/Helpers.appintents --target-triple arm64-apple-ios13.0 --binary-file /Users/khanghnguyen/Library/Developer/Xcode/DerivedData/Wishie-gavmeupfwiyxzhaiqkwzocyeeixy/Build/Products/Debug-iphoneos/Helpers.o --dependency-file /Users/khanghnguyen/Library/Developer/Xcode/DerivedData/Wishie-gavmeupfwiyxzhaiqkwzocyeeixy/Build/Intermediates.noindex/Supabase.build/Debug-iphoneos/Helpers.build/Objects-normal/arm64/Helpers_dependency_info.dat --stringsdata-file /Users/khanghnguyen/Library/Developer/Xcode/DerivedData/Wishie-gavmeupfwiyxzhaiqkwzocyeeixy/Build/Intermediates.noindex/Supabase.build/Debug-iphoneos/Helpers.build/Objects-normal/arm64/ExtractedAppShortcutsMetadata.stringsdata --source-file-list /Users/khanghnguyen/Library/Developer/Xcode/DerivedData/Wishie-gavmeupfwiyxzhaiqkwzocyeeixy/Build/Intermediates.noindex/Supabase.build/Debug-iphoneos/Helpers.build/Objects-normal/arm64/Helpers.SwiftFileList --metadata-file-list /Users/khanghnguyen/Library/Developer/Xcode/DerivedData/Wishie-gavmeupfwiyxzhaiqkwzocyeeixy/Build/Intermediates.noindex/Supabase.build/Debug-iphoneos/Helpers.build/Helpers.DependencyMetadataFileList --static-metadata-file-list /Users/khanghnguyen/Library/Developer/Xcode/DerivedData/Wishie-gavmeupfwiyxzhaiqkwzocyeeixy/Build/Intermediates.noindex/Supabase.build/Debug-iphoneos/Helpers.build/Helpers.DependencyStaticMetadataFileList --swift-const-vals-list /Users/khanghnguyen/Library/Developer/Xcode/DerivedData/Wishie-gavmeupfwiyxzhaiqkwzocyeeixy/Build/Intermediates.noindex/Supabase.build/Debug-iphoneos/Helpers.build/Objects-normal/arm64/Helpers.SwiftConstValuesFileList --force --compile-time-extraction --deployment-aware-processing --validate-assistant-intents --no-app-shortcuts-localization
2026-05-24 14:36:22.200 appintentsmetadataprocessor[44871:13983354] Starting appintentsmetadataprocessor export
2026-05-24 14:36:22.378 appintentsmetadataprocessor[44871:13983354] Extracted no relevant App Intents symbols, skipping writing output

RegisterExecutionPolicyException /Users/khanghnguyen/Library/Developer/Xcode/DerivedData/Wishie-gavmeupfwiyxzhaiqkwzocyeeixy/Build/Products/Debug-iphoneos/Helpers.o (in target 'Helpers' from project 'Supabase')
    cd /Users/khanghnguyen/Library/Developer/Xcode/DerivedData/Wishie-gavmeupfwiyxzhaiqkwzocyeeixy/SourcePackages/checkouts/supabase-swift
    builtin-RegisterExecutionPolicyException /Users/khanghnguyen/Library/Developer/Xcode/DerivedData/Wishie-gavmeupfwiyxzhaiqkwzocyeeixy/Build/Products/Debug-iphoneos/Helpers.o

SwiftDriverJobDiscovery normal arm64 Compiling TOTPMultiFactorInfo.swift, TOTPSecret.swift, AuthKeychainServices.swift, AuthKeychainStorage.swift, AuthKeychainStorageReal.swift, AuthUserDefaults.swift, AuthAPNSToken.swift, AuthAPNSTokenManager.swift, AuthAPNSTokenType.swift, AuthAppCredential.swift, AuthAppCredentialManager.swift, AuthNotificationManager.swift, AuthStoredUserManager.swift, SecureTokenService.swift, TokenRefreshCoalescer.swift, AdditionalUserInfo.swift, User.swift (in target 'FirebaseAuth' from project 'Firebase')

SwiftDriver\ Compilation FirebaseAuth normal arm64 com.apple.xcode.tools.swift.compiler (in target 'FirebaseAuth' from project 'Firebase')
    cd /Users/khanghnguyen/Downloads/Wishie/Wishie.xcodeproj
    builtin-Swift-Compilation -- /Applications/Xcode.app/Contents/Developer/Toolchains/XcodeDefault.xctoolchain/usr/bin/swiftc -module-name FirebaseAuth -Onone -enforce-exclusivity\=checked @/Users/khanghnguyen/Library/Developer/Xcode/DerivedData/Wishie-gavmeupfwiyxzhaiqkwzocyeeixy/Build/Intermediates.noindex/Firebase.build/Debug-iphoneos/FirebaseAuth.build/Objects-normal/arm64/FirebaseAuth.SwiftFileList -DSWIFT_PACKAGE -DDEBUG -DSWIFT_MODULE_RESOURCE_BUNDLE_AVAILABLE -Xcc -fmodule-map-file\=/Users/khanghnguyen/Library/Developer/Xcode/DerivedData/Wishie-gavmeupfwiyxzhaiqkwzocyeeixy/Build/Intermediates.noindex/GeneratedModuleMaps-iphoneos/RecaptchaInterop.modulemap -Xcc -fmodule-map-file\=/Users/khanghnguyen/Library/Developer/Xcode/DerivedData/Wishie-gavmeupfwiyxzhaiqkwzocyeeixy/Build/Intermediates.noindex/GeneratedModuleMaps-iphoneos/GoogleUtilities-Network.modulemap -Xcc -fmodule-map-file\=/Users/khanghnguyen/Library/Developer/Xcode/DerivedData/Wishie-gavmeupfwiyxzhaiqkwzocyeeixy/Build/Intermediates.noindex/GeneratedModuleMaps-iphoneos/GoogleUtilities-Reachability.modulemap -Xcc -fmodule-map-file\=/Users/khanghnguyen/Library/Developer/Xcode/DerivedData/Wishie-gavmeupfwiyxzhaiqkwzocyeeixy/Build/Intermediates.noindex/GeneratedModuleMaps-iphoneos/GoogleUtilities-NSData.modulemap -Xcc -fmodule-map-file\=/Users/khanghnguyen/Library/Developer/Xcode/DerivedData/Wishie-gavmeupfwiyxzhaiqkwzocyeeixy/Build/Intermediates.noindex/GeneratedModuleMaps-iphoneos/GoogleUtilities-Logger.modulemap -Xcc -fmodule-map-file\=/Users/khanghnguyen/Library/Developer/Xcode/DerivedData/Wishie-gavmeupfwiyxzhaiqkwzocyeeixy/Build/Intermediates.noindex/GeneratedModuleMaps-iphoneos/GoogleUtilities-Environment.modulemap -Xcc -fmodule-map-file\=/Users/khanghnguyen/Library/Developer/Xcode/DerivedData/Wishie-gavmeupfwiyxzhaiqkwzocyeeixy/Build/Intermediates.noindex/GeneratedModuleMaps-iphoneos/third-party-IsAppEncrypted.modulemap -Xcc -fmodule-map-file\=/Users/khanghnguyen/Library/Developer/Xcode/DerivedData/Wishie-gavmeupfwiyxzhaiqkwzocyeeixy/Build/Intermediates.noindex/GeneratedModuleMaps-iphoneos/GoogleUtilities-AppDelegateSwizzler.modulemap -Xcc -fmodule-map-file\=/Users/khanghnguyen/Library/Developer/Xcode/DerivedData/Wishie-gavmeupfwiyxzhaiqkwzocyeeixy/Build/Intermediates.noindex/GeneratedModuleMaps-iphoneos/GTMSessionFetcherCore.modulemap -Xcc -fmodule-map-file\=/Users/khanghnguyen/Library/Developer/Xcode/DerivedData/Wishie-gavmeupfwiyxzhaiqkwzocyeeixy/Build/Intermediates.noindex/GeneratedModuleMaps-iphoneos/FirebaseCoreExtension.modulemap -Xcc -fmodule-map-file\=/Users/khanghnguyen/Library/Developer/Xcode/DerivedData/Wishie-gavmeupfwiyxzhaiqkwzocyeeixy/Build/Intermediates.noindex/GeneratedModuleMaps-iphoneos/FirebaseCore.modulemap -Xcc -fmodule-map-file\=/Users/khanghnguyen/Library/Developer/Xcode/DerivedData/Wishie-gavmeupfwiyxzhaiqkwzocyeeixy/Build/Intermediates.noindex/GeneratedModuleMaps-iphoneos/FirebaseAuthInternal.modulemap -Xcc -fmodule-map-file\=/Users/khanghnguyen/Library/Developer/Xcode/DerivedData/Wishie-gavmeupfwiyxzhaiqkwzocyeeixy/Build/Intermediates.noindex/GeneratedModuleMaps-iphoneos/FirebaseAuthInterop.modulemap -Xcc -fmodule-map-file\=/Users/khanghnguyen/Library/Developer/Xcode/DerivedData/Wishie-gavmeupfwiyxzhaiqkwzocyeeixy/Build/Intermediates.noindex/GeneratedModuleMaps-iphoneos/FirebaseAppCheckInterop.modulemap -DXcode -plugin-path /Applications/Xcode.app/Contents/Developer/Toolchains/XcodeDefault.xctoolchain/usr/lib/swift/host/plugins/testing -enable-experimental-feature DebugDescriptionMacro -sdk /Applications/Xcode.app/Contents/Developer/Platforms/iPhoneOS.platform/Developer/SDKs/iPhoneOS26.2.sdk -target arm64-apple-ios15.0 -g -module-cache-path /Users/khanghnguyen/Library/Developer/Xcode/DerivedData/ModuleCache.noindex -Xfrontend -serialize-debugging-options -profile-coverage-mapping -profile-generate -enable-testing -suppress-warnings -index-store-path /Users/khanghnguyen/Library/Developer/Xcode/DerivedData/Wishie-gavmeupfwiyxzhaiqkwzocyeeixy/Index.noindex/DataStore -Xcc -D_LIBCPP_HARDENING_MODE\=_LIBCPP_HARDENING_MODE_DEBUG -swift-version 5 -I /Users/khanghnguyen/Library/Developer/Xcode/DerivedData/Wishie-gavmeupfwiyxzhaiqkwzocyeeixy/Build/Products/Debug-iphoneos -Isystem /Applications/Xcode.app/Contents/Developer/Platforms/iPhoneOS.platform/Developer/usr/lib -F /Users/khanghnguyen/Library/Developer/Xcode/DerivedData/Wishie-gavmeupfwiyxzhaiqkwzocyeeixy/Build/Products/Debug-iphoneos/PackageFrameworks -F /Users/khanghnguyen/Library/Developer/Xcode/DerivedData/Wishie-gavmeupfwiyxzhaiqkwzocyeeixy/Build/Products/Debug-iphoneos/PackageFrameworks -F /Users/khanghnguyen/Library/Developer/Xcode/DerivedData/Wishie-gavmeupfwiyxzhaiqkwzocyeeixy/Build/Products/Debug-iphoneos/PackageFrameworks -F /Users/khanghnguyen/Library/Developer/Xcode/DerivedData/Wishie-gavmeupfwiyxzhaiqkwzocyeeixy/Build/Products/Debug-iphoneos/PackageFrameworks -F /Users/khanghnguyen/Library/Developer/Xcode/DerivedData/Wishie-gavmeupfwiyxzhaiqkwzocyeeixy/Build/Products/Debug-iphoneos/PackageFrameworks -F /Users/khanghnguyen/Library/Developer/Xcode/DerivedData/Wishie-gavmeupfwiyxzhaiqkwzocyeeixy/Build/Products/Debug-iphoneos/PackageFrameworks -F /Users/khanghnguyen/Library/Developer/Xcode/DerivedData/Wishie-gavmeupfwiyxzhaiqkwzocyeeixy/Build/Products/Debug-iphoneos/PackageFrameworks -F /Users/khanghnguyen/Library/Developer/Xcode/DerivedData/Wishie-gavmeupfwiyxzhaiqkwzocyeeixy/Build/Products/Debug-iphoneos/PackageFrameworks -F /Users/khanghnguyen/Library/Developer/Xcode/DerivedData/Wishie-gavmeupfwiyxzhaiqkwzocyeeixy/Build/Products/Debug-iphoneos/PackageFrameworks -F /Users/khanghnguyen/Library/Developer/Xcode/DerivedData/Wishie-gavmeupfwiyxzhaiqkwzocyeeixy/Build/Products/Debug-iphoneos/PackageFrameworks -F /Users/khanghnguyen/Library/Developer/Xcode/DerivedData/Wishie-gavmeupfwiyxzhaiqkwzocyeeixy/Build/Products/Debug-iphoneos/PackageFrameworks -F /Users/khanghnguyen/Library/Developer/Xcode/DerivedData/Wishie-gavmeupfwiyxzhaiqkwzocyeeixy/Build/Products/Debug-iphoneos/PackageFrameworks -F /Users/khanghnguyen/Library/Developer/Xcode/DerivedData/Wishie-gavmeupfwiyxzhaiqkwzocyeeixy/Build/Products/Debug-iphoneos/PackageFrameworks -F /Users/khanghnguyen/Library/Developer/Xcode/DerivedData/Wishie-gavmeupfwiyxzhaiqkwzocyeeixy/Build/Products/Debug-iphoneos/PackageFrameworks -F /Users/khanghnguyen/Library/Developer/Xcode/DerivedData/Wishie-gavmeupfwiyxzhaiqkwzocyeeixy/Build/Products/Debug-iphoneos/PackageFrameworks -F /Users/khanghnguyen/Library/Developer/Xcode/DerivedData/Wishie-gavmeupfwiyxzhaiqkwzocyeeixy/Build/Products/Debug-iphoneos/PackageFrameworks -F /Users/khanghnguyen/Library/Developer/Xcode/DerivedData/Wishie-gavmeupfwiyxzhaiqkwzocyeeixy/Build/Products/Debug-iphoneos -F /Applications/Xcode.app/Contents/Developer/Platforms/iPhoneOS.platform/Developer/Library/Frameworks -F /Applications/Xcode.app/Contents/Developer/Platforms/iPhoneOS.platform/Developer/SDKs/iPhoneOS26.2.sdk/Developer/Library/Frameworks -c -j8 -enable-batch-mode -incremental -Xcc -ivfsstatcache -Xcc /Users/khanghnguyen/Library/Developer/Xcode/DerivedData/SDKStatCaches.noindex/iphoneos26.2-23C57-3794476bd08197c3e2abd9bb477ef7f7.sdkstatcache -output-file-map /Users/khanghnguyen/Library/Developer/Xcode/DerivedData/Wishie-gavmeupfwiyxzhaiqkwzocyeeixy/Build/Intermediates.noindex/Firebase.build/Debug-iphoneos/FirebaseAuth.build/Objects-normal/arm64/FirebaseAuth-OutputFileMap.json -use-frontend-parseable-output -save-temps -no-color-diagnostics -explicit-module-build -module-cache-path /Users/khanghnguyen/Library/Developer/Xcode/DerivedData/Wishie-gavmeupfwiyxzhaiqkwzocyeeixy/Build/Intermediates.noindex/SwiftExplicitPrecompiledModules -clang-scanner-module-cache-path /Users/khanghnguyen/Library/Developer/Xcode/DerivedData/ModuleCache.noindex -sdk-module-cache-path /Users/khanghnguyen/Library/Developer/Xcode/DerivedData/ModuleCache.noindex -serialize-diagnostics -emit-dependencies -emit-module -emit-module-path /Users/khanghnguyen/Library/Developer/Xcode/DerivedData/Wishie-gavmeupfwiyxzhaiqkwzocyeeixy/Build/Intermediates.noindex/Firebase.build/Debug-iphoneos/FirebaseAuth.build/Objects-normal/arm64/FirebaseAuth.swiftmodule -user-module-version 12.13.0 -validate-clang-modules-once -clang-build-session-file /Users/khanghnguyen/Library/Developer/Xcode/DerivedData/ModuleCache.noindex/Session.modulevalidation -package-name firebase_ios_sdk -Xcc -I/Users/khanghnguyen/Library/Developer/Xcode/DerivedData/Wishie-gavmeupfwiyxzhaiqkwzocyeeixy/Build/Intermediates.noindex/Firebase.build/Debug-iphoneos/FirebaseAuth.build/swift-overrides.hmap -emit-const-values -Xfrontend -const-gather-protocols-file -Xfrontend /Users/khanghnguyen/Library/Developer/Xcode/DerivedData/Wishie-gavmeupfwiyxzhaiqkwzocyeeixy/Build/Intermediates.noindex/Firebase.build/Debug-iphoneos/FirebaseAuth.build/Objects-normal/arm64/FirebaseAuth_const_extract_protocols.json -Xcc -I/Users/khanghnguyen/Library/Developer/Xcode/DerivedData/Wishie-gavmeupfwiyxzhaiqkwzocyeeixy/SourcePackages/checkouts/interop-ios-for-google-sdks/RecaptchaEnterprise/RecaptchaInterop/Public -Xcc -I/Users/khanghnguyen/Library/Developer/Xcode/DerivedData/Wishie-gavmeupfwiyxzhaiqkwzocyeeixy/SourcePackages/checkouts/GoogleUtilities/GoogleUtilities/Network/Public -Xcc -I/Users/khanghnguyen/Library/Developer/Xcode/DerivedData/Wishie-gavmeupfwiyxzhaiqkwzocyeeixy/SourcePackages/checkouts/GoogleUtilities/GoogleUtilities/Reachability/Public -Xcc -I/Users/khanghnguyen/Library/Developer/Xcode/DerivedData/Wishie-gavmeupfwiyxzhaiqkwzocyeeixy/SourcePackages/checkouts/GoogleUtilities/GoogleUtilities/NSData+zlib/Public -Xcc -I/Users/khanghnguyen/Library/Developer/Xcode/DerivedData/Wishie-gavmeupfwiyxzhaiqkwzocyeeixy/SourcePackages/checkouts/GoogleUtilities/GoogleUtilities/Logger/Public -Xcc -I/Users/khanghnguyen/Library/Developer/Xcode/DerivedData/Wishie-gavmeupfwiyxzhaiqkwzocyeeixy/SourcePackages/checkouts/GoogleUtilities/GoogleUtilities/Environment/Public -Xcc -I/Users/khanghnguyen/Library/Developer/Xcode/DerivedData/Wishie-gavmeupfwiyxzhaiqkwzocyeeixy/SourcePackages/checkouts/GoogleUtilities/third_party/IsAppEncrypted/Public -Xcc -I/Users/khanghnguyen/Library/Developer/Xcode/DerivedData/Wishie-gavmeupfwiyxzhaiqkwzocyeeixy/SourcePackages/checkouts/GoogleUtilities/GoogleUtilities/AppDelegateSwizzler/Public -Xcc -I/Users/khanghnguyen/Library/Developer/Xcode/DerivedData/Wishie-gavmeupfwiyxzhaiqkwzocyeeixy/SourcePackages/checkouts/gtm-session-fetcher/Sources/Core/Public -Xcc -I/Users/khanghnguyen/Library/Developer/Xcode/DerivedData/Wishie-gavmeupfwiyxzhaiqkwzocyeeixy/SourcePackages/checkouts/firebase-ios-sdk/FirebaseCore/Extension -Xcc -I/Users/khanghnguyen/Library/Developer/Xcode/DerivedData/Wishie-gavmeupfwiyxzhaiqkwzocyeeixy/SourcePackages/checkouts/firebase-ios-sdk/FirebaseCore/Sources/Public -Xcc -I/Users/khanghnguyen/Library/Developer/Xcode/DerivedData/Wishie-gavmeupfwiyxzhaiqkwzocyeeixy/SourcePackages/checkouts/firebase-ios-sdk/CoreOnly/Sources -Xcc -I/Users/khanghnguyen/Library/Developer/Xcode/DerivedData/Wishie-gavmeupfwiyxzhaiqkwzocyeeixy/SourcePackages/checkouts/firebase-ios-sdk/FirebaseAuth/Sources/Public -Xcc -I/Users/khanghnguyen/Library/Developer/Xcode/DerivedData/Wishie-gavmeupfwiyxzhaiqkwzocyeeixy/SourcePackages/checkouts/firebase-ios-sdk/FirebaseAuth/Interop/Public -Xcc -I/Users/khanghnguyen/Library/Developer/Xcode/DerivedData/Wishie-gavmeupfwiyxzhaiqkwzocyeeixy/SourcePackages/checkouts/firebase-ios-sdk/FirebaseAppCheck/Interop/Public -Xcc -I/Users/khanghnguyen/Library/Developer/Xcode/DerivedData/Wishie-gavmeupfwiyxzhaiqkwzocyeeixy/Build/Products/Debug-iphoneos/include -Xcc -I/Users/khanghnguyen/Library/Developer/Xcode/DerivedData/Wishie-gavmeupfwiyxzhaiqkwzocyeeixy/Build/Intermediates.noindex/Firebase.build/Debug-iphoneos/FirebaseAuth.build/DerivedSources-normal/arm64 -Xcc -I/Users/khanghnguyen/Library/Developer/Xcode/DerivedData/Wishie-gavmeupfwiyxzhaiqkwzocyeeixy/Build/Intermediates.noindex/Firebase.build/Debug-iphoneos/FirebaseAuth.build/DerivedSources/arm64 -Xcc -I/Users/khanghnguyen/Library/Developer/Xcode/DerivedData/Wishie-gavmeupfwiyxzhaiqkwzocyeeixy/Build/Intermediates.noindex/Firebase.build/Debug-iphoneos/FirebaseAuth.build/DerivedSources -Xcc -DSWIFT_PACKAGE -Xcc -DDEBUG\=1 -emit-objc-header -emit-objc-header-path /Users/khanghnguyen/Library/Developer/Xcode/DerivedData/Wishie-gavmeupfwiyxzhaiqkwzocyeeixy/Build/Intermediates.noindex/Firebase.build/Debug-iphoneos/FirebaseAuth.build/Objects-normal/arm64/FirebaseAuth-Swift.h -working-directory /Users/khanghnguyen/Downloads/Wishie/Wishie.xcodeproj -experimental-emit-module-separately -disable-cmo

Ld /Users/khanghnguyen/Library/Developer/Xcode/DerivedData/Wishie-gavmeupfwiyxzhaiqkwzocyeeixy/Build/Products/Debug-iphoneos/FirebaseAuth.o normal (in target 'FirebaseAuth' from project 'Firebase')
    cd /Users/khanghnguyen/Library/Developer/Xcode/DerivedData/Wishie-gavmeupfwiyxzhaiqkwzocyeeixy/SourcePackages/checkouts/firebase-ios-sdk
    /Applications/Xcode.app/Contents/Developer/Toolchains/XcodeDefault.xctoolchain/usr/bin/clang -Xlinker -reproducible -target arm64-apple-ios15.0 -r -isysroot /Applications/Xcode.app/Contents/Developer/Platforms/iPhoneOS.platform/Developer/SDKs/iPhoneOS26.2.sdk -O0 -w -L/Users/khanghnguyen/Library/Developer/Xcode/DerivedData/Wishie-gavmeupfwiyxzhaiqkwzocyeeixy/Build/Intermediates.noindex/EagerLinkingTBDs/Debug-iphoneos -L/Users/khanghnguyen/Library/Developer/Xcode/DerivedData/Wishie-gavmeupfwiyxzhaiqkwzocyeeixy/Build/Products/Debug-iphoneos -L/Applications/Xcode.app/Contents/Developer/Platforms/iPhoneOS.platform/Developer/usr/lib -F/Users/khanghnguyen/Library/Developer/Xcode/DerivedData/Wishie-gavmeupfwiyxzhaiqkwzocyeeixy/Build/Intermediates.noindex/EagerLinkingTBDs/Debug-iphoneos -F/Users/khanghnguyen/Library/Developer/Xcode/DerivedData/Wishie-gavmeupfwiyxzhaiqkwzocyeeixy/Build/Products/Debug-iphoneos/PackageFrameworks -F/Users/khanghnguyen/Library/Developer/Xcode/DerivedData/Wishie-gavmeupfwiyxzhaiqkwzocyeeixy/Build/Products/Debug-iphoneos/PackageFrameworks -F/Users/khanghnguyen/Library/Developer/Xcode/DerivedData/Wishie-gavmeupfwiyxzhaiqkwzocyeeixy/Build/Products/Debug-iphoneos/PackageFrameworks -F/Users/khanghnguyen/Library/Developer/Xcode/DerivedData/Wishie-gavmeupfwiyxzhaiqkwzocyeeixy/Build/Products/Debug-iphoneos/PackageFrameworks -F/Users/khanghnguyen/Library/Developer/Xcode/DerivedData/Wishie-gavmeupfwiyxzhaiqkwzocyeeixy/Build/Products/Debug-iphoneos/PackageFrameworks -F/Users/khanghnguyen/Library/Developer/Xcode/DerivedData/Wishie-gavmeupfwiyxzhaiqkwzocyeeixy/Build/Products/Debug-iphoneos/PackageFrameworks -F/Users/khanghnguyen/Library/Developer/Xcode/DerivedData/Wishie-gavmeupfwiyxzhaiqkwzocyeeixy/Build/Products/Debug-iphoneos/PackageFrameworks -F/Users/khanghnguyen/Library/Developer/Xcode/DerivedData/Wishie-gavmeupfwiyxzhaiqkwzocyeeixy/Build/Products/Debug-iphoneos/PackageFrameworks -F/Users/khanghnguyen/Library/Developer/Xcode/DerivedData/Wishie-gavmeupfwiyxzhaiqkwzocyeeixy/Build/Products/Debug-iphoneos/PackageFrameworks -F/Users/khanghnguyen/Library/Developer/Xcode/DerivedData/Wishie-gavmeupfwiyxzhaiqkwzocyeeixy/Build/Products/Debug-iphoneos/PackageFrameworks -F/Users/khanghnguyen/Library/Developer/Xcode/DerivedData/Wishie-gavmeupfwiyxzhaiqkwzocyeeixy/Build/Products/Debug-iphoneos/PackageFrameworks -F/Users/khanghnguyen/Library/Developer/Xcode/DerivedData/Wishie-gavmeupfwiyxzhaiqkwzocyeeixy/Build/Products/Debug-iphoneos/PackageFrameworks -F/Users/khanghnguyen/Library/Developer/Xcode/DerivedData/Wishie-gavmeupfwiyxzhaiqkwzocyeeixy/Build/Products/Debug-iphoneos/PackageFrameworks -F/Users/khanghnguyen/Library/Developer/Xcode/DerivedData/Wishie-gavmeupfwiyxzhaiqkwzocyeeixy/Build/Products/Debug-iphoneos/PackageFrameworks -F/Users/khanghnguyen/Library/Developer/Xcode/DerivedData/Wishie-gavmeupfwiyxzhaiqkwzocyeeixy/Build/Products/Debug-iphoneos/PackageFrameworks -F/Users/khanghnguyen/Library/Developer/Xcode/DerivedData/Wishie-gavmeupfwiyxzhaiqkwzocyeeixy/Build/Products/Debug-iphoneos/PackageFrameworks -F/Users/khanghnguyen/Library/Developer/Xcode/DerivedData/Wishie-gavmeupfwiyxzhaiqkwzocyeeixy/Build/Products/Debug-iphoneos -iframework /Applications/Xcode.app/Contents/Developer/Platforms/iPhoneOS.platform/Developer/Library/Frameworks -iframework /Applications/Xcode.app/Contents/Developer/Platforms/iPhoneOS.platform/Developer/SDKs/iPhoneOS26.2.sdk/Developer/Library/Frameworks -filelist /Users/khanghnguyen/Library/Developer/Xcode/DerivedData/Wishie-gavmeupfwiyxzhaiqkwzocyeeixy/Build/Intermediates.noindex/Firebase.build/Debug-iphoneos/FirebaseAuth.build/Objects-normal/arm64/FirebaseAuth.LinkFileList -nostdlib -Xlinker -object_path_lto -Xlinker /Users/khanghnguyen/Library/Developer/Xcode/DerivedData/Wishie-gavmeupfwiyxzhaiqkwzocyeeixy/Build/Intermediates.noindex/Firebase.build/Debug-iphoneos/FirebaseAuth.build/Objects-normal/arm64/FirebaseAuth_lto.o -rdynamic -Xlinker -no_deduplicate -Xlinker -debug_variant -Xlinker -dependency_info -Xlinker /Users/khanghnguyen/Library/Developer/Xcode/DerivedData/Wishie-gavmeupfwiyxzhaiqkwzocyeeixy/Build/Intermediates.noindex/Firebase.build/Debug-iphoneos/FirebaseAuth.build/Objects-normal/arm64/FirebaseAuth_dependency_info.dat -fobjc-link-runtime -L/Applications/Xcode.app/Contents/Developer/Toolchains/XcodeDefault.xctoolchain/usr/lib/swift/iphoneos -L/usr/lib/swift -Xlinker -add_ast_path -Xlinker /Users/khanghnguyen/Library/Developer/Xcode/DerivedData/Wishie-gavmeupfwiyxzhaiqkwzocyeeixy/Build/Intermediates.noindex/Firebase.build/Debug-iphoneos/FirebaseAuth.build/Objects-normal/arm64/FirebaseAuth.swiftmodule @/Users/khanghnguyen/Library/Developer/Xcode/DerivedData/Wishie-gavmeupfwiyxzhaiqkwzocyeeixy/Build/Intermediates.noindex/Firebase.build/Debug-iphoneos/FirebaseAuth.build/Objects-normal/arm64/FirebaseAuth-linker-args.resp -o /Users/khanghnguyen/Library/Developer/Xcode/DerivedData/Wishie-gavmeupfwiyxzhaiqkwzocyeeixy/Build/Products/Debug-iphoneos/FirebaseAuth.o

ExtractAppIntentsMetadata (in target 'FirebaseAuth' from project 'Firebase')
    cd /Users/khanghnguyen/Library/Developer/Xcode/DerivedData/Wishie-gavmeupfwiyxzhaiqkwzocyeeixy/SourcePackages/checkouts/firebase-ios-sdk
    /Applications/Xcode.app/Contents/Developer/Toolchains/XcodeDefault.xctoolchain/usr/bin/appintentsmetadataprocessor --toolchain-dir /Applications/Xcode.app/Contents/Developer/Toolchains/XcodeDefault.xctoolchain --module-name FirebaseAuth --sdk-root /Applications/Xcode.app/Contents/Developer/Platforms/iPhoneOS.platform/Developer/SDKs/iPhoneOS26.2.sdk --xcode-version 17C529 --platform-family iOS --deployment-target 15.0 --bundle-identifier firebase-ios-sdk.FirebaseAuth --output /Users/khanghnguyen/Library/Developer/Xcode/DerivedData/Wishie-gavmeupfwiyxzhaiqkwzocyeeixy/Build/Products/Debug-iphoneos/FirebaseAuth.appintents --target-triple arm64-apple-ios15.0 --binary-file /Users/khanghnguyen/Library/Developer/Xcode/DerivedData/Wishie-gavmeupfwiyxzhaiqkwzocyeeixy/Build/Products/Debug-iphoneos/FirebaseAuth.o --dependency-file /Users/khanghnguyen/Library/Developer/Xcode/DerivedData/Wishie-gavmeupfwiyxzhaiqkwzocyeeixy/Build/Intermediates.noindex/Firebase.build/Debug-iphoneos/FirebaseAuth.build/Objects-normal/arm64/FirebaseAuth_dependency_info.dat --stringsdata-file /Users/khanghnguyen/Library/Developer/Xcode/DerivedData/Wishie-gavmeupfwiyxzhaiqkwzocyeeixy/Build/Intermediates.noindex/Firebase.build/Debug-iphoneos/FirebaseAuth.build/Objects-normal/arm64/ExtractedAppShortcutsMetadata.stringsdata --source-file-list /Users/khanghnguyen/Library/Developer/Xcode/DerivedData/Wishie-gavmeupfwiyxzhaiqkwzocyeeixy/Build/Intermediates.noindex/Firebase.build/Debug-iphoneos/FirebaseAuth.build/Objects-normal/arm64/FirebaseAuth.SwiftFileList --metadata-file-list /Users/khanghnguyen/Library/Developer/Xcode/DerivedData/Wishie-gavmeupfwiyxzhaiqkwzocyeeixy/Build/Intermediates.noindex/Firebase.build/Debug-iphoneos/FirebaseAuth.build/FirebaseAuth.DependencyMetadataFileList --static-metadata-file-list /Users/khanghnguyen/Library/Developer/Xcode/DerivedData/Wishie-gavmeupfwiyxzhaiqkwzocyeeixy/Build/Intermediates.noindex/Firebase.build/Debug-iphoneos/FirebaseAuth.build/FirebaseAuth.DependencyStaticMetadataFileList --swift-const-vals-list /Users/khanghnguyen/Library/Developer/Xcode/DerivedData/Wishie-gavmeupfwiyxzhaiqkwzocyeeixy/Build/Intermediates.noindex/Firebase.build/Debug-iphoneos/FirebaseAuth.build/Objects-normal/arm64/FirebaseAuth.SwiftConstValuesFileList --force --compile-time-extraction --deployment-aware-processing --validate-assistant-intents --no-app-shortcuts-localization
2026-05-24 14:36:22.975 appintentsmetadataprocessor[44875:13983601] Starting appintentsmetadataprocessor export
2026-05-24 14:36:23.258 appintentsmetadataprocessor[44875:13983601] Extracted no relevant App Intents symbols, skipping writing output

SwiftEmitModule normal arm64 Emitting\ module\ for\ Storage (in target 'Storage' from project 'Supabase')
EmitSwiftModule normal arm64 (in target 'Storage' from project 'Supabase')
    cd /Users/khanghnguyen/Downloads/Wishie/Wishie.xcodeproj
    

SwiftCompile normal arm64 Compiling\ BucketOptions.swift,\ Codable.swift /Users/khanghnguyen/Library/Developer/Xcode/DerivedData/Wishie-gavmeupfwiyxzhaiqkwzocyeeixy/SourcePackages/checkouts/supabase-swift/Sources/Storage/BucketOptions.swift /Users/khanghnguyen/Library/Developer/Xcode/DerivedData/Wishie-gavmeupfwiyxzhaiqkwzocyeeixy/SourcePackages/checkouts/supabase-swift/Sources/Storage/Codable.swift (in target 'Storage' from project 'Supabase')

SwiftCompile normal arm64 /Users/khanghnguyen/Library/Developer/Xcode/DerivedData/Wishie-gavmeupfwiyxzhaiqkwzocyeeixy/SourcePackages/checkouts/supabase-swift/Sources/Storage/BucketOptions.swift (in target 'Storage' from project 'Supabase')
    cd /Users/khanghnguyen/Downloads/Wishie/Wishie.xcodeproj
    

SwiftCompile normal arm64 /Users/khanghnguyen/Library/Developer/Xcode/DerivedData/Wishie-gavmeupfwiyxzhaiqkwzocyeeixy/SourcePackages/checkouts/supabase-swift/Sources/Storage/Codable.swift (in target 'Storage' from project 'Supabase')
    cd /Users/khanghnguyen/Downloads/Wishie/Wishie.xcodeproj
    

SwiftCompile normal arm64 Compiling\ TransformOptions.swift /Users/khanghnguyen/Library/Developer/Xcode/DerivedData/Wishie-gavmeupfwiyxzhaiqkwzocyeeixy/SourcePackages/checkouts/supabase-swift/Sources/Storage/TransformOptions.swift (in target 'Storage' from project 'Supabase')

SwiftCompile normal arm64 /Users/khanghnguyen/Library/Developer/Xcode/DerivedData/Wishie-gavmeupfwiyxzhaiqkwzocyeeixy/SourcePackages/checkouts/supabase-swift/Sources/Storage/TransformOptions.swift (in target 'Storage' from project 'Supabase')
    cd /Users/khanghnguyen/Downloads/Wishie/Wishie.xcodeproj
    

SwiftCompile normal arm64 Compiling\ Types.swift /Users/khanghnguyen/Library/Developer/Xcode/DerivedData/Wishie-gavmeupfwiyxzhaiqkwzocyeeixy/SourcePackages/checkouts/supabase-swift/Sources/Storage/Types.swift (in target 'Storage' from project 'Supabase')
SwiftCompile normal arm64 /Users/khanghnguyen/Library/Developer/Xcode/DerivedData/Wishie-gavmeupfwiyxzhaiqkwzocyeeixy/SourcePackages/checkouts/supabase-swift/Sources/Storage/Types.swift (in target 'Storage' from project 'Supabase')
    cd /Users/khanghnguyen/Downloads/Wishie/Wishie.xcodeproj
    

SwiftEmitModule normal arm64 Emitting\ module\ for\ Realtime (in target 'Realtime' from project 'Supabase')

EmitSwiftModule normal arm64 (in target 'Realtime' from project 'Supabase')
    cd /Users/khanghnguyen/Downloads/Wishie/Wishie.xcodeproj
    

SwiftEmitModule normal arm64 Emitting\ module\ for\ PostgREST (in target 'PostgREST' from project 'Supabase')

EmitSwiftModule normal arm64 (in target 'PostgREST' from project 'Supabase')
    cd /Users/khanghnguyen/Downloads/Wishie/Wishie.xcodeproj
    

SwiftEmitModule normal arm64 Emitting\ module\ for\ Functions (in target 'Functions' from project 'Supabase')

EmitSwiftModule normal arm64 (in target 'Functions' from project 'Supabase')
    cd /Users/khanghnguyen/Downloads/Wishie/Wishie.xcodeproj
    

SwiftCompile normal arm64 Compiling\ StorageApi.swift,\ StorageBucketApi.swift /Users/khanghnguyen/Library/Developer/Xcode/DerivedData/Wishie-gavmeupfwiyxzhaiqkwzocyeeixy/SourcePackages/checkouts/supabase-swift/Sources/Storage/StorageApi.swift /Users/khanghnguyen/Library/Developer/Xcode/DerivedData/Wishie-gavmeupfwiyxzhaiqkwzocyeeixy/SourcePackages/checkouts/supabase-swift/Sources/Storage/StorageBucketApi.swift (in target 'Storage' from project 'Supabase')
SwiftCompile normal arm64 /Users/khanghnguyen/Library/Developer/Xcode/DerivedData/Wishie-gavmeupfwiyxzhaiqkwzocyeeixy/SourcePackages/checkouts/supabase-swift/Sources/Storage/StorageApi.swift (in target 'Storage' from project 'Supabase')
    cd /Users/khanghnguyen/Downloads/Wishie/Wishie.xcodeproj
    

SwiftCompile normal arm64 /Users/khanghnguyen/Library/Developer/Xcode/DerivedData/Wishie-gavmeupfwiyxzhaiqkwzocyeeixy/SourcePackages/checkouts/supabase-swift/Sources/Storage/StorageBucketApi.swift (in target 'Storage' from project 'Supabase')
    cd /Users/khanghnguyen/Downloads/Wishie/Wishie.xcodeproj
    

SwiftDriverJobDiscovery normal arm64 Compiling BucketOptions.swift, Codable.swift (in target 'Storage' from project 'Supabase')

SwiftCompile normal arm64 Compiling\ Helpers.swift,\ MultipartFormData.swift /Users/khanghnguyen/Library/Developer/Xcode/DerivedData/Wishie-gavmeupfwiyxzhaiqkwzocyeeixy/SourcePackages/checkouts/supabase-swift/Sources/Storage/Helpers.swift /Users/khanghnguyen/Library/Developer/Xcode/DerivedData/Wishie-gavmeupfwiyxzhaiqkwzocyeeixy/SourcePackages/checkouts/supabase-swift/Sources/Storage/MultipartFormData.swift (in target 'Storage' from project 'Supabase')
SwiftCompile normal arm64 /Users/khanghnguyen/Library/Developer/Xcode/DerivedData/Wishie-gavmeupfwiyxzhaiqkwzocyeeixy/SourcePackages/checkouts/supabase-swift/Sources/Storage/Helpers.swift (in target 'Storage' from project 'Supabase')
    cd /Users/khanghnguyen/Downloads/Wishie/Wishie.xcodeproj
    

SwiftCompile normal arm64 /Users/khanghnguyen/Library/Developer/Xcode/DerivedData/Wishie-gavmeupfwiyxzhaiqkwzocyeeixy/SourcePackages/checkouts/supabase-swift/Sources/Storage/MultipartFormData.swift (in target 'Storage' from project 'Supabase')
    cd /Users/khanghnguyen/Downloads/Wishie/Wishie.xcodeproj
    

SwiftDriverJobDiscovery normal arm64 Compiling TransformOptions.swift (in target 'Storage' from project 'Supabase')

SwiftCompile normal arm64 Compiling\ StorageError.swift,\ StorageFileApi.swift /Users/khanghnguyen/Library/Developer/Xcode/DerivedData/Wishie-gavmeupfwiyxzhaiqkwzocyeeixy/SourcePackages/checkouts/supabase-swift/Sources/Storage/StorageError.swift /Users/khanghnguyen/Library/Developer/Xcode/DerivedData/Wishie-gavmeupfwiyxzhaiqkwzocyeeixy/SourcePackages/checkouts/supabase-swift/Sources/Storage/StorageFileApi.swift (in target 'Storage' from project 'Supabase')
SwiftCompile normal arm64 /Users/khanghnguyen/Library/Developer/Xcode/DerivedData/Wishie-gavmeupfwiyxzhaiqkwzocyeeixy/SourcePackages/checkouts/supabase-swift/Sources/Storage/StorageError.swift (in target 'Storage' from project 'Supabase')
    cd /Users/khanghnguyen/Downloads/Wishie/Wishie.xcodeproj
    

SwiftCompile normal arm64 /Users/khanghnguyen/Library/Developer/Xcode/DerivedData/Wishie-gavmeupfwiyxzhaiqkwzocyeeixy/SourcePackages/checkouts/supabase-swift/Sources/Storage/StorageFileApi.swift (in target 'Storage' from project 'Supabase')
    cd /Users/khanghnguyen/Downloads/Wishie/Wishie.xcodeproj
    

SwiftEmitModule normal arm64 Emitting\ module\ for\ Auth (in target 'Auth' from project 'Supabase')
EmitSwiftModule normal arm64 (in target 'Auth' from project 'Supabase')
    cd /Users/khanghnguyen/Downloads/Wishie/Wishie.xcodeproj
    

SwiftDriverJobDiscovery normal arm64 Emitting module for Storage (in target 'Storage' from project 'Supabase')

SwiftDriver\ Compilation\ Requirements Storage normal arm64 com.apple.xcode.tools.swift.compiler (in target 'Storage' from project 'Supabase')
    cd /Users/khanghnguyen/Downloads/Wishie/Wishie.xcodeproj
    builtin-Swift-Compilation-Requirements -- /Applications/Xcode.app/Contents/Developer/Toolchains/XcodeDefault.xctoolchain/usr/bin/swiftc -module-name Storage -Onone -enforce-exclusivity\=checked @/Users/khanghnguyen/Library/Developer/Xcode/DerivedData/Wishie-gavmeupfwiyxzhaiqkwzocyeeixy/Build/Intermediates.noindex/Supabase.build/Debug-iphoneos/Storage.build/Objects-normal/arm64/Storage.SwiftFileList -DSWIFT_PACKAGE -DDEBUG -DSWIFT_MODULE_RESOURCE_BUNDLE_UNAVAILABLE -DXcode -enable-upcoming-feature ExistentialAny -enable-experimental-feature StrictConcurrency -plugin-path /Applications/Xcode.app/Contents/Developer/Toolchains/XcodeDefault.xctoolchain/usr/lib/swift/host/plugins/testing -enable-experimental-feature DebugDescriptionMacro -sdk /Applications/Xcode.app/Contents/Developer/Platforms/iPhoneOS.platform/Developer/SDKs/iPhoneOS26.2.sdk -target arm64-apple-ios13.0 -g -module-cache-path /Users/khanghnguyen/Library/Developer/Xcode/DerivedData/ModuleCache.noindex -Xfrontend -serialize-debugging-options -profile-coverage-mapping -profile-generate -enable-testing -suppress-warnings -index-store-path /Users/khanghnguyen/Library/Developer/Xcode/DerivedData/Wishie-gavmeupfwiyxzhaiqkwzocyeeixy/Index.noindex/DataStore -Xcc -D_LIBCPP_HARDENING_MODE\=_LIBCPP_HARDENING_MODE_DEBUG -swift-version 5 -I /Users/khanghnguyen/Library/Developer/Xcode/DerivedData/Wishie-gavmeupfwiyxzhaiqkwzocyeeixy/Build/Products/Debug-iphoneos -Isystem /Applications/Xcode.app/Contents/Developer/Platforms/iPhoneOS.platform/Developer/usr/lib -F /Users/khanghnguyen/Library/Developer/Xcode/DerivedData/Wishie-gavmeupfwiyxzhaiqkwzocyeeixy/Build/Products/Debug-iphoneos/PackageFrameworks -F /Users/khanghnguyen/Library/Developer/Xcode/DerivedData/Wishie-gavmeupfwiyxzhaiqkwzocyeeixy/Build/Products/Debug-iphoneos/PackageFrameworks -F /Users/khanghnguyen/Library/Developer/Xcode/DerivedData/Wishie-gavmeupfwiyxzhaiqkwzocyeeixy/Build/Products/Debug-iphoneos/PackageFrameworks -F /Users/khanghnguyen/Library/Developer/Xcode/DerivedData/Wishie-gavmeupfwiyxzhaiqkwzocyeeixy/Build/Products/Debug-iphoneos/PackageFrameworks -F /Users/khanghnguyen/Library/Developer/Xcode/DerivedData/Wishie-gavmeupfwiyxzhaiqkwzocyeeixy/Build/Products/Debug-iphoneos/PackageFrameworks -F /Users/khanghnguyen/Library/Developer/Xcode/DerivedData/Wishie-gavmeupfwiyxzhaiqkwzocyeeixy/Build/Products/Debug-iphoneos/PackageFrameworks -F /Users/khanghnguyen/Library/Developer/Xcode/DerivedData/Wishie-gavmeupfwiyxzhaiqkwzocyeeixy/Build/Products/Debug-iphoneos/PackageFrameworks -F /Users/khanghnguyen/Library/Developer/Xcode/DerivedData/Wishie-gavmeupfwiyxzhaiqkwzocyeeixy/Build/Products/Debug-iphoneos -F /Applications/Xcode.app/Contents/Developer/Platforms/iPhoneOS.platform/Developer/Library/Frameworks -F /Applications/Xcode.app/Contents/Developer/Platforms/iPhoneOS.platform/Developer/SDKs/iPhoneOS26.2.sdk/Developer/Library/Frameworks -c -j8 -enable-batch-mode -incremental -Xcc -ivfsstatcache -Xcc /Users/khanghnguyen/Library/Developer/Xcode/DerivedData/SDKStatCaches.noindex/iphoneos26.2-23C57-3794476bd08197c3e2abd9bb477ef7f7.sdkstatcache -output-file-map /Users/khanghnguyen/Library/Developer/Xcode/DerivedData/Wishie-gavmeupfwiyxzhaiqkwzocyeeixy/Build/Intermediates.noindex/Supabase.build/Debug-iphoneos/Storage.build/Objects-normal/arm64/Storage-OutputFileMap.json -use-frontend-parseable-output -save-temps -no-color-diagnostics -explicit-module-build -module-cache-path /Users/khanghnguyen/Library/Developer/Xcode/DerivedData/Wishie-gavmeupfwiyxzhaiqkwzocyeeixy/Build/Intermediates.noindex/SwiftExplicitPrecompiledModules -clang-scanner-module-cache-path /Users/khanghnguyen/Library/Developer/Xcode/DerivedData/ModuleCache.noindex -sdk-module-cache-path /Users/khanghnguyen/Library/Developer/Xcode/DerivedData/ModuleCache.noindex -serialize-diagnostics -emit-dependencies -emit-module -emit-module-path /Users/khanghnguyen/Library/Developer/Xcode/DerivedData/Wishie-gavmeupfwiyxzhaiqkwzocyeeixy/Build/Intermediates.noindex/Supabase.build/Debug-iphoneos/Storage.build/Objects-normal/arm64/Storage.swiftmodule -validate-clang-modules-once -clang-build-session-file /Users/khanghnguyen/Library/Developer/Xcode/DerivedData/ModuleCache.noindex/Session.modulevalidation -package-name supabase_swift -Xcc -I/Users/khanghnguyen/Library/Developer/Xcode/DerivedData/Wishie-gavmeupfwiyxzhaiqkwzocyeeixy/Build/Intermediates.noindex/Supabase.build/Debug-iphoneos/Storage.build/swift-overrides.hmap -emit-const-values -Xfrontend -const-gather-protocols-file -Xfrontend /Users/khanghnguyen/Library/Developer/Xcode/DerivedData/Wishie-gavmeupfwiyxzhaiqkwzocyeeixy/Build/Intermediates.noindex/Supabase.build/Debug-iphoneos/Storage.build/Objects-normal/arm64/Storage_const_extract_protocols.json -Xcc -I/Users/khanghnguyen/Library/Developer/Xcode/DerivedData/Wishie-gavmeupfwiyxzhaiqkwzocyeeixy/Build/Products/Debug-iphoneos/include -Xcc -I/Users/khanghnguyen/Library/Developer/Xcode/DerivedData/Wishie-gavmeupfwiyxzhaiqkwzocyeeixy/Build/Intermediates.noindex/Supabase.build/Debug-iphoneos/Storage.build/DerivedSources-normal/arm64 -Xcc -I/Users/khanghnguyen/Library/Developer/Xcode/DerivedData/Wishie-gavmeupfwiyxzhaiqkwzocyeeixy/Build/Intermediates.noindex/Supabase.build/Debug-iphoneos/Storage.build/DerivedSources/arm64 -Xcc -I/Users/khanghnguyen/Library/Developer/Xcode/DerivedData/Wishie-gavmeupfwiyxzhaiqkwzocyeeixy/Build/Intermediates.noindex/Supabase.build/Debug-iphoneos/Storage.build/DerivedSources -Xcc -DSWIFT_PACKAGE -Xcc -DDEBUG\=1 -emit-objc-header -emit-objc-header-path /Users/khanghnguyen/Library/Developer/Xcode/DerivedData/Wishie-gavmeupfwiyxzhaiqkwzocyeeixy/Build/Intermediates.noindex/Supabase.build/Debug-iphoneos/Storage.build/Objects-normal/arm64/Storage-Swift.h -working-directory /Users/khanghnguyen/Downloads/Wishie/Wishie.xcodeproj -experimental-emit-module-separately -disable-cmo

SwiftDriverJobDiscovery normal arm64 Emitting module for Functions (in target 'Functions' from project 'Supabase')

SwiftDriver\ Compilation\ Requirements Functions normal arm64 com.apple.xcode.tools.swift.compiler (in target 'Functions' from project 'Supabase')
    cd /Users/khanghnguyen/Downloads/Wishie/Wishie.xcodeproj
    builtin-Swift-Compilation-Requirements -- /Applications/Xcode.app/Contents/Developer/Toolchains/XcodeDefault.xctoolchain/usr/bin/swiftc -module-name Functions -Onone -enforce-exclusivity\=checked @/Users/khanghnguyen/Library/Developer/Xcode/DerivedData/Wishie-gavmeupfwiyxzhaiqkwzocyeeixy/Build/Intermediates.noindex/Supabase.build/Debug-iphoneos/Functions.build/Objects-normal/arm64/Functions.SwiftFileList -DSWIFT_PACKAGE -DDEBUG -DSWIFT_MODULE_RESOURCE_BUNDLE_UNAVAILABLE -DXcode -enable-upcoming-feature ExistentialAny -enable-experimental-feature StrictConcurrency -plugin-path /Applications/Xcode.app/Contents/Developer/Toolchains/XcodeDefault.xctoolchain/usr/lib/swift/host/plugins/testing -enable-experimental-feature DebugDescriptionMacro -sdk /Applications/Xcode.app/Contents/Developer/Platforms/iPhoneOS.platform/Developer/SDKs/iPhoneOS26.2.sdk -target arm64-apple-ios13.0 -g -module-cache-path /Users/khanghnguyen/Library/Developer/Xcode/DerivedData/ModuleCache.noindex -Xfrontend -serialize-debugging-options -profile-coverage-mapping -profile-generate -enable-testing -suppress-warnings -index-store-path /Users/khanghnguyen/Library/Developer/Xcode/DerivedData/Wishie-gavmeupfwiyxzhaiqkwzocyeeixy/Index.noindex/DataStore -Xcc -D_LIBCPP_HARDENING_MODE\=_LIBCPP_HARDENING_MODE_DEBUG -swift-version 5 -I /Users/khanghnguyen/Library/Developer/Xcode/DerivedData/Wishie-gavmeupfwiyxzhaiqkwzocyeeixy/Build/Products/Debug-iphoneos -Isystem /Applications/Xcode.app/Contents/Developer/Platforms/iPhoneOS.platform/Developer/usr/lib -F /Users/khanghnguyen/Library/Developer/Xcode/DerivedData/Wishie-gavmeupfwiyxzhaiqkwzocyeeixy/Build/Products/Debug-iphoneos/PackageFrameworks -F /Users/khanghnguyen/Library/Developer/Xcode/DerivedData/Wishie-gavmeupfwiyxzhaiqkwzocyeeixy/Build/Products/Debug-iphoneos/PackageFrameworks -F /Users/khanghnguyen/Library/Developer/Xcode/DerivedData/Wishie-gavmeupfwiyxzhaiqkwzocyeeixy/Build/Products/Debug-iphoneos/PackageFrameworks -F /Users/khanghnguyen/Library/Developer/Xcode/DerivedData/Wishie-gavmeupfwiyxzhaiqkwzocyeeixy/Build/Products/Debug-iphoneos/PackageFrameworks -F /Users/khanghnguyen/Library/Developer/Xcode/DerivedData/Wishie-gavmeupfwiyxzhaiqkwzocyeeixy/Build/Products/Debug-iphoneos/PackageFrameworks -F /Users/khanghnguyen/Library/Developer/Xcode/DerivedData/Wishie-gavmeupfwiyxzhaiqkwzocyeeixy/Build/Products/Debug-iphoneos/PackageFrameworks -F /Users/khanghnguyen/Library/Developer/Xcode/DerivedData/Wishie-gavmeupfwiyxzhaiqkwzocyeeixy/Build/Products/Debug-iphoneos/PackageFrameworks -F /Users/khanghnguyen/Library/Developer/Xcode/DerivedData/Wishie-gavmeupfwiyxzhaiqkwzocyeeixy/Build/Products/Debug-iphoneos -F /Applications/Xcode.app/Contents/Developer/Platforms/iPhoneOS.platform/Developer/Library/Frameworks -F /Applications/Xcode.app/Contents/Developer/Platforms/iPhoneOS.platform/Developer/SDKs/iPhoneOS26.2.sdk/Developer/Library/Frameworks -c -j8 -enable-batch-mode -incremental -Xcc -ivfsstatcache -Xcc /Users/khanghnguyen/Library/Developer/Xcode/DerivedData/SDKStatCaches.noindex/iphoneos26.2-23C57-3794476bd08197c3e2abd9bb477ef7f7.sdkstatcache -output-file-map /Users/khanghnguyen/Library/Developer/Xcode/DerivedData/Wishie-gavmeupfwiyxzhaiqkwzocyeeixy/Build/Intermediates.noindex/Supabase.build/Debug-iphoneos/Functions.build/Objects-normal/arm64/Functions-OutputFileMap.json -use-frontend-parseable-output -save-temps -no-color-diagnostics -explicit-module-build -module-cache-path /Users/khanghnguyen/Library/Developer/Xcode/DerivedData/Wishie-gavmeupfwiyxzhaiqkwzocyeeixy/Build/Intermediates.noindex/SwiftExplicitPrecompiledModules -clang-scanner-module-cache-path /Users/khanghnguyen/Library/Developer/Xcode/DerivedData/ModuleCache.noindex -sdk-module-cache-path /Users/khanghnguyen/Library/Developer/Xcode/DerivedData/ModuleCache.noindex -serialize-diagnostics -emit-dependencies -emit-module -emit-module-path /Users/khanghnguyen/Library/Developer/Xcode/DerivedData/Wishie-gavmeupfwiyxzhaiqkwzocyeeixy/Build/Intermediates.noindex/Supabase.build/Debug-iphoneos/Functions.build/Objects-normal/arm64/Functions.swiftmodule -validate-clang-modules-once -clang-build-session-file /Users/khanghnguyen/Library/Developer/Xcode/DerivedData/ModuleCache.noindex/Session.modulevalidation -package-name supabase_swift -Xcc -I/Users/khanghnguyen/Library/Developer/Xcode/DerivedData/Wishie-gavmeupfwiyxzhaiqkwzocyeeixy/Build/Intermediates.noindex/Supabase.build/Debug-iphoneos/Functions.build/swift-overrides.hmap -emit-const-values -Xfrontend -const-gather-protocols-file -Xfrontend /Users/khanghnguyen/Library/Developer/Xcode/DerivedData/Wishie-gavmeupfwiyxzhaiqkwzocyeeixy/Build/Intermediates.noindex/Supabase.build/Debug-iphoneos/Functions.build/Objects-normal/arm64/Functions_const_extract_protocols.json -Xcc -I/Users/khanghnguyen/Library/Developer/Xcode/DerivedData/Wishie-gavmeupfwiyxzhaiqkwzocyeeixy/Build/Products/Debug-iphoneos/include -Xcc -I/Users/khanghnguyen/Library/Developer/Xcode/DerivedData/Wishie-gavmeupfwiyxzhaiqkwzocyeeixy/Build/Intermediates.noindex/Supabase.build/Debug-iphoneos/Functions.build/DerivedSources-normal/arm64 -Xcc -I/Users/khanghnguyen/Library/Developer/Xcode/DerivedData/Wishie-gavmeupfwiyxzhaiqkwzocyeeixy/Build/Intermediates.noindex/Supabase.build/Debug-iphoneos/Functions.build/DerivedSources/arm64 -Xcc -I/Users/khanghnguyen/Library/Developer/Xcode/DerivedData/Wishie-gavmeupfwiyxzhaiqkwzocyeeixy/Build/Intermediates.noindex/Supabase.build/Debug-iphoneos/Functions.build/DerivedSources -Xcc -DSWIFT_PACKAGE -Xcc -DDEBUG\=1 -emit-objc-header -emit-objc-header-path /Users/khanghnguyen/Library/Developer/Xcode/DerivedData/Wishie-gavmeupfwiyxzhaiqkwzocyeeixy/Build/Intermediates.noindex/Supabase.build/Debug-iphoneos/Functions.build/Objects-normal/arm64/Functions-Swift.h -working-directory /Users/khanghnguyen/Downloads/Wishie/Wishie.xcodeproj -experimental-emit-module-separately -disable-cmo

SwiftMergeGeneratedHeaders /Users/khanghnguyen/Library/Developer/Xcode/DerivedData/Wishie-gavmeupfwiyxzhaiqkwzocyeeixy/Build/Intermediates.noindex/GeneratedModuleMaps-iphoneos/Storage-Swift.h /Users/khanghnguyen/Library/Developer/Xcode/DerivedData/Wishie-gavmeupfwiyxzhaiqkwzocyeeixy/Build/Intermediates.noindex/Supabase.build/Debug-iphoneos/Storage.build/Objects-normal/arm64/Storage-Swift.h (in target 'Storage' from project 'Supabase')
    cd /Users/khanghnguyen/Library/Developer/Xcode/DerivedData/Wishie-gavmeupfwiyxzhaiqkwzocyeeixy/SourcePackages/checkouts/supabase-swift
    builtin-swiftHeaderTool -arch arm64 /Users/khanghnguyen/Library/Developer/Xcode/DerivedData/Wishie-gavmeupfwiyxzhaiqkwzocyeeixy/Build/Intermediates.noindex/Supabase.build/Debug-iphoneos/Storage.build/Objects-normal/arm64/Storage-Swift.h -o /Users/khanghnguyen/Library/Developer/Xcode/DerivedData/Wishie-gavmeupfwiyxzhaiqkwzocyeeixy/Build/Intermediates.noindex/GeneratedModuleMaps-iphoneos/Storage-Swift.h

Copy /Users/khanghnguyen/Library/Developer/Xcode/DerivedData/Wishie-gavmeupfwiyxzhaiqkwzocyeeixy/Build/Products/Debug-iphoneos/Storage.swiftmodule/arm64-apple-ios.swiftmodule /Users/khanghnguyen/Library/Developer/Xcode/DerivedData/Wishie-gavmeupfwiyxzhaiqkwzocyeeixy/Build/Intermediates.noindex/Supabase.build/Debug-iphoneos/Storage.build/Objects-normal/arm64/Storage.swiftmodule (in target 'Storage' from project 'Supabase')
    cd /Users/khanghnguyen/Library/Developer/Xcode/DerivedData/Wishie-gavmeupfwiyxzhaiqkwzocyeeixy/SourcePackages/checkouts/supabase-swift
    builtin-copy -exclude .DS_Store -exclude CVS -exclude .svn -exclude .git -exclude .hg -resolve-src-symlinks -rename /Users/khanghnguyen/Library/Developer/Xcode/DerivedData/Wishie-gavmeupfwiyxzhaiqkwzocyeeixy/Build/Intermediates.noindex/Supabase.build/Debug-iphoneos/Storage.build/Objects-normal/arm64/Storage.swiftmodule /Users/khanghnguyen/Library/Developer/Xcode/DerivedData/Wishie-gavmeupfwiyxzhaiqkwzocyeeixy/Build/Products/Debug-iphoneos/Storage.swiftmodule/arm64-apple-ios.swiftmodule

Copy /Users/khanghnguyen/Library/Developer/Xcode/DerivedData/Wishie-gavmeupfwiyxzhaiqkwzocyeeixy/Build/Products/Debug-iphoneos/Storage.swiftmodule/arm64-apple-ios.swiftdoc /Users/khanghnguyen/Library/Developer/Xcode/DerivedData/Wishie-gavmeupfwiyxzhaiqkwzocyeeixy/Build/Intermediates.noindex/Supabase.build/Debug-iphoneos/Storage.build/Objects-normal/arm64/Storage.swiftdoc (in target 'Storage' from project 'Supabase')
    cd /Users/khanghnguyen/Library/Developer/Xcode/DerivedData/Wishie-gavmeupfwiyxzhaiqkwzocyeeixy/SourcePackages/checkouts/supabase-swift
    builtin-copy -exclude .DS_Store -exclude CVS -exclude .svn -exclude .git -exclude .hg -resolve-src-symlinks -rename /Users/khanghnguyen/Library/Developer/Xcode/DerivedData/Wishie-gavmeupfwiyxzhaiqkwzocyeeixy/Build/Intermediates.noindex/Supabase.build/Debug-iphoneos/Storage.build/Objects-normal/arm64/Storage.swiftdoc /Users/khanghnguyen/Library/Developer/Xcode/DerivedData/Wishie-gavmeupfwiyxzhaiqkwzocyeeixy/Build/Products/Debug-iphoneos/Storage.swiftmodule/arm64-apple-ios.swiftdoc

SwiftDriverJobDiscovery normal arm64 Emitting module for PostgREST (in target 'PostgREST' from project 'Supabase')

Copy /Users/khanghnguyen/Library/Developer/Xcode/DerivedData/Wishie-gavmeupfwiyxzhaiqkwzocyeeixy/Build/Products/Debug-iphoneos/Storage.swiftmodule/arm64-apple-ios.abi.json /Users/khanghnguyen/Library/Developer/Xcode/DerivedData/Wishie-gavmeupfwiyxzhaiqkwzocyeeixy/Build/Intermediates.noindex/Supabase.build/Debug-iphoneos/Storage.build/Objects-normal/arm64/Storage.abi.json (in target 'Storage' from project 'Supabase')
    cd /Users/khanghnguyen/Library/Developer/Xcode/DerivedData/Wishie-gavmeupfwiyxzhaiqkwzocyeeixy/SourcePackages/checkouts/supabase-swift
    builtin-copy -exclude .DS_Store -exclude CVS -exclude .svn -exclude .git -exclude .hg -resolve-src-symlinks -rename /Users/khanghnguyen/Library/Developer/Xcode/DerivedData/Wishie-gavmeupfwiyxzhaiqkwzocyeeixy/Build/Intermediates.noindex/Supabase.build/Debug-iphoneos/Storage.build/Objects-normal/arm64/Storage.abi.json /Users/khanghnguyen/Library/Developer/Xcode/DerivedData/Wishie-gavmeupfwiyxzhaiqkwzocyeeixy/Build/Products/Debug-iphoneos/Storage.swiftmodule/arm64-apple-ios.abi.json

Copy /Users/khanghnguyen/Library/Developer/Xcode/DerivedData/Wishie-gavmeupfwiyxzhaiqkwzocyeeixy/Build/Products/Debug-iphoneos/Storage.swiftmodule/Project/arm64-apple-ios.swiftsourceinfo /Users/khanghnguyen/Library/Developer/Xcode/DerivedData/Wishie-gavmeupfwiyxzhaiqkwzocyeeixy/Build/Intermediates.noindex/Supabase.build/Debug-iphoneos/Storage.build/Objects-normal/arm64/Storage.swiftsourceinfo (in target 'Storage' from project 'Supabase')
    cd /Users/khanghnguyen/Library/Developer/Xcode/DerivedData/Wishie-gavmeupfwiyxzhaiqkwzocyeeixy/SourcePackages/checkouts/supabase-swift
    builtin-copy -exclude .DS_Store -exclude CVS -exclude .svn -exclude .git -exclude .hg -resolve-src-symlinks -rename /Users/khanghnguyen/Library/Developer/Xcode/DerivedData/Wishie-gavmeupfwiyxzhaiqkwzocyeeixy/Build/Intermediates.noindex/Supabase.build/Debug-iphoneos/Storage.build/Objects-normal/arm64/Storage.swiftsourceinfo /Users/khanghnguyen/Library/Developer/Xcode/DerivedData/Wishie-gavmeupfwiyxzhaiqkwzocyeeixy/Build/Products/Debug-iphoneos/Storage.swiftmodule/Project/arm64-apple-ios.swiftsourceinfo

SwiftDriver\ Compilation\ Requirements PostgREST normal arm64 com.apple.xcode.tools.swift.compiler (in target 'PostgREST' from project 'Supabase')
    cd /Users/khanghnguyen/Downloads/Wishie/Wishie.xcodeproj
    builtin-Swift-Compilation-Requirements -- /Applications/Xcode.app/Contents/Developer/Toolchains/XcodeDefault.xctoolchain/usr/bin/swiftc -module-name PostgREST -Onone -enforce-exclusivity\=checked @/Users/khanghnguyen/Library/Developer/Xcode/DerivedData/Wishie-gavmeupfwiyxzhaiqkwzocyeeixy/Build/Intermediates.noindex/Supabase.build/Debug-iphoneos/PostgREST.build/Objects-normal/arm64/PostgREST.SwiftFileList -DSWIFT_PACKAGE -DDEBUG -DSWIFT_MODULE_RESOURCE_BUNDLE_UNAVAILABLE -DXcode -enable-upcoming-feature ExistentialAny -enable-experimental-feature StrictConcurrency -plugin-path /Applications/Xcode.app/Contents/Developer/Toolchains/XcodeDefault.xctoolchain/usr/lib/swift/host/plugins/testing -enable-experimental-feature DebugDescriptionMacro -sdk /Applications/Xcode.app/Contents/Developer/Platforms/iPhoneOS.platform/Developer/SDKs/iPhoneOS26.2.sdk -target arm64-apple-ios13.0 -g -module-cache-path /Users/khanghnguyen/Library/Developer/Xcode/DerivedData/ModuleCache.noindex -Xfrontend -serialize-debugging-options -profile-coverage-mapping -profile-generate -enable-testing -suppress-warnings -index-store-path /Users/khanghnguyen/Library/Developer/Xcode/DerivedData/Wishie-gavmeupfwiyxzhaiqkwzocyeeixy/Index.noindex/DataStore -Xcc -D_LIBCPP_HARDENING_MODE\=_LIBCPP_HARDENING_MODE_DEBUG -swift-version 5 -I /Users/khanghnguyen/Library/Developer/Xcode/DerivedData/Wishie-gavmeupfwiyxzhaiqkwzocyeeixy/Build/Products/Debug-iphoneos -Isystem /Applications/Xcode.app/Contents/Developer/Platforms/iPhoneOS.platform/Developer/usr/lib -F /Users/khanghnguyen/Library/Developer/Xcode/DerivedData/Wishie-gavmeupfwiyxzhaiqkwzocyeeixy/Build/Products/Debug-iphoneos/PackageFrameworks -F /Users/khanghnguyen/Library/Developer/Xcode/DerivedData/Wishie-gavmeupfwiyxzhaiqkwzocyeeixy/Build/Products/Debug-iphoneos/PackageFrameworks -F /Users/khanghnguyen/Library/Developer/Xcode/DerivedData/Wishie-gavmeupfwiyxzhaiqkwzocyeeixy/Build/Products/Debug-iphoneos/PackageFrameworks -F /Users/khanghnguyen/Library/Developer/Xcode/DerivedData/Wishie-gavmeupfwiyxzhaiqkwzocyeeixy/Build/Products/Debug-iphoneos/PackageFrameworks -F /Users/khanghnguyen/Library/Developer/Xcode/DerivedData/Wishie-gavmeupfwiyxzhaiqkwzocyeeixy/Build/Products/Debug-iphoneos/PackageFrameworks -F /Users/khanghnguyen/Library/Developer/Xcode/DerivedData/Wishie-gavmeupfwiyxzhaiqkwzocyeeixy/Build/Products/Debug-iphoneos/PackageFrameworks -F /Users/khanghnguyen/Library/Developer/Xcode/DerivedData/Wishie-gavmeupfwiyxzhaiqkwzocyeeixy/Build/Products/Debug-iphoneos/PackageFrameworks -F /Users/khanghnguyen/Library/Developer/Xcode/DerivedData/Wishie-gavmeupfwiyxzhaiqkwzocyeeixy/Build/Products/Debug-iphoneos -F /Applications/Xcode.app/Contents/Developer/Platforms/iPhoneOS.platform/Developer/Library/Frameworks -F /Applications/Xcode.app/Contents/Developer/Platforms/iPhoneOS.platform/Developer/SDKs/iPhoneOS26.2.sdk/Developer/Library/Frameworks -c -j8 -enable-batch-mode -incremental -Xcc -ivfsstatcache -Xcc /Users/khanghnguyen/Library/Developer/Xcode/DerivedData/SDKStatCaches.noindex/iphoneos26.2-23C57-3794476bd08197c3e2abd9bb477ef7f7.sdkstatcache -output-file-map /Users/khanghnguyen/Library/Developer/Xcode/DerivedData/Wishie-gavmeupfwiyxzhaiqkwzocyeeixy/Build/Intermediates.noindex/Supabase.build/Debug-iphoneos/PostgREST.build/Objects-normal/arm64/PostgREST-OutputFileMap.json -use-frontend-parseable-output -save-temps -no-color-diagnostics -explicit-module-build -module-cache-path /Users/khanghnguyen/Library/Developer/Xcode/DerivedData/Wishie-gavmeupfwiyxzhaiqkwzocyeeixy/Build/Intermediates.noindex/SwiftExplicitPrecompiledModules -clang-scanner-module-cache-path /Users/khanghnguyen/Library/Developer/Xcode/DerivedData/ModuleCache.noindex -sdk-module-cache-path /Users/khanghnguyen/Library/Developer/Xcode/DerivedData/ModuleCache.noindex -serialize-diagnostics -emit-dependencies -emit-module -emit-module-path /Users/khanghnguyen/Library/Developer/Xcode/DerivedData/Wishie-gavmeupfwiyxzhaiqkwzocyeeixy/Build/Intermediates.noindex/Supabase.build/Debug-iphoneos/PostgREST.build/Objects-normal/arm64/PostgREST.swiftmodule -validate-clang-modules-once -clang-build-session-file /Users/khanghnguyen/Library/Developer/Xcode/DerivedData/ModuleCache.noindex/Session.modulevalidation -package-name supabase_swift -Xcc -I/Users/khanghnguyen/Library/Developer/Xcode/DerivedData/Wishie-gavmeupfwiyxzhaiqkwzocyeeixy/Build/Intermediates.noindex/Supabase.build/Debug-iphoneos/PostgREST.build/swift-overrides.hmap -emit-const-values -Xfrontend -const-gather-protocols-file -Xfrontend /Users/khanghnguyen/Library/Developer/Xcode/DerivedData/Wishie-gavmeupfwiyxzhaiqkwzocyeeixy/Build/Intermediates.noindex/Supabase.build/Debug-iphoneos/PostgREST.build/Objects-normal/arm64/PostgREST_const_extract_protocols.json -Xcc -I/Users/khanghnguyen/Library/Developer/Xcode/DerivedData/Wishie-gavmeupfwiyxzhaiqkwzocyeeixy/Build/Products/Debug-iphoneos/include -Xcc -I/Users/khanghnguyen/Library/Developer/Xcode/DerivedData/Wishie-gavmeupfwiyxzhaiqkwzocyeeixy/Build/Intermediates.noindex/Supabase.build/Debug-iphoneos/PostgREST.build/DerivedSources-normal/arm64 -Xcc -I/Users/khanghnguyen/Library/Developer/Xcode/DerivedData/Wishie-gavmeupfwiyxzhaiqkwzocyeeixy/Build/Intermediates.noindex/Supabase.build/Debug-iphoneos/PostgREST.build/DerivedSources/arm64 -Xcc -I/Users/khanghnguyen/Library/Developer/Xcode/DerivedData/Wishie-gavmeupfwiyxzhaiqkwzocyeeixy/Build/Intermediates.noindex/Supabase.build/Debug-iphoneos/PostgREST.build/DerivedSources -Xcc -DSWIFT_PACKAGE -Xcc -DDEBUG\=1 -emit-objc-header -emit-objc-header-path /Users/khanghnguyen/Library/Developer/Xcode/DerivedData/Wishie-gavmeupfwiyxzhaiqkwzocyeeixy/Build/Intermediates.noindex/Supabase.build/Debug-iphoneos/PostgREST.build/Objects-normal/arm64/PostgREST-Swift.h -working-directory /Users/khanghnguyen/Downloads/Wishie/Wishie.xcodeproj -experimental-emit-module-separately -disable-cmo

SwiftMergeGeneratedHeaders /Users/khanghnguyen/Library/Developer/Xcode/DerivedData/Wishie-gavmeupfwiyxzhaiqkwzocyeeixy/Build/Intermediates.noindex/GeneratedModuleMaps-iphoneos/Functions-Swift.h /Users/khanghnguyen/Library/Developer/Xcode/DerivedData/Wishie-gavmeupfwiyxzhaiqkwzocyeeixy/Build/Intermediates.noindex/Supabase.build/Debug-iphoneos/Functions.build/Objects-normal/arm64/Functions-Swift.h (in target 'Functions' from project 'Supabase')
    cd /Users/khanghnguyen/Library/Developer/Xcode/DerivedData/Wishie-gavmeupfwiyxzhaiqkwzocyeeixy/SourcePackages/checkouts/supabase-swift
    builtin-swiftHeaderTool -arch arm64 /Users/khanghnguyen/Library/Developer/Xcode/DerivedData/Wishie-gavmeupfwiyxzhaiqkwzocyeeixy/Build/Intermediates.noindex/Supabase.build/Debug-iphoneos/Functions.build/Objects-normal/arm64/Functions-Swift.h -o /Users/khanghnguyen/Library/Developer/Xcode/DerivedData/Wishie-gavmeupfwiyxzhaiqkwzocyeeixy/Build/Intermediates.noindex/GeneratedModuleMaps-iphoneos/Functions-Swift.h

SwiftMergeGeneratedHeaders /Users/khanghnguyen/Library/Developer/Xcode/DerivedData/Wishie-gavmeupfwiyxzhaiqkwzocyeeixy/Build/Intermediates.noindex/GeneratedModuleMaps-iphoneos/PostgREST-Swift.h /Users/khanghnguyen/Library/Developer/Xcode/DerivedData/Wishie-gavmeupfwiyxzhaiqkwzocyeeixy/Build/Intermediates.noindex/Supabase.build/Debug-iphoneos/PostgREST.build/Objects-normal/arm64/PostgREST-Swift.h (in target 'PostgREST' from project 'Supabase')
    cd /Users/khanghnguyen/Library/Developer/Xcode/DerivedData/Wishie-gavmeupfwiyxzhaiqkwzocyeeixy/SourcePackages/checkouts/supabase-swift
    builtin-swiftHeaderTool -arch arm64 /Users/khanghnguyen/Library/Developer/Xcode/DerivedData/Wishie-gavmeupfwiyxzhaiqkwzocyeeixy/Build/Intermediates.noindex/Supabase.build/Debug-iphoneos/PostgREST.build/Objects-normal/arm64/PostgREST-Swift.h -o /Users/khanghnguyen/Library/Developer/Xcode/DerivedData/Wishie-gavmeupfwiyxzhaiqkwzocyeeixy/Build/Intermediates.noindex/GeneratedModuleMaps-iphoneos/PostgREST-Swift.h

Copy /Users/khanghnguyen/Library/Developer/Xcode/DerivedData/Wishie-gavmeupfwiyxzhaiqkwzocyeeixy/Build/Products/Debug-iphoneos/PostgREST.swiftmodule/arm64-apple-ios.swiftmodule /Users/khanghnguyen/Library/Developer/Xcode/DerivedData/Wishie-gavmeupfwiyxzhaiqkwzocyeeixy/Build/Intermediates.noindex/Supabase.build/Debug-iphoneos/PostgREST.build/Objects-normal/arm64/PostgREST.swiftmodule (in target 'PostgREST' from project 'Supabase')
    cd /Users/khanghnguyen/Library/Developer/Xcode/DerivedData/Wishie-gavmeupfwiyxzhaiqkwzocyeeixy/SourcePackages/checkouts/supabase-swift
    builtin-copy -exclude .DS_Store -exclude CVS -exclude .svn -exclude .git -exclude .hg -resolve-src-symlinks -rename /Users/khanghnguyen/Library/Developer/Xcode/DerivedData/Wishie-gavmeupfwiyxzhaiqkwzocyeeixy/Build/Intermediates.noindex/Supabase.build/Debug-iphoneos/PostgREST.build/Objects-normal/arm64/PostgREST.swiftmodule /Users/khanghnguyen/Library/Developer/Xcode/DerivedData/Wishie-gavmeupfwiyxzhaiqkwzocyeeixy/Build/Products/Debug-iphoneos/PostgREST.swiftmodule/arm64-apple-ios.swiftmodule

Copy /Users/khanghnguyen/Library/Developer/Xcode/DerivedData/Wishie-gavmeupfwiyxzhaiqkwzocyeeixy/Build/Products/Debug-iphoneos/PostgREST.swiftmodule/arm64-apple-ios.swiftdoc /Users/khanghnguyen/Library/Developer/Xcode/DerivedData/Wishie-gavmeupfwiyxzhaiqkwzocyeeixy/Build/Intermediates.noindex/Supabase.build/Debug-iphoneos/PostgREST.build/Objects-normal/arm64/PostgREST.swiftdoc (in target 'PostgREST' from project 'Supabase')
    cd /Users/khanghnguyen/Library/Developer/Xcode/DerivedData/Wishie-gavmeupfwiyxzhaiqkwzocyeeixy/SourcePackages/checkouts/supabase-swift
    builtin-copy -exclude .DS_Store -exclude CVS -exclude .svn -exclude .git -exclude .hg -resolve-src-symlinks -rename /Users/khanghnguyen/Library/Developer/Xcode/DerivedData/Wishie-gavmeupfwiyxzhaiqkwzocyeeixy/Build/Intermediates.noindex/Supabase.build/Debug-iphoneos/PostgREST.build/Objects-normal/arm64/PostgREST.swiftdoc /Users/khanghnguyen/Library/Developer/Xcode/DerivedData/Wishie-gavmeupfwiyxzhaiqkwzocyeeixy/Build/Products/Debug-iphoneos/PostgREST.swiftmodule/arm64-apple-ios.swiftdoc

Copy /Users/khanghnguyen/Library/Developer/Xcode/DerivedData/Wishie-gavmeupfwiyxzhaiqkwzocyeeixy/Build/Products/Debug-iphoneos/PostgREST.swiftmodule/arm64-apple-ios.abi.json /Users/khanghnguyen/Library/Developer/Xcode/DerivedData/Wishie-gavmeupfwiyxzhaiqkwzocyeeixy/Build/Intermediates.noindex/Supabase.build/Debug-iphoneos/PostgREST.build/Objects-normal/arm64/PostgREST.abi.json (in target 'PostgREST' from project 'Supabase')
    cd /Users/khanghnguyen/Library/Developer/Xcode/DerivedData/Wishie-gavmeupfwiyxzhaiqkwzocyeeixy/SourcePackages/checkouts/supabase-swift
    builtin-copy -exclude .DS_Store -exclude CVS -exclude .svn -exclude .git -exclude .hg -resolve-src-symlinks -rename /Users/khanghnguyen/Library/Developer/Xcode/DerivedData/Wishie-gavmeupfwiyxzhaiqkwzocyeeixy/Build/Intermediates.noindex/Supabase.build/Debug-iphoneos/PostgREST.build/Objects-normal/arm64/PostgREST.abi.json /Users/khanghnguyen/Library/Developer/Xcode/DerivedData/Wishie-gavmeupfwiyxzhaiqkwzocyeeixy/Build/Products/Debug-iphoneos/PostgREST.swiftmodule/arm64-apple-ios.abi.json

Copy /Users/khanghnguyen/Library/Developer/Xcode/DerivedData/Wishie-gavmeupfwiyxzhaiqkwzocyeeixy/Build/Products/Debug-iphoneos/PostgREST.swiftmodule/Project/arm64-apple-ios.swiftsourceinfo /Users/khanghnguyen/Library/Developer/Xcode/DerivedData/Wishie-gavmeupfwiyxzhaiqkwzocyeeixy/Build/Intermediates.noindex/Supabase.build/Debug-iphoneos/PostgREST.build/Objects-normal/arm64/PostgREST.swiftsourceinfo (in target 'PostgREST' from project 'Supabase')
    cd /Users/khanghnguyen/Library/Developer/Xcode/DerivedData/Wishie-gavmeupfwiyxzhaiqkwzocyeeixy/SourcePackages/checkouts/supabase-swift
    builtin-copy -exclude .DS_Store -exclude CVS -exclude .svn -exclude .git -exclude .hg -resolve-src-symlinks -rename /Users/khanghnguyen/Library/Developer/Xcode/DerivedData/Wishie-gavmeupfwiyxzhaiqkwzocyeeixy/Build/Intermediates.noindex/Supabase.build/Debug-iphoneos/PostgREST.build/Objects-normal/arm64/PostgREST.swiftsourceinfo /Users/khanghnguyen/Library/Developer/Xcode/DerivedData/Wishie-gavmeupfwiyxzhaiqkwzocyeeixy/Build/Products/Debug-iphoneos/PostgREST.swiftmodule/Project/arm64-apple-ios.swiftsourceinfo

Copy /Users/khanghnguyen/Library/Developer/Xcode/DerivedData/Wishie-gavmeupfwiyxzhaiqkwzocyeeixy/Build/Products/Debug-iphoneos/Functions.swiftmodule/arm64-apple-ios.swiftmodule /Users/khanghnguyen/Library/Developer/Xcode/DerivedData/Wishie-gavmeupfwiyxzhaiqkwzocyeeixy/Build/Intermediates.noindex/Supabase.build/Debug-iphoneos/Functions.build/Objects-normal/arm64/Functions.swiftmodule (in target 'Functions' from project 'Supabase')
    cd /Users/khanghnguyen/Library/Developer/Xcode/DerivedData/Wishie-gavmeupfwiyxzhaiqkwzocyeeixy/SourcePackages/checkouts/supabase-swift
    builtin-copy -exclude .DS_Store -exclude CVS -exclude .svn -exclude .git -exclude .hg -resolve-src-symlinks -rename /Users/khanghnguyen/Library/Developer/Xcode/DerivedData/Wishie-gavmeupfwiyxzhaiqkwzocyeeixy/Build/Intermediates.noindex/Supabase.build/Debug-iphoneos/Functions.build/Objects-normal/arm64/Functions.swiftmodule /Users/khanghnguyen/Library/Developer/Xcode/DerivedData/Wishie-gavmeupfwiyxzhaiqkwzocyeeixy/Build/Products/Debug-iphoneos/Functions.swiftmodule/arm64-apple-ios.swiftmodule

Copy /Users/khanghnguyen/Library/Developer/Xcode/DerivedData/Wishie-gavmeupfwiyxzhaiqkwzocyeeixy/Build/Products/Debug-iphoneos/Functions.swiftmodule/arm64-apple-ios.swiftdoc /Users/khanghnguyen/Library/Developer/Xcode/DerivedData/Wishie-gavmeupfwiyxzhaiqkwzocyeeixy/Build/Intermediates.noindex/Supabase.build/Debug-iphoneos/Functions.build/Objects-normal/arm64/Functions.swiftdoc (in target 'Functions' from project 'Supabase')
    cd /Users/khanghnguyen/Library/Developer/Xcode/DerivedData/Wishie-gavmeupfwiyxzhaiqkwzocyeeixy/SourcePackages/checkouts/supabase-swift
    builtin-copy -exclude .DS_Store -exclude CVS -exclude .svn -exclude .git -exclude .hg -resolve-src-symlinks -rename /Users/khanghnguyen/Library/Developer/Xcode/DerivedData/Wishie-gavmeupfwiyxzhaiqkwzocyeeixy/Build/Intermediates.noindex/Supabase.build/Debug-iphoneos/Functions.build/Objects-normal/arm64/Functions.swiftdoc /Users/khanghnguyen/Library/Developer/Xcode/DerivedData/Wishie-gavmeupfwiyxzhaiqkwzocyeeixy/Build/Products/Debug-iphoneos/Functions.swiftmodule/arm64-apple-ios.swiftdoc

Copy /Users/khanghnguyen/Library/Developer/Xcode/DerivedData/Wishie-gavmeupfwiyxzhaiqkwzocyeeixy/Build/Products/Debug-iphoneos/Functions.swiftmodule/arm64-apple-ios.abi.json /Users/khanghnguyen/Library/Developer/Xcode/DerivedData/Wishie-gavmeupfwiyxzhaiqkwzocyeeixy/Build/Intermediates.noindex/Supabase.build/Debug-iphoneos/Functions.build/Objects-normal/arm64/Functions.abi.json (in target 'Functions' from project 'Supabase')
    cd /Users/khanghnguyen/Library/Developer/Xcode/DerivedData/Wishie-gavmeupfwiyxzhaiqkwzocyeeixy/SourcePackages/checkouts/supabase-swift
    builtin-copy -exclude .DS_Store -exclude CVS -exclude .svn -exclude .git -exclude .hg -resolve-src-symlinks -rename /Users/khanghnguyen/Library/Developer/Xcode/DerivedData/Wishie-gavmeupfwiyxzhaiqkwzocyeeixy/Build/Intermediates.noindex/Supabase.build/Debug-iphoneos/Functions.build/Objects-normal/arm64/Functions.abi.json /Users/khanghnguyen/Library/Developer/Xcode/DerivedData/Wishie-gavmeupfwiyxzhaiqkwzocyeeixy/Build/Products/Debug-iphoneos/Functions.swiftmodule/arm64-apple-ios.abi.json

Copy /Users/khanghnguyen/Library/Developer/Xcode/DerivedData/Wishie-gavmeupfwiyxzhaiqkwzocyeeixy/Build/Products/Debug-iphoneos/Functions.swiftmodule/Project/arm64-apple-ios.swiftsourceinfo /Users/khanghnguyen/Library/Developer/Xcode/DerivedData/Wishie-gavmeupfwiyxzhaiqkwzocyeeixy/Build/Intermediates.noindex/Supabase.build/Debug-iphoneos/Functions.build/Objects-normal/arm64/Functions.swiftsourceinfo (in target 'Functions' from project 'Supabase')
    cd /Users/khanghnguyen/Library/Developer/Xcode/DerivedData/Wishie-gavmeupfwiyxzhaiqkwzocyeeixy/SourcePackages/checkouts/supabase-swift
    builtin-copy -exclude .DS_Store -exclude CVS -exclude .svn -exclude .git -exclude .hg -resolve-src-symlinks -rename /Users/khanghnguyen/Library/Developer/Xcode/DerivedData/Wishie-gavmeupfwiyxzhaiqkwzocyeeixy/Build/Intermediates.noindex/Supabase.build/Debug-iphoneos/Functions.build/Objects-normal/arm64/Functions.swiftsourceinfo /Users/khanghnguyen/Library/Developer/Xcode/DerivedData/Wishie-gavmeupfwiyxzhaiqkwzocyeeixy/Build/Products/Debug-iphoneos/Functions.swiftmodule/Project/arm64-apple-ios.swiftsourceinfo

SwiftCompile normal arm64 Compiling\ Deprecated.swift,\ Exports.swift /Users/khanghnguyen/Library/Developer/Xcode/DerivedData/Wishie-gavmeupfwiyxzhaiqkwzocyeeixy/SourcePackages/checkouts/supabase-swift/Sources/Storage/Deprecated.swift /Users/khanghnguyen/Library/Developer/Xcode/DerivedData/Wishie-gavmeupfwiyxzhaiqkwzocyeeixy/SourcePackages/checkouts/supabase-swift/Sources/Storage/Exports.swift (in target 'Storage' from project 'Supabase')

SwiftCompile normal arm64 /Users/khanghnguyen/Library/Developer/Xcode/DerivedData/Wishie-gavmeupfwiyxzhaiqkwzocyeeixy/SourcePackages/checkouts/supabase-swift/Sources/Storage/Deprecated.swift (in target 'Storage' from project 'Supabase')
    cd /Users/khanghnguyen/Downloads/Wishie/Wishie.xcodeproj
    

SwiftCompile normal arm64 /Users/khanghnguyen/Library/Developer/Xcode/DerivedData/Wishie-gavmeupfwiyxzhaiqkwzocyeeixy/SourcePackages/checkouts/supabase-swift/Sources/Storage/Exports.swift (in target 'Storage' from project 'Supabase')
    cd /Users/khanghnguyen/Downloads/Wishie/Wishie.xcodeproj
    

SwiftCompile normal arm64 Compiling\ StorageHTTPClient.swift,\ SupabaseStorage.swift /Users/khanghnguyen/Library/Developer/Xcode/DerivedData/Wishie-gavmeupfwiyxzhaiqkwzocyeeixy/SourcePackages/checkouts/supabase-swift/Sources/Storage/StorageHTTPClient.swift /Users/khanghnguyen/Library/Developer/Xcode/DerivedData/Wishie-gavmeupfwiyxzhaiqkwzocyeeixy/SourcePackages/checkouts/supabase-swift/Sources/Storage/SupabaseStorage.swift (in target 'Storage' from project 'Supabase')

SwiftCompile normal arm64 /Users/khanghnguyen/Library/Developer/Xcode/DerivedData/Wishie-gavmeupfwiyxzhaiqkwzocyeeixy/SourcePackages/checkouts/supabase-swift/Sources/Storage/StorageHTTPClient.swift (in target 'Storage' from project 'Supabase')
    cd /Users/khanghnguyen/Downloads/Wishie/Wishie.xcodeproj
    

SwiftCompile normal arm64 /Users/khanghnguyen/Library/Developer/Xcode/DerivedData/Wishie-gavmeupfwiyxzhaiqkwzocyeeixy/SourcePackages/checkouts/supabase-swift/Sources/Storage/SupabaseStorage.swift (in target 'Storage' from project 'Supabase')
    cd /Users/khanghnguyen/Downloads/Wishie/Wishie.xcodeproj
    

SwiftDriverJobDiscovery normal arm64 Emitting module for Realtime (in target 'Realtime' from project 'Supabase')

SwiftCompile normal arm64 Compiling\ RealtimeChannel.swift,\ RealtimeClient.swift,\ RealtimeMessage.swift,\ TimeoutTimer.swift /Users/khanghnguyen/Library/Developer/Xcode/DerivedData/Wishie-gavmeupfwiyxzhaiqkwzocyeeixy/SourcePackages/checkouts/supabase-swift/Sources/Realtime/Deprecated/RealtimeChannel.swift /Users/khanghnguyen/Library/Developer/Xcode/DerivedData/Wishie-gavmeupfwiyxzhaiqkwzocyeeixy/SourcePackages/checkouts/supabase-swift/Sources/Realtime/Deprecated/RealtimeClient.swift /Users/khanghnguyen/Library/Developer/Xcode/DerivedData/Wishie-gavmeupfwiyxzhaiqkwzocyeeixy/SourcePackages/checkouts/supabase-swift/Sources/Realtime/Deprecated/RealtimeMessage.swift /Users/khanghnguyen/Library/Developer/Xcode/DerivedData/Wishie-gavmeupfwiyxzhaiqkwzocyeeixy/SourcePackages/checkouts/supabase-swift/Sources/Realtime/Deprecated/TimeoutTimer.swift (in target 'Realtime' from project 'Supabase')
SwiftCompile normal arm64 /Users/khanghnguyen/Library/Developer/Xcode/DerivedData/Wishie-gavmeupfwiyxzhaiqkwzocyeeixy/SourcePackages/checkouts/supabase-swift/Sources/Realtime/Deprecated/RealtimeChannel.swift (in target 'Realtime' from project 'Supabase')
    cd /Users/khanghnguyen/Downloads/Wishie/Wishie.xcodeproj
    

SwiftCompile normal arm64 /Users/khanghnguyen/Library/Developer/Xcode/DerivedData/Wishie-gavmeupfwiyxzhaiqkwzocyeeixy/SourcePackages/checkouts/supabase-swift/Sources/Realtime/Deprecated/RealtimeClient.swift (in target 'Realtime' from project 'Supabase')
    cd /Users/khanghnguyen/Downloads/Wishie/Wishie.xcodeproj
    

SwiftCompile normal arm64 /Users/khanghnguyen/Library/Developer/Xcode/DerivedData/Wishie-gavmeupfwiyxzhaiqkwzocyeeixy/SourcePackages/checkouts/supabase-swift/Sources/Realtime/Deprecated/RealtimeMessage.swift (in target 'Realtime' from project 'Supabase')
    cd /Users/khanghnguyen/Downloads/Wishie/Wishie.xcodeproj
    

SwiftCompile normal arm64 /Users/khanghnguyen/Library/Developer/Xcode/DerivedData/Wishie-gavmeupfwiyxzhaiqkwzocyeeixy/SourcePackages/checkouts/supabase-swift/Sources/Realtime/Deprecated/TimeoutTimer.swift (in target 'Realtime' from project 'Supabase')
    cd /Users/khanghnguyen/Downloads/Wishie/Wishie.xcodeproj
    

SwiftDriver\ Compilation\ Requirements Realtime normal arm64 com.apple.xcode.tools.swift.compiler (in target 'Realtime' from project 'Supabase')
    cd /Users/khanghnguyen/Downloads/Wishie/Wishie.xcodeproj
    builtin-Swift-Compilation-Requirements -- /Applications/Xcode.app/Contents/Developer/Toolchains/XcodeDefault.xctoolchain/usr/bin/swiftc -module-name Realtime -Onone -enforce-exclusivity\=checked @/Users/khanghnguyen/Library/Developer/Xcode/DerivedData/Wishie-gavmeupfwiyxzhaiqkwzocyeeixy/Build/Intermediates.noindex/Supabase.build/Debug-iphoneos/Realtime.build/Objects-normal/arm64/Realtime.SwiftFileList -DSWIFT_PACKAGE -DDEBUG -DSWIFT_MODULE_RESOURCE_BUNDLE_UNAVAILABLE -DXcode -enable-upcoming-feature ExistentialAny -enable-experimental-feature StrictConcurrency -plugin-path /Applications/Xcode.app/Contents/Developer/Toolchains/XcodeDefault.xctoolchain/usr/lib/swift/host/plugins/testing -enable-experimental-feature DebugDescriptionMacro -sdk /Applications/Xcode.app/Contents/Developer/Platforms/iPhoneOS.platform/Developer/SDKs/iPhoneOS26.2.sdk -target arm64-apple-ios13.0 -g -module-cache-path /Users/khanghnguyen/Library/Developer/Xcode/DerivedData/ModuleCache.noindex -Xfrontend -serialize-debugging-options -profile-coverage-mapping -profile-generate -enable-testing -suppress-warnings -index-store-path /Users/khanghnguyen/Library/Developer/Xcode/DerivedData/Wishie-gavmeupfwiyxzhaiqkwzocyeeixy/Index.noindex/DataStore -Xcc -D_LIBCPP_HARDENING_MODE\=_LIBCPP_HARDENING_MODE_DEBUG -swift-version 5 -I /Users/khanghnguyen/Library/Developer/Xcode/DerivedData/Wishie-gavmeupfwiyxzhaiqkwzocyeeixy/Build/Products/Debug-iphoneos -Isystem /Applications/Xcode.app/Contents/Developer/Platforms/iPhoneOS.platform/Developer/usr/lib -F /Users/khanghnguyen/Library/Developer/Xcode/DerivedData/Wishie-gavmeupfwiyxzhaiqkwzocyeeixy/Build/Products/Debug-iphoneos/PackageFrameworks -F /Users/khanghnguyen/Library/Developer/Xcode/DerivedData/Wishie-gavmeupfwiyxzhaiqkwzocyeeixy/Build/Products/Debug-iphoneos/PackageFrameworks -F /Users/khanghnguyen/Library/Developer/Xcode/DerivedData/Wishie-gavmeupfwiyxzhaiqkwzocyeeixy/Build/Products/Debug-iphoneos/PackageFrameworks -F /Users/khanghnguyen/Library/Developer/Xcode/DerivedData/Wishie-gavmeupfwiyxzhaiqkwzocyeeixy/Build/Products/Debug-iphoneos/PackageFrameworks -F /Users/khanghnguyen/Library/Developer/Xcode/DerivedData/Wishie-gavmeupfwiyxzhaiqkwzocyeeixy/Build/Products/Debug-iphoneos/PackageFrameworks -F /Users/khanghnguyen/Library/Developer/Xcode/DerivedData/Wishie-gavmeupfwiyxzhaiqkwzocyeeixy/Build/Products/Debug-iphoneos/PackageFrameworks -F /Users/khanghnguyen/Library/Developer/Xcode/DerivedData/Wishie-gavmeupfwiyxzhaiqkwzocyeeixy/Build/Products/Debug-iphoneos/PackageFrameworks -F /Users/khanghnguyen/Library/Developer/Xcode/DerivedData/Wishie-gavmeupfwiyxzhaiqkwzocyeeixy/Build/Products/Debug-iphoneos -F /Applications/Xcode.app/Contents/Developer/Platforms/iPhoneOS.platform/Developer/Library/Frameworks -F /Applications/Xcode.app/Contents/Developer/Platforms/iPhoneOS.platform/Developer/SDKs/iPhoneOS26.2.sdk/Developer/Library/Frameworks -c -j8 -enable-batch-mode -incremental -Xcc -ivfsstatcache -Xcc /Users/khanghnguyen/Library/Developer/Xcode/DerivedData/SDKStatCaches.noindex/iphoneos26.2-23C57-3794476bd08197c3e2abd9bb477ef7f7.sdkstatcache -output-file-map /Users/khanghnguyen/Library/Developer/Xcode/DerivedData/Wishie-gavmeupfwiyxzhaiqkwzocyeeixy/Build/Intermediates.noindex/Supabase.build/Debug-iphoneos/Realtime.build/Objects-normal/arm64/Realtime-OutputFileMap.json -use-frontend-parseable-output -save-temps -no-color-diagnostics -explicit-module-build -module-cache-path /Users/khanghnguyen/Library/Developer/Xcode/DerivedData/Wishie-gavmeupfwiyxzhaiqkwzocyeeixy/Build/Intermediates.noindex/SwiftExplicitPrecompiledModules -clang-scanner-module-cache-path /Users/khanghnguyen/Library/Developer/Xcode/DerivedData/ModuleCache.noindex -sdk-module-cache-path /Users/khanghnguyen/Library/Developer/Xcode/DerivedData/ModuleCache.noindex -serialize-diagnostics -emit-dependencies -emit-module -emit-module-path /Users/khanghnguyen/Library/Developer/Xcode/DerivedData/Wishie-gavmeupfwiyxzhaiqkwzocyeeixy/Build/Intermediates.noindex/Supabase.build/Debug-iphoneos/Realtime.build/Objects-normal/arm64/Realtime.swiftmodule -validate-clang-modules-once -clang-build-session-file /Users/khanghnguyen/Library/Developer/Xcode/DerivedData/ModuleCache.noindex/Session.modulevalidation -package-name supabase_swift -Xcc -I/Users/khanghnguyen/Library/Developer/Xcode/DerivedData/Wishie-gavmeupfwiyxzhaiqkwzocyeeixy/Build/Intermediates.noindex/Supabase.build/Debug-iphoneos/Realtime.build/swift-overrides.hmap -emit-const-values -Xfrontend -const-gather-protocols-file -Xfrontend /Users/khanghnguyen/Library/Developer/Xcode/DerivedData/Wishie-gavmeupfwiyxzhaiqkwzocyeeixy/Build/Intermediates.noindex/Supabase.build/Debug-iphoneos/Realtime.build/Objects-normal/arm64/Realtime_const_extract_protocols.json -Xcc -I/Users/khanghnguyen/Library/Developer/Xcode/DerivedData/Wishie-gavmeupfwiyxzhaiqkwzocyeeixy/Build/Products/Debug-iphoneos/include -Xcc -I/Users/khanghnguyen/Library/Developer/Xcode/DerivedData/Wishie-gavmeupfwiyxzhaiqkwzocyeeixy/Build/Intermediates.noindex/Supabase.build/Debug-iphoneos/Realtime.build/DerivedSources-normal/arm64 -Xcc -I/Users/khanghnguyen/Library/Developer/Xcode/DerivedData/Wishie-gavmeupfwiyxzhaiqkwzocyeeixy/Build/Intermediates.noindex/Supabase.build/Debug-iphoneos/Realtime.build/DerivedSources/arm64 -Xcc -I/Users/khanghnguyen/Library/Developer/Xcode/DerivedData/Wishie-gavmeupfwiyxzhaiqkwzocyeeixy/Build/Intermediates.noindex/Supabase.build/Debug-iphoneos/Realtime.build/DerivedSources -Xcc -DSWIFT_PACKAGE -Xcc -DDEBUG\=1 -emit-objc-header -emit-objc-header-path /Users/khanghnguyen/Library/Developer/Xcode/DerivedData/Wishie-gavmeupfwiyxzhaiqkwzocyeeixy/Build/Intermediates.noindex/Supabase.build/Debug-iphoneos/Realtime.build/Objects-normal/arm64/Realtime-Swift.h -working-directory /Users/khanghnguyen/Downloads/Wishie/Wishie.xcodeproj -experimental-emit-module-separately -disable-cmo

SwiftDriverJobDiscovery normal arm64 Compiling Types.swift (in target 'Storage' from project 'Supabase')

SwiftMergeGeneratedHeaders /Users/khanghnguyen/Library/Developer/Xcode/DerivedData/Wishie-gavmeupfwiyxzhaiqkwzocyeeixy/Build/Intermediates.noindex/GeneratedModuleMaps-iphoneos/Realtime-Swift.h /Users/khanghnguyen/Library/Developer/Xcode/DerivedData/Wishie-gavmeupfwiyxzhaiqkwzocyeeixy/Build/Intermediates.noindex/Supabase.build/Debug-iphoneos/Realtime.build/Objects-normal/arm64/Realtime-Swift.h (in target 'Realtime' from project 'Supabase')
    cd /Users/khanghnguyen/Library/Developer/Xcode/DerivedData/Wishie-gavmeupfwiyxzhaiqkwzocyeeixy/SourcePackages/checkouts/supabase-swift
    builtin-swiftHeaderTool -arch arm64 /Users/khanghnguyen/Library/Developer/Xcode/DerivedData/Wishie-gavmeupfwiyxzhaiqkwzocyeeixy/Build/Intermediates.noindex/Supabase.build/Debug-iphoneos/Realtime.build/Objects-normal/arm64/Realtime-Swift.h -o /Users/khanghnguyen/Library/Developer/Xcode/DerivedData/Wishie-gavmeupfwiyxzhaiqkwzocyeeixy/Build/Intermediates.noindex/GeneratedModuleMaps-iphoneos/Realtime-Swift.h

Copy /Users/khanghnguyen/Library/Developer/Xcode/DerivedData/Wishie-gavmeupfwiyxzhaiqkwzocyeeixy/Build/Products/Debug-iphoneos/Realtime.swiftmodule/arm64-apple-ios.swiftmodule /Users/khanghnguyen/Library/Developer/Xcode/DerivedData/Wishie-gavmeupfwiyxzhaiqkwzocyeeixy/Build/Intermediates.noindex/Supabase.build/Debug-iphoneos/Realtime.build/Objects-normal/arm64/Realtime.swiftmodule (in target 'Realtime' from project 'Supabase')
    cd /Users/khanghnguyen/Library/Developer/Xcode/DerivedData/Wishie-gavmeupfwiyxzhaiqkwzocyeeixy/SourcePackages/checkouts/supabase-swift
    builtin-copy -exclude .DS_Store -exclude CVS -exclude .svn -exclude .git -exclude .hg -resolve-src-symlinks -rename /Users/khanghnguyen/Library/Developer/Xcode/DerivedData/Wishie-gavmeupfwiyxzhaiqkwzocyeeixy/Build/Intermediates.noindex/Supabase.build/Debug-iphoneos/Realtime.build/Objects-normal/arm64/Realtime.swiftmodule /Users/khanghnguyen/Library/Developer/Xcode/DerivedData/Wishie-gavmeupfwiyxzhaiqkwzocyeeixy/Build/Products/Debug-iphoneos/Realtime.swiftmodule/arm64-apple-ios.swiftmodule

Copy /Users/khanghnguyen/Library/Developer/Xcode/DerivedData/Wishie-gavmeupfwiyxzhaiqkwzocyeeixy/Build/Products/Debug-iphoneos/Realtime.swiftmodule/arm64-apple-ios.swiftdoc /Users/khanghnguyen/Library/Developer/Xcode/DerivedData/Wishie-gavmeupfwiyxzhaiqkwzocyeeixy/Build/Intermediates.noindex/Supabase.build/Debug-iphoneos/Realtime.build/Objects-normal/arm64/Realtime.swiftdoc (in target 'Realtime' from project 'Supabase')
    cd /Users/khanghnguyen/Library/Developer/Xcode/DerivedData/Wishie-gavmeupfwiyxzhaiqkwzocyeeixy/SourcePackages/checkouts/supabase-swift
    builtin-copy -exclude .DS_Store -exclude CVS -exclude .svn -exclude .git -exclude .hg -resolve-src-symlinks -rename /Users/khanghnguyen/Library/Developer/Xcode/DerivedData/Wishie-gavmeupfwiyxzhaiqkwzocyeeixy/Build/Intermediates.noindex/Supabase.build/Debug-iphoneos/Realtime.build/Objects-normal/arm64/Realtime.swiftdoc /Users/khanghnguyen/Library/Developer/Xcode/DerivedData/Wishie-gavmeupfwiyxzhaiqkwzocyeeixy/Build/Products/Debug-iphoneos/Realtime.swiftmodule/arm64-apple-ios.swiftdoc

Copy /Users/khanghnguyen/Library/Developer/Xcode/DerivedData/Wishie-gavmeupfwiyxzhaiqkwzocyeeixy/Build/Products/Debug-iphoneos/Realtime.swiftmodule/arm64-apple-ios.abi.json /Users/khanghnguyen/Library/Developer/Xcode/DerivedData/Wishie-gavmeupfwiyxzhaiqkwzocyeeixy/Build/Intermediates.noindex/Supabase.build/Debug-iphoneos/Realtime.build/Objects-normal/arm64/Realtime.abi.json (in target 'Realtime' from project 'Supabase')
    cd /Users/khanghnguyen/Library/Developer/Xcode/DerivedData/Wishie-gavmeupfwiyxzhaiqkwzocyeeixy/SourcePackages/checkouts/supabase-swift
    builtin-copy -exclude .DS_Store -exclude CVS -exclude .svn -exclude .git -exclude .hg -resolve-src-symlinks -rename /Users/khanghnguyen/Library/Developer/Xcode/DerivedData/Wishie-gavmeupfwiyxzhaiqkwzocyeeixy/Build/Intermediates.noindex/Supabase.build/Debug-iphoneos/Realtime.build/Objects-normal/arm64/Realtime.abi.json /Users/khanghnguyen/Library/Developer/Xcode/DerivedData/Wishie-gavmeupfwiyxzhaiqkwzocyeeixy/Build/Products/Debug-iphoneos/Realtime.swiftmodule/arm64-apple-ios.abi.json

Copy /Users/khanghnguyen/Library/Developer/Xcode/DerivedData/Wishie-gavmeupfwiyxzhaiqkwzocyeeixy/Build/Products/Debug-iphoneos/Realtime.swiftmodule/Project/arm64-apple-ios.swiftsourceinfo /Users/khanghnguyen/Library/Developer/Xcode/DerivedData/Wishie-gavmeupfwiyxzhaiqkwzocyeeixy/Build/Intermediates.noindex/Supabase.build/Debug-iphoneos/Realtime.build/Objects-normal/arm64/Realtime.swiftsourceinfo (in target 'Realtime' from project 'Supabase')
    cd /Users/khanghnguyen/Library/Developer/Xcode/DerivedData/Wishie-gavmeupfwiyxzhaiqkwzocyeeixy/SourcePackages/checkouts/supabase-swift
    builtin-copy -exclude .DS_Store -exclude CVS -exclude .svn -exclude .git -exclude .hg -resolve-src-symlinks -rename /Users/khanghnguyen/Library/Developer/Xcode/DerivedData/Wishie-gavmeupfwiyxzhaiqkwzocyeeixy/Build/Intermediates.noindex/Supabase.build/Debug-iphoneos/Realtime.build/Objects-normal/arm64/Realtime.swiftsourceinfo /Users/khanghnguyen/Library/Developer/Xcode/DerivedData/Wishie-gavmeupfwiyxzhaiqkwzocyeeixy/Build/Products/Debug-iphoneos/Realtime.swiftmodule/Project/arm64-apple-ios.swiftsourceinfo

SwiftCompile normal arm64 Compiling\ Exports.swift,\ PostgresAction.swift,\ PostgresActionData.swift,\ PresenceAction.swift /Users/khanghnguyen/Library/Developer/Xcode/DerivedData/Wishie-gavmeupfwiyxzhaiqkwzocyeeixy/SourcePackages/checkouts/supabase-swift/Sources/Realtime/Exports.swift /Users/khanghnguyen/Library/Developer/Xcode/DerivedData/Wishie-gavmeupfwiyxzhaiqkwzocyeeixy/SourcePackages/checkouts/supabase-swift/Sources/Realtime/PostgresAction.swift /Users/khanghnguyen/Library/Developer/Xcode/DerivedData/Wishie-gavmeupfwiyxzhaiqkwzocyeeixy/SourcePackages/checkouts/supabase-swift/Sources/Realtime/PostgresActionData.swift /Users/khanghnguyen/Library/Developer/Xcode/DerivedData/Wishie-gavmeupfwiyxzhaiqkwzocyeeixy/SourcePackages/checkouts/supabase-swift/Sources/Realtime/PresenceAction.swift (in target 'Realtime' from project 'Supabase')

SwiftCompile normal arm64 /Users/khanghnguyen/Library/Developer/Xcode/DerivedData/Wishie-gavmeupfwiyxzhaiqkwzocyeeixy/SourcePackages/checkouts/supabase-swift/Sources/Realtime/Exports.swift (in target 'Realtime' from project 'Supabase')
    cd /Users/khanghnguyen/Downloads/Wishie/Wishie.xcodeproj
    

SwiftCompile normal arm64 /Users/khanghnguyen/Library/Developer/Xcode/DerivedData/Wishie-gavmeupfwiyxzhaiqkwzocyeeixy/SourcePackages/checkouts/supabase-swift/Sources/Realtime/PostgresAction.swift (in target 'Realtime' from project 'Supabase')
    cd /Users/khanghnguyen/Downloads/Wishie/Wishie.xcodeproj
    

SwiftCompile normal arm64 /Users/khanghnguyen/Library/Developer/Xcode/DerivedData/Wishie-gavmeupfwiyxzhaiqkwzocyeeixy/SourcePackages/checkouts/supabase-swift/Sources/Realtime/PostgresActionData.swift (in target 'Realtime' from project 'Supabase')
    cd /Users/khanghnguyen/Downloads/Wishie/Wishie.xcodeproj
    

SwiftCompile normal arm64 /Users/khanghnguyen/Library/Developer/Xcode/DerivedData/Wishie-gavmeupfwiyxzhaiqkwzocyeeixy/SourcePackages/checkouts/supabase-swift/Sources/Realtime/PresenceAction.swift (in target 'Realtime' from project 'Supabase')
    cd /Users/khanghnguyen/Downloads/Wishie/Wishie.xcodeproj
    

SwiftCompile normal arm64 Compiling\ CallbackManager.swift,\ Defaults.swift,\ Delegated.swift,\ Deprecated.swift /Users/khanghnguyen/Library/Developer/Xcode/DerivedData/Wishie-gavmeupfwiyxzhaiqkwzocyeeixy/SourcePackages/checkouts/supabase-swift/Sources/Realtime/CallbackManager.swift /Users/khanghnguyen/Library/Developer/Xcode/DerivedData/Wishie-gavmeupfwiyxzhaiqkwzocyeeixy/SourcePackages/checkouts/supabase-swift/Sources/Realtime/Deprecated/Defaults.swift /Users/khanghnguyen/Library/Developer/Xcode/DerivedData/Wishie-gavmeupfwiyxzhaiqkwzocyeeixy/SourcePackages/checkouts/supabase-swift/Sources/Realtime/Deprecated/Delegated.swift /Users/khanghnguyen/Library/Developer/Xcode/DerivedData/Wishie-gavmeupfwiyxzhaiqkwzocyeeixy/SourcePackages/checkouts/supabase-swift/Sources/Realtime/Deprecated/Deprecated.swift (in target 'Realtime' from project 'Supabase')

SwiftCompile normal arm64 /Users/khanghnguyen/Library/Developer/Xcode/DerivedData/Wishie-gavmeupfwiyxzhaiqkwzocyeeixy/SourcePackages/checkouts/supabase-swift/Sources/Realtime/CallbackManager.swift (in target 'Realtime' from project 'Supabase')
    cd /Users/khanghnguyen/Downloads/Wishie/Wishie.xcodeproj
    

SwiftCompile normal arm64 /Users/khanghnguyen/Library/Developer/Xcode/DerivedData/Wishie-gavmeupfwiyxzhaiqkwzocyeeixy/SourcePackages/checkouts/supabase-swift/Sources/Realtime/Deprecated/Defaults.swift (in target 'Realtime' from project 'Supabase')
    cd /Users/khanghnguyen/Downloads/Wishie/Wishie.xcodeproj
    

SwiftCompile normal arm64 /Users/khanghnguyen/Library/Developer/Xcode/DerivedData/Wishie-gavmeupfwiyxzhaiqkwzocyeeixy/SourcePackages/checkouts/supabase-swift/Sources/Realtime/Deprecated/Delegated.swift (in target 'Realtime' from project 'Supabase')
    cd /Users/khanghnguyen/Downloads/Wishie/Wishie.xcodeproj
    

SwiftCompile normal arm64 /Users/khanghnguyen/Library/Developer/Xcode/DerivedData/Wishie-gavmeupfwiyxzhaiqkwzocyeeixy/SourcePackages/checkouts/supabase-swift/Sources/Realtime/Deprecated/Deprecated.swift (in target 'Realtime' from project 'Supabase')
    cd /Users/khanghnguyen/Downloads/Wishie/Wishie.xcodeproj
    

SwiftDriverJobDiscovery normal arm64 Compiling StorageApi.swift, StorageBucketApi.swift (in target 'Storage' from project 'Supabase')

SwiftCompile normal arm64 Compiling\ RealtimeClientV2.swift,\ RealtimeError.swift,\ RealtimeJoinConfig.swift /Users/khanghnguyen/Library/Developer/Xcode/DerivedData/Wishie-gavmeupfwiyxzhaiqkwzocyeeixy/SourcePackages/checkouts/supabase-swift/Sources/Realtime/RealtimeClientV2.swift /Users/khanghnguyen/Library/Developer/Xcode/DerivedData/Wishie-gavmeupfwiyxzhaiqkwzocyeeixy/SourcePackages/checkouts/supabase-swift/Sources/Realtime/RealtimeError.swift /Users/khanghnguyen/Library/Developer/Xcode/DerivedData/Wishie-gavmeupfwiyxzhaiqkwzocyeeixy/SourcePackages/checkouts/supabase-swift/Sources/Realtime/RealtimeJoinConfig.swift (in target 'Realtime' from project 'Supabase')
SwiftCompile normal arm64 /Users/khanghnguyen/Library/Developer/Xcode/DerivedData/Wishie-gavmeupfwiyxzhaiqkwzocyeeixy/SourcePackages/checkouts/supabase-swift/Sources/Realtime/RealtimeClientV2.swift (in target 'Realtime' from project 'Supabase')
    cd /Users/khanghnguyen/Downloads/Wishie/Wishie.xcodeproj
    

SwiftCompile normal arm64 /Users/khanghnguyen/Library/Developer/Xcode/DerivedData/Wishie-gavmeupfwiyxzhaiqkwzocyeeixy/SourcePackages/checkouts/supabase-swift/Sources/Realtime/RealtimeError.swift (in target 'Realtime' from project 'Supabase')
    cd /Users/khanghnguyen/Downloads/Wishie/Wishie.xcodeproj
    

SwiftCompile normal arm64 /Users/khanghnguyen/Library/Developer/Xcode/DerivedData/Wishie-gavmeupfwiyxzhaiqkwzocyeeixy/SourcePackages/checkouts/supabase-swift/Sources/Realtime/RealtimeJoinConfig.swift (in target 'Realtime' from project 'Supabase')
    cd /Users/khanghnguyen/Downloads/Wishie/Wishie.xcodeproj
    

SwiftDriverJobDiscovery normal arm64 Compiling Helpers.swift, MultipartFormData.swift (in target 'Storage' from project 'Supabase')

SwiftCompile normal arm64 Compiling\ PushV2.swift,\ RealtimeChannel+AsyncAwait.swift,\ RealtimeChannelV2.swift /Users/khanghnguyen/Library/Developer/Xcode/DerivedData/Wishie-gavmeupfwiyxzhaiqkwzocyeeixy/SourcePackages/checkouts/supabase-swift/Sources/Realtime/PushV2.swift /Users/khanghnguyen/Library/Developer/Xcode/DerivedData/Wishie-gavmeupfwiyxzhaiqkwzocyeeixy/SourcePackages/checkouts/supabase-swift/Sources/Realtime/RealtimeChannel+AsyncAwait.swift /Users/khanghnguyen/Library/Developer/Xcode/DerivedData/Wishie-gavmeupfwiyxzhaiqkwzocyeeixy/SourcePackages/checkouts/supabase-swift/Sources/Realtime/RealtimeChannelV2.swift (in target 'Realtime' from project 'Supabase')

SwiftCompile normal arm64 /Users/khanghnguyen/Library/Developer/Xcode/DerivedData/Wishie-gavmeupfwiyxzhaiqkwzocyeeixy/SourcePackages/checkouts/supabase-swift/Sources/Realtime/PushV2.swift (in target 'Realtime' from project 'Supabase')
    cd /Users/khanghnguyen/Downloads/Wishie/Wishie.xcodeproj
    

SwiftCompile normal arm64 /Users/khanghnguyen/Library/Developer/Xcode/DerivedData/Wishie-gavmeupfwiyxzhaiqkwzocyeeixy/SourcePackages/checkouts/supabase-swift/Sources/Realtime/RealtimeChannel+AsyncAwait.swift (in target 'Realtime' from project 'Supabase')
    cd /Users/khanghnguyen/Downloads/Wishie/Wishie.xcodeproj
    

SwiftCompile normal arm64 /Users/khanghnguyen/Library/Developer/Xcode/DerivedData/Wishie-gavmeupfwiyxzhaiqkwzocyeeixy/SourcePackages/checkouts/supabase-swift/Sources/Realtime/RealtimeChannelV2.swift (in target 'Realtime' from project 'Supabase')
    cd /Users/khanghnguyen/Downloads/Wishie/Wishie.xcodeproj
    

SwiftDriverJobDiscovery normal arm64 Compiling StorageHTTPClient.swift, SupabaseStorage.swift (in target 'Storage' from project 'Supabase')

SwiftCompile normal arm64 Compiling\ HeartbeatTimer.swift,\ PhoenixTransport.swift,\ Presence.swift,\ Push.swift /Users/khanghnguyen/Library/Developer/Xcode/DerivedData/Wishie-gavmeupfwiyxzhaiqkwzocyeeixy/SourcePackages/checkouts/supabase-swift/Sources/Realtime/Deprecated/HeartbeatTimer.swift /Users/khanghnguyen/Library/Developer/Xcode/DerivedData/Wishie-gavmeupfwiyxzhaiqkwzocyeeixy/SourcePackages/checkouts/supabase-swift/Sources/Realtime/Deprecated/PhoenixTransport.swift /Users/khanghnguyen/Library/Developer/Xcode/DerivedData/Wishie-gavmeupfwiyxzhaiqkwzocyeeixy/SourcePackages/checkouts/supabase-swift/Sources/Realtime/Deprecated/Presence.swift /Users/khanghnguyen/Library/Developer/Xcode/DerivedData/Wishie-gavmeupfwiyxzhaiqkwzocyeeixy/SourcePackages/checkouts/supabase-swift/Sources/Realtime/Deprecated/Push.swift (in target 'Realtime' from project 'Supabase')

SwiftCompile normal arm64 /Users/khanghnguyen/Library/Developer/Xcode/DerivedData/Wishie-gavmeupfwiyxzhaiqkwzocyeeixy/SourcePackages/checkouts/supabase-swift/Sources/Realtime/Deprecated/HeartbeatTimer.swift (in target 'Realtime' from project 'Supabase')
    cd /Users/khanghnguyen/Downloads/Wishie/Wishie.xcodeproj
    

SwiftCompile normal arm64 /Users/khanghnguyen/Library/Developer/Xcode/DerivedData/Wishie-gavmeupfwiyxzhaiqkwzocyeeixy/SourcePackages/checkouts/supabase-swift/Sources/Realtime/Deprecated/PhoenixTransport.swift (in target 'Realtime' from project 'Supabase')
    cd /Users/khanghnguyen/Downloads/Wishie/Wishie.xcodeproj
    

SwiftCompile normal arm64 /Users/khanghnguyen/Library/Developer/Xcode/DerivedData/Wishie-gavmeupfwiyxzhaiqkwzocyeeixy/SourcePackages/checkouts/supabase-swift/Sources/Realtime/Deprecated/Presence.swift (in target 'Realtime' from project 'Supabase')
    cd /Users/khanghnguyen/Downloads/Wishie/Wishie.xcodeproj
    

SwiftCompile normal arm64 /Users/khanghnguyen/Library/Developer/Xcode/DerivedData/Wishie-gavmeupfwiyxzhaiqkwzocyeeixy/SourcePackages/checkouts/supabase-swift/Sources/Realtime/Deprecated/Push.swift (in target 'Realtime' from project 'Supabase')
    cd /Users/khanghnguyen/Downloads/Wishie/Wishie.xcodeproj
    

SwiftDriverJobDiscovery normal arm64 Compiling Deprecated.swift, Exports.swift (in target 'Storage' from project 'Supabase')

SwiftCompile normal arm64 Compiling\ Types.swift,\ URLSessionWebSocket.swift,\ WebSocket.swift /Users/khanghnguyen/Library/Developer/Xcode/DerivedData/Wishie-gavmeupfwiyxzhaiqkwzocyeeixy/SourcePackages/checkouts/supabase-swift/Sources/Realtime/Types.swift /Users/khanghnguyen/Library/Developer/Xcode/DerivedData/Wishie-gavmeupfwiyxzhaiqkwzocyeeixy/SourcePackages/checkouts/supabase-swift/Sources/Realtime/WebSocket/URLSessionWebSocket.swift /Users/khanghnguyen/Library/Developer/Xcode/DerivedData/Wishie-gavmeupfwiyxzhaiqkwzocyeeixy/SourcePackages/checkouts/supabase-swift/Sources/Realtime/WebSocket/WebSocket.swift (in target 'Realtime' from project 'Supabase')
SwiftCompile normal arm64 /Users/khanghnguyen/Library/Developer/Xcode/DerivedData/Wishie-gavmeupfwiyxzhaiqkwzocyeeixy/SourcePackages/checkouts/supabase-swift/Sources/Realtime/Types.swift (in target 'Realtime' from project 'Supabase')
    cd /Users/khanghnguyen/Downloads/Wishie/Wishie.xcodeproj
    

SwiftCompile normal arm64 /Users/khanghnguyen/Library/Developer/Xcode/DerivedData/Wishie-gavmeupfwiyxzhaiqkwzocyeeixy/SourcePackages/checkouts/supabase-swift/Sources/Realtime/WebSocket/URLSessionWebSocket.swift (in target 'Realtime' from project 'Supabase')
    cd /Users/khanghnguyen/Downloads/Wishie/Wishie.xcodeproj
    

SwiftCompile normal arm64 /Users/khanghnguyen/Library/Developer/Xcode/DerivedData/Wishie-gavmeupfwiyxzhaiqkwzocyeeixy/SourcePackages/checkouts/supabase-swift/Sources/Realtime/WebSocket/WebSocket.swift (in target 'Realtime' from project 'Supabase')
    cd /Users/khanghnguyen/Downloads/Wishie/Wishie.xcodeproj
    

SwiftDriverJobDiscovery normal arm64 Compiling StorageError.swift, StorageFileApi.swift (in target 'Storage' from project 'Supabase')

SwiftDriver\ Compilation Storage normal arm64 com.apple.xcode.tools.swift.compiler (in target 'Storage' from project 'Supabase')
    cd /Users/khanghnguyen/Downloads/Wishie/Wishie.xcodeproj
    builtin-Swift-Compilation -- /Applications/Xcode.app/Contents/Developer/Toolchains/XcodeDefault.xctoolchain/usr/bin/swiftc -module-name Storage -Onone -enforce-exclusivity\=checked @/Users/khanghnguyen/Library/Developer/Xcode/DerivedData/Wishie-gavmeupfwiyxzhaiqkwzocyeeixy/Build/Intermediates.noindex/Supabase.build/Debug-iphoneos/Storage.build/Objects-normal/arm64/Storage.SwiftFileList -DSWIFT_PACKAGE -DDEBUG -DSWIFT_MODULE_RESOURCE_BUNDLE_UNAVAILABLE -DXcode -enable-upcoming-feature ExistentialAny -enable-experimental-feature StrictConcurrency -plugin-path /Applications/Xcode.app/Contents/Developer/Toolchains/XcodeDefault.xctoolchain/usr/lib/swift/host/plugins/testing -enable-experimental-feature DebugDescriptionMacro -sdk /Applications/Xcode.app/Contents/Developer/Platforms/iPhoneOS.platform/Developer/SDKs/iPhoneOS26.2.sdk -target arm64-apple-ios13.0 -g -module-cache-path /Users/khanghnguyen/Library/Developer/Xcode/DerivedData/ModuleCache.noindex -Xfrontend -serialize-debugging-options -profile-coverage-mapping -profile-generate -enable-testing -suppress-warnings -index-store-path /Users/khanghnguyen/Library/Developer/Xcode/DerivedData/Wishie-gavmeupfwiyxzhaiqkwzocyeeixy/Index.noindex/DataStore -Xcc -D_LIBCPP_HARDENING_MODE\=_LIBCPP_HARDENING_MODE_DEBUG -swift-version 5 -I /Users/khanghnguyen/Library/Developer/Xcode/DerivedData/Wishie-gavmeupfwiyxzhaiqkwzocyeeixy/Build/Products/Debug-iphoneos -Isystem /Applications/Xcode.app/Contents/Developer/Platforms/iPhoneOS.platform/Developer/usr/lib -F /Users/khanghnguyen/Library/Developer/Xcode/DerivedData/Wishie-gavmeupfwiyxzhaiqkwzocyeeixy/Build/Products/Debug-iphoneos/PackageFrameworks -F /Users/khanghnguyen/Library/Developer/Xcode/DerivedData/Wishie-gavmeupfwiyxzhaiqkwzocyeeixy/Build/Products/Debug-iphoneos/PackageFrameworks -F /Users/khanghnguyen/Library/Developer/Xcode/DerivedData/Wishie-gavmeupfwiyxzhaiqkwzocyeeixy/Build/Products/Debug-iphoneos/PackageFrameworks -F /Users/khanghnguyen/Library/Developer/Xcode/DerivedData/Wishie-gavmeupfwiyxzhaiqkwzocyeeixy/Build/Products/Debug-iphoneos/PackageFrameworks -F /Users/khanghnguyen/Library/Developer/Xcode/DerivedData/Wishie-gavmeupfwiyxzhaiqkwzocyeeixy/Build/Products/Debug-iphoneos/PackageFrameworks -F /Users/khanghnguyen/Library/Developer/Xcode/DerivedData/Wishie-gavmeupfwiyxzhaiqkwzocyeeixy/Build/Products/Debug-iphoneos/PackageFrameworks -F /Users/khanghnguyen/Library/Developer/Xcode/DerivedData/Wishie-gavmeupfwiyxzhaiqkwzocyeeixy/Build/Products/Debug-iphoneos/PackageFrameworks -F /Users/khanghnguyen/Library/Developer/Xcode/DerivedData/Wishie-gavmeupfwiyxzhaiqkwzocyeeixy/Build/Products/Debug-iphoneos -F /Applications/Xcode.app/Contents/Developer/Platforms/iPhoneOS.platform/Developer/Library/Frameworks -F /Applications/Xcode.app/Contents/Developer/Platforms/iPhoneOS.platform/Developer/SDKs/iPhoneOS26.2.sdk/Developer/Library/Frameworks -c -j8 -enable-batch-mode -incremental -Xcc -ivfsstatcache -Xcc /Users/khanghnguyen/Library/Developer/Xcode/DerivedData/SDKStatCaches.noindex/iphoneos26.2-23C57-3794476bd08197c3e2abd9bb477ef7f7.sdkstatcache -output-file-map /Users/khanghnguyen/Library/Developer/Xcode/DerivedData/Wishie-gavmeupfwiyxzhaiqkwzocyeeixy/Build/Intermediates.noindex/Supabase.build/Debug-iphoneos/Storage.build/Objects-normal/arm64/Storage-OutputFileMap.json -use-frontend-parseable-output -save-temps -no-color-diagnostics -explicit-module-build -module-cache-path /Users/khanghnguyen/Library/Developer/Xcode/DerivedData/Wishie-gavmeupfwiyxzhaiqkwzocyeeixy/Build/Intermediates.noindex/SwiftExplicitPrecompiledModules -clang-scanner-module-cache-path /Users/khanghnguyen/Library/Developer/Xcode/DerivedData/ModuleCache.noindex -sdk-module-cache-path /Users/khanghnguyen/Library/Developer/Xcode/DerivedData/ModuleCache.noindex -serialize-diagnostics -emit-dependencies -emit-module -emit-module-path /Users/khanghnguyen/Library/Developer/Xcode/DerivedData/Wishie-gavmeupfwiyxzhaiqkwzocyeeixy/Build/Intermediates.noindex/Supabase.build/Debug-iphoneos/Storage.build/Objects-normal/arm64/Storage.swiftmodule -validate-clang-modules-once -clang-build-session-file /Users/khanghnguyen/Library/Developer/Xcode/DerivedData/ModuleCache.noindex/Session.modulevalidation -package-name supabase_swift -Xcc -I/Users/khanghnguyen/Library/Developer/Xcode/DerivedData/Wishie-gavmeupfwiyxzhaiqkwzocyeeixy/Build/Intermediates.noindex/Supabase.build/Debug-iphoneos/Storage.build/swift-overrides.hmap -emit-const-values -Xfrontend -const-gather-protocols-file -Xfrontend /Users/khanghnguyen/Library/Developer/Xcode/DerivedData/Wishie-gavmeupfwiyxzhaiqkwzocyeeixy/Build/Intermediates.noindex/Supabase.build/Debug-iphoneos/Storage.build/Objects-normal/arm64/Storage_const_extract_protocols.json -Xcc -I/Users/khanghnguyen/Library/Developer/Xcode/DerivedData/Wishie-gavmeupfwiyxzhaiqkwzocyeeixy/Build/Products/Debug-iphoneos/include -Xcc -I/Users/khanghnguyen/Library/Developer/Xcode/DerivedData/Wishie-gavmeupfwiyxzhaiqkwzocyeeixy/Build/Intermediates.noindex/Supabase.build/Debug-iphoneos/Storage.build/DerivedSources-normal/arm64 -Xcc -I/Users/khanghnguyen/Library/Developer/Xcode/DerivedData/Wishie-gavmeupfwiyxzhaiqkwzocyeeixy/Build/Intermediates.noindex/Supabase.build/Debug-iphoneos/Storage.build/DerivedSources/arm64 -Xcc -I/Users/khanghnguyen/Library/Developer/Xcode/DerivedData/Wishie-gavmeupfwiyxzhaiqkwzocyeeixy/Build/Intermediates.noindex/Supabase.build/Debug-iphoneos/Storage.build/DerivedSources -Xcc -DSWIFT_PACKAGE -Xcc -DDEBUG\=1 -emit-objc-header -emit-objc-header-path /Users/khanghnguyen/Library/Developer/Xcode/DerivedData/Wishie-gavmeupfwiyxzhaiqkwzocyeeixy/Build/Intermediates.noindex/Supabase.build/Debug-iphoneos/Storage.build/Objects-normal/arm64/Storage-Swift.h -working-directory /Users/khanghnguyen/Downloads/Wishie/Wishie.xcodeproj -experimental-emit-module-separately -disable-cmo

SwiftDriverJobDiscovery normal arm64 Emitting module for Auth (in target 'Auth' from project 'Supabase')

SwiftDriver\ Compilation\ Requirements Auth normal arm64 com.apple.xcode.tools.swift.compiler (in target 'Auth' from project 'Supabase')
    cd /Users/khanghnguyen/Downloads/Wishie/Wishie.xcodeproj
    builtin-Swift-Compilation-Requirements -- /Applications/Xcode.app/Contents/Developer/Toolchains/XcodeDefault.xctoolchain/usr/bin/swiftc -module-name Auth -Onone -enforce-exclusivity\=checked @/Users/khanghnguyen/Library/Developer/Xcode/DerivedData/Wishie-gavmeupfwiyxzhaiqkwzocyeeixy/Build/Intermediates.noindex/Supabase.build/Debug-iphoneos/Auth.build/Objects-normal/arm64/Auth.SwiftFileList -DSWIFT_PACKAGE -DDEBUG -DSWIFT_MODULE_RESOURCE_BUNDLE_UNAVAILABLE -DXcode -enable-upcoming-feature ExistentialAny -enable-experimental-feature StrictConcurrency -plugin-path /Applications/Xcode.app/Contents/Developer/Toolchains/XcodeDefault.xctoolchain/usr/lib/swift/host/plugins/testing -enable-experimental-feature DebugDescriptionMacro -sdk /Applications/Xcode.app/Contents/Developer/Platforms/iPhoneOS.platform/Developer/SDKs/iPhoneOS26.2.sdk -target arm64-apple-ios13.0 -g -module-cache-path /Users/khanghnguyen/Library/Developer/Xcode/DerivedData/ModuleCache.noindex -Xfrontend -serialize-debugging-options -profile-coverage-mapping -profile-generate -enable-testing -suppress-warnings -index-store-path /Users/khanghnguyen/Library/Developer/Xcode/DerivedData/Wishie-gavmeupfwiyxzhaiqkwzocyeeixy/Index.noindex/DataStore -Xcc -D_LIBCPP_HARDENING_MODE\=_LIBCPP_HARDENING_MODE_DEBUG -swift-version 5 -I /Users/khanghnguyen/Library/Developer/Xcode/DerivedData/Wishie-gavmeupfwiyxzhaiqkwzocyeeixy/Build/Products/Debug-iphoneos -Isystem /Applications/Xcode.app/Contents/Developer/Platforms/iPhoneOS.platform/Developer/usr/lib -F /Users/khanghnguyen/Library/Developer/Xcode/DerivedData/Wishie-gavmeupfwiyxzhaiqkwzocyeeixy/Build/Products/Debug-iphoneos/PackageFrameworks -F /Users/khanghnguyen/Library/Developer/Xcode/DerivedData/Wishie-gavmeupfwiyxzhaiqkwzocyeeixy/Build/Products/Debug-iphoneos/PackageFrameworks -F /Users/khanghnguyen/Library/Developer/Xcode/DerivedData/Wishie-gavmeupfwiyxzhaiqkwzocyeeixy/Build/Products/Debug-iphoneos/PackageFrameworks -F /Users/khanghnguyen/Library/Developer/Xcode/DerivedData/Wishie-gavmeupfwiyxzhaiqkwzocyeeixy/Build/Products/Debug-iphoneos/PackageFrameworks -F /Users/khanghnguyen/Library/Developer/Xcode/DerivedData/Wishie-gavmeupfwiyxzhaiqkwzocyeeixy/Build/Products/Debug-iphoneos/PackageFrameworks -F /Users/khanghnguyen/Library/Developer/Xcode/DerivedData/Wishie-gavmeupfwiyxzhaiqkwzocyeeixy/Build/Products/Debug-iphoneos/PackageFrameworks -F /Users/khanghnguyen/Library/Developer/Xcode/DerivedData/Wishie-gavmeupfwiyxzhaiqkwzocyeeixy/Build/Products/Debug-iphoneos/PackageFrameworks -F /Users/khanghnguyen/Library/Developer/Xcode/DerivedData/Wishie-gavmeupfwiyxzhaiqkwzocyeeixy/Build/Products/Debug-iphoneos/PackageFrameworks -F /Users/khanghnguyen/Library/Developer/Xcode/DerivedData/Wishie-gavmeupfwiyxzhaiqkwzocyeeixy/Build/Products/Debug-iphoneos -F /Applications/Xcode.app/Contents/Developer/Platforms/iPhoneOS.platform/Developer/Library/Frameworks -F /Applications/Xcode.app/Contents/Developer/Platforms/iPhoneOS.platform/Developer/SDKs/iPhoneOS26.2.sdk/Developer/Library/Frameworks -c -j8 -enable-batch-mode -incremental -Xcc -ivfsstatcache -Xcc /Users/khanghnguyen/Library/Developer/Xcode/DerivedData/SDKStatCaches.noindex/iphoneos26.2-23C57-3794476bd08197c3e2abd9bb477ef7f7.sdkstatcache -output-file-map /Users/khanghnguyen/Library/Developer/Xcode/DerivedData/Wishie-gavmeupfwiyxzhaiqkwzocyeeixy/Build/Intermediates.noindex/Supabase.build/Debug-iphoneos/Auth.build/Objects-normal/arm64/Auth-OutputFileMap.json -use-frontend-parseable-output -save-temps -no-color-diagnostics -explicit-module-build -module-cache-path /Users/khanghnguyen/Library/Developer/Xcode/DerivedData/Wishie-gavmeupfwiyxzhaiqkwzocyeeixy/Build/Intermediates.noindex/SwiftExplicitPrecompiledModules -clang-scanner-module-cache-path /Users/khanghnguyen/Library/Developer/Xcode/DerivedData/ModuleCache.noindex -sdk-module-cache-path /Users/khanghnguyen/Library/Developer/Xcode/DerivedData/ModuleCache.noindex -serialize-diagnostics -emit-dependencies -emit-module -emit-module-path /Users/khanghnguyen/Library/Developer/Xcode/DerivedData/Wishie-gavmeupfwiyxzhaiqkwzocyeeixy/Build/Intermediates.noindex/Supabase.build/Debug-iphoneos/Auth.build/Objects-normal/arm64/Auth.swiftmodule -validate-clang-modules-once -clang-build-session-file /Users/khanghnguyen/Library/Developer/Xcode/DerivedData/ModuleCache.noindex/Session.modulevalidation -package-name supabase_swift -Xcc -I/Users/khanghnguyen/Library/Developer/Xcode/DerivedData/Wishie-gavmeupfwiyxzhaiqkwzocyeeixy/Build/Intermediates.noindex/Supabase.build/Debug-iphoneos/Auth.build/swift-overrides.hmap -emit-const-values -Xfrontend -const-gather-protocols-file -Xfrontend /Users/khanghnguyen/Library/Developer/Xcode/DerivedData/Wishie-gavmeupfwiyxzhaiqkwzocyeeixy/Build/Intermediates.noindex/Supabase.build/Debug-iphoneos/Auth.build/Objects-normal/arm64/Auth_const_extract_protocols.json -Xcc -I/Users/khanghnguyen/Library/Developer/Xcode/DerivedData/Wishie-gavmeupfwiyxzhaiqkwzocyeeixy/Build/Products/Debug-iphoneos/include -Xcc -I/Users/khanghnguyen/Library/Developer/Xcode/DerivedData/Wishie-gavmeupfwiyxzhaiqkwzocyeeixy/Build/Intermediates.noindex/Supabase.build/Debug-iphoneos/Auth.build/DerivedSources-normal/arm64 -Xcc -I/Users/khanghnguyen/Library/Developer/Xcode/DerivedData/Wishie-gavmeupfwiyxzhaiqkwzocyeeixy/Build/Intermediates.noindex/Supabase.build/Debug-iphoneos/Auth.build/DerivedSources/arm64 -Xcc -I/Users/khanghnguyen/Library/Developer/Xcode/DerivedData/Wishie-gavmeupfwiyxzhaiqkwzocyeeixy/Build/Intermediates.noindex/Supabase.build/Debug-iphoneos/Auth.build/DerivedSources -Xcc -DSWIFT_PACKAGE -Xcc -DDEBUG\=1 -emit-objc-header -emit-objc-header-path /Users/khanghnguyen/Library/Developer/Xcode/DerivedData/Wishie-gavmeupfwiyxzhaiqkwzocyeeixy/Build/Intermediates.noindex/Supabase.build/Debug-iphoneos/Auth.build/Objects-normal/arm64/Auth-Swift.h -working-directory /Users/khanghnguyen/Downloads/Wishie/Wishie.xcodeproj -experimental-emit-module-separately -disable-cmo

SwiftCompile normal arm64 Compiling\ RealtimeMessageV2.swift,\ RealtimePostgresFilter.swift,\ RealtimePostgresFilterValue.swift /Users/khanghnguyen/Library/Developer/Xcode/DerivedData/Wishie-gavmeupfwiyxzhaiqkwzocyeeixy/SourcePackages/checkouts/supabase-swift/Sources/Realtime/RealtimeMessageV2.swift /Users/khanghnguyen/Library/Developer/Xcode/DerivedData/Wishie-gavmeupfwiyxzhaiqkwzocyeeixy/SourcePackages/checkouts/supabase-swift/Sources/Realtime/RealtimePostgresFilter.swift /Users/khanghnguyen/Library/Developer/Xcode/DerivedData/Wishie-gavmeupfwiyxzhaiqkwzocyeeixy/SourcePackages/checkouts/supabase-swift/Sources/Realtime/RealtimePostgresFilterValue.swift (in target 'Realtime' from project 'Supabase')

SwiftCompile normal arm64 /Users/khanghnguyen/Library/Developer/Xcode/DerivedData/Wishie-gavmeupfwiyxzhaiqkwzocyeeixy/SourcePackages/checkouts/supabase-swift/Sources/Realtime/RealtimeMessageV2.swift (in target 'Realtime' from project 'Supabase')
    cd /Users/khanghnguyen/Downloads/Wishie/Wishie.xcodeproj
    

SwiftCompile normal arm64 /Users/khanghnguyen/Library/Developer/Xcode/DerivedData/Wishie-gavmeupfwiyxzhaiqkwzocyeeixy/SourcePackages/checkouts/supabase-swift/Sources/Realtime/RealtimePostgresFilter.swift (in target 'Realtime' from project 'Supabase')
    cd /Users/khanghnguyen/Downloads/Wishie/Wishie.xcodeproj
    

SwiftCompile normal arm64 /Users/khanghnguyen/Library/Developer/Xcode/DerivedData/Wishie-gavmeupfwiyxzhaiqkwzocyeeixy/SourcePackages/checkouts/supabase-swift/Sources/Realtime/RealtimePostgresFilterValue.swift (in target 'Realtime' from project 'Supabase')
    cd /Users/khanghnguyen/Downloads/Wishie/Wishie.xcodeproj
    

SwiftMergeGeneratedHeaders /Users/khanghnguyen/Library/Developer/Xcode/DerivedData/Wishie-gavmeupfwiyxzhaiqkwzocyeeixy/Build/Intermediates.noindex/GeneratedModuleMaps-iphoneos/Auth-Swift.h /Users/khanghnguyen/Library/Developer/Xcode/DerivedData/Wishie-gavmeupfwiyxzhaiqkwzocyeeixy/Build/Intermediates.noindex/Supabase.build/Debug-iphoneos/Auth.build/Objects-normal/arm64/Auth-Swift.h (in target 'Auth' from project 'Supabase')
    cd /Users/khanghnguyen/Library/Developer/Xcode/DerivedData/Wishie-gavmeupfwiyxzhaiqkwzocyeeixy/SourcePackages/checkouts/supabase-swift
    builtin-swiftHeaderTool -arch arm64 /Users/khanghnguyen/Library/Developer/Xcode/DerivedData/Wishie-gavmeupfwiyxzhaiqkwzocyeeixy/Build/Intermediates.noindex/Supabase.build/Debug-iphoneos/Auth.build/Objects-normal/arm64/Auth-Swift.h -o /Users/khanghnguyen/Library/Developer/Xcode/DerivedData/Wishie-gavmeupfwiyxzhaiqkwzocyeeixy/Build/Intermediates.noindex/GeneratedModuleMaps-iphoneos/Auth-Swift.h

SwiftDriverJobDiscovery normal arm64 Compiling Exports.swift, PostgresAction.swift, PostgresActionData.swift, PresenceAction.swift (in target 'Realtime' from project 'Supabase')

Copy /Users/khanghnguyen/Library/Developer/Xcode/DerivedData/Wishie-gavmeupfwiyxzhaiqkwzocyeeixy/Build/Products/Debug-iphoneos/Auth.swiftmodule/arm64-apple-ios.swiftmodule /Users/khanghnguyen/Library/Developer/Xcode/DerivedData/Wishie-gavmeupfwiyxzhaiqkwzocyeeixy/Build/Intermediates.noindex/Supabase.build/Debug-iphoneos/Auth.build/Objects-normal/arm64/Auth.swiftmodule (in target 'Auth' from project 'Supabase')
    cd /Users/khanghnguyen/Library/Developer/Xcode/DerivedData/Wishie-gavmeupfwiyxzhaiqkwzocyeeixy/SourcePackages/checkouts/supabase-swift
    builtin-copy -exclude .DS_Store -exclude CVS -exclude .svn -exclude .git -exclude .hg -resolve-src-symlinks -rename /Users/khanghnguyen/Library/Developer/Xcode/DerivedData/Wishie-gavmeupfwiyxzhaiqkwzocyeeixy/Build/Intermediates.noindex/Supabase.build/Debug-iphoneos/Auth.build/Objects-normal/arm64/Auth.swiftmodule /Users/khanghnguyen/Library/Developer/Xcode/DerivedData/Wishie-gavmeupfwiyxzhaiqkwzocyeeixy/Build/Products/Debug-iphoneos/Auth.swiftmodule/arm64-apple-ios.swiftmodule

Copy /Users/khanghnguyen/Library/Developer/Xcode/DerivedData/Wishie-gavmeupfwiyxzhaiqkwzocyeeixy/Build/Products/Debug-iphoneos/Auth.swiftmodule/arm64-apple-ios.swiftdoc /Users/khanghnguyen/Library/Developer/Xcode/DerivedData/Wishie-gavmeupfwiyxzhaiqkwzocyeeixy/Build/Intermediates.noindex/Supabase.build/Debug-iphoneos/Auth.build/Objects-normal/arm64/Auth.swiftdoc (in target 'Auth' from project 'Supabase')
    cd /Users/khanghnguyen/Library/Developer/Xcode/DerivedData/Wishie-gavmeupfwiyxzhaiqkwzocyeeixy/SourcePackages/checkouts/supabase-swift
    builtin-copy -exclude .DS_Store -exclude CVS -exclude .svn -exclude .git -exclude .hg -resolve-src-symlinks -rename /Users/khanghnguyen/Library/Developer/Xcode/DerivedData/Wishie-gavmeupfwiyxzhaiqkwzocyeeixy/Build/Intermediates.noindex/Supabase.build/Debug-iphoneos/Auth.build/Objects-normal/arm64/Auth.swiftdoc /Users/khanghnguyen/Library/Developer/Xcode/DerivedData/Wishie-gavmeupfwiyxzhaiqkwzocyeeixy/Build/Products/Debug-iphoneos/Auth.swiftmodule/arm64-apple-ios.swiftdoc

Copy /Users/khanghnguyen/Library/Developer/Xcode/DerivedData/Wishie-gavmeupfwiyxzhaiqkwzocyeeixy/Build/Products/Debug-iphoneos/Auth.swiftmodule/arm64-apple-ios.abi.json /Users/khanghnguyen/Library/Developer/Xcode/DerivedData/Wishie-gavmeupfwiyxzhaiqkwzocyeeixy/Build/Intermediates.noindex/Supabase.build/Debug-iphoneos/Auth.build/Objects-normal/arm64/Auth.abi.json (in target 'Auth' from project 'Supabase')
    cd /Users/khanghnguyen/Library/Developer/Xcode/DerivedData/Wishie-gavmeupfwiyxzhaiqkwzocyeeixy/SourcePackages/checkouts/supabase-swift
    builtin-copy -exclude .DS_Store -exclude CVS -exclude .svn -exclude .git -exclude .hg -resolve-src-symlinks -rename /Users/khanghnguyen/Library/Developer/Xcode/DerivedData/Wishie-gavmeupfwiyxzhaiqkwzocyeeixy/Build/Intermediates.noindex/Supabase.build/Debug-iphoneos/Auth.build/Objects-normal/arm64/Auth.abi.json /Users/khanghnguyen/Library/Developer/Xcode/DerivedData/Wishie-gavmeupfwiyxzhaiqkwzocyeeixy/Build/Products/Debug-iphoneos/Auth.swiftmodule/arm64-apple-ios.abi.json

Copy /Users/khanghnguyen/Library/Developer/Xcode/DerivedData/Wishie-gavmeupfwiyxzhaiqkwzocyeeixy/Build/Products/Debug-iphoneos/Auth.swiftmodule/Project/arm64-apple-ios.swiftsourceinfo /Users/khanghnguyen/Library/Developer/Xcode/DerivedData/Wishie-gavmeupfwiyxzhaiqkwzocyeeixy/Build/Intermediates.noindex/Supabase.build/Debug-iphoneos/Auth.build/Objects-normal/arm64/Auth.swiftsourceinfo (in target 'Auth' from project 'Supabase')
    cd /Users/khanghnguyen/Library/Developer/Xcode/DerivedData/Wishie-gavmeupfwiyxzhaiqkwzocyeeixy/SourcePackages/checkouts/supabase-swift
    builtin-copy -exclude .DS_Store -exclude CVS -exclude .svn -exclude .git -exclude .hg -resolve-src-symlinks -rename /Users/khanghnguyen/Library/Developer/Xcode/DerivedData/Wishie-gavmeupfwiyxzhaiqkwzocyeeixy/Build/Intermediates.noindex/Supabase.build/Debug-iphoneos/Auth.build/Objects-normal/arm64/Auth.swiftsourceinfo /Users/khanghnguyen/Library/Developer/Xcode/DerivedData/Wishie-gavmeupfwiyxzhaiqkwzocyeeixy/Build/Products/Debug-iphoneos/Auth.swiftmodule/Project/arm64-apple-ios.swiftsourceinfo

SwiftCompile normal arm64 Compiling\ PostgrestFilterValue.swift /Users/khanghnguyen/Library/Developer/Xcode/DerivedData/Wishie-gavmeupfwiyxzhaiqkwzocyeeixy/SourcePackages/checkouts/supabase-swift/Sources/PostgREST/PostgrestFilterValue.swift (in target 'PostgREST' from project 'Supabase')

SwiftCompile normal arm64 /Users/khanghnguyen/Library/Developer/Xcode/DerivedData/Wishie-gavmeupfwiyxzhaiqkwzocyeeixy/SourcePackages/checkouts/supabase-swift/Sources/PostgREST/PostgrestFilterValue.swift (in target 'PostgREST' from project 'Supabase')
    cd /Users/khanghnguyen/Downloads/Wishie/Wishie.xcodeproj
    

SwiftCompile normal arm64 Compiling\ Types.swift /Users/khanghnguyen/Library/Developer/Xcode/DerivedData/Wishie-gavmeupfwiyxzhaiqkwzocyeeixy/SourcePackages/checkouts/supabase-swift/Sources/PostgREST/Types.swift (in target 'PostgREST' from project 'Supabase')

SwiftCompile normal arm64 /Users/khanghnguyen/Library/Developer/Xcode/DerivedData/Wishie-gavmeupfwiyxzhaiqkwzocyeeixy/SourcePackages/checkouts/supabase-swift/Sources/PostgREST/Types.swift (in target 'PostgREST' from project 'Supabase')
    cd /Users/khanghnguyen/Downloads/Wishie/Wishie.xcodeproj
    

SwiftDriverJobDiscovery normal arm64 Compiling CallbackManager.swift, Defaults.swift, Delegated.swift, Deprecated.swift (in target 'Realtime' from project 'Supabase')

SwiftDriverJobDiscovery normal arm64 Compiling PostgrestFilterValue.swift (in target 'PostgREST' from project 'Supabase')

SwiftCompile normal arm64 Compiling\ PostgrestTransformBuilder.swift /Users/khanghnguyen/Library/Developer/Xcode/DerivedData/Wishie-gavmeupfwiyxzhaiqkwzocyeeixy/SourcePackages/checkouts/supabase-swift/Sources/PostgREST/PostgrestTransformBuilder.swift (in target 'PostgREST' from project 'Supabase')
SwiftCompile normal arm64 /Users/khanghnguyen/Library/Developer/Xcode/DerivedData/Wishie-gavmeupfwiyxzhaiqkwzocyeeixy/SourcePackages/checkouts/supabase-swift/Sources/PostgREST/PostgrestTransformBuilder.swift (in target 'PostgREST' from project 'Supabase')
    cd /Users/khanghnguyen/Downloads/Wishie/Wishie.xcodeproj
    

SwiftCompile normal arm64 Compiling\ Exports.swift,\ PostgrestBuilder.swift /Users/khanghnguyen/Library/Developer/Xcode/DerivedData/Wishie-gavmeupfwiyxzhaiqkwzocyeeixy/SourcePackages/checkouts/supabase-swift/Sources/PostgREST/Exports.swift /Users/khanghnguyen/Library/Developer/Xcode/DerivedData/Wishie-gavmeupfwiyxzhaiqkwzocyeeixy/SourcePackages/checkouts/supabase-swift/Sources/PostgREST/PostgrestBuilder.swift (in target 'PostgREST' from project 'Supabase')
SwiftCompile normal arm64 /Users/khanghnguyen/Library/Developer/Xcode/DerivedData/Wishie-gavmeupfwiyxzhaiqkwzocyeeixy/SourcePackages/checkouts/supabase-swift/Sources/PostgREST/Exports.swift (in target 'PostgREST' from project 'Supabase')
    cd /Users/khanghnguyen/Downloads/Wishie/Wishie.xcodeproj
    

SwiftCompile normal arm64 /Users/khanghnguyen/Library/Developer/Xcode/DerivedData/Wishie-gavmeupfwiyxzhaiqkwzocyeeixy/SourcePackages/checkouts/supabase-swift/Sources/PostgREST/PostgrestBuilder.swift (in target 'PostgREST' from project 'Supabase')
    cd /Users/khanghnguyen/Downloads/Wishie/Wishie.xcodeproj
    

SwiftDriverJobDiscovery normal arm64 Compiling Types.swift (in target 'PostgREST' from project 'Supabase')

SwiftCompile normal arm64 Compiling\ PostgrestClient.swift /Users/khanghnguyen/Library/Developer/Xcode/DerivedData/Wishie-gavmeupfwiyxzhaiqkwzocyeeixy/SourcePackages/checkouts/supabase-swift/Sources/PostgREST/PostgrestClient.swift (in target 'PostgREST' from project 'Supabase')
SwiftCompile normal arm64 /Users/khanghnguyen/Library/Developer/Xcode/DerivedData/Wishie-gavmeupfwiyxzhaiqkwzocyeeixy/SourcePackages/checkouts/supabase-swift/Sources/PostgREST/PostgrestClient.swift (in target 'PostgREST' from project 'Supabase')
    cd /Users/khanghnguyen/Downloads/Wishie/Wishie.xcodeproj
    

SwiftDriverJobDiscovery normal arm64 Compiling RealtimeMessageV2.swift, RealtimePostgresFilter.swift, RealtimePostgresFilterValue.swift (in target 'Realtime' from project 'Supabase')

SwiftCompile normal arm64 Compiling\ Defaults.swift,\ Deprecated.swift /Users/khanghnguyen/Library/Developer/Xcode/DerivedData/Wishie-gavmeupfwiyxzhaiqkwzocyeeixy/SourcePackages/checkouts/supabase-swift/Sources/PostgREST/Defaults.swift /Users/khanghnguyen/Library/Developer/Xcode/DerivedData/Wishie-gavmeupfwiyxzhaiqkwzocyeeixy/SourcePackages/checkouts/supabase-swift/Sources/PostgREST/Deprecated.swift (in target 'PostgREST' from project 'Supabase')

SwiftCompile normal arm64 /Users/khanghnguyen/Library/Developer/Xcode/DerivedData/Wishie-gavmeupfwiyxzhaiqkwzocyeeixy/SourcePackages/checkouts/supabase-swift/Sources/PostgREST/Defaults.swift (in target 'PostgREST' from project 'Supabase')
    cd /Users/khanghnguyen/Downloads/Wishie/Wishie.xcodeproj
    

SwiftCompile normal arm64 /Users/khanghnguyen/Library/Developer/Xcode/DerivedData/Wishie-gavmeupfwiyxzhaiqkwzocyeeixy/SourcePackages/checkouts/supabase-swift/Sources/PostgREST/Deprecated.swift (in target 'PostgREST' from project 'Supabase')
    cd /Users/khanghnguyen/Downloads/Wishie/Wishie.xcodeproj
    

SwiftDriverJobDiscovery normal arm64 Compiling HeartbeatTimer.swift, PhoenixTransport.swift, Presence.swift, Push.swift (in target 'Realtime' from project 'Supabase')

SwiftCompile normal arm64 Compiling\ PostgrestQueryBuilder.swift /Users/khanghnguyen/Library/Developer/Xcode/DerivedData/Wishie-gavmeupfwiyxzhaiqkwzocyeeixy/SourcePackages/checkouts/supabase-swift/Sources/PostgREST/PostgrestQueryBuilder.swift (in target 'PostgREST' from project 'Supabase')
SwiftCompile normal arm64 /Users/khanghnguyen/Library/Developer/Xcode/DerivedData/Wishie-gavmeupfwiyxzhaiqkwzocyeeixy/SourcePackages/checkouts/supabase-swift/Sources/PostgREST/PostgrestQueryBuilder.swift (in target 'PostgREST' from project 'Supabase')
    cd /Users/khanghnguyen/Downloads/Wishie/Wishie.xcodeproj
    

SwiftDriverJobDiscovery normal arm64 Compiling PushV2.swift, RealtimeChannel+AsyncAwait.swift, RealtimeChannelV2.swift (in target 'Realtime' from project 'Supabase')

SwiftCompile normal arm64 Compiling\ PostgrestFilterBuilder.swift /Users/khanghnguyen/Library/Developer/Xcode/DerivedData/Wishie-gavmeupfwiyxzhaiqkwzocyeeixy/SourcePackages/checkouts/supabase-swift/Sources/PostgREST/PostgrestFilterBuilder.swift (in target 'PostgREST' from project 'Supabase')
SwiftCompile normal arm64 /Users/khanghnguyen/Library/Developer/Xcode/DerivedData/Wishie-gavmeupfwiyxzhaiqkwzocyeeixy/SourcePackages/checkouts/supabase-swift/Sources/PostgREST/PostgrestFilterBuilder.swift (in target 'PostgREST' from project 'Supabase')
    cd /Users/khanghnguyen/Downloads/Wishie/Wishie.xcodeproj
    

SwiftDriverJobDiscovery normal arm64 Compiling RealtimeChannel.swift, RealtimeClient.swift, RealtimeMessage.swift, TimeoutTimer.swift (in target 'Realtime' from project 'Supabase')

SwiftCompile normal arm64 Compiling\ FunctionsClient.swift /Users/khanghnguyen/Library/Developer/Xcode/DerivedData/Wishie-gavmeupfwiyxzhaiqkwzocyeeixy/SourcePackages/checkouts/supabase-swift/Sources/Functions/FunctionsClient.swift (in target 'Functions' from project 'Supabase')
SwiftCompile normal arm64 /Users/khanghnguyen/Library/Developer/Xcode/DerivedData/Wishie-gavmeupfwiyxzhaiqkwzocyeeixy/SourcePackages/checkouts/supabase-swift/Sources/Functions/FunctionsClient.swift (in target 'Functions' from project 'Supabase')
    cd /Users/khanghnguyen/Downloads/Wishie/Wishie.xcodeproj
    

SwiftDriverJobDiscovery normal arm64 Compiling RealtimeClientV2.swift, RealtimeError.swift, RealtimeJoinConfig.swift (in target 'Realtime' from project 'Supabase')

SwiftCompile normal arm64 Compiling\ Types.swift /Users/khanghnguyen/Library/Developer/Xcode/DerivedData/Wishie-gavmeupfwiyxzhaiqkwzocyeeixy/SourcePackages/checkouts/supabase-swift/Sources/Functions/Types.swift (in target 'Functions' from project 'Supabase')

SwiftCompile normal arm64 /Users/khanghnguyen/Library/Developer/Xcode/DerivedData/Wishie-gavmeupfwiyxzhaiqkwzocyeeixy/SourcePackages/checkouts/supabase-swift/Sources/Functions/Types.swift (in target 'Functions' from project 'Supabase')
    cd /Users/khanghnguyen/Downloads/Wishie/Wishie.xcodeproj
    

SwiftDriverJobDiscovery normal arm64 Compiling Types.swift, URLSessionWebSocket.swift, WebSocket.swift (in target 'Realtime' from project 'Supabase')

SwiftDriverJobDiscovery normal arm64 Compiling PostgrestTransformBuilder.swift (in target 'PostgREST' from project 'Supabase')

SwiftDriver\ Compilation Realtime normal arm64 com.apple.xcode.tools.swift.compiler (in target 'Realtime' from project 'Supabase')
    cd /Users/khanghnguyen/Downloads/Wishie/Wishie.xcodeproj
    builtin-Swift-Compilation -- /Applications/Xcode.app/Contents/Developer/Toolchains/XcodeDefault.xctoolchain/usr/bin/swiftc -module-name Realtime -Onone -enforce-exclusivity\=checked @/Users/khanghnguyen/Library/Developer/Xcode/DerivedData/Wishie-gavmeupfwiyxzhaiqkwzocyeeixy/Build/Intermediates.noindex/Supabase.build/Debug-iphoneos/Realtime.build/Objects-normal/arm64/Realtime.SwiftFileList -DSWIFT_PACKAGE -DDEBUG -DSWIFT_MODULE_RESOURCE_BUNDLE_UNAVAILABLE -DXcode -enable-upcoming-feature ExistentialAny -enable-experimental-feature StrictConcurrency -plugin-path /Applications/Xcode.app/Contents/Developer/Toolchains/XcodeDefault.xctoolchain/usr/lib/swift/host/plugins/testing -enable-experimental-feature DebugDescriptionMacro -sdk /Applications/Xcode.app/Contents/Developer/Platforms/iPhoneOS.platform/Developer/SDKs/iPhoneOS26.2.sdk -target arm64-apple-ios13.0 -g -module-cache-path /Users/khanghnguyen/Library/Developer/Xcode/DerivedData/ModuleCache.noindex -Xfrontend -serialize-debugging-options -profile-coverage-mapping -profile-generate -enable-testing -suppress-warnings -index-store-path /Users/khanghnguyen/Library/Developer/Xcode/DerivedData/Wishie-gavmeupfwiyxzhaiqkwzocyeeixy/Index.noindex/DataStore -Xcc -D_LIBCPP_HARDENING_MODE\=_LIBCPP_HARDENING_MODE_DEBUG -swift-version 5 -I /Users/khanghnguyen/Library/Developer/Xcode/DerivedData/Wishie-gavmeupfwiyxzhaiqkwzocyeeixy/Build/Products/Debug-iphoneos -Isystem /Applications/Xcode.app/Contents/Developer/Platforms/iPhoneOS.platform/Developer/usr/lib -F /Users/khanghnguyen/Library/Developer/Xcode/DerivedData/Wishie-gavmeupfwiyxzhaiqkwzocyeeixy/Build/Products/Debug-iphoneos/PackageFrameworks -F /Users/khanghnguyen/Library/Developer/Xcode/DerivedData/Wishie-gavmeupfwiyxzhaiqkwzocyeeixy/Build/Products/Debug-iphoneos/PackageFrameworks -F /Users/khanghnguyen/Library/Developer/Xcode/DerivedData/Wishie-gavmeupfwiyxzhaiqkwzocyeeixy/Build/Products/Debug-iphoneos/PackageFrameworks -F /Users/khanghnguyen/Library/Developer/Xcode/DerivedData/Wishie-gavmeupfwiyxzhaiqkwzocyeeixy/Build/Products/Debug-iphoneos/PackageFrameworks -F /Users/khanghnguyen/Library/Developer/Xcode/DerivedData/Wishie-gavmeupfwiyxzhaiqkwzocyeeixy/Build/Products/Debug-iphoneos/PackageFrameworks -F /Users/khanghnguyen/Library/Developer/Xcode/DerivedData/Wishie-gavmeupfwiyxzhaiqkwzocyeeixy/Build/Products/Debug-iphoneos/PackageFrameworks -F /Users/khanghnguyen/Library/Developer/Xcode/DerivedData/Wishie-gavmeupfwiyxzhaiqkwzocyeeixy/Build/Products/Debug-iphoneos/PackageFrameworks -F /Users/khanghnguyen/Library/Developer/Xcode/DerivedData/Wishie-gavmeupfwiyxzhaiqkwzocyeeixy/Build/Products/Debug-iphoneos -F /Applications/Xcode.app/Contents/Developer/Platforms/iPhoneOS.platform/Developer/Library/Frameworks -F /Applications/Xcode.app/Contents/Developer/Platforms/iPhoneOS.platform/Developer/SDKs/iPhoneOS26.2.sdk/Developer/Library/Frameworks -c -j8 -enable-batch-mode -incremental -Xcc -ivfsstatcache -Xcc /Users/khanghnguyen/Library/Developer/Xcode/DerivedData/SDKStatCaches.noindex/iphoneos26.2-23C57-3794476bd08197c3e2abd9bb477ef7f7.sdkstatcache -output-file-map /Users/khanghnguyen/Library/Developer/Xcode/DerivedData/Wishie-gavmeupfwiyxzhaiqkwzocyeeixy/Build/Intermediates.noindex/Supabase.build/Debug-iphoneos/Realtime.build/Objects-normal/arm64/Realtime-OutputFileMap.json -use-frontend-parseable-output -save-temps -no-color-diagnostics -explicit-module-build -module-cache-path /Users/khanghnguyen/Library/Developer/Xcode/DerivedData/Wishie-gavmeupfwiyxzhaiqkwzocyeeixy/Build/Intermediates.noindex/SwiftExplicitPrecompiledModules -clang-scanner-module-cache-path /Users/khanghnguyen/Library/Developer/Xcode/DerivedData/ModuleCache.noindex -sdk-module-cache-path /Users/khanghnguyen/Library/Developer/Xcode/DerivedData/ModuleCache.noindex -serialize-diagnostics -emit-dependencies -emit-module -emit-module-path /Users/khanghnguyen/Library/Developer/Xcode/DerivedData/Wishie-gavmeupfwiyxzhaiqkwzocyeeixy/Build/Intermediates.noindex/Supabase.build/Debug-iphoneos/Realtime.build/Objects-normal/arm64/Realtime.swiftmodule -validate-clang-modules-once -clang-build-session-file /Users/khanghnguyen/Library/Developer/Xcode/DerivedData/ModuleCache.noindex/Session.modulevalidation -package-name supabase_swift -Xcc -I/Users/khanghnguyen/Library/Developer/Xcode/DerivedData/Wishie-gavmeupfwiyxzhaiqkwzocyeeixy/Build/Intermediates.noindex/Supabase.build/Debug-iphoneos/Realtime.build/swift-overrides.hmap -emit-const-values -Xfrontend -const-gather-protocols-file -Xfrontend /Users/khanghnguyen/Library/Developer/Xcode/DerivedData/Wishie-gavmeupfwiyxzhaiqkwzocyeeixy/Build/Intermediates.noindex/Supabase.build/Debug-iphoneos/Realtime.build/Objects-normal/arm64/Realtime_const_extract_protocols.json -Xcc -I/Users/khanghnguyen/Library/Developer/Xcode/DerivedData/Wishie-gavmeupfwiyxzhaiqkwzocyeeixy/Build/Products/Debug-iphoneos/include -Xcc -I/Users/khanghnguyen/Library/Developer/Xcode/DerivedData/Wishie-gavmeupfwiyxzhaiqkwzocyeeixy/Build/Intermediates.noindex/Supabase.build/Debug-iphoneos/Realtime.build/DerivedSources-normal/arm64 -Xcc -I/Users/khanghnguyen/Library/Developer/Xcode/DerivedData/Wishie-gavmeupfwiyxzhaiqkwzocyeeixy/Build/Intermediates.noindex/Supabase.build/Debug-iphoneos/Realtime.build/DerivedSources/arm64 -Xcc -I/Users/khanghnguyen/Library/Developer/Xcode/DerivedData/Wishie-gavmeupfwiyxzhaiqkwzocyeeixy/Build/Intermediates.noindex/Supabase.build/Debug-iphoneos/Realtime.build/DerivedSources -Xcc -DSWIFT_PACKAGE -Xcc -DDEBUG\=1 -emit-objc-header -emit-objc-header-path /Users/khanghnguyen/Library/Developer/Xcode/DerivedData/Wishie-gavmeupfwiyxzhaiqkwzocyeeixy/Build/Intermediates.noindex/Supabase.build/Debug-iphoneos/Realtime.build/Objects-normal/arm64/Realtime-Swift.h -working-directory /Users/khanghnguyen/Downloads/Wishie/Wishie.xcodeproj -experimental-emit-module-separately -disable-cmo

SwiftCompile normal arm64 Compiling\ Exports.swift /Users/khanghnguyen/Library/Developer/Xcode/DerivedData/Wishie-gavmeupfwiyxzhaiqkwzocyeeixy/SourcePackages/checkouts/supabase-swift/Sources/Functions/Exports.swift (in target 'Functions' from project 'Supabase')

SwiftCompile normal arm64 /Users/khanghnguyen/Library/Developer/Xcode/DerivedData/Wishie-gavmeupfwiyxzhaiqkwzocyeeixy/SourcePackages/checkouts/supabase-swift/Sources/Functions/Exports.swift (in target 'Functions' from project 'Supabase')
    cd /Users/khanghnguyen/Downloads/Wishie/Wishie.xcodeproj
    

SwiftCompile normal arm64 Compiling\ Constants.swift,\ Dependencies.swift,\ EventEmitter.swift,\ FixedWidthInteger+Random.swift /Users/khanghnguyen/Library/Developer/Xcode/DerivedData/Wishie-gavmeupfwiyxzhaiqkwzocyeeixy/SourcePackages/checkouts/supabase-swift/Sources/Auth/Internal/Constants.swift /Users/khanghnguyen/Library/Developer/Xcode/DerivedData/Wishie-gavmeupfwiyxzhaiqkwzocyeeixy/SourcePackages/checkouts/supabase-swift/Sources/Auth/Internal/Dependencies.swift /Users/khanghnguyen/Library/Developer/Xcode/DerivedData/Wishie-gavmeupfwiyxzhaiqkwzocyeeixy/SourcePackages/checkouts/supabase-swift/Sources/Auth/Internal/EventEmitter.swift /Users/khanghnguyen/Library/Developer/Xcode/DerivedData/Wishie-gavmeupfwiyxzhaiqkwzocyeeixy/SourcePackages/checkouts/supabase-swift/Sources/Auth/Internal/FixedWidthInteger+Random.swift (in target 'Auth' from project 'Supabase')
SwiftCompile normal arm64 /Users/khanghnguyen/Library/Developer/Xcode/DerivedData/Wishie-gavmeupfwiyxzhaiqkwzocyeeixy/SourcePackages/checkouts/supabase-swift/Sources/Auth/Internal/Constants.swift (in target 'Auth' from project 'Supabase')
    cd /Users/khanghnguyen/Downloads/Wishie/Wishie.xcodeproj
    

SwiftCompile normal arm64 /Users/khanghnguyen/Library/Developer/Xcode/DerivedData/Wishie-gavmeupfwiyxzhaiqkwzocyeeixy/SourcePackages/checkouts/supabase-swift/Sources/Auth/Internal/Dependencies.swift (in target 'Auth' from project 'Supabase')
    cd /Users/khanghnguyen/Downloads/Wishie/Wishie.xcodeproj
    

SwiftCompile normal arm64 /Users/khanghnguyen/Library/Developer/Xcode/DerivedData/Wishie-gavmeupfwiyxzhaiqkwzocyeeixy/SourcePackages/checkouts/supabase-swift/Sources/Auth/Internal/EventEmitter.swift (in target 'Auth' from project 'Supabase')
    cd /Users/khanghnguyen/Downloads/Wishie/Wishie.xcodeproj
    

SwiftCompile normal arm64 /Users/khanghnguyen/Library/Developer/Xcode/DerivedData/Wishie-gavmeupfwiyxzhaiqkwzocyeeixy/SourcePackages/checkouts/supabase-swift/Sources/Auth/Internal/FixedWidthInteger+Random.swift (in target 'Auth' from project 'Supabase')
    cd /Users/khanghnguyen/Downloads/Wishie/Wishie.xcodeproj
    

SwiftDriverJobDiscovery normal arm64 Compiling Defaults.swift, Deprecated.swift (in target 'PostgREST' from project 'Supabase')

SwiftCompile normal arm64 Compiling\ SessionStorage.swift,\ URLOpener.swift,\ AuthLocalStorage.swift /Users/khanghnguyen/Library/Developer/Xcode/DerivedData/Wishie-gavmeupfwiyxzhaiqkwzocyeeixy/SourcePackages/checkouts/supabase-swift/Sources/Auth/Internal/SessionStorage.swift /Users/khanghnguyen/Library/Developer/Xcode/DerivedData/Wishie-gavmeupfwiyxzhaiqkwzocyeeixy/SourcePackages/checkouts/supabase-swift/Sources/Auth/Internal/URLOpener.swift /Users/khanghnguyen/Library/Developer/Xcode/DerivedData/Wishie-gavmeupfwiyxzhaiqkwzocyeeixy/SourcePackages/checkouts/supabase-swift/Sources/Auth/Storage/AuthLocalStorage.swift (in target 'Auth' from project 'Supabase')

SwiftCompile normal arm64 /Users/khanghnguyen/Library/Developer/Xcode/DerivedData/Wishie-gavmeupfwiyxzhaiqkwzocyeeixy/SourcePackages/checkouts/supabase-swift/Sources/Auth/Internal/SessionStorage.swift (in target 'Auth' from project 'Supabase')
    cd /Users/khanghnguyen/Downloads/Wishie/Wishie.xcodeproj
    

SwiftCompile normal arm64 /Users/khanghnguyen/Library/Developer/Xcode/DerivedData/Wishie-gavmeupfwiyxzhaiqkwzocyeeixy/SourcePackages/checkouts/supabase-swift/Sources/Auth/Internal/URLOpener.swift (in target 'Auth' from project 'Supabase')
    cd /Users/khanghnguyen/Downloads/Wishie/Wishie.xcodeproj
    

SwiftCompile normal arm64 /Users/khanghnguyen/Library/Developer/Xcode/DerivedData/Wishie-gavmeupfwiyxzhaiqkwzocyeeixy/SourcePackages/checkouts/supabase-swift/Sources/Auth/Storage/AuthLocalStorage.swift (in target 'Auth' from project 'Supabase')
    cd /Users/khanghnguyen/Downloads/Wishie/Wishie.xcodeproj
    

SwiftDriverJobDiscovery normal arm64 Compiling Exports.swift, PostgrestBuilder.swift (in target 'PostgREST' from project 'Supabase')

SwiftCompile normal arm64 Compiling\ Deprecated.swift,\ Exports.swift,\ APIClient.swift,\ CodeVerifierStorage.swift /Users/khanghnguyen/Library/Developer/Xcode/DerivedData/Wishie-gavmeupfwiyxzhaiqkwzocyeeixy/SourcePackages/checkouts/supabase-swift/Sources/Auth/Deprecated.swift /Users/khanghnguyen/Library/Developer/Xcode/DerivedData/Wishie-gavmeupfwiyxzhaiqkwzocyeeixy/SourcePackages/checkouts/supabase-swift/Sources/Auth/Exports.swift /Users/khanghnguyen/Library/Developer/Xcode/DerivedData/Wishie-gavmeupfwiyxzhaiqkwzocyeeixy/SourcePackages/checkouts/supabase-swift/Sources/Auth/Internal/APIClient.swift /Users/khanghnguyen/Library/Developer/Xcode/DerivedData/Wishie-gavmeupfwiyxzhaiqkwzocyeeixy/SourcePackages/checkouts/supabase-swift/Sources/Auth/Internal/CodeVerifierStorage.swift (in target 'Auth' from project 'Supabase')
SwiftCompile normal arm64 /Users/khanghnguyen/Library/Developer/Xcode/DerivedData/Wishie-gavmeupfwiyxzhaiqkwzocyeeixy/SourcePackages/checkouts/supabase-swift/Sources/Auth/Deprecated.swift (in target 'Auth' from project 'Supabase')
    cd /Users/khanghnguyen/Downloads/Wishie/Wishie.xcodeproj
    

SwiftCompile normal arm64 /Users/khanghnguyen/Library/Developer/Xcode/DerivedData/Wishie-gavmeupfwiyxzhaiqkwzocyeeixy/SourcePackages/checkouts/supabase-swift/Sources/Auth/Exports.swift (in target 'Auth' from project 'Supabase')
    cd /Users/khanghnguyen/Downloads/Wishie/Wishie.xcodeproj
    

SwiftCompile normal arm64 /Users/khanghnguyen/Library/Developer/Xcode/DerivedData/Wishie-gavmeupfwiyxzhaiqkwzocyeeixy/SourcePackages/checkouts/supabase-swift/Sources/Auth/Internal/APIClient.swift (in target 'Auth' from project 'Supabase')
    cd /Users/khanghnguyen/Downloads/Wishie/Wishie.xcodeproj
    

SwiftCompile normal arm64 /Users/khanghnguyen/Library/Developer/Xcode/DerivedData/Wishie-gavmeupfwiyxzhaiqkwzocyeeixy/SourcePackages/checkouts/supabase-swift/Sources/Auth/Internal/CodeVerifierStorage.swift (in target 'Auth' from project 'Supabase')
    cd /Users/khanghnguyen/Downloads/Wishie/Wishie.xcodeproj
    

SwiftDriverJobDiscovery normal arm64 Compiling PostgrestClient.swift (in target 'PostgREST' from project 'Supabase')

SwiftDriverJobDiscovery normal arm64 Compiling PostgrestQueryBuilder.swift (in target 'PostgREST' from project 'Supabase')

SwiftCompile normal arm64 Compiling\ Keychain.swift,\ PKCE.swift,\ SessionManager.swift /Users/khanghnguyen/Library/Developer/Xcode/DerivedData/Wishie-gavmeupfwiyxzhaiqkwzocyeeixy/SourcePackages/checkouts/supabase-swift/Sources/Auth/Internal/Keychain.swift /Users/khanghnguyen/Library/Developer/Xcode/DerivedData/Wishie-gavmeupfwiyxzhaiqkwzocyeeixy/SourcePackages/checkouts/supabase-swift/Sources/Auth/Internal/PKCE.swift /Users/khanghnguyen/Library/Developer/Xcode/DerivedData/Wishie-gavmeupfwiyxzhaiqkwzocyeeixy/SourcePackages/checkouts/supabase-swift/Sources/Auth/Internal/SessionManager.swift (in target 'Auth' from project 'Supabase')
SwiftCompile normal arm64 /Users/khanghnguyen/Library/Developer/Xcode/DerivedData/Wishie-gavmeupfwiyxzhaiqkwzocyeeixy/SourcePackages/checkouts/supabase-swift/Sources/Auth/Internal/Keychain.swift (in target 'Auth' from project 'Supabase')
    cd /Users/khanghnguyen/Downloads/Wishie/Wishie.xcodeproj
    

SwiftCompile normal arm64 /Users/khanghnguyen/Library/Developer/Xcode/DerivedData/Wishie-gavmeupfwiyxzhaiqkwzocyeeixy/SourcePackages/checkouts/supabase-swift/Sources/Auth/Internal/PKCE.swift (in target 'Auth' from project 'Supabase')
    cd /Users/khanghnguyen/Downloads/Wishie/Wishie.xcodeproj
    

SwiftCompile normal arm64 /Users/khanghnguyen/Library/Developer/Xcode/DerivedData/Wishie-gavmeupfwiyxzhaiqkwzocyeeixy/SourcePackages/checkouts/supabase-swift/Sources/Auth/Internal/SessionManager.swift (in target 'Auth' from project 'Supabase')
    cd /Users/khanghnguyen/Downloads/Wishie/Wishie.xcodeproj
    

SwiftDriverJobDiscovery normal arm64 Compiling Exports.swift (in target 'Functions' from project 'Supabase')

SwiftCompile normal arm64 Compiling\ AuthError.swift,\ AuthMFA.swift,\ AuthStateChangeListener.swift,\ Defaults.swift /Users/khanghnguyen/Library/Developer/Xcode/DerivedData/Wishie-gavmeupfwiyxzhaiqkwzocyeeixy/SourcePackages/checkouts/supabase-swift/Sources/Auth/AuthError.swift /Users/khanghnguyen/Library/Developer/Xcode/DerivedData/Wishie-gavmeupfwiyxzhaiqkwzocyeeixy/SourcePackages/checkouts/supabase-swift/Sources/Auth/AuthMFA.swift /Users/khanghnguyen/Library/Developer/Xcode/DerivedData/Wishie-gavmeupfwiyxzhaiqkwzocyeeixy/SourcePackages/checkouts/supabase-swift/Sources/Auth/AuthStateChangeListener.swift /Users/khanghnguyen/Library/Developer/Xcode/DerivedData/Wishie-gavmeupfwiyxzhaiqkwzocyeeixy/SourcePackages/checkouts/supabase-swift/Sources/Auth/Defaults.swift (in target 'Auth' from project 'Supabase')
SwiftCompile normal arm64 /Users/khanghnguyen/Library/Developer/Xcode/DerivedData/Wishie-gavmeupfwiyxzhaiqkwzocyeeixy/SourcePackages/checkouts/supabase-swift/Sources/Auth/AuthError.swift (in target 'Auth' from project 'Supabase')
    cd /Users/khanghnguyen/Downloads/Wishie/Wishie.xcodeproj
    

SwiftCompile normal arm64 /Users/khanghnguyen/Library/Developer/Xcode/DerivedData/Wishie-gavmeupfwiyxzhaiqkwzocyeeixy/SourcePackages/checkouts/supabase-swift/Sources/Auth/AuthMFA.swift (in target 'Auth' from project 'Supabase')
    cd /Users/khanghnguyen/Downloads/Wishie/Wishie.xcodeproj
    

SwiftCompile normal arm64 /Users/khanghnguyen/Library/Developer/Xcode/DerivedData/Wishie-gavmeupfwiyxzhaiqkwzocyeeixy/SourcePackages/checkouts/supabase-swift/Sources/Auth/AuthStateChangeListener.swift (in target 'Auth' from project 'Supabase')
    cd /Users/khanghnguyen/Downloads/Wishie/Wishie.xcodeproj
    

SwiftCompile normal arm64 /Users/khanghnguyen/Library/Developer/Xcode/DerivedData/Wishie-gavmeupfwiyxzhaiqkwzocyeeixy/SourcePackages/checkouts/supabase-swift/Sources/Auth/Defaults.swift (in target 'Auth' from project 'Supabase')
    cd /Users/khanghnguyen/Downloads/Wishie/Wishie.xcodeproj
    

SwiftCompile normal arm64 Compiling\ KeychainLocalStorage.swift,\ WinCredLocalStorage.swift,\ Types.swift /Users/khanghnguyen/Library/Developer/Xcode/DerivedData/Wishie-gavmeupfwiyxzhaiqkwzocyeeixy/SourcePackages/checkouts/supabase-swift/Sources/Auth/Storage/KeychainLocalStorage.swift /Users/khanghnguyen/Library/Developer/Xcode/DerivedData/Wishie-gavmeupfwiyxzhaiqkwzocyeeixy/SourcePackages/checkouts/supabase-swift/Sources/Auth/Storage/WinCredLocalStorage.swift /Users/khanghnguyen/Library/Developer/Xcode/DerivedData/Wishie-gavmeupfwiyxzhaiqkwzocyeeixy/SourcePackages/checkouts/supabase-swift/Sources/Auth/Types.swift (in target 'Auth' from project 'Supabase')
SwiftCompile normal arm64 /Users/khanghnguyen/Library/Developer/Xcode/DerivedData/Wishie-gavmeupfwiyxzhaiqkwzocyeeixy/SourcePackages/checkouts/supabase-swift/Sources/Auth/Storage/KeychainLocalStorage.swift (in target 'Auth' from project 'Supabase')
    cd /Users/khanghnguyen/Downloads/Wishie/Wishie.xcodeproj
    
/Users/khanghnguyen/Library/Developer/Xcode/DerivedData/Wishie-gavmeupfwiyxzhaiqkwzocyeeixy/Build/Intermediates.noindex/Wishie.build/Debug-iphoneos/Wishie.build/DerivedSources/GeneratedAssetSymbols.swift:753:14: warning: The "add" image asset name resolves to a conflicting UIImage symbol "add". Try renaming the asset.
    #warning("The \"add\" image asset name resolves to a conflicting UIImage symbol \"add\". Try renaming the asset.")
             ^~~~~~~~~~~~~~~~~~~~~~~~~~~~~~~~~~~~~~~~~~~~~~~~~~~~~~~~~~~~~~~~~~~~~~~~~~~~~~~~~~~~~~~~~~~~~~~~~~~~~~~~

SwiftCompile normal arm64 /Users/khanghnguyen/Library/Developer/Xcode/DerivedData/Wishie-gavmeupfwiyxzhaiqkwzocyeeixy/SourcePackages/checkouts/supabase-swift/Sources/Auth/Storage/WinCredLocalStorage.swift (in target 'Auth' from project 'Supabase')
    cd /Users/khanghnguyen/Downloads/Wishie/Wishie.xcodeproj
    

SwiftCompile normal arm64 /Users/khanghnguyen/Library/Developer/Xcode/DerivedData/Wishie-gavmeupfwiyxzhaiqkwzocyeeixy/SourcePackages/checkouts/supabase-swift/Sources/Auth/Types.swift (in target 'Auth' from project 'Supabase')
    cd /Users/khanghnguyen/Downloads/Wishie/Wishie.xcodeproj
    

SwiftDriverJobDiscovery normal arm64 Compiling Types.swift (in target 'Functions' from project 'Supabase')

SwiftCompile normal arm64 Compiling\ AuthAdmin.swift,\ AuthAdminOAuth.swift,\ AuthClient.swift,\ AuthClientConfiguration.swift /Users/khanghnguyen/Library/Developer/Xcode/DerivedData/Wishie-gavmeupfwiyxzhaiqkwzocyeeixy/SourcePackages/checkouts/supabase-swift/Sources/Auth/AuthAdmin.swift /Users/khanghnguyen/Library/Developer/Xcode/DerivedData/Wishie-gavmeupfwiyxzhaiqkwzocyeeixy/SourcePackages/checkouts/supabase-swift/Sources/Auth/AuthAdminOAuth.swift /Users/khanghnguyen/Library/Developer/Xcode/DerivedData/Wishie-gavmeupfwiyxzhaiqkwzocyeeixy/SourcePackages/checkouts/supabase-swift/Sources/Auth/AuthClient.swift /Users/khanghnguyen/Library/Developer/Xcode/DerivedData/Wishie-gavmeupfwiyxzhaiqkwzocyeeixy/SourcePackages/checkouts/supabase-swift/Sources/Auth/AuthClientConfiguration.swift (in target 'Auth' from project 'Supabase')

SwiftCompile normal arm64 /Users/khanghnguyen/Library/Developer/Xcode/DerivedData/Wishie-gavmeupfwiyxzhaiqkwzocyeeixy/SourcePackages/checkouts/supabase-swift/Sources/Auth/AuthAdmin.swift (in target 'Auth' from project 'Supabase')
    cd /Users/khanghnguyen/Downloads/Wishie/Wishie.xcodeproj
    

SwiftCompile normal arm64 /Users/khanghnguyen/Library/Developer/Xcode/DerivedData/Wishie-gavmeupfwiyxzhaiqkwzocyeeixy/SourcePackages/checkouts/supabase-swift/Sources/Auth/AuthAdminOAuth.swift (in target 'Auth' from project 'Supabase')
    cd /Users/khanghnguyen/Downloads/Wishie/Wishie.xcodeproj
    

SwiftCompile normal arm64 /Users/khanghnguyen/Library/Developer/Xcode/DerivedData/Wishie-gavmeupfwiyxzhaiqkwzocyeeixy/SourcePackages/checkouts/supabase-swift/Sources/Auth/AuthClient.swift (in target 'Auth' from project 'Supabase')
    cd /Users/khanghnguyen/Downloads/Wishie/Wishie.xcodeproj
    

SwiftCompile normal arm64 /Users/khanghnguyen/Library/Developer/Xcode/DerivedData/Wishie-gavmeupfwiyxzhaiqkwzocyeeixy/SourcePackages/checkouts/supabase-swift/Sources/Auth/AuthClientConfiguration.swift (in target 'Auth' from project 'Supabase')
    cd /Users/khanghnguyen/Downloads/Wishie/Wishie.xcodeproj
    

SwiftDriverJobDiscovery normal arm64 Compiling PostgrestFilterBuilder.swift (in target 'PostgREST' from project 'Supabase')

SwiftDriver\ Compilation PostgREST normal arm64 com.apple.xcode.tools.swift.compiler (in target 'PostgREST' from project 'Supabase')
    cd /Users/khanghnguyen/Downloads/Wishie/Wishie.xcodeproj
    builtin-Swift-Compilation -- /Applications/Xcode.app/Contents/Developer/Toolchains/XcodeDefault.xctoolchain/usr/bin/swiftc -module-name PostgREST -Onone -enforce-exclusivity\=checked @/Users/khanghnguyen/Library/Developer/Xcode/DerivedData/Wishie-gavmeupfwiyxzhaiqkwzocyeeixy/Build/Intermediates.noindex/Supabase.build/Debug-iphoneos/PostgREST.build/Objects-normal/arm64/PostgREST.SwiftFileList -DSWIFT_PACKAGE -DDEBUG -DSWIFT_MODULE_RESOURCE_BUNDLE_UNAVAILABLE -DXcode -enable-upcoming-feature ExistentialAny -enable-experimental-feature StrictConcurrency -plugin-path /Applications/Xcode.app/Contents/Developer/Toolchains/XcodeDefault.xctoolchain/usr/lib/swift/host/plugins/testing -enable-experimental-feature DebugDescriptionMacro -sdk /Applications/Xcode.app/Contents/Developer/Platforms/iPhoneOS.platform/Developer/SDKs/iPhoneOS26.2.sdk -target arm64-apple-ios13.0 -g -module-cache-path /Users/khanghnguyen/Library/Developer/Xcode/DerivedData/ModuleCache.noindex -Xfrontend -serialize-debugging-options -profile-coverage-mapping -profile-generate -enable-testing -suppress-warnings -index-store-path /Users/khanghnguyen/Library/Developer/Xcode/DerivedData/Wishie-gavmeupfwiyxzhaiqkwzocyeeixy/Index.noindex/DataStore -Xcc -D_LIBCPP_HARDENING_MODE\=_LIBCPP_HARDENING_MODE_DEBUG -swift-version 5 -I /Users/khanghnguyen/Library/Developer/Xcode/DerivedData/Wishie-gavmeupfwiyxzhaiqkwzocyeeixy/Build/Products/Debug-iphoneos -Isystem /Applications/Xcode.app/Contents/Developer/Platforms/iPhoneOS.platform/Developer/usr/lib -F /Users/khanghnguyen/Library/Developer/Xcode/DerivedData/Wishie-gavmeupfwiyxzhaiqkwzocyeeixy/Build/Products/Debug-iphoneos/PackageFrameworks -F /Users/khanghnguyen/Library/Developer/Xcode/DerivedData/Wishie-gavmeupfwiyxzhaiqkwzocyeeixy/Build/Products/Debug-iphoneos/PackageFrameworks -F /Users/khanghnguyen/Library/Developer/Xcode/DerivedData/Wishie-gavmeupfwiyxzhaiqkwzocyeeixy/Build/Products/Debug-iphoneos/PackageFrameworks -F /Users/khanghnguyen/Library/Developer/Xcode/DerivedData/Wishie-gavmeupfwiyxzhaiqkwzocyeeixy/Build/Products/Debug-iphoneos/PackageFrameworks -F /Users/khanghnguyen/Library/Developer/Xcode/DerivedData/Wishie-gavmeupfwiyxzhaiqkwzocyeeixy/Build/Products/Debug-iphoneos/PackageFrameworks -F /Users/khanghnguyen/Library/Developer/Xcode/DerivedData/Wishie-gavmeupfwiyxzhaiqkwzocyeeixy/Build/Products/Debug-iphoneos/PackageFrameworks -F /Users/khanghnguyen/Library/Developer/Xcode/DerivedData/Wishie-gavmeupfwiyxzhaiqkwzocyeeixy/Build/Products/Debug-iphoneos/PackageFrameworks -F /Users/khanghnguyen/Library/Developer/Xcode/DerivedData/Wishie-gavmeupfwiyxzhaiqkwzocyeeixy/Build/Products/Debug-iphoneos -F /Applications/Xcode.app/Contents/Developer/Platforms/iPhoneOS.platform/Developer/Library/Frameworks -F /Applications/Xcode.app/Contents/Developer/Platforms/iPhoneOS.platform/Developer/SDKs/iPhoneOS26.2.sdk/Developer/Library/Frameworks -c -j8 -enable-batch-mode -incremental -Xcc -ivfsstatcache -Xcc /Users/khanghnguyen/Library/Developer/Xcode/DerivedData/SDKStatCaches.noindex/iphoneos26.2-23C57-3794476bd08197c3e2abd9bb477ef7f7.sdkstatcache -output-file-map /Users/khanghnguyen/Library/Developer/Xcode/DerivedData/Wishie-gavmeupfwiyxzhaiqkwzocyeeixy/Build/Intermediates.noindex/Supabase.build/Debug-iphoneos/PostgREST.build/Objects-normal/arm64/PostgREST-OutputFileMap.json -use-frontend-parseable-output -save-temps -no-color-diagnostics -explicit-module-build -module-cache-path /Users/khanghnguyen/Library/Developer/Xcode/DerivedData/Wishie-gavmeupfwiyxzhaiqkwzocyeeixy/Build/Intermediates.noindex/SwiftExplicitPrecompiledModules -clang-scanner-module-cache-path /Users/khanghnguyen/Library/Developer/Xcode/DerivedData/ModuleCache.noindex -sdk-module-cache-path /Users/khanghnguyen/Library/Developer/Xcode/DerivedData/ModuleCache.noindex -serialize-diagnostics -emit-dependencies -emit-module -emit-module-path /Users/khanghnguyen/Library/Developer/Xcode/DerivedData/Wishie-gavmeupfwiyxzhaiqkwzocyeeixy/Build/Intermediates.noindex/Supabase.build/Debug-iphoneos/PostgREST.build/Objects-normal/arm64/PostgREST.swiftmodule -validate-clang-modules-once -clang-build-session-file /Users/khanghnguyen/Library/Developer/Xcode/DerivedData/ModuleCache.noindex/Session.modulevalidation -package-name supabase_swift -Xcc -I/Users/khanghnguyen/Library/Developer/Xcode/DerivedData/Wishie-gavmeupfwiyxzhaiqkwzocyeeixy/Build/Intermediates.noindex/Supabase.build/Debug-iphoneos/PostgREST.build/swift-overrides.hmap -emit-const-values -Xfrontend -const-gather-protocols-file -Xfrontend /Users/khanghnguyen/Library/Developer/Xcode/DerivedData/Wishie-gavmeupfwiyxzhaiqkwzocyeeixy/Build/Intermediates.noindex/Supabase.build/Debug-iphoneos/PostgREST.build/Objects-normal/arm64/PostgREST_const_extract_protocols.json -Xcc -I/Users/khanghnguyen/Library/Developer/Xcode/DerivedData/Wishie-gavmeupfwiyxzhaiqkwzocyeeixy/Build/Products/Debug-iphoneos/include -Xcc -I/Users/khanghnguyen/Library/Developer/Xcode/DerivedData/Wishie-gavmeupfwiyxzhaiqkwzocyeeixy/Build/Intermediates.noindex/Supabase.build/Debug-iphoneos/PostgREST.build/DerivedSources-normal/arm64 -Xcc -I/Users/khanghnguyen/Library/Developer/Xcode/DerivedData/Wishie-gavmeupfwiyxzhaiqkwzocyeeixy/Build/Intermediates.noindex/Supabase.build/Debug-iphoneos/PostgREST.build/DerivedSources/arm64 -Xcc -I/Users/khanghnguyen/Library/Developer/Xcode/DerivedData/Wishie-gavmeupfwiyxzhaiqkwzocyeeixy/Build/Intermediates.noindex/Supabase.build/Debug-iphoneos/PostgREST.build/DerivedSources -Xcc -DSWIFT_PACKAGE -Xcc -DDEBUG\=1 -emit-objc-header -emit-objc-header-path /Users/khanghnguyen/Library/Developer/Xcode/DerivedData/Wishie-gavmeupfwiyxzhaiqkwzocyeeixy/Build/Intermediates.noindex/Supabase.build/Debug-iphoneos/PostgREST.build/Objects-normal/arm64/PostgREST-Swift.h -working-directory /Users/khanghnguyen/Downloads/Wishie/Wishie.xcodeproj -experimental-emit-module-separately -disable-cmo

SwiftDriverJobDiscovery normal arm64 Compiling FunctionsClient.swift (in target 'Functions' from project 'Supabase')

SwiftCompile normal arm64 Compiling\ Helpers.swift,\ JWK+RSA.swift,\ JWTAlgorithm.swift /Users/khanghnguyen/Library/Developer/Xcode/DerivedData/Wishie-gavmeupfwiyxzhaiqkwzocyeeixy/SourcePackages/checkouts/supabase-swift/Sources/Auth/Internal/Helpers.swift /Users/khanghnguyen/Library/Developer/Xcode/DerivedData/Wishie-gavmeupfwiyxzhaiqkwzocyeeixy/SourcePackages/checkouts/supabase-swift/Sources/Auth/Internal/JWK+RSA.swift /Users/khanghnguyen/Library/Developer/Xcode/DerivedData/Wishie-gavmeupfwiyxzhaiqkwzocyeeixy/SourcePackages/checkouts/supabase-swift/Sources/Auth/Internal/JWTAlgorithm.swift (in target 'Auth' from project 'Supabase')

SwiftCompile normal arm64 /Users/khanghnguyen/Library/Developer/Xcode/DerivedData/Wishie-gavmeupfwiyxzhaiqkwzocyeeixy/SourcePackages/checkouts/supabase-swift/Sources/Auth/Internal/Helpers.swift (in target 'Auth' from project 'Supabase')
    cd /Users/khanghnguyen/Downloads/Wishie/Wishie.xcodeproj
    

SwiftCompile normal arm64 /Users/khanghnguyen/Library/Developer/Xcode/DerivedData/Wishie-gavmeupfwiyxzhaiqkwzocyeeixy/SourcePackages/checkouts/supabase-swift/Sources/Auth/Internal/JWK+RSA.swift (in target 'Auth' from project 'Supabase')
    cd /Users/khanghnguyen/Downloads/Wishie/Wishie.xcodeproj
    

SwiftCompile normal arm64 /Users/khanghnguyen/Library/Developer/Xcode/DerivedData/Wishie-gavmeupfwiyxzhaiqkwzocyeeixy/SourcePackages/checkouts/supabase-swift/Sources/Auth/Internal/JWTAlgorithm.swift (in target 'Auth' from project 'Supabase')
    cd /Users/khanghnguyen/Downloads/Wishie/Wishie.xcodeproj
    

SwiftDriver\ Compilation Functions normal arm64 com.apple.xcode.tools.swift.compiler (in target 'Functions' from project 'Supabase')
    cd /Users/khanghnguyen/Downloads/Wishie/Wishie.xcodeproj
    builtin-Swift-Compilation -- /Applications/Xcode.app/Contents/Developer/Toolchains/XcodeDefault.xctoolchain/usr/bin/swiftc -module-name Functions -Onone -enforce-exclusivity\=checked @/Users/khanghnguyen/Library/Developer/Xcode/DerivedData/Wishie-gavmeupfwiyxzhaiqkwzocyeeixy/Build/Intermediates.noindex/Supabase.build/Debug-iphoneos/Functions.build/Objects-normal/arm64/Functions.SwiftFileList -DSWIFT_PACKAGE -DDEBUG -DSWIFT_MODULE_RESOURCE_BUNDLE_UNAVAILABLE -DXcode -enable-upcoming-feature ExistentialAny -enable-experimental-feature StrictConcurrency -plugin-path /Applications/Xcode.app/Contents/Developer/Toolchains/XcodeDefault.xctoolchain/usr/lib/swift/host/plugins/testing -enable-experimental-feature DebugDescriptionMacro -sdk /Applications/Xcode.app/Contents/Developer/Platforms/iPhoneOS.platform/Developer/SDKs/iPhoneOS26.2.sdk -target arm64-apple-ios13.0 -g -module-cache-path /Users/khanghnguyen/Library/Developer/Xcode/DerivedData/ModuleCache.noindex -Xfrontend -serialize-debugging-options -profile-coverage-mapping -profile-generate -enable-testing -suppress-warnings -index-store-path /Users/khanghnguyen/Library/Developer/Xcode/DerivedData/Wishie-gavmeupfwiyxzhaiqkwzocyeeixy/Index.noindex/DataStore -Xcc -D_LIBCPP_HARDENING_MODE\=_LIBCPP_HARDENING_MODE_DEBUG -swift-version 5 -I /Users/khanghnguyen/Library/Developer/Xcode/DerivedData/Wishie-gavmeupfwiyxzhaiqkwzocyeeixy/Build/Products/Debug-iphoneos -Isystem /Applications/Xcode.app/Contents/Developer/Platforms/iPhoneOS.platform/Developer/usr/lib -F /Users/khanghnguyen/Library/Developer/Xcode/DerivedData/Wishie-gavmeupfwiyxzhaiqkwzocyeeixy/Build/Products/Debug-iphoneos/PackageFrameworks -F /Users/khanghnguyen/Library/Developer/Xcode/DerivedData/Wishie-gavmeupfwiyxzhaiqkwzocyeeixy/Build/Products/Debug-iphoneos/PackageFrameworks -F /Users/khanghnguyen/Library/Developer/Xcode/DerivedData/Wishie-gavmeupfwiyxzhaiqkwzocyeeixy/Build/Products/Debug-iphoneos/PackageFrameworks -F /Users/khanghnguyen/Library/Developer/Xcode/DerivedData/Wishie-gavmeupfwiyxzhaiqkwzocyeeixy/Build/Products/Debug-iphoneos/PackageFrameworks -F /Users/khanghnguyen/Library/Developer/Xcode/DerivedData/Wishie-gavmeupfwiyxzhaiqkwzocyeeixy/Build/Products/Debug-iphoneos/PackageFrameworks -F /Users/khanghnguyen/Library/Developer/Xcode/DerivedData/Wishie-gavmeupfwiyxzhaiqkwzocyeeixy/Build/Products/Debug-iphoneos/PackageFrameworks -F /Users/khanghnguyen/Library/Developer/Xcode/DerivedData/Wishie-gavmeupfwiyxzhaiqkwzocyeeixy/Build/Products/Debug-iphoneos/PackageFrameworks -F /Users/khanghnguyen/Library/Developer/Xcode/DerivedData/Wishie-gavmeupfwiyxzhaiqkwzocyeeixy/Build/Products/Debug-iphoneos -F /Applications/Xcode.app/Contents/Developer/Platforms/iPhoneOS.platform/Developer/Library/Frameworks -F /Applications/Xcode.app/Contents/Developer/Platforms/iPhoneOS.platform/Developer/SDKs/iPhoneOS26.2.sdk/Developer/Library/Frameworks -c -j8 -enable-batch-mode -incremental -Xcc -ivfsstatcache -Xcc /Users/khanghnguyen/Library/Developer/Xcode/DerivedData/SDKStatCaches.noindex/iphoneos26.2-23C57-3794476bd08197c3e2abd9bb477ef7f7.sdkstatcache -output-file-map /Users/khanghnguyen/Library/Developer/Xcode/DerivedData/Wishie-gavmeupfwiyxzhaiqkwzocyeeixy/Build/Intermediates.noindex/Supabase.build/Debug-iphoneos/Functions.build/Objects-normal/arm64/Functions-OutputFileMap.json -use-frontend-parseable-output -save-temps -no-color-diagnostics -explicit-module-build -module-cache-path /Users/khanghnguyen/Library/Developer/Xcode/DerivedData/Wishie-gavmeupfwiyxzhaiqkwzocyeeixy/Build/Intermediates.noindex/SwiftExplicitPrecompiledModules -clang-scanner-module-cache-path /Users/khanghnguyen/Library/Developer/Xcode/DerivedData/ModuleCache.noindex -sdk-module-cache-path /Users/khanghnguyen/Library/Developer/Xcode/DerivedData/ModuleCache.noindex -serialize-diagnostics -emit-dependencies -emit-module -emit-module-path /Users/khanghnguyen/Library/Developer/Xcode/DerivedData/Wishie-gavmeupfwiyxzhaiqkwzocyeeixy/Build/Intermediates.noindex/Supabase.build/Debug-iphoneos/Functions.build/Objects-normal/arm64/Functions.swiftmodule -validate-clang-modules-once -clang-build-session-file /Users/khanghnguyen/Library/Developer/Xcode/DerivedData/ModuleCache.noindex/Session.modulevalidation -package-name supabase_swift -Xcc -I/Users/khanghnguyen/Library/Developer/Xcode/DerivedData/Wishie-gavmeupfwiyxzhaiqkwzocyeeixy/Build/Intermediates.noindex/Supabase.build/Debug-iphoneos/Functions.build/swift-overrides.hmap -emit-const-values -Xfrontend -const-gather-protocols-file -Xfrontend /Users/khanghnguyen/Library/Developer/Xcode/DerivedData/Wishie-gavmeupfwiyxzhaiqkwzocyeeixy/Build/Intermediates.noindex/Supabase.build/Debug-iphoneos/Functions.build/Objects-normal/arm64/Functions_const_extract_protocols.json -Xcc -I/Users/khanghnguyen/Library/Developer/Xcode/DerivedData/Wishie-gavmeupfwiyxzhaiqkwzocyeeixy/Build/Products/Debug-iphoneos/include -Xcc -I/Users/khanghnguyen/Library/Developer/Xcode/DerivedData/Wishie-gavmeupfwiyxzhaiqkwzocyeeixy/Build/Intermediates.noindex/Supabase.build/Debug-iphoneos/Functions.build/DerivedSources-normal/arm64 -Xcc -I/Users/khanghnguyen/Library/Developer/Xcode/DerivedData/Wishie-gavmeupfwiyxzhaiqkwzocyeeixy/Build/Intermediates.noindex/Supabase.build/Debug-iphoneos/Functions.build/DerivedSources/arm64 -Xcc -I/Users/khanghnguyen/Library/Developer/Xcode/DerivedData/Wishie-gavmeupfwiyxzhaiqkwzocyeeixy/Build/Intermediates.noindex/Supabase.build/Debug-iphoneos/Functions.build/DerivedSources -Xcc -DSWIFT_PACKAGE -Xcc -DDEBUG\=1 -emit-objc-header -emit-objc-header-path /Users/khanghnguyen/Library/Developer/Xcode/DerivedData/Wishie-gavmeupfwiyxzhaiqkwzocyeeixy/Build/Intermediates.noindex/Supabase.build/Debug-iphoneos/Functions.build/Objects-normal/arm64/Functions-Swift.h -working-directory /Users/khanghnguyen/Downloads/Wishie/Wishie.xcodeproj -experimental-emit-module-separately -disable-cmo

SwiftDriverJobDiscovery normal arm64 Compiling SessionStorage.swift, URLOpener.swift, AuthLocalStorage.swift (in target 'Auth' from project 'Supabase')

SwiftDriverJobDiscovery normal arm64 Compiling Constants.swift, Dependencies.swift, EventEmitter.swift, FixedWidthInteger+Random.swift (in target 'Auth' from project 'Supabase')

Ld /Users/khanghnguyen/Library/Developer/Xcode/DerivedData/Wishie-gavmeupfwiyxzhaiqkwzocyeeixy/Build/Products/Debug-iphoneos/Storage.o normal (in target 'Storage' from project 'Supabase')
    cd /Users/khanghnguyen/Library/Developer/Xcode/DerivedData/Wishie-gavmeupfwiyxzhaiqkwzocyeeixy/SourcePackages/checkouts/supabase-swift
    /Applications/Xcode.app/Contents/Developer/Toolchains/XcodeDefault.xctoolchain/usr/bin/clang -Xlinker -reproducible -target arm64-apple-ios13.0 -r -isysroot /Applications/Xcode.app/Contents/Developer/Platforms/iPhoneOS.platform/Developer/SDKs/iPhoneOS26.2.sdk -O0 -w -L/Users/khanghnguyen/Library/Developer/Xcode/DerivedData/Wishie-gavmeupfwiyxzhaiqkwzocyeeixy/Build/Intermediates.noindex/EagerLinkingTBDs/Debug-iphoneos -L/Users/khanghnguyen/Library/Developer/Xcode/DerivedData/Wishie-gavmeupfwiyxzhaiqkwzocyeeixy/Build/Products/Debug-iphoneos -L/Applications/Xcode.app/Contents/Developer/Platforms/iPhoneOS.platform/Developer/usr/lib -F/Users/khanghnguyen/Library/Developer/Xcode/DerivedData/Wishie-gavmeupfwiyxzhaiqkwzocyeeixy/Build/Intermediates.noindex/EagerLinkingTBDs/Debug-iphoneos -F/Users/khanghnguyen/Library/Developer/Xcode/DerivedData/Wishie-gavmeupfwiyxzhaiqkwzocyeeixy/Build/Products/Debug-iphoneos/PackageFrameworks -F/Users/khanghnguyen/Library/Developer/Xcode/DerivedData/Wishie-gavmeupfwiyxzhaiqkwzocyeeixy/Build/Products/Debug-iphoneos/PackageFrameworks -F/Users/khanghnguyen/Library/Developer/Xcode/DerivedData/Wishie-gavmeupfwiyxzhaiqkwzocyeeixy/Build/Products/Debug-iphoneos/PackageFrameworks -F/Users/khanghnguyen/Library/Developer/Xcode/DerivedData/Wishie-gavmeupfwiyxzhaiqkwzocyeeixy/Build/Products/Debug-iphoneos/PackageFrameworks -F/Users/khanghnguyen/Library/Developer/Xcode/DerivedData/Wishie-gavmeupfwiyxzhaiqkwzocyeeixy/Build/Products/Debug-iphoneos/PackageFrameworks -F/Users/khanghnguyen/Library/Developer/Xcode/DerivedData/Wishie-gavmeupfwiyxzhaiqkwzocyeeixy/Build/Products/Debug-iphoneos/PackageFrameworks -F/Users/khanghnguyen/Library/Developer/Xcode/DerivedData/Wishie-gavmeupfwiyxzhaiqkwzocyeeixy/Build/Products/Debug-iphoneos/PackageFrameworks -F/Users/khanghnguyen/Library/Developer/Xcode/DerivedData/Wishie-gavmeupfwiyxzhaiqkwzocyeeixy/Build/Products/Debug-iphoneos -iframework /Applications/Xcode.app/Contents/Developer/Platforms/iPhoneOS.platform/Developer/Library/Frameworks -iframework /Applications/Xcode.app/Contents/Developer/Platforms/iPhoneOS.platform/Developer/SDKs/iPhoneOS26.2.sdk/Developer/Library/Frameworks -filelist /Users/khanghnguyen/Library/Developer/Xcode/DerivedData/Wishie-gavmeupfwiyxzhaiqkwzocyeeixy/Build/Intermediates.noindex/Supabase.build/Debug-iphoneos/Storage.build/Objects-normal/arm64/Storage.LinkFileList -nostdlib -Xlinker -object_path_lto -Xlinker /Users/khanghnguyen/Library/Developer/Xcode/DerivedData/Wishie-gavmeupfwiyxzhaiqkwzocyeeixy/Build/Intermediates.noindex/Supabase.build/Debug-iphoneos/Storage.build/Objects-normal/arm64/Storage_lto.o -rdynamic -Xlinker -no_deduplicate -Xlinker -debug_variant -Xlinker -dependency_info -Xlinker /Users/khanghnguyen/Library/Developer/Xcode/DerivedData/Wishie-gavmeupfwiyxzhaiqkwzocyeeixy/Build/Intermediates.noindex/Supabase.build/Debug-iphoneos/Storage.build/Objects-normal/arm64/Storage_dependency_info.dat -fobjc-link-runtime -L/Applications/Xcode.app/Contents/Developer/Toolchains/XcodeDefault.xctoolchain/usr/lib/swift/iphoneos -L/usr/lib/swift -Xlinker -add_ast_path -Xlinker /Users/khanghnguyen/Library/Developer/Xcode/DerivedData/Wishie-gavmeupfwiyxzhaiqkwzocyeeixy/Build/Intermediates.noindex/Supabase.build/Debug-iphoneos/Storage.build/Objects-normal/arm64/Storage.swiftmodule @/Users/khanghnguyen/Library/Developer/Xcode/DerivedData/Wishie-gavmeupfwiyxzhaiqkwzocyeeixy/Build/Intermediates.noindex/Supabase.build/Debug-iphoneos/Storage.build/Objects-normal/arm64/Storage-linker-args.resp -o /Users/khanghnguyen/Library/Developer/Xcode/DerivedData/Wishie-gavmeupfwiyxzhaiqkwzocyeeixy/Build/Products/Debug-iphoneos/Storage.o

Ld /Users/khanghnguyen/Library/Developer/Xcode/DerivedData/Wishie-gavmeupfwiyxzhaiqkwzocyeeixy/Build/Products/Debug-iphoneos/Realtime.o normal (in target 'Realtime' from project 'Supabase')
    cd /Users/khanghnguyen/Library/Developer/Xcode/DerivedData/Wishie-gavmeupfwiyxzhaiqkwzocyeeixy/SourcePackages/checkouts/supabase-swift
    /Applications/Xcode.app/Contents/Developer/Toolchains/XcodeDefault.xctoolchain/usr/bin/clang -Xlinker -reproducible -target arm64-apple-ios13.0 -r -isysroot /Applications/Xcode.app/Contents/Developer/Platforms/iPhoneOS.platform/Developer/SDKs/iPhoneOS26.2.sdk -O0 -w -L/Users/khanghnguyen/Library/Developer/Xcode/DerivedData/Wishie-gavmeupfwiyxzhaiqkwzocyeeixy/Build/Intermediates.noindex/EagerLinkingTBDs/Debug-iphoneos -L/Users/khanghnguyen/Library/Developer/Xcode/DerivedData/Wishie-gavmeupfwiyxzhaiqkwzocyeeixy/Build/Products/Debug-iphoneos -L/Applications/Xcode.app/Contents/Developer/Platforms/iPhoneOS.platform/Developer/usr/lib -F/Users/khanghnguyen/Library/Developer/Xcode/DerivedData/Wishie-gavmeupfwiyxzhaiqkwzocyeeixy/Build/Intermediates.noindex/EagerLinkingTBDs/Debug-iphoneos -F/Users/khanghnguyen/Library/Developer/Xcode/DerivedData/Wishie-gavmeupfwiyxzhaiqkwzocyeeixy/Build/Products/Debug-iphoneos/PackageFrameworks -F/Users/khanghnguyen/Library/Developer/Xcode/DerivedData/Wishie-gavmeupfwiyxzhaiqkwzocyeeixy/Build/Products/Debug-iphoneos/PackageFrameworks -F/Users/khanghnguyen/Library/Developer/Xcode/DerivedData/Wishie-gavmeupfwiyxzhaiqkwzocyeeixy/Build/Products/Debug-iphoneos/PackageFrameworks -F/Users/khanghnguyen/Library/Developer/Xcode/DerivedData/Wishie-gavmeupfwiyxzhaiqkwzocyeeixy/Build/Products/Debug-iphoneos/PackageFrameworks -F/Users/khanghnguyen/Library/Developer/Xcode/DerivedData/Wishie-gavmeupfwiyxzhaiqkwzocyeeixy/Build/Products/Debug-iphoneos/PackageFrameworks -F/Users/khanghnguyen/Library/Developer/Xcode/DerivedData/Wishie-gavmeupfwiyxzhaiqkwzocyeeixy/Build/Products/Debug-iphoneos/PackageFrameworks -F/Users/khanghnguyen/Library/Developer/Xcode/DerivedData/Wishie-gavmeupfwiyxzhaiqkwzocyeeixy/Build/Products/Debug-iphoneos/PackageFrameworks -F/Users/khanghnguyen/Library/Developer/Xcode/DerivedData/Wishie-gavmeupfwiyxzhaiqkwzocyeeixy/Build/Products/Debug-iphoneos -iframework /Applications/Xcode.app/Contents/Developer/Platforms/iPhoneOS.platform/Developer/Library/Frameworks -iframework /Applications/Xcode.app/Contents/Developer/Platforms/iPhoneOS.platform/Developer/SDKs/iPhoneOS26.2.sdk/Developer/Library/Frameworks -filelist /Users/khanghnguyen/Library/Developer/Xcode/DerivedData/Wishie-gavmeupfwiyxzhaiqkwzocyeeixy/Build/Intermediates.noindex/Supabase.build/Debug-iphoneos/Realtime.build/Objects-normal/arm64/Realtime.LinkFileList -nostdlib -Xlinker -object_path_lto -Xlinker /Users/khanghnguyen/Library/Developer/Xcode/DerivedData/Wishie-gavmeupfwiyxzhaiqkwzocyeeixy/Build/Intermediates.noindex/Supabase.build/Debug-iphoneos/Realtime.build/Objects-normal/arm64/Realtime_lto.o -rdynamic -Xlinker -no_deduplicate -Xlinker -debug_variant -Xlinker -dependency_info -Xlinker /Users/khanghnguyen/Library/Developer/Xcode/DerivedData/Wishie-gavmeupfwiyxzhaiqkwzocyeeixy/Build/Intermediates.noindex/Supabase.build/Debug-iphoneos/Realtime.build/Objects-normal/arm64/Realtime_dependency_info.dat -fobjc-link-runtime -L/Applications/Xcode.app/Contents/Developer/Toolchains/XcodeDefault.xctoolchain/usr/lib/swift/iphoneos -L/usr/lib/swift -Xlinker -add_ast_path -Xlinker /Users/khanghnguyen/Library/Developer/Xcode/DerivedData/Wishie-gavmeupfwiyxzhaiqkwzocyeeixy/Build/Intermediates.noindex/Supabase.build/Debug-iphoneos/Realtime.build/Objects-normal/arm64/Realtime.swiftmodule @/Users/khanghnguyen/Library/Developer/Xcode/DerivedData/Wishie-gavmeupfwiyxzhaiqkwzocyeeixy/Build/Intermediates.noindex/Supabase.build/Debug-iphoneos/Realtime.build/Objects-normal/arm64/Realtime-linker-args.resp -o /Users/khanghnguyen/Library/Developer/Xcode/DerivedData/Wishie-gavmeupfwiyxzhaiqkwzocyeeixy/Build/Products/Debug-iphoneos/Realtime.o

Ld /Users/khanghnguyen/Library/Developer/Xcode/DerivedData/Wishie-gavmeupfwiyxzhaiqkwzocyeeixy/Build/Products/Debug-iphoneos/PostgREST.o normal (in target 'PostgREST' from project 'Supabase')
    cd /Users/khanghnguyen/Library/Developer/Xcode/DerivedData/Wishie-gavmeupfwiyxzhaiqkwzocyeeixy/SourcePackages/checkouts/supabase-swift
    /Applications/Xcode.app/Contents/Developer/Toolchains/XcodeDefault.xctoolchain/usr/bin/clang -Xlinker -reproducible -target arm64-apple-ios13.0 -r -isysroot /Applications/Xcode.app/Contents/Developer/Platforms/iPhoneOS.platform/Developer/SDKs/iPhoneOS26.2.sdk -O0 -w -L/Users/khanghnguyen/Library/Developer/Xcode/DerivedData/Wishie-gavmeupfwiyxzhaiqkwzocyeeixy/Build/Intermediates.noindex/EagerLinkingTBDs/Debug-iphoneos -L/Users/khanghnguyen/Library/Developer/Xcode/DerivedData/Wishie-gavmeupfwiyxzhaiqkwzocyeeixy/Build/Products/Debug-iphoneos -L/Applications/Xcode.app/Contents/Developer/Platforms/iPhoneOS.platform/Developer/usr/lib -F/Users/khanghnguyen/Library/Developer/Xcode/DerivedData/Wishie-gavmeupfwiyxzhaiqkwzocyeeixy/Build/Intermediates.noindex/EagerLinkingTBDs/Debug-iphoneos -F/Users/khanghnguyen/Library/Developer/Xcode/DerivedData/Wishie-gavmeupfwiyxzhaiqkwzocyeeixy/Build/Products/Debug-iphoneos/PackageFrameworks -F/Users/khanghnguyen/Library/Developer/Xcode/DerivedData/Wishie-gavmeupfwiyxzhaiqkwzocyeeixy/Build/Products/Debug-iphoneos/PackageFrameworks -F/Users/khanghnguyen/Library/Developer/Xcode/DerivedData/Wishie-gavmeupfwiyxzhaiqkwzocyeeixy/Build/Products/Debug-iphoneos/PackageFrameworks -F/Users/khanghnguyen/Library/Developer/Xcode/DerivedData/Wishie-gavmeupfwiyxzhaiqkwzocyeeixy/Build/Products/Debug-iphoneos/PackageFrameworks -F/Users/khanghnguyen/Library/Developer/Xcode/DerivedData/Wishie-gavmeupfwiyxzhaiqkwzocyeeixy/Build/Products/Debug-iphoneos/PackageFrameworks -F/Users/khanghnguyen/Library/Developer/Xcode/DerivedData/Wishie-gavmeupfwiyxzhaiqkwzocyeeixy/Build/Products/Debug-iphoneos/PackageFrameworks -F/Users/khanghnguyen/Library/Developer/Xcode/DerivedData/Wishie-gavmeupfwiyxzhaiqkwzocyeeixy/Build/Products/Debug-iphoneos/PackageFrameworks -F/Users/khanghnguyen/Library/Developer/Xcode/DerivedData/Wishie-gavmeupfwiyxzhaiqkwzocyeeixy/Build/Products/Debug-iphoneos -iframework /Applications/Xcode.app/Contents/Developer/Platforms/iPhoneOS.platform/Developer/Library/Frameworks -iframework /Applications/Xcode.app/Contents/Developer/Platforms/iPhoneOS.platform/Developer/SDKs/iPhoneOS26.2.sdk/Developer/Library/Frameworks -filelist /Users/khanghnguyen/Library/Developer/Xcode/DerivedData/Wishie-gavmeupfwiyxzhaiqkwzocyeeixy/Build/Intermediates.noindex/Supabase.build/Debug-iphoneos/PostgREST.build/Objects-normal/arm64/PostgREST.LinkFileList -nostdlib -Xlinker -object_path_lto -Xlinker /Users/khanghnguyen/Library/Developer/Xcode/DerivedData/Wishie-gavmeupfwiyxzhaiqkwzocyeeixy/Build/Intermediates.noindex/Supabase.build/Debug-iphoneos/PostgREST.build/Objects-normal/arm64/PostgREST_lto.o -rdynamic -Xlinker -no_deduplicate -Xlinker -debug_variant -Xlinker -dependency_info -Xlinker /Users/khanghnguyen/Library/Developer/Xcode/DerivedData/Wishie-gavmeupfwiyxzhaiqkwzocyeeixy/Build/Intermediates.noindex/Supabase.build/Debug-iphoneos/PostgREST.build/Objects-normal/arm64/PostgREST_dependency_info.dat -fobjc-link-runtime -L/Applications/Xcode.app/Contents/Developer/Toolchains/XcodeDefault.xctoolchain/usr/lib/swift/iphoneos -L/usr/lib/swift -Xlinker -add_ast_path -Xlinker /Users/khanghnguyen/Library/Developer/Xcode/DerivedData/Wishie-gavmeupfwiyxzhaiqkwzocyeeixy/Build/Intermediates.noindex/Supabase.build/Debug-iphoneos/PostgREST.build/Objects-normal/arm64/PostgREST.swiftmodule @/Users/khanghnguyen/Library/Developer/Xcode/DerivedData/Wishie-gavmeupfwiyxzhaiqkwzocyeeixy/Build/Intermediates.noindex/Supabase.build/Debug-iphoneos/PostgREST.build/Objects-normal/arm64/PostgREST-linker-args.resp -o /Users/khanghnguyen/Library/Developer/Xcode/DerivedData/Wishie-gavmeupfwiyxzhaiqkwzocyeeixy/Build/Products/Debug-iphoneos/PostgREST.o

Ld /Users/khanghnguyen/Library/Developer/Xcode/DerivedData/Wishie-gavmeupfwiyxzhaiqkwzocyeeixy/Build/Products/Debug-iphoneos/Functions.o normal (in target 'Functions' from project 'Supabase')
    cd /Users/khanghnguyen/Library/Developer/Xcode/DerivedData/Wishie-gavmeupfwiyxzhaiqkwzocyeeixy/SourcePackages/checkouts/supabase-swift
    /Applications/Xcode.app/Contents/Developer/Toolchains/XcodeDefault.xctoolchain/usr/bin/clang -Xlinker -reproducible -target arm64-apple-ios13.0 -r -isysroot /Applications/Xcode.app/Contents/Developer/Platforms/iPhoneOS.platform/Developer/SDKs/iPhoneOS26.2.sdk -O0 -w -L/Users/khanghnguyen/Library/Developer/Xcode/DerivedData/Wishie-gavmeupfwiyxzhaiqkwzocyeeixy/Build/Intermediates.noindex/EagerLinkingTBDs/Debug-iphoneos -L/Users/khanghnguyen/Library/Developer/Xcode/DerivedData/Wishie-gavmeupfwiyxzhaiqkwzocyeeixy/Build/Products/Debug-iphoneos -L/Applications/Xcode.app/Contents/Developer/Platforms/iPhoneOS.platform/Developer/usr/lib -F/Users/khanghnguyen/Library/Developer/Xcode/DerivedData/Wishie-gavmeupfwiyxzhaiqkwzocyeeixy/Build/Intermediates.noindex/EagerLinkingTBDs/Debug-iphoneos -F/Users/khanghnguyen/Library/Developer/Xcode/DerivedData/Wishie-gavmeupfwiyxzhaiqkwzocyeeixy/Build/Products/Debug-iphoneos/PackageFrameworks -F/Users/khanghnguyen/Library/Developer/Xcode/DerivedData/Wishie-gavmeupfwiyxzhaiqkwzocyeeixy/Build/Products/Debug-iphoneos/PackageFrameworks -F/Users/khanghnguyen/Library/Developer/Xcode/DerivedData/Wishie-gavmeupfwiyxzhaiqkwzocyeeixy/Build/Products/Debug-iphoneos/PackageFrameworks -F/Users/khanghnguyen/Library/Developer/Xcode/DerivedData/Wishie-gavmeupfwiyxzhaiqkwzocyeeixy/Build/Products/Debug-iphoneos/PackageFrameworks -F/Users/khanghnguyen/Library/Developer/Xcode/DerivedData/Wishie-gavmeupfwiyxzhaiqkwzocyeeixy/Build/Products/Debug-iphoneos/PackageFrameworks -F/Users/khanghnguyen/Library/Developer/Xcode/DerivedData/Wishie-gavmeupfwiyxzhaiqkwzocyeeixy/Build/Products/Debug-iphoneos/PackageFrameworks -F/Users/khanghnguyen/Library/Developer/Xcode/DerivedData/Wishie-gavmeupfwiyxzhaiqkwzocyeeixy/Build/Products/Debug-iphoneos/PackageFrameworks -F/Users/khanghnguyen/Library/Developer/Xcode/DerivedData/Wishie-gavmeupfwiyxzhaiqkwzocyeeixy/Build/Products/Debug-iphoneos -iframework /Applications/Xcode.app/Contents/Developer/Platforms/iPhoneOS.platform/Developer/Library/Frameworks -iframework /Applications/Xcode.app/Contents/Developer/Platforms/iPhoneOS.platform/Developer/SDKs/iPhoneOS26.2.sdk/Developer/Library/Frameworks -filelist /Users/khanghnguyen/Library/Developer/Xcode/DerivedData/Wishie-gavmeupfwiyxzhaiqkwzocyeeixy/Build/Intermediates.noindex/Supabase.build/Debug-iphoneos/Functions.build/Objects-normal/arm64/Functions.LinkFileList -nostdlib -Xlinker -object_path_lto -Xlinker /Users/khanghnguyen/Library/Developer/Xcode/DerivedData/Wishie-gavmeupfwiyxzhaiqkwzocyeeixy/Build/Intermediates.noindex/Supabase.build/Debug-iphoneos/Functions.build/Objects-normal/arm64/Functions_lto.o -rdynamic -Xlinker -no_deduplicate -Xlinker -debug_variant -Xlinker -dependency_info -Xlinker /Users/khanghnguyen/Library/Developer/Xcode/DerivedData/Wishie-gavmeupfwiyxzhaiqkwzocyeeixy/Build/Intermediates.noindex/Supabase.build/Debug-iphoneos/Functions.build/Objects-normal/arm64/Functions_dependency_info.dat -fobjc-link-runtime -L/Applications/Xcode.app/Contents/Developer/Toolchains/XcodeDefault.xctoolchain/usr/lib/swift/iphoneos -L/usr/lib/swift -Xlinker -add_ast_path -Xlinker /Users/khanghnguyen/Library/Developer/Xcode/DerivedData/Wishie-gavmeupfwiyxzhaiqkwzocyeeixy/Build/Intermediates.noindex/Supabase.build/Debug-iphoneos/Functions.build/Objects-normal/arm64/Functions.swiftmodule @/Users/khanghnguyen/Library/Developer/Xcode/DerivedData/Wishie-gavmeupfwiyxzhaiqkwzocyeeixy/Build/Intermediates.noindex/Supabase.build/Debug-iphoneos/Functions.build/Objects-normal/arm64/Functions-linker-args.resp -o /Users/khanghnguyen/Library/Developer/Xcode/DerivedData/Wishie-gavmeupfwiyxzhaiqkwzocyeeixy/Build/Products/Debug-iphoneos/Functions.o

SwiftDriverJobDiscovery normal arm64 Compiling Deprecated.swift, Exports.swift, APIClient.swift, CodeVerifierStorage.swift (in target 'Auth' from project 'Supabase')

ExtractAppIntentsMetadata (in target 'Storage' from project 'Supabase')
    cd /Users/khanghnguyen/Library/Developer/Xcode/DerivedData/Wishie-gavmeupfwiyxzhaiqkwzocyeeixy/SourcePackages/checkouts/supabase-swift
    /Applications/Xcode.app/Contents/Developer/Toolchains/XcodeDefault.xctoolchain/usr/bin/appintentsmetadataprocessor --toolchain-dir /Applications/Xcode.app/Contents/Developer/Toolchains/XcodeDefault.xctoolchain --module-name Storage --sdk-root /Applications/Xcode.app/Contents/Developer/Platforms/iPhoneOS.platform/Developer/SDKs/iPhoneOS26.2.sdk --xcode-version 17C529 --platform-family iOS --deployment-target 13.0 --bundle-identifier supabase-swift.Storage --output /Users/khanghnguyen/Library/Developer/Xcode/DerivedData/Wishie-gavmeupfwiyxzhaiqkwzocyeeixy/Build/Products/Debug-iphoneos/Storage.appintents --target-triple arm64-apple-ios13.0 --binary-file /Users/khanghnguyen/Library/Developer/Xcode/DerivedData/Wishie-gavmeupfwiyxzhaiqkwzocyeeixy/Build/Products/Debug-iphoneos/Storage.o --dependency-file /Users/khanghnguyen/Library/Developer/Xcode/DerivedData/Wishie-gavmeupfwiyxzhaiqkwzocyeeixy/Build/Intermediates.noindex/Supabase.build/Debug-iphoneos/Storage.build/Objects-normal/arm64/Storage_dependency_info.dat --stringsdata-file /Users/khanghnguyen/Library/Developer/Xcode/DerivedData/Wishie-gavmeupfwiyxzhaiqkwzocyeeixy/Build/Intermediates.noindex/Supabase.build/Debug-iphoneos/Storage.build/Objects-normal/arm64/ExtractedAppShortcutsMetadata.stringsdata --source-file-list /Users/khanghnguyen/Library/Developer/Xcode/DerivedData/Wishie-gavmeupfwiyxzhaiqkwzocyeeixy/Build/Intermediates.noindex/Supabase.build/Debug-iphoneos/Storage.build/Objects-normal/arm64/Storage.SwiftFileList --metadata-file-list /Users/khanghnguyen/Library/Developer/Xcode/DerivedData/Wishie-gavmeupfwiyxzhaiqkwzocyeeixy/Build/Intermediates.noindex/Supabase.build/Debug-iphoneos/Storage.build/Storage.DependencyMetadataFileList --static-metadata-file-list /Users/khanghnguyen/Library/Developer/Xcode/DerivedData/Wishie-gavmeupfwiyxzhaiqkwzocyeeixy/Build/Intermediates.noindex/Supabase.build/Debug-iphoneos/Storage.build/Storage.DependencyStaticMetadataFileList --swift-const-vals-list /Users/khanghnguyen/Library/Developer/Xcode/DerivedData/Wishie-gavmeupfwiyxzhaiqkwzocyeeixy/Build/Intermediates.noindex/Supabase.build/Debug-iphoneos/Storage.build/Objects-normal/arm64/Storage.SwiftConstValuesFileList --force --compile-time-extraction --deployment-aware-processing --validate-assistant-intents --no-app-shortcuts-localization
2026-05-24 14:36:26.263 appintentsmetadataprocessor[44933:13983942] Starting appintentsmetadataprocessor export
2026-05-24 14:36:26.509 appintentsmetadataprocessor[44933:13983942] Extracted no relevant App Intents symbols, skipping writing output

ExtractAppIntentsMetadata (in target 'Realtime' from project 'Supabase')
    cd /Users/khanghnguyen/Library/Developer/Xcode/DerivedData/Wishie-gavmeupfwiyxzhaiqkwzocyeeixy/SourcePackages/checkouts/supabase-swift
    /Applications/Xcode.app/Contents/Developer/Toolchains/XcodeDefault.xctoolchain/usr/bin/appintentsmetadataprocessor --toolchain-dir /Applications/Xcode.app/Contents/Developer/Toolchains/XcodeDefault.xctoolchain --module-name Realtime --sdk-root /Applications/Xcode.app/Contents/Developer/Platforms/iPhoneOS.platform/Developer/SDKs/iPhoneOS26.2.sdk --xcode-version 17C529 --platform-family iOS --deployment-target 13.0 --bundle-identifier supabase-swift.Realtime --output /Users/khanghnguyen/Library/Developer/Xcode/DerivedData/Wishie-gavmeupfwiyxzhaiqkwzocyeeixy/Build/Products/Debug-iphoneos/Realtime.appintents --target-triple arm64-apple-ios13.0 --binary-file /Users/khanghnguyen/Library/Developer/Xcode/DerivedData/Wishie-gavmeupfwiyxzhaiqkwzocyeeixy/Build/Products/Debug-iphoneos/Realtime.o --dependency-file /Users/khanghnguyen/Library/Developer/Xcode/DerivedData/Wishie-gavmeupfwiyxzhaiqkwzocyeeixy/Build/Intermediates.noindex/Supabase.build/Debug-iphoneos/Realtime.build/Objects-normal/arm64/Realtime_dependency_info.dat --stringsdata-file /Users/khanghnguyen/Library/Developer/Xcode/DerivedData/Wishie-gavmeupfwiyxzhaiqkwzocyeeixy/Build/Intermediates.noindex/Supabase.build/Debug-iphoneos/Realtime.build/Objects-normal/arm64/ExtractedAppShortcutsMetadata.stringsdata --source-file-list /Users/khanghnguyen/Library/Developer/Xcode/DerivedData/Wishie-gavmeupfwiyxzhaiqkwzocyeeixy/Build/Intermediates.noindex/Supabase.build/Debug-iphoneos/Realtime.build/Objects-normal/arm64/Realtime.SwiftFileList --metadata-file-list /Users/khanghnguyen/Library/Developer/Xcode/DerivedData/Wishie-gavmeupfwiyxzhaiqkwzocyeeixy/Build/Intermediates.noindex/Supabase.build/Debug-iphoneos/Realtime.build/Realtime.DependencyMetadataFileList --static-metadata-file-list /Users/khanghnguyen/Library/Developer/Xcode/DerivedData/Wishie-gavmeupfwiyxzhaiqkwzocyeeixy/Build/Intermediates.noindex/Supabase.build/Debug-iphoneos/Realtime.build/Realtime.DependencyStaticMetadataFileList --swift-const-vals-list /Users/khanghnguyen/Library/Developer/Xcode/DerivedData/Wishie-gavmeupfwiyxzhaiqkwzocyeeixy/Build/Intermediates.noindex/Supabase.build/Debug-iphoneos/Realtime.build/Objects-normal/arm64/Realtime.SwiftConstValuesFileList --force --compile-time-extraction --deployment-aware-processing --validate-assistant-intents --no-app-shortcuts-localization
2026-05-24 14:36:26.330 appintentsmetadataprocessor[44934:13983947] Starting appintentsmetadataprocessor export
2026-05-24 14:36:26.575 appintentsmetadataprocessor[44934:13983947] Extracted no relevant App Intents symbols, skipping writing output

SwiftDriverJobDiscovery normal arm64 Compiling Keychain.swift, PKCE.swift, SessionManager.swift (in target 'Auth' from project 'Supabase')

SwiftDriver Supabase normal arm64 com.apple.xcode.tools.swift.compiler (in target 'Supabase' from project 'Supabase')
    cd /Users/khanghnguyen/Downloads/Wishie/Wishie.xcodeproj
    builtin-SwiftDriver -- /Applications/Xcode.app/Contents/Developer/Toolchains/XcodeDefault.xctoolchain/usr/bin/swiftc -module-name Supabase -Onone -enforce-exclusivity\=checked @/Users/khanghnguyen/Library/Developer/Xcode/DerivedData/Wishie-gavmeupfwiyxzhaiqkwzocyeeixy/Build/Intermediates.noindex/Supabase.build/Debug-iphoneos/Supabase.build/Objects-normal/arm64/Supabase.SwiftFileList -DSWIFT_PACKAGE -DDEBUG -DSWIFT_MODULE_RESOURCE_BUNDLE_UNAVAILABLE -DXcode -enable-upcoming-feature ExistentialAny -enable-experimental-feature StrictConcurrency -plugin-path /Applications/Xcode.app/Contents/Developer/Toolchains/XcodeDefault.xctoolchain/usr/lib/swift/host/plugins/testing -enable-experimental-feature DebugDescriptionMacro -sdk /Applications/Xcode.app/Contents/Developer/Platforms/iPhoneOS.platform/Developer/SDKs/iPhoneOS26.2.sdk -target arm64-apple-ios13.0 -g -module-cache-path /Users/khanghnguyen/Library/Developer/Xcode/DerivedData/ModuleCache.noindex -Xfrontend -serialize-debugging-options -profile-coverage-mapping -profile-generate -enable-testing -suppress-warnings -index-store-path /Users/khanghnguyen/Library/Developer/Xcode/DerivedData/Wishie-gavmeupfwiyxzhaiqkwzocyeeixy/Index.noindex/DataStore -Xcc -D_LIBCPP_HARDENING_MODE\=_LIBCPP_HARDENING_MODE_DEBUG -swift-version 5 -I /Users/khanghnguyen/Library/Developer/Xcode/DerivedData/Wishie-gavmeupfwiyxzhaiqkwzocyeeixy/Build/Products/Debug-iphoneos -Isystem /Applications/Xcode.app/Contents/Developer/Platforms/iPhoneOS.platform/Developer/usr/lib -F /Users/khanghnguyen/Library/Developer/Xcode/DerivedData/Wishie-gavmeupfwiyxzhaiqkwzocyeeixy/Build/Products/Debug-iphoneos/PackageFrameworks -F /Users/khanghnguyen/Library/Developer/Xcode/DerivedData/Wishie-gavmeupfwiyxzhaiqkwzocyeeixy/Build/Products/Debug-iphoneos/PackageFrameworks -F /Users/khanghnguyen/Library/Developer/Xcode/DerivedData/Wishie-gavmeupfwiyxzhaiqkwzocyeeixy/Build/Products/Debug-iphoneos/PackageFrameworks -F /Users/khanghnguyen/Library/Developer/Xcode/DerivedData/Wishie-gavmeupfwiyxzhaiqkwzocyeeixy/Build/Products/Debug-iphoneos/PackageFrameworks -F /Users/khanghnguyen/Library/Developer/Xcode/DerivedData/Wishie-gavmeupfwiyxzhaiqkwzocyeeixy/Build/Products/Debug-iphoneos/PackageFrameworks -F /Users/khanghnguyen/Library/Developer/Xcode/DerivedData/Wishie-gavmeupfwiyxzhaiqkwzocyeeixy/Build/Products/Debug-iphoneos/PackageFrameworks -F /Users/khanghnguyen/Library/Developer/Xcode/DerivedData/Wishie-gavmeupfwiyxzhaiqkwzocyeeixy/Build/Products/Debug-iphoneos/PackageFrameworks -F /Users/khanghnguyen/Library/Developer/Xcode/DerivedData/Wishie-gavmeupfwiyxzhaiqkwzocyeeixy/Build/Products/Debug-iphoneos/PackageFrameworks -F /Users/khanghnguyen/Library/Developer/Xcode/DerivedData/Wishie-gavmeupfwiyxzhaiqkwzocyeeixy/Build/Products/Debug-iphoneos/PackageFrameworks -F /Users/khanghnguyen/Library/Developer/Xcode/DerivedData/Wishie-gavmeupfwiyxzhaiqkwzocyeeixy/Build/Products/Debug-iphoneos/PackageFrameworks -F /Users/khanghnguyen/Library/Developer/Xcode/DerivedData/Wishie-gavmeupfwiyxzhaiqkwzocyeeixy/Build/Products/Debug-iphoneos/PackageFrameworks -F /Users/khanghnguyen/Library/Developer/Xcode/DerivedData/Wishie-gavmeupfwiyxzhaiqkwzocyeeixy/Build/Products/Debug-iphoneos/PackageFrameworks -F /Users/khanghnguyen/Library/Developer/Xcode/DerivedData/Wishie-gavmeupfwiyxzhaiqkwzocyeeixy/Build/Products/Debug-iphoneos/PackageFrameworks -F /Users/khanghnguyen/Library/Developer/Xcode/DerivedData/Wishie-gavmeupfwiyxzhaiqkwzocyeeixy/Build/Products/Debug-iphoneos -F /Applications/Xcode.app/Contents/Developer/Platforms/iPhoneOS.platform/Developer/Library/Frameworks -F /Applications/Xcode.app/Contents/Developer/Platforms/iPhoneOS.platform/Developer/SDKs/iPhoneOS26.2.sdk/Developer/Library/Frameworks -c -j8 -enable-batch-mode -incremental -Xcc -ivfsstatcache -Xcc /Users/khanghnguyen/Library/Developer/Xcode/DerivedData/SDKStatCaches.noindex/iphoneos26.2-23C57-3794476bd08197c3e2abd9bb477ef7f7.sdkstatcache -output-file-map /Users/khanghnguyen/Library/Developer/Xcode/DerivedData/Wishie-gavmeupfwiyxzhaiqkwzocyeeixy/Build/Intermediates.noindex/Supabase.build/Debug-iphoneos/Supabase.build/Objects-normal/arm64/Supabase-OutputFileMap.json -use-frontend-parseable-output -save-temps -no-color-diagnostics -explicit-module-build -module-cache-path /Users/khanghnguyen/Library/Developer/Xcode/DerivedData/Wishie-gavmeupfwiyxzhaiqkwzocyeeixy/Build/Intermediates.noindex/SwiftExplicitPrecompiledModules -clang-scanner-module-cache-path /Users/khanghnguyen/Library/Developer/Xcode/DerivedData/ModuleCache.noindex -sdk-module-cache-path /Users/khanghnguyen/Library/Developer/Xcode/DerivedData/ModuleCache.noindex -serialize-diagnostics -emit-dependencies -emit-module -emit-module-path /Users/khanghnguyen/Library/Developer/Xcode/DerivedData/Wishie-gavmeupfwiyxzhaiqkwzocyeeixy/Build/Intermediates.noindex/Supabase.build/Debug-iphoneos/Supabase.build/Objects-normal/arm64/Supabase.swiftmodule -validate-clang-modules-once -clang-build-session-file /Users/khanghnguyen/Library/Developer/Xcode/DerivedData/ModuleCache.noindex/Session.modulevalidation -package-name supabase_swift -Xcc -I/Users/khanghnguyen/Library/Developer/Xcode/DerivedData/Wishie-gavmeupfwiyxzhaiqkwzocyeeixy/Build/Intermediates.noindex/Supabase.build/Debug-iphoneos/Supabase.build/swift-overrides.hmap -emit-const-values -Xfrontend -const-gather-protocols-file -Xfrontend /Users/khanghnguyen/Library/Developer/Xcode/DerivedData/Wishie-gavmeupfwiyxzhaiqkwzocyeeixy/Build/Intermediates.noindex/Supabase.build/Debug-iphoneos/Supabase.build/Objects-normal/arm64/Supabase_const_extract_protocols.json -Xcc -I/Users/khanghnguyen/Library/Developer/Xcode/DerivedData/Wishie-gavmeupfwiyxzhaiqkwzocyeeixy/Build/Products/Debug-iphoneos/include -Xcc -I/Users/khanghnguyen/Library/Developer/Xcode/DerivedData/Wishie-gavmeupfwiyxzhaiqkwzocyeeixy/Build/Intermediates.noindex/Supabase.build/Debug-iphoneos/Supabase.build/DerivedSources-normal/arm64 -Xcc -I/Users/khanghnguyen/Library/Developer/Xcode/DerivedData/Wishie-gavmeupfwiyxzhaiqkwzocyeeixy/Build/Intermediates.noindex/Supabase.build/Debug-iphoneos/Supabase.build/DerivedSources/arm64 -Xcc -I/Users/khanghnguyen/Library/Developer/Xcode/DerivedData/Wishie-gavmeupfwiyxzhaiqkwzocyeeixy/Build/Intermediates.noindex/Supabase.build/Debug-iphoneos/Supabase.build/DerivedSources -Xcc -DSWIFT_PACKAGE -Xcc -DDEBUG\=1 -emit-objc-header -emit-objc-header-path /Users/khanghnguyen/Library/Developer/Xcode/DerivedData/Wishie-gavmeupfwiyxzhaiqkwzocyeeixy/Build/Intermediates.noindex/Supabase.build/Debug-iphoneos/Supabase.build/Objects-normal/arm64/Supabase-Swift.h -working-directory /Users/khanghnguyen/Downloads/Wishie/Wishie.xcodeproj -experimental-emit-module-separately -disable-cmo

ExtractAppIntentsMetadata (in target 'PostgREST' from project 'Supabase')
    cd /Users/khanghnguyen/Library/Developer/Xcode/DerivedData/Wishie-gavmeupfwiyxzhaiqkwzocyeeixy/SourcePackages/checkouts/supabase-swift
    /Applications/Xcode.app/Contents/Developer/Toolchains/XcodeDefault.xctoolchain/usr/bin/appintentsmetadataprocessor --toolchain-dir /Applications/Xcode.app/Contents/Developer/Toolchains/XcodeDefault.xctoolchain --module-name PostgREST --sdk-root /Applications/Xcode.app/Contents/Developer/Platforms/iPhoneOS.platform/Developer/SDKs/iPhoneOS26.2.sdk --xcode-version 17C529 --platform-family iOS --deployment-target 13.0 --bundle-identifier supabase-swift.PostgREST --output /Users/khanghnguyen/Library/Developer/Xcode/DerivedData/Wishie-gavmeupfwiyxzhaiqkwzocyeeixy/Build/Products/Debug-iphoneos/PostgREST.appintents --target-triple arm64-apple-ios13.0 --binary-file /Users/khanghnguyen/Library/Developer/Xcode/DerivedData/Wishie-gavmeupfwiyxzhaiqkwzocyeeixy/Build/Products/Debug-iphoneos/PostgREST.o --dependency-file /Users/khanghnguyen/Library/Developer/Xcode/DerivedData/Wishie-gavmeupfwiyxzhaiqkwzocyeeixy/Build/Intermediates.noindex/Supabase.build/Debug-iphoneos/PostgREST.build/Objects-normal/arm64/PostgREST_dependency_info.dat --stringsdata-file /Users/khanghnguyen/Library/Developer/Xcode/DerivedData/Wishie-gavmeupfwiyxzhaiqkwzocyeeixy/Build/Intermediates.noindex/Supabase.build/Debug-iphoneos/PostgREST.build/Objects-normal/arm64/ExtractedAppShortcutsMetadata.stringsdata --source-file-list /Users/khanghnguyen/Library/Developer/Xcode/DerivedData/Wishie-gavmeupfwiyxzhaiqkwzocyeeixy/Build/Intermediates.noindex/Supabase.build/Debug-iphoneos/PostgREST.build/Objects-normal/arm64/PostgREST.SwiftFileList --metadata-file-list /Users/khanghnguyen/Library/Developer/Xcode/DerivedData/Wishie-gavmeupfwiyxzhaiqkwzocyeeixy/Build/Intermediates.noindex/Supabase.build/Debug-iphoneos/PostgREST.build/PostgREST.DependencyMetadataFileList --static-metadata-file-list /Users/khanghnguyen/Library/Developer/Xcode/DerivedData/Wishie-gavmeupfwiyxzhaiqkwzocyeeixy/Build/Intermediates.noindex/Supabase.build/Debug-iphoneos/PostgREST.build/PostgREST.DependencyStaticMetadataFileList --swift-const-vals-list /Users/khanghnguyen/Library/Developer/Xcode/DerivedData/Wishie-gavmeupfwiyxzhaiqkwzocyeeixy/Build/Intermediates.noindex/Supabase.build/Debug-iphoneos/PostgREST.build/Objects-normal/arm64/PostgREST.SwiftConstValuesFileList --force --compile-time-extraction --deployment-aware-processing --validate-assistant-intents --no-app-shortcuts-localization
2026-05-24 14:36:26.379 appintentsmetadataprocessor[44935:13983969] Starting appintentsmetadataprocessor export
2026-05-24 14:36:26.595 appintentsmetadataprocessor[44935:13983969] Extracted no relevant App Intents symbols, skipping writing output

SwiftDriverJobDiscovery normal arm64 Compiling Helpers.swift, JWK+RSA.swift, JWTAlgorithm.swift (in target 'Auth' from project 'Supabase')

ExtractAppIntentsMetadata (in target 'Functions' from project 'Supabase')
    cd /Users/khanghnguyen/Library/Developer/Xcode/DerivedData/Wishie-gavmeupfwiyxzhaiqkwzocyeeixy/SourcePackages/checkouts/supabase-swift
    /Applications/Xcode.app/Contents/Developer/Toolchains/XcodeDefault.xctoolchain/usr/bin/appintentsmetadataprocessor --toolchain-dir /Applications/Xcode.app/Contents/Developer/Toolchains/XcodeDefault.xctoolchain --module-name Functions --sdk-root /Applications/Xcode.app/Contents/Developer/Platforms/iPhoneOS.platform/Developer/SDKs/iPhoneOS26.2.sdk --xcode-version 17C529 --platform-family iOS --deployment-target 13.0 --bundle-identifier supabase-swift.Functions --output /Users/khanghnguyen/Library/Developer/Xcode/DerivedData/Wishie-gavmeupfwiyxzhaiqkwzocyeeixy/Build/Products/Debug-iphoneos/Functions.appintents --target-triple arm64-apple-ios13.0 --binary-file /Users/khanghnguyen/Library/Developer/Xcode/DerivedData/Wishie-gavmeupfwiyxzhaiqkwzocyeeixy/Build/Products/Debug-iphoneos/Functions.o --dependency-file /Users/khanghnguyen/Library/Developer/Xcode/DerivedData/Wishie-gavmeupfwiyxzhaiqkwzocyeeixy/Build/Intermediates.noindex/Supabase.build/Debug-iphoneos/Functions.build/Objects-normal/arm64/Functions_dependency_info.dat --stringsdata-file /Users/khanghnguyen/Library/Developer/Xcode/DerivedData/Wishie-gavmeupfwiyxzhaiqkwzocyeeixy/Build/Intermediates.noindex/Supabase.build/Debug-iphoneos/Functions.build/Objects-normal/arm64/ExtractedAppShortcutsMetadata.stringsdata --source-file-list /Users/khanghnguyen/Library/Developer/Xcode/DerivedData/Wishie-gavmeupfwiyxzhaiqkwzocyeeixy/Build/Intermediates.noindex/Supabase.build/Debug-iphoneos/Functions.build/Objects-normal/arm64/Functions.SwiftFileList --metadata-file-list /Users/khanghnguyen/Library/Developer/Xcode/DerivedData/Wishie-gavmeupfwiyxzhaiqkwzocyeeixy/Build/Intermediates.noindex/Supabase.build/Debug-iphoneos/Functions.build/Functions.DependencyMetadataFileList --static-metadata-file-list /Users/khanghnguyen/Library/Developer/Xcode/DerivedData/Wishie-gavmeupfwiyxzhaiqkwzocyeeixy/Build/Intermediates.noindex/Supabase.build/Debug-iphoneos/Functions.build/Functions.DependencyStaticMetadataFileList --swift-const-vals-list /Users/khanghnguyen/Library/Developer/Xcode/DerivedData/Wishie-gavmeupfwiyxzhaiqkwzocyeeixy/Build/Intermediates.noindex/Supabase.build/Debug-iphoneos/Functions.build/Objects-normal/arm64/Functions.SwiftConstValuesFileList --force --compile-time-extraction --deployment-aware-processing --validate-assistant-intents --no-app-shortcuts-localization
2026-05-24 14:36:26.409 appintentsmetadataprocessor[44937:13983976] Starting appintentsmetadataprocessor export
2026-05-24 14:36:26.619 appintentsmetadataprocessor[44937:13983976] Extracted no relevant App Intents symbols, skipping writing output

SwiftDriverJobDiscovery normal arm64 Compiling AuthError.swift, AuthMFA.swift, AuthStateChangeListener.swift, Defaults.swift (in target 'Auth' from project 'Supabase')

RegisterExecutionPolicyException /Users/khanghnguyen/Library/Developer/Xcode/DerivedData/Wishie-gavmeupfwiyxzhaiqkwzocyeeixy/Build/Products/Debug-iphoneos/FirebaseAuth.o (in target 'FirebaseAuth' from project 'Firebase')
    cd /Users/khanghnguyen/Library/Developer/Xcode/DerivedData/Wishie-gavmeupfwiyxzhaiqkwzocyeeixy/SourcePackages/checkouts/firebase-ios-sdk
    builtin-RegisterExecutionPolicyException /Users/khanghnguyen/Library/Developer/Xcode/DerivedData/Wishie-gavmeupfwiyxzhaiqkwzocyeeixy/Build/Products/Debug-iphoneos/FirebaseAuth.o

RegisterExecutionPolicyException /Users/khanghnguyen/Library/Developer/Xcode/DerivedData/Wishie-gavmeupfwiyxzhaiqkwzocyeeixy/Build/Products/Debug-iphoneos/Storage.o (in target 'Storage' from project 'Supabase')
    cd /Users/khanghnguyen/Library/Developer/Xcode/DerivedData/Wishie-gavmeupfwiyxzhaiqkwzocyeeixy/SourcePackages/checkouts/supabase-swift
    builtin-RegisterExecutionPolicyException /Users/khanghnguyen/Library/Developer/Xcode/DerivedData/Wishie-gavmeupfwiyxzhaiqkwzocyeeixy/Build/Products/Debug-iphoneos/Storage.o

RegisterExecutionPolicyException /Users/khanghnguyen/Library/Developer/Xcode/DerivedData/Wishie-gavmeupfwiyxzhaiqkwzocyeeixy/Build/Products/Debug-iphoneos/Realtime.o (in target 'Realtime' from project 'Supabase')
    cd /Users/khanghnguyen/Library/Developer/Xcode/DerivedData/Wishie-gavmeupfwiyxzhaiqkwzocyeeixy/SourcePackages/checkouts/supabase-swift
    builtin-RegisterExecutionPolicyException /Users/khanghnguyen/Library/Developer/Xcode/DerivedData/Wishie-gavmeupfwiyxzhaiqkwzocyeeixy/Build/Products/Debug-iphoneos/Realtime.o

RegisterExecutionPolicyException /Users/khanghnguyen/Library/Developer/Xcode/DerivedData/Wishie-gavmeupfwiyxzhaiqkwzocyeeixy/Build/Products/Debug-iphoneos/PostgREST.o (in target 'PostgREST' from project 'Supabase')
    cd /Users/khanghnguyen/Library/Developer/Xcode/DerivedData/Wishie-gavmeupfwiyxzhaiqkwzocyeeixy/SourcePackages/checkouts/supabase-swift
    builtin-RegisterExecutionPolicyException /Users/khanghnguyen/Library/Developer/Xcode/DerivedData/Wishie-gavmeupfwiyxzhaiqkwzocyeeixy/Build/Products/Debug-iphoneos/PostgREST.o

RegisterExecutionPolicyException /Users/khanghnguyen/Library/Developer/Xcode/DerivedData/Wishie-gavmeupfwiyxzhaiqkwzocyeeixy/Build/Products/Debug-iphoneos/Functions.o (in target 'Functions' from project 'Supabase')
    cd /Users/khanghnguyen/Library/Developer/Xcode/DerivedData/Wishie-gavmeupfwiyxzhaiqkwzocyeeixy/SourcePackages/checkouts/supabase-swift
    builtin-RegisterExecutionPolicyException /Users/khanghnguyen/Library/Developer/Xcode/DerivedData/Wishie-gavmeupfwiyxzhaiqkwzocyeeixy/Build/Products/Debug-iphoneos/Functions.o

SwiftEmitModule normal arm64 Emitting\ module\ for\ Supabase (in target 'Supabase' from project 'Supabase')

EmitSwiftModule normal arm64 (in target 'Supabase' from project 'Supabase')
    cd /Users/khanghnguyen/Downloads/Wishie/Wishie.xcodeproj
    

SwiftCompile normal arm64 Compiling\ SupabaseClient.swift /Users/khanghnguyen/Library/Developer/Xcode/DerivedData/Wishie-gavmeupfwiyxzhaiqkwzocyeeixy/SourcePackages/checkouts/supabase-swift/Sources/Supabase/SupabaseClient.swift (in target 'Supabase' from project 'Supabase')

SwiftCompile normal arm64 /Users/khanghnguyen/Library/Developer/Xcode/DerivedData/Wishie-gavmeupfwiyxzhaiqkwzocyeeixy/SourcePackages/checkouts/supabase-swift/Sources/Supabase/SupabaseClient.swift (in target 'Supabase' from project 'Supabase')
    cd /Users/khanghnguyen/Downloads/Wishie/Wishie.xcodeproj
    

SwiftCompile normal arm64 Compiling\ Constants.swift /Users/khanghnguyen/Library/Developer/Xcode/DerivedData/Wishie-gavmeupfwiyxzhaiqkwzocyeeixy/SourcePackages/checkouts/supabase-swift/Sources/Supabase/Constants.swift (in target 'Supabase' from project 'Supabase')

SwiftCompile normal arm64 /Users/khanghnguyen/Library/Developer/Xcode/DerivedData/Wishie-gavmeupfwiyxzhaiqkwzocyeeixy/SourcePackages/checkouts/supabase-swift/Sources/Supabase/Constants.swift (in target 'Supabase' from project 'Supabase')
    cd /Users/khanghnguyen/Downloads/Wishie/Wishie.xcodeproj
    

SwiftCompile normal arm64 Compiling\ Deprecated.swift /Users/khanghnguyen/Library/Developer/Xcode/DerivedData/Wishie-gavmeupfwiyxzhaiqkwzocyeeixy/SourcePackages/checkouts/supabase-swift/Sources/Supabase/Deprecated.swift (in target 'Supabase' from project 'Supabase')

SwiftCompile normal arm64 /Users/khanghnguyen/Library/Developer/Xcode/DerivedData/Wishie-gavmeupfwiyxzhaiqkwzocyeeixy/SourcePackages/checkouts/supabase-swift/Sources/Supabase/Deprecated.swift (in target 'Supabase' from project 'Supabase')
    cd /Users/khanghnguyen/Downloads/Wishie/Wishie.xcodeproj
    

SwiftCompile normal arm64 Compiling\ Exports.swift /Users/khanghnguyen/Library/Developer/Xcode/DerivedData/Wishie-gavmeupfwiyxzhaiqkwzocyeeixy/SourcePackages/checkouts/supabase-swift/Sources/Supabase/Exports.swift (in target 'Supabase' from project 'Supabase')

SwiftCompile normal arm64 /Users/khanghnguyen/Library/Developer/Xcode/DerivedData/Wishie-gavmeupfwiyxzhaiqkwzocyeeixy/SourcePackages/checkouts/supabase-swift/Sources/Supabase/Exports.swift (in target 'Supabase' from project 'Supabase')
    cd /Users/khanghnguyen/Downloads/Wishie/Wishie.xcodeproj
    

SwiftCompile normal arm64 Compiling\ Types.swift /Users/khanghnguyen/Library/Developer/Xcode/DerivedData/Wishie-gavmeupfwiyxzhaiqkwzocyeeixy/SourcePackages/checkouts/supabase-swift/Sources/Supabase/Types.swift (in target 'Supabase' from project 'Supabase')

SwiftCompile normal arm64 /Users/khanghnguyen/Library/Developer/Xcode/DerivedData/Wishie-gavmeupfwiyxzhaiqkwzocyeeixy/SourcePackages/checkouts/supabase-swift/Sources/Supabase/Types.swift (in target 'Supabase' from project 'Supabase')
    cd /Users/khanghnguyen/Downloads/Wishie/Wishie.xcodeproj
    

SwiftDriverJobDiscovery normal arm64 Compiling Exports.swift (in target 'Supabase' from project 'Supabase')

SwiftDriverJobDiscovery normal arm64 Compiling Constants.swift (in target 'Supabase' from project 'Supabase')

SwiftDriverJobDiscovery normal arm64 Compiling Deprecated.swift (in target 'Supabase' from project 'Supabase')

SwiftDriverJobDiscovery normal arm64 Emitting module for Supabase (in target 'Supabase' from project 'Supabase')

SwiftDriver\ Compilation\ Requirements Supabase normal arm64 com.apple.xcode.tools.swift.compiler (in target 'Supabase' from project 'Supabase')
    cd /Users/khanghnguyen/Downloads/Wishie/Wishie.xcodeproj
    builtin-Swift-Compilation-Requirements -- /Applications/Xcode.app/Contents/Developer/Toolchains/XcodeDefault.xctoolchain/usr/bin/swiftc -module-name Supabase -Onone -enforce-exclusivity\=checked @/Users/khanghnguyen/Library/Developer/Xcode/DerivedData/Wishie-gavmeupfwiyxzhaiqkwzocyeeixy/Build/Intermediates.noindex/Supabase.build/Debug-iphoneos/Supabase.build/Objects-normal/arm64/Supabase.SwiftFileList -DSWIFT_PACKAGE -DDEBUG -DSWIFT_MODULE_RESOURCE_BUNDLE_UNAVAILABLE -DXcode -enable-upcoming-feature ExistentialAny -enable-experimental-feature StrictConcurrency -plugin-path /Applications/Xcode.app/Contents/Developer/Toolchains/XcodeDefault.xctoolchain/usr/lib/swift/host/plugins/testing -enable-experimental-feature DebugDescriptionMacro -sdk /Applications/Xcode.app/Contents/Developer/Platforms/iPhoneOS.platform/Developer/SDKs/iPhoneOS26.2.sdk -target arm64-apple-ios13.0 -g -module-cache-path /Users/khanghnguyen/Library/Developer/Xcode/DerivedData/ModuleCache.noindex -Xfrontend -serialize-debugging-options -profile-coverage-mapping -profile-generate -enable-testing -suppress-warnings -index-store-path /Users/khanghnguyen/Library/Developer/Xcode/DerivedData/Wishie-gavmeupfwiyxzhaiqkwzocyeeixy/Index.noindex/DataStore -Xcc -D_LIBCPP_HARDENING_MODE\=_LIBCPP_HARDENING_MODE_DEBUG -swift-version 5 -I /Users/khanghnguyen/Library/Developer/Xcode/DerivedData/Wishie-gavmeupfwiyxzhaiqkwzocyeeixy/Build/Products/Debug-iphoneos -Isystem /Applications/Xcode.app/Contents/Developer/Platforms/iPhoneOS.platform/Developer/usr/lib -F /Users/khanghnguyen/Library/Developer/Xcode/DerivedData/Wishie-gavmeupfwiyxzhaiqkwzocyeeixy/Build/Products/Debug-iphoneos/PackageFrameworks -F /Users/khanghnguyen/Library/Developer/Xcode/DerivedData/Wishie-gavmeupfwiyxzhaiqkwzocyeeixy/Build/Products/Debug-iphoneos/PackageFrameworks -F /Users/khanghnguyen/Library/Developer/Xcode/DerivedData/Wishie-gavmeupfwiyxzhaiqkwzocyeeixy/Build/Products/Debug-iphoneos/PackageFrameworks -F /Users/khanghnguyen/Library/Developer/Xcode/DerivedData/Wishie-gavmeupfwiyxzhaiqkwzocyeeixy/Build/Products/Debug-iphoneos/PackageFrameworks -F /Users/khanghnguyen/Library/Developer/Xcode/DerivedData/Wishie-gavmeupfwiyxzhaiqkwzocyeeixy/Build/Products/Debug-iphoneos/PackageFrameworks -F /Users/khanghnguyen/Library/Developer/Xcode/DerivedData/Wishie-gavmeupfwiyxzhaiqkwzocyeeixy/Build/Products/Debug-iphoneos/PackageFrameworks -F /Users/khanghnguyen/Library/Developer/Xcode/DerivedData/Wishie-gavmeupfwiyxzhaiqkwzocyeeixy/Build/Products/Debug-iphoneos/PackageFrameworks -F /Users/khanghnguyen/Library/Developer/Xcode/DerivedData/Wishie-gavmeupfwiyxzhaiqkwzocyeeixy/Build/Products/Debug-iphoneos/PackageFrameworks -F /Users/khanghnguyen/Library/Developer/Xcode/DerivedData/Wishie-gavmeupfwiyxzhaiqkwzocyeeixy/Build/Products/Debug-iphoneos/PackageFrameworks -F /Users/khanghnguyen/Library/Developer/Xcode/DerivedData/Wishie-gavmeupfwiyxzhaiqkwzocyeeixy/Build/Products/Debug-iphoneos/PackageFrameworks -F /Users/khanghnguyen/Library/Developer/Xcode/DerivedData/Wishie-gavmeupfwiyxzhaiqkwzocyeeixy/Build/Products/Debug-iphoneos/PackageFrameworks -F /Users/khanghnguyen/Library/Developer/Xcode/DerivedData/Wishie-gavmeupfwiyxzhaiqkwzocyeeixy/Build/Products/Debug-iphoneos/PackageFrameworks -F /Users/khanghnguyen/Library/Developer/Xcode/DerivedData/Wishie-gavmeupfwiyxzhaiqkwzocyeeixy/Build/Products/Debug-iphoneos/PackageFrameworks -F /Users/khanghnguyen/Library/Developer/Xcode/DerivedData/Wishie-gavmeupfwiyxzhaiqkwzocyeeixy/Build/Products/Debug-iphoneos -F /Applications/Xcode.app/Contents/Developer/Platforms/iPhoneOS.platform/Developer/Library/Frameworks -F /Applications/Xcode.app/Contents/Developer/Platforms/iPhoneOS.platform/Developer/SDKs/iPhoneOS26.2.sdk/Developer/Library/Frameworks -c -j8 -enable-batch-mode -incremental -Xcc -ivfsstatcache -Xcc /Users/khanghnguyen/Library/Developer/Xcode/DerivedData/SDKStatCaches.noindex/iphoneos26.2-23C57-3794476bd08197c3e2abd9bb477ef7f7.sdkstatcache -output-file-map /Users/khanghnguyen/Library/Developer/Xcode/DerivedData/Wishie-gavmeupfwiyxzhaiqkwzocyeeixy/Build/Intermediates.noindex/Supabase.build/Debug-iphoneos/Supabase.build/Objects-normal/arm64/Supabase-OutputFileMap.json -use-frontend-parseable-output -save-temps -no-color-diagnostics -explicit-module-build -module-cache-path /Users/khanghnguyen/Library/Developer/Xcode/DerivedData/Wishie-gavmeupfwiyxzhaiqkwzocyeeixy/Build/Intermediates.noindex/SwiftExplicitPrecompiledModules -clang-scanner-module-cache-path /Users/khanghnguyen/Library/Developer/Xcode/DerivedData/ModuleCache.noindex -sdk-module-cache-path /Users/khanghnguyen/Library/Developer/Xcode/DerivedData/ModuleCache.noindex -serialize-diagnostics -emit-dependencies -emit-module -emit-module-path /Users/khanghnguyen/Library/Developer/Xcode/DerivedData/Wishie-gavmeupfwiyxzhaiqkwzocyeeixy/Build/Intermediates.noindex/Supabase.build/Debug-iphoneos/Supabase.build/Objects-normal/arm64/Supabase.swiftmodule -validate-clang-modules-once -clang-build-session-file /Users/khanghnguyen/Library/Developer/Xcode/DerivedData/ModuleCache.noindex/Session.modulevalidation -package-name supabase_swift -Xcc -I/Users/khanghnguyen/Library/Developer/Xcode/DerivedData/Wishie-gavmeupfwiyxzhaiqkwzocyeeixy/Build/Intermediates.noindex/Supabase.build/Debug-iphoneos/Supabase.build/swift-overrides.hmap -emit-const-values -Xfrontend -const-gather-protocols-file -Xfrontend /Users/khanghnguyen/Library/Developer/Xcode/DerivedData/Wishie-gavmeupfwiyxzhaiqkwzocyeeixy/Build/Intermediates.noindex/Supabase.build/Debug-iphoneos/Supabase.build/Objects-normal/arm64/Supabase_const_extract_protocols.json -Xcc -I/Users/khanghnguyen/Library/Developer/Xcode/DerivedData/Wishie-gavmeupfwiyxzhaiqkwzocyeeixy/Build/Products/Debug-iphoneos/include -Xcc -I/Users/khanghnguyen/Library/Developer/Xcode/DerivedData/Wishie-gavmeupfwiyxzhaiqkwzocyeeixy/Build/Intermediates.noindex/Supabase.build/Debug-iphoneos/Supabase.build/DerivedSources-normal/arm64 -Xcc -I/Users/khanghnguyen/Library/Developer/Xcode/DerivedData/Wishie-gavmeupfwiyxzhaiqkwzocyeeixy/Build/Intermediates.noindex/Supabase.build/Debug-iphoneos/Supabase.build/DerivedSources/arm64 -Xcc -I/Users/khanghnguyen/Library/Developer/Xcode/DerivedData/Wishie-gavmeupfwiyxzhaiqkwzocyeeixy/Build/Intermediates.noindex/Supabase.build/Debug-iphoneos/Supabase.build/DerivedSources -Xcc -DSWIFT_PACKAGE -Xcc -DDEBUG\=1 -emit-objc-header -emit-objc-header-path /Users/khanghnguyen/Library/Developer/Xcode/DerivedData/Wishie-gavmeupfwiyxzhaiqkwzocyeeixy/Build/Intermediates.noindex/Supabase.build/Debug-iphoneos/Supabase.build/Objects-normal/arm64/Supabase-Swift.h -working-directory /Users/khanghnguyen/Downloads/Wishie/Wishie.xcodeproj -experimental-emit-module-separately -disable-cmo

SwiftMergeGeneratedHeaders /Users/khanghnguyen/Library/Developer/Xcode/DerivedData/Wishie-gavmeupfwiyxzhaiqkwzocyeeixy/Build/Intermediates.noindex/GeneratedModuleMaps-iphoneos/Supabase-Swift.h /Users/khanghnguyen/Library/Developer/Xcode/DerivedData/Wishie-gavmeupfwiyxzhaiqkwzocyeeixy/Build/Intermediates.noindex/Supabase.build/Debug-iphoneos/Supabase.build/Objects-normal/arm64/Supabase-Swift.h (in target 'Supabase' from project 'Supabase')
    cd /Users/khanghnguyen/Library/Developer/Xcode/DerivedData/Wishie-gavmeupfwiyxzhaiqkwzocyeeixy/SourcePackages/checkouts/supabase-swift
    builtin-swiftHeaderTool -arch arm64 /Users/khanghnguyen/Library/Developer/Xcode/DerivedData/Wishie-gavmeupfwiyxzhaiqkwzocyeeixy/Build/Intermediates.noindex/Supabase.build/Debug-iphoneos/Supabase.build/Objects-normal/arm64/Supabase-Swift.h -o /Users/khanghnguyen/Library/Developer/Xcode/DerivedData/Wishie-gavmeupfwiyxzhaiqkwzocyeeixy/Build/Intermediates.noindex/GeneratedModuleMaps-iphoneos/Supabase-Swift.h

Copy /Users/khanghnguyen/Library/Developer/Xcode/DerivedData/Wishie-gavmeupfwiyxzhaiqkwzocyeeixy/Build/Products/Debug-iphoneos/Supabase.swiftmodule/arm64-apple-ios.swiftdoc /Users/khanghnguyen/Library/Developer/Xcode/DerivedData/Wishie-gavmeupfwiyxzhaiqkwzocyeeixy/Build/Intermediates.noindex/Supabase.build/Debug-iphoneos/Supabase.build/Objects-normal/arm64/Supabase.swiftdoc (in target 'Supabase' from project 'Supabase')
    cd /Users/khanghnguyen/Library/Developer/Xcode/DerivedData/Wishie-gavmeupfwiyxzhaiqkwzocyeeixy/SourcePackages/checkouts/supabase-swift
    builtin-copy -exclude .DS_Store -exclude CVS -exclude .svn -exclude .git -exclude .hg -resolve-src-symlinks -rename /Users/khanghnguyen/Library/Developer/Xcode/DerivedData/Wishie-gavmeupfwiyxzhaiqkwzocyeeixy/Build/Intermediates.noindex/Supabase.build/Debug-iphoneos/Supabase.build/Objects-normal/arm64/Supabase.swiftdoc /Users/khanghnguyen/Library/Developer/Xcode/DerivedData/Wishie-gavmeupfwiyxzhaiqkwzocyeeixy/Build/Products/Debug-iphoneos/Supabase.swiftmodule/arm64-apple-ios.swiftdoc

Copy /Users/khanghnguyen/Library/Developer/Xcode/DerivedData/Wishie-gavmeupfwiyxzhaiqkwzocyeeixy/Build/Products/Debug-iphoneos/Supabase.swiftmodule/arm64-apple-ios.swiftmodule /Users/khanghnguyen/Library/Developer/Xcode/DerivedData/Wishie-gavmeupfwiyxzhaiqkwzocyeeixy/Build/Intermediates.noindex/Supabase.build/Debug-iphoneos/Supabase.build/Objects-normal/arm64/Supabase.swiftmodule (in target 'Supabase' from project 'Supabase')
    cd /Users/khanghnguyen/Library/Developer/Xcode/DerivedData/Wishie-gavmeupfwiyxzhaiqkwzocyeeixy/SourcePackages/checkouts/supabase-swift
    builtin-copy -exclude .DS_Store -exclude CVS -exclude .svn -exclude .git -exclude .hg -resolve-src-symlinks -rename /Users/khanghnguyen/Library/Developer/Xcode/DerivedData/Wishie-gavmeupfwiyxzhaiqkwzocyeeixy/Build/Intermediates.noindex/Supabase.build/Debug-iphoneos/Supabase.build/Objects-normal/arm64/Supabase.swiftmodule /Users/khanghnguyen/Library/Developer/Xcode/DerivedData/Wishie-gavmeupfwiyxzhaiqkwzocyeeixy/Build/Products/Debug-iphoneos/Supabase.swiftmodule/arm64-apple-ios.swiftmodule

Copy /Users/khanghnguyen/Library/Developer/Xcode/DerivedData/Wishie-gavmeupfwiyxzhaiqkwzocyeeixy/Build/Products/Debug-iphoneos/Supabase.swiftmodule/arm64-apple-ios.abi.json /Users/khanghnguyen/Library/Developer/Xcode/DerivedData/Wishie-gavmeupfwiyxzhaiqkwzocyeeixy/Build/Intermediates.noindex/Supabase.build/Debug-iphoneos/Supabase.build/Objects-normal/arm64/Supabase.abi.json (in target 'Supabase' from project 'Supabase')
    cd /Users/khanghnguyen/Library/Developer/Xcode/DerivedData/Wishie-gavmeupfwiyxzhaiqkwzocyeeixy/SourcePackages/checkouts/supabase-swift
    builtin-copy -exclude .DS_Store -exclude CVS -exclude .svn -exclude .git -exclude .hg -resolve-src-symlinks -rename /Users/khanghnguyen/Library/Developer/Xcode/DerivedData/Wishie-gavmeupfwiyxzhaiqkwzocyeeixy/Build/Intermediates.noindex/Supabase.build/Debug-iphoneos/Supabase.build/Objects-normal/arm64/Supabase.abi.json /Users/khanghnguyen/Library/Developer/Xcode/DerivedData/Wishie-gavmeupfwiyxzhaiqkwzocyeeixy/Build/Products/Debug-iphoneos/Supabase.swiftmodule/arm64-apple-ios.abi.json

Copy /Users/khanghnguyen/Library/Developer/Xcode/DerivedData/Wishie-gavmeupfwiyxzhaiqkwzocyeeixy/Build/Products/Debug-iphoneos/Supabase.swiftmodule/Project/arm64-apple-ios.swiftsourceinfo /Users/khanghnguyen/Library/Developer/Xcode/DerivedData/Wishie-gavmeupfwiyxzhaiqkwzocyeeixy/Build/Intermediates.noindex/Supabase.build/Debug-iphoneos/Supabase.build/Objects-normal/arm64/Supabase.swiftsourceinfo (in target 'Supabase' from project 'Supabase')
    cd /Users/khanghnguyen/Library/Developer/Xcode/DerivedData/Wishie-gavmeupfwiyxzhaiqkwzocyeeixy/SourcePackages/checkouts/supabase-swift
    builtin-copy -exclude .DS_Store -exclude CVS -exclude .svn -exclude .git -exclude .hg -resolve-src-symlinks -rename /Users/khanghnguyen/Library/Developer/Xcode/DerivedData/Wishie-gavmeupfwiyxzhaiqkwzocyeeixy/Build/Intermediates.noindex/Supabase.build/Debug-iphoneos/Supabase.build/Objects-normal/arm64/Supabase.swiftsourceinfo /Users/khanghnguyen/Library/Developer/Xcode/DerivedData/Wishie-gavmeupfwiyxzhaiqkwzocyeeixy/Build/Products/Debug-iphoneos/Supabase.swiftmodule/Project/arm64-apple-ios.swiftsourceinfo

ProcessProductPackaging /Users/khanghnguyen/Downloads/Wishie/Wishie/Wishie.entitlements /Users/khanghnguyen/Library/Developer/Xcode/DerivedData/Wishie-gavmeupfwiyxzhaiqkwzocyeeixy/Build/Intermediates.noindex/Wishie.build/Debug-iphoneos/Wishie.build/Wishie.app.xcent (in target 'Wishie' from project 'Wishie')
    cd /Users/khanghnguyen/Downloads/Wishie
    
    Entitlements:
    
    {
    "application-identifier" = "8QPXDS5LYT.com.khangnguyen.Wishie";
    "com.apple.developer.team-identifier" = 8QPXDS5LYT;
    "get-task-allow" = 1;
}
    
    builtin-productPackagingUtility /Users/khanghnguyen/Downloads/Wishie/Wishie/Wishie.entitlements -entitlements -format xml -o /Users/khanghnguyen/Library/Developer/Xcode/DerivedData/Wishie-gavmeupfwiyxzhaiqkwzocyeeixy/Build/Intermediates.noindex/Wishie.build/Debug-iphoneos/Wishie.build/Wishie.app.xcent

ProcessProductPackaging /Users/khanghnguyen/Library/Developer/Xcode/UserData/Provisioning\ Profiles/9de21d7a-f28e-4319-9732-bb8b975132cf.mobileprovision /Users/khanghnguyen/Library/Developer/Xcode/DerivedData/Wishie-gavmeupfwiyxzhaiqkwzocyeeixy/Build/Products/Debug-iphoneos/Wishie.app/embedded.mobileprovision (in target 'Wishie' from project 'Wishie')
    cd /Users/khanghnguyen/Downloads/Wishie
    builtin-productPackagingUtility /Users/khanghnguyen/Library/Developer/Xcode/UserData/Provisioning\ Profiles/9de21d7a-f28e-4319-9732-bb8b975132cf.mobileprovision -o /Users/khanghnguyen/Library/Developer/Xcode/DerivedData/Wishie-gavmeupfwiyxzhaiqkwzocyeeixy/Build/Products/Debug-iphoneos/Wishie.app/embedded.mobileprovision

ProcessProductPackagingDER /Users/khanghnguyen/Library/Developer/Xcode/DerivedData/Wishie-gavmeupfwiyxzhaiqkwzocyeeixy/Build/Intermediates.noindex/Wishie.build/Debug-iphoneos/Wishie.build/Wishie.app.xcent /Users/khanghnguyen/Library/Developer/Xcode/DerivedData/Wishie-gavmeupfwiyxzhaiqkwzocyeeixy/Build/Intermediates.noindex/Wishie.build/Debug-iphoneos/Wishie.build/Wishie.app.xcent.der (in target 'Wishie' from project 'Wishie')
    cd /Users/khanghnguyen/Downloads/Wishie
    /usr/bin/derq query -f xml -i /Users/khanghnguyen/Library/Developer/Xcode/DerivedData/Wishie-gavmeupfwiyxzhaiqkwzocyeeixy/Build/Intermediates.noindex/Wishie.build/Debug-iphoneos/Wishie.build/Wishie.app.xcent -o /Users/khanghnguyen/Library/Developer/Xcode/DerivedData/Wishie-gavmeupfwiyxzhaiqkwzocyeeixy/Build/Intermediates.noindex/Wishie.build/Debug-iphoneos/Wishie.build/Wishie.app.xcent.der --raw

GenerateAssetSymbols /Users/khanghnguyen/Downloads/Wishie/Wishie/Resources/Assets.xcassets (in target 'Wishie' from project 'Wishie')
    cd /Users/khanghnguyen/Downloads/Wishie
    /Applications/Xcode.app/Contents/Developer/usr/bin/actool /Users/khanghnguyen/Downloads/Wishie/Wishie/Resources/Assets.xcassets --compile /Users/khanghnguyen/Library/Developer/Xcode/DerivedData/Wishie-gavmeupfwiyxzhaiqkwzocyeeixy/Build/Products/Debug-iphoneos/Wishie.app --output-format human-readable-text --notices --warnings --export-dependency-info /Users/khanghnguyen/Library/Developer/Xcode/DerivedData/Wishie-gavmeupfwiyxzhaiqkwzocyeeixy/Build/Intermediates.noindex/Wishie.build/Debug-iphoneos/Wishie.build/assetcatalog_dependencies --output-partial-info-plist /Users/khanghnguyen/Library/Developer/Xcode/DerivedData/Wishie-gavmeupfwiyxzhaiqkwzocyeeixy/Build/Intermediates.noindex/Wishie.build/Debug-iphoneos/Wishie.build/assetcatalog_generated_info.plist --app-icon AppIcon --accent-color AccentColor --compress-pngs --enable-on-demand-resources YES --development-region en --target-device iphone --target-device ipad --minimum-deployment-target 18.5 --platform iphoneos --bundle-identifier com.khangnguyen.Wishie --generate-swift-asset-symbols /Users/khanghnguyen/Library/Developer/Xcode/DerivedData/Wishie-gavmeupfwiyxzhaiqkwzocyeeixy/Build/Intermediates.noindex/Wishie.build/Debug-iphoneos/Wishie.build/DerivedSources/GeneratedAssetSymbols.swift --generate-objc-asset-symbols /Users/khanghnguyen/Library/Developer/Xcode/DerivedData/Wishie-gavmeupfwiyxzhaiqkwzocyeeixy/Build/Intermediates.noindex/Wishie.build/Debug-iphoneos/Wishie.build/DerivedSources/GeneratedAssetSymbols.h --generate-asset-symbol-index /Users/khanghnguyen/Library/Developer/Xcode/DerivedData/Wishie-gavmeupfwiyxzhaiqkwzocyeeixy/Build/Intermediates.noindex/Wishie.build/Debug-iphoneos/Wishie.build/DerivedSources/GeneratedAssetSymbols-Index.plist
/* com.apple.actool.compilation-results */
/Users/khanghnguyen/Library/Developer/Xcode/DerivedData/Wishie-gavmeupfwiyxzhaiqkwzocyeeixy/Build/Intermediates.noindex/Wishie.build/Debug-iphoneos/Wishie.build/DerivedSources/GeneratedAssetSymbols-Index.plist
/Users/khanghnguyen/Library/Developer/Xcode/DerivedData/Wishie-gavmeupfwiyxzhaiqkwzocyeeixy/Build/Intermediates.noindex/Wishie.build/Debug-iphoneos/Wishie.build/DerivedSources/GeneratedAssetSymbols.h
/Users/khanghnguyen/Library/Developer/Xcode/DerivedData/Wishie-gavmeupfwiyxzhaiqkwzocyeeixy/Build/Intermediates.noindex/Wishie.build/Debug-iphoneos/Wishie.build/DerivedSources/GeneratedAssetSymbols.swift


MkDir /Users/khanghnguyen/Library/Developer/Xcode/DerivedData/Wishie-gavmeupfwiyxzhaiqkwzocyeeixy/Build/Intermediates.noindex/Wishie.build/Debug-iphoneos/Wishie.build/assetcatalog_output/unthinned (in target 'Wishie' from project 'Wishie')
    cd /Users/khanghnguyen/Downloads/Wishie
    /bin/mkdir -p /Users/khanghnguyen/Library/Developer/Xcode/DerivedData/Wishie-gavmeupfwiyxzhaiqkwzocyeeixy/Build/Intermediates.noindex/Wishie.build/Debug-iphoneos/Wishie.build/assetcatalog_output/unthinned

MkDir /Users/khanghnguyen/Library/Developer/Xcode/DerivedData/Wishie-gavmeupfwiyxzhaiqkwzocyeeixy/Build/Intermediates.noindex/Wishie.build/Debug-iphoneos/Wishie.build/assetcatalog_output/thinned (in target 'Wishie' from project 'Wishie')
    cd /Users/khanghnguyen/Downloads/Wishie
    /bin/mkdir -p /Users/khanghnguyen/Library/Developer/Xcode/DerivedData/Wishie-gavmeupfwiyxzhaiqkwzocyeeixy/Build/Intermediates.noindex/Wishie.build/Debug-iphoneos/Wishie.build/assetcatalog_output/thinned

CompileAssetCatalogVariant thinned /Users/khanghnguyen/Library/Developer/Xcode/DerivedData/Wishie-gavmeupfwiyxzhaiqkwzocyeeixy/Build/Products/Debug-iphoneos/Wishie.app /Users/khanghnguyen/Downloads/Wishie/Wishie/Resources/Assets.xcassets (in target 'Wishie' from project 'Wishie')
    cd /Users/khanghnguyen/Downloads/Wishie
    /Applications/Xcode.app/Contents/Developer/usr/bin/actool /Users/khanghnguyen/Downloads/Wishie/Wishie/Resources/Assets.xcassets --compile /Users/khanghnguyen/Library/Developer/Xcode/DerivedData/Wishie-gavmeupfwiyxzhaiqkwzocyeeixy/Build/Intermediates.noindex/Wishie.build/Debug-iphoneos/Wishie.build/assetcatalog_output/thinned --output-format human-readable-text --notices --warnings --export-dependency-info /Users/khanghnguyen/Library/Developer/Xcode/DerivedData/Wishie-gavmeupfwiyxzhaiqkwzocyeeixy/Build/Intermediates.noindex/Wishie.build/Debug-iphoneos/Wishie.build/assetcatalog_dependencies_thinned --output-partial-info-plist /Users/khanghnguyen/Library/Developer/Xcode/DerivedData/Wishie-gavmeupfwiyxzhaiqkwzocyeeixy/Build/Intermediates.noindex/Wishie.build/Debug-iphoneos/Wishie.build/assetcatalog_generated_info.plist_thinned --app-icon AppIcon --accent-color AccentColor --compress-pngs --enable-on-demand-resources YES --development-region en --target-device iphone --target-device ipad --minimum-deployment-target 18.5 --platform iphoneos
/* com.apple.actool.compilation-results */
/Users/khanghnguyen/Library/Developer/Xcode/DerivedData/Wishie-gavmeupfwiyxzhaiqkwzocyeeixy/Build/Intermediates.noindex/Wishie.build/Debug-iphoneos/Wishie.build/assetcatalog_generated_info.plist_thinned
/Users/khanghnguyen/Library/Developer/Xcode/DerivedData/Wishie-gavmeupfwiyxzhaiqkwzocyeeixy/Build/Intermediates.noindex/Wishie.build/Debug-iphoneos/Wishie.build/assetcatalog_output/thinned/AppIcon60x60@2x.png
/Users/khanghnguyen/Library/Developer/Xcode/DerivedData/Wishie-gavmeupfwiyxzhaiqkwzocyeeixy/Build/Intermediates.noindex/Wishie.build/Debug-iphoneos/Wishie.build/assetcatalog_output/thinned/AppIcon76x76@2x~ipad.png
/Users/khanghnguyen/Library/Developer/Xcode/DerivedData/Wishie-gavmeupfwiyxzhaiqkwzocyeeixy/Build/Intermediates.noindex/Wishie.build/Debug-iphoneos/Wishie.build/assetcatalog_output/thinned/Assets.car


SwiftDriverJobDiscovery normal arm64 Compiling Types.swift (in target 'Supabase' from project 'Supabase')

SwiftDriverJobDiscovery normal arm64 Compiling AuthAdmin.swift, AuthAdminOAuth.swift, AuthClient.swift, AuthClientConfiguration.swift (in target 'Auth' from project 'Supabase')

SwiftDriver Wishie normal arm64 com.apple.xcode.tools.swift.compiler (in target 'Wishie' from project 'Wishie')
    cd /Users/khanghnguyen/Downloads/Wishie
    builtin-SwiftDriver -- /Applications/Xcode.app/Contents/Developer/Toolchains/XcodeDefault.xctoolchain/usr/bin/swiftc -module-name Wishie -Onone -enforce-exclusivity\=checked @/Users/khanghnguyen/Library/Developer/Xcode/DerivedData/Wishie-gavmeupfwiyxzhaiqkwzocyeeixy/Build/Intermediates.noindex/Wishie.build/Debug-iphoneos/Wishie.build/Objects-normal/arm64/Wishie.SwiftFileList -DDEBUG -Xcc -fmodule-map-file\=/Users/khanghnguyen/Library/Developer/Xcode/DerivedData/Wishie-gavmeupfwiyxzhaiqkwzocyeeixy/Build/Intermediates.noindex/GeneratedModuleMaps-iphoneos/RecaptchaInterop.modulemap -Xcc -fmodule-map-file\=/Users/khanghnguyen/Library/Developer/Xcode/DerivedData/Wishie-gavmeupfwiyxzhaiqkwzocyeeixy/Build/Intermediates.noindex/GeneratedModuleMaps-iphoneos/GoogleUtilities-Network.modulemap -Xcc -fmodule-map-file\=/Users/khanghnguyen/Library/Developer/Xcode/DerivedData/Wishie-gavmeupfwiyxzhaiqkwzocyeeixy/Build/Intermediates.noindex/GeneratedModuleMaps-iphoneos/GoogleUtilities-Reachability.modulemap -Xcc -fmodule-map-file\=/Users/khanghnguyen/Library/Developer/Xcode/DerivedData/Wishie-gavmeupfwiyxzhaiqkwzocyeeixy/Build/Intermediates.noindex/GeneratedModuleMaps-iphoneos/GoogleUtilities-AppDelegateSwizzler.modulemap -Xcc -fmodule-map-file\=/Users/khanghnguyen/Library/Developer/Xcode/DerivedData/Wishie-gavmeupfwiyxzhaiqkwzocyeeixy/Build/Intermediates.noindex/GeneratedModuleMaps-iphoneos/GTMSessionFetcherCore.modulemap -Xcc -fmodule-map-file\=/Users/khanghnguyen/Library/Developer/Xcode/DerivedData/Wishie-gavmeupfwiyxzhaiqkwzocyeeixy/Build/Intermediates.noindex/GeneratedModuleMaps-iphoneos/FirebaseAuthInternal.modulemap -Xcc -fmodule-map-file\=/Users/khanghnguyen/Library/Developer/Xcode/DerivedData/Wishie-gavmeupfwiyxzhaiqkwzocyeeixy/Build/Intermediates.noindex/GeneratedModuleMaps-iphoneos/FirebaseAuthInterop.modulemap -Xcc -fmodule-map-file\=/Users/khanghnguyen/Library/Developer/Xcode/DerivedData/Wishie-gavmeupfwiyxzhaiqkwzocyeeixy/Build/Intermediates.noindex/GeneratedModuleMaps-iphoneos/SDWebImage.modulemap -Xcc -fmodule-map-file\=/Users/khanghnguyen/Library/Developer/Xcode/DerivedData/Wishie-gavmeupfwiyxzhaiqkwzocyeeixy/Build/Intermediates.noindex/GeneratedModuleMaps-iphoneos/GoogleUtilities-NSData.modulemap -Xcc -fmodule-map-file\=/Users/khanghnguyen/Library/Developer/Xcode/DerivedData/Wishie-gavmeupfwiyxzhaiqkwzocyeeixy/Build/Intermediates.noindex/GeneratedModuleMaps-iphoneos/GoogleUtilities-Environment.modulemap -Xcc -fmodule-map-file\=/Users/khanghnguyen/Library/Developer/Xcode/DerivedData/Wishie-gavmeupfwiyxzhaiqkwzocyeeixy/Build/Intermediates.noindex/GeneratedModuleMaps-iphoneos/third-party-IsAppEncrypted.modulemap -Xcc -fmodule-map-file\=/Users/khanghnguyen/Library/Developer/Xcode/DerivedData/Wishie-gavmeupfwiyxzhaiqkwzocyeeixy/Build/Intermediates.noindex/GeneratedModuleMaps-iphoneos/GoogleUtilities-Logger.modulemap -Xcc -fmodule-map-file\=/Users/khanghnguyen/Library/Developer/Xcode/DerivedData/Wishie-gavmeupfwiyxzhaiqkwzocyeeixy/Build/Intermediates.noindex/GeneratedModuleMaps-iphoneos/abslWrapper.modulemap -Xcc -fmodule-map-file\=/Users/khanghnguyen/Library/Developer/Xcode/DerivedData/Wishie-gavmeupfwiyxzhaiqkwzocyeeixy/Build/Intermediates.noindex/GeneratedModuleMaps-iphoneos/opensslWrapper.modulemap -Xcc -fmodule-map-file\=/Users/khanghnguyen/Library/Developer/Xcode/DerivedData/Wishie-gavmeupfwiyxzhaiqkwzocyeeixy/Build/Intermediates.noindex/GeneratedModuleMaps-iphoneos/grpcWrapper.modulemap -Xcc -fmodule-map-file\=/Users/khanghnguyen/Library/Developer/Xcode/DerivedData/Wishie-gavmeupfwiyxzhaiqkwzocyeeixy/Build/Intermediates.noindex/GeneratedModuleMaps-iphoneos/grpcppWrapper.modulemap -Xcc -fmodule-map-file\=/Users/khanghnguyen/Library/Developer/Xcode/DerivedData/Wishie-gavmeupfwiyxzhaiqkwzocyeeixy/Build/Intermediates.noindex/GeneratedModuleMaps-iphoneos/nanopb.modulemap -Xcc -fmodule-map-file\=/Users/khanghnguyen/Library/Developer/Xcode/DerivedData/Wishie-gavmeupfwiyxzhaiqkwzocyeeixy/Build/Intermediates.noindex/GeneratedModuleMaps-iphoneos/leveldb.modulemap -Xcc -fmodule-map-file\=/Users/khanghnguyen/Library/Developer/Xcode/DerivedData/Wishie-gavmeupfwiyxzhaiqkwzocyeeixy/Build/Intermediates.noindex/GeneratedModuleMaps-iphoneos/FirebaseCoreExtension.modulemap -Xcc -fmodule-map-file\=/Users/khanghnguyen/Library/Developer/Xcode/DerivedData/Wishie-gavmeupfwiyxzhaiqkwzocyeeixy/Build/Intermediates.noindex/GeneratedModuleMaps-iphoneos/FirebaseCore.modulemap -Xcc -fmodule-map-file\=/Users/khanghnguyen/Library/Developer/Xcode/DerivedData/Wishie-gavmeupfwiyxzhaiqkwzocyeeixy/Build/Intermediates.noindex/GeneratedModuleMaps-iphoneos/FirebaseAppCheckInterop.modulemap -Xcc -fmodule-map-file\=/Users/khanghnguyen/Library/Developer/Xcode/DerivedData/Wishie-gavmeupfwiyxzhaiqkwzocyeeixy/Build/Intermediates.noindex/GeneratedModuleMaps-iphoneos/FirebaseFirestoreInternalWrapper.modulemap -Xcc -fmodule-map-file\=/Users/khanghnguyen/Library/Developer/Xcode/DerivedData/Wishie-gavmeupfwiyxzhaiqkwzocyeeixy/Build/Intermediates.noindex/GeneratedModuleMaps-iphoneos/FirebaseFirestoreTarget.modulemap -enable-bare-slash-regex -enable-experimental-feature DebugDescriptionMacro -sdk /Applications/Xcode.app/Contents/Developer/Platforms/iPhoneOS.platform/Developer/SDKs/iPhoneOS26.2.sdk -target arm64-apple-ios18.5 -g -module-cache-path /Users/khanghnguyen/Library/Developer/Xcode/DerivedData/ModuleCache.noindex -Xfrontend -serialize-debugging-options -profile-coverage-mapping -profile-generate -enable-testing -index-store-path /Users/khanghnguyen/Library/Developer/Xcode/DerivedData/Wishie-gavmeupfwiyxzhaiqkwzocyeeixy/Index.noindex/DataStore -Xcc -D_LIBCPP_HARDENING_MODE\=_LIBCPP_HARDENING_MODE_DEBUG -swift-version 5 -I /Users/khanghnguyen/Library/Developer/Xcode/DerivedData/Wishie-gavmeupfwiyxzhaiqkwzocyeeixy/Build/Products/Debug-iphoneos -F /Users/khanghnguyen/Library/Developer/Xcode/DerivedData/Wishie-gavmeupfwiyxzhaiqkwzocyeeixy/Build/Products/Debug-iphoneos/PackageFrameworks -F /Users/khanghnguyen/Library/Developer/Xcode/DerivedData/Wishie-gavmeupfwiyxzhaiqkwzocyeeixy/Build/Products/Debug-iphoneos/PackageFrameworks -F /Users/khanghnguyen/Library/Developer/Xcode/DerivedData/Wishie-gavmeupfwiyxzhaiqkwzocyeeixy/Build/Products/Debug-iphoneos/PackageFrameworks -F /Users/khanghnguyen/Library/Developer/Xcode/DerivedData/Wishie-gavmeupfwiyxzhaiqkwzocyeeixy/Build/Products/Debug-iphoneos/PackageFrameworks -F /Users/khanghnguyen/Library/Developer/Xcode/DerivedData/Wishie-gavmeupfwiyxzhaiqkwzocyeeixy/Build/Products/Debug-iphoneos/PackageFrameworks -F /Users/khanghnguyen/Library/Developer/Xcode/DerivedData/Wishie-gavmeupfwiyxzhaiqkwzocyeeixy/Build/Products/Debug-iphoneos/PackageFrameworks -F /Users/khanghnguyen/Library/Developer/Xcode/DerivedData/Wishie-gavmeupfwiyxzhaiqkwzocyeeixy/Build/Products/Debug-iphoneos/PackageFrameworks -F /Users/khanghnguyen/Library/Developer/Xcode/DerivedData/Wishie-gavmeupfwiyxzhaiqkwzocyeeixy/Build/Products/Debug-iphoneos/PackageFrameworks -F /Users/khanghnguyen/Library/Developer/Xcode/DerivedData/Wishie-gavmeupfwiyxzhaiqkwzocyeeixy/Build/Products/Debug-iphoneos/PackageFrameworks -F /Users/khanghnguyen/Library/Developer/Xcode/DerivedData/Wishie-gavmeupfwiyxzhaiqkwzocyeeixy/Build/Products/Debug-iphoneos/PackageFrameworks -F /Users/khanghnguyen/Library/Developer/Xcode/DerivedData/Wishie-gavmeupfwiyxzhaiqkwzocyeeixy/Build/Products/Debug-iphoneos/PackageFrameworks -F /Users/khanghnguyen/Library/Developer/Xcode/DerivedData/Wishie-gavmeupfwiyxzhaiqkwzocyeeixy/Build/Products/Debug-iphoneos/PackageFrameworks -F /Users/khanghnguyen/Library/Developer/Xcode/DerivedData/Wishie-gavmeupfwiyxzhaiqkwzocyeeixy/Build/Products/Debug-iphoneos/PackageFrameworks -F /Users/khanghnguyen/Library/Developer/Xcode/DerivedData/Wishie-gavmeupfwiyxzhaiqkwzocyeeixy/Build/Products/Debug-iphoneos/PackageFrameworks -F /Users/khanghnguyen/Library/Developer/Xcode/DerivedData/Wishie-gavmeupfwiyxzhaiqkwzocyeeixy/Build/Products/Debug-iphoneos/PackageFrameworks -F /Users/khanghnguyen/Library/Developer/Xcode/DerivedData/Wishie-gavmeupfwiyxzhaiqkwzocyeeixy/Build/Products/Debug-iphoneos/PackageFrameworks -F /Users/khanghnguyen/Library/Developer/Xcode/DerivedData/Wishie-gavmeupfwiyxzhaiqkwzocyeeixy/Build/Products/Debug-iphoneos/PackageFrameworks -F /Users/khanghnguyen/Library/Developer/Xcode/DerivedData/Wishie-gavmeupfwiyxzhaiqkwzocyeeixy/Build/Products/Debug-iphoneos/PackageFrameworks -F /Users/khanghnguyen/Library/Developer/Xcode/DerivedData/Wishie-gavmeupfwiyxzhaiqkwzocyeeixy/Build/Products/Debug-iphoneos/PackageFrameworks -F /Users/khanghnguyen/Library/Developer/Xcode/DerivedData/Wishie-gavmeupfwiyxzhaiqkwzocyeeixy/Build/Products/Debug-iphoneos/PackageFrameworks -F /Users/khanghnguyen/Library/Developer/Xcode/DerivedData/Wishie-gavmeupfwiyxzhaiqkwzocyeeixy/Build/Products/Debug-iphoneos/PackageFrameworks -F /Users/khanghnguyen/Library/Developer/Xcode/DerivedData/Wishie-gavmeupfwiyxzhaiqkwzocyeeixy/Build/Products/Debug-iphoneos/PackageFrameworks -F /Users/khanghnguyen/Library/Developer/Xcode/DerivedData/Wishie-gavmeupfwiyxzhaiqkwzocyeeixy/Build/Products/Debug-iphoneos/PackageFrameworks -F /Users/khanghnguyen/Library/Developer/Xcode/DerivedData/Wishie-gavmeupfwiyxzhaiqkwzocyeeixy/Build/Products/Debug-iphoneos/PackageFrameworks -F /Users/khanghnguyen/Library/Developer/Xcode/DerivedData/Wishie-gavmeupfwiyxzhaiqkwzocyeeixy/Build/Products/Debug-iphoneos/PackageFrameworks -F /Users/khanghnguyen/Library/Developer/Xcode/DerivedData/Wishie-gavmeupfwiyxzhaiqkwzocyeeixy/Build/Products/Debug-iphoneos/PackageFrameworks -F /Users/khanghnguyen/Library/Developer/Xcode/DerivedData/Wishie-gavmeupfwiyxzhaiqkwzocyeeixy/Build/Products/Debug-iphoneos/PackageFrameworks -F /Users/khanghnguyen/Library/Developer/Xcode/DerivedData/Wishie-gavmeupfwiyxzhaiqkwzocyeeixy/Build/Products/Debug-iphoneos/PackageFrameworks -F /Users/khanghnguyen/Library/Developer/Xcode/DerivedData/Wishie-gavmeupfwiyxzhaiqkwzocyeeixy/Build/Products/Debug-iphoneos/PackageFrameworks -F /Users/khanghnguyen/Library/Developer/Xcode/DerivedData/Wishie-gavmeupfwiyxzhaiqkwzocyeeixy/Build/Products/Debug-iphoneos/PackageFrameworks -F /Users/khanghnguyen/Library/Developer/Xcode/DerivedData/Wishie-gavmeupfwiyxzhaiqkwzocyeeixy/Build/Products/Debug-iphoneos/PackageFrameworks -F /Users/khanghnguyen/Library/Developer/Xcode/DerivedData/Wishie-gavmeupfwiyxzhaiqkwzocyeeixy/Build/Products/Debug-iphoneos/PackageFrameworks -F /Users/khanghnguyen/Library/Developer/Xcode/DerivedData/Wishie-gavmeupfwiyxzhaiqkwzocyeeixy/Build/Products/Debug-iphoneos/PackageFrameworks -F /Users/khanghnguyen/Library/Developer/Xcode/DerivedData/Wishie-gavmeupfwiyxzhaiqkwzocyeeixy/Build/Products/Debug-iphoneos/PackageFrameworks -F /Users/khanghnguyen/Library/Developer/Xcode/DerivedData/Wishie-gavmeupfwiyxzhaiqkwzocyeeixy/Build/Products/Debug-iphoneos/PackageFrameworks -F /Users/khanghnguyen/Library/Developer/Xcode/DerivedData/Wishie-gavmeupfwiyxzhaiqkwzocyeeixy/Build/Products/Debug-iphoneos/PackageFrameworks -F /Users/khanghnguyen/Library/Developer/Xcode/DerivedData/Wishie-gavmeupfwiyxzhaiqkwzocyeeixy/Build/Products/Debug-iphoneos/PackageFrameworks -F /Users/khanghnguyen/Library/Developer/Xcode/DerivedData/Wishie-gavmeupfwiyxzhaiqkwzocyeeixy/Build/Products/Debug-iphoneos/PackageFrameworks -F /Users/khanghnguyen/Library/Developer/Xcode/DerivedData/Wishie-gavmeupfwiyxzhaiqkwzocyeeixy/Build/Products/Debug-iphoneos/PackageFrameworks -F /Users/khanghnguyen/Library/Developer/Xcode/DerivedData/Wishie-gavmeupfwiyxzhaiqkwzocyeeixy/Build/Products/Debug-iphoneos/PackageFrameworks -F /Users/khanghnguyen/Library/Developer/Xcode/DerivedData/Wishie-gavmeupfwiyxzhaiqkwzocyeeixy/Build/Products/Debug-iphoneos/PackageFrameworks -F /Users/khanghnguyen/Library/Developer/Xcode/DerivedData/Wishie-gavmeupfwiyxzhaiqkwzocyeeixy/Build/Products/Debug-iphoneos/PackageFrameworks -F /Users/khanghnguyen/Library/Developer/Xcode/DerivedData/Wishie-gavmeupfwiyxzhaiqkwzocyeeixy/Build/Products/Debug-iphoneos/PackageFrameworks -F /Users/khanghnguyen/Library/Developer/Xcode/DerivedData/Wishie-gavmeupfwiyxzhaiqkwzocyeeixy/Build/Products/Debug-iphoneos/PackageFrameworks -F /Users/khanghnguyen/Library/Developer/Xcode/DerivedData/Wishie-gavmeupfwiyxzhaiqkwzocyeeixy/Build/Products/Debug-iphoneos -emit-localized-strings -emit-localized-strings-path /Users/khanghnguyen/Library/Developer/Xcode/DerivedData/Wishie-gavmeupfwiyxzhaiqkwzocyeeixy/Build/Intermediates.noindex/Wishie.build/Debug-iphoneos/Wishie.build/Objects-normal/arm64 -c -j8 -enable-batch-mode -incremental -Xcc -ivfsstatcache -Xcc /Users/khanghnguyen/Library/Developer/Xcode/DerivedData/SDKStatCaches.noindex/iphoneos26.2-23C57-3794476bd08197c3e2abd9bb477ef7f7.sdkstatcache -output-file-map /Users/khanghnguyen/Library/Developer/Xcode/DerivedData/Wishie-gavmeupfwiyxzhaiqkwzocyeeixy/Build/Intermediates.noindex/Wishie.build/Debug-iphoneos/Wishie.build/Objects-normal/arm64/Wishie-OutputFileMap.json -use-frontend-parseable-output -save-temps -no-color-diagnostics -explicit-module-build -module-cache-path /Users/khanghnguyen/Library/Developer/Xcode/DerivedData/Wishie-gavmeupfwiyxzhaiqkwzocyeeixy/Build/Intermediates.noindex/SwiftExplicitPrecompiledModules -clang-scanner-module-cache-path /Users/khanghnguyen/Library/Developer/Xcode/DerivedData/ModuleCache.noindex -sdk-module-cache-path /Users/khanghnguyen/Library/Developer/Xcode/DerivedData/ModuleCache.noindex -serialize-diagnostics -emit-dependencies -emit-module -emit-module-path /Users/khanghnguyen/Library/Developer/Xcode/DerivedData/Wishie-gavmeupfwiyxzhaiqkwzocyeeixy/Build/Intermediates.noindex/Wishie.build/Debug-iphoneos/Wishie.build/Objects-normal/arm64/Wishie.swiftmodule -validate-clang-modules-once -clang-build-session-file /Users/khanghnguyen/Library/Developer/Xcode/DerivedData/ModuleCache.noindex/Session.modulevalidation -Xcc -I/Users/khanghnguyen/Library/Developer/Xcode/DerivedData/Wishie-gavmeupfwiyxzhaiqkwzocyeeixy/Build/Intermediates.noindex/Wishie.build/Debug-iphoneos/Wishie.build/swift-overrides.hmap -emit-const-values -Xfrontend -const-gather-protocols-file -Xfrontend /Users/khanghnguyen/Library/Developer/Xcode/DerivedData/Wishie-gavmeupfwiyxzhaiqkwzocyeeixy/Build/Intermediates.noindex/Wishie.build/Debug-iphoneos/Wishie.build/Objects-normal/arm64/Wishie_const_extract_protocols.json -Xcc -iquote -Xcc /Users/khanghnguyen/Library/Developer/Xcode/DerivedData/Wishie-gavmeupfwiyxzhaiqkwzocyeeixy/Build/Intermediates.noindex/Wishie.build/Debug-iphoneos/Wishie.build/Wishie-generated-files.hmap -Xcc -I/Users/khanghnguyen/Library/Developer/Xcode/DerivedData/Wishie-gavmeupfwiyxzhaiqkwzocyeeixy/Build/Intermediates.noindex/Wishie.build/Debug-iphoneos/Wishie.build/Wishie-own-target-headers.hmap -Xcc -I/Users/khanghnguyen/Library/Developer/Xcode/DerivedData/Wishie-gavmeupfwiyxzhaiqkwzocyeeixy/Build/Intermediates.noindex/Wishie.build/Debug-iphoneos/Wishie.build/Wishie-all-non-framework-target-headers.hmap -Xcc -ivfsoverlay -Xcc /Users/khanghnguyen/Library/Developer/Xcode/DerivedData/Wishie-gavmeupfwiyxzhaiqkwzocyeeixy/Build/Intermediates.noindex/Wishie.build/Debug-iphoneos/Wishie-1884723903d2fb4d89cb62bedc0c9385-VFS-iphoneos/all-product-headers.yaml -Xcc -iquote -Xcc /Users/khanghnguyen/Library/Developer/Xcode/DerivedData/Wishie-gavmeupfwiyxzhaiqkwzocyeeixy/Build/Intermediates.noindex/Wishie.build/Debug-iphoneos/Wishie.build/Wishie-project-headers.hmap -Xcc -I/Users/khanghnguyen/Library/Developer/Xcode/DerivedData/Wishie-gavmeupfwiyxzhaiqkwzocyeeixy/SourcePackages/checkouts/interop-ios-for-google-sdks/RecaptchaEnterprise/RecaptchaInterop/Public -Xcc -I/Users/khanghnguyen/Library/Developer/Xcode/DerivedData/Wishie-gavmeupfwiyxzhaiqkwzocyeeixy/SourcePackages/checkouts/GoogleUtilities/GoogleUtilities/Network/Public -Xcc -I/Users/khanghnguyen/Library/Developer/Xcode/DerivedData/Wishie-gavmeupfwiyxzhaiqkwzocyeeixy/SourcePackages/checkouts/GoogleUtilities/GoogleUtilities/Reachability/Public -Xcc -I/Users/khanghnguyen/Library/Developer/Xcode/DerivedData/Wishie-gavmeupfwiyxzhaiqkwzocyeeixy/SourcePackages/checkouts/GoogleUtilities/GoogleUtilities/AppDelegateSwizzler/Public -Xcc -I/Users/khanghnguyen/Library/Developer/Xcode/DerivedData/Wishie-gavmeupfwiyxzhaiqkwzocyeeixy/SourcePackages/checkouts/gtm-session-fetcher/Sources/Core/Public -Xcc -I/Users/khanghnguyen/Library/Developer/Xcode/DerivedData/Wishie-gavmeupfwiyxzhaiqkwzocyeeixy/SourcePackages/checkouts/firebase-ios-sdk/FirebaseAuth/Sources/Public -Xcc -I/Users/khanghnguyen/Library/Developer/Xcode/DerivedData/Wishie-gavmeupfwiyxzhaiqkwzocyeeixy/SourcePackages/checkouts/firebase-ios-sdk/FirebaseAuth/Interop/Public -Xcc -I/Users/khanghnguyen/Library/Developer/Xcode/DerivedData/Wishie-gavmeupfwiyxzhaiqkwzocyeeixy/SourcePackages/checkouts/SDWebImage/SDWebImage/include -Xcc -I/Users/khanghnguyen/Library/Developer/Xcode/DerivedData/Wishie-gavmeupfwiyxzhaiqkwzocyeeixy/SourcePackages/checkouts/GoogleUtilities/GoogleUtilities/NSData+zlib/Public -Xcc -I/Users/khanghnguyen/Library/Developer/Xcode/DerivedData/Wishie-gavmeupfwiyxzhaiqkwzocyeeixy/SourcePackages/checkouts/GoogleUtilities/GoogleUtilities/Environment/Public -Xcc -I/Users/khanghnguyen/Library/Developer/Xcode/DerivedData/Wishie-gavmeupfwiyxzhaiqkwzocyeeixy/SourcePackages/checkouts/GoogleUtilities/third_party/IsAppEncrypted/Public -Xcc -I/Users/khanghnguyen/Library/Developer/Xcode/DerivedData/Wishie-gavmeupfwiyxzhaiqkwzocyeeixy/SourcePackages/checkouts/GoogleUtilities/GoogleUtilities/Logger/Public -Xcc -I/Users/khanghnguyen/Library/Developer/Xcode/DerivedData/Wishie-gavmeupfwiyxzhaiqkwzocyeeixy/SourcePackages/checkouts/abseil-cpp-binary/absl-Wrapper/include -Xcc -I/Users/khanghnguyen/Library/Developer/Xcode/DerivedData/Wishie-gavmeupfwiyxzhaiqkwzocyeeixy/SourcePackages/checkouts/grpc-binary/openssl-grpc-Wrapper/include -Xcc -I/Users/khanghnguyen/Library/Developer/Xcode/DerivedData/Wishie-gavmeupfwiyxzhaiqkwzocyeeixy/SourcePackages/checkouts/grpc-binary/grpc-Wrapper/include -Xcc -I/Users/khanghnguyen/Library/Developer/Xcode/DerivedData/Wishie-gavmeupfwiyxzhaiqkwzocyeeixy/SourcePackages/checkouts/grpc-binary/grpcpp-Wrapper/include -Xcc -I/Users/khanghnguyen/Library/Developer/Xcode/DerivedData/Wishie-gavmeupfwiyxzhaiqkwzocyeeixy/SourcePackages/checkouts/nanopb/spm_headers -Xcc -I/Users/khanghnguyen/Library/Developer/Xcode/DerivedData/Wishie-gavmeupfwiyxzhaiqkwzocyeeixy/SourcePackages/checkouts/leveldb/include -Xcc -I/Users/khanghnguyen/Library/Developer/Xcode/DerivedData/Wishie-gavmeupfwiyxzhaiqkwzocyeeixy/SourcePackages/checkouts/firebase-ios-sdk/FirebaseCore/Extension -Xcc -I/Users/khanghnguyen/Library/Developer/Xcode/DerivedData/Wishie-gavmeupfwiyxzhaiqkwzocyeeixy/SourcePackages/checkouts/firebase-ios-sdk/FirebaseCore/Sources/Public -Xcc -I/Users/khanghnguyen/Library/Developer/Xcode/DerivedData/Wishie-gavmeupfwiyxzhaiqkwzocyeeixy/SourcePackages/checkouts/firebase-ios-sdk/CoreOnly/Sources -Xcc -I/Users/khanghnguyen/Library/Developer/Xcode/DerivedData/Wishie-gavmeupfwiyxzhaiqkwzocyeeixy/SourcePackages/checkouts/firebase-ios-sdk/FirebaseAppCheck/Interop/Public -Xcc -I/Users/khanghnguyen/Library/Developer/Xcode/DerivedData/Wishie-gavmeupfwiyxzhaiqkwzocyeeixy/SourcePackages/checkouts/firebase-ios-sdk/FirebaseFirestoreInternal -Xcc -I/Users/khanghnguyen/Library/Developer/Xcode/DerivedData/Wishie-gavmeupfwiyxzhaiqkwzocyeeixy/SourcePackages/checkouts/firebase-ios-sdk/SwiftPM-PlatformExclude/FirebaseFirestoreWrap/include -Xcc -I/Users/khanghnguyen/Library/Developer/Xcode/DerivedData/Wishie-gavmeupfwiyxzhaiqkwzocyeeixy/Build/Products/Debug-iphoneos/include -Xcc -I/Users/khanghnguyen/Library/Developer/Xcode/DerivedData/Wishie-gavmeupfwiyxzhaiqkwzocyeeixy/Build/Intermediates.noindex/Wishie.build/Debug-iphoneos/Wishie.build/DerivedSources-normal/arm64 -Xcc -I/Users/khanghnguyen/Library/Developer/Xcode/DerivedData/Wishie-gavmeupfwiyxzhaiqkwzocyeeixy/Build/Intermediates.noindex/Wishie.build/Debug-iphoneos/Wishie.build/DerivedSources/arm64 -Xcc -I/Users/khanghnguyen/Library/Developer/Xcode/DerivedData/Wishie-gavmeupfwiyxzhaiqkwzocyeeixy/Build/Intermediates.noindex/Wishie.build/Debug-iphoneos/Wishie.build/DerivedSources -Xcc -DDEBUG\=1 -emit-objc-header -emit-objc-header-path /Users/khanghnguyen/Library/Developer/Xcode/DerivedData/Wishie-gavmeupfwiyxzhaiqkwzocyeeixy/Build/Intermediates.noindex/Wishie.build/Debug-iphoneos/Wishie.build/Objects-normal/arm64/Wishie-Swift.h -working-directory /Users/khanghnguyen/Downloads/Wishie -experimental-emit-module-separately -disable-cmo
/Users/khanghnguyen/Library/Developer/Xcode/DerivedData/Wishie-gavmeupfwiyxzhaiqkwzocyeeixy/Build/Intermediates.noindex/Wishie.build/Debug-iphoneos/Wishie.build/DerivedSources/GeneratedAssetSymbols.swift:753:14: warning: The "add" image asset name resolves to a conflicting UIImage symbol "add". Try renaming the asset.
    #warning("The \"add\" image asset name resolves to a conflicting UIImage symbol \"add\". Try renaming the asset.")
             ^~~~~~~~~~~~~~~~~~~~~~~~~~~~~~~~~~~~~~~~~~~~~~~~~~~~~~~~~~~~~~~~~~~~~~~~~~~~~~~~~~~~~~~~~~~~~~~~~~~~~~~~ (in target 'Wishie' from project 'Wishie')

SwiftDriverJobDiscovery normal arm64 Compiling SupabaseClient.swift (in target 'Supabase' from project 'Supabase')

SwiftDriver\ Compilation Supabase normal arm64 com.apple.xcode.tools.swift.compiler (in target 'Supabase' from project 'Supabase')
    cd /Users/khanghnguyen/Downloads/Wishie/Wishie.xcodeproj
    builtin-Swift-Compilation -- /Applications/Xcode.app/Contents/Developer/Toolchains/XcodeDefault.xctoolchain/usr/bin/swiftc -module-name Supabase -Onone -enforce-exclusivity\=checked @/Users/khanghnguyen/Library/Developer/Xcode/DerivedData/Wishie-gavmeupfwiyxzhaiqkwzocyeeixy/Build/Intermediates.noindex/Supabase.build/Debug-iphoneos/Supabase.build/Objects-normal/arm64/Supabase.SwiftFileList -DSWIFT_PACKAGE -DDEBUG -DSWIFT_MODULE_RESOURCE_BUNDLE_UNAVAILABLE -DXcode -enable-upcoming-feature ExistentialAny -enable-experimental-feature StrictConcurrency -plugin-path /Applications/Xcode.app/Contents/Developer/Toolchains/XcodeDefault.xctoolchain/usr/lib/swift/host/plugins/testing -enable-experimental-feature DebugDescriptionMacro -sdk /Applications/Xcode.app/Contents/Developer/Platforms/iPhoneOS.platform/Developer/SDKs/iPhoneOS26.2.sdk -target arm64-apple-ios13.0 -g -module-cache-path /Users/khanghnguyen/Library/Developer/Xcode/DerivedData/ModuleCache.noindex -Xfrontend -serialize-debugging-options -profile-coverage-mapping -profile-generate -enable-testing -suppress-warnings -index-store-path /Users/khanghnguyen/Library/Developer/Xcode/DerivedData/Wishie-gavmeupfwiyxzhaiqkwzocyeeixy/Index.noindex/DataStore -Xcc -D_LIBCPP_HARDENING_MODE\=_LIBCPP_HARDENING_MODE_DEBUG -swift-version 5 -I /Users/khanghnguyen/Library/Developer/Xcode/DerivedData/Wishie-gavmeupfwiyxzhaiqkwzocyeeixy/Build/Products/Debug-iphoneos -Isystem /Applications/Xcode.app/Contents/Developer/Platforms/iPhoneOS.platform/Developer/usr/lib -F /Users/khanghnguyen/Library/Developer/Xcode/DerivedData/Wishie-gavmeupfwiyxzhaiqkwzocyeeixy/Build/Products/Debug-iphoneos/PackageFrameworks -F /Users/khanghnguyen/Library/Developer/Xcode/DerivedData/Wishie-gavmeupfwiyxzhaiqkwzocyeeixy/Build/Products/Debug-iphoneos/PackageFrameworks -F /Users/khanghnguyen/Library/Developer/Xcode/DerivedData/Wishie-gavmeupfwiyxzhaiqkwzocyeeixy/Build/Products/Debug-iphoneos/PackageFrameworks -F /Users/khanghnguyen/Library/Developer/Xcode/DerivedData/Wishie-gavmeupfwiyxzhaiqkwzocyeeixy/Build/Products/Debug-iphoneos/PackageFrameworks -F /Users/khanghnguyen/Library/Developer/Xcode/DerivedData/Wishie-gavmeupfwiyxzhaiqkwzocyeeixy/Build/Products/Debug-iphoneos/PackageFrameworks -F /Users/khanghnguyen/Library/Developer/Xcode/DerivedData/Wishie-gavmeupfwiyxzhaiqkwzocyeeixy/Build/Products/Debug-iphoneos/PackageFrameworks -F /Users/khanghnguyen/Library/Developer/Xcode/DerivedData/Wishie-gavmeupfwiyxzhaiqkwzocyeeixy/Build/Products/Debug-iphoneos/PackageFrameworks -F /Users/khanghnguyen/Library/Developer/Xcode/DerivedData/Wishie-gavmeupfwiyxzhaiqkwzocyeeixy/Build/Products/Debug-iphoneos/PackageFrameworks -F /Users/khanghnguyen/Library/Developer/Xcode/DerivedData/Wishie-gavmeupfwiyxzhaiqkwzocyeeixy/Build/Products/Debug-iphoneos/PackageFrameworks -F /Users/khanghnguyen/Library/Developer/Xcode/DerivedData/Wishie-gavmeupfwiyxzhaiqkwzocyeeixy/Build/Products/Debug-iphoneos/PackageFrameworks -F /Users/khanghnguyen/Library/Developer/Xcode/DerivedData/Wishie-gavmeupfwiyxzhaiqkwzocyeeixy/Build/Products/Debug-iphoneos/PackageFrameworks -F /Users/khanghnguyen/Library/Developer/Xcode/DerivedData/Wishie-gavmeupfwiyxzhaiqkwzocyeeixy/Build/Products/Debug-iphoneos/PackageFrameworks -F /Users/khanghnguyen/Library/Developer/Xcode/DerivedData/Wishie-gavmeupfwiyxzhaiqkwzocyeeixy/Build/Products/Debug-iphoneos/PackageFrameworks -F /Users/khanghnguyen/Library/Developer/Xcode/DerivedData/Wishie-gavmeupfwiyxzhaiqkwzocyeeixy/Build/Products/Debug-iphoneos -F /Applications/Xcode.app/Contents/Developer/Platforms/iPhoneOS.platform/Developer/Library/Frameworks -F /Applications/Xcode.app/Contents/Developer/Platforms/iPhoneOS.platform/Developer/SDKs/iPhoneOS26.2.sdk/Developer/Library/Frameworks -c -j8 -enable-batch-mode -incremental -Xcc -ivfsstatcache -Xcc /Users/khanghnguyen/Library/Developer/Xcode/DerivedData/SDKStatCaches.noindex/iphoneos26.2-23C57-3794476bd08197c3e2abd9bb477ef7f7.sdkstatcache -output-file-map /Users/khanghnguyen/Library/Developer/Xcode/DerivedData/Wishie-gavmeupfwiyxzhaiqkwzocyeeixy/Build/Intermediates.noindex/Supabase.build/Debug-iphoneos/Supabase.build/Objects-normal/arm64/Supabase-OutputFileMap.json -use-frontend-parseable-output -save-temps -no-color-diagnostics -explicit-module-build -module-cache-path /Users/khanghnguyen/Library/Developer/Xcode/DerivedData/Wishie-gavmeupfwiyxzhaiqkwzocyeeixy/Build/Intermediates.noindex/SwiftExplicitPrecompiledModules -clang-scanner-module-cache-path /Users/khanghnguyen/Library/Developer/Xcode/DerivedData/ModuleCache.noindex -sdk-module-cache-path /Users/khanghnguyen/Library/Developer/Xcode/DerivedData/ModuleCache.noindex -serialize-diagnostics -emit-dependencies -emit-module -emit-module-path /Users/khanghnguyen/Library/Developer/Xcode/DerivedData/Wishie-gavmeupfwiyxzhaiqkwzocyeeixy/Build/Intermediates.noindex/Supabase.build/Debug-iphoneos/Supabase.build/Objects-normal/arm64/Supabase.swiftmodule -validate-clang-modules-once -clang-build-session-file /Users/khanghnguyen/Library/Developer/Xcode/DerivedData/ModuleCache.noindex/Session.modulevalidation -package-name supabase_swift -Xcc -I/Users/khanghnguyen/Library/Developer/Xcode/DerivedData/Wishie-gavmeupfwiyxzhaiqkwzocyeeixy/Build/Intermediates.noindex/Supabase.build/Debug-iphoneos/Supabase.build/swift-overrides.hmap -emit-const-values -Xfrontend -const-gather-protocols-file -Xfrontend /Users/khanghnguyen/Library/Developer/Xcode/DerivedData/Wishie-gavmeupfwiyxzhaiqkwzocyeeixy/Build/Intermediates.noindex/Supabase.build/Debug-iphoneos/Supabase.build/Objects-normal/arm64/Supabase_const_extract_protocols.json -Xcc -I/Users/khanghnguyen/Library/Developer/Xcode/DerivedData/Wishie-gavmeupfwiyxzhaiqkwzocyeeixy/Build/Products/Debug-iphoneos/include -Xcc -I/Users/khanghnguyen/Library/Developer/Xcode/DerivedData/Wishie-gavmeupfwiyxzhaiqkwzocyeeixy/Build/Intermediates.noindex/Supabase.build/Debug-iphoneos/Supabase.build/DerivedSources-normal/arm64 -Xcc -I/Users/khanghnguyen/Library/Developer/Xcode/DerivedData/Wishie-gavmeupfwiyxzhaiqkwzocyeeixy/Build/Intermediates.noindex/Supabase.build/Debug-iphoneos/Supabase.build/DerivedSources/arm64 -Xcc -I/Users/khanghnguyen/Library/Developer/Xcode/DerivedData/Wishie-gavmeupfwiyxzhaiqkwzocyeeixy/Build/Intermediates.noindex/Supabase.build/Debug-iphoneos/Supabase.build/DerivedSources -Xcc -DSWIFT_PACKAGE -Xcc -DDEBUG\=1 -emit-objc-header -emit-objc-header-path /Users/khanghnguyen/Library/Developer/Xcode/DerivedData/Wishie-gavmeupfwiyxzhaiqkwzocyeeixy/Build/Intermediates.noindex/Supabase.build/Debug-iphoneos/Supabase.build/Objects-normal/arm64/Supabase-Swift.h -working-directory /Users/khanghnguyen/Downloads/Wishie/Wishie.xcodeproj -experimental-emit-module-separately -disable-cmo

SwiftExplicitDependencyGeneratePcm arm64 /Users/khanghnguyen/Library/Developer/Xcode/DerivedData/Wishie-gavmeupfwiyxzhaiqkwzocyeeixy/Build/Intermediates.noindex/SwiftExplicitPrecompiledModules/FirebaseAuthInterop-6T8H6EKNW008G9K38MX9E10N9.pcm

SwiftExplicitDependencyGeneratePcm arm64 /Users/khanghnguyen/Library/Developer/Xcode/DerivedData/Wishie-gavmeupfwiyxzhaiqkwzocyeeixy/Build/Intermediates.noindex/SwiftExplicitPrecompiledModules/GoogleUtilities_AppDelegateSwizzler-DM41IZ5UWEMMUIWR9TXMNDUQ6.pcm

SwiftExplicitDependencyGeneratePcm arm64 /Users/khanghnguyen/Library/Developer/Xcode/DerivedData/Wishie-gavmeupfwiyxzhaiqkwzocyeeixy/Build/Intermediates.noindex/SwiftExplicitPrecompiledModules/SDWebImage-F204PCG64O8GRC6MEU7X47B8D.pcm

SwiftExplicitDependencyGeneratePcm arm64 /Users/khanghnguyen/Library/Developer/Xcode/DerivedData/Wishie-gavmeupfwiyxzhaiqkwzocyeeixy/Build/Intermediates.noindex/SwiftExplicitPrecompiledModules/FirebaseAppCheckInterop-9MJ2C6TGXJ38ANTZA5TM2MW3Y.pcm

SwiftExplicitDependencyGeneratePcm arm64 /Users/khanghnguyen/Library/Developer/Xcode/DerivedData/Wishie-gavmeupfwiyxzhaiqkwzocyeeixy/Build/Intermediates.noindex/SwiftExplicitPrecompiledModules/FirebaseAuthInternal-A48FKYQSQRMPGMSLEAGC99X79.pcm

SwiftExplicitDependencyGeneratePcm arm64 /Users/khanghnguyen/Library/Developer/Xcode/DerivedData/Wishie-gavmeupfwiyxzhaiqkwzocyeeixy/Build/Intermediates.noindex/SwiftExplicitPrecompiledModules/GoogleUtilities_Environment-3BBZC9O5FTQJEAWQL76KXV2QO.pcm

SwiftExplicitDependencyGeneratePcm arm64 /Users/khanghnguyen/Library/Developer/Xcode/DerivedData/Wishie-gavmeupfwiyxzhaiqkwzocyeeixy/Build/Intermediates.noindex/SwiftExplicitPrecompiledModules/RecaptchaInterop-9766YJZ7A05NNRG8SRA185G0K.pcm

SwiftDriverJobDiscovery normal arm64 Compiling KeychainLocalStorage.swift, WinCredLocalStorage.swift, Types.swift (in target 'Auth' from project 'Supabase')

SwiftExplicitDependencyGeneratePcm arm64 /Users/khanghnguyen/Library/Developer/Xcode/DerivedData/Wishie-gavmeupfwiyxzhaiqkwzocyeeixy/Build/Intermediates.noindex/SwiftExplicitPrecompiledModules/FirebaseFirestoreInternal-12UITX5PETFNHKAQ8IWRR1L5O.pcm

SwiftExplicitDependencyGeneratePcm arm64 /Users/khanghnguyen/Library/Developer/Xcode/DerivedData/Wishie-gavmeupfwiyxzhaiqkwzocyeeixy/Build/Intermediates.noindex/SwiftExplicitPrecompiledModules/GTMSessionFetcherCore-27UHOSDKYZMKCLX315P742L3B.pcm

SwiftExplicitDependencyGeneratePcm arm64 /Users/khanghnguyen/Library/Developer/Xcode/DerivedData/Wishie-gavmeupfwiyxzhaiqkwzocyeeixy/Build/Intermediates.noindex/SwiftExplicitPrecompiledModules/FirebaseCore-EDFFUT4MKXVZS9Q4B57THYIHO.pcm

SwiftExplicitDependencyGeneratePcm arm64 /Users/khanghnguyen/Library/Developer/Xcode/DerivedData/Wishie-gavmeupfwiyxzhaiqkwzocyeeixy/Build/Intermediates.noindex/SwiftExplicitPrecompiledModules/GoogleUtilities_NSData-3SKEG3R7Q0JJGKJA7EQ3PDQ7W.pcm

SwiftExplicitDependencyGeneratePcm arm64 /Users/khanghnguyen/Library/Developer/Xcode/DerivedData/Wishie-gavmeupfwiyxzhaiqkwzocyeeixy/Build/Intermediates.noindex/SwiftExplicitPrecompiledModules/DotLottiePlayer-CEWX6U7GRE9P9EFWZKFLSD0H2.pcm

SwiftDriver\ Compilation Auth normal arm64 com.apple.xcode.tools.swift.compiler (in target 'Auth' from project 'Supabase')
    cd /Users/khanghnguyen/Downloads/Wishie/Wishie.xcodeproj
    builtin-Swift-Compilation -- /Applications/Xcode.app/Contents/Developer/Toolchains/XcodeDefault.xctoolchain/usr/bin/swiftc -module-name Auth -Onone -enforce-exclusivity\=checked @/Users/khanghnguyen/Library/Developer/Xcode/DerivedData/Wishie-gavmeupfwiyxzhaiqkwzocyeeixy/Build/Intermediates.noindex/Supabase.build/Debug-iphoneos/Auth.build/Objects-normal/arm64/Auth.SwiftFileList -DSWIFT_PACKAGE -DDEBUG -DSWIFT_MODULE_RESOURCE_BUNDLE_UNAVAILABLE -DXcode -enable-upcoming-feature ExistentialAny -enable-experimental-feature StrictConcurrency -plugin-path /Applications/Xcode.app/Contents/Developer/Toolchains/XcodeDefault.xctoolchain/usr/lib/swift/host/plugins/testing -enable-experimental-feature DebugDescriptionMacro -sdk /Applications/Xcode.app/Contents/Developer/Platforms/iPhoneOS.platform/Developer/SDKs/iPhoneOS26.2.sdk -target arm64-apple-ios13.0 -g -module-cache-path /Users/khanghnguyen/Library/Developer/Xcode/DerivedData/ModuleCache.noindex -Xfrontend -serialize-debugging-options -profile-coverage-mapping -profile-generate -enable-testing -suppress-warnings -index-store-path /Users/khanghnguyen/Library/Developer/Xcode/DerivedData/Wishie-gavmeupfwiyxzhaiqkwzocyeeixy/Index.noindex/DataStore -Xcc -D_LIBCPP_HARDENING_MODE\=_LIBCPP_HARDENING_MODE_DEBUG -swift-version 5 -I /Users/khanghnguyen/Library/Developer/Xcode/DerivedData/Wishie-gavmeupfwiyxzhaiqkwzocyeeixy/Build/Products/Debug-iphoneos -Isystem /Applications/Xcode.app/Contents/Developer/Platforms/iPhoneOS.platform/Developer/usr/lib -F /Users/khanghnguyen/Library/Developer/Xcode/DerivedData/Wishie-gavmeupfwiyxzhaiqkwzocyeeixy/Build/Products/Debug-iphoneos/PackageFrameworks -F /Users/khanghnguyen/Library/Developer/Xcode/DerivedData/Wishie-gavmeupfwiyxzhaiqkwzocyeeixy/Build/Products/Debug-iphoneos/PackageFrameworks -F /Users/khanghnguyen/Library/Developer/Xcode/DerivedData/Wishie-gavmeupfwiyxzhaiqkwzocyeeixy/Build/Products/Debug-iphoneos/PackageFrameworks -F /Users/khanghnguyen/Library/Developer/Xcode/DerivedData/Wishie-gavmeupfwiyxzhaiqkwzocyeeixy/Build/Products/Debug-iphoneos/PackageFrameworks -F /Users/khanghnguyen/Library/Developer/Xcode/DerivedData/Wishie-gavmeupfwiyxzhaiqkwzocyeeixy/Build/Products/Debug-iphoneos/PackageFrameworks -F /Users/khanghnguyen/Library/Developer/Xcode/DerivedData/Wishie-gavmeupfwiyxzhaiqkwzocyeeixy/Build/Products/Debug-iphoneos/PackageFrameworks -F /Users/khanghnguyen/Library/Developer/Xcode/DerivedData/Wishie-gavmeupfwiyxzhaiqkwzocyeeixy/Build/Products/Debug-iphoneos/PackageFrameworks -F /Users/khanghnguyen/Library/Developer/Xcode/DerivedData/Wishie-gavmeupfwiyxzhaiqkwzocyeeixy/Build/Products/Debug-iphoneos/PackageFrameworks -F /Users/khanghnguyen/Library/Developer/Xcode/DerivedData/Wishie-gavmeupfwiyxzhaiqkwzocyeeixy/Build/Products/Debug-iphoneos -F /Applications/Xcode.app/Contents/Developer/Platforms/iPhoneOS.platform/Developer/Library/Frameworks -F /Applications/Xcode.app/Contents/Developer/Platforms/iPhoneOS.platform/Developer/SDKs/iPhoneOS26.2.sdk/Developer/Library/Frameworks -c -j8 -enable-batch-mode -incremental -Xcc -ivfsstatcache -Xcc /Users/khanghnguyen/Library/Developer/Xcode/DerivedData/SDKStatCaches.noindex/iphoneos26.2-23C57-3794476bd08197c3e2abd9bb477ef7f7.sdkstatcache -output-file-map /Users/khanghnguyen/Library/Developer/Xcode/DerivedData/Wishie-gavmeupfwiyxzhaiqkwzocyeeixy/Build/Intermediates.noindex/Supabase.build/Debug-iphoneos/Auth.build/Objects-normal/arm64/Auth-OutputFileMap.json -use-frontend-parseable-output -save-temps -no-color-diagnostics -explicit-module-build -module-cache-path /Users/khanghnguyen/Library/Developer/Xcode/DerivedData/Wishie-gavmeupfwiyxzhaiqkwzocyeeixy/Build/Intermediates.noindex/SwiftExplicitPrecompiledModules -clang-scanner-module-cache-path /Users/khanghnguyen/Library/Developer/Xcode/DerivedData/ModuleCache.noindex -sdk-module-cache-path /Users/khanghnguyen/Library/Developer/Xcode/DerivedData/ModuleCache.noindex -serialize-diagnostics -emit-dependencies -emit-module -emit-module-path /Users/khanghnguyen/Library/Developer/Xcode/DerivedData/Wishie-gavmeupfwiyxzhaiqkwzocyeeixy/Build/Intermediates.noindex/Supabase.build/Debug-iphoneos/Auth.build/Objects-normal/arm64/Auth.swiftmodule -validate-clang-modules-once -clang-build-session-file /Users/khanghnguyen/Library/Developer/Xcode/DerivedData/ModuleCache.noindex/Session.modulevalidation -package-name supabase_swift -Xcc -I/Users/khanghnguyen/Library/Developer/Xcode/DerivedData/Wishie-gavmeupfwiyxzhaiqkwzocyeeixy/Build/Intermediates.noindex/Supabase.build/Debug-iphoneos/Auth.build/swift-overrides.hmap -emit-const-values -Xfrontend -const-gather-protocols-file -Xfrontend /Users/khanghnguyen/Library/Developer/Xcode/DerivedData/Wishie-gavmeupfwiyxzhaiqkwzocyeeixy/Build/Intermediates.noindex/Supabase.build/Debug-iphoneos/Auth.build/Objects-normal/arm64/Auth_const_extract_protocols.json -Xcc -I/Users/khanghnguyen/Library/Developer/Xcode/DerivedData/Wishie-gavmeupfwiyxzhaiqkwzocyeeixy/Build/Products/Debug-iphoneos/include -Xcc -I/Users/khanghnguyen/Library/Developer/Xcode/DerivedData/Wishie-gavmeupfwiyxzhaiqkwzocyeeixy/Build/Intermediates.noindex/Supabase.build/Debug-iphoneos/Auth.build/DerivedSources-normal/arm64 -Xcc -I/Users/khanghnguyen/Library/Developer/Xcode/DerivedData/Wishie-gavmeupfwiyxzhaiqkwzocyeeixy/Build/Intermediates.noindex/Supabase.build/Debug-iphoneos/Auth.build/DerivedSources/arm64 -Xcc -I/Users/khanghnguyen/Library/Developer/Xcode/DerivedData/Wishie-gavmeupfwiyxzhaiqkwzocyeeixy/Build/Intermediates.noindex/Supabase.build/Debug-iphoneos/Auth.build/DerivedSources -Xcc -DSWIFT_PACKAGE -Xcc -DDEBUG\=1 -emit-objc-header -emit-objc-header-path /Users/khanghnguyen/Library/Developer/Xcode/DerivedData/Wishie-gavmeupfwiyxzhaiqkwzocyeeixy/Build/Intermediates.noindex/Supabase.build/Debug-iphoneos/Auth.build/Objects-normal/arm64/Auth-Swift.h -working-directory /Users/khanghnguyen/Downloads/Wishie/Wishie.xcodeproj -experimental-emit-module-separately -disable-cmo

Ld /Users/khanghnguyen/Library/Developer/Xcode/DerivedData/Wishie-gavmeupfwiyxzhaiqkwzocyeeixy/Build/Products/Debug-iphoneos/Auth.o normal (in target 'Auth' from project 'Supabase')
    cd /Users/khanghnguyen/Library/Developer/Xcode/DerivedData/Wishie-gavmeupfwiyxzhaiqkwzocyeeixy/SourcePackages/checkouts/supabase-swift
    /Applications/Xcode.app/Contents/Developer/Toolchains/XcodeDefault.xctoolchain/usr/bin/clang -Xlinker -reproducible -target arm64-apple-ios13.0 -r -isysroot /Applications/Xcode.app/Contents/Developer/Platforms/iPhoneOS.platform/Developer/SDKs/iPhoneOS26.2.sdk -O0 -w -L/Users/khanghnguyen/Library/Developer/Xcode/DerivedData/Wishie-gavmeupfwiyxzhaiqkwzocyeeixy/Build/Intermediates.noindex/EagerLinkingTBDs/Debug-iphoneos -L/Users/khanghnguyen/Library/Developer/Xcode/DerivedData/Wishie-gavmeupfwiyxzhaiqkwzocyeeixy/Build/Products/Debug-iphoneos -L/Applications/Xcode.app/Contents/Developer/Platforms/iPhoneOS.platform/Developer/usr/lib -F/Users/khanghnguyen/Library/Developer/Xcode/DerivedData/Wishie-gavmeupfwiyxzhaiqkwzocyeeixy/Build/Intermediates.noindex/EagerLinkingTBDs/Debug-iphoneos -F/Users/khanghnguyen/Library/Developer/Xcode/DerivedData/Wishie-gavmeupfwiyxzhaiqkwzocyeeixy/Build/Products/Debug-iphoneos/PackageFrameworks -F/Users/khanghnguyen/Library/Developer/Xcode/DerivedData/Wishie-gavmeupfwiyxzhaiqkwzocyeeixy/Build/Products/Debug-iphoneos/PackageFrameworks -F/Users/khanghnguyen/Library/Developer/Xcode/DerivedData/Wishie-gavmeupfwiyxzhaiqkwzocyeeixy/Build/Products/Debug-iphoneos/PackageFrameworks -F/Users/khanghnguyen/Library/Developer/Xcode/DerivedData/Wishie-gavmeupfwiyxzhaiqkwzocyeeixy/Build/Products/Debug-iphoneos/PackageFrameworks -F/Users/khanghnguyen/Library/Developer/Xcode/DerivedData/Wishie-gavmeupfwiyxzhaiqkwzocyeeixy/Build/Products/Debug-iphoneos/PackageFrameworks -F/Users/khanghnguyen/Library/Developer/Xcode/DerivedData/Wishie-gavmeupfwiyxzhaiqkwzocyeeixy/Build/Products/Debug-iphoneos/PackageFrameworks -F/Users/khanghnguyen/Library/Developer/Xcode/DerivedData/Wishie-gavmeupfwiyxzhaiqkwzocyeeixy/Build/Products/Debug-iphoneos/PackageFrameworks -F/Users/khanghnguyen/Library/Developer/Xcode/DerivedData/Wishie-gavmeupfwiyxzhaiqkwzocyeeixy/Build/Products/Debug-iphoneos/PackageFrameworks -F/Users/khanghnguyen/Library/Developer/Xcode/DerivedData/Wishie-gavmeupfwiyxzhaiqkwzocyeeixy/Build/Products/Debug-iphoneos -iframework /Applications/Xcode.app/Contents/Developer/Platforms/iPhoneOS.platform/Developer/Library/Frameworks -iframework /Applications/Xcode.app/Contents/Developer/Platforms/iPhoneOS.platform/Developer/SDKs/iPhoneOS26.2.sdk/Developer/Library/Frameworks -filelist /Users/khanghnguyen/Library/Developer/Xcode/DerivedData/Wishie-gavmeupfwiyxzhaiqkwzocyeeixy/Build/Intermediates.noindex/Supabase.build/Debug-iphoneos/Auth.build/Objects-normal/arm64/Auth.LinkFileList -nostdlib -Xlinker -object_path_lto -Xlinker /Users/khanghnguyen/Library/Developer/Xcode/DerivedData/Wishie-gavmeupfwiyxzhaiqkwzocyeeixy/Build/Intermediates.noindex/Supabase.build/Debug-iphoneos/Auth.build/Objects-normal/arm64/Auth_lto.o -rdynamic -Xlinker -no_deduplicate -Xlinker -debug_variant -Xlinker -dependency_info -Xlinker /Users/khanghnguyen/Library/Developer/Xcode/DerivedData/Wishie-gavmeupfwiyxzhaiqkwzocyeeixy/Build/Intermediates.noindex/Supabase.build/Debug-iphoneos/Auth.build/Objects-normal/arm64/Auth_dependency_info.dat -fobjc-link-runtime -L/Applications/Xcode.app/Contents/Developer/Toolchains/XcodeDefault.xctoolchain/usr/lib/swift/iphoneos -L/usr/lib/swift -Xlinker -add_ast_path -Xlinker /Users/khanghnguyen/Library/Developer/Xcode/DerivedData/Wishie-gavmeupfwiyxzhaiqkwzocyeeixy/Build/Intermediates.noindex/Supabase.build/Debug-iphoneos/Auth.build/Objects-normal/arm64/Auth.swiftmodule @/Users/khanghnguyen/Library/Developer/Xcode/DerivedData/Wishie-gavmeupfwiyxzhaiqkwzocyeeixy/Build/Intermediates.noindex/Supabase.build/Debug-iphoneos/Auth.build/Objects-normal/arm64/Auth-linker-args.resp -o /Users/khanghnguyen/Library/Developer/Xcode/DerivedData/Wishie-gavmeupfwiyxzhaiqkwzocyeeixy/Build/Products/Debug-iphoneos/Auth.o

SwiftExplicitDependencyGeneratePcm arm64 /Users/khanghnguyen/Library/Developer/Xcode/DerivedData/Wishie-gavmeupfwiyxzhaiqkwzocyeeixy/Build/Intermediates.noindex/SwiftExplicitPrecompiledModules/FirebaseCoreExtension-3DTYJWA4JTUU20GOYQC0CPMEJ.pcm

SwiftExplicitDependencyGeneratePcm arm64 /Users/khanghnguyen/Library/Developer/Xcode/DerivedData/Wishie-gavmeupfwiyxzhaiqkwzocyeeixy/Build/Intermediates.noindex/SwiftExplicitPrecompiledModules/FirebaseFirestoreInternalWrapper-DUWJ02588T3TS6JYJYASIE9O9.pcm

ExtractAppIntentsMetadata (in target 'Auth' from project 'Supabase')
    cd /Users/khanghnguyen/Library/Developer/Xcode/DerivedData/Wishie-gavmeupfwiyxzhaiqkwzocyeeixy/SourcePackages/checkouts/supabase-swift
    /Applications/Xcode.app/Contents/Developer/Toolchains/XcodeDefault.xctoolchain/usr/bin/appintentsmetadataprocessor --toolchain-dir /Applications/Xcode.app/Contents/Developer/Toolchains/XcodeDefault.xctoolchain --module-name Auth --sdk-root /Applications/Xcode.app/Contents/Developer/Platforms/iPhoneOS.platform/Developer/SDKs/iPhoneOS26.2.sdk --xcode-version 17C529 --platform-family iOS --deployment-target 13.0 --bundle-identifier supabase-swift.Auth --output /Users/khanghnguyen/Library/Developer/Xcode/DerivedData/Wishie-gavmeupfwiyxzhaiqkwzocyeeixy/Build/Products/Debug-iphoneos/Auth.appintents --target-triple arm64-apple-ios13.0 --binary-file /Users/khanghnguyen/Library/Developer/Xcode/DerivedData/Wishie-gavmeupfwiyxzhaiqkwzocyeeixy/Build/Products/Debug-iphoneos/Auth.o --dependency-file /Users/khanghnguyen/Library/Developer/Xcode/DerivedData/Wishie-gavmeupfwiyxzhaiqkwzocyeeixy/Build/Intermediates.noindex/Supabase.build/Debug-iphoneos/Auth.build/Objects-normal/arm64/Auth_dependency_info.dat --stringsdata-file /Users/khanghnguyen/Library/Developer/Xcode/DerivedData/Wishie-gavmeupfwiyxzhaiqkwzocyeeixy/Build/Intermediates.noindex/Supabase.build/Debug-iphoneos/Auth.build/Objects-normal/arm64/ExtractedAppShortcutsMetadata.stringsdata --source-file-list /Users/khanghnguyen/Library/Developer/Xcode/DerivedData/Wishie-gavmeupfwiyxzhaiqkwzocyeeixy/Build/Intermediates.noindex/Supabase.build/Debug-iphoneos/Auth.build/Objects-normal/arm64/Auth.SwiftFileList --metadata-file-list /Users/khanghnguyen/Library/Developer/Xcode/DerivedData/Wishie-gavmeupfwiyxzhaiqkwzocyeeixy/Build/Intermediates.noindex/Supabase.build/Debug-iphoneos/Auth.build/Auth.DependencyMetadataFileList --static-metadata-file-list /Users/khanghnguyen/Library/Developer/Xcode/DerivedData/Wishie-gavmeupfwiyxzhaiqkwzocyeeixy/Build/Intermediates.noindex/Supabase.build/Debug-iphoneos/Auth.build/Auth.DependencyStaticMetadataFileList --swift-const-vals-list /Users/khanghnguyen/Library/Developer/Xcode/DerivedData/Wishie-gavmeupfwiyxzhaiqkwzocyeeixy/Build/Intermediates.noindex/Supabase.build/Debug-iphoneos/Auth.build/Objects-normal/arm64/Auth.SwiftConstValuesFileList --force --compile-time-extraction --deployment-aware-processing --validate-assistant-intents --no-app-shortcuts-localization
2026-05-24 14:36:28.441 appintentsmetadataprocessor[44975:13984414] Starting appintentsmetadataprocessor export
2026-05-24 14:36:28.539 appintentsmetadataprocessor[44975:13984414] Extracted no relevant App Intents symbols, skipping writing output

SwiftExplicitDependencyGeneratePcm arm64 /Users/khanghnguyen/Library/Developer/Xcode/DerivedData/Wishie-gavmeupfwiyxzhaiqkwzocyeeixy/Build/Intermediates.noindex/SwiftExplicitPrecompiledModules/Firebase-CYH68QT0SO9GNGINFDR86FBC.pcm

SwiftEmitModule normal arm64 Emitting\ module\ for\ Wishie (in target 'Wishie' from project 'Wishie')

EmitSwiftModule normal arm64 (in target 'Wishie' from project 'Wishie')
    cd /Users/khanghnguyen/Downloads/Wishie
    
/Users/khanghnguyen/Library/Developer/Xcode/DerivedData/Wishie-gavmeupfwiyxzhaiqkwzocyeeixy/Build/Intermediates.noindex/Wishie.build/Debug-iphoneos/Wishie.build/DerivedSources/GeneratedAssetSymbols.swift:753:14: warning: The "add" image asset name resolves to a conflicting UIImage symbol "add". Try renaming the asset.
    #warning("The \"add\" image asset name resolves to a conflicting UIImage symbol \"add\". Try renaming the asset.")
             ^~~~~~~~~~~~~~~~~~~~~~~~~~~~~~~~~~~~~~~~~~~~~~~~~~~~~~~~~~~~~~~~~~~~~~~~~~~~~~~~~~~~~~~~~~~~~~~~~~~~~~~~

SwiftCompile normal arm64 Compiling\ CreateWishlistViewModel.swift,\ StickyHeaderView.swift,\ WishlistDetailScreen.swift,\ WishlistDetailViewController.swift,\ HomeItemViewCell.swift,\ HomeView.swift,\ HomeViewModel.swift,\ WishListInformationView.swift /Users/khanghnguyen/Downloads/Wishie/Wishie/Screens/CreateList/CreateWishlistViewModel.swift /Users/khanghnguyen/Downloads/Wishie/Wishie/Screens/Detail/StickyHeaderView.swift /Users/khanghnguyen/Downloads/Wishie/Wishie/Screens/Detail/WishlistDetailScreen.swift /Users/khanghnguyen/Downloads/Wishie/Wishie/Screens/Detail/WishlistDetailViewController.swift /Users/khanghnguyen/Downloads/Wishie/Wishie/Screens/Home/HomeItemViewCell.swift /Users/khanghnguyen/Downloads/Wishie/Wishie/Screens/Home/HomeView.swift /Users/khanghnguyen/Downloads/Wishie/Wishie/Screens/Home/HomeViewModel.swift /Users/khanghnguyen/Downloads/Wishie/Wishie/Screens/Information/WishListInformationView.swift (in target 'Wishie' from project 'Wishie')

SwiftCompile normal arm64 /Users/khanghnguyen/Downloads/Wishie/Wishie/Screens/CreateList/CreateWishlistViewModel.swift (in target 'Wishie' from project 'Wishie')
    cd /Users/khanghnguyen/Downloads/Wishie
    

SwiftCompile normal arm64 /Users/khanghnguyen/Downloads/Wishie/Wishie/Screens/Detail/StickyHeaderView.swift (in target 'Wishie' from project 'Wishie')
    cd /Users/khanghnguyen/Downloads/Wishie
    

SwiftCompile normal arm64 /Users/khanghnguyen/Downloads/Wishie/Wishie/Screens/Detail/WishlistDetailScreen.swift (in target 'Wishie' from project 'Wishie')
    cd /Users/khanghnguyen/Downloads/Wishie
    

SwiftCompile normal arm64 /Users/khanghnguyen/Downloads/Wishie/Wishie/Screens/Detail/WishlistDetailViewController.swift (in target 'Wishie' from project 'Wishie')
    cd /Users/khanghnguyen/Downloads/Wishie
    

SwiftCompile normal arm64 /Users/khanghnguyen/Downloads/Wishie/Wishie/Screens/Home/HomeItemViewCell.swift (in target 'Wishie' from project 'Wishie')
    cd /Users/khanghnguyen/Downloads/Wishie
    

SwiftCompile normal arm64 /Users/khanghnguyen/Downloads/Wishie/Wishie/Screens/Home/HomeView.swift (in target 'Wishie' from project 'Wishie')
    cd /Users/khanghnguyen/Downloads/Wishie
    

SwiftCompile normal arm64 /Users/khanghnguyen/Downloads/Wishie/Wishie/Screens/Home/HomeViewModel.swift (in target 'Wishie' from project 'Wishie')
    cd /Users/khanghnguyen/Downloads/Wishie
    
/Users/khanghnguyen/Downloads/Wishie/Wishie/Screens/Home/HomeViewModel.swift:51:31: warning: immutable value 'success' was never used; consider replacing with '_' or removing it
            case .success(let success):
                          ~~~~^~~~~~~
                          _
/Users/khanghnguyen/Downloads/Wishie/Wishie/Screens/Home/HomeViewModel.swift:64:31: warning: immutable value 'success' was never used; consider replacing with '_' or removing it
            case .success(let success):
                          ~~~~^~~~~~~
                          _

SwiftCompile normal arm64 /Users/khanghnguyen/Downloads/Wishie/Wishie/Screens/Information/WishListInformationView.swift (in target 'Wishie' from project 'Wishie')
    cd /Users/khanghnguyen/Downloads/Wishie
    

SwiftCompile normal arm64 Compiling\ LoginView.swift,\ PasswordSignUpView.swift,\ SignUpView.swift,\ CreateWishlistPage1.swift,\ CreateWishlistPage2.swift,\ CreateWishlistPage3.swift,\ CreateWishListScreen.swift,\ CreateWishlistSuccessScreen.swift /Users/khanghnguyen/Downloads/Wishie/Wishie/Screens/Auth/LoginView.swift /Users/khanghnguyen/Downloads/Wishie/Wishie/Screens/Auth/PasswordSignUpView.swift /Users/khanghnguyen/Downloads/Wishie/Wishie/Screens/Auth/SignUpView.swift /Users/khanghnguyen/Downloads/Wishie/Wishie/Screens/CreateList/CreateWishlistPage1.swift /Users/khanghnguyen/Downloads/Wishie/Wishie/Screens/CreateList/CreateWishlistPage2.swift /Users/khanghnguyen/Downloads/Wishie/Wishie/Screens/CreateList/CreateWishlistPage3.swift /Users/khanghnguyen/Downloads/Wishie/Wishie/Screens/CreateList/CreateWishListScreen.swift /Users/khanghnguyen/Downloads/Wishie/Wishie/Screens/CreateList/CreateWishlistSuccessScreen.swift (in target 'Wishie' from project 'Wishie')

SwiftCompile normal arm64 /Users/khanghnguyen/Downloads/Wishie/Wishie/Screens/Auth/LoginView.swift (in target 'Wishie' from project 'Wishie')
    cd /Users/khanghnguyen/Downloads/Wishie
    

SwiftCompile normal arm64 /Users/khanghnguyen/Downloads/Wishie/Wishie/Screens/Auth/PasswordSignUpView.swift (in target 'Wishie' from project 'Wishie')
    cd /Users/khanghnguyen/Downloads/Wishie
    

SwiftCompile normal arm64 /Users/khanghnguyen/Downloads/Wishie/Wishie/Screens/Auth/SignUpView.swift (in target 'Wishie' from project 'Wishie')
    cd /Users/khanghnguyen/Downloads/Wishie
    

SwiftCompile normal arm64 /Users/khanghnguyen/Downloads/Wishie/Wishie/Screens/CreateList/CreateWishlistPage1.swift (in target 'Wishie' from project 'Wishie')
    cd /Users/khanghnguyen/Downloads/Wishie
    

SwiftCompile normal arm64 /Users/khanghnguyen/Downloads/Wishie/Wishie/Screens/CreateList/CreateWishlistPage2.swift (in target 'Wishie' from project 'Wishie')
    cd /Users/khanghnguyen/Downloads/Wishie
    

SwiftCompile normal arm64 /Users/khanghnguyen/Downloads/Wishie/Wishie/Screens/CreateList/CreateWishlistPage3.swift (in target 'Wishie' from project 'Wishie')
    cd /Users/khanghnguyen/Downloads/Wishie
    

SwiftCompile normal arm64 /Users/khanghnguyen/Downloads/Wishie/Wishie/Screens/CreateList/CreateWishListScreen.swift (in target 'Wishie' from project 'Wishie')
    cd /Users/khanghnguyen/Downloads/Wishie
    

SwiftCompile normal arm64 /Users/khanghnguyen/Downloads/Wishie/Wishie/Screens/CreateList/CreateWishlistSuccessScreen.swift (in target 'Wishie' from project 'Wishie')
    cd /Users/khanghnguyen/Downloads/Wishie
    

SwiftCompile normal arm64 Compiling\ WishListInformationViewModel.swift,\ EditProfileView.swift,\ EditProfileViewModel.swift,\ ProfileView.swift,\ ProfileViewModel.swift,\ QRScannerView.swift,\ QRScannerViewController.swift,\ ScanQRScreen.swift /Users/khanghnguyen/Downloads/Wishie/Wishie/Screens/Information/WishListInformationViewModel.swift /Users/khanghnguyen/Downloads/Wishie/Wishie/Screens/Profile/EditProfileView.swift /Users/khanghnguyen/Downloads/Wishie/Wishie/Screens/Profile/EditProfileViewModel.swift /Users/khanghnguyen/Downloads/Wishie/Wishie/Screens/Profile/ProfileView.swift /Users/khanghnguyen/Downloads/Wishie/Wishie/Screens/Profile/ProfileViewModel.swift /Users/khanghnguyen/Downloads/Wishie/Wishie/Screens/Qr/QRScannerView.swift /Users/khanghnguyen/Downloads/Wishie/Wishie/Screens/Qr/QRScannerViewController.swift /Users/khanghnguyen/Downloads/Wishie/Wishie/Screens/Qr/ScanQRScreen.swift (in target 'Wishie' from project 'Wishie')

SwiftCompile normal arm64 /Users/khanghnguyen/Downloads/Wishie/Wishie/Screens/Information/WishListInformationViewModel.swift (in target 'Wishie' from project 'Wishie')
    cd /Users/khanghnguyen/Downloads/Wishie
    

SwiftCompile normal arm64 /Users/khanghnguyen/Downloads/Wishie/Wishie/Screens/Profile/EditProfileView.swift (in target 'Wishie' from project 'Wishie')
    cd /Users/khanghnguyen/Downloads/Wishie
    

SwiftCompile normal arm64 /Users/khanghnguyen/Downloads/Wishie/Wishie/Screens/Profile/EditProfileViewModel.swift (in target 'Wishie' from project 'Wishie')
    cd /Users/khanghnguyen/Downloads/Wishie
    

SwiftCompile normal arm64 /Users/khanghnguyen/Downloads/Wishie/Wishie/Screens/Profile/ProfileView.swift (in target 'Wishie' from project 'Wishie')
    cd /Users/khanghnguyen/Downloads/Wishie
    

SwiftCompile normal arm64 /Users/khanghnguyen/Downloads/Wishie/Wishie/Screens/Profile/ProfileViewModel.swift (in target 'Wishie' from project 'Wishie')
    cd /Users/khanghnguyen/Downloads/Wishie
    

SwiftCompile normal arm64 /Users/khanghnguyen/Downloads/Wishie/Wishie/Screens/Qr/QRScannerView.swift (in target 'Wishie' from project 'Wishie')
    cd /Users/khanghnguyen/Downloads/Wishie
    

SwiftCompile normal arm64 /Users/khanghnguyen/Downloads/Wishie/Wishie/Screens/Qr/QRScannerViewController.swift (in target 'Wishie' from project 'Wishie')
    cd /Users/khanghnguyen/Downloads/Wishie
    

SwiftCompile normal arm64 /Users/khanghnguyen/Downloads/Wishie/Wishie/Screens/Qr/ScanQRScreen.swift (in target 'Wishie' from project 'Wishie')
    cd /Users/khanghnguyen/Downloads/Wishie
    

SwiftCompile normal arm64 Compiling\ WishlistService.swift,\ DateExtension.swift,\ QRCodeGenerator.swift,\ ShareSheet.swift,\ StringUtils.swift,\ LinkHelper.swift,\ WishieApp.swift,\ GeneratedAssetSymbols.swift /Users/khanghnguyen/Downloads/Wishie/Wishie/Services/WishlistService.swift /Users/khanghnguyen/Downloads/Wishie/Wishie/Utils/DateExtension.swift /Users/khanghnguyen/Downloads/Wishie/Wishie/Utils/QRCodeGenerator.swift /Users/khanghnguyen/Downloads/Wishie/Wishie/Utils/ShareSheet.swift /Users/khanghnguyen/Downloads/Wishie/Wishie/Utils/StringUtils.swift /Users/khanghnguyen/Downloads/Wishie/Wishie/LinkHelper.swift /Users/khanghnguyen/Downloads/Wishie/Wishie/WishieApp.swift /Users/khanghnguyen/Library/Developer/Xcode/DerivedData/Wishie-gavmeupfwiyxzhaiqkwzocyeeixy/Build/Intermediates.noindex/Wishie.build/Debug-iphoneos/Wishie.build/DerivedSources/GeneratedAssetSymbols.swift (in target 'Wishie' from project 'Wishie')

SwiftCompile normal arm64 /Users/khanghnguyen/Downloads/Wishie/Wishie/Services/WishlistService.swift (in target 'Wishie' from project 'Wishie')
    cd /Users/khanghnguyen/Downloads/Wishie
    
/Users/khanghnguyen/Downloads/Wishie/Wishie/Services/WishlistService.swift:126:21: warning: no calls to throwing functions occur within 'try' expression
        let owner = try UserModel(dictionary: userData)
                    ^
/Users/khanghnguyen/Downloads/Wishie/Wishie/Services/WishlistService.swift:313:23: warning: variable 'data' was never mutated; consider changing to 'let' constant
            guard var data = snapshot.data(),
                  ~~~ ^
                  let

SwiftCompile normal arm64 /Users/khanghnguyen/Downloads/Wishie/Wishie/Utils/DateExtension.swift (in target 'Wishie' from project 'Wishie')
    cd /Users/khanghnguyen/Downloads/Wishie
    

SwiftCompile normal arm64 /Users/khanghnguyen/Downloads/Wishie/Wishie/Utils/QRCodeGenerator.swift (in target 'Wishie' from project 'Wishie')
    cd /Users/khanghnguyen/Downloads/Wishie
    

SwiftCompile normal arm64 /Users/khanghnguyen/Downloads/Wishie/Wishie/Utils/ShareSheet.swift (in target 'Wishie' from project 'Wishie')
    cd /Users/khanghnguyen/Downloads/Wishie
    

SwiftCompile normal arm64 /Users/khanghnguyen/Downloads/Wishie/Wishie/Utils/StringUtils.swift (in target 'Wishie' from project 'Wishie')
    cd /Users/khanghnguyen/Downloads/Wishie
    

SwiftCompile normal arm64 /Users/khanghnguyen/Downloads/Wishie/Wishie/LinkHelper.swift (in target 'Wishie' from project 'Wishie')
    cd /Users/khanghnguyen/Downloads/Wishie
    

SwiftCompile normal arm64 /Users/khanghnguyen/Downloads/Wishie/Wishie/WishieApp.swift (in target 'Wishie' from project 'Wishie')
    cd /Users/khanghnguyen/Downloads/Wishie
    

SwiftCompile normal arm64 /Users/khanghnguyen/Library/Developer/Xcode/DerivedData/Wishie-gavmeupfwiyxzhaiqkwzocyeeixy/Build/Intermediates.noindex/Wishie.build/Debug-iphoneos/Wishie.build/DerivedSources/GeneratedAssetSymbols.swift (in target 'Wishie' from project 'Wishie')
    cd /Users/khanghnguyen/Downloads/Wishie
    
/Users/khanghnguyen/Library/Developer/Xcode/DerivedData/Wishie-gavmeupfwiyxzhaiqkwzocyeeixy/Build/Intermediates.noindex/Wishie.build/Debug-iphoneos/Wishie.build/DerivedSources/GeneratedAssetSymbols.swift:753:14: warning: The "add" image asset name resolves to a conflicting UIImage symbol "add". Try renaming the asset.
    #warning("The \"add\" image asset name resolves to a conflicting UIImage symbol \"add\". Try renaming the asset.")
             ^~~~~~~~~~~~~~~~~~~~~~~~~~~~~~~~~~~~~~~~~~~~~~~~~~~~~~~~~~~~~~~~~~~~~~~~~~~~~~~~~~~~~~~~~~~~~~~~~~~~~~~~

SwiftCompile normal arm64 Compiling\ TextHeightKey.swift,\ KeychainManager.swift,\ SupabaseManager.swift,\ AppState.swift,\ GradientWishlishTheme.swift,\ Route.swift,\ SignUpRequest.swift,\ UserModel.swift /Users/khanghnguyen/Downloads/Wishie/Wishie/Helper/TextHeightKey.swift /Users/khanghnguyen/Downloads/Wishie/Wishie/Manager/KeychainManager.swift /Users/khanghnguyen/Downloads/Wishie/Wishie/Manager/SupabaseManager.swift /Users/khanghnguyen/Downloads/Wishie/Wishie/Models/AppState.swift /Users/khanghnguyen/Downloads/Wishie/Wishie/Models/GradientWishlishTheme.swift /Users/khanghnguyen/Downloads/Wishie/Wishie/Models/Route.swift /Users/khanghnguyen/Downloads/Wishie/Wishie/Models/SignUpRequest.swift /Users/khanghnguyen/Downloads/Wishie/Wishie/Models/UserModel.swift (in target 'Wishie' from project 'Wishie')

SwiftCompile normal arm64 /Users/khanghnguyen/Downloads/Wishie/Wishie/Helper/TextHeightKey.swift (in target 'Wishie' from project 'Wishie')
    cd /Users/khanghnguyen/Downloads/Wishie
    

SwiftCompile normal arm64 /Users/khanghnguyen/Downloads/Wishie/Wishie/Manager/KeychainManager.swift (in target 'Wishie' from project 'Wishie')
    cd /Users/khanghnguyen/Downloads/Wishie
    

SwiftCompile normal arm64 /Users/khanghnguyen/Downloads/Wishie/Wishie/Manager/SupabaseManager.swift (in target 'Wishie' from project 'Wishie')
    cd /Users/khanghnguyen/Downloads/Wishie
    

SwiftCompile normal arm64 /Users/khanghnguyen/Downloads/Wishie/Wishie/Models/AppState.swift (in target 'Wishie' from project 'Wishie')
    cd /Users/khanghnguyen/Downloads/Wishie
    

SwiftCompile normal arm64 /Users/khanghnguyen/Downloads/Wishie/Wishie/Models/GradientWishlishTheme.swift (in target 'Wishie' from project 'Wishie')
    cd /Users/khanghnguyen/Downloads/Wishie
    

SwiftCompile normal arm64 /Users/khanghnguyen/Downloads/Wishie/Wishie/Models/Route.swift (in target 'Wishie' from project 'Wishie')
    cd /Users/khanghnguyen/Downloads/Wishie
    

SwiftCompile normal arm64 /Users/khanghnguyen/Downloads/Wishie/Wishie/Models/SignUpRequest.swift (in target 'Wishie' from project 'Wishie')
    cd /Users/khanghnguyen/Downloads/Wishie
    

SwiftCompile normal arm64 /Users/khanghnguyen/Downloads/Wishie/Wishie/Models/UserModel.swift (in target 'Wishie' from project 'Wishie')
    cd /Users/khanghnguyen/Downloads/Wishie
    

SwiftCompile normal arm64 Compiling\ WishlistItem.swift,\ WishlistModel.swift,\ WishlistQRPayload.swift,\ PasswordField.swift,\ WishieCustomFont.swift,\ AuthViewModel.swift,\ ForgotPasswordView.swift,\ LoginOrSignUpScreen.swift /Users/khanghnguyen/Downloads/Wishie/Wishie/Models/WishlistItem.swift /Users/khanghnguyen/Downloads/Wishie/Wishie/Models/WishlistModel.swift /Users/khanghnguyen/Downloads/Wishie/Wishie/Models/WishlistQRPayload.swift /Users/khanghnguyen/Downloads/Wishie/Wishie/Resources/CustomView/PasswordField.swift /Users/khanghnguyen/Downloads/Wishie/Wishie/Resources/WishieCustomFont.swift /Users/khanghnguyen/Downloads/Wishie/Wishie/Screens/Auth/AuthViewModel.swift /Users/khanghnguyen/Downloads/Wishie/Wishie/Screens/Auth/ForgotPasswordView.swift /Users/khanghnguyen/Downloads/Wishie/Wishie/Screens/Auth/LoginOrSignUpScreen.swift (in target 'Wishie' from project 'Wishie')

SwiftCompile normal arm64 /Users/khanghnguyen/Downloads/Wishie/Wishie/Models/WishlistItem.swift (in target 'Wishie' from project 'Wishie')
    cd /Users/khanghnguyen/Downloads/Wishie
    

SwiftCompile normal arm64 /Users/khanghnguyen/Downloads/Wishie/Wishie/Models/WishlistModel.swift (in target 'Wishie' from project 'Wishie')
    cd /Users/khanghnguyen/Downloads/Wishie
    

SwiftCompile normal arm64 /Users/khanghnguyen/Downloads/Wishie/Wishie/Models/WishlistQRPayload.swift (in target 'Wishie' from project 'Wishie')
    cd /Users/khanghnguyen/Downloads/Wishie
    

SwiftCompile normal arm64 /Users/khanghnguyen/Downloads/Wishie/Wishie/Resources/CustomView/PasswordField.swift (in target 'Wishie' from project 'Wishie')
    cd /Users/khanghnguyen/Downloads/Wishie
    

SwiftCompile normal arm64 /Users/khanghnguyen/Downloads/Wishie/Wishie/Resources/WishieCustomFont.swift (in target 'Wishie' from project 'Wishie')
    cd /Users/khanghnguyen/Downloads/Wishie
    

SwiftCompile normal arm64 /Users/khanghnguyen/Downloads/Wishie/Wishie/Screens/Auth/AuthViewModel.swift (in target 'Wishie' from project 'Wishie')
    cd /Users/khanghnguyen/Downloads/Wishie
    

SwiftCompile normal arm64 /Users/khanghnguyen/Downloads/Wishie/Wishie/Screens/Auth/ForgotPasswordView.swift (in target 'Wishie' from project 'Wishie')
    cd /Users/khanghnguyen/Downloads/Wishie
    

SwiftCompile normal arm64 /Users/khanghnguyen/Downloads/Wishie/Wishie/Screens/Auth/LoginOrSignUpScreen.swift (in target 'Wishie' from project 'Wishie')
    cd /Users/khanghnguyen/Downloads/Wishie
    

SwiftCompile normal arm64 Compiling\ WishieConstants.swift,\ RootNavigationCoordinator.swift,\ DateInputView.swift,\ DialogView.swift,\ GiftProgressView.swift,\ ImagePickerBox.swift,\ WishieButton.swift,\ ColorExtension.swift /Users/khanghnguyen/Downloads/Wishie/Wishie/Constants/WishieConstants.swift /Users/khanghnguyen/Downloads/Wishie/Wishie/Coordinator/RootNavigationCoordinator.swift /Users/khanghnguyen/Downloads/Wishie/Wishie/CustomView/DateInputView.swift /Users/khanghnguyen/Downloads/Wishie/Wishie/CustomView/DialogView.swift /Users/khanghnguyen/Downloads/Wishie/Wishie/CustomView/GiftProgressView.swift /Users/khanghnguyen/Downloads/Wishie/Wishie/CustomView/ImagePickerBox.swift /Users/khanghnguyen/Downloads/Wishie/Wishie/CustomView/WishieButton.swift /Users/khanghnguyen/Downloads/Wishie/Wishie/Helper/ColorExtension.swift (in target 'Wishie' from project 'Wishie')

SwiftCompile normal arm64 /Users/khanghnguyen/Downloads/Wishie/Wishie/Constants/WishieConstants.swift (in target 'Wishie' from project 'Wishie')
    cd /Users/khanghnguyen/Downloads/Wishie
    

SwiftCompile normal arm64 /Users/khanghnguyen/Downloads/Wishie/Wishie/Coordinator/RootNavigationCoordinator.swift (in target 'Wishie' from project 'Wishie')
    cd /Users/khanghnguyen/Downloads/Wishie
    

SwiftCompile normal arm64 /Users/khanghnguyen/Downloads/Wishie/Wishie/CustomView/DateInputView.swift (in target 'Wishie' from project 'Wishie')
    cd /Users/khanghnguyen/Downloads/Wishie
    

SwiftCompile normal arm64 /Users/khanghnguyen/Downloads/Wishie/Wishie/CustomView/DialogView.swift (in target 'Wishie' from project 'Wishie')
    cd /Users/khanghnguyen/Downloads/Wishie
    

SwiftCompile normal arm64 /Users/khanghnguyen/Downloads/Wishie/Wishie/CustomView/GiftProgressView.swift (in target 'Wishie' from project 'Wishie')
    cd /Users/khanghnguyen/Downloads/Wishie
    

SwiftCompile normal arm64 /Users/khanghnguyen/Downloads/Wishie/Wishie/CustomView/ImagePickerBox.swift (in target 'Wishie' from project 'Wishie')
    cd /Users/khanghnguyen/Downloads/Wishie
    

SwiftCompile normal arm64 /Users/khanghnguyen/Downloads/Wishie/Wishie/CustomView/WishieButton.swift (in target 'Wishie' from project 'Wishie')
    cd /Users/khanghnguyen/Downloads/Wishie
    

SwiftCompile normal arm64 /Users/khanghnguyen/Downloads/Wishie/Wishie/Helper/ColorExtension.swift (in target 'Wishie' from project 'Wishie')
    cd /Users/khanghnguyen/Downloads/Wishie
    

SwiftDriverJobDiscovery normal arm64 Compiling TextHeightKey.swift, KeychainManager.swift, SupabaseManager.swift, AppState.swift, GradientWishlishTheme.swift, Route.swift, SignUpRequest.swift, UserModel.swift (in target 'Wishie' from project 'Wishie')

SwiftCompile normal arm64 Compiling\ ScanQRScreenViewModel.swift,\ WishlistQRCodeView.swift,\ BaseWishieScreen.swift,\ MainView.swift,\ OnboardingContainerView.swift,\ RootNavigationAnimations.swift,\ WelcomeView.swift,\ AuthenticateService.swift /Users/khanghnguyen/Downloads/Wishie/Wishie/Screens/Qr/ScanQRScreenViewModel.swift /Users/khanghnguyen/Downloads/Wishie/Wishie/Screens/Qr/WishlistQRCodeView.swift /Users/khanghnguyen/Downloads/Wishie/Wishie/Screens/BaseWishieScreen.swift /Users/khanghnguyen/Downloads/Wishie/Wishie/Screens/MainView.swift /Users/khanghnguyen/Downloads/Wishie/Wishie/Screens/OnboardingContainerView.swift /Users/khanghnguyen/Downloads/Wishie/Wishie/Screens/RootNavigationAnimations.swift /Users/khanghnguyen/Downloads/Wishie/Wishie/Screens/WelcomeView.swift /Users/khanghnguyen/Downloads/Wishie/Wishie/Services/AuthenticateService.swift (in target 'Wishie' from project 'Wishie')

SwiftCompile normal arm64 /Users/khanghnguyen/Downloads/Wishie/Wishie/Screens/Qr/ScanQRScreenViewModel.swift (in target 'Wishie' from project 'Wishie')
    cd /Users/khanghnguyen/Downloads/Wishie
    

SwiftCompile normal arm64 /Users/khanghnguyen/Downloads/Wishie/Wishie/Screens/Qr/WishlistQRCodeView.swift (in target 'Wishie' from project 'Wishie')
    cd /Users/khanghnguyen/Downloads/Wishie
    

SwiftCompile normal arm64 /Users/khanghnguyen/Downloads/Wishie/Wishie/Screens/BaseWishieScreen.swift (in target 'Wishie' from project 'Wishie')
    cd /Users/khanghnguyen/Downloads/Wishie
    

SwiftCompile normal arm64 /Users/khanghnguyen/Downloads/Wishie/Wishie/Screens/MainView.swift (in target 'Wishie' from project 'Wishie')
    cd /Users/khanghnguyen/Downloads/Wishie
    

SwiftCompile normal arm64 /Users/khanghnguyen/Downloads/Wishie/Wishie/Screens/OnboardingContainerView.swift (in target 'Wishie' from project 'Wishie')
    cd /Users/khanghnguyen/Downloads/Wishie
    

SwiftCompile normal arm64 /Users/khanghnguyen/Downloads/Wishie/Wishie/Screens/RootNavigationAnimations.swift (in target 'Wishie' from project 'Wishie')
    cd /Users/khanghnguyen/Downloads/Wishie
    

SwiftCompile normal arm64 /Users/khanghnguyen/Downloads/Wishie/Wishie/Screens/WelcomeView.swift (in target 'Wishie' from project 'Wishie')
    cd /Users/khanghnguyen/Downloads/Wishie
    

SwiftCompile normal arm64 /Users/khanghnguyen/Downloads/Wishie/Wishie/Services/AuthenticateService.swift (in target 'Wishie' from project 'Wishie')
    cd /Users/khanghnguyen/Downloads/Wishie
    

SwiftDriverJobDiscovery normal arm64 Emitting module for Wishie (in target 'Wishie' from project 'Wishie')

SwiftDriver\ Compilation\ Requirements Wishie normal arm64 com.apple.xcode.tools.swift.compiler (in target 'Wishie' from project 'Wishie')
    cd /Users/khanghnguyen/Downloads/Wishie
    builtin-Swift-Compilation-Requirements -- /Applications/Xcode.app/Contents/Developer/Toolchains/XcodeDefault.xctoolchain/usr/bin/swiftc -module-name Wishie -Onone -enforce-exclusivity\=checked @/Users/khanghnguyen/Library/Developer/Xcode/DerivedData/Wishie-gavmeupfwiyxzhaiqkwzocyeeixy/Build/Intermediates.noindex/Wishie.build/Debug-iphoneos/Wishie.build/Objects-normal/arm64/Wishie.SwiftFileList -DDEBUG -Xcc -fmodule-map-file\=/Users/khanghnguyen/Library/Developer/Xcode/DerivedData/Wishie-gavmeupfwiyxzhaiqkwzocyeeixy/Build/Intermediates.noindex/GeneratedModuleMaps-iphoneos/RecaptchaInterop.modulemap -Xcc -fmodule-map-file\=/Users/khanghnguyen/Library/Developer/Xcode/DerivedData/Wishie-gavmeupfwiyxzhaiqkwzocyeeixy/Build/Intermediates.noindex/GeneratedModuleMaps-iphoneos/GoogleUtilities-Network.modulemap -Xcc -fmodule-map-file\=/Users/khanghnguyen/Library/Developer/Xcode/DerivedData/Wishie-gavmeupfwiyxzhaiqkwzocyeeixy/Build/Intermediates.noindex/GeneratedModuleMaps-iphoneos/GoogleUtilities-Reachability.modulemap -Xcc -fmodule-map-file\=/Users/khanghnguyen/Library/Developer/Xcode/DerivedData/Wishie-gavmeupfwiyxzhaiqkwzocyeeixy/Build/Intermediates.noindex/GeneratedModuleMaps-iphoneos/GoogleUtilities-AppDelegateSwizzler.modulemap -Xcc -fmodule-map-file\=/Users/khanghnguyen/Library/Developer/Xcode/DerivedData/Wishie-gavmeupfwiyxzhaiqkwzocyeeixy/Build/Intermediates.noindex/GeneratedModuleMaps-iphoneos/GTMSessionFetcherCore.modulemap -Xcc -fmodule-map-file\=/Users/khanghnguyen/Library/Developer/Xcode/DerivedData/Wishie-gavmeupfwiyxzhaiqkwzocyeeixy/Build/Intermediates.noindex/GeneratedModuleMaps-iphoneos/FirebaseAuthInternal.modulemap -Xcc -fmodule-map-file\=/Users/khanghnguyen/Library/Developer/Xcode/DerivedData/Wishie-gavmeupfwiyxzhaiqkwzocyeeixy/Build/Intermediates.noindex/GeneratedModuleMaps-iphoneos/FirebaseAuthInterop.modulemap -Xcc -fmodule-map-file\=/Users/khanghnguyen/Library/Developer/Xcode/DerivedData/Wishie-gavmeupfwiyxzhaiqkwzocyeeixy/Build/Intermediates.noindex/GeneratedModuleMaps-iphoneos/SDWebImage.modulemap -Xcc -fmodule-map-file\=/Users/khanghnguyen/Library/Developer/Xcode/DerivedData/Wishie-gavmeupfwiyxzhaiqkwzocyeeixy/Build/Intermediates.noindex/GeneratedModuleMaps-iphoneos/GoogleUtilities-NSData.modulemap -Xcc -fmodule-map-file\=/Users/khanghnguyen/Library/Developer/Xcode/DerivedData/Wishie-gavmeupfwiyxzhaiqkwzocyeeixy/Build/Intermediates.noindex/GeneratedModuleMaps-iphoneos/GoogleUtilities-Environment.modulemap -Xcc -fmodule-map-file\=/Users/khanghnguyen/Library/Developer/Xcode/DerivedData/Wishie-gavmeupfwiyxzhaiqkwzocyeeixy/Build/Intermediates.noindex/GeneratedModuleMaps-iphoneos/third-party-IsAppEncrypted.modulemap -Xcc -fmodule-map-file\=/Users/khanghnguyen/Library/Developer/Xcode/DerivedData/Wishie-gavmeupfwiyxzhaiqkwzocyeeixy/Build/Intermediates.noindex/GeneratedModuleMaps-iphoneos/GoogleUtilities-Logger.modulemap -Xcc -fmodule-map-file\=/Users/khanghnguyen/Library/Developer/Xcode/DerivedData/Wishie-gavmeupfwiyxzhaiqkwzocyeeixy/Build/Intermediates.noindex/GeneratedModuleMaps-iphoneos/abslWrapper.modulemap -Xcc -fmodule-map-file\=/Users/khanghnguyen/Library/Developer/Xcode/DerivedData/Wishie-gavmeupfwiyxzhaiqkwzocyeeixy/Build/Intermediates.noindex/GeneratedModuleMaps-iphoneos/opensslWrapper.modulemap -Xcc -fmodule-map-file\=/Users/khanghnguyen/Library/Developer/Xcode/DerivedData/Wishie-gavmeupfwiyxzhaiqkwzocyeeixy/Build/Intermediates.noindex/GeneratedModuleMaps-iphoneos/grpcWrapper.modulemap -Xcc -fmodule-map-file\=/Users/khanghnguyen/Library/Developer/Xcode/DerivedData/Wishie-gavmeupfwiyxzhaiqkwzocyeeixy/Build/Intermediates.noindex/GeneratedModuleMaps-iphoneos/grpcppWrapper.modulemap -Xcc -fmodule-map-file\=/Users/khanghnguyen/Library/Developer/Xcode/DerivedData/Wishie-gavmeupfwiyxzhaiqkwzocyeeixy/Build/Intermediates.noindex/GeneratedModuleMaps-iphoneos/nanopb.modulemap -Xcc -fmodule-map-file\=/Users/khanghnguyen/Library/Developer/Xcode/DerivedData/Wishie-gavmeupfwiyxzhaiqkwzocyeeixy/Build/Intermediates.noindex/GeneratedModuleMaps-iphoneos/leveldb.modulemap -Xcc -fmodule-map-file\=/Users/khanghnguyen/Library/Developer/Xcode/DerivedData/Wishie-gavmeupfwiyxzhaiqkwzocyeeixy/Build/Intermediates.noindex/GeneratedModuleMaps-iphoneos/FirebaseCoreExtension.modulemap -Xcc -fmodule-map-file\=/Users/khanghnguyen/Library/Developer/Xcode/DerivedData/Wishie-gavmeupfwiyxzhaiqkwzocyeeixy/Build/Intermediates.noindex/GeneratedModuleMaps-iphoneos/FirebaseCore.modulemap -Xcc -fmodule-map-file\=/Users/khanghnguyen/Library/Developer/Xcode/DerivedData/Wishie-gavmeupfwiyxzhaiqkwzocyeeixy/Build/Intermediates.noindex/GeneratedModuleMaps-iphoneos/FirebaseAppCheckInterop.modulemap -Xcc -fmodule-map-file\=/Users/khanghnguyen/Library/Developer/Xcode/DerivedData/Wishie-gavmeupfwiyxzhaiqkwzocyeeixy/Build/Intermediates.noindex/GeneratedModuleMaps-iphoneos/FirebaseFirestoreInternalWrapper.modulemap -Xcc -fmodule-map-file\=/Users/khanghnguyen/Library/Developer/Xcode/DerivedData/Wishie-gavmeupfwiyxzhaiqkwzocyeeixy/Build/Intermediates.noindex/GeneratedModuleMaps-iphoneos/FirebaseFirestoreTarget.modulemap -enable-bare-slash-regex -enable-experimental-feature DebugDescriptionMacro -sdk /Applications/Xcode.app/Contents/Developer/Platforms/iPhoneOS.platform/Developer/SDKs/iPhoneOS26.2.sdk -target arm64-apple-ios18.5 -g -module-cache-path /Users/khanghnguyen/Library/Developer/Xcode/DerivedData/ModuleCache.noindex -Xfrontend -serialize-debugging-options -profile-coverage-mapping -profile-generate -enable-testing -index-store-path /Users/khanghnguyen/Library/Developer/Xcode/DerivedData/Wishie-gavmeupfwiyxzhaiqkwzocyeeixy/Index.noindex/DataStore -Xcc -D_LIBCPP_HARDENING_MODE\=_LIBCPP_HARDENING_MODE_DEBUG -swift-version 5 -I /Users/khanghnguyen/Library/Developer/Xcode/DerivedData/Wishie-gavmeupfwiyxzhaiqkwzocyeeixy/Build/Products/Debug-iphoneos -F /Users/khanghnguyen/Library/Developer/Xcode/DerivedData/Wishie-gavmeupfwiyxzhaiqkwzocyeeixy/Build/Products/Debug-iphoneos/PackageFrameworks -F /Users/khanghnguyen/Library/Developer/Xcode/DerivedData/Wishie-gavmeupfwiyxzhaiqkwzocyeeixy/Build/Products/Debug-iphoneos/PackageFrameworks -F /Users/khanghnguyen/Library/Developer/Xcode/DerivedData/Wishie-gavmeupfwiyxzhaiqkwzocyeeixy/Build/Products/Debug-iphoneos/PackageFrameworks -F /Users/khanghnguyen/Library/Developer/Xcode/DerivedData/Wishie-gavmeupfwiyxzhaiqkwzocyeeixy/Build/Products/Debug-iphoneos/PackageFrameworks -F /Users/khanghnguyen/Library/Developer/Xcode/DerivedData/Wishie-gavmeupfwiyxzhaiqkwzocyeeixy/Build/Products/Debug-iphoneos/PackageFrameworks -F /Users/khanghnguyen/Library/Developer/Xcode/DerivedData/Wishie-gavmeupfwiyxzhaiqkwzocyeeixy/Build/Products/Debug-iphoneos/PackageFrameworks -F /Users/khanghnguyen/Library/Developer/Xcode/DerivedData/Wishie-gavmeupfwiyxzhaiqkwzocyeeixy/Build/Products/Debug-iphoneos/PackageFrameworks -F /Users/khanghnguyen/Library/Developer/Xcode/DerivedData/Wishie-gavmeupfwiyxzhaiqkwzocyeeixy/Build/Products/Debug-iphoneos/PackageFrameworks -F /Users/khanghnguyen/Library/Developer/Xcode/DerivedData/Wishie-gavmeupfwiyxzhaiqkwzocyeeixy/Build/Products/Debug-iphoneos/PackageFrameworks -F /Users/khanghnguyen/Library/Developer/Xcode/DerivedData/Wishie-gavmeupfwiyxzhaiqkwzocyeeixy/Build/Products/Debug-iphoneos/PackageFrameworks -F /Users/khanghnguyen/Library/Developer/Xcode/DerivedData/Wishie-gavmeupfwiyxzhaiqkwzocyeeixy/Build/Products/Debug-iphoneos/PackageFrameworks -F /Users/khanghnguyen/Library/Developer/Xcode/DerivedData/Wishie-gavmeupfwiyxzhaiqkwzocyeeixy/Build/Products/Debug-iphoneos/PackageFrameworks -F /Users/khanghnguyen/Library/Developer/Xcode/DerivedData/Wishie-gavmeupfwiyxzhaiqkwzocyeeixy/Build/Products/Debug-iphoneos/PackageFrameworks -F /Users/khanghnguyen/Library/Developer/Xcode/DerivedData/Wishie-gavmeupfwiyxzhaiqkwzocyeeixy/Build/Products/Debug-iphoneos/PackageFrameworks -F /Users/khanghnguyen/Library/Developer/Xcode/DerivedData/Wishie-gavmeupfwiyxzhaiqkwzocyeeixy/Build/Products/Debug-iphoneos/PackageFrameworks -F /Users/khanghnguyen/Library/Developer/Xcode/DerivedData/Wishie-gavmeupfwiyxzhaiqkwzocyeeixy/Build/Products/Debug-iphoneos/PackageFrameworks -F /Users/khanghnguyen/Library/Developer/Xcode/DerivedData/Wishie-gavmeupfwiyxzhaiqkwzocyeeixy/Build/Products/Debug-iphoneos/PackageFrameworks -F /Users/khanghnguyen/Library/Developer/Xcode/DerivedData/Wishie-gavmeupfwiyxzhaiqkwzocyeeixy/Build/Products/Debug-iphoneos/PackageFrameworks -F /Users/khanghnguyen/Library/Developer/Xcode/DerivedData/Wishie-gavmeupfwiyxzhaiqkwzocyeeixy/Build/Products/Debug-iphoneos/PackageFrameworks -F /Users/khanghnguyen/Library/Developer/Xcode/DerivedData/Wishie-gavmeupfwiyxzhaiqkwzocyeeixy/Build/Products/Debug-iphoneos/PackageFrameworks -F /Users/khanghnguyen/Library/Developer/Xcode/DerivedData/Wishie-gavmeupfwiyxzhaiqkwzocyeeixy/Build/Products/Debug-iphoneos/PackageFrameworks -F /Users/khanghnguyen/Library/Developer/Xcode/DerivedData/Wishie-gavmeupfwiyxzhaiqkwzocyeeixy/Build/Products/Debug-iphoneos/PackageFrameworks -F /Users/khanghnguyen/Library/Developer/Xcode/DerivedData/Wishie-gavmeupfwiyxzhaiqkwzocyeeixy/Build/Products/Debug-iphoneos/PackageFrameworks -F /Users/khanghnguyen/Library/Developer/Xcode/DerivedData/Wishie-gavmeupfwiyxzhaiqkwzocyeeixy/Build/Products/Debug-iphoneos/PackageFrameworks -F /Users/khanghnguyen/Library/Developer/Xcode/DerivedData/Wishie-gavmeupfwiyxzhaiqkwzocyeeixy/Build/Products/Debug-iphoneos/PackageFrameworks -F /Users/khanghnguyen/Library/Developer/Xcode/DerivedData/Wishie-gavmeupfwiyxzhaiqkwzocyeeixy/Build/Products/Debug-iphoneos/PackageFrameworks -F /Users/khanghnguyen/Library/Developer/Xcode/DerivedData/Wishie-gavmeupfwiyxzhaiqkwzocyeeixy/Build/Products/Debug-iphoneos/PackageFrameworks -F /Users/khanghnguyen/Library/Developer/Xcode/DerivedData/Wishie-gavmeupfwiyxzhaiqkwzocyeeixy/Build/Products/Debug-iphoneos/PackageFrameworks -F /Users/khanghnguyen/Library/Developer/Xcode/DerivedData/Wishie-gavmeupfwiyxzhaiqkwzocyeeixy/Build/Products/Debug-iphoneos/PackageFrameworks -F /Users/khanghnguyen/Library/Developer/Xcode/DerivedData/Wishie-gavmeupfwiyxzhaiqkwzocyeeixy/Build/Products/Debug-iphoneos/PackageFrameworks -F /Users/khanghnguyen/Library/Developer/Xcode/DerivedData/Wishie-gavmeupfwiyxzhaiqkwzocyeeixy/Build/Products/Debug-iphoneos/PackageFrameworks -F /Users/khanghnguyen/Library/Developer/Xcode/DerivedData/Wishie-gavmeupfwiyxzhaiqkwzocyeeixy/Build/Products/Debug-iphoneos/PackageFrameworks -F /Users/khanghnguyen/Library/Developer/Xcode/DerivedData/Wishie-gavmeupfwiyxzhaiqkwzocyeeixy/Build/Products/Debug-iphoneos/PackageFrameworks -F /Users/khanghnguyen/Library/Developer/Xcode/DerivedData/Wishie-gavmeupfwiyxzhaiqkwzocyeeixy/Build/Products/Debug-iphoneos/PackageFrameworks -F /Users/khanghnguyen/Library/Developer/Xcode/DerivedData/Wishie-gavmeupfwiyxzhaiqkwzocyeeixy/Build/Products/Debug-iphoneos/PackageFrameworks -F /Users/khanghnguyen/Library/Developer/Xcode/DerivedData/Wishie-gavmeupfwiyxzhaiqkwzocyeeixy/Build/Products/Debug-iphoneos/PackageFrameworks -F /Users/khanghnguyen/Library/Developer/Xcode/DerivedData/Wishie-gavmeupfwiyxzhaiqkwzocyeeixy/Build/Products/Debug-iphoneos/PackageFrameworks -F /Users/khanghnguyen/Library/Developer/Xcode/DerivedData/Wishie-gavmeupfwiyxzhaiqkwzocyeeixy/Build/Products/Debug-iphoneos/PackageFrameworks -F /Users/khanghnguyen/Library/Developer/Xcode/DerivedData/Wishie-gavmeupfwiyxzhaiqkwzocyeeixy/Build/Products/Debug-iphoneos/PackageFrameworks -F /Users/khanghnguyen/Library/Developer/Xcode/DerivedData/Wishie-gavmeupfwiyxzhaiqkwzocyeeixy/Build/Products/Debug-iphoneos/PackageFrameworks -F /Users/khanghnguyen/Library/Developer/Xcode/DerivedData/Wishie-gavmeupfwiyxzhaiqkwzocyeeixy/Build/Products/Debug-iphoneos/PackageFrameworks -F /Users/khanghnguyen/Library/Developer/Xcode/DerivedData/Wishie-gavmeupfwiyxzhaiqkwzocyeeixy/Build/Products/Debug-iphoneos/PackageFrameworks -F /Users/khanghnguyen/Library/Developer/Xcode/DerivedData/Wishie-gavmeupfwiyxzhaiqkwzocyeeixy/Build/Products/Debug-iphoneos/PackageFrameworks -F /Users/khanghnguyen/Library/Developer/Xcode/DerivedData/Wishie-gavmeupfwiyxzhaiqkwzocyeeixy/Build/Products/Debug-iphoneos/PackageFrameworks -F /Users/khanghnguyen/Library/Developer/Xcode/DerivedData/Wishie-gavmeupfwiyxzhaiqkwzocyeeixy/Build/Products/Debug-iphoneos -emit-localized-strings -emit-localized-strings-path /Users/khanghnguyen/Library/Developer/Xcode/DerivedData/Wishie-gavmeupfwiyxzhaiqkwzocyeeixy/Build/Intermediates.noindex/Wishie.build/Debug-iphoneos/Wishie.build/Objects-normal/arm64 -c -j8 -enable-batch-mode -incremental -Xcc -ivfsstatcache -Xcc /Users/khanghnguyen/Library/Developer/Xcode/DerivedData/SDKStatCaches.noindex/iphoneos26.2-23C57-3794476bd08197c3e2abd9bb477ef7f7.sdkstatcache -output-file-map /Users/khanghnguyen/Library/Developer/Xcode/DerivedData/Wishie-gavmeupfwiyxzhaiqkwzocyeeixy/Build/Intermediates.noindex/Wishie.build/Debug-iphoneos/Wishie.build/Objects-normal/arm64/Wishie-OutputFileMap.json -use-frontend-parseable-output -save-temps -no-color-diagnostics -explicit-module-build -module-cache-path /Users/khanghnguyen/Library/Developer/Xcode/DerivedData/Wishie-gavmeupfwiyxzhaiqkwzocyeeixy/Build/Intermediates.noindex/SwiftExplicitPrecompiledModules -clang-scanner-module-cache-path /Users/khanghnguyen/Library/Developer/Xcode/DerivedData/ModuleCache.noindex -sdk-module-cache-path /Users/khanghnguyen/Library/Developer/Xcode/DerivedData/ModuleCache.noindex -serialize-diagnostics -emit-dependencies -emit-module -emit-module-path /Users/khanghnguyen/Library/Developer/Xcode/DerivedData/Wishie-gavmeupfwiyxzhaiqkwzocyeeixy/Build/Intermediates.noindex/Wishie.build/Debug-iphoneos/Wishie.build/Objects-normal/arm64/Wishie.swiftmodule -validate-clang-modules-once -clang-build-session-file /Users/khanghnguyen/Library/Developer/Xcode/DerivedData/ModuleCache.noindex/Session.modulevalidation -Xcc -I/Users/khanghnguyen/Library/Developer/Xcode/DerivedData/Wishie-gavmeupfwiyxzhaiqkwzocyeeixy/Build/Intermediates.noindex/Wishie.build/Debug-iphoneos/Wishie.build/swift-overrides.hmap -emit-const-values -Xfrontend -const-gather-protocols-file -Xfrontend /Users/khanghnguyen/Library/Developer/Xcode/DerivedData/Wishie-gavmeupfwiyxzhaiqkwzocyeeixy/Build/Intermediates.noindex/Wishie.build/Debug-iphoneos/Wishie.build/Objects-normal/arm64/Wishie_const_extract_protocols.json -Xcc -iquote -Xcc /Users/khanghnguyen/Library/Developer/Xcode/DerivedData/Wishie-gavmeupfwiyxzhaiqkwzocyeeixy/Build/Intermediates.noindex/Wishie.build/Debug-iphoneos/Wishie.build/Wishie-generated-files.hmap -Xcc -I/Users/khanghnguyen/Library/Developer/Xcode/DerivedData/Wishie-gavmeupfwiyxzhaiqkwzocyeeixy/Build/Intermediates.noindex/Wishie.build/Debug-iphoneos/Wishie.build/Wishie-own-target-headers.hmap -Xcc -I/Users/khanghnguyen/Library/Developer/Xcode/DerivedData/Wishie-gavmeupfwiyxzhaiqkwzocyeeixy/Build/Intermediates.noindex/Wishie.build/Debug-iphoneos/Wishie.build/Wishie-all-non-framework-target-headers.hmap -Xcc -ivfsoverlay -Xcc /Users/khanghnguyen/Library/Developer/Xcode/DerivedData/Wishie-gavmeupfwiyxzhaiqkwzocyeeixy/Build/Intermediates.noindex/Wishie.build/Debug-iphoneos/Wishie-1884723903d2fb4d89cb62bedc0c9385-VFS-iphoneos/all-product-headers.yaml -Xcc -iquote -Xcc /Users/khanghnguyen/Library/Developer/Xcode/DerivedData/Wishie-gavmeupfwiyxzhaiqkwzocyeeixy/Build/Intermediates.noindex/Wishie.build/Debug-iphoneos/Wishie.build/Wishie-project-headers.hmap -Xcc -I/Users/khanghnguyen/Library/Developer/Xcode/DerivedData/Wishie-gavmeupfwiyxzhaiqkwzocyeeixy/SourcePackages/checkouts/interop-ios-for-google-sdks/RecaptchaEnterprise/RecaptchaInterop/Public -Xcc -I/Users/khanghnguyen/Library/Developer/Xcode/DerivedData/Wishie-gavmeupfwiyxzhaiqkwzocyeeixy/SourcePackages/checkouts/GoogleUtilities/GoogleUtilities/Network/Public -Xcc -I/Users/khanghnguyen/Library/Developer/Xcode/DerivedData/Wishie-gavmeupfwiyxzhaiqkwzocyeeixy/SourcePackages/checkouts/GoogleUtilities/GoogleUtilities/Reachability/Public -Xcc -I/Users/khanghnguyen/Library/Developer/Xcode/DerivedData/Wishie-gavmeupfwiyxzhaiqkwzocyeeixy/SourcePackages/checkouts/GoogleUtilities/GoogleUtilities/AppDelegateSwizzler/Public -Xcc -I/Users/khanghnguyen/Library/Developer/Xcode/DerivedData/Wishie-gavmeupfwiyxzhaiqkwzocyeeixy/SourcePackages/checkouts/gtm-session-fetcher/Sources/Core/Public -Xcc -I/Users/khanghnguyen/Library/Developer/Xcode/DerivedData/Wishie-gavmeupfwiyxzhaiqkwzocyeeixy/SourcePackages/checkouts/firebase-ios-sdk/FirebaseAuth/Sources/Public -Xcc -I/Users/khanghnguyen/Library/Developer/Xcode/DerivedData/Wishie-gavmeupfwiyxzhaiqkwzocyeeixy/SourcePackages/checkouts/firebase-ios-sdk/FirebaseAuth/Interop/Public -Xcc -I/Users/khanghnguyen/Library/Developer/Xcode/DerivedData/Wishie-gavmeupfwiyxzhaiqkwzocyeeixy/SourcePackages/checkouts/SDWebImage/SDWebImage/include -Xcc -I/Users/khanghnguyen/Library/Developer/Xcode/DerivedData/Wishie-gavmeupfwiyxzhaiqkwzocyeeixy/SourcePackages/checkouts/GoogleUtilities/GoogleUtilities/NSData+zlib/Public -Xcc -I/Users/khanghnguyen/Library/Developer/Xcode/DerivedData/Wishie-gavmeupfwiyxzhaiqkwzocyeeixy/SourcePackages/checkouts/GoogleUtilities/GoogleUtilities/Environment/Public -Xcc -I/Users/khanghnguyen/Library/Developer/Xcode/DerivedData/Wishie-gavmeupfwiyxzhaiqkwzocyeeixy/SourcePackages/checkouts/GoogleUtilities/third_party/IsAppEncrypted/Public -Xcc -I/Users/khanghnguyen/Library/Developer/Xcode/DerivedData/Wishie-gavmeupfwiyxzhaiqkwzocyeeixy/SourcePackages/checkouts/GoogleUtilities/GoogleUtilities/Logger/Public -Xcc -I/Users/khanghnguyen/Library/Developer/Xcode/DerivedData/Wishie-gavmeupfwiyxzhaiqkwzocyeeixy/SourcePackages/checkouts/abseil-cpp-binary/absl-Wrapper/include -Xcc -I/Users/khanghnguyen/Library/Developer/Xcode/DerivedData/Wishie-gavmeupfwiyxzhaiqkwzocyeeixy/SourcePackages/checkouts/grpc-binary/openssl-grpc-Wrapper/include -Xcc -I/Users/khanghnguyen/Library/Developer/Xcode/DerivedData/Wishie-gavmeupfwiyxzhaiqkwzocyeeixy/SourcePackages/checkouts/grpc-binary/grpc-Wrapper/include -Xcc -I/Users/khanghnguyen/Library/Developer/Xcode/DerivedData/Wishie-gavmeupfwiyxzhaiqkwzocyeeixy/SourcePackages/checkouts/grpc-binary/grpcpp-Wrapper/include -Xcc -I/Users/khanghnguyen/Library/Developer/Xcode/DerivedData/Wishie-gavmeupfwiyxzhaiqkwzocyeeixy/SourcePackages/checkouts/nanopb/spm_headers -Xcc -I/Users/khanghnguyen/Library/Developer/Xcode/DerivedData/Wishie-gavmeupfwiyxzhaiqkwzocyeeixy/SourcePackages/checkouts/leveldb/include -Xcc -I/Users/khanghnguyen/Library/Developer/Xcode/DerivedData/Wishie-gavmeupfwiyxzhaiqkwzocyeeixy/SourcePackages/checkouts/firebase-ios-sdk/FirebaseCore/Extension -Xcc -I/Users/khanghnguyen/Library/Developer/Xcode/DerivedData/Wishie-gavmeupfwiyxzhaiqkwzocyeeixy/SourcePackages/checkouts/firebase-ios-sdk/FirebaseCore/Sources/Public -Xcc -I/Users/khanghnguyen/Library/Developer/Xcode/DerivedData/Wishie-gavmeupfwiyxzhaiqkwzocyeeixy/SourcePackages/checkouts/firebase-ios-sdk/CoreOnly/Sources -Xcc -I/Users/khanghnguyen/Library/Developer/Xcode/DerivedData/Wishie-gavmeupfwiyxzhaiqkwzocyeeixy/SourcePackages/checkouts/firebase-ios-sdk/FirebaseAppCheck/Interop/Public -Xcc -I/Users/khanghnguyen/Library/Developer/Xcode/DerivedData/Wishie-gavmeupfwiyxzhaiqkwzocyeeixy/SourcePackages/checkouts/firebase-ios-sdk/FirebaseFirestoreInternal -Xcc -I/Users/khanghnguyen/Library/Developer/Xcode/DerivedData/Wishie-gavmeupfwiyxzhaiqkwzocyeeixy/SourcePackages/checkouts/firebase-ios-sdk/SwiftPM-PlatformExclude/FirebaseFirestoreWrap/include -Xcc -I/Users/khanghnguyen/Library/Developer/Xcode/DerivedData/Wishie-gavmeupfwiyxzhaiqkwzocyeeixy/Build/Products/Debug-iphoneos/include -Xcc -I/Users/khanghnguyen/Library/Developer/Xcode/DerivedData/Wishie-gavmeupfwiyxzhaiqkwzocyeeixy/Build/Intermediates.noindex/Wishie.build/Debug-iphoneos/Wishie.build/DerivedSources-normal/arm64 -Xcc -I/Users/khanghnguyen/Library/Developer/Xcode/DerivedData/Wishie-gavmeupfwiyxzhaiqkwzocyeeixy/Build/Intermediates.noindex/Wishie.build/Debug-iphoneos/Wishie.build/DerivedSources/arm64 -Xcc -I/Users/khanghnguyen/Library/Developer/Xcode/DerivedData/Wishie-gavmeupfwiyxzhaiqkwzocyeeixy/Build/Intermediates.noindex/Wishie.build/Debug-iphoneos/Wishie.build/DerivedSources -Xcc -DDEBUG\=1 -emit-objc-header -emit-objc-header-path /Users/khanghnguyen/Library/Developer/Xcode/DerivedData/Wishie-gavmeupfwiyxzhaiqkwzocyeeixy/Build/Intermediates.noindex/Wishie.build/Debug-iphoneos/Wishie.build/Objects-normal/arm64/Wishie-Swift.h -working-directory /Users/khanghnguyen/Downloads/Wishie -experimental-emit-module-separately -disable-cmo

SwiftDriverJobDiscovery normal arm64 Compiling WishlistService.swift, DateExtension.swift, QRCodeGenerator.swift, ShareSheet.swift, StringUtils.swift, LinkHelper.swift, WishieApp.swift, GeneratedAssetSymbols.swift (in target 'Wishie' from project 'Wishie')

SwiftMergeGeneratedHeaders /Users/khanghnguyen/Library/Developer/Xcode/DerivedData/Wishie-gavmeupfwiyxzhaiqkwzocyeeixy/Build/Intermediates.noindex/Wishie.build/Debug-iphoneos/Wishie.build/DerivedSources/Wishie-Swift.h /Users/khanghnguyen/Library/Developer/Xcode/DerivedData/Wishie-gavmeupfwiyxzhaiqkwzocyeeixy/Build/Intermediates.noindex/Wishie.build/Debug-iphoneos/Wishie.build/Objects-normal/arm64/Wishie-Swift.h (in target 'Wishie' from project 'Wishie')
    cd /Users/khanghnguyen/Downloads/Wishie
    builtin-swiftHeaderTool -arch arm64 /Users/khanghnguyen/Library/Developer/Xcode/DerivedData/Wishie-gavmeupfwiyxzhaiqkwzocyeeixy/Build/Intermediates.noindex/Wishie.build/Debug-iphoneos/Wishie.build/Objects-normal/arm64/Wishie-Swift.h -o /Users/khanghnguyen/Library/Developer/Xcode/DerivedData/Wishie-gavmeupfwiyxzhaiqkwzocyeeixy/Build/Intermediates.noindex/Wishie.build/Debug-iphoneos/Wishie.build/DerivedSources/Wishie-Swift.h

Copy /Users/khanghnguyen/Library/Developer/Xcode/DerivedData/Wishie-gavmeupfwiyxzhaiqkwzocyeeixy/Build/Products/Debug-iphoneos/Wishie.swiftmodule/arm64-apple-ios.swiftmodule /Users/khanghnguyen/Library/Developer/Xcode/DerivedData/Wishie-gavmeupfwiyxzhaiqkwzocyeeixy/Build/Intermediates.noindex/Wishie.build/Debug-iphoneos/Wishie.build/Objects-normal/arm64/Wishie.swiftmodule (in target 'Wishie' from project 'Wishie')
    cd /Users/khanghnguyen/Downloads/Wishie
    builtin-copy -exclude .DS_Store -exclude CVS -exclude .svn -exclude .git -exclude .hg -resolve-src-symlinks -rename /Users/khanghnguyen/Library/Developer/Xcode/DerivedData/Wishie-gavmeupfwiyxzhaiqkwzocyeeixy/Build/Intermediates.noindex/Wishie.build/Debug-iphoneos/Wishie.build/Objects-normal/arm64/Wishie.swiftmodule /Users/khanghnguyen/Library/Developer/Xcode/DerivedData/Wishie-gavmeupfwiyxzhaiqkwzocyeeixy/Build/Products/Debug-iphoneos/Wishie.swiftmodule/arm64-apple-ios.swiftmodule

Copy /Users/khanghnguyen/Library/Developer/Xcode/DerivedData/Wishie-gavmeupfwiyxzhaiqkwzocyeeixy/Build/Products/Debug-iphoneos/Wishie.swiftmodule/arm64-apple-ios.swiftdoc /Users/khanghnguyen/Library/Developer/Xcode/DerivedData/Wishie-gavmeupfwiyxzhaiqkwzocyeeixy/Build/Intermediates.noindex/Wishie.build/Debug-iphoneos/Wishie.build/Objects-normal/arm64/Wishie.swiftdoc (in target 'Wishie' from project 'Wishie')
    cd /Users/khanghnguyen/Downloads/Wishie
    builtin-copy -exclude .DS_Store -exclude CVS -exclude .svn -exclude .git -exclude .hg -resolve-src-symlinks -rename /Users/khanghnguyen/Library/Developer/Xcode/DerivedData/Wishie-gavmeupfwiyxzhaiqkwzocyeeixy/Build/Intermediates.noindex/Wishie.build/Debug-iphoneos/Wishie.build/Objects-normal/arm64/Wishie.swiftdoc /Users/khanghnguyen/Library/Developer/Xcode/DerivedData/Wishie-gavmeupfwiyxzhaiqkwzocyeeixy/Build/Products/Debug-iphoneos/Wishie.swiftmodule/arm64-apple-ios.swiftdoc

Copy /Users/khanghnguyen/Library/Developer/Xcode/DerivedData/Wishie-gavmeupfwiyxzhaiqkwzocyeeixy/Build/Products/Debug-iphoneos/Wishie.swiftmodule/arm64-apple-ios.abi.json /Users/khanghnguyen/Library/Developer/Xcode/DerivedData/Wishie-gavmeupfwiyxzhaiqkwzocyeeixy/Build/Intermediates.noindex/Wishie.build/Debug-iphoneos/Wishie.build/Objects-normal/arm64/Wishie.abi.json (in target 'Wishie' from project 'Wishie')
    cd /Users/khanghnguyen/Downloads/Wishie
    builtin-copy -exclude .DS_Store -exclude CVS -exclude .svn -exclude .git -exclude .hg -resolve-src-symlinks -rename /Users/khanghnguyen/Library/Developer/Xcode/DerivedData/Wishie-gavmeupfwiyxzhaiqkwzocyeeixy/Build/Intermediates.noindex/Wishie.build/Debug-iphoneos/Wishie.build/Objects-normal/arm64/Wishie.abi.json /Users/khanghnguyen/Library/Developer/Xcode/DerivedData/Wishie-gavmeupfwiyxzhaiqkwzocyeeixy/Build/Products/Debug-iphoneos/Wishie.swiftmodule/arm64-apple-ios.abi.json

Copy /Users/khanghnguyen/Library/Developer/Xcode/DerivedData/Wishie-gavmeupfwiyxzhaiqkwzocyeeixy/Build/Products/Debug-iphoneos/Wishie.swiftmodule/Project/arm64-apple-ios.swiftsourceinfo /Users/khanghnguyen/Library/Developer/Xcode/DerivedData/Wishie-gavmeupfwiyxzhaiqkwzocyeeixy/Build/Intermediates.noindex/Wishie.build/Debug-iphoneos/Wishie.build/Objects-normal/arm64/Wishie.swiftsourceinfo (in target 'Wishie' from project 'Wishie')
    cd /Users/khanghnguyen/Downloads/Wishie
    builtin-copy -exclude .DS_Store -exclude CVS -exclude .svn -exclude .git -exclude .hg -resolve-src-symlinks -rename /Users/khanghnguyen/Library/Developer/Xcode/DerivedData/Wishie-gavmeupfwiyxzhaiqkwzocyeeixy/Build/Intermediates.noindex/Wishie.build/Debug-iphoneos/Wishie.build/Objects-normal/arm64/Wishie.swiftsourceinfo /Users/khanghnguyen/Library/Developer/Xcode/DerivedData/Wishie-gavmeupfwiyxzhaiqkwzocyeeixy/Build/Products/Debug-iphoneos/Wishie.swiftmodule/Project/arm64-apple-ios.swiftsourceinfo

RegisterExecutionPolicyException /Users/khanghnguyen/Library/Developer/Xcode/DerivedData/Wishie-gavmeupfwiyxzhaiqkwzocyeeixy/Build/Products/Debug-iphoneos/Auth.o (in target 'Auth' from project 'Supabase')
    cd /Users/khanghnguyen/Library/Developer/Xcode/DerivedData/Wishie-gavmeupfwiyxzhaiqkwzocyeeixy/SourcePackages/checkouts/supabase-swift
    builtin-RegisterExecutionPolicyException /Users/khanghnguyen/Library/Developer/Xcode/DerivedData/Wishie-gavmeupfwiyxzhaiqkwzocyeeixy/Build/Products/Debug-iphoneos/Auth.o

Ld /Users/khanghnguyen/Library/Developer/Xcode/DerivedData/Wishie-gavmeupfwiyxzhaiqkwzocyeeixy/Build/Products/Debug-iphoneos/Supabase.o normal (in target 'Supabase' from project 'Supabase')
    cd /Users/khanghnguyen/Library/Developer/Xcode/DerivedData/Wishie-gavmeupfwiyxzhaiqkwzocyeeixy/SourcePackages/checkouts/supabase-swift
    /Applications/Xcode.app/Contents/Developer/Toolchains/XcodeDefault.xctoolchain/usr/bin/clang -Xlinker -reproducible -target arm64-apple-ios13.0 -r -isysroot /Applications/Xcode.app/Contents/Developer/Platforms/iPhoneOS.platform/Developer/SDKs/iPhoneOS26.2.sdk -O0 -w -L/Users/khanghnguyen/Library/Developer/Xcode/DerivedData/Wishie-gavmeupfwiyxzhaiqkwzocyeeixy/Build/Intermediates.noindex/EagerLinkingTBDs/Debug-iphoneos -L/Users/khanghnguyen/Library/Developer/Xcode/DerivedData/Wishie-gavmeupfwiyxzhaiqkwzocyeeixy/Build/Products/Debug-iphoneos -L/Applications/Xcode.app/Contents/Developer/Platforms/iPhoneOS.platform/Developer/usr/lib -F/Users/khanghnguyen/Library/Developer/Xcode/DerivedData/Wishie-gavmeupfwiyxzhaiqkwzocyeeixy/Build/Intermediates.noindex/EagerLinkingTBDs/Debug-iphoneos -F/Users/khanghnguyen/Library/Developer/Xcode/DerivedData/Wishie-gavmeupfwiyxzhaiqkwzocyeeixy/Build/Products/Debug-iphoneos/PackageFrameworks -F/Users/khanghnguyen/Library/Developer/Xcode/DerivedData/Wishie-gavmeupfwiyxzhaiqkwzocyeeixy/Build/Products/Debug-iphoneos/PackageFrameworks -F/Users/khanghnguyen/Library/Developer/Xcode/DerivedData/Wishie-gavmeupfwiyxzhaiqkwzocyeeixy/Build/Products/Debug-iphoneos/PackageFrameworks -F/Users/khanghnguyen/Library/Developer/Xcode/DerivedData/Wishie-gavmeupfwiyxzhaiqkwzocyeeixy/Build/Products/Debug-iphoneos/PackageFrameworks -F/Users/khanghnguyen/Library/Developer/Xcode/DerivedData/Wishie-gavmeupfwiyxzhaiqkwzocyeeixy/Build/Products/Debug-iphoneos/PackageFrameworks -F/Users/khanghnguyen/Library/Developer/Xcode/DerivedData/Wishie-gavmeupfwiyxzhaiqkwzocyeeixy/Build/Products/Debug-iphoneos/PackageFrameworks -F/Users/khanghnguyen/Library/Developer/Xcode/DerivedData/Wishie-gavmeupfwiyxzhaiqkwzocyeeixy/Build/Products/Debug-iphoneos/PackageFrameworks -F/Users/khanghnguyen/Library/Developer/Xcode/DerivedData/Wishie-gavmeupfwiyxzhaiqkwzocyeeixy/Build/Products/Debug-iphoneos/PackageFrameworks -F/Users/khanghnguyen/Library/Developer/Xcode/DerivedData/Wishie-gavmeupfwiyxzhaiqkwzocyeeixy/Build/Products/Debug-iphoneos/PackageFrameworks -F/Users/khanghnguyen/Library/Developer/Xcode/DerivedData/Wishie-gavmeupfwiyxzhaiqkwzocyeeixy/Build/Products/Debug-iphoneos/PackageFrameworks -F/Users/khanghnguyen/Library/Developer/Xcode/DerivedData/Wishie-gavmeupfwiyxzhaiqkwzocyeeixy/Build/Products/Debug-iphoneos/PackageFrameworks -F/Users/khanghnguyen/Library/Developer/Xcode/DerivedData/Wishie-gavmeupfwiyxzhaiqkwzocyeeixy/Build/Products/Debug-iphoneos/PackageFrameworks -F/Users/khanghnguyen/Library/Developer/Xcode/DerivedData/Wishie-gavmeupfwiyxzhaiqkwzocyeeixy/Build/Products/Debug-iphoneos/PackageFrameworks -F/Users/khanghnguyen/Library/Developer/Xcode/DerivedData/Wishie-gavmeupfwiyxzhaiqkwzocyeeixy/Build/Products/Debug-iphoneos -iframework /Applications/Xcode.app/Contents/Developer/Platforms/iPhoneOS.platform/Developer/Library/Frameworks -iframework /Applications/Xcode.app/Contents/Developer/Platforms/iPhoneOS.platform/Developer/SDKs/iPhoneOS26.2.sdk/Developer/Library/Frameworks -filelist /Users/khanghnguyen/Library/Developer/Xcode/DerivedData/Wishie-gavmeupfwiyxzhaiqkwzocyeeixy/Build/Intermediates.noindex/Supabase.build/Debug-iphoneos/Supabase.build/Objects-normal/arm64/Supabase.LinkFileList -nostdlib -Xlinker -object_path_lto -Xlinker /Users/khanghnguyen/Library/Developer/Xcode/DerivedData/Wishie-gavmeupfwiyxzhaiqkwzocyeeixy/Build/Intermediates.noindex/Supabase.build/Debug-iphoneos/Supabase.build/Objects-normal/arm64/Supabase_lto.o -rdynamic -Xlinker -no_deduplicate -Xlinker -debug_variant -Xlinker -dependency_info -Xlinker /Users/khanghnguyen/Library/Developer/Xcode/DerivedData/Wishie-gavmeupfwiyxzhaiqkwzocyeeixy/Build/Intermediates.noindex/Supabase.build/Debug-iphoneos/Supabase.build/Objects-normal/arm64/Supabase_dependency_info.dat -fobjc-link-runtime -L/Applications/Xcode.app/Contents/Developer/Toolchains/XcodeDefault.xctoolchain/usr/lib/swift/iphoneos -L/usr/lib/swift -Xlinker -add_ast_path -Xlinker /Users/khanghnguyen/Library/Developer/Xcode/DerivedData/Wishie-gavmeupfwiyxzhaiqkwzocyeeixy/Build/Intermediates.noindex/Supabase.build/Debug-iphoneos/Supabase.build/Objects-normal/arm64/Supabase.swiftmodule @/Users/khanghnguyen/Library/Developer/Xcode/DerivedData/Wishie-gavmeupfwiyxzhaiqkwzocyeeixy/Build/Intermediates.noindex/Supabase.build/Debug-iphoneos/Supabase.build/Objects-normal/arm64/Supabase-linker-args.resp -o /Users/khanghnguyen/Library/Developer/Xcode/DerivedData/Wishie-gavmeupfwiyxzhaiqkwzocyeeixy/Build/Products/Debug-iphoneos/Supabase.o

ExtractAppIntentsMetadata (in target 'Supabase' from project 'Supabase')
    cd /Users/khanghnguyen/Library/Developer/Xcode/DerivedData/Wishie-gavmeupfwiyxzhaiqkwzocyeeixy/SourcePackages/checkouts/supabase-swift
    /Applications/Xcode.app/Contents/Developer/Toolchains/XcodeDefault.xctoolchain/usr/bin/appintentsmetadataprocessor --toolchain-dir /Applications/Xcode.app/Contents/Developer/Toolchains/XcodeDefault.xctoolchain --module-name Supabase --sdk-root /Applications/Xcode.app/Contents/Developer/Platforms/iPhoneOS.platform/Developer/SDKs/iPhoneOS26.2.sdk --xcode-version 17C529 --platform-family iOS --deployment-target 13.0 --bundle-identifier supabase-swift.Supabase --output /Users/khanghnguyen/Library/Developer/Xcode/DerivedData/Wishie-gavmeupfwiyxzhaiqkwzocyeeixy/Build/Products/Debug-iphoneos/Supabase.appintents --target-triple arm64-apple-ios13.0 --binary-file /Users/khanghnguyen/Library/Developer/Xcode/DerivedData/Wishie-gavmeupfwiyxzhaiqkwzocyeeixy/Build/Products/Debug-iphoneos/Supabase.o --dependency-file /Users/khanghnguyen/Library/Developer/Xcode/DerivedData/Wishie-gavmeupfwiyxzhaiqkwzocyeeixy/Build/Intermediates.noindex/Supabase.build/Debug-iphoneos/Supabase.build/Objects-normal/arm64/Supabase_dependency_info.dat --stringsdata-file /Users/khanghnguyen/Library/Developer/Xcode/DerivedData/Wishie-gavmeupfwiyxzhaiqkwzocyeeixy/Build/Intermediates.noindex/Supabase.build/Debug-iphoneos/Supabase.build/Objects-normal/arm64/ExtractedAppShortcutsMetadata.stringsdata --source-file-list /Users/khanghnguyen/Library/Developer/Xcode/DerivedData/Wishie-gavmeupfwiyxzhaiqkwzocyeeixy/Build/Intermediates.noindex/Supabase.build/Debug-iphoneos/Supabase.build/Objects-normal/arm64/Supabase.SwiftFileList --metadata-file-list /Users/khanghnguyen/Library/Developer/Xcode/DerivedData/Wishie-gavmeupfwiyxzhaiqkwzocyeeixy/Build/Intermediates.noindex/Supabase.build/Debug-iphoneos/Supabase.build/Supabase.DependencyMetadataFileList --static-metadata-file-list /Users/khanghnguyen/Library/Developer/Xcode/DerivedData/Wishie-gavmeupfwiyxzhaiqkwzocyeeixy/Build/Intermediates.noindex/Supabase.build/Debug-iphoneos/Supabase.build/Supabase.DependencyStaticMetadataFileList --swift-const-vals-list /Users/khanghnguyen/Library/Developer/Xcode/DerivedData/Wishie-gavmeupfwiyxzhaiqkwzocyeeixy/Build/Intermediates.noindex/Supabase.build/Debug-iphoneos/Supabase.build/Objects-normal/arm64/Supabase.SwiftConstValuesFileList --force --compile-time-extraction --deployment-aware-processing --validate-assistant-intents --no-app-shortcuts-localization
2026-05-24 14:36:29.924 appintentsmetadataprocessor[44991:13985165] Starting appintentsmetadataprocessor export
2026-05-24 14:36:30.113 appintentsmetadataprocessor[44991:13985165] Extracted no relevant App Intents symbols, skipping writing output

SwiftDriverJobDiscovery normal arm64 Compiling WishlistItem.swift, WishlistModel.swift, WishlistQRPayload.swift, PasswordField.swift, WishieCustomFont.swift, AuthViewModel.swift, ForgotPasswordView.swift, LoginOrSignUpScreen.swift (in target 'Wishie' from project 'Wishie')

RegisterExecutionPolicyException /Users/khanghnguyen/Library/Developer/Xcode/DerivedData/Wishie-gavmeupfwiyxzhaiqkwzocyeeixy/Build/Products/Debug-iphoneos/Supabase.o (in target 'Supabase' from project 'Supabase')
    cd /Users/khanghnguyen/Library/Developer/Xcode/DerivedData/Wishie-gavmeupfwiyxzhaiqkwzocyeeixy/SourcePackages/checkouts/supabase-swift
    builtin-RegisterExecutionPolicyException /Users/khanghnguyen/Library/Developer/Xcode/DerivedData/Wishie-gavmeupfwiyxzhaiqkwzocyeeixy/Build/Products/Debug-iphoneos/Supabase.o

CpResource /Users/khanghnguyen/Library/Developer/Xcode/DerivedData/Wishie-gavmeupfwiyxzhaiqkwzocyeeixy/Build/Products/Debug-iphoneos/Wishie.app/giftloading.lottie /Users/khanghnguyen/Downloads/Wishie/Wishie/Resources/giftloading.lottie (in target 'Wishie' from project 'Wishie')
    cd /Users/khanghnguyen/Downloads/Wishie
    builtin-copy -exclude .DS_Store -exclude CVS -exclude .svn -exclude .git -exclude .hg -resolve-src-symlinks /Users/khanghnguyen/Downloads/Wishie/Wishie/Resources/giftloading.lottie /Users/khanghnguyen/Library/Developer/Xcode/DerivedData/Wishie-gavmeupfwiyxzhaiqkwzocyeeixy/Build/Products/Debug-iphoneos/Wishie.app

Ld /Users/khanghnguyen/Library/Developer/Xcode/DerivedData/Wishie-gavmeupfwiyxzhaiqkwzocyeeixy/Build/Products/Debug-iphoneos/Wishie.app/__preview.dylib normal (in target 'Wishie' from project 'Wishie')
    cd /Users/khanghnguyen/Downloads/Wishie
    /Applications/Xcode.app/Contents/Developer/Toolchains/XcodeDefault.xctoolchain/usr/bin/clang -Xlinker -reproducible -target arm64-apple-ios18.5 -dynamiclib -isysroot /Applications/Xcode.app/Contents/Developer/Platforms/iPhoneOS.platform/Developer/SDKs/iPhoneOS26.2.sdk -O0 -L/Users/khanghnguyen/Library/Developer/Xcode/DerivedData/Wishie-gavmeupfwiyxzhaiqkwzocyeeixy/Build/Products/Debug-iphoneos -F/Users/khanghnguyen/Library/Developer/Xcode/DerivedData/Wishie-gavmeupfwiyxzhaiqkwzocyeeixy/Build/Products/Debug-iphoneos/PackageFrameworks -F/Users/khanghnguyen/Library/Developer/Xcode/DerivedData/Wishie-gavmeupfwiyxzhaiqkwzocyeeixy/Build/Products/Debug-iphoneos/PackageFrameworks -F/Users/khanghnguyen/Library/Developer/Xcode/DerivedData/Wishie-gavmeupfwiyxzhaiqkwzocyeeixy/Build/Products/Debug-iphoneos/PackageFrameworks -F/Users/khanghnguyen/Library/Developer/Xcode/DerivedData/Wishie-gavmeupfwiyxzhaiqkwzocyeeixy/Build/Products/Debug-iphoneos/PackageFrameworks -F/Users/khanghnguyen/Library/Developer/Xcode/DerivedData/Wishie-gavmeupfwiyxzhaiqkwzocyeeixy/Build/Products/Debug-iphoneos/PackageFrameworks -F/Users/khanghnguyen/Library/Developer/Xcode/DerivedData/Wishie-gavmeupfwiyxzhaiqkwzocyeeixy/Build/Products/Debug-iphoneos/PackageFrameworks -F/Users/khanghnguyen/Library/Developer/Xcode/DerivedData/Wishie-gavmeupfwiyxzhaiqkwzocyeeixy/Build/Products/Debug-iphoneos/PackageFrameworks -F/Users/khanghnguyen/Library/Developer/Xcode/DerivedData/Wishie-gavmeupfwiyxzhaiqkwzocyeeixy/Build/Products/Debug-iphoneos/PackageFrameworks -F/Users/khanghnguyen/Library/Developer/Xcode/DerivedData/Wishie-gavmeupfwiyxzhaiqkwzocyeeixy/Build/Products/Debug-iphoneos/PackageFrameworks -F/Users/khanghnguyen/Library/Developer/Xcode/DerivedData/Wishie-gavmeupfwiyxzhaiqkwzocyeeixy/Build/Products/Debug-iphoneos/PackageFrameworks -F/Users/khanghnguyen/Library/Developer/Xcode/DerivedData/Wishie-gavmeupfwiyxzhaiqkwzocyeeixy/Build/Products/Debug-iphoneos/PackageFrameworks -F/Users/khanghnguyen/Library/Developer/Xcode/DerivedData/Wishie-gavmeupfwiyxzhaiqkwzocyeeixy/Build/Products/Debug-iphoneos/PackageFrameworks -F/Users/khanghnguyen/Library/Developer/Xcode/DerivedData/Wishie-gavmeupfwiyxzhaiqkwzocyeeixy/Build/Products/Debug-iphoneos/PackageFrameworks -F/Users/khanghnguyen/Library/Developer/Xcode/DerivedData/Wishie-gavmeupfwiyxzhaiqkwzocyeeixy/Build/Products/Debug-iphoneos/PackageFrameworks -F/Users/khanghnguyen/Library/Developer/Xcode/DerivedData/Wishie-gavmeupfwiyxzhaiqkwzocyeeixy/Build/Products/Debug-iphoneos/PackageFrameworks -F/Users/khanghnguyen/Library/Developer/Xcode/DerivedData/Wishie-gavmeupfwiyxzhaiqkwzocyeeixy/Build/Products/Debug-iphoneos/PackageFrameworks -F/Users/khanghnguyen/Library/Developer/Xcode/DerivedData/Wishie-gavmeupfwiyxzhaiqkwzocyeeixy/Build/Products/Debug-iphoneos/PackageFrameworks -F/Users/khanghnguyen/Library/Developer/Xcode/DerivedData/Wishie-gavmeupfwiyxzhaiqkwzocyeeixy/Build/Products/Debug-iphoneos/PackageFrameworks -F/Users/khanghnguyen/Library/Developer/Xcode/DerivedData/Wishie-gavmeupfwiyxzhaiqkwzocyeeixy/Build/Products/Debug-iphoneos/PackageFrameworks -F/Users/khanghnguyen/Library/Developer/Xcode/DerivedData/Wishie-gavmeupfwiyxzhaiqkwzocyeeixy/Build/Products/Debug-iphoneos/PackageFrameworks -F/Users/khanghnguyen/Library/Developer/Xcode/DerivedData/Wishie-gavmeupfwiyxzhaiqkwzocyeeixy/Build/Products/Debug-iphoneos/PackageFrameworks -F/Users/khanghnguyen/Library/Developer/Xcode/DerivedData/Wishie-gavmeupfwiyxzhaiqkwzocyeeixy/Build/Products/Debug-iphoneos/PackageFrameworks -F/Users/khanghnguyen/Library/Developer/Xcode/DerivedData/Wishie-gavmeupfwiyxzhaiqkwzocyeeixy/Build/Products/Debug-iphoneos/PackageFrameworks -F/Users/khanghnguyen/Library/Developer/Xcode/DerivedData/Wishie-gavmeupfwiyxzhaiqkwzocyeeixy/Build/Products/Debug-iphoneos/PackageFrameworks -F/Users/khanghnguyen/Library/Developer/Xcode/DerivedData/Wishie-gavmeupfwiyxzhaiqkwzocyeeixy/Build/Products/Debug-iphoneos/PackageFrameworks -F/Users/khanghnguyen/Library/Developer/Xcode/DerivedData/Wishie-gavmeupfwiyxzhaiqkwzocyeeixy/Build/Products/Debug-iphoneos/PackageFrameworks -F/Users/khanghnguyen/Library/Developer/Xcode/DerivedData/Wishie-gavmeupfwiyxzhaiqkwzocyeeixy/Build/Products/Debug-iphoneos/PackageFrameworks -F/Users/khanghnguyen/Library/Developer/Xcode/DerivedData/Wishie-gavmeupfwiyxzhaiqkwzocyeeixy/Build/Products/Debug-iphoneos/PackageFrameworks -F/Users/khanghnguyen/Library/Developer/Xcode/DerivedData/Wishie-gavmeupfwiyxzhaiqkwzocyeeixy/Build/Products/Debug-iphoneos/PackageFrameworks -F/Users/khanghnguyen/Library/Developer/Xcode/DerivedData/Wishie-gavmeupfwiyxzhaiqkwzocyeeixy/Build/Products/Debug-iphoneos/PackageFrameworks -F/Users/khanghnguyen/Library/Developer/Xcode/DerivedData/Wishie-gavmeupfwiyxzhaiqkwzocyeeixy/Build/Products/Debug-iphoneos/PackageFrameworks -F/Users/khanghnguyen/Library/Developer/Xcode/DerivedData/Wishie-gavmeupfwiyxzhaiqkwzocyeeixy/Build/Products/Debug-iphoneos/PackageFrameworks -F/Users/khanghnguyen/Library/Developer/Xcode/DerivedData/Wishie-gavmeupfwiyxzhaiqkwzocyeeixy/Build/Products/Debug-iphoneos/PackageFrameworks -F/Users/khanghnguyen/Library/Developer/Xcode/DerivedData/Wishie-gavmeupfwiyxzhaiqkwzocyeeixy/Build/Products/Debug-iphoneos/PackageFrameworks -F/Users/khanghnguyen/Library/Developer/Xcode/DerivedData/Wishie-gavmeupfwiyxzhaiqkwzocyeeixy/Build/Products/Debug-iphoneos/PackageFrameworks -F/Users/khanghnguyen/Library/Developer/Xcode/DerivedData/Wishie-gavmeupfwiyxzhaiqkwzocyeeixy/Build/Products/Debug-iphoneos/PackageFrameworks -F/Users/khanghnguyen/Library/Developer/Xcode/DerivedData/Wishie-gavmeupfwiyxzhaiqkwzocyeeixy/Build/Products/Debug-iphoneos/PackageFrameworks -F/Users/khanghnguyen/Library/Developer/Xcode/DerivedData/Wishie-gavmeupfwiyxzhaiqkwzocyeeixy/Build/Products/Debug-iphoneos/PackageFrameworks -F/Users/khanghnguyen/Library/Developer/Xcode/DerivedData/Wishie-gavmeupfwiyxzhaiqkwzocyeeixy/Build/Products/Debug-iphoneos/PackageFrameworks -F/Users/khanghnguyen/Library/Developer/Xcode/DerivedData/Wishie-gavmeupfwiyxzhaiqkwzocyeeixy/Build/Products/Debug-iphoneos/PackageFrameworks -F/Users/khanghnguyen/Library/Developer/Xcode/DerivedData/Wishie-gavmeupfwiyxzhaiqkwzocyeeixy/Build/Products/Debug-iphoneos/PackageFrameworks -F/Users/khanghnguyen/Library/Developer/Xcode/DerivedData/Wishie-gavmeupfwiyxzhaiqkwzocyeeixy/Build/Products/Debug-iphoneos/PackageFrameworks -F/Users/khanghnguyen/Library/Developer/Xcode/DerivedData/Wishie-gavmeupfwiyxzhaiqkwzocyeeixy/Build/Products/Debug-iphoneos/PackageFrameworks -F/Users/khanghnguyen/Library/Developer/Xcode/DerivedData/Wishie-gavmeupfwiyxzhaiqkwzocyeeixy/Build/Products/Debug-iphoneos/PackageFrameworks -F/Users/khanghnguyen/Library/Developer/Xcode/DerivedData/Wishie-gavmeupfwiyxzhaiqkwzocyeeixy/Build/Products/Debug-iphoneos -install_name @rpath/Wishie.debug.dylib -dead_strip -rdynamic -Xlinker -no_deduplicate -Xlinker -debug_variant -Xlinker -dependency_info -Xlinker /Users/khanghnguyen/Library/Developer/Xcode/DerivedData/Wishie-gavmeupfwiyxzhaiqkwzocyeeixy/Build/Intermediates.noindex/Wishie.build/Debug-iphoneos/Wishie.build/Objects-normal/arm64/Wishie_dependency_info.dat -Xlinker -no_adhoc_codesign -o /Users/khanghnguyen/Library/Developer/Xcode/DerivedData/Wishie-gavmeupfwiyxzhaiqkwzocyeeixy/Build/Products/Debug-iphoneos/Wishie.app/__preview.dylib

CpResource /Users/khanghnguyen/Library/Developer/Xcode/DerivedData/Wishie-gavmeupfwiyxzhaiqkwzocyeeixy/Build/Products/Debug-iphoneos/Wishie.app/WorkSans-Regular.ttf /Users/khanghnguyen/Downloads/Wishie/Wishie/Resources/Fonts/WorkSans-Regular.ttf (in target 'Wishie' from project 'Wishie')
    cd /Users/khanghnguyen/Downloads/Wishie
    builtin-copy -exclude .DS_Store -exclude CVS -exclude .svn -exclude .git -exclude .hg -resolve-src-symlinks /Users/khanghnguyen/Downloads/Wishie/Wishie/Resources/Fonts/WorkSans-Regular.ttf /Users/khanghnguyen/Library/Developer/Xcode/DerivedData/Wishie-gavmeupfwiyxzhaiqkwzocyeeixy/Build/Products/Debug-iphoneos/Wishie.app

CpResource /Users/khanghnguyen/Library/Developer/Xcode/DerivedData/Wishie-gavmeupfwiyxzhaiqkwzocyeeixy/Build/Products/Debug-iphoneos/Wishie.app/WorkSans-Light.ttf /Users/khanghnguyen/Downloads/Wishie/Wishie/Resources/Fonts/WorkSans-Light.ttf (in target 'Wishie' from project 'Wishie')
    cd /Users/khanghnguyen/Downloads/Wishie
    builtin-copy -exclude .DS_Store -exclude CVS -exclude .svn -exclude .git -exclude .hg -resolve-src-symlinks /Users/khanghnguyen/Downloads/Wishie/Wishie/Resources/Fonts/WorkSans-Light.ttf /Users/khanghnguyen/Library/Developer/Xcode/DerivedData/Wishie-gavmeupfwiyxzhaiqkwzocyeeixy/Build/Products/Debug-iphoneos/Wishie.app

CpResource /Users/khanghnguyen/Library/Developer/Xcode/DerivedData/Wishie-gavmeupfwiyxzhaiqkwzocyeeixy/Build/Products/Debug-iphoneos/Wishie.app/WorkSans-Italic.ttf /Users/khanghnguyen/Downloads/Wishie/Wishie/Resources/Fonts/WorkSans-Italic.ttf (in target 'Wishie' from project 'Wishie')
    cd /Users/khanghnguyen/Downloads/Wishie
    builtin-copy -exclude .DS_Store -exclude CVS -exclude .svn -exclude .git -exclude .hg -resolve-src-symlinks /Users/khanghnguyen/Downloads/Wishie/Wishie/Resources/Fonts/WorkSans-Italic.ttf /Users/khanghnguyen/Library/Developer/Xcode/DerivedData/Wishie-gavmeupfwiyxzhaiqkwzocyeeixy/Build/Products/Debug-iphoneos/Wishie.app

CpResource /Users/khanghnguyen/Library/Developer/Xcode/DerivedData/Wishie-gavmeupfwiyxzhaiqkwzocyeeixy/Build/Products/Debug-iphoneos/Wishie.app/WorkSans-Bold.ttf /Users/khanghnguyen/Downloads/Wishie/Wishie/Resources/Fonts/WorkSans-Bold.ttf (in target 'Wishie' from project 'Wishie')
    cd /Users/khanghnguyen/Downloads/Wishie
    builtin-copy -exclude .DS_Store -exclude CVS -exclude .svn -exclude .git -exclude .hg -resolve-src-symlinks /Users/khanghnguyen/Downloads/Wishie/Wishie/Resources/Fonts/WorkSans-Bold.ttf /Users/khanghnguyen/Library/Developer/Xcode/DerivedData/Wishie-gavmeupfwiyxzhaiqkwzocyeeixy/Build/Products/Debug-iphoneos/Wishie.app

CpResource /Users/khanghnguyen/Library/Developer/Xcode/DerivedData/Wishie-gavmeupfwiyxzhaiqkwzocyeeixy/Build/Products/Debug-iphoneos/Wishie.app/Done.lottie /Users/khanghnguyen/Downloads/Wishie/Wishie/Resources/Done.lottie (in target 'Wishie' from project 'Wishie')
    cd /Users/khanghnguyen/Downloads/Wishie
    builtin-copy -exclude .DS_Store -exclude CVS -exclude .svn -exclude .git -exclude .hg -resolve-src-symlinks /Users/khanghnguyen/Downloads/Wishie/Wishie/Resources/Done.lottie /Users/khanghnguyen/Library/Developer/Xcode/DerivedData/Wishie-gavmeupfwiyxzhaiqkwzocyeeixy/Build/Products/Debug-iphoneos/Wishie.app

CopyPlistFile /Users/khanghnguyen/Library/Developer/Xcode/DerivedData/Wishie-gavmeupfwiyxzhaiqkwzocyeeixy/Build/Products/Debug-iphoneos/Wishie.app/GoogleService-Info.plist /Users/khanghnguyen/Downloads/Wishie/GoogleService-Info.plist (in target 'Wishie' from project 'Wishie')
    cd /Users/khanghnguyen/Downloads/Wishie
    builtin-copyPlist --convert binary1 --outdir /Users/khanghnguyen/Library/Developer/Xcode/DerivedData/Wishie-gavmeupfwiyxzhaiqkwzocyeeixy/Build/Products/Debug-iphoneos/Wishie.app -- /Users/khanghnguyen/Downloads/Wishie/GoogleService-Info.plist

Copy /Users/khanghnguyen/Library/Developer/Xcode/DerivedData/Wishie-gavmeupfwiyxzhaiqkwzocyeeixy/Build/Products/Debug-iphoneos/Wishie.app/swift-crypto_Crypto.bundle /Users/khanghnguyen/Library/Developer/Xcode/DerivedData/Wishie-gavmeupfwiyxzhaiqkwzocyeeixy/Build/Products/Debug-iphoneos/swift-crypto_Crypto.bundle (in target 'Wishie' from project 'Wishie')
    cd /Users/khanghnguyen/Downloads/Wishie
    builtin-copy -exclude .DS_Store -exclude CVS -exclude .svn -exclude .git -exclude .hg -resolve-src-symlinks /Users/khanghnguyen/Library/Developer/Xcode/DerivedData/Wishie-gavmeupfwiyxzhaiqkwzocyeeixy/Build/Products/Debug-iphoneos/swift-crypto_Crypto.bundle /Users/khanghnguyen/Library/Developer/Xcode/DerivedData/Wishie-gavmeupfwiyxzhaiqkwzocyeeixy/Build/Products/Debug-iphoneos/Wishie.app

Copy /Users/khanghnguyen/Library/Developer/Xcode/DerivedData/Wishie-gavmeupfwiyxzhaiqkwzocyeeixy/Build/Products/Debug-iphoneos/Wishie.app/nanopb_nanopb.bundle /Users/khanghnguyen/Library/Developer/Xcode/DerivedData/Wishie-gavmeupfwiyxzhaiqkwzocyeeixy/Build/Products/Debug-iphoneos/nanopb_nanopb.bundle (in target 'Wishie' from project 'Wishie')
    cd /Users/khanghnguyen/Downloads/Wishie
    builtin-copy -exclude .DS_Store -exclude CVS -exclude .svn -exclude .git -exclude .hg -resolve-src-symlinks /Users/khanghnguyen/Library/Developer/Xcode/DerivedData/Wishie-gavmeupfwiyxzhaiqkwzocyeeixy/Build/Products/Debug-iphoneos/nanopb_nanopb.bundle /Users/khanghnguyen/Library/Developer/Xcode/DerivedData/Wishie-gavmeupfwiyxzhaiqkwzocyeeixy/Build/Products/Debug-iphoneos/Wishie.app

Copy /Users/khanghnguyen/Library/Developer/Xcode/DerivedData/Wishie-gavmeupfwiyxzhaiqkwzocyeeixy/Build/Products/Debug-iphoneos/Wishie.app/leveldb_leveldb.bundle /Users/khanghnguyen/Library/Developer/Xcode/DerivedData/Wishie-gavmeupfwiyxzhaiqkwzocyeeixy/Build/Products/Debug-iphoneos/leveldb_leveldb.bundle (in target 'Wishie' from project 'Wishie')
    cd /Users/khanghnguyen/Downloads/Wishie
    builtin-copy -exclude .DS_Store -exclude CVS -exclude .svn -exclude .git -exclude .hg -resolve-src-symlinks /Users/khanghnguyen/Library/Developer/Xcode/DerivedData/Wishie-gavmeupfwiyxzhaiqkwzocyeeixy/Build/Products/Debug-iphoneos/leveldb_leveldb.bundle /Users/khanghnguyen/Library/Developer/Xcode/DerivedData/Wishie-gavmeupfwiyxzhaiqkwzocyeeixy/Build/Products/Debug-iphoneos/Wishie.app

Copy /Users/khanghnguyen/Library/Developer/Xcode/DerivedData/Wishie-gavmeupfwiyxzhaiqkwzocyeeixy/Build/Products/Debug-iphoneos/Wishie.app/gRPC_opensslWrapper.bundle /Users/khanghnguyen/Library/Developer/Xcode/DerivedData/Wishie-gavmeupfwiyxzhaiqkwzocyeeixy/Build/Products/Debug-iphoneos/gRPC_opensslWrapper.bundle (in target 'Wishie' from project 'Wishie')
    cd /Users/khanghnguyen/Downloads/Wishie
    builtin-copy -exclude .DS_Store -exclude CVS -exclude .svn -exclude .git -exclude .hg -resolve-src-symlinks /Users/khanghnguyen/Library/Developer/Xcode/DerivedData/Wishie-gavmeupfwiyxzhaiqkwzocyeeixy/Build/Products/Debug-iphoneos/gRPC_opensslWrapper.bundle /Users/khanghnguyen/Library/Developer/Xcode/DerivedData/Wishie-gavmeupfwiyxzhaiqkwzocyeeixy/Build/Products/Debug-iphoneos/Wishie.app

Copy /Users/khanghnguyen/Library/Developer/Xcode/DerivedData/Wishie-gavmeupfwiyxzhaiqkwzocyeeixy/Build/Products/Debug-iphoneos/Wishie.app/gRPC_grpcppWrapper.bundle /Users/khanghnguyen/Library/Developer/Xcode/DerivedData/Wishie-gavmeupfwiyxzhaiqkwzocyeeixy/Build/Products/Debug-iphoneos/gRPC_grpcppWrapper.bundle (in target 'Wishie' from project 'Wishie')
    cd /Users/khanghnguyen/Downloads/Wishie
    builtin-copy -exclude .DS_Store -exclude CVS -exclude .svn -exclude .git -exclude .hg -resolve-src-symlinks /Users/khanghnguyen/Library/Developer/Xcode/DerivedData/Wishie-gavmeupfwiyxzhaiqkwzocyeeixy/Build/Products/Debug-iphoneos/gRPC_grpcppWrapper.bundle /Users/khanghnguyen/Library/Developer/Xcode/DerivedData/Wishie-gavmeupfwiyxzhaiqkwzocyeeixy/Build/Products/Debug-iphoneos/Wishie.app

Copy /Users/khanghnguyen/Library/Developer/Xcode/DerivedData/Wishie-gavmeupfwiyxzhaiqkwzocyeeixy/Build/Products/Debug-iphoneos/Wishie.app/gRPC_grpcWrapper.bundle /Users/khanghnguyen/Library/Developer/Xcode/DerivedData/Wishie-gavmeupfwiyxzhaiqkwzocyeeixy/Build/Products/Debug-iphoneos/gRPC_grpcWrapper.bundle (in target 'Wishie' from project 'Wishie')
    cd /Users/khanghnguyen/Downloads/Wishie
    builtin-copy -exclude .DS_Store -exclude CVS -exclude .svn -exclude .git -exclude .hg -resolve-src-symlinks /Users/khanghnguyen/Library/Developer/Xcode/DerivedData/Wishie-gavmeupfwiyxzhaiqkwzocyeeixy/Build/Products/Debug-iphoneos/gRPC_grpcWrapper.bundle /Users/khanghnguyen/Library/Developer/Xcode/DerivedData/Wishie-gavmeupfwiyxzhaiqkwzocyeeixy/Build/Products/Debug-iphoneos/Wishie.app

Copy /Users/khanghnguyen/Library/Developer/Xcode/DerivedData/Wishie-gavmeupfwiyxzhaiqkwzocyeeixy/Build/Products/Debug-iphoneos/Wishie.app/abseil_abslWrapper.bundle /Users/khanghnguyen/Library/Developer/Xcode/DerivedData/Wishie-gavmeupfwiyxzhaiqkwzocyeeixy/Build/Products/Debug-iphoneos/abseil_abslWrapper.bundle (in target 'Wishie' from project 'Wishie')
    cd /Users/khanghnguyen/Downloads/Wishie
    builtin-copy -exclude .DS_Store -exclude CVS -exclude .svn -exclude .git -exclude .hg -resolve-src-symlinks /Users/khanghnguyen/Library/Developer/Xcode/DerivedData/Wishie-gavmeupfwiyxzhaiqkwzocyeeixy/Build/Products/Debug-iphoneos/abseil_abslWrapper.bundle /Users/khanghnguyen/Library/Developer/Xcode/DerivedData/Wishie-gavmeupfwiyxzhaiqkwzocyeeixy/Build/Products/Debug-iphoneos/Wishie.app

Copy /Users/khanghnguyen/Library/Developer/Xcode/DerivedData/Wishie-gavmeupfwiyxzhaiqkwzocyeeixy/Build/Products/Debug-iphoneos/Wishie.app/SDWebImage_SDWebImage.bundle /Users/khanghnguyen/Library/Developer/Xcode/DerivedData/Wishie-gavmeupfwiyxzhaiqkwzocyeeixy/Build/Products/Debug-iphoneos/SDWebImage_SDWebImage.bundle (in target 'Wishie' from project 'Wishie')
    cd /Users/khanghnguyen/Downloads/Wishie
    builtin-copy -exclude .DS_Store -exclude CVS -exclude .svn -exclude .git -exclude .hg -resolve-src-symlinks /Users/khanghnguyen/Library/Developer/Xcode/DerivedData/Wishie-gavmeupfwiyxzhaiqkwzocyeeixy/Build/Products/Debug-iphoneos/SDWebImage_SDWebImage.bundle /Users/khanghnguyen/Library/Developer/Xcode/DerivedData/Wishie-gavmeupfwiyxzhaiqkwzocyeeixy/Build/Products/Debug-iphoneos/Wishie.app

Copy /Users/khanghnguyen/Library/Developer/Xcode/DerivedData/Wishie-gavmeupfwiyxzhaiqkwzocyeeixy/Build/Products/Debug-iphoneos/Wishie.app/SDWebImageSwiftUI_SDWebImageSwiftUI.bundle /Users/khanghnguyen/Library/Developer/Xcode/DerivedData/Wishie-gavmeupfwiyxzhaiqkwzocyeeixy/Build/Products/Debug-iphoneos/SDWebImageSwiftUI_SDWebImageSwiftUI.bundle (in target 'Wishie' from project 'Wishie')
    cd /Users/khanghnguyen/Downloads/Wishie
    builtin-copy -exclude .DS_Store -exclude CVS -exclude .svn -exclude .git -exclude .hg -resolve-src-symlinks /Users/khanghnguyen/Library/Developer/Xcode/DerivedData/Wishie-gavmeupfwiyxzhaiqkwzocyeeixy/Build/Products/Debug-iphoneos/SDWebImageSwiftUI_SDWebImageSwiftUI.bundle /Users/khanghnguyen/Library/Developer/Xcode/DerivedData/Wishie-gavmeupfwiyxzhaiqkwzocyeeixy/Build/Products/Debug-iphoneos/Wishie.app

Copy /Users/khanghnguyen/Library/Developer/Xcode/DerivedData/Wishie-gavmeupfwiyxzhaiqkwzocyeeixy/Build/Products/Debug-iphoneos/Wishie.app/GoogleUtilities_GoogleUtilities-Reachability.bundle /Users/khanghnguyen/Library/Developer/Xcode/DerivedData/Wishie-gavmeupfwiyxzhaiqkwzocyeeixy/Build/Products/Debug-iphoneos/GoogleUtilities_GoogleUtilities-Reachability.bundle (in target 'Wishie' from project 'Wishie')
    cd /Users/khanghnguyen/Downloads/Wishie
    builtin-copy -exclude .DS_Store -exclude CVS -exclude .svn -exclude .git -exclude .hg -resolve-src-symlinks /Users/khanghnguyen/Library/Developer/Xcode/DerivedData/Wishie-gavmeupfwiyxzhaiqkwzocyeeixy/Build/Products/Debug-iphoneos/GoogleUtilities_GoogleUtilities-Reachability.bundle /Users/khanghnguyen/Library/Developer/Xcode/DerivedData/Wishie-gavmeupfwiyxzhaiqkwzocyeeixy/Build/Products/Debug-iphoneos/Wishie.app

Copy /Users/khanghnguyen/Library/Developer/Xcode/DerivedData/Wishie-gavmeupfwiyxzhaiqkwzocyeeixy/Build/Products/Debug-iphoneos/Wishie.app/GoogleUtilities_GoogleUtilities-Network.bundle /Users/khanghnguyen/Library/Developer/Xcode/DerivedData/Wishie-gavmeupfwiyxzhaiqkwzocyeeixy/Build/Products/Debug-iphoneos/GoogleUtilities_GoogleUtilities-Network.bundle (in target 'Wishie' from project 'Wishie')
    cd /Users/khanghnguyen/Downloads/Wishie
    builtin-copy -exclude .DS_Store -exclude CVS -exclude .svn -exclude .git -exclude .hg -resolve-src-symlinks /Users/khanghnguyen/Library/Developer/Xcode/DerivedData/Wishie-gavmeupfwiyxzhaiqkwzocyeeixy/Build/Products/Debug-iphoneos/GoogleUtilities_GoogleUtilities-Network.bundle /Users/khanghnguyen/Library/Developer/Xcode/DerivedData/Wishie-gavmeupfwiyxzhaiqkwzocyeeixy/Build/Products/Debug-iphoneos/Wishie.app

Copy /Users/khanghnguyen/Library/Developer/Xcode/DerivedData/Wishie-gavmeupfwiyxzhaiqkwzocyeeixy/Build/Products/Debug-iphoneos/Wishie.app/GoogleUtilities_GoogleUtilities-NSData.bundle /Users/khanghnguyen/Library/Developer/Xcode/DerivedData/Wishie-gavmeupfwiyxzhaiqkwzocyeeixy/Build/Products/Debug-iphoneos/GoogleUtilities_GoogleUtilities-NSData.bundle (in target 'Wishie' from project 'Wishie')
    cd /Users/khanghnguyen/Downloads/Wishie
    builtin-copy -exclude .DS_Store -exclude CVS -exclude .svn -exclude .git -exclude .hg -resolve-src-symlinks /Users/khanghnguyen/Library/Developer/Xcode/DerivedData/Wishie-gavmeupfwiyxzhaiqkwzocyeeixy/Build/Products/Debug-iphoneos/GoogleUtilities_GoogleUtilities-NSData.bundle /Users/khanghnguyen/Library/Developer/Xcode/DerivedData/Wishie-gavmeupfwiyxzhaiqkwzocyeeixy/Build/Products/Debug-iphoneos/Wishie.app

Copy /Users/khanghnguyen/Library/Developer/Xcode/DerivedData/Wishie-gavmeupfwiyxzhaiqkwzocyeeixy/Build/Products/Debug-iphoneos/Wishie.app/GoogleUtilities_GoogleUtilities-Logger.bundle /Users/khanghnguyen/Library/Developer/Xcode/DerivedData/Wishie-gavmeupfwiyxzhaiqkwzocyeeixy/Build/Products/Debug-iphoneos/GoogleUtilities_GoogleUtilities-Logger.bundle (in target 'Wishie' from project 'Wishie')
    cd /Users/khanghnguyen/Downloads/Wishie
    builtin-copy -exclude .DS_Store -exclude CVS -exclude .svn -exclude .git -exclude .hg -resolve-src-symlinks /Users/khanghnguyen/Library/Developer/Xcode/DerivedData/Wishie-gavmeupfwiyxzhaiqkwzocyeeixy/Build/Products/Debug-iphoneos/GoogleUtilities_GoogleUtilities-Logger.bundle /Users/khanghnguyen/Library/Developer/Xcode/DerivedData/Wishie-gavmeupfwiyxzhaiqkwzocyeeixy/Build/Products/Debug-iphoneos/Wishie.app

Copy /Users/khanghnguyen/Library/Developer/Xcode/DerivedData/Wishie-gavmeupfwiyxzhaiqkwzocyeeixy/Build/Products/Debug-iphoneos/Wishie.app/GoogleUtilities_GoogleUtilities-Environment.bundle /Users/khanghnguyen/Library/Developer/Xcode/DerivedData/Wishie-gavmeupfwiyxzhaiqkwzocyeeixy/Build/Products/Debug-iphoneos/GoogleUtilities_GoogleUtilities-Environment.bundle (in target 'Wishie' from project 'Wishie')
    cd /Users/khanghnguyen/Downloads/Wishie
    builtin-copy -exclude .DS_Store -exclude CVS -exclude .svn -exclude .git -exclude .hg -resolve-src-symlinks /Users/khanghnguyen/Library/Developer/Xcode/DerivedData/Wishie-gavmeupfwiyxzhaiqkwzocyeeixy/Build/Products/Debug-iphoneos/GoogleUtilities_GoogleUtilities-Environment.bundle /Users/khanghnguyen/Library/Developer/Xcode/DerivedData/Wishie-gavmeupfwiyxzhaiqkwzocyeeixy/Build/Products/Debug-iphoneos/Wishie.app

Copy /Users/khanghnguyen/Library/Developer/Xcode/DerivedData/Wishie-gavmeupfwiyxzhaiqkwzocyeeixy/Build/Products/Debug-iphoneos/Wishie.app/GoogleUtilities_GoogleUtilities-AppDelegateSwizzler.bundle /Users/khanghnguyen/Library/Developer/Xcode/DerivedData/Wishie-gavmeupfwiyxzhaiqkwzocyeeixy/Build/Products/Debug-iphoneos/GoogleUtilities_GoogleUtilities-AppDelegateSwizzler.bundle (in target 'Wishie' from project 'Wishie')
    cd /Users/khanghnguyen/Downloads/Wishie
    builtin-copy -exclude .DS_Store -exclude CVS -exclude .svn -exclude .git -exclude .hg -resolve-src-symlinks /Users/khanghnguyen/Library/Developer/Xcode/DerivedData/Wishie-gavmeupfwiyxzhaiqkwzocyeeixy/Build/Products/Debug-iphoneos/GoogleUtilities_GoogleUtilities-AppDelegateSwizzler.bundle /Users/khanghnguyen/Library/Developer/Xcode/DerivedData/Wishie-gavmeupfwiyxzhaiqkwzocyeeixy/Build/Products/Debug-iphoneos/Wishie.app

Copy /Users/khanghnguyen/Library/Developer/Xcode/DerivedData/Wishie-gavmeupfwiyxzhaiqkwzocyeeixy/Build/Products/Debug-iphoneos/Wishie.app/GTMSessionFetcher_GTMSessionFetcherCore.bundle /Users/khanghnguyen/Library/Developer/Xcode/DerivedData/Wishie-gavmeupfwiyxzhaiqkwzocyeeixy/Build/Products/Debug-iphoneos/GTMSessionFetcher_GTMSessionFetcherCore.bundle (in target 'Wishie' from project 'Wishie')
    cd /Users/khanghnguyen/Downloads/Wishie
    builtin-copy -exclude .DS_Store -exclude CVS -exclude .svn -exclude .git -exclude .hg -resolve-src-symlinks /Users/khanghnguyen/Library/Developer/Xcode/DerivedData/Wishie-gavmeupfwiyxzhaiqkwzocyeeixy/Build/Products/Debug-iphoneos/GTMSessionFetcher_GTMSessionFetcherCore.bundle /Users/khanghnguyen/Library/Developer/Xcode/DerivedData/Wishie-gavmeupfwiyxzhaiqkwzocyeeixy/Build/Products/Debug-iphoneos/Wishie.app

Copy /Users/khanghnguyen/Library/Developer/Xcode/DerivedData/Wishie-gavmeupfwiyxzhaiqkwzocyeeixy/Build/Products/Debug-iphoneos/Wishie.app/Frameworks/openssl_grpc.framework /Users/khanghnguyen/Library/Developer/Xcode/DerivedData/Wishie-gavmeupfwiyxzhaiqkwzocyeeixy/SourcePackages/artifacts/grpc-binary/openssl_grpc/openssl_grpc.xcframework/ios-arm64/openssl_grpc.framework (in target 'Wishie' from project 'Wishie')
    cd /Users/khanghnguyen/Downloads/Wishie
    builtin-copy -exclude .DS_Store -exclude CVS -exclude .svn -exclude .git -exclude .hg -exclude Headers -exclude PrivateHeaders -exclude Modules -exclude \*.tbd -bitcode-strip all -bitcode-strip-tool /Applications/Xcode.app/Contents/Developer/Toolchains/XcodeDefault.xctoolchain/usr/bin/bitcode_strip -resolve-src-symlinks -remove-static-executable /Users/khanghnguyen/Library/Developer/Xcode/DerivedData/Wishie-gavmeupfwiyxzhaiqkwzocyeeixy/SourcePackages/artifacts/grpc-binary/openssl_grpc/openssl_grpc.xcframework/ios-arm64/openssl_grpc.framework /Users/khanghnguyen/Library/Developer/Xcode/DerivedData/Wishie-gavmeupfwiyxzhaiqkwzocyeeixy/Build/Products/Debug-iphoneos/Wishie.app/Frameworks
note: Injecting stub binary into codeless framework (in target 'Wishie' from project 'Wishie')
    /Applications/Xcode.app/Contents/Developer/Toolchains/XcodeDefault.xctoolchain/usr/bin/clang -isysroot /Applications/Xcode.app/Contents/Developer/Platforms/iPhoneOS.platform/Developer/SDKs/iPhoneOS26.2.sdk -x c -c /dev/null -target arm64-apple-ios100.0 -o /private/var/folders/4l/3y09q1z53l3gxyls1bcs68srkcgr16/T/swbuild.tmp.TsMTvt9Q/Data.noindex/arm64-apple.o
    /Applications/Xcode.app/Contents/Developer/Toolchains/XcodeDefault.xctoolchain/usr/bin/clang -isysroot /Applications/Xcode.app/Contents/Developer/Platforms/iPhoneOS.platform/Developer/SDKs/iPhoneOS26.2.sdk -dynamiclib -Xlinker -adhoc_codesign -target arm64-apple-ios100.0 -o /private/var/folders/4l/3y09q1z53l3gxyls1bcs68srkcgr16/T/swbuild.tmp.TsMTvt9Q/Data.noindex/arm64-apple /private/var/folders/4l/3y09q1z53l3gxyls1bcs68srkcgr16/T/swbuild.tmp.TsMTvt9Q/Data.noindex/arm64-apple.o
    /Applications/Xcode.app/Contents/Developer/Toolchains/XcodeDefault.xctoolchain/usr/bin/lipo -create -output /Users/khanghnguyen/Library/Developer/Xcode/DerivedData/Wishie-gavmeupfwiyxzhaiqkwzocyeeixy/Build/Products/Debug-iphoneos/Wishie.app/Frameworks/openssl_grpc.framework/openssl_grpc /private/var/folders/4l/3y09q1z53l3gxyls1bcs68srkcgr16/T/swbuild.tmp.TsMTvt9Q/Data.noindex/arm64-apple

Copy /Users/khanghnguyen/Library/Developer/Xcode/DerivedData/Wishie-gavmeupfwiyxzhaiqkwzocyeeixy/Build/Products/Debug-iphoneos/Wishie.app/Frameworks/grpcpp.framework /Users/khanghnguyen/Library/Developer/Xcode/DerivedData/Wishie-gavmeupfwiyxzhaiqkwzocyeeixy/SourcePackages/artifacts/grpc-binary/grpcpp/grpcpp.xcframework/ios-arm64/grpcpp.framework (in target 'Wishie' from project 'Wishie')
    cd /Users/khanghnguyen/Downloads/Wishie
    builtin-copy -exclude .DS_Store -exclude CVS -exclude .svn -exclude .git -exclude .hg -exclude Headers -exclude PrivateHeaders -exclude Modules -exclude \*.tbd -bitcode-strip all -bitcode-strip-tool /Applications/Xcode.app/Contents/Developer/Toolchains/XcodeDefault.xctoolchain/usr/bin/bitcode_strip -resolve-src-symlinks -remove-static-executable /Users/khanghnguyen/Library/Developer/Xcode/DerivedData/Wishie-gavmeupfwiyxzhaiqkwzocyeeixy/SourcePackages/artifacts/grpc-binary/grpcpp/grpcpp.xcframework/ios-arm64/grpcpp.framework /Users/khanghnguyen/Library/Developer/Xcode/DerivedData/Wishie-gavmeupfwiyxzhaiqkwzocyeeixy/Build/Products/Debug-iphoneos/Wishie.app/Frameworks
note: Injecting stub binary into codeless framework (in target 'Wishie' from project 'Wishie')
    /Applications/Xcode.app/Contents/Developer/Toolchains/XcodeDefault.xctoolchain/usr/bin/clang -isysroot /Applications/Xcode.app/Contents/Developer/Platforms/iPhoneOS.platform/Developer/SDKs/iPhoneOS26.2.sdk -x c -c /dev/null -target arm64-apple-ios100.0 -o /private/var/folders/4l/3y09q1z53l3gxyls1bcs68srkcgr16/T/swbuild.tmp.LREdEJo3/Data.noindex/arm64-apple.o
    /Applications/Xcode.app/Contents/Developer/Toolchains/XcodeDefault.xctoolchain/usr/bin/clang -isysroot /Applications/Xcode.app/Contents/Developer/Platforms/iPhoneOS.platform/Developer/SDKs/iPhoneOS26.2.sdk -dynamiclib -Xlinker -adhoc_codesign -target arm64-apple-ios100.0 -o /private/var/folders/4l/3y09q1z53l3gxyls1bcs68srkcgr16/T/swbuild.tmp.LREdEJo3/Data.noindex/arm64-apple /private/var/folders/4l/3y09q1z53l3gxyls1bcs68srkcgr16/T/swbuild.tmp.LREdEJo3/Data.noindex/arm64-apple.o
    /Applications/Xcode.app/Contents/Developer/Toolchains/XcodeDefault.xctoolchain/usr/bin/lipo -create -output /Users/khanghnguyen/Library/Developer/Xcode/DerivedData/Wishie-gavmeupfwiyxzhaiqkwzocyeeixy/Build/Products/Debug-iphoneos/Wishie.app/Frameworks/grpcpp.framework/grpcpp /private/var/folders/4l/3y09q1z53l3gxyls1bcs68srkcgr16/T/swbuild.tmp.LREdEJo3/Data.noindex/arm64-apple

SwiftDriverJobDiscovery normal arm64 Compiling WishListInformationViewModel.swift, EditProfileView.swift, EditProfileViewModel.swift, ProfileView.swift, ProfileViewModel.swift, QRScannerView.swift, QRScannerViewController.swift, ScanQRScreen.swift (in target 'Wishie' from project 'Wishie')

Copy /Users/khanghnguyen/Library/Developer/Xcode/DerivedData/Wishie-gavmeupfwiyxzhaiqkwzocyeeixy/Build/Products/Debug-iphoneos/Wishie.app/Frameworks/grpc.framework /Users/khanghnguyen/Library/Developer/Xcode/DerivedData/Wishie-gavmeupfwiyxzhaiqkwzocyeeixy/SourcePackages/artifacts/grpc-binary/grpc/grpc.xcframework/ios-arm64/grpc.framework (in target 'Wishie' from project 'Wishie')
    cd /Users/khanghnguyen/Downloads/Wishie
    builtin-copy -exclude .DS_Store -exclude CVS -exclude .svn -exclude .git -exclude .hg -exclude Headers -exclude PrivateHeaders -exclude Modules -exclude \*.tbd -bitcode-strip all -bitcode-strip-tool /Applications/Xcode.app/Contents/Developer/Toolchains/XcodeDefault.xctoolchain/usr/bin/bitcode_strip -resolve-src-symlinks -remove-static-executable /Users/khanghnguyen/Library/Developer/Xcode/DerivedData/Wishie-gavmeupfwiyxzhaiqkwzocyeeixy/SourcePackages/artifacts/grpc-binary/grpc/grpc.xcframework/ios-arm64/grpc.framework /Users/khanghnguyen/Library/Developer/Xcode/DerivedData/Wishie-gavmeupfwiyxzhaiqkwzocyeeixy/Build/Products/Debug-iphoneos/Wishie.app/Frameworks
note: Injecting stub binary into codeless framework (in target 'Wishie' from project 'Wishie')
    /Applications/Xcode.app/Contents/Developer/Toolchains/XcodeDefault.xctoolchain/usr/bin/clang -isysroot /Applications/Xcode.app/Contents/Developer/Platforms/iPhoneOS.platform/Developer/SDKs/iPhoneOS26.2.sdk -x c -c /dev/null -target arm64-apple-ios100.0 -o /private/var/folders/4l/3y09q1z53l3gxyls1bcs68srkcgr16/T/swbuild.tmp.iwFKbXJM/Data.noindex/arm64-apple.o
    /Applications/Xcode.app/Contents/Developer/Toolchains/XcodeDefault.xctoolchain/usr/bin/clang -isysroot /Applications/Xcode.app/Contents/Developer/Platforms/iPhoneOS.platform/Developer/SDKs/iPhoneOS26.2.sdk -dynamiclib -Xlinker -adhoc_codesign -target arm64-apple-ios100.0 -o /private/var/folders/4l/3y09q1z53l3gxyls1bcs68srkcgr16/T/swbuild.tmp.iwFKbXJM/Data.noindex/arm64-apple /private/var/folders/4l/3y09q1z53l3gxyls1bcs68srkcgr16/T/swbuild.tmp.iwFKbXJM/Data.noindex/arm64-apple.o
    /Applications/Xcode.app/Contents/Developer/Toolchains/XcodeDefault.xctoolchain/usr/bin/lipo -create -output /Users/khanghnguyen/Library/Developer/Xcode/DerivedData/Wishie-gavmeupfwiyxzhaiqkwzocyeeixy/Build/Products/Debug-iphoneos/Wishie.app/Frameworks/grpc.framework/grpc /private/var/folders/4l/3y09q1z53l3gxyls1bcs68srkcgr16/T/swbuild.tmp.iwFKbXJM/Data.noindex/arm64-apple

Copy /Users/khanghnguyen/Library/Developer/Xcode/DerivedData/Wishie-gavmeupfwiyxzhaiqkwzocyeeixy/Build/Products/Debug-iphoneos/Wishie.app/Frameworks/absl.framework /Users/khanghnguyen/Library/Developer/Xcode/DerivedData/Wishie-gavmeupfwiyxzhaiqkwzocyeeixy/SourcePackages/artifacts/abseil-cpp-binary/absl/absl.xcframework/ios-arm64/absl.framework (in target 'Wishie' from project 'Wishie')
    cd /Users/khanghnguyen/Downloads/Wishie
    builtin-copy -exclude .DS_Store -exclude CVS -exclude .svn -exclude .git -exclude .hg -exclude Headers -exclude PrivateHeaders -exclude Modules -exclude \*.tbd -bitcode-strip all -bitcode-strip-tool /Applications/Xcode.app/Contents/Developer/Toolchains/XcodeDefault.xctoolchain/usr/bin/bitcode_strip -resolve-src-symlinks -remove-static-executable /Users/khanghnguyen/Library/Developer/Xcode/DerivedData/Wishie-gavmeupfwiyxzhaiqkwzocyeeixy/SourcePackages/artifacts/abseil-cpp-binary/absl/absl.xcframework/ios-arm64/absl.framework /Users/khanghnguyen/Library/Developer/Xcode/DerivedData/Wishie-gavmeupfwiyxzhaiqkwzocyeeixy/Build/Products/Debug-iphoneos/Wishie.app/Frameworks
note: Injecting stub binary into codeless framework (in target 'Wishie' from project 'Wishie')
    /Applications/Xcode.app/Contents/Developer/Toolchains/XcodeDefault.xctoolchain/usr/bin/clang -isysroot /Applications/Xcode.app/Contents/Developer/Platforms/iPhoneOS.platform/Developer/SDKs/iPhoneOS26.2.sdk -x c -c /dev/null -target arm64-apple-ios100.0 -o /private/var/folders/4l/3y09q1z53l3gxyls1bcs68srkcgr16/T/swbuild.tmp.jdD9zfaN/Data.noindex/arm64-apple.o
    /Applications/Xcode.app/Contents/Developer/Toolchains/XcodeDefault.xctoolchain/usr/bin/clang -isysroot /Applications/Xcode.app/Contents/Developer/Platforms/iPhoneOS.platform/Developer/SDKs/iPhoneOS26.2.sdk -dynamiclib -Xlinker -adhoc_codesign -target arm64-apple-ios100.0 -o /private/var/folders/4l/3y09q1z53l3gxyls1bcs68srkcgr16/T/swbuild.tmp.jdD9zfaN/Data.noindex/arm64-apple /private/var/folders/4l/3y09q1z53l3gxyls1bcs68srkcgr16/T/swbuild.tmp.jdD9zfaN/Data.noindex/arm64-apple.o
    /Applications/Xcode.app/Contents/Developer/Toolchains/XcodeDefault.xctoolchain/usr/bin/lipo -create -output /Users/khanghnguyen/Library/Developer/Xcode/DerivedData/Wishie-gavmeupfwiyxzhaiqkwzocyeeixy/Build/Products/Debug-iphoneos/Wishie.app/Frameworks/absl.framework/absl /private/var/folders/4l/3y09q1z53l3gxyls1bcs68srkcgr16/T/swbuild.tmp.jdD9zfaN/Data.noindex/arm64-apple

Copy /Users/khanghnguyen/Library/Developer/Xcode/DerivedData/Wishie-gavmeupfwiyxzhaiqkwzocyeeixy/Build/Products/Debug-iphoneos/Wishie.app/Frameworks/FirebaseFirestoreInternal.framework /Users/khanghnguyen/Library/Developer/Xcode/DerivedData/Wishie-gavmeupfwiyxzhaiqkwzocyeeixy/SourcePackages/artifacts/firebase-ios-sdk/FirebaseFirestoreInternal/FirebaseFirestoreInternal.xcframework/ios-arm64/FirebaseFirestoreInternal.framework (in target 'Wishie' from project 'Wishie')
    cd /Users/khanghnguyen/Downloads/Wishie
    builtin-copy -exclude .DS_Store -exclude CVS -exclude .svn -exclude .git -exclude .hg -exclude Headers -exclude PrivateHeaders -exclude Modules -exclude \*.tbd -bitcode-strip all -bitcode-strip-tool /Applications/Xcode.app/Contents/Developer/Toolchains/XcodeDefault.xctoolchain/usr/bin/bitcode_strip -resolve-src-symlinks -remove-static-executable /Users/khanghnguyen/Library/Developer/Xcode/DerivedData/Wishie-gavmeupfwiyxzhaiqkwzocyeeixy/SourcePackages/artifacts/firebase-ios-sdk/FirebaseFirestoreInternal/FirebaseFirestoreInternal.xcframework/ios-arm64/FirebaseFirestoreInternal.framework /Users/khanghnguyen/Library/Developer/Xcode/DerivedData/Wishie-gavmeupfwiyxzhaiqkwzocyeeixy/Build/Products/Debug-iphoneos/Wishie.app/Frameworks
note: Injecting stub binary into codeless framework (in target 'Wishie' from project 'Wishie')
    /Applications/Xcode.app/Contents/Developer/Toolchains/XcodeDefault.xctoolchain/usr/bin/clang -isysroot /Applications/Xcode.app/Contents/Developer/Platforms/iPhoneOS.platform/Developer/SDKs/iPhoneOS26.2.sdk -x c -c /dev/null -target arm64-apple-ios100.0 -o /private/var/folders/4l/3y09q1z53l3gxyls1bcs68srkcgr16/T/swbuild.tmp.DIzr2Sj7/Data.noindex/arm64-apple.o
    /Applications/Xcode.app/Contents/Developer/Toolchains/XcodeDefault.xctoolchain/usr/bin/clang -isysroot /Applications/Xcode.app/Contents/Developer/Platforms/iPhoneOS.platform/Developer/SDKs/iPhoneOS26.2.sdk -dynamiclib -Xlinker -adhoc_codesign -target arm64-apple-ios100.0 -o /private/var/folders/4l/3y09q1z53l3gxyls1bcs68srkcgr16/T/swbuild.tmp.DIzr2Sj7/Data.noindex/arm64-apple /private/var/folders/4l/3y09q1z53l3gxyls1bcs68srkcgr16/T/swbuild.tmp.DIzr2Sj7/Data.noindex/arm64-apple.o
    /Applications/Xcode.app/Contents/Developer/Toolchains/XcodeDefault.xctoolchain/usr/bin/lipo -create -output /Users/khanghnguyen/Library/Developer/Xcode/DerivedData/Wishie-gavmeupfwiyxzhaiqkwzocyeeixy/Build/Products/Debug-iphoneos/Wishie.app/Frameworks/FirebaseFirestoreInternal.framework/FirebaseFirestoreInternal /private/var/folders/4l/3y09q1z53l3gxyls1bcs68srkcgr16/T/swbuild.tmp.DIzr2Sj7/Data.noindex/arm64-apple

Copy /Users/khanghnguyen/Library/Developer/Xcode/DerivedData/Wishie-gavmeupfwiyxzhaiqkwzocyeeixy/Build/Products/Debug-iphoneos/Wishie.app/Frameworks/DotLottiePlayer.framework /Users/khanghnguyen/Library/Developer/Xcode/DerivedData/Wishie-gavmeupfwiyxzhaiqkwzocyeeixy/SourcePackages/checkouts/dotlottie-ios/Sources/DotLottieCore/DotLottiePlayer.xcframework/ios-arm64/DotLottiePlayer.framework (in target 'Wishie' from project 'Wishie')
    cd /Users/khanghnguyen/Downloads/Wishie
    builtin-copy -exclude .DS_Store -exclude CVS -exclude .svn -exclude .git -exclude .hg -exclude Headers -exclude PrivateHeaders -exclude Modules -exclude \*.tbd -bitcode-strip all -bitcode-strip-tool /Applications/Xcode.app/Contents/Developer/Toolchains/XcodeDefault.xctoolchain/usr/bin/bitcode_strip -resolve-src-symlinks -remove-static-executable /Users/khanghnguyen/Library/Developer/Xcode/DerivedData/Wishie-gavmeupfwiyxzhaiqkwzocyeeixy/SourcePackages/checkouts/dotlottie-ios/Sources/DotLottieCore/DotLottiePlayer.xcframework/ios-arm64/DotLottiePlayer.framework /Users/khanghnguyen/Library/Developer/Xcode/DerivedData/Wishie-gavmeupfwiyxzhaiqkwzocyeeixy/Build/Products/Debug-iphoneos/Wishie.app/Frameworks
/Applications/Xcode.app/Contents/Developer/Toolchains/XcodeDefault.xctoolchain/usr/bin/bitcode_strip /Users/khanghnguyen/Library/Developer/Xcode/DerivedData/Wishie-gavmeupfwiyxzhaiqkwzocyeeixy/SourcePackages/checkouts/dotlottie-ios/Sources/DotLottieCore/DotLottiePlayer.xcframework/ios-arm64/DotLottiePlayer.framework/DotLottiePlayer -r -o /Users/khanghnguyen/Library/Developer/Xcode/DerivedData/Wishie-gavmeupfwiyxzhaiqkwzocyeeixy/Build/Products/Debug-iphoneos/Wishie.app/Frameworks/DotLottiePlayer.framework/DotLottiePlayer

Copy /Users/khanghnguyen/Library/Developer/Xcode/DerivedData/Wishie-gavmeupfwiyxzhaiqkwzocyeeixy/Build/Products/Debug-iphoneos/Wishie.app/Firebase_FirebaseFirestore.bundle /Users/khanghnguyen/Library/Developer/Xcode/DerivedData/Wishie-gavmeupfwiyxzhaiqkwzocyeeixy/Build/Products/Debug-iphoneos/Firebase_FirebaseFirestore.bundle (in target 'Wishie' from project 'Wishie')
    cd /Users/khanghnguyen/Downloads/Wishie
    builtin-copy -exclude .DS_Store -exclude CVS -exclude .svn -exclude .git -exclude .hg -resolve-src-symlinks /Users/khanghnguyen/Library/Developer/Xcode/DerivedData/Wishie-gavmeupfwiyxzhaiqkwzocyeeixy/Build/Products/Debug-iphoneos/Firebase_FirebaseFirestore.bundle /Users/khanghnguyen/Library/Developer/Xcode/DerivedData/Wishie-gavmeupfwiyxzhaiqkwzocyeeixy/Build/Products/Debug-iphoneos/Wishie.app

Copy /Users/khanghnguyen/Library/Developer/Xcode/DerivedData/Wishie-gavmeupfwiyxzhaiqkwzocyeeixy/Build/Products/Debug-iphoneos/Wishie.app/Firebase_FirebaseCoreInternal.bundle /Users/khanghnguyen/Library/Developer/Xcode/DerivedData/Wishie-gavmeupfwiyxzhaiqkwzocyeeixy/Build/Products/Debug-iphoneos/Firebase_FirebaseCoreInternal.bundle (in target 'Wishie' from project 'Wishie')
    cd /Users/khanghnguyen/Downloads/Wishie
    builtin-copy -exclude .DS_Store -exclude CVS -exclude .svn -exclude .git -exclude .hg -resolve-src-symlinks /Users/khanghnguyen/Library/Developer/Xcode/DerivedData/Wishie-gavmeupfwiyxzhaiqkwzocyeeixy/Build/Products/Debug-iphoneos/Firebase_FirebaseCoreInternal.bundle /Users/khanghnguyen/Library/Developer/Xcode/DerivedData/Wishie-gavmeupfwiyxzhaiqkwzocyeeixy/Build/Products/Debug-iphoneos/Wishie.app

Copy /Users/khanghnguyen/Library/Developer/Xcode/DerivedData/Wishie-gavmeupfwiyxzhaiqkwzocyeeixy/Build/Products/Debug-iphoneos/Wishie.app/Firebase_FirebaseCoreExtension.bundle /Users/khanghnguyen/Library/Developer/Xcode/DerivedData/Wishie-gavmeupfwiyxzhaiqkwzocyeeixy/Build/Products/Debug-iphoneos/Firebase_FirebaseCoreExtension.bundle (in target 'Wishie' from project 'Wishie')
    cd /Users/khanghnguyen/Downloads/Wishie
    builtin-copy -exclude .DS_Store -exclude CVS -exclude .svn -exclude .git -exclude .hg -resolve-src-symlinks /Users/khanghnguyen/Library/Developer/Xcode/DerivedData/Wishie-gavmeupfwiyxzhaiqkwzocyeeixy/Build/Products/Debug-iphoneos/Firebase_FirebaseCoreExtension.bundle /Users/khanghnguyen/Library/Developer/Xcode/DerivedData/Wishie-gavmeupfwiyxzhaiqkwzocyeeixy/Build/Products/Debug-iphoneos/Wishie.app

Copy /Users/khanghnguyen/Library/Developer/Xcode/DerivedData/Wishie-gavmeupfwiyxzhaiqkwzocyeeixy/Build/Products/Debug-iphoneos/Wishie.app/Firebase_FirebaseCore.bundle /Users/khanghnguyen/Library/Developer/Xcode/DerivedData/Wishie-gavmeupfwiyxzhaiqkwzocyeeixy/Build/Products/Debug-iphoneos/Firebase_FirebaseCore.bundle (in target 'Wishie' from project 'Wishie')
    cd /Users/khanghnguyen/Downloads/Wishie
    builtin-copy -exclude .DS_Store -exclude CVS -exclude .svn -exclude .git -exclude .hg -resolve-src-symlinks /Users/khanghnguyen/Library/Developer/Xcode/DerivedData/Wishie-gavmeupfwiyxzhaiqkwzocyeeixy/Build/Products/Debug-iphoneos/Firebase_FirebaseCore.bundle /Users/khanghnguyen/Library/Developer/Xcode/DerivedData/Wishie-gavmeupfwiyxzhaiqkwzocyeeixy/Build/Products/Debug-iphoneos/Wishie.app

Copy /Users/khanghnguyen/Library/Developer/Xcode/DerivedData/Wishie-gavmeupfwiyxzhaiqkwzocyeeixy/Build/Products/Debug-iphoneos/Wishie.app/Firebase_FirebaseAuth.bundle /Users/khanghnguyen/Library/Developer/Xcode/DerivedData/Wishie-gavmeupfwiyxzhaiqkwzocyeeixy/Build/Products/Debug-iphoneos/Firebase_FirebaseAuth.bundle (in target 'Wishie' from project 'Wishie')
    cd /Users/khanghnguyen/Downloads/Wishie
    builtin-copy -exclude .DS_Store -exclude CVS -exclude .svn -exclude .git -exclude .hg -resolve-src-symlinks /Users/khanghnguyen/Library/Developer/Xcode/DerivedData/Wishie-gavmeupfwiyxzhaiqkwzocyeeixy/Build/Products/Debug-iphoneos/Firebase_FirebaseAuth.bundle /Users/khanghnguyen/Library/Developer/Xcode/DerivedData/Wishie-gavmeupfwiyxzhaiqkwzocyeeixy/Build/Products/Debug-iphoneos/Wishie.app

CodeSign /Users/khanghnguyen/Library/Developer/Xcode/DerivedData/Wishie-gavmeupfwiyxzhaiqkwzocyeeixy/Build/Products/Debug-iphoneos/Wishie.app/Frameworks/openssl_grpc.framework (in target 'Wishie' from project 'Wishie')
    cd /Users/khanghnguyen/Downloads/Wishie
    
    Signing Identity:     "Apple Development: khanghnguyen@kms-technology.com (4H33D582FL)"
    Provisioning Profile: "iOS Team Provisioning Profile: com.khangnguyen.Wishie"
                          (9de21d7a-f28e-4319-9732-bb8b975132cf)
    
    /usr/bin/codesign --force --sign 5415C92FF14013FBDA02E52191380843C0CB6BE3 -o runtime --timestamp\=none --preserve-metadata\=identifier,entitlements,flags --generate-entitlement-der /Users/khanghnguyen/Library/Developer/Xcode/DerivedData/Wishie-gavmeupfwiyxzhaiqkwzocyeeixy/Build/Products/Debug-iphoneos/Wishie.app/Frameworks/openssl_grpc.framework
/Users/khanghnguyen/Library/Developer/Xcode/DerivedData/Wishie-gavmeupfwiyxzhaiqkwzocyeeixy/Build/Products/Debug-iphoneos/Wishie.app/Frameworks/openssl_grpc.framework: replacing existing signature

CodeSign /Users/khanghnguyen/Library/Developer/Xcode/DerivedData/Wishie-gavmeupfwiyxzhaiqkwzocyeeixy/Build/Products/Debug-iphoneos/Wishie.app/Frameworks/grpcpp.framework (in target 'Wishie' from project 'Wishie')
    cd /Users/khanghnguyen/Downloads/Wishie
    
    Signing Identity:     "Apple Development: khanghnguyen@kms-technology.com (4H33D582FL)"
    Provisioning Profile: "iOS Team Provisioning Profile: com.khangnguyen.Wishie"
                          (9de21d7a-f28e-4319-9732-bb8b975132cf)
    
    /usr/bin/codesign --force --sign 5415C92FF14013FBDA02E52191380843C0CB6BE3 -o runtime --timestamp\=none --preserve-metadata\=identifier,entitlements,flags --generate-entitlement-der /Users/khanghnguyen/Library/Developer/Xcode/DerivedData/Wishie-gavmeupfwiyxzhaiqkwzocyeeixy/Build/Products/Debug-iphoneos/Wishie.app/Frameworks/grpcpp.framework
/Users/khanghnguyen/Library/Developer/Xcode/DerivedData/Wishie-gavmeupfwiyxzhaiqkwzocyeeixy/Build/Products/Debug-iphoneos/Wishie.app/Frameworks/grpcpp.framework: replacing existing signature

CodeSign /Users/khanghnguyen/Library/Developer/Xcode/DerivedData/Wishie-gavmeupfwiyxzhaiqkwzocyeeixy/Build/Products/Debug-iphoneos/Wishie.app/Frameworks/grpc.framework (in target 'Wishie' from project 'Wishie')
    cd /Users/khanghnguyen/Downloads/Wishie
    
    Signing Identity:     "Apple Development: khanghnguyen@kms-technology.com (4H33D582FL)"
    Provisioning Profile: "iOS Team Provisioning Profile: com.khangnguyen.Wishie"
                          (9de21d7a-f28e-4319-9732-bb8b975132cf)
    
    /usr/bin/codesign --force --sign 5415C92FF14013FBDA02E52191380843C0CB6BE3 -o runtime --timestamp\=none --preserve-metadata\=identifier,entitlements,flags --generate-entitlement-der /Users/khanghnguyen/Library/Developer/Xcode/DerivedData/Wishie-gavmeupfwiyxzhaiqkwzocyeeixy/Build/Products/Debug-iphoneos/Wishie.app/Frameworks/grpc.framework
/Users/khanghnguyen/Library/Developer/Xcode/DerivedData/Wishie-gavmeupfwiyxzhaiqkwzocyeeixy/Build/Products/Debug-iphoneos/Wishie.app/Frameworks/grpc.framework: replacing existing signature

CodeSign /Users/khanghnguyen/Library/Developer/Xcode/DerivedData/Wishie-gavmeupfwiyxzhaiqkwzocyeeixy/Build/Products/Debug-iphoneos/Wishie.app/Frameworks/absl.framework (in target 'Wishie' from project 'Wishie')
    cd /Users/khanghnguyen/Downloads/Wishie
    
    Signing Identity:     "Apple Development: khanghnguyen@kms-technology.com (4H33D582FL)"
    Provisioning Profile: "iOS Team Provisioning Profile: com.khangnguyen.Wishie"
                          (9de21d7a-f28e-4319-9732-bb8b975132cf)
    
    /usr/bin/codesign --force --sign 5415C92FF14013FBDA02E52191380843C0CB6BE3 -o runtime --timestamp\=none --preserve-metadata\=identifier,entitlements,flags --generate-entitlement-der /Users/khanghnguyen/Library/Developer/Xcode/DerivedData/Wishie-gavmeupfwiyxzhaiqkwzocyeeixy/Build/Products/Debug-iphoneos/Wishie.app/Frameworks/absl.framework
/Users/khanghnguyen/Library/Developer/Xcode/DerivedData/Wishie-gavmeupfwiyxzhaiqkwzocyeeixy/Build/Products/Debug-iphoneos/Wishie.app/Frameworks/absl.framework: replacing existing signature

CodeSign /Users/khanghnguyen/Library/Developer/Xcode/DerivedData/Wishie-gavmeupfwiyxzhaiqkwzocyeeixy/Build/Products/Debug-iphoneos/Wishie.app/Frameworks/FirebaseFirestoreInternal.framework (in target 'Wishie' from project 'Wishie')
    cd /Users/khanghnguyen/Downloads/Wishie
    
    Signing Identity:     "Apple Development: khanghnguyen@kms-technology.com (4H33D582FL)"
    Provisioning Profile: "iOS Team Provisioning Profile: com.khangnguyen.Wishie"
                          (9de21d7a-f28e-4319-9732-bb8b975132cf)
    
    /usr/bin/codesign --force --sign 5415C92FF14013FBDA02E52191380843C0CB6BE3 -o runtime --timestamp\=none --preserve-metadata\=identifier,entitlements,flags --generate-entitlement-der /Users/khanghnguyen/Library/Developer/Xcode/DerivedData/Wishie-gavmeupfwiyxzhaiqkwzocyeeixy/Build/Products/Debug-iphoneos/Wishie.app/Frameworks/FirebaseFirestoreInternal.framework
/Users/khanghnguyen/Library/Developer/Xcode/DerivedData/Wishie-gavmeupfwiyxzhaiqkwzocyeeixy/Build/Products/Debug-iphoneos/Wishie.app/Frameworks/FirebaseFirestoreInternal.framework: replacing existing signature

CodeSign /Users/khanghnguyen/Library/Developer/Xcode/DerivedData/Wishie-gavmeupfwiyxzhaiqkwzocyeeixy/Build/Products/Debug-iphoneos/Wishie.app/Frameworks/DotLottiePlayer.framework (in target 'Wishie' from project 'Wishie')
    cd /Users/khanghnguyen/Downloads/Wishie
    
    Signing Identity:     "Apple Development: khanghnguyen@kms-technology.com (4H33D582FL)"
    Provisioning Profile: "iOS Team Provisioning Profile: com.khangnguyen.Wishie"
                          (9de21d7a-f28e-4319-9732-bb8b975132cf)
    
    /usr/bin/codesign --force --sign 5415C92FF14013FBDA02E52191380843C0CB6BE3 -o runtime --timestamp\=none --preserve-metadata\=identifier,entitlements,flags --generate-entitlement-der /Users/khanghnguyen/Library/Developer/Xcode/DerivedData/Wishie-gavmeupfwiyxzhaiqkwzocyeeixy/Build/Products/Debug-iphoneos/Wishie.app/Frameworks/DotLottiePlayer.framework

SwiftDriverJobDiscovery normal arm64 Compiling WishieConstants.swift, RootNavigationCoordinator.swift, DateInputView.swift, DialogView.swift, GiftProgressView.swift, ImagePickerBox.swift, WishieButton.swift, ColorExtension.swift (in target 'Wishie' from project 'Wishie')

SwiftDriverJobDiscovery normal arm64 Compiling LoginView.swift, PasswordSignUpView.swift, SignUpView.swift, CreateWishlistPage1.swift, CreateWishlistPage2.swift, CreateWishlistPage3.swift, CreateWishListScreen.swift, CreateWishlistSuccessScreen.swift (in target 'Wishie' from project 'Wishie')

SwiftDriverJobDiscovery normal arm64 Compiling ScanQRScreenViewModel.swift, WishlistQRCodeView.swift, BaseWishieScreen.swift, MainView.swift, OnboardingContainerView.swift, RootNavigationAnimations.swift, WelcomeView.swift, AuthenticateService.swift (in target 'Wishie' from project 'Wishie')

SwiftDriverJobDiscovery normal arm64 Compiling CreateWishlistViewModel.swift, StickyHeaderView.swift, WishlistDetailScreen.swift, WishlistDetailViewController.swift, HomeItemViewCell.swift, HomeView.swift, HomeViewModel.swift, WishListInformationView.swift (in target 'Wishie' from project 'Wishie')

SwiftDriver\ Compilation Wishie normal arm64 com.apple.xcode.tools.swift.compiler (in target 'Wishie' from project 'Wishie')
    cd /Users/khanghnguyen/Downloads/Wishie
    builtin-Swift-Compilation -- /Applications/Xcode.app/Contents/Developer/Toolchains/XcodeDefault.xctoolchain/usr/bin/swiftc -module-name Wishie -Onone -enforce-exclusivity\=checked @/Users/khanghnguyen/Library/Developer/Xcode/DerivedData/Wishie-gavmeupfwiyxzhaiqkwzocyeeixy/Build/Intermediates.noindex/Wishie.build/Debug-iphoneos/Wishie.build/Objects-normal/arm64/Wishie.SwiftFileList -DDEBUG -Xcc -fmodule-map-file\=/Users/khanghnguyen/Library/Developer/Xcode/DerivedData/Wishie-gavmeupfwiyxzhaiqkwzocyeeixy/Build/Intermediates.noindex/GeneratedModuleMaps-iphoneos/RecaptchaInterop.modulemap -Xcc -fmodule-map-file\=/Users/khanghnguyen/Library/Developer/Xcode/DerivedData/Wishie-gavmeupfwiyxzhaiqkwzocyeeixy/Build/Intermediates.noindex/GeneratedModuleMaps-iphoneos/GoogleUtilities-Network.modulemap -Xcc -fmodule-map-file\=/Users/khanghnguyen/Library/Developer/Xcode/DerivedData/Wishie-gavmeupfwiyxzhaiqkwzocyeeixy/Build/Intermediates.noindex/GeneratedModuleMaps-iphoneos/GoogleUtilities-Reachability.modulemap -Xcc -fmodule-map-file\=/Users/khanghnguyen/Library/Developer/Xcode/DerivedData/Wishie-gavmeupfwiyxzhaiqkwzocyeeixy/Build/Intermediates.noindex/GeneratedModuleMaps-iphoneos/GoogleUtilities-AppDelegateSwizzler.modulemap -Xcc -fmodule-map-file\=/Users/khanghnguyen/Library/Developer/Xcode/DerivedData/Wishie-gavmeupfwiyxzhaiqkwzocyeeixy/Build/Intermediates.noindex/GeneratedModuleMaps-iphoneos/GTMSessionFetcherCore.modulemap -Xcc -fmodule-map-file\=/Users/khanghnguyen/Library/Developer/Xcode/DerivedData/Wishie-gavmeupfwiyxzhaiqkwzocyeeixy/Build/Intermediates.noindex/GeneratedModuleMaps-iphoneos/FirebaseAuthInternal.modulemap -Xcc -fmodule-map-file\=/Users/khanghnguyen/Library/Developer/Xcode/DerivedData/Wishie-gavmeupfwiyxzhaiqkwzocyeeixy/Build/Intermediates.noindex/GeneratedModuleMaps-iphoneos/FirebaseAuthInterop.modulemap -Xcc -fmodule-map-file\=/Users/khanghnguyen/Library/Developer/Xcode/DerivedData/Wishie-gavmeupfwiyxzhaiqkwzocyeeixy/Build/Intermediates.noindex/GeneratedModuleMaps-iphoneos/SDWebImage.modulemap -Xcc -fmodule-map-file\=/Users/khanghnguyen/Library/Developer/Xcode/DerivedData/Wishie-gavmeupfwiyxzhaiqkwzocyeeixy/Build/Intermediates.noindex/GeneratedModuleMaps-iphoneos/GoogleUtilities-NSData.modulemap -Xcc -fmodule-map-file\=/Users/khanghnguyen/Library/Developer/Xcode/DerivedData/Wishie-gavmeupfwiyxzhaiqkwzocyeeixy/Build/Intermediates.noindex/GeneratedModuleMaps-iphoneos/GoogleUtilities-Environment.modulemap -Xcc -fmodule-map-file\=/Users/khanghnguyen/Library/Developer/Xcode/DerivedData/Wishie-gavmeupfwiyxzhaiqkwzocyeeixy/Build/Intermediates.noindex/GeneratedModuleMaps-iphoneos/third-party-IsAppEncrypted.modulemap -Xcc -fmodule-map-file\=/Users/khanghnguyen/Library/Developer/Xcode/DerivedData/Wishie-gavmeupfwiyxzhaiqkwzocyeeixy/Build/Intermediates.noindex/GeneratedModuleMaps-iphoneos/GoogleUtilities-Logger.modulemap -Xcc -fmodule-map-file\=/Users/khanghnguyen/Library/Developer/Xcode/DerivedData/Wishie-gavmeupfwiyxzhaiqkwzocyeeixy/Build/Intermediates.noindex/GeneratedModuleMaps-iphoneos/abslWrapper.modulemap -Xcc -fmodule-map-file\=/Users/khanghnguyen/Library/Developer/Xcode/DerivedData/Wishie-gavmeupfwiyxzhaiqkwzocyeeixy/Build/Intermediates.noindex/GeneratedModuleMaps-iphoneos/opensslWrapper.modulemap -Xcc -fmodule-map-file\=/Users/khanghnguyen/Library/Developer/Xcode/DerivedData/Wishie-gavmeupfwiyxzhaiqkwzocyeeixy/Build/Intermediates.noindex/GeneratedModuleMaps-iphoneos/grpcWrapper.modulemap -Xcc -fmodule-map-file\=/Users/khanghnguyen/Library/Developer/Xcode/DerivedData/Wishie-gavmeupfwiyxzhaiqkwzocyeeixy/Build/Intermediates.noindex/GeneratedModuleMaps-iphoneos/grpcppWrapper.modulemap -Xcc -fmodule-map-file\=/Users/khanghnguyen/Library/Developer/Xcode/DerivedData/Wishie-gavmeupfwiyxzhaiqkwzocyeeixy/Build/Intermediates.noindex/GeneratedModuleMaps-iphoneos/nanopb.modulemap -Xcc -fmodule-map-file\=/Users/khanghnguyen/Library/Developer/Xcode/DerivedData/Wishie-gavmeupfwiyxzhaiqkwzocyeeixy/Build/Intermediates.noindex/GeneratedModuleMaps-iphoneos/leveldb.modulemap -Xcc -fmodule-map-file\=/Users/khanghnguyen/Library/Developer/Xcode/DerivedData/Wishie-gavmeupfwiyxzhaiqkwzocyeeixy/Build/Intermediates.noindex/GeneratedModuleMaps-iphoneos/FirebaseCoreExtension.modulemap -Xcc -fmodule-map-file\=/Users/khanghnguyen/Library/Developer/Xcode/DerivedData/Wishie-gavmeupfwiyxzhaiqkwzocyeeixy/Build/Intermediates.noindex/GeneratedModuleMaps-iphoneos/FirebaseCore.modulemap -Xcc -fmodule-map-file\=/Users/khanghnguyen/Library/Developer/Xcode/DerivedData/Wishie-gavmeupfwiyxzhaiqkwzocyeeixy/Build/Intermediates.noindex/GeneratedModuleMaps-iphoneos/FirebaseAppCheckInterop.modulemap -Xcc -fmodule-map-file\=/Users/khanghnguyen/Library/Developer/Xcode/DerivedData/Wishie-gavmeupfwiyxzhaiqkwzocyeeixy/Build/Intermediates.noindex/GeneratedModuleMaps-iphoneos/FirebaseFirestoreInternalWrapper.modulemap -Xcc -fmodule-map-file\=/Users/khanghnguyen/Library/Developer/Xcode/DerivedData/Wishie-gavmeupfwiyxzhaiqkwzocyeeixy/Build/Intermediates.noindex/GeneratedModuleMaps-iphoneos/FirebaseFirestoreTarget.modulemap -enable-bare-slash-regex -enable-experimental-feature DebugDescriptionMacro -sdk /Applications/Xcode.app/Contents/Developer/Platforms/iPhoneOS.platform/Developer/SDKs/iPhoneOS26.2.sdk -target arm64-apple-ios18.5 -g -module-cache-path /Users/khanghnguyen/Library/Developer/Xcode/DerivedData/ModuleCache.noindex -Xfrontend -serialize-debugging-options -profile-coverage-mapping -profile-generate -enable-testing -index-store-path /Users/khanghnguyen/Library/Developer/Xcode/DerivedData/Wishie-gavmeupfwiyxzhaiqkwzocyeeixy/Index.noindex/DataStore -Xcc -D_LIBCPP_HARDENING_MODE\=_LIBCPP_HARDENING_MODE_DEBUG -swift-version 5 -I /Users/khanghnguyen/Library/Developer/Xcode/DerivedData/Wishie-gavmeupfwiyxzhaiqkwzocyeeixy/Build/Products/Debug-iphoneos -F /Users/khanghnguyen/Library/Developer/Xcode/DerivedData/Wishie-gavmeupfwiyxzhaiqkwzocyeeixy/Build/Products/Debug-iphoneos/PackageFrameworks -F /Users/khanghnguyen/Library/Developer/Xcode/DerivedData/Wishie-gavmeupfwiyxzhaiqkwzocyeeixy/Build/Products/Debug-iphoneos/PackageFrameworks -F /Users/khanghnguyen/Library/Developer/Xcode/DerivedData/Wishie-gavmeupfwiyxzhaiqkwzocyeeixy/Build/Products/Debug-iphoneos/PackageFrameworks -F /Users/khanghnguyen/Library/Developer/Xcode/DerivedData/Wishie-gavmeupfwiyxzhaiqkwzocyeeixy/Build/Products/Debug-iphoneos/PackageFrameworks -F /Users/khanghnguyen/Library/Developer/Xcode/DerivedData/Wishie-gavmeupfwiyxzhaiqkwzocyeeixy/Build/Products/Debug-iphoneos/PackageFrameworks -F /Users/khanghnguyen/Library/Developer/Xcode/DerivedData/Wishie-gavmeupfwiyxzhaiqkwzocyeeixy/Build/Products/Debug-iphoneos/PackageFrameworks -F /Users/khanghnguyen/Library/Developer/Xcode/DerivedData/Wishie-gavmeupfwiyxzhaiqkwzocyeeixy/Build/Products/Debug-iphoneos/PackageFrameworks -F /Users/khanghnguyen/Library/Developer/Xcode/DerivedData/Wishie-gavmeupfwiyxzhaiqkwzocyeeixy/Build/Products/Debug-iphoneos/PackageFrameworks -F /Users/khanghnguyen/Library/Developer/Xcode/DerivedData/Wishie-gavmeupfwiyxzhaiqkwzocyeeixy/Build/Products/Debug-iphoneos/PackageFrameworks -F /Users/khanghnguyen/Library/Developer/Xcode/DerivedData/Wishie-gavmeupfwiyxzhaiqkwzocyeeixy/Build/Products/Debug-iphoneos/PackageFrameworks -F /Users/khanghnguyen/Library/Developer/Xcode/DerivedData/Wishie-gavmeupfwiyxzhaiqkwzocyeeixy/Build/Products/Debug-iphoneos/PackageFrameworks -F /Users/khanghnguyen/Library/Developer/Xcode/DerivedData/Wishie-gavmeupfwiyxzhaiqkwzocyeeixy/Build/Products/Debug-iphoneos/PackageFrameworks -F /Users/khanghnguyen/Library/Developer/Xcode/DerivedData/Wishie-gavmeupfwiyxzhaiqkwzocyeeixy/Build/Products/Debug-iphoneos/PackageFrameworks -F /Users/khanghnguyen/Library/Developer/Xcode/DerivedData/Wishie-gavmeupfwiyxzhaiqkwzocyeeixy/Build/Products/Debug-iphoneos/PackageFrameworks -F /Users/khanghnguyen/Library/Developer/Xcode/DerivedData/Wishie-gavmeupfwiyxzhaiqkwzocyeeixy/Build/Products/Debug-iphoneos/PackageFrameworks -F /Users/khanghnguyen/Library/Developer/Xcode/DerivedData/Wishie-gavmeupfwiyxzhaiqkwzocyeeixy/Build/Products/Debug-iphoneos/PackageFrameworks -F /Users/khanghnguyen/Library/Developer/Xcode/DerivedData/Wishie-gavmeupfwiyxzhaiqkwzocyeeixy/Build/Products/Debug-iphoneos/PackageFrameworks -F /Users/khanghnguyen/Library/Developer/Xcode/DerivedData/Wishie-gavmeupfwiyxzhaiqkwzocyeeixy/Build/Products/Debug-iphoneos/PackageFrameworks -F /Users/khanghnguyen/Library/Developer/Xcode/DerivedData/Wishie-gavmeupfwiyxzhaiqkwzocyeeixy/Build/Products/Debug-iphoneos/PackageFrameworks -F /Users/khanghnguyen/Library/Developer/Xcode/DerivedData/Wishie-gavmeupfwiyxzhaiqkwzocyeeixy/Build/Products/Debug-iphoneos/PackageFrameworks -F /Users/khanghnguyen/Library/Developer/Xcode/DerivedData/Wishie-gavmeupfwiyxzhaiqkwzocyeeixy/Build/Products/Debug-iphoneos/PackageFrameworks -F /Users/khanghnguyen/Library/Developer/Xcode/DerivedData/Wishie-gavmeupfwiyxzhaiqkwzocyeeixy/Build/Products/Debug-iphoneos/PackageFrameworks -F /Users/khanghnguyen/Library/Developer/Xcode/DerivedData/Wishie-gavmeupfwiyxzhaiqkwzocyeeixy/Build/Products/Debug-iphoneos/PackageFrameworks -F /Users/khanghnguyen/Library/Developer/Xcode/DerivedData/Wishie-gavmeupfwiyxzhaiqkwzocyeeixy/Build/Products/Debug-iphoneos/PackageFrameworks -F /Users/khanghnguyen/Library/Developer/Xcode/DerivedData/Wishie-gavmeupfwiyxzhaiqkwzocyeeixy/Build/Products/Debug-iphoneos/PackageFrameworks -F /Users/khanghnguyen/Library/Developer/Xcode/DerivedData/Wishie-gavmeupfwiyxzhaiqkwzocyeeixy/Build/Products/Debug-iphoneos/PackageFrameworks -F /Users/khanghnguyen/Library/Developer/Xcode/DerivedData/Wishie-gavmeupfwiyxzhaiqkwzocyeeixy/Build/Products/Debug-iphoneos/PackageFrameworks -F /Users/khanghnguyen/Library/Developer/Xcode/DerivedData/Wishie-gavmeupfwiyxzhaiqkwzocyeeixy/Build/Products/Debug-iphoneos/PackageFrameworks -F /Users/khanghnguyen/Library/Developer/Xcode/DerivedData/Wishie-gavmeupfwiyxzhaiqkwzocyeeixy/Build/Products/Debug-iphoneos/PackageFrameworks -F /Users/khanghnguyen/Library/Developer/Xcode/DerivedData/Wishie-gavmeupfwiyxzhaiqkwzocyeeixy/Build/Products/Debug-iphoneos/PackageFrameworks -F /Users/khanghnguyen/Library/Developer/Xcode/DerivedData/Wishie-gavmeupfwiyxzhaiqkwzocyeeixy/Build/Products/Debug-iphoneos/PackageFrameworks -F /Users/khanghnguyen/Library/Developer/Xcode/DerivedData/Wishie-gavmeupfwiyxzhaiqkwzocyeeixy/Build/Products/Debug-iphoneos/PackageFrameworks -F /Users/khanghnguyen/Library/Developer/Xcode/DerivedData/Wishie-gavmeupfwiyxzhaiqkwzocyeeixy/Build/Products/Debug-iphoneos/PackageFrameworks -F /Users/khanghnguyen/Library/Developer/Xcode/DerivedData/Wishie-gavmeupfwiyxzhaiqkwzocyeeixy/Build/Products/Debug-iphoneos/PackageFrameworks -F /Users/khanghnguyen/Library/Developer/Xcode/DerivedData/Wishie-gavmeupfwiyxzhaiqkwzocyeeixy/Build/Products/Debug-iphoneos/PackageFrameworks -F /Users/khanghnguyen/Library/Developer/Xcode/DerivedData/Wishie-gavmeupfwiyxzhaiqkwzocyeeixy/Build/Products/Debug-iphoneos/PackageFrameworks -F /Users/khanghnguyen/Library/Developer/Xcode/DerivedData/Wishie-gavmeupfwiyxzhaiqkwzocyeeixy/Build/Products/Debug-iphoneos/PackageFrameworks -F /Users/khanghnguyen/Library/Developer/Xcode/DerivedData/Wishie-gavmeupfwiyxzhaiqkwzocyeeixy/Build/Products/Debug-iphoneos/PackageFrameworks -F /Users/khanghnguyen/Library/Developer/Xcode/DerivedData/Wishie-gavmeupfwiyxzhaiqkwzocyeeixy/Build/Products/Debug-iphoneos/PackageFrameworks -F /Users/khanghnguyen/Library/Developer/Xcode/DerivedData/Wishie-gavmeupfwiyxzhaiqkwzocyeeixy/Build/Products/Debug-iphoneos/PackageFrameworks -F /Users/khanghnguyen/Library/Developer/Xcode/DerivedData/Wishie-gavmeupfwiyxzhaiqkwzocyeeixy/Build/Products/Debug-iphoneos/PackageFrameworks -F /Users/khanghnguyen/Library/Developer/Xcode/DerivedData/Wishie-gavmeupfwiyxzhaiqkwzocyeeixy/Build/Products/Debug-iphoneos/PackageFrameworks -F /Users/khanghnguyen/Library/Developer/Xcode/DerivedData/Wishie-gavmeupfwiyxzhaiqkwzocyeeixy/Build/Products/Debug-iphoneos/PackageFrameworks -F /Users/khanghnguyen/Library/Developer/Xcode/DerivedData/Wishie-gavmeupfwiyxzhaiqkwzocyeeixy/Build/Products/Debug-iphoneos/PackageFrameworks -F /Users/khanghnguyen/Library/Developer/Xcode/DerivedData/Wishie-gavmeupfwiyxzhaiqkwzocyeeixy/Build/Products/Debug-iphoneos -emit-localized-strings -emit-localized-strings-path /Users/khanghnguyen/Library/Developer/Xcode/DerivedData/Wishie-gavmeupfwiyxzhaiqkwzocyeeixy/Build/Intermediates.noindex/Wishie.build/Debug-iphoneos/Wishie.build/Objects-normal/arm64 -c -j8 -enable-batch-mode -incremental -Xcc -ivfsstatcache -Xcc /Users/khanghnguyen/Library/Developer/Xcode/DerivedData/SDKStatCaches.noindex/iphoneos26.2-23C57-3794476bd08197c3e2abd9bb477ef7f7.sdkstatcache -output-file-map /Users/khanghnguyen/Library/Developer/Xcode/DerivedData/Wishie-gavmeupfwiyxzhaiqkwzocyeeixy/Build/Intermediates.noindex/Wishie.build/Debug-iphoneos/Wishie.build/Objects-normal/arm64/Wishie-OutputFileMap.json -use-frontend-parseable-output -save-temps -no-color-diagnostics -explicit-module-build -module-cache-path /Users/khanghnguyen/Library/Developer/Xcode/DerivedData/Wishie-gavmeupfwiyxzhaiqkwzocyeeixy/Build/Intermediates.noindex/SwiftExplicitPrecompiledModules -clang-scanner-module-cache-path /Users/khanghnguyen/Library/Developer/Xcode/DerivedData/ModuleCache.noindex -sdk-module-cache-path /Users/khanghnguyen/Library/Developer/Xcode/DerivedData/ModuleCache.noindex -serialize-diagnostics -emit-dependencies -emit-module -emit-module-path /Users/khanghnguyen/Library/Developer/Xcode/DerivedData/Wishie-gavmeupfwiyxzhaiqkwzocyeeixy/Build/Intermediates.noindex/Wishie.build/Debug-iphoneos/Wishie.build/Objects-normal/arm64/Wishie.swiftmodule -validate-clang-modules-once -clang-build-session-file /Users/khanghnguyen/Library/Developer/Xcode/DerivedData/ModuleCache.noindex/Session.modulevalidation -Xcc -I/Users/khanghnguyen/Library/Developer/Xcode/DerivedData/Wishie-gavmeupfwiyxzhaiqkwzocyeeixy/Build/Intermediates.noindex/Wishie.build/Debug-iphoneos/Wishie.build/swift-overrides.hmap -emit-const-values -Xfrontend -const-gather-protocols-file -Xfrontend /Users/khanghnguyen/Library/Developer/Xcode/DerivedData/Wishie-gavmeupfwiyxzhaiqkwzocyeeixy/Build/Intermediates.noindex/Wishie.build/Debug-iphoneos/Wishie.build/Objects-normal/arm64/Wishie_const_extract_protocols.json -Xcc -iquote -Xcc /Users/khanghnguyen/Library/Developer/Xcode/DerivedData/Wishie-gavmeupfwiyxzhaiqkwzocyeeixy/Build/Intermediates.noindex/Wishie.build/Debug-iphoneos/Wishie.build/Wishie-generated-files.hmap -Xcc -I/Users/khanghnguyen/Library/Developer/Xcode/DerivedData/Wishie-gavmeupfwiyxzhaiqkwzocyeeixy/Build/Intermediates.noindex/Wishie.build/Debug-iphoneos/Wishie.build/Wishie-own-target-headers.hmap -Xcc -I/Users/khanghnguyen/Library/Developer/Xcode/DerivedData/Wishie-gavmeupfwiyxzhaiqkwzocyeeixy/Build/Intermediates.noindex/Wishie.build/Debug-iphoneos/Wishie.build/Wishie-all-non-framework-target-headers.hmap -Xcc -ivfsoverlay -Xcc /Users/khanghnguyen/Library/Developer/Xcode/DerivedData/Wishie-gavmeupfwiyxzhaiqkwzocyeeixy/Build/Intermediates.noindex/Wishie.build/Debug-iphoneos/Wishie-1884723903d2fb4d89cb62bedc0c9385-VFS-iphoneos/all-product-headers.yaml -Xcc -iquote -Xcc /Users/khanghnguyen/Library/Developer/Xcode/DerivedData/Wishie-gavmeupfwiyxzhaiqkwzocyeeixy/Build/Intermediates.noindex/Wishie.build/Debug-iphoneos/Wishie.build/Wishie-project-headers.hmap -Xcc -I/Users/khanghnguyen/Library/Developer/Xcode/DerivedData/Wishie-gavmeupfwiyxzhaiqkwzocyeeixy/SourcePackages/checkouts/interop-ios-for-google-sdks/RecaptchaEnterprise/RecaptchaInterop/Public -Xcc -I/Users/khanghnguyen/Library/Developer/Xcode/DerivedData/Wishie-gavmeupfwiyxzhaiqkwzocyeeixy/SourcePackages/checkouts/GoogleUtilities/GoogleUtilities/Network/Public -Xcc -I/Users/khanghnguyen/Library/Developer/Xcode/DerivedData/Wishie-gavmeupfwiyxzhaiqkwzocyeeixy/SourcePackages/checkouts/GoogleUtilities/GoogleUtilities/Reachability/Public -Xcc -I/Users/khanghnguyen/Library/Developer/Xcode/DerivedData/Wishie-gavmeupfwiyxzhaiqkwzocyeeixy/SourcePackages/checkouts/GoogleUtilities/GoogleUtilities/AppDelegateSwizzler/Public -Xcc -I/Users/khanghnguyen/Library/Developer/Xcode/DerivedData/Wishie-gavmeupfwiyxzhaiqkwzocyeeixy/SourcePackages/checkouts/gtm-session-fetcher/Sources/Core/Public -Xcc -I/Users/khanghnguyen/Library/Developer/Xcode/DerivedData/Wishie-gavmeupfwiyxzhaiqkwzocyeeixy/SourcePackages/checkouts/firebase-ios-sdk/FirebaseAuth/Sources/Public -Xcc -I/Users/khanghnguyen/Library/Developer/Xcode/DerivedData/Wishie-gavmeupfwiyxzhaiqkwzocyeeixy/SourcePackages/checkouts/firebase-ios-sdk/FirebaseAuth/Interop/Public -Xcc -I/Users/khanghnguyen/Library/Developer/Xcode/DerivedData/Wishie-gavmeupfwiyxzhaiqkwzocyeeixy/SourcePackages/checkouts/SDWebImage/SDWebImage/include -Xcc -I/Users/khanghnguyen/Library/Developer/Xcode/DerivedData/Wishie-gavmeupfwiyxzhaiqkwzocyeeixy/SourcePackages/checkouts/GoogleUtilities/GoogleUtilities/NSData+zlib/Public -Xcc -I/Users/khanghnguyen/Library/Developer/Xcode/DerivedData/Wishie-gavmeupfwiyxzhaiqkwzocyeeixy/SourcePackages/checkouts/GoogleUtilities/GoogleUtilities/Environment/Public -Xcc -I/Users/khanghnguyen/Library/Developer/Xcode/DerivedData/Wishie-gavmeupfwiyxzhaiqkwzocyeeixy/SourcePackages/checkouts/GoogleUtilities/third_party/IsAppEncrypted/Public -Xcc -I/Users/khanghnguyen/Library/Developer/Xcode/DerivedData/Wishie-gavmeupfwiyxzhaiqkwzocyeeixy/SourcePackages/checkouts/GoogleUtilities/GoogleUtilities/Logger/Public -Xcc -I/Users/khanghnguyen/Library/Developer/Xcode/DerivedData/Wishie-gavmeupfwiyxzhaiqkwzocyeeixy/SourcePackages/checkouts/abseil-cpp-binary/absl-Wrapper/include -Xcc -I/Users/khanghnguyen/Library/Developer/Xcode/DerivedData/Wishie-gavmeupfwiyxzhaiqkwzocyeeixy/SourcePackages/checkouts/grpc-binary/openssl-grpc-Wrapper/include -Xcc -I/Users/khanghnguyen/Library/Developer/Xcode/DerivedData/Wishie-gavmeupfwiyxzhaiqkwzocyeeixy/SourcePackages/checkouts/grpc-binary/grpc-Wrapper/include -Xcc -I/Users/khanghnguyen/Library/Developer/Xcode/DerivedData/Wishie-gavmeupfwiyxzhaiqkwzocyeeixy/SourcePackages/checkouts/grpc-binary/grpcpp-Wrapper/include -Xcc -I/Users/khanghnguyen/Library/Developer/Xcode/DerivedData/Wishie-gavmeupfwiyxzhaiqkwzocyeeixy/SourcePackages/checkouts/nanopb/spm_headers -Xcc -I/Users/khanghnguyen/Library/Developer/Xcode/DerivedData/Wishie-gavmeupfwiyxzhaiqkwzocyeeixy/SourcePackages/checkouts/leveldb/include -Xcc -I/Users/khanghnguyen/Library/Developer/Xcode/DerivedData/Wishie-gavmeupfwiyxzhaiqkwzocyeeixy/SourcePackages/checkouts/firebase-ios-sdk/FirebaseCore/Extension -Xcc -I/Users/khanghnguyen/Library/Developer/Xcode/DerivedData/Wishie-gavmeupfwiyxzhaiqkwzocyeeixy/SourcePackages/checkouts/firebase-ios-sdk/FirebaseCore/Sources/Public -Xcc -I/Users/khanghnguyen/Library/Developer/Xcode/DerivedData/Wishie-gavmeupfwiyxzhaiqkwzocyeeixy/SourcePackages/checkouts/firebase-ios-sdk/CoreOnly/Sources -Xcc -I/Users/khanghnguyen/Library/Developer/Xcode/DerivedData/Wishie-gavmeupfwiyxzhaiqkwzocyeeixy/SourcePackages/checkouts/firebase-ios-sdk/FirebaseAppCheck/Interop/Public -Xcc -I/Users/khanghnguyen/Library/Developer/Xcode/DerivedData/Wishie-gavmeupfwiyxzhaiqkwzocyeeixy/SourcePackages/checkouts/firebase-ios-sdk/FirebaseFirestoreInternal -Xcc -I/Users/khanghnguyen/Library/Developer/Xcode/DerivedData/Wishie-gavmeupfwiyxzhaiqkwzocyeeixy/SourcePackages/checkouts/firebase-ios-sdk/SwiftPM-PlatformExclude/FirebaseFirestoreWrap/include -Xcc -I/Users/khanghnguyen/Library/Developer/Xcode/DerivedData/Wishie-gavmeupfwiyxzhaiqkwzocyeeixy/Build/Products/Debug-iphoneos/include -Xcc -I/Users/khanghnguyen/Library/Developer/Xcode/DerivedData/Wishie-gavmeupfwiyxzhaiqkwzocyeeixy/Build/Intermediates.noindex/Wishie.build/Debug-iphoneos/Wishie.build/DerivedSources-normal/arm64 -Xcc -I/Users/khanghnguyen/Library/Developer/Xcode/DerivedData/Wishie-gavmeupfwiyxzhaiqkwzocyeeixy/Build/Intermediates.noindex/Wishie.build/Debug-iphoneos/Wishie.build/DerivedSources/arm64 -Xcc -I/Users/khanghnguyen/Library/Developer/Xcode/DerivedData/Wishie-gavmeupfwiyxzhaiqkwzocyeeixy/Build/Intermediates.noindex/Wishie.build/Debug-iphoneos/Wishie.build/DerivedSources -Xcc -DDEBUG\=1 -emit-objc-header -emit-objc-header-path /Users/khanghnguyen/Library/Developer/Xcode/DerivedData/Wishie-gavmeupfwiyxzhaiqkwzocyeeixy/Build/Intermediates.noindex/Wishie.build/Debug-iphoneos/Wishie.build/Objects-normal/arm64/Wishie-Swift.h -working-directory /Users/khanghnguyen/Downloads/Wishie -experimental-emit-module-separately -disable-cmo

Ld /Users/khanghnguyen/Library/Developer/Xcode/DerivedData/Wishie-gavmeupfwiyxzhaiqkwzocyeeixy/Build/Products/Debug-iphoneos/Wishie.app/Wishie.debug.dylib normal (in target 'Wishie' from project 'Wishie')
    cd /Users/khanghnguyen/Downloads/Wishie
    /Applications/Xcode.app/Contents/Developer/Toolchains/XcodeDefault.xctoolchain/usr/bin/clang -Xlinker -reproducible -target arm64-apple-ios18.5 -dynamiclib -isysroot /Applications/Xcode.app/Contents/Developer/Platforms/iPhoneOS.platform/Developer/SDKs/iPhoneOS26.2.sdk -O0 -L/Users/khanghnguyen/Library/Developer/Xcode/DerivedData/Wishie-gavmeupfwiyxzhaiqkwzocyeeixy/Build/Intermediates.noindex/EagerLinkingTBDs/Debug-iphoneos -L/Users/khanghnguyen/Library/Developer/Xcode/DerivedData/Wishie-gavmeupfwiyxzhaiqkwzocyeeixy/Build/Products/Debug-iphoneos -F/Users/khanghnguyen/Library/Developer/Xcode/DerivedData/Wishie-gavmeupfwiyxzhaiqkwzocyeeixy/Build/Intermediates.noindex/EagerLinkingTBDs/Debug-iphoneos -F/Users/khanghnguyen/Library/Developer/Xcode/DerivedData/Wishie-gavmeupfwiyxzhaiqkwzocyeeixy/Build/Products/Debug-iphoneos/PackageFrameworks -F/Users/khanghnguyen/Library/Developer/Xcode/DerivedData/Wishie-gavmeupfwiyxzhaiqkwzocyeeixy/Build/Products/Debug-iphoneos/PackageFrameworks -F/Users/khanghnguyen/Library/Developer/Xcode/DerivedData/Wishie-gavmeupfwiyxzhaiqkwzocyeeixy/Build/Products/Debug-iphoneos/PackageFrameworks -F/Users/khanghnguyen/Library/Developer/Xcode/DerivedData/Wishie-gavmeupfwiyxzhaiqkwzocyeeixy/Build/Products/Debug-iphoneos/PackageFrameworks -F/Users/khanghnguyen/Library/Developer/Xcode/DerivedData/Wishie-gavmeupfwiyxzhaiqkwzocyeeixy/Build/Products/Debug-iphoneos/PackageFrameworks -F/Users/khanghnguyen/Library/Developer/Xcode/DerivedData/Wishie-gavmeupfwiyxzhaiqkwzocyeeixy/Build/Products/Debug-iphoneos/PackageFrameworks -F/Users/khanghnguyen/Library/Developer/Xcode/DerivedData/Wishie-gavmeupfwiyxzhaiqkwzocyeeixy/Build/Products/Debug-iphoneos/PackageFrameworks -F/Users/khanghnguyen/Library/Developer/Xcode/DerivedData/Wishie-gavmeupfwiyxzhaiqkwzocyeeixy/Build/Products/Debug-iphoneos/PackageFrameworks -F/Users/khanghnguyen/Library/Developer/Xcode/DerivedData/Wishie-gavmeupfwiyxzhaiqkwzocyeeixy/Build/Products/Debug-iphoneos/PackageFrameworks -F/Users/khanghnguyen/Library/Developer/Xcode/DerivedData/Wishie-gavmeupfwiyxzhaiqkwzocyeeixy/Build/Products/Debug-iphoneos/PackageFrameworks -F/Users/khanghnguyen/Library/Developer/Xcode/DerivedData/Wishie-gavmeupfwiyxzhaiqkwzocyeeixy/Build/Products/Debug-iphoneos/PackageFrameworks -F/Users/khanghnguyen/Library/Developer/Xcode/DerivedData/Wishie-gavmeupfwiyxzhaiqkwzocyeeixy/Build/Products/Debug-iphoneos/PackageFrameworks -F/Users/khanghnguyen/Library/Developer/Xcode/DerivedData/Wishie-gavmeupfwiyxzhaiqkwzocyeeixy/Build/Products/Debug-iphoneos/PackageFrameworks -F/Users/khanghnguyen/Library/Developer/Xcode/DerivedData/Wishie-gavmeupfwiyxzhaiqkwzocyeeixy/Build/Products/Debug-iphoneos/PackageFrameworks -F/Users/khanghnguyen/Library/Developer/Xcode/DerivedData/Wishie-gavmeupfwiyxzhaiqkwzocyeeixy/Build/Products/Debug-iphoneos/PackageFrameworks -F/Users/khanghnguyen/Library/Developer/Xcode/DerivedData/Wishie-gavmeupfwiyxzhaiqkwzocyeeixy/Build/Products/Debug-iphoneos/PackageFrameworks -F/Users/khanghnguyen/Library/Developer/Xcode/DerivedData/Wishie-gavmeupfwiyxzhaiqkwzocyeeixy/Build/Products/Debug-iphoneos/PackageFrameworks -F/Users/khanghnguyen/Library/Developer/Xcode/DerivedData/Wishie-gavmeupfwiyxzhaiqkwzocyeeixy/Build/Products/Debug-iphoneos/PackageFrameworks -F/Users/khanghnguyen/Library/Developer/Xcode/DerivedData/Wishie-gavmeupfwiyxzhaiqkwzocyeeixy/Build/Products/Debug-iphoneos/PackageFrameworks -F/Users/khanghnguyen/Library/Developer/Xcode/DerivedData/Wishie-gavmeupfwiyxzhaiqkwzocyeeixy/Build/Products/Debug-iphoneos/PackageFrameworks -F/Users/khanghnguyen/Library/Developer/Xcode/DerivedData/Wishie-gavmeupfwiyxzhaiqkwzocyeeixy/Build/Products/Debug-iphoneos/PackageFrameworks -F/Users/khanghnguyen/Library/Developer/Xcode/DerivedData/Wishie-gavmeupfwiyxzhaiqkwzocyeeixy/Build/Products/Debug-iphoneos/PackageFrameworks -F/Users/khanghnguyen/Library/Developer/Xcode/DerivedData/Wishie-gavmeupfwiyxzhaiqkwzocyeeixy/Build/Products/Debug-iphoneos/PackageFrameworks -F/Users/khanghnguyen/Library/Developer/Xcode/DerivedData/Wishie-gavmeupfwiyxzhaiqkwzocyeeixy/Build/Products/Debug-iphoneos/PackageFrameworks -F/Users/khanghnguyen/Library/Developer/Xcode/DerivedData/Wishie-gavmeupfwiyxzhaiqkwzocyeeixy/Build/Products/Debug-iphoneos/PackageFrameworks -F/Users/khanghnguyen/Library/Developer/Xcode/DerivedData/Wishie-gavmeupfwiyxzhaiqkwzocyeeixy/Build/Products/Debug-iphoneos/PackageFrameworks -F/Users/khanghnguyen/Library/Developer/Xcode/DerivedData/Wishie-gavmeupfwiyxzhaiqkwzocyeeixy/Build/Products/Debug-iphoneos/PackageFrameworks -F/Users/khanghnguyen/Library/Developer/Xcode/DerivedData/Wishie-gavmeupfwiyxzhaiqkwzocyeeixy/Build/Products/Debug-iphoneos/PackageFrameworks -F/Users/khanghnguyen/Library/Developer/Xcode/DerivedData/Wishie-gavmeupfwiyxzhaiqkwzocyeeixy/Build/Products/Debug-iphoneos/PackageFrameworks -F/Users/khanghnguyen/Library/Developer/Xcode/DerivedData/Wishie-gavmeupfwiyxzhaiqkwzocyeeixy/Build/Products/Debug-iphoneos/PackageFrameworks -F/Users/khanghnguyen/Library/Developer/Xcode/DerivedData/Wishie-gavmeupfwiyxzhaiqkwzocyeeixy/Build/Products/Debug-iphoneos/PackageFrameworks -F/Users/khanghnguyen/Library/Developer/Xcode/DerivedData/Wishie-gavmeupfwiyxzhaiqkwzocyeeixy/Build/Products/Debug-iphoneos/PackageFrameworks -F/Users/khanghnguyen/Library/Developer/Xcode/DerivedData/Wishie-gavmeupfwiyxzhaiqkwzocyeeixy/Build/Products/Debug-iphoneos/PackageFrameworks -F/Users/khanghnguyen/Library/Developer/Xcode/DerivedData/Wishie-gavmeupfwiyxzhaiqkwzocyeeixy/Build/Products/Debug-iphoneos/PackageFrameworks -F/Users/khanghnguyen/Library/Developer/Xcode/DerivedData/Wishie-gavmeupfwiyxzhaiqkwzocyeeixy/Build/Products/Debug-iphoneos/PackageFrameworks -F/Users/khanghnguyen/Library/Developer/Xcode/DerivedData/Wishie-gavmeupfwiyxzhaiqkwzocyeeixy/Build/Products/Debug-iphoneos/PackageFrameworks -F/Users/khanghnguyen/Library/Developer/Xcode/DerivedData/Wishie-gavmeupfwiyxzhaiqkwzocyeeixy/Build/Products/Debug-iphoneos/PackageFrameworks -F/Users/khanghnguyen/Library/Developer/Xcode/DerivedData/Wishie-gavmeupfwiyxzhaiqkwzocyeeixy/Build/Products/Debug-iphoneos/PackageFrameworks -F/Users/khanghnguyen/Library/Developer/Xcode/DerivedData/Wishie-gavmeupfwiyxzhaiqkwzocyeeixy/Build/Products/Debug-iphoneos/PackageFrameworks -F/Users/khanghnguyen/Library/Developer/Xcode/DerivedData/Wishie-gavmeupfwiyxzhaiqkwzocyeeixy/Build/Products/Debug-iphoneos/PackageFrameworks -F/Users/khanghnguyen/Library/Developer/Xcode/DerivedData/Wishie-gavmeupfwiyxzhaiqkwzocyeeixy/Build/Products/Debug-iphoneos/PackageFrameworks -F/Users/khanghnguyen/Library/Developer/Xcode/DerivedData/Wishie-gavmeupfwiyxzhaiqkwzocyeeixy/Build/Products/Debug-iphoneos/PackageFrameworks -F/Users/khanghnguyen/Library/Developer/Xcode/DerivedData/Wishie-gavmeupfwiyxzhaiqkwzocyeeixy/Build/Products/Debug-iphoneos/PackageFrameworks -F/Users/khanghnguyen/Library/Developer/Xcode/DerivedData/Wishie-gavmeupfwiyxzhaiqkwzocyeeixy/Build/Products/Debug-iphoneos/PackageFrameworks -F/Users/khanghnguyen/Library/Developer/Xcode/DerivedData/Wishie-gavmeupfwiyxzhaiqkwzocyeeixy/Build/Products/Debug-iphoneos -filelist /Users/khanghnguyen/Library/Developer/Xcode/DerivedData/Wishie-gavmeupfwiyxzhaiqkwzocyeeixy/Build/Intermediates.noindex/Wishie.build/Debug-iphoneos/Wishie.build/Objects-normal/arm64/Wishie.LinkFileList -install_name @rpath/Wishie.debug.dylib -Xlinker -rpath -Xlinker /usr/lib/swift -Xlinker -rpath -Xlinker /Users/khanghnguyen/Library/Developer/Xcode/DerivedData/Wishie-gavmeupfwiyxzhaiqkwzocyeeixy/Build/Products/Debug-iphoneos/PackageFrameworks -Xlinker -rpath -Xlinker @executable_path/Frameworks -dead_strip -Xlinker -object_path_lto -Xlinker /Users/khanghnguyen/Library/Developer/Xcode/DerivedData/Wishie-gavmeupfwiyxzhaiqkwzocyeeixy/Build/Intermediates.noindex/Wishie.build/Debug-iphoneos/Wishie.build/Objects-normal/arm64/Wishie_lto.o -rdynamic -Xlinker -no_deduplicate -Xlinker -debug_variant -Xlinker -dependency_info -Xlinker /Users/khanghnguyen/Library/Developer/Xcode/DerivedData/Wishie-gavmeupfwiyxzhaiqkwzocyeeixy/Build/Intermediates.noindex/Wishie.build/Debug-iphoneos/Wishie.build/Objects-normal/arm64/Wishie_dependency_info.dat -fobjc-link-runtime -fprofile-instr-generate -L/Applications/Xcode.app/Contents/Developer/Toolchains/XcodeDefault.xctoolchain/usr/lib/swift/iphoneos -L/usr/lib/swift -Xlinker -add_ast_path -Xlinker /Users/khanghnguyen/Library/Developer/Xcode/DerivedData/Wishie-gavmeupfwiyxzhaiqkwzocyeeixy/Build/Intermediates.noindex/Wishie.build/Debug-iphoneos/Wishie.build/Objects-normal/arm64/Wishie.swiftmodule @/Users/khanghnguyen/Library/Developer/Xcode/DerivedData/Wishie-gavmeupfwiyxzhaiqkwzocyeeixy/Build/Intermediates.noindex/Wishie.build/Debug-iphoneos/Wishie.build/Objects-normal/arm64/Wishie-linker-args.resp -Wl,-no_warn_duplicate_libraries -Wl,-no_warn_duplicate_libraries -Wl,-no_warn_duplicate_libraries -Wl,-no_warn_duplicate_libraries -Wl,-no_warn_duplicate_libraries -Wl,-no_warn_duplicate_libraries -Wl,-no_warn_duplicate_libraries -Wl,-no_warn_duplicate_libraries -Wl,-no_warn_duplicate_libraries -Wl,-no_warn_duplicate_libraries -Wl,-no_warn_duplicate_libraries -Wl,-no_warn_duplicate_libraries -Wl,-no_warn_duplicate_libraries -Wl,-no_warn_duplicate_libraries -Wl,-no_warn_duplicate_libraries -Wl,-no_warn_duplicate_libraries -Wl,-no_warn_duplicate_libraries -Wl,-no_warn_duplicate_libraries -Wl,-no_warn_duplicate_libraries -Wl,-no_warn_duplicate_libraries -Wl,-no_warn_duplicate_libraries -Wl,-no_warn_duplicate_libraries -Wl,-no_warn_duplicate_libraries -Wl,-no_warn_duplicate_libraries -Wl,-no_warn_duplicate_libraries -lc++ -Wl,-no_warn_duplicate_libraries -Wl,-no_warn_duplicate_libraries -Wl,-no_warn_duplicate_libraries -Wl,-no_warn_duplicate_libraries -Wl,-no_warn_duplicate_libraries -Wl,-no_warn_duplicate_libraries -Wl,-no_warn_duplicate_libraries -Wl,-no_warn_duplicate_libraries -Wl,-no_warn_duplicate_libraries -Wl,-no_warn_duplicate_libraries -Wl,-no_warn_duplicate_libraries -Wl,-no_warn_duplicate_libraries -Wl,-no_warn_duplicate_libraries -Wl,-no_warn_duplicate_libraries -Wl,-no_warn_duplicate_libraries -Wl,-no_warn_duplicate_libraries -Wl,-no_warn_duplicate_libraries -Wl,-no_warn_duplicate_libraries -Wl,-no_warn_duplicate_libraries -framework UIKit -lc++ -framework SystemConfiguration -framework UIKit -lz -framework Security -framework SafariServices -Xlinker -alias -Xlinker _main -Xlinker ___debug_main_executable_dylib_entry_point -framework FirebaseFirestoreInternal -framework absl -framework grpcpp -framework grpc -framework openssl_grpc -framework DotLottiePlayer -framework DotLottiePlayer -Xlinker -no_adhoc_codesign -o /Users/khanghnguyen/Library/Developer/Xcode/DerivedData/Wishie-gavmeupfwiyxzhaiqkwzocyeeixy/Build/Products/Debug-iphoneos/Wishie.app/Wishie.debug.dylib -Xlinker -add_ast_path -Xlinker /Users/khanghnguyen/Library/Developer/Xcode/DerivedData/Wishie-gavmeupfwiyxzhaiqkwzocyeeixy/Build/Intermediates.noindex/Supabase.build/Debug-iphoneos/Supabase.build/Objects-normal/arm64/Supabase.swiftmodule @/Users/khanghnguyen/Library/Developer/Xcode/DerivedData/Wishie-gavmeupfwiyxzhaiqkwzocyeeixy/Build/Intermediates.noindex/Supabase.build/Debug-iphoneos/Supabase.build/Objects-normal/arm64/Supabase-linker-args.resp -Xlinker -add_ast_path -Xlinker /Users/khanghnguyen/Library/Developer/Xcode/DerivedData/Wishie-gavmeupfwiyxzhaiqkwzocyeeixy/Build/Intermediates.noindex/Supabase.build/Debug-iphoneos/Functions.build/Objects-normal/arm64/Functions.swiftmodule @/Users/khanghnguyen/Library/Developer/Xcode/DerivedData/Wishie-gavmeupfwiyxzhaiqkwzocyeeixy/Build/Intermediates.noindex/Supabase.build/Debug-iphoneos/Functions.build/Objects-normal/arm64/Functions-linker-args.resp -Xlinker -add_ast_path -Xlinker /Users/khanghnguyen/Library/Developer/Xcode/DerivedData/Wishie-gavmeupfwiyxzhaiqkwzocyeeixy/Build/Intermediates.noindex/Supabase.build/Debug-iphoneos/PostgREST.build/Objects-normal/arm64/PostgREST.swiftmodule @/Users/khanghnguyen/Library/Developer/Xcode/DerivedData/Wishie-gavmeupfwiyxzhaiqkwzocyeeixy/Build/Intermediates.noindex/Supabase.build/Debug-iphoneos/PostgREST.build/Objects-normal/arm64/PostgREST-linker-args.resp -Xlinker -add_ast_path -Xlinker /Users/khanghnguyen/Library/Developer/Xcode/DerivedData/Wishie-gavmeupfwiyxzhaiqkwzocyeeixy/Build/Intermediates.noindex/Supabase.build/Debug-iphoneos/Auth.build/Objects-normal/arm64/Auth.swiftmodule @/Users/khanghnguyen/Library/Developer/Xcode/DerivedData/Wishie-gavmeupfwiyxzhaiqkwzocyeeixy/Build/Intermediates.noindex/Supabase.build/Debug-iphoneos/Auth.build/Objects-normal/arm64/Auth-linker-args.resp -Xlinker -add_ast_path -Xlinker /Users/khanghnguyen/Library/Developer/Xcode/DerivedData/Wishie-gavmeupfwiyxzhaiqkwzocyeeixy/Build/Intermediates.noindex/Supabase.build/Debug-iphoneos/Realtime.build/Objects-normal/arm64/Realtime.swiftmodule @/Users/khanghnguyen/Library/Developer/Xcode/DerivedData/Wishie-gavmeupfwiyxzhaiqkwzocyeeixy/Build/Intermediates.noindex/Supabase.build/Debug-iphoneos/Realtime.build/Objects-normal/arm64/Realtime-linker-args.resp -Xlinker -add_ast_path -Xlinker /Users/khanghnguyen/Library/Developer/Xcode/DerivedData/Wishie-gavmeupfwiyxzhaiqkwzocyeeixy/Build/Intermediates.noindex/Supabase.build/Debug-iphoneos/Storage.build/Objects-normal/arm64/Storage.swiftmodule @/Users/khanghnguyen/Library/Developer/Xcode/DerivedData/Wishie-gavmeupfwiyxzhaiqkwzocyeeixy/Build/Intermediates.noindex/Supabase.build/Debug-iphoneos/Storage.build/Objects-normal/arm64/Storage-linker-args.resp -Xlinker -add_ast_path -Xlinker /Users/khanghnguyen/Library/Developer/Xcode/DerivedData/Wishie-gavmeupfwiyxzhaiqkwzocyeeixy/Build/Intermediates.noindex/swift-concurrency-extras.build/Debug-iphoneos/ConcurrencyExtras.build/Objects-normal/arm64/ConcurrencyExtras.swiftmodule @/Users/khanghnguyen/Library/Developer/Xcode/DerivedData/Wishie-gavmeupfwiyxzhaiqkwzocyeeixy/Build/Intermediates.noindex/swift-concurrency-extras.build/Debug-iphoneos/ConcurrencyExtras.build/Objects-normal/arm64/ConcurrencyExtras-linker-args.resp -Xlinker -add_ast_path -Xlinker /Users/khanghnguyen/Library/Developer/Xcode/DerivedData/Wishie-gavmeupfwiyxzhaiqkwzocyeeixy/Build/Intermediates.noindex/swift-http-types.build/Debug-iphoneos/HTTPTypes.build/Objects-normal/arm64/HTTPTypes.swiftmodule @/Users/khanghnguyen/Library/Developer/Xcode/DerivedData/Wishie-gavmeupfwiyxzhaiqkwzocyeeixy/Build/Intermediates.noindex/swift-http-types.build/Debug-iphoneos/HTTPTypes.build/Objects-normal/arm64/HTTPTypes-linker-args.resp -Xlinker -add_ast_path -Xlinker /Users/khanghnguyen/Library/Developer/Xcode/DerivedData/Wishie-gavmeupfwiyxzhaiqkwzocyeeixy/Build/Intermediates.noindex/swift-clocks.build/Debug-iphoneos/Clocks.build/Objects-normal/arm64/Clocks.swiftmodule @/Users/khanghnguyen/Library/Developer/Xcode/DerivedData/Wishie-gavmeupfwiyxzhaiqkwzocyeeixy/Build/Intermediates.noindex/swift-clocks.build/Debug-iphoneos/Clocks.build/Objects-normal/arm64/Clocks-linker-args.resp -Xlinker -add_ast_path -Xlinker /Users/khanghnguyen/Library/Developer/Xcode/DerivedData/Wishie-gavmeupfwiyxzhaiqkwzocyeeixy/Build/Intermediates.noindex/xctest-dynamic-overlay.build/Debug-iphoneos/IssueReporting.build/Objects-normal/arm64/IssueReporting.swiftmodule @/Users/khanghnguyen/Library/Developer/Xcode/DerivedData/Wishie-gavmeupfwiyxzhaiqkwzocyeeixy/Build/Intermediates.noindex/xctest-dynamic-overlay.build/Debug-iphoneos/IssueReporting.build/Objects-normal/arm64/IssueReporting-linker-args.resp -Xlinker -add_ast_path -Xlinker /Users/khanghnguyen/Library/Developer/Xcode/DerivedData/Wishie-gavmeupfwiyxzhaiqkwzocyeeixy/Build/Intermediates.noindex/xctest-dynamic-overlay.build/Debug-iphoneos/IssueReportingPackageSupport.build/Objects-normal/arm64/IssueReportingPackageSupport.swiftmodule @/Users/khanghnguyen/Library/Developer/Xcode/DerivedData/Wishie-gavmeupfwiyxzhaiqkwzocyeeixy/Build/Intermediates.noindex/xctest-dynamic-overlay.build/Debug-iphoneos/IssueReportingPackageSupport.build/Objects-normal/arm64/IssueReportingPackageSupport-linker-args.resp -Xlinker -add_ast_path -Xlinker /Users/khanghnguyen/Library/Developer/Xcode/DerivedData/Wishie-gavmeupfwiyxzhaiqkwzocyeeixy/Build/Intermediates.noindex/xctest-dynamic-overlay.build/Debug-iphoneos/XCTestDynamicOverlay.build/Objects-normal/arm64/XCTestDynamicOverlay.swiftmodule @/Users/khanghnguyen/Library/Developer/Xcode/DerivedData/Wishie-gavmeupfwiyxzhaiqkwzocyeeixy/Build/Intermediates.noindex/xctest-dynamic-overlay.build/Debug-iphoneos/XCTestDynamicOverlay.build/Objects-normal/arm64/XCTestDynamicOverlay-linker-args.resp -Xlinker -add_ast_path -Xlinker /Users/khanghnguyen/Library/Developer/Xcode/DerivedData/Wishie-gavmeupfwiyxzhaiqkwzocyeeixy/Build/Intermediates.noindex/Supabase.build/Debug-iphoneos/Helpers.build/Objects-normal/arm64/Helpers.swiftmodule @/Users/khanghnguyen/Library/Developer/Xcode/DerivedData/Wishie-gavmeupfwiyxzhaiqkwzocyeeixy/Build/Intermediates.noindex/Supabase.build/Debug-iphoneos/Helpers.build/Objects-normal/arm64/Helpers-linker-args.resp -Xlinker -add_ast_path -Xlinker /Users/khanghnguyen/Library/Developer/Xcode/DerivedData/Wishie-gavmeupfwiyxzhaiqkwzocyeeixy/Build/Intermediates.noindex/swift-crypto.build/Debug-iphoneos/Crypto.build/Objects-normal/arm64/Crypto.swiftmodule @/Users/khanghnguyen/Library/Developer/Xcode/DerivedData/Wishie-gavmeupfwiyxzhaiqkwzocyeeixy/Build/Intermediates.noindex/swift-crypto.build/Debug-iphoneos/Crypto.build/Objects-normal/arm64/Crypto-linker-args.resp -Xlinker -add_ast_path -Xlinker /Users/khanghnguyen/Library/Developer/Xcode/DerivedData/Wishie-gavmeupfwiyxzhaiqkwzocyeeixy/Build/Intermediates.noindex/Firebase.build/Debug-iphoneos/FirebaseAuth.build/Objects-normal/arm64/FirebaseAuth.swiftmodule @/Users/khanghnguyen/Library/Developer/Xcode/DerivedData/Wishie-gavmeupfwiyxzhaiqkwzocyeeixy/Build/Intermediates.noindex/Firebase.build/Debug-iphoneos/FirebaseAuth.build/Objects-normal/arm64/FirebaseAuth-linker-args.resp -Xlinker -add_ast_path -Xlinker /Users/khanghnguyen/Library/Developer/Xcode/DerivedData/Wishie-gavmeupfwiyxzhaiqkwzocyeeixy/Build/Intermediates.noindex/Firebase.build/Debug-iphoneos/FirebaseCoreInternal.build/Objects-normal/arm64/FirebaseCoreInternal.swiftmodule @/Users/khanghnguyen/Library/Developer/Xcode/DerivedData/Wishie-gavmeupfwiyxzhaiqkwzocyeeixy/Build/Intermediates.noindex/Firebase.build/Debug-iphoneos/FirebaseCoreInternal.build/Objects-normal/arm64/FirebaseCoreInternal-linker-args.resp -Xlinker -add_ast_path -Xlinker /Users/khanghnguyen/Library/Developer/Xcode/DerivedData/Wishie-gavmeupfwiyxzhaiqkwzocyeeixy/Build/Intermediates.noindex/SDWebImageSwiftUI.build/Debug-iphoneos/SDWebImageSwiftUI.build/Objects-normal/arm64/SDWebImageSwiftUI.swiftmodule @/Users/khanghnguyen/Library/Developer/Xcode/DerivedData/Wishie-gavmeupfwiyxzhaiqkwzocyeeixy/Build/Intermediates.noindex/SDWebImageSwiftUI.build/Debug-iphoneos/SDWebImageSwiftUI.build/Objects-normal/arm64/SDWebImageSwiftUI-linker-args.resp -Xlinker -add_ast_path -Xlinker /Users/khanghnguyen/Library/Developer/Xcode/DerivedData/Wishie-gavmeupfwiyxzhaiqkwzocyeeixy/Build/Intermediates.noindex/Firebase.build/Debug-iphoneos/FirebaseSharedSwift.build/Objects-normal/arm64/FirebaseSharedSwift.swiftmodule @/Users/khanghnguyen/Library/Developer/Xcode/DerivedData/Wishie-gavmeupfwiyxzhaiqkwzocyeeixy/Build/Intermediates.noindex/Firebase.build/Debug-iphoneos/FirebaseSharedSwift.build/Objects-normal/arm64/FirebaseSharedSwift-linker-args.resp -Xlinker -add_ast_path -Xlinker /Users/khanghnguyen/Library/Developer/Xcode/DerivedData/Wishie-gavmeupfwiyxzhaiqkwzocyeeixy/Build/Intermediates.noindex/Firebase.build/Debug-iphoneos/FirebaseFirestore.build/Objects-normal/arm64/FirebaseFirestore.swiftmodule @/Users/khanghnguyen/Library/Developer/Xcode/DerivedData/Wishie-gavmeupfwiyxzhaiqkwzocyeeixy/Build/Intermediates.noindex/Firebase.build/Debug-iphoneos/FirebaseFirestore.build/Objects-normal/arm64/FirebaseFirestore-linker-args.resp -Xlinker -add_ast_path -Xlinker /Users/khanghnguyen/Library/Developer/Xcode/DerivedData/Wishie-gavmeupfwiyxzhaiqkwzocyeeixy/Build/Intermediates.noindex/DotLottie.build/Debug-iphoneos/DotLottie.build/Objects-normal/arm64/DotLottie.swiftmodule @/Users/khanghnguyen/Library/Developer/Xcode/DerivedData/Wishie-gavmeupfwiyxzhaiqkwzocyeeixy/Build/Intermediates.noindex/DotLottie.build/Debug-iphoneos/DotLottie.build/Objects-normal/arm64/DotLottie-linker-args.resp

ConstructStubExecutorLinkFileList /Users/khanghnguyen/Library/Developer/Xcode/DerivedData/Wishie-gavmeupfwiyxzhaiqkwzocyeeixy/Build/Intermediates.noindex/Wishie.build/Debug-iphoneos/Wishie.build/Wishie-ExecutorLinkFileList-normal-arm64.txt (in target 'Wishie' from project 'Wishie')
    cd /Users/khanghnguyen/Downloads/Wishie
    construct-stub-executor-link-file-list /Users/khanghnguyen/Library/Developer/Xcode/DerivedData/Wishie-gavmeupfwiyxzhaiqkwzocyeeixy/Build/Products/Debug-iphoneos/Wishie.app/Wishie.debug.dylib /Applications/Xcode.app/Contents/Developer/Platforms/iPhoneOS.platform/Developer/usr/lib/libPreviewsJITStubExecutor_no_swift_entry_point.a /Applications/Xcode.app/Contents/Developer/Platforms/iPhoneOS.platform/Developer/usr/lib/libPreviewsJITStubExecutor.a --output /Users/khanghnguyen/Library/Developer/Xcode/DerivedData/Wishie-gavmeupfwiyxzhaiqkwzocyeeixy/Build/Intermediates.noindex/Wishie.build/Debug-iphoneos/Wishie.build/Wishie-ExecutorLinkFileList-normal-arm64.txt
note: Using stub executor library with Swift entry point. (in target 'Wishie' from project 'Wishie')

Ld /Users/khanghnguyen/Library/Developer/Xcode/DerivedData/Wishie-gavmeupfwiyxzhaiqkwzocyeeixy/Build/Products/Debug-iphoneos/Wishie.app/Wishie normal (in target 'Wishie' from project 'Wishie')
    cd /Users/khanghnguyen/Downloads/Wishie
    /Applications/Xcode.app/Contents/Developer/Toolchains/XcodeDefault.xctoolchain/usr/bin/clang -Xlinker -reproducible -target arm64-apple-ios18.5 -isysroot /Applications/Xcode.app/Contents/Developer/Platforms/iPhoneOS.platform/Developer/SDKs/iPhoneOS26.2.sdk -O0 -L/Users/khanghnguyen/Library/Developer/Xcode/DerivedData/Wishie-gavmeupfwiyxzhaiqkwzocyeeixy/Build/Products/Debug-iphoneos -F/Users/khanghnguyen/Library/Developer/Xcode/DerivedData/Wishie-gavmeupfwiyxzhaiqkwzocyeeixy/Build/Products/Debug-iphoneos/PackageFrameworks -F/Users/khanghnguyen/Library/Developer/Xcode/DerivedData/Wishie-gavmeupfwiyxzhaiqkwzocyeeixy/Build/Products/Debug-iphoneos/PackageFrameworks -F/Users/khanghnguyen/Library/Developer/Xcode/DerivedData/Wishie-gavmeupfwiyxzhaiqkwzocyeeixy/Build/Products/Debug-iphoneos/PackageFrameworks -F/Users/khanghnguyen/Library/Developer/Xcode/DerivedData/Wishie-gavmeupfwiyxzhaiqkwzocyeeixy/Build/Products/Debug-iphoneos/PackageFrameworks -F/Users/khanghnguyen/Library/Developer/Xcode/DerivedData/Wishie-gavmeupfwiyxzhaiqkwzocyeeixy/Build/Products/Debug-iphoneos/PackageFrameworks -F/Users/khanghnguyen/Library/Developer/Xcode/DerivedData/Wishie-gavmeupfwiyxzhaiqkwzocyeeixy/Build/Products/Debug-iphoneos/PackageFrameworks -F/Users/khanghnguyen/Library/Developer/Xcode/DerivedData/Wishie-gavmeupfwiyxzhaiqkwzocyeeixy/Build/Products/Debug-iphoneos/PackageFrameworks -F/Users/khanghnguyen/Library/Developer/Xcode/DerivedData/Wishie-gavmeupfwiyxzhaiqkwzocyeeixy/Build/Products/Debug-iphoneos/PackageFrameworks -F/Users/khanghnguyen/Library/Developer/Xcode/DerivedData/Wishie-gavmeupfwiyxzhaiqkwzocyeeixy/Build/Products/Debug-iphoneos/PackageFrameworks -F/Users/khanghnguyen/Library/Developer/Xcode/DerivedData/Wishie-gavmeupfwiyxzhaiqkwzocyeeixy/Build/Products/Debug-iphoneos/PackageFrameworks -F/Users/khanghnguyen/Library/Developer/Xcode/DerivedData/Wishie-gavmeupfwiyxzhaiqkwzocyeeixy/Build/Products/Debug-iphoneos/PackageFrameworks -F/Users/khanghnguyen/Library/Developer/Xcode/DerivedData/Wishie-gavmeupfwiyxzhaiqkwzocyeeixy/Build/Products/Debug-iphoneos/PackageFrameworks -F/Users/khanghnguyen/Library/Developer/Xcode/DerivedData/Wishie-gavmeupfwiyxzhaiqkwzocyeeixy/Build/Products/Debug-iphoneos/PackageFrameworks -F/Users/khanghnguyen/Library/Developer/Xcode/DerivedData/Wishie-gavmeupfwiyxzhaiqkwzocyeeixy/Build/Products/Debug-iphoneos/PackageFrameworks -F/Users/khanghnguyen/Library/Developer/Xcode/DerivedData/Wishie-gavmeupfwiyxzhaiqkwzocyeeixy/Build/Products/Debug-iphoneos/PackageFrameworks -F/Users/khanghnguyen/Library/Developer/Xcode/DerivedData/Wishie-gavmeupfwiyxzhaiqkwzocyeeixy/Build/Products/Debug-iphoneos/PackageFrameworks -F/Users/khanghnguyen/Library/Developer/Xcode/DerivedData/Wishie-gavmeupfwiyxzhaiqkwzocyeeixy/Build/Products/Debug-iphoneos/PackageFrameworks -F/Users/khanghnguyen/Library/Developer/Xcode/DerivedData/Wishie-gavmeupfwiyxzhaiqkwzocyeeixy/Build/Products/Debug-iphoneos/PackageFrameworks -F/Users/khanghnguyen/Library/Developer/Xcode/DerivedData/Wishie-gavmeupfwiyxzhaiqkwzocyeeixy/Build/Products/Debug-iphoneos/PackageFrameworks -F/Users/khanghnguyen/Library/Developer/Xcode/DerivedData/Wishie-gavmeupfwiyxzhaiqkwzocyeeixy/Build/Products/Debug-iphoneos/PackageFrameworks -F/Users/khanghnguyen/Library/Developer/Xcode/DerivedData/Wishie-gavmeupfwiyxzhaiqkwzocyeeixy/Build/Products/Debug-iphoneos/PackageFrameworks -F/Users/khanghnguyen/Library/Developer/Xcode/DerivedData/Wishie-gavmeupfwiyxzhaiqkwzocyeeixy/Build/Products/Debug-iphoneos/PackageFrameworks -F/Users/khanghnguyen/Library/Developer/Xcode/DerivedData/Wishie-gavmeupfwiyxzhaiqkwzocyeeixy/Build/Products/Debug-iphoneos/PackageFrameworks -F/Users/khanghnguyen/Library/Developer/Xcode/DerivedData/Wishie-gavmeupfwiyxzhaiqkwzocyeeixy/Build/Products/Debug-iphoneos/PackageFrameworks -F/Users/khanghnguyen/Library/Developer/Xcode/DerivedData/Wishie-gavmeupfwiyxzhaiqkwzocyeeixy/Build/Products/Debug-iphoneos/PackageFrameworks -F/Users/khanghnguyen/Library/Developer/Xcode/DerivedData/Wishie-gavmeupfwiyxzhaiqkwzocyeeixy/Build/Products/Debug-iphoneos/PackageFrameworks -F/Users/khanghnguyen/Library/Developer/Xcode/DerivedData/Wishie-gavmeupfwiyxzhaiqkwzocyeeixy/Build/Products/Debug-iphoneos/PackageFrameworks -F/Users/khanghnguyen/Library/Developer/Xcode/DerivedData/Wishie-gavmeupfwiyxzhaiqkwzocyeeixy/Build/Products/Debug-iphoneos/PackageFrameworks -F/Users/khanghnguyen/Library/Developer/Xcode/DerivedData/Wishie-gavmeupfwiyxzhaiqkwzocyeeixy/Build/Products/Debug-iphoneos/PackageFrameworks -F/Users/khanghnguyen/Library/Developer/Xcode/DerivedData/Wishie-gavmeupfwiyxzhaiqkwzocyeeixy/Build/Products/Debug-iphoneos/PackageFrameworks -F/Users/khanghnguyen/Library/Developer/Xcode/DerivedData/Wishie-gavmeupfwiyxzhaiqkwzocyeeixy/Build/Products/Debug-iphoneos/PackageFrameworks -F/Users/khanghnguyen/Library/Developer/Xcode/DerivedData/Wishie-gavmeupfwiyxzhaiqkwzocyeeixy/Build/Products/Debug-iphoneos/PackageFrameworks -F/Users/khanghnguyen/Library/Developer/Xcode/DerivedData/Wishie-gavmeupfwiyxzhaiqkwzocyeeixy/Build/Products/Debug-iphoneos/PackageFrameworks -F/Users/khanghnguyen/Library/Developer/Xcode/DerivedData/Wishie-gavmeupfwiyxzhaiqkwzocyeeixy/Build/Products/Debug-iphoneos/PackageFrameworks -F/Users/khanghnguyen/Library/Developer/Xcode/DerivedData/Wishie-gavmeupfwiyxzhaiqkwzocyeeixy/Build/Products/Debug-iphoneos/PackageFrameworks -F/Users/khanghnguyen/Library/Developer/Xcode/DerivedData/Wishie-gavmeupfwiyxzhaiqkwzocyeeixy/Build/Products/Debug-iphoneos/PackageFrameworks -F/Users/khanghnguyen/Library/Developer/Xcode/DerivedData/Wishie-gavmeupfwiyxzhaiqkwzocyeeixy/Build/Products/Debug-iphoneos/PackageFrameworks -F/Users/khanghnguyen/Library/Developer/Xcode/DerivedData/Wishie-gavmeupfwiyxzhaiqkwzocyeeixy/Build/Products/Debug-iphoneos/PackageFrameworks -F/Users/khanghnguyen/Library/Developer/Xcode/DerivedData/Wishie-gavmeupfwiyxzhaiqkwzocyeeixy/Build/Products/Debug-iphoneos/PackageFrameworks -F/Users/khanghnguyen/Library/Developer/Xcode/DerivedData/Wishie-gavmeupfwiyxzhaiqkwzocyeeixy/Build/Products/Debug-iphoneos/PackageFrameworks -F/Users/khanghnguyen/Library/Developer/Xcode/DerivedData/Wishie-gavmeupfwiyxzhaiqkwzocyeeixy/Build/Products/Debug-iphoneos/PackageFrameworks -F/Users/khanghnguyen/Library/Developer/Xcode/DerivedData/Wishie-gavmeupfwiyxzhaiqkwzocyeeixy/Build/Products/Debug-iphoneos/PackageFrameworks -F/Users/khanghnguyen/Library/Developer/Xcode/DerivedData/Wishie-gavmeupfwiyxzhaiqkwzocyeeixy/Build/Products/Debug-iphoneos/PackageFrameworks -F/Users/khanghnguyen/Library/Developer/Xcode/DerivedData/Wishie-gavmeupfwiyxzhaiqkwzocyeeixy/Build/Products/Debug-iphoneos/PackageFrameworks -F/Users/khanghnguyen/Library/Developer/Xcode/DerivedData/Wishie-gavmeupfwiyxzhaiqkwzocyeeixy/Build/Products/Debug-iphoneos -Xlinker -rpath -Xlinker @executable_path -Xlinker -rpath -Xlinker /Users/khanghnguyen/Library/Developer/Xcode/DerivedData/Wishie-gavmeupfwiyxzhaiqkwzocyeeixy/Build/Products/Debug-iphoneos/PackageFrameworks -Xlinker -rpath -Xlinker @executable_path/Frameworks -rdynamic -Xlinker -no_deduplicate -Xlinker -debug_variant -e ___debug_blank_executor_main -Xlinker -sectcreate -Xlinker __TEXT -Xlinker __debug_dylib -Xlinker /Users/khanghnguyen/Library/Developer/Xcode/DerivedData/Wishie-gavmeupfwiyxzhaiqkwzocyeeixy/Build/Intermediates.noindex/Wishie.build/Debug-iphoneos/Wishie.build/Wishie-DebugDylibPath-normal-arm64.txt -Xlinker -sectcreate -Xlinker __TEXT -Xlinker __debug_instlnm -Xlinker /Users/khanghnguyen/Library/Developer/Xcode/DerivedData/Wishie-gavmeupfwiyxzhaiqkwzocyeeixy/Build/Intermediates.noindex/Wishie.build/Debug-iphoneos/Wishie.build/Wishie-DebugDylibInstallName-normal-arm64.txt -Xlinker -filelist -Xlinker /Users/khanghnguyen/Library/Developer/Xcode/DerivedData/Wishie-gavmeupfwiyxzhaiqkwzocyeeixy/Build/Intermediates.noindex/Wishie.build/Debug-iphoneos/Wishie.build/Wishie-ExecutorLinkFileList-normal-arm64.txt /Users/khanghnguyen/Library/Developer/Xcode/DerivedData/Wishie-gavmeupfwiyxzhaiqkwzocyeeixy/Build/Products/Debug-iphoneos/Wishie.app/Wishie.debug.dylib -Xlinker -no_adhoc_codesign -o /Users/khanghnguyen/Library/Developer/Xcode/DerivedData/Wishie-gavmeupfwiyxzhaiqkwzocyeeixy/Build/Products/Debug-iphoneos/Wishie.app/Wishie

LinkAssetCatalog /Users/khanghnguyen/Downloads/Wishie/Wishie/Resources/Assets.xcassets (in target 'Wishie' from project 'Wishie')
    cd /Users/khanghnguyen/Downloads/Wishie
    builtin-linkAssetCatalog --thinned /Users/khanghnguyen/Library/Developer/Xcode/DerivedData/Wishie-gavmeupfwiyxzhaiqkwzocyeeixy/Build/Intermediates.noindex/Wishie.build/Debug-iphoneos/Wishie.build/assetcatalog_output/thinned --thinned-dependencies /Users/khanghnguyen/Library/Developer/Xcode/DerivedData/Wishie-gavmeupfwiyxzhaiqkwzocyeeixy/Build/Intermediates.noindex/Wishie.build/Debug-iphoneos/Wishie.build/assetcatalog_dependencies_thinned --thinned-info-plist-content /Users/khanghnguyen/Library/Developer/Xcode/DerivedData/Wishie-gavmeupfwiyxzhaiqkwzocyeeixy/Build/Intermediates.noindex/Wishie.build/Debug-iphoneos/Wishie.build/assetcatalog_generated_info.plist_thinned --unthinned /Users/khanghnguyen/Library/Developer/Xcode/DerivedData/Wishie-gavmeupfwiyxzhaiqkwzocyeeixy/Build/Intermediates.noindex/Wishie.build/Debug-iphoneos/Wishie.build/assetcatalog_output/unthinned --unthinned-dependencies /Users/khanghnguyen/Library/Developer/Xcode/DerivedData/Wishie-gavmeupfwiyxzhaiqkwzocyeeixy/Build/Intermediates.noindex/Wishie.build/Debug-iphoneos/Wishie.build/assetcatalog_dependencies_unthinned --unthinned-info-plist-content /Users/khanghnguyen/Library/Developer/Xcode/DerivedData/Wishie-gavmeupfwiyxzhaiqkwzocyeeixy/Build/Intermediates.noindex/Wishie.build/Debug-iphoneos/Wishie.build/assetcatalog_generated_info.plist_unthinned --output /Users/khanghnguyen/Library/Developer/Xcode/DerivedData/Wishie-gavmeupfwiyxzhaiqkwzocyeeixy/Build/Products/Debug-iphoneos/Wishie.app --plist-output /Users/khanghnguyen/Library/Developer/Xcode/DerivedData/Wishie-gavmeupfwiyxzhaiqkwzocyeeixy/Build/Intermediates.noindex/Wishie.build/Debug-iphoneos/Wishie.build/assetcatalog_generated_info.plist
note: Emplaced /Users/khanghnguyen/Library/Developer/Xcode/DerivedData/Wishie-gavmeupfwiyxzhaiqkwzocyeeixy/Build/Products/Debug-iphoneos/Wishie.app/AppIcon60x60@2x.png (in target 'Wishie' from project 'Wishie')
note: Emplaced /Users/khanghnguyen/Library/Developer/Xcode/DerivedData/Wishie-gavmeupfwiyxzhaiqkwzocyeeixy/Build/Products/Debug-iphoneos/Wishie.app/Assets.car (in target 'Wishie' from project 'Wishie')
note: Emplaced /Users/khanghnguyen/Library/Developer/Xcode/DerivedData/Wishie-gavmeupfwiyxzhaiqkwzocyeeixy/Build/Products/Debug-iphoneos/Wishie.app/AppIcon76x76@2x~ipad.png (in target 'Wishie' from project 'Wishie')

ProcessInfoPlistFile /Users/khanghnguyen/Library/Developer/Xcode/DerivedData/Wishie-gavmeupfwiyxzhaiqkwzocyeeixy/Build/Products/Debug-iphoneos/Wishie.app/Info.plist /Users/khanghnguyen/Downloads/Wishie/Wishie/Info.plist (in target 'Wishie' from project 'Wishie')
    cd /Users/khanghnguyen/Downloads/Wishie
    builtin-infoPlistUtility /Users/khanghnguyen/Downloads/Wishie/Wishie/Info.plist -producttype com.apple.product-type.application -genpkginfo /Users/khanghnguyen/Library/Developer/Xcode/DerivedData/Wishie-gavmeupfwiyxzhaiqkwzocyeeixy/Build/Products/Debug-iphoneos/Wishie.app/PkgInfo -expandbuildsettings -format binary -platform iphoneos -additionalcontentfile /Users/khanghnguyen/Library/Developer/Xcode/DerivedData/Wishie-gavmeupfwiyxzhaiqkwzocyeeixy/Build/Intermediates.noindex/Wishie.build/Debug-iphoneos/Wishie.build/assetcatalog_generated_info.plist -scanforprivacyfile /Users/khanghnguyen/Library/Developer/Xcode/DerivedData/Wishie-gavmeupfwiyxzhaiqkwzocyeeixy/Build/Products/Debug-iphoneos/Wishie.app/Firebase_FirebaseAuth.bundle -scanforprivacyfile /Users/khanghnguyen/Library/Developer/Xcode/DerivedData/Wishie-gavmeupfwiyxzhaiqkwzocyeeixy/Build/Products/Debug-iphoneos/Wishie.app/Firebase_FirebaseCore.bundle -scanforprivacyfile /Users/khanghnguyen/Library/Developer/Xcode/DerivedData/Wishie-gavmeupfwiyxzhaiqkwzocyeeixy/Build/Products/Debug-iphoneos/Wishie.app/Firebase_FirebaseCoreExtension.bundle -scanforprivacyfile /Users/khanghnguyen/Library/Developer/Xcode/DerivedData/Wishie-gavmeupfwiyxzhaiqkwzocyeeixy/Build/Products/Debug-iphoneos/Wishie.app/Firebase_FirebaseCoreInternal.bundle -scanforprivacyfile /Users/khanghnguyen/Library/Developer/Xcode/DerivedData/Wishie-gavmeupfwiyxzhaiqkwzocyeeixy/Build/Products/Debug-iphoneos/Wishie.app/Firebase_FirebaseFirestore.bundle -scanforprivacyfile /Users/khanghnguyen/Library/Developer/Xcode/DerivedData/Wishie-gavmeupfwiyxzhaiqkwzocyeeixy/Build/Products/Debug-iphoneos/Wishie.app/Frameworks/DotLottiePlayer.framework -scanforprivacyfile /Users/khanghnguyen/Library/Developer/Xcode/DerivedData/Wishie-gavmeupfwiyxzhaiqkwzocyeeixy/Build/Products/Debug-iphoneos/Wishie.app/Frameworks/FirebaseFirestoreInternal.framework -scanforprivacyfile /Users/khanghnguyen/Library/Developer/Xcode/DerivedData/Wishie-gavmeupfwiyxzhaiqkwzocyeeixy/Build/Products/Debug-iphoneos/Wishie.app/Frameworks/absl.framework -scanforprivacyfile /Users/khanghnguyen/Library/Developer/Xcode/DerivedData/Wishie-gavmeupfwiyxzhaiqkwzocyeeixy/Build/Products/Debug-iphoneos/Wishie.app/Frameworks/grpc.framework -scanforprivacyfile /Users/khanghnguyen/Library/Developer/Xcode/DerivedData/Wishie-gavmeupfwiyxzhaiqkwzocyeeixy/Build/Products/Debug-iphoneos/Wishie.app/Frameworks/grpcpp.framework -scanforprivacyfile /Users/khanghnguyen/Library/Developer/Xcode/DerivedData/Wishie-gavmeupfwiyxzhaiqkwzocyeeixy/Build/Products/Debug-iphoneos/Wishie.app/Frameworks/openssl_grpc.framework -scanforprivacyfile /Users/khanghnguyen/Library/Developer/Xcode/DerivedData/Wishie-gavmeupfwiyxzhaiqkwzocyeeixy/Build/Products/Debug-iphoneos/Wishie.app/GTMSessionFetcher_GTMSessionFetcherCore.bundle -scanforprivacyfile /Users/khanghnguyen/Library/Developer/Xcode/DerivedData/Wishie-gavmeupfwiyxzhaiqkwzocyeeixy/Build/Products/Debug-iphoneos/Wishie.app/GoogleUtilities_GoogleUtilities-AppDelegateSwizzler.bundle -scanforprivacyfile /Users/khanghnguyen/Library/Developer/Xcode/DerivedData/Wishie-gavmeupfwiyxzhaiqkwzocyeeixy/Build/Products/Debug-iphoneos/Wishie.app/GoogleUtilities_GoogleUtilities-Environment.bundle -scanforprivacyfile /Users/khanghnguyen/Library/Developer/Xcode/DerivedData/Wishie-gavmeupfwiyxzhaiqkwzocyeeixy/Build/Products/Debug-iphoneos/Wishie.app/GoogleUtilities_GoogleUtilities-Logger.bundle -scanforprivacyfile /Users/khanghnguyen/Library/Developer/Xcode/DerivedData/Wishie-gavmeupfwiyxzhaiqkwzocyeeixy/Build/Products/Debug-iphoneos/Wishie.app/GoogleUtilities_GoogleUtilities-NSData.bundle -scanforprivacyfile /Users/khanghnguyen/Library/Developer/Xcode/DerivedData/Wishie-gavmeupfwiyxzhaiqkwzocyeeixy/Build/Products/Debug-iphoneos/Wishie.app/GoogleUtilities_GoogleUtilities-Network.bundle -scanforprivacyfile /Users/khanghnguyen/Library/Developer/Xcode/DerivedData/Wishie-gavmeupfwiyxzhaiqkwzocyeeixy/Build/Products/Debug-iphoneos/Wishie.app/GoogleUtilities_GoogleUtilities-Reachability.bundle -scanforprivacyfile /Users/khanghnguyen/Library/Developer/Xcode/DerivedData/Wishie-gavmeupfwiyxzhaiqkwzocyeeixy/Build/Products/Debug-iphoneos/Wishie.app/SDWebImageSwiftUI_SDWebImageSwiftUI.bundle -scanforprivacyfile /Users/khanghnguyen/Library/Developer/Xcode/DerivedData/Wishie-gavmeupfwiyxzhaiqkwzocyeeixy/Build/Products/Debug-iphoneos/Wishie.app/SDWebImage_SDWebImage.bundle -scanforprivacyfile /Users/khanghnguyen/Library/Developer/Xcode/DerivedData/Wishie-gavmeupfwiyxzhaiqkwzocyeeixy/Build/Products/Debug-iphoneos/Wishie.app/abseil_abslWrapper.bundle -scanforprivacyfile /Users/khanghnguyen/Library/Developer/Xcode/DerivedData/Wishie-gavmeupfwiyxzhaiqkwzocyeeixy/Build/Products/Debug-iphoneos/Wishie.app/gRPC_grpcWrapper.bundle -scanforprivacyfile /Users/khanghnguyen/Library/Developer/Xcode/DerivedData/Wishie-gavmeupfwiyxzhaiqkwzocyeeixy/Build/Products/Debug-iphoneos/Wishie.app/gRPC_grpcppWrapper.bundle -scanforprivacyfile /Users/khanghnguyen/Library/Developer/Xcode/DerivedData/Wishie-gavmeupfwiyxzhaiqkwzocyeeixy/Build/Products/Debug-iphoneos/Wishie.app/gRPC_opensslWrapper.bundle -scanforprivacyfile /Users/khanghnguyen/Library/Developer/Xcode/DerivedData/Wishie-gavmeupfwiyxzhaiqkwzocyeeixy/Build/Products/Debug-iphoneos/Wishie.app/leveldb_leveldb.bundle -scanforprivacyfile /Users/khanghnguyen/Library/Developer/Xcode/DerivedData/Wishie-gavmeupfwiyxzhaiqkwzocyeeixy/Build/Products/Debug-iphoneos/Wishie.app/nanopb_nanopb.bundle -scanforprivacyfile /Users/khanghnguyen/Library/Developer/Xcode/DerivedData/Wishie-gavmeupfwiyxzhaiqkwzocyeeixy/Build/Products/Debug-iphoneos/Wishie.app/swift-crypto_Crypto.bundle -requiredArchitecture arm64 -o /Users/khanghnguyen/Library/Developer/Xcode/DerivedData/Wishie-gavmeupfwiyxzhaiqkwzocyeeixy/Build/Products/Debug-iphoneos/Wishie.app/Info.plist

CopySwiftLibs /Users/khanghnguyen/Library/Developer/Xcode/DerivedData/Wishie-gavmeupfwiyxzhaiqkwzocyeeixy/Build/Products/Debug-iphoneos/Wishie.app (in target 'Wishie' from project 'Wishie')
    cd /Users/khanghnguyen/Downloads/Wishie
    builtin-swiftStdLibTool --copy --verbose --sign 5415C92FF14013FBDA02E52191380843C0CB6BE3 --scan-executable /Users/khanghnguyen/Library/Developer/Xcode/DerivedData/Wishie-gavmeupfwiyxzhaiqkwzocyeeixy/Build/Products/Debug-iphoneos/Wishie.app/Wishie.debug.dylib --scan-folder /Users/khanghnguyen/Library/Developer/Xcode/DerivedData/Wishie-gavmeupfwiyxzhaiqkwzocyeeixy/Build/Products/Debug-iphoneos/Wishie.app/Frameworks --scan-folder /Users/khanghnguyen/Library/Developer/Xcode/DerivedData/Wishie-gavmeupfwiyxzhaiqkwzocyeeixy/Build/Products/Debug-iphoneos/Wishie.app/PlugIns --scan-folder /Users/khanghnguyen/Library/Developer/Xcode/DerivedData/Wishie-gavmeupfwiyxzhaiqkwzocyeeixy/Build/Products/Debug-iphoneos/Wishie.app/SystemExtensions --scan-folder /Users/khanghnguyen/Library/Developer/Xcode/DerivedData/Wishie-gavmeupfwiyxzhaiqkwzocyeeixy/Build/Products/Debug-iphoneos/Wishie.app/Extensions --platform iphoneos --toolchain /Applications/Xcode.app/Contents/Developer/Toolchains/XcodeDefault.xctoolchain --destination /Users/khanghnguyen/Library/Developer/Xcode/DerivedData/Wishie-gavmeupfwiyxzhaiqkwzocyeeixy/Build/Products/Debug-iphoneos/Wishie.app/Frameworks --strip-bitcode --strip-bitcode-tool /Applications/Xcode.app/Contents/Developer/Toolchains/XcodeDefault.xctoolchain/usr/bin/bitcode_strip --emit-dependency-info /Users/khanghnguyen/Library/Developer/Xcode/DerivedData/Wishie-gavmeupfwiyxzhaiqkwzocyeeixy/Build/Intermediates.noindex/Wishie.build/Debug-iphoneos/Wishie.build/SwiftStdLibToolInputDependencies.dep --filter-for-swift-os --back-deploy-swift-span

ExtractAppIntentsMetadata (in target 'Wishie' from project 'Wishie')
    cd /Users/khanghnguyen/Downloads/Wishie
    /Applications/Xcode.app/Contents/Developer/Toolchains/XcodeDefault.xctoolchain/usr/bin/appintentsmetadataprocessor --toolchain-dir /Applications/Xcode.app/Contents/Developer/Toolchains/XcodeDefault.xctoolchain --module-name Wishie --sdk-root /Applications/Xcode.app/Contents/Developer/Platforms/iPhoneOS.platform/Developer/SDKs/iPhoneOS26.2.sdk --xcode-version 17C529 --platform-family iOS --deployment-target 18.5 --bundle-identifier com.khangnguyen.Wishie --output /Users/khanghnguyen/Library/Developer/Xcode/DerivedData/Wishie-gavmeupfwiyxzhaiqkwzocyeeixy/Build/Products/Debug-iphoneos/Wishie.app --target-triple arm64-apple-ios18.5 --binary-file /Users/khanghnguyen/Library/Developer/Xcode/DerivedData/Wishie-gavmeupfwiyxzhaiqkwzocyeeixy/Build/Products/Debug-iphoneos/Wishie.app/Wishie --dependency-file /Users/khanghnguyen/Library/Developer/Xcode/DerivedData/Wishie-gavmeupfwiyxzhaiqkwzocyeeixy/Build/Intermediates.noindex/Wishie.build/Debug-iphoneos/Wishie.build/Objects-normal/arm64/Wishie_dependency_info.dat --stringsdata-file /Users/khanghnguyen/Library/Developer/Xcode/DerivedData/Wishie-gavmeupfwiyxzhaiqkwzocyeeixy/Build/Intermediates.noindex/Wishie.build/Debug-iphoneos/Wishie.build/Objects-normal/arm64/ExtractedAppShortcutsMetadata.stringsdata --source-file-list /Users/khanghnguyen/Library/Developer/Xcode/DerivedData/Wishie-gavmeupfwiyxzhaiqkwzocyeeixy/Build/Intermediates.noindex/Wishie.build/Debug-iphoneos/Wishie.build/Objects-normal/arm64/Wishie.SwiftFileList --metadata-file-list /Users/khanghnguyen/Library/Developer/Xcode/DerivedData/Wishie-gavmeupfwiyxzhaiqkwzocyeeixy/Build/Intermediates.noindex/Wishie.build/Debug-iphoneos/Wishie.build/Wishie.DependencyMetadataFileList --static-metadata-file-list /Users/khanghnguyen/Library/Developer/Xcode/DerivedData/Wishie-gavmeupfwiyxzhaiqkwzocyeeixy/Build/Intermediates.noindex/Wishie.build/Debug-iphoneos/Wishie.build/Wishie.DependencyStaticMetadataFileList --swift-const-vals-list /Users/khanghnguyen/Library/Developer/Xcode/DerivedData/Wishie-gavmeupfwiyxzhaiqkwzocyeeixy/Build/Intermediates.noindex/Wishie.build/Debug-iphoneos/Wishie.build/Objects-normal/arm64/Wishie.SwiftConstValuesFileList --compile-time-extraction --deployment-aware-processing --validate-assistant-intents --no-app-shortcuts-localization
2026-05-24 14:36:42.936 appintentsmetadataprocessor[45090:13986997] Starting appintentsmetadataprocessor export
2026-05-24 14:36:42.949 appintentsmetadataprocessor[45090:13986997] warning: Metadata extraction skipped. No AppIntents.framework dependency found.

AppIntentsSSUTraining (in target 'Wishie' from project 'Wishie')
    cd /Users/khanghnguyen/Downloads/Wishie
    /Applications/Xcode.app/Contents/Developer/Toolchains/XcodeDefault.xctoolchain/usr/bin/appintentsnltrainingprocessor --infoplist-path /Users/khanghnguyen/Library/Developer/Xcode/DerivedData/Wishie-gavmeupfwiyxzhaiqkwzocyeeixy/Build/Products/Debug-iphoneos/Wishie.app/Info.plist --temp-dir-path /Users/khanghnguyen/Library/Developer/Xcode/DerivedData/Wishie-gavmeupfwiyxzhaiqkwzocyeeixy/Build/Intermediates.noindex/Wishie.build/Debug-iphoneos/Wishie.build/ssu --bundle-id com.khangnguyen.Wishie --product-path /Users/khanghnguyen/Library/Developer/Xcode/DerivedData/Wishie-gavmeupfwiyxzhaiqkwzocyeeixy/Build/Products/Debug-iphoneos/Wishie.app --extracted-metadata-path /Users/khanghnguyen/Library/Developer/Xcode/DerivedData/Wishie-gavmeupfwiyxzhaiqkwzocyeeixy/Build/Products/Debug-iphoneos/Wishie.app/Metadata.appintents --metadata-file-list /Users/khanghnguyen/Library/Developer/Xcode/DerivedData/Wishie-gavmeupfwiyxzhaiqkwzocyeeixy/Build/Intermediates.noindex/Wishie.build/Debug-iphoneos/Wishie.build/Wishie.DependencyMetadataFileList --archive-ssu-assets
2026-05-24 14:36:42.985 appintentsnltrainingprocessor[45093:13987018] Parsing options for appintentsnltrainingprocessor
2026-05-24 14:36:42.986 appintentsnltrainingprocessor[45093:13987018] No AppShortcuts found - Skipping.

CodeSign /Users/khanghnguyen/Library/Developer/Xcode/DerivedData/Wishie-gavmeupfwiyxzhaiqkwzocyeeixy/Build/Products/Debug-iphoneos/Wishie.app/Wishie.debug.dylib (in target 'Wishie' from project 'Wishie')
    cd /Users/khanghnguyen/Downloads/Wishie
    
    Signing Identity:     "Apple Development: khanghnguyen@kms-technology.com (4H33D582FL)"
    Provisioning Profile: "iOS Team Provisioning Profile: com.khangnguyen.Wishie"
                          (9de21d7a-f28e-4319-9732-bb8b975132cf)
    
    /usr/bin/codesign --force --sign 5415C92FF14013FBDA02E52191380843C0CB6BE3 -o runtime --timestamp\=none --generate-entitlement-der /Users/khanghnguyen/Library/Developer/Xcode/DerivedData/Wishie-gavmeupfwiyxzhaiqkwzocyeeixy/Build/Products/Debug-iphoneos/Wishie.app/Wishie.debug.dylib

CodeSign /Users/khanghnguyen/Library/Developer/Xcode/DerivedData/Wishie-gavmeupfwiyxzhaiqkwzocyeeixy/Build/Products/Debug-iphoneos/Wishie.app/__preview.dylib (in target 'Wishie' from project 'Wishie')
    cd /Users/khanghnguyen/Downloads/Wishie
    
    Signing Identity:     "Apple Development: khanghnguyen@kms-technology.com (4H33D582FL)"
    Provisioning Profile: "iOS Team Provisioning Profile: com.khangnguyen.Wishie"
                          (9de21d7a-f28e-4319-9732-bb8b975132cf)
    
    /usr/bin/codesign --force --sign 5415C92FF14013FBDA02E52191380843C0CB6BE3 -o runtime --timestamp\=none --generate-entitlement-der /Users/khanghnguyen/Library/Developer/Xcode/DerivedData/Wishie-gavmeupfwiyxzhaiqkwzocyeeixy/Build/Products/Debug-iphoneos/Wishie.app/__preview.dylib

CodeSign /Users/khanghnguyen/Library/Developer/Xcode/DerivedData/Wishie-gavmeupfwiyxzhaiqkwzocyeeixy/Build/Products/Debug-iphoneos/Wishie.app (in target 'Wishie' from project 'Wishie')
    cd /Users/khanghnguyen/Downloads/Wishie
    
    Signing Identity:     "Apple Development: khanghnguyen@kms-technology.com (4H33D582FL)"
    Provisioning Profile: "iOS Team Provisioning Profile: com.khangnguyen.Wishie"
                          (9de21d7a-f28e-4319-9732-bb8b975132cf)
    
    /usr/bin/codesign --force --sign 5415C92FF14013FBDA02E52191380843C0CB6BE3 -o runtime --entitlements /Users/khanghnguyen/Library/Developer/Xcode/DerivedData/Wishie-gavmeupfwiyxzhaiqkwzocyeeixy/Build/Intermediates.noindex/Wishie.build/Debug-iphoneos/Wishie.build/Wishie.app.xcent --timestamp\=none --generate-entitlement-der /Users/khanghnguyen/Library/Developer/Xcode/DerivedData/Wishie-gavmeupfwiyxzhaiqkwzocyeeixy/Build/Products/Debug-iphoneos/Wishie.app

RegisterExecutionPolicyException /Users/khanghnguyen/Library/Developer/Xcode/DerivedData/Wishie-gavmeupfwiyxzhaiqkwzocyeeixy/Build/Products/Debug-iphoneos/Wishie.app (in target 'Wishie' from project 'Wishie')
    cd /Users/khanghnguyen/Downloads/Wishie
    builtin-RegisterExecutionPolicyException /Users/khanghnguyen/Library/Developer/Xcode/DerivedData/Wishie-gavmeupfwiyxzhaiqkwzocyeeixy/Build/Products/Debug-iphoneos/Wishie.app

Validate /Users/khanghnguyen/Library/Developer/Xcode/DerivedData/Wishie-gavmeupfwiyxzhaiqkwzocyeeixy/Build/Products/Debug-iphoneos/Wishie.app (in target 'Wishie' from project 'Wishie')
    cd /Users/khanghnguyen/Downloads/Wishie
    builtin-validationUtility /Users/khanghnguyen/Library/Developer/Xcode/DerivedData/Wishie-gavmeupfwiyxzhaiqkwzocyeeixy/Build/Products/Debug-iphoneos/Wishie.app -shallow-bundle -infoplist-subpath Info.plist

Touch /Users/khanghnguyen/Library/Developer/Xcode/DerivedData/Wishie-gavmeupfwiyxzhaiqkwzocyeeixy/Build/Products/Debug-iphoneos/Wishie.app (in target 'Wishie' from project 'Wishie')
    cd /Users/khanghnguyen/Downloads/Wishie
    /usr/bin/touch -c /Users/khanghnguyen/Library/Developer/Xcode/DerivedData/Wishie-gavmeupfwiyxzhaiqkwzocyeeixy/Build/Products/Debug-iphoneos/Wishie.app

** BUILD SUCCEEDED **

